OpenJDK 64-Bit Server VM (25.131-b11) for linux-amd64 JRE (1.8.0_131-8u131-b11-2ubuntu1.16.04.3-b11), built on Jul 28 2017 01:23:32 by "buildd" with gcc 5.4.0 20160609
Memory: 4k page, physical 8086772k(337788k free), swap 8300540k(6263004k free)
CommandLine flags: -XX:InitialHeapSize=157286400 -XX:MaxHeapSize=157286400 -XX:+PrintGC -XX:+PrintGCTimeStamps -XX:+UseCompressedClassPointers -XX:+UseCompressedOops -XX:+UseParallelGC 
0,116: [GC (Allocation Failure)  38912K->6744K(147456K), 0,0265292 secs]
0,186: [GC (Allocation Failure)  45656K->4360K(147456K), 0,0236686 secs]
0,253: [GC (Allocation Failure)  43272K->1400K(147456K), 0,0005660 secs]
0,286: [GC (Allocation Failure)  40312K->9320K(147456K), 0,0211816 secs]
0,350: [GC (Allocation Failure)  48232K->8728K(146944K), 0,0027023 secs]
0,395: [GC (Allocation Failure)  47640K->5816K(139776K), 0,0022065 secs]
0,430: [GC (Allocation Failure)  36535K->5176K(143360K), 0,0014127 secs]
0,463: [GC (Allocation Failure)  35896K->4536K(143360K), 0,0039084 secs]
0,500: [GC (Allocation Failure)  35256K->3832K(143360K), 0,0017581 secs]
0,522: [GC (Allocation Failure)  34552K->13784K(139264K), 0,0030866 secs]
0,558: [GC (Allocation Failure)  40408K->9048K(141312K), 0,0064140 secs]
0,599: [GC (Allocation Failure)  35672K->4248K(141824K), 0,0022791 secs]
0,626: [GC (Allocation Failure)  31896K->11096K(137728K), 0,0045753 secs]
0,665: [GC (Allocation Failure)  38744K->7320K(141824K), 0,0035802 secs]
0,692: [GC (Allocation Failure)  34456K->13624K(139776K), 0,0051409 secs]
0,729: [GC (Allocation Failure)  40760K->9336K(140800K), 0,0029457 secs]
0,755: [GC (Allocation Failure)  34936K->14104K(138752K), 0,0049987 secs]
0,792: [GC (Allocation Failure)  39704K->8280K(140288K), 0,0033638 secs]
0,819: [GC (Allocation Failure)  32344K->11512K(139776K), 0,0034185 secs]
0,855: [GC (Allocation Failure)  35576K->4088K(140288K), 0,0006536 secs]
0,878: [GC (Allocation Failure)  28664K->7832K(140288K), 0,0022802 secs]
0,904: [GC (Allocation Failure)  32408K->11576K(139776K), 0,0058158 secs]
0,942: [GC (Allocation Failure)  36152K->4664K(140288K), 0,0037946 secs]
0,968: [GC (Allocation Failure)  29240K->8408K(141312K), 0,0011803 secs]
0,992: [GC (Allocation Failure)  34008K->13176K(140288K), 0,0053111 secs]
1,030: [GC (Allocation Failure)  38776K->7320K(140800K), 0,0016206 secs]
1,055: [GC (Allocation Failure)  32408K->11576K(140288K), 0,0016553 secs]
1,089: [GC (Allocation Failure)  36664K->5240K(140288K), 0,0008069 secs]
1,112: [GC (Allocation Failure)  29816K->8952K(140288K), 0,0013950 secs]
1,137: [GC (Allocation Failure)  33528K->12664K(139264K), 0,0031107 secs]
1,172: [GC (Allocation Failure)  37240K->5816K(140288K), 0,0008328 secs]
1,195: [GC (Allocation Failure)  30392K->9528K(140800K), 0,0029977 secs]
1,235: [GC (Allocation Failure)  35128K->3672K(140800K), 0,0053266 secs]
1,268: [GC (Allocation Failure)  29272K->8472K(141824K), 0,0028031 secs]
1,309: [GC (Allocation Failure)  35096K->3608K(140800K), 0,0053296 secs]
1,342: [GC (Allocation Failure)  30232K->9432K(141824K), 0,0031884 secs]
1,383: [GC (Allocation Failure)  36568K->5144K(141312K), 0,0027182 secs]
1,414: [GC (Allocation Failure)  32280K->11480K(140800K), 0,0040629 secs]
1,457: [GC (Allocation Failure)  38104K->6680K(141312K), 0,0022300 secs]
1,485: [GC (Allocation Failure)  33304K->12472K(139776K), 0,0038575 secs]
1,522: [GC (Allocation Failure)  38072K->6616K(140800K), 0,0042105 secs]
1,548: [GC (Allocation Failure)  32216K->11448K(140288K), 0,0013673 secs]
1,586: [GC (Allocation Failure)  37048K->5560K(140800K), 0,0018482 secs]
1,616: [GC (Allocation Failure)  31160K->10360K(140800K), 0,0034300 secs]
1,657: [GC (Allocation Failure)  35960K->4504K(140800K), 0,0018086 secs]
1,686: [GC (Allocation Failure)  30104K->9272K(141312K), 0,0027591 secs]
1,724: [GC (Allocation Failure)  35896K->4440K(141312K), 0,0009253 secs]
1,750: [GC (Allocation Failure)  31064K->10264K(141312K), 0,0040549 secs]
1,787: [GC (Allocation Failure)  36888K->5432K(141312K), 0,0024001 secs]
1,813: [GC (Allocation Failure)  32056K->11256K(140800K), 0,0015412 secs]
1,850: [GC (Allocation Failure)  37880K->6456K(141312K), 0,0064386 secs]
1,884: [GC (Allocation Failure)  33080K->12248K(139776K), 0,0039430 secs]
1,923: [GC (Allocation Failure)  37848K->6392K(140800K), 0,0069656 secs]
1,953: [GC (Allocation Failure)  31992K->11192K(140288K), 0,0015924 secs]
1,991: [GC (Allocation Failure)  36792K->5368K(140800K), 0,0018795 secs]
2,020: [GC (Allocation Failure)  30968K->10104K(141312K), 0,0020273 secs]
2,056: [GC (Allocation Failure)  36216K->4760K(140800K), 0,0009598 secs]
2,082: [GC (Allocation Failure)  30872K->10040K(141312K), 0,0033942 secs]
2,119: [GC (Allocation Failure)  36664K->5208K(141312K), 0,0027502 secs]
2,147: [GC (Allocation Failure)  31832K->11064K(141312K), 0,0023681 secs]
2,184: [GC (Allocation Failure)  37688K->6232K(141312K), 0,0034213 secs]
2,212: [GC (Allocation Failure)  32856K->12024K(140288K), 0,0045790 secs]
2,250: [GC (Allocation Failure)  37624K->6200K(140800K), 0,0033239 secs]
2,277: [GC (Allocation Failure)  31800K->11000K(140288K), 0,0054743 secs]
2,316: [GC (Allocation Failure)  36600K->5112K(140800K), 0,0010257 secs]
2,342: [GC (Allocation Failure)  30712K->9880K(141312K), 0,0018560 secs]
2,378: [GC (Allocation Failure)  35992K->4600K(140800K), 0,0009169 secs]
2,403: [GC (Allocation Failure)  30712K->9816K(141312K), 0,0059648 secs]
2,442: [GC (Allocation Failure)  36440K->5016K(141312K), 0,0031673 secs]
2,469: [GC (Allocation Failure)  31640K->10840K(141312K), 0,0020236 secs]
2,504: [GC (Allocation Failure)  37464K->6040K(141312K), 0,0011638 secs]
2,529: [GC (Allocation Failure)  32664K->11864K(139776K), 0,0025049 secs]
2,564: [GC (Allocation Failure)  37464K->6008K(140800K), 0,0020156 secs]
2,594: [GC (Allocation Failure)  31608K->10808K(140288K), 0,0033228 secs]
2,632: [GC (Allocation Failure)  36408K->4920K(140800K), 0,0039150 secs]
2,659: [GC (Allocation Failure)  30520K->9656K(141312K), 0,0030434 secs]
2,695: [GC (Allocation Failure)  36280K->4888K(141312K), 0,0017390 secs]
2,719: [GC (Allocation Failure)  31512K->10680K(141312K), 0,0013565 secs]
2,753: [GC (Allocation Failure)  37304K->5880K(141312K), 0,0007249 secs]
2,776: [GC (Allocation Failure)  32504K->11704K(139776K), 0,0014636 secs]
2,810: [GC (Allocation Failure)  37304K->5816K(140800K), 0,0021261 secs]
2,834: [GC (Allocation Failure)  31416K->10584K(141312K), 0,0024522 secs]
2,869: [GC (Allocation Failure)  37208K->5848K(141312K), 0,0008196 secs]
2,893: [GC (Allocation Failure)  32472K->11608K(140288K), 0,0015898 secs]
2,927: [GC (Allocation Failure)  37208K->5784K(140800K), 0,0007271 secs]
2,950: [GC (Allocation Failure)  31384K->10552K(140288K), 0,0014723 secs]
2,985: [GC (Allocation Failure)  36152K->4696K(140800K), 0,0007841 secs]
3,008: [GC (Allocation Failure)  30296K->9464K(141312K), 0,0030993 secs]
3,044: [GC (Allocation Failure)  36088K->4632K(141312K), 0,0020638 secs]
3,068: [GC (Allocation Failure)  31256K->10424K(141312K), 0,0025984 secs]
3,104: [GC (Allocation Failure)  37048K->5624K(141312K), 0,0008227 secs]
3,127: [GC (Allocation Failure)  32248K->11512K(139776K), 0,0046217 secs]
3,165: [GC (Allocation Failure)  37112K->5592K(140800K), 0,0021515 secs]
3,189: [GC (Allocation Failure)  31192K->10392K(141312K), 0,0013882 secs]
3,224: [GC (Allocation Failure)  37016K->5560K(141312K), 0,0024208 secs]
3,249: [GC (Allocation Failure)  32184K->11384K(140288K), 0,0027942 secs]
3,285: [GC (Allocation Failure)  36984K->5528K(140800K), 0,0007515 secs]
3,308: [GC (Allocation Failure)  31128K->10296K(141312K), 0,0015004 secs]
3,343: [GC (Allocation Failure)  36920K->5496K(141312K), 0,0007117 secs]
3,367: [GC (Allocation Failure)  32120K->11288K(140288K), 0,0015716 secs]
3,401: [GC (Allocation Failure)  36888K->5432K(140800K), 0,0022176 secs]
3,425: [GC (Allocation Failure)  31032K->10200K(141312K), 0,0030214 secs]
3,461: [GC (Allocation Failure)  36824K->5400K(141312K), 0,0021548 secs]
3,485: [GC (Allocation Failure)  32024K->11192K(140288K), 0,0017607 secs]
3,520: [GC (Allocation Failure)  36792K->5368K(140800K), 0,0035696 secs]
3,546: [GC (Allocation Failure)  30968K->10136K(141312K), 0,0013725 secs]
3,584: [GC (Allocation Failure)  36760K->5336K(141312K), 0,0019864 secs]
3,614: [GC (Allocation Failure)  31960K->11160K(140288K), 0,0036610 secs]
3,655: [GC (Allocation Failure)  36760K->5304K(140800K), 0,0031894 secs]
3,686: [GC (Allocation Failure)  30904K->10040K(141312K), 0,0031816 secs]
3,722: [GC (Allocation Failure)  36664K->5240K(141312K), 0,0032675 secs]
3,750: [GC (Allocation Failure)  31864K->11032K(141312K), 0,0041971 secs]
3,787: [GC (Allocation Failure)  37656K->6232K(141312K), 0,0008784 secs]
3,811: [GC (Allocation Failure)  32856K->12056K(140288K), 0,0020168 secs]
3,845: [GC (Allocation Failure)  37656K->6200K(140800K), 0,0042478 secs]
3,872: [GC (Allocation Failure)  31800K->10968K(140288K), 0,0016398 secs]
3,906: [GC (Allocation Failure)  36568K->5080K(140800K), 0,0022655 secs]
3,931: [GC (Allocation Failure)  30680K->9912K(141312K), 0,0015730 secs]
3,966: [GC (Allocation Failure)  36536K->5080K(141312K), 0,0007133 secs]
3,990: [GC (Allocation Failure)  31704K->10872K(141312K), 0,0027455 secs]
4,025: [GC (Allocation Failure)  37496K->6072K(141312K), 0,0024149 secs]
4,051: [GC (Allocation Failure)  32696K->11864K(140288K), 0,0043708 secs]
4,088: [GC (Allocation Failure)  37464K->6040K(140800K), 0,0023721 secs]
4,114: [GC (Allocation Failure)  31640K->10808K(140288K), 0,0015128 secs]
4,148: [GC (Allocation Failure)  36408K->4984K(140800K), 0,0007212 secs]
4,171: [GC (Allocation Failure)  30584K->9752K(141312K), 0,0014412 secs]
4,206: [GC (Allocation Failure)  36376K->4888K(141312K), 0,0041916 secs]
4,234: [GC (Allocation Failure)  31512K->10744K(141312K), 0,0026988 secs]
4,273: [GC (Allocation Failure)  37368K->5912K(141312K), 0,0020320 secs]
4,303: [GC (Allocation Failure)  32536K->11736K(140288K), 0,0038606 secs]
4,344: [GC (Allocation Failure)  37336K->5912K(140800K), 0,0012267 secs]
4,370: [GC (Allocation Failure)  31512K->10648K(140288K), 0,0041528 secs]
4,407: [GC (Allocation Failure)  36248K->4792K(140800K), 0,0017902 secs]
4,434: [GC (Allocation Failure)  30392K->9592K(141312K), 0,0057941 secs]
4,473: [GC (Allocation Failure)  36216K->4728K(141312K), 0,0018233 secs]
4,498: [GC (Allocation Failure)  31352K->10552K(141312K), 0,0032039 secs]
4,533: [GC (Allocation Failure)  37176K->5752K(141312K), 0,0018620 secs]
4,559: [GC (Allocation Failure)  32376K->11576K(139776K), 0,0077867 secs]
4,601: [GC (Allocation Failure)  37176K->5752K(140800K), 0,0011184 secs]
4,626: [GC (Allocation Failure)  31352K->10488K(141312K), 0,0044082 secs]
4,665: [GC (Allocation Failure)  37112K->5688K(141312K), 0,0011701 secs]
4,690: [GC (Allocation Failure)  32312K->11480K(140288K), 0,0029988 secs]
4,727: [GC (Allocation Failure)  37080K->5656K(140800K), 0,0034614 secs]
4,755: [GC (Allocation Failure)  31256K->10392K(141312K), 0,0020501 secs]
4,792: [GC (Allocation Failure)  37016K->5624K(141312K), 0,0034176 secs]
4,820: [GC (Allocation Failure)  32248K->11416K(140288K), 0,0021779 secs]
4,856: [GC (Allocation Failure)  37016K->5560K(140800K), 0,0032817 secs]
4,883: [GC (Allocation Failure)  31160K->10360K(141312K), 0,0021018 secs]
4,919: [GC (Allocation Failure)  36984K->5496K(141312K), 0,0062461 secs]
4,949: [GC (Allocation Failure)  32120K->11320K(140288K), 0,0046116 secs]
4,986: [GC (Allocation Failure)  36920K->5464K(140800K), 0,0018618 secs]
5,010: [GC (Allocation Failure)  31064K->10264K(141312K), 0,0069138 secs]
5,050: [GC (Allocation Failure)  36888K->5432K(141312K), 0,0007051 secs]
5,073: [GC (Allocation Failure)  32056K->11256K(140288K), 0,0025750 secs]
5,109: [GC (Allocation Failure)  36856K->5400K(140800K), 0,0054900 secs]
5,136: [GC (Allocation Failure)  31000K->10200K(141312K), 0,0012881 secs]
5,170: [GC (Allocation Failure)  36824K->5336K(141312K), 0,0028940 secs]
5,195: [GC (Allocation Failure)  31960K->11160K(140288K), 0,0014276 secs]
5,229: [GC (Allocation Failure)  36760K->5336K(140800K), 0,0006496 secs]
5,251: [GC (Allocation Failure)  30936K->10104K(141312K), 0,0023985 secs]
5,286: [GC (Allocation Failure)  36728K->5240K(141312K), 0,0029565 secs]
5,311: [GC (Allocation Failure)  31864K->11096K(140288K), 0,0025984 secs]
5,347: [GC (Allocation Failure)  36696K->5272K(140800K), 0,0016914 secs]
5,371: [GC (Allocation Failure)  30872K->10008K(141312K), 0,0014256 secs]
5,405: [GC (Allocation Failure)  36632K->5176K(141312K), 0,0019282 secs]
5,431: [GC (Allocation Failure)  31800K->11000K(141312K), 0,0014884 secs]
5,465: [GC (Allocation Failure)  37624K->6200K(141312K), 0,0007797 secs]
5,488: [GC (Allocation Failure)  32824K->11992K(140288K), 0,0015436 secs]
5,522: [GC (Allocation Failure)  37592K->6136K(140800K), 0,0019026 secs]
5,546: [GC (Allocation Failure)  31736K->10904K(140288K), 0,0013532 secs]
5,584: [GC (Allocation Failure)  36504K->5080K(140800K), 0,0057744 secs]
5,618: [GC (Allocation Failure)  30680K->9848K(141312K), 0,0035269 secs]
5,659: [GC (Allocation Failure)  36472K->5016K(141312K), 0,0074403 secs]
5,691: [GC (Allocation Failure)  31640K->10840K(141312K), 0,0027533 secs]
5,726: [GC (Allocation Failure)  37464K->6072K(141312K), 0,0063193 secs]
5,754: [GC (Allocation Failure)  32696K->11832K(140288K), 0,0014129 secs]
5,788: [GC (Allocation Failure)  37432K->5976K(140800K), 0,0020443 secs]
5,812: [GC (Allocation Failure)  31576K->10776K(140288K), 0,0025198 secs]
5,848: [GC (Allocation Failure)  36376K->4920K(140800K), 0,0017554 secs]
5,872: [GC (Allocation Failure)  30520K->9688K(141312K), 0,0023942 secs]
5,907: [GC (Allocation Failure)  36312K->4856K(141312K), 0,0040901 secs]
5,933: [GC (Allocation Failure)  31480K->10712K(141312K), 0,0013150 secs]
5,967: [GC (Allocation Failure)  37336K->5912K(141312K), 0,0007441 secs]
5,990: [GC (Allocation Failure)  32536K->11704K(140288K), 0,0015087 secs]
6,029: [GC (Allocation Failure)  37304K->5848K(140800K), 0,0019633 secs]
6,058: [GC (Allocation Failure)  31448K->10648K(140288K), 0,0035109 secs]
6,099: [GC (Allocation Failure)  36248K->4760K(140800K), 0,0025366 secs]
6,124: [GC (Allocation Failure)  30360K->9528K(141312K), 0,0019386 secs]
6,159: [GC (Allocation Failure)  36152K->4760K(141312K), 0,0037166 secs]
6,185: [GC (Allocation Failure)  31384K->10520K(141312K), 0,0024951 secs]
6,220: [GC (Allocation Failure)  37144K->5752K(141312K), 0,0019721 secs]
6,244: [GC (Allocation Failure)  32376K->11544K(139776K), 0,0025086 secs]
6,279: [GC (Allocation Failure)  37144K->5720K(140800K), 0,0006837 secs]
6,302: [GC (Allocation Failure)  31320K->10456K(141312K), 0,0027935 secs]
6,338: [GC (Allocation Failure)  37080K->5624K(141312K), 0,0020689 secs]
6,362: [GC (Allocation Failure)  32248K->11448K(140288K), 0,0026699 secs]
6,398: [GC (Allocation Failure)  37048K->5592K(140800K), 0,0042226 secs]
6,424: [GC (Allocation Failure)  31192K->10328K(141312K), 0,0030527 secs]
6,464: [GC (Allocation Failure)  36952K->5560K(141312K), 0,0034704 secs]
6,491: [GC (Allocation Failure)  32184K->11352K(140288K), 0,0016429 secs]
6,525: [GC (Allocation Failure)  36952K->5496K(140800K), 0,0022414 secs]
6,549: [GC (Allocation Failure)  31096K->10296K(141312K), 0,0055652 secs]
6,588: [GC (Allocation Failure)  36920K->5496K(141312K), 0,0019172 secs]
6,613: [GC (Allocation Failure)  32120K->11288K(140288K), 0,0060413 secs]
6,651: [GC (Allocation Failure)  36888K->5432K(140800K), 0,0005047 secs]
6,673: [GC (Allocation Failure)  31032K->10200K(141312K), 0,0011904 secs]
6,707: [GC (Allocation Failure)  36824K->5400K(141312K), 0,0014292 secs]
6,730: [GC (Allocation Failure)  32024K->11192K(140288K), 0,0048700 secs]
6,767: [GC (Allocation Failure)  36792K->5368K(140800K), 0,0006600 secs]
6,789: [GC (Allocation Failure)  30968K->10104K(141312K), 0,0036630 secs]
6,825: [GC (Allocation Failure)  36728K->5336K(141312K), 0,0005203 secs]
6,847: [GC (Allocation Failure)  31960K->11096K(141312K), 0,0013876 secs]
6,881: [GC (Allocation Failure)  37720K->6360K(141312K), 0,0008521 secs]
6,905: [GC (Allocation Failure)  32984K->12152K(140288K), 0,0045766 secs]
6,942: [GC (Allocation Failure)  37752K->6264K(140800K), 0,0020466 secs]
6,966: [GC (Allocation Failure)  31864K->11032K(140288K), 0,0014823 secs]
7,001: [GC (Allocation Failure)  36632K->5208K(140800K), 0,0006257 secs]
7,024: [GC (Allocation Failure)  30808K->9976K(141312K), 0,0013274 secs]
7,058: [GC (Allocation Failure)  36088K->4664K(140800K), 0,0006447 secs]
7,081: [GC (Allocation Failure)  30776K->9944K(141312K), 0,0021556 secs]
7,116: [GC (Allocation Failure)  36568K->5112K(141312K), 0,0025488 secs]
7,142: [GC (Allocation Failure)  31736K->10904K(141312K), 0,0079897 secs]
7,182: [GC (Allocation Failure)  37528K->6104K(141312K), 0,0020352 secs]
7,207: [GC (Allocation Failure)  32728K->11928K(140288K), 0,0023896 secs]
7,242: [GC (Allocation Failure)  37528K->6072K(140800K), 0,0032459 secs]
7,268: [GC (Allocation Failure)  31672K->10840K(140288K), 0,0017732 secs]
7,302: [GC (Allocation Failure)  36440K->4984K(140800K), 0,0035939 secs]
7,328: [GC (Allocation Failure)  30584K->9752K(141312K), 0,0048249 secs]
7,366: [GC (Allocation Failure)  36376K->4952K(141312K), 0,0019091 secs]
7,390: [GC (Allocation Failure)  31576K->10776K(141312K), 0,0014634 secs]
7,425: [GC (Allocation Failure)  37400K->5944K(141312K), 0,0007621 secs]
7,448: [GC (Allocation Failure)  32568K->11736K(140288K), 0,0025296 secs]
7,484: [GC (Allocation Failure)  37336K->5944K(140800K), 0,0009149 secs]
7,507: [GC (Allocation Failure)  31544K->10712K(140288K), 0,0014105 secs]
7,542: [GC (Allocation Failure)  36312K->4856K(140800K), 0,0031047 secs]
7,569: [GC (Allocation Failure)  30456K->9624K(141312K), 0,0030646 secs]
7,609: [GC (Allocation Failure)  36248K->4824K(141312K), 0,0019125 secs]
7,639: [GC (Allocation Failure)  31448K->10584K(141312K), 0,0033693 secs]
7,680: [GC (Allocation Failure)  37208K->5816K(141312K), 0,0019627 secs]
7,710: [GC (Allocation Failure)  32440K->11608K(139776K), 0,0040451 secs]
7,748: [GC (Allocation Failure)  37208K->5784K(140800K), 0,0011681 secs]
7,777: [GC (Allocation Failure)  31384K->10520K(141312K), 0,0033728 secs]
7,818: [GC (Allocation Failure)  37144K->5688K(141312K), 0,0056528 secs]
7,846: [GC (Allocation Failure)  32312K->11512K(140288K), 0,0022954 secs]
7,881: [GC (Allocation Failure)  37112K->5656K(140800K), 0,0006522 secs]
7,905: [GC (Allocation Failure)  31256K->10424K(141312K), 0,0056794 secs]
7,945: [GC (Allocation Failure)  37048K->5656K(141312K), 0,0013028 secs]
7,969: [GC (Allocation Failure)  32280K->11448K(140288K), 0,0016288 secs]
8,008: [GC (Allocation Failure)  37048K->5592K(140800K), 0,0034986 secs]
8,036: [GC (Allocation Failure)  31192K->10360K(141312K), 0,0020886 secs]
8,071: [GC (Allocation Failure)  36984K->5592K(141312K), 0,0005663 secs]
8,094: [GC (Allocation Failure)  32216K->11352K(140288K), 0,0039994 secs]
8,132: [GC (Allocation Failure)  36952K->5496K(140800K), 0,0023048 secs]
8,159: [GC (Allocation Failure)  31096K->10296K(141312K), 0,0017207 secs]
8,196: [GC (Allocation Failure)  36920K->5464K(141312K), 0,0046152 secs]
8,224: [GC (Allocation Failure)  32088K->11320K(140288K), 0,0013386 secs]
8,260: [GC (Allocation Failure)  36920K->5464K(140800K), 0,0019361 secs]
8,289: [GC (Allocation Failure)  31064K->10200K(141312K), 0,0032271 secs]
8,325: [GC (Allocation Failure)  36824K->5400K(141312K), 0,0041892 secs]
8,351: [GC (Allocation Failure)  32024K->11224K(140288K), 0,0014771 secs]
8,386: [GC (Allocation Failure)  36824K->5368K(140800K), 0,0006498 secs]
8,409: [GC (Allocation Failure)  30968K->10136K(141312K), 0,0017412 secs]
8,444: [GC (Allocation Failure)  36760K->5304K(141312K), 0,0018822 secs]
8,474: [GC (Allocation Failure)  31928K->11128K(140288K), 0,0046250 secs]
8,514: [GC (Allocation Failure)  36728K->5240K(140800K), 0,0024778 secs]
8,539: [GC (Allocation Failure)  30840K->10072K(141312K), 0,0016474 secs]
8,575: [GC (Allocation Failure)  36696K->5208K(141312K), 0,0023373 secs]
8,600: [GC (Allocation Failure)  31832K->11032K(141312K), 0,0012924 secs]
8,636: [GC (Allocation Failure)  37656K->6232K(141312K), 0,0023693 secs]
8,662: [GC (Allocation Failure)  32856K->12056K(140288K), 0,0031520 secs]
8,700: [GC (Allocation Failure)  37656K->6168K(140800K), 0,0025784 secs]
8,731: [GC (Allocation Failure)  31768K->10968K(140288K), 0,0050931 secs]
8,769: [GC (Allocation Failure)  36568K->5112K(140800K), 0,0025006 secs]
8,798: [GC (Allocation Failure)  30712K->9848K(141312K), 0,0043835 secs]
8,839: [GC (Allocation Failure)  35960K->4568K(140800K), 0,0009051 secs]
8,865: [GC (Allocation Failure)  30680K->9816K(141312K), 0,0040689 secs]
8,902: [GC (Allocation Failure)  36440K->5048K(141312K), 0,0018595 secs]
8,928: [GC (Allocation Failure)  31672K->10840K(140800K), 0,0047603 secs]
8,964: [GC (Allocation Failure)  37464K->6008K(141312K), 0,0016878 secs]
8,991: [GC (Allocation Failure)  32632K->11832K(139776K), 0,0044201 secs]
9,029: [GC (Allocation Failure)  37432K->5976K(140800K), 0,0014324 secs]
9,056: [GC (Allocation Failure)  31576K->10744K(140288K), 0,0054371 secs]
9,094: [GC (Allocation Failure)  36344K->4888K(140800K), 0,0017433 secs]
9,118: [GC (Allocation Failure)  30488K->9688K(141312K), 0,0011782 secs]
9,152: [GC (Allocation Failure)  36312K->4888K(141312K), 0,0006902 secs]
9,175: [GC (Allocation Failure)  31512K->10680K(141312K), 0,0013047 secs]
9,213: [GC (Allocation Failure)  37304K->5880K(141312K), 0,0096922 secs]
9,249: [GC (Allocation Failure)  32504K->11704K(139776K), 0,0015352 secs]
9,282: [GC (Allocation Failure)  37304K->5816K(140800K), 0,0006071 secs]
9,305: [GC (Allocation Failure)  31416K->10584K(141312K), 0,0043655 secs]
9,342: [GC (Allocation Failure)  37208K->5784K(141312K), 0,0005060 secs]
9,365: [GC (Allocation Failure)  32408K->11608K(140288K), 0,0077747 secs]
9,404: [GC (Allocation Failure)  37208K->5720K(140800K), 0,0047850 secs]
9,433: [GC (Allocation Failure)  31320K->10488K(140288K), 0,0014011 secs]
9,467: [GC (Allocation Failure)  36088K->4664K(140800K), 0,0018164 secs]
9,491: [GC (Allocation Failure)  30264K->9432K(141312K), 0,0017251 secs]
9,526: [GC (Allocation Failure)  36056K->4632K(141312K), 0,0031982 secs]
9,551: [GC (Allocation Failure)  31256K->10424K(141312K), 0,0013089 secs]
9,585: [GC (Allocation Failure)  37048K->5624K(141312K), 0,0007259 secs]
9,608: [GC (Allocation Failure)  32248K->11448K(139776K), 0,0014182 secs]
9,642: [GC (Allocation Failure)  37048K->5592K(140800K), 0,0020470 secs]
9,666: [GC (Allocation Failure)  31192K->10360K(141312K), 0,0039227 secs]
9,703: [GC (Allocation Failure)  36984K->5528K(141312K), 0,0016155 secs]
9,727: [GC (Allocation Failure)  32152K->11352K(140288K), 0,0061394 secs]
9,766: [GC (Allocation Failure)  36952K->5496K(140800K), 0,0064510 secs]
9,799: [GC (Allocation Failure)  31096K->10296K(141312K), 0,0054622 secs]
9,838: [GC (Allocation Failure)  36920K->5464K(141312K), 0,0056775 secs]
9,870: [GC (Allocation Failure)  32088K->11256K(140288K), 0,0052529 secs]
9,910: [GC (Allocation Failure)  36856K->5432K(140800K), 0,0011578 secs]
9,936: [GC (Allocation Failure)  31032K->10200K(141312K), 0,0022566 secs]
9,973: [GC (Allocation Failure)  36824K->5400K(141312K), 0,0005556 secs]
9,994: [GC (Allocation Failure)  32024K->11192K(140288K), 0,0012450 secs]
10,029: [GC (Allocation Failure)  36792K->5336K(140800K), 0,0044345 secs]
10,062: [GC (Allocation Failure)  30936K->10104K(141312K), 0,0036421 secs]
10,103: [GC (Allocation Failure)  36728K->5304K(141312K), 0,0016723 secs]
10,128: [GC (Allocation Failure)  31928K->11096K(141312K), 0,0016224 secs]
10,164: [GC (Allocation Failure)  37720K->6264K(141312K), 0,0023106 secs]
10,189: [GC (Allocation Failure)  32888K->12120K(140288K), 0,0017877 secs]
10,223: [GC (Allocation Failure)  37720K->6232K(140800K), 0,0010972 secs]
10,249: [GC (Allocation Failure)  31832K->11032K(140288K), 0,0020711 secs]
10,284: [GC (Allocation Failure)  36632K->5176K(140800K), 0,0050518 secs]
10,312: [GC (Allocation Failure)  30776K->9976K(141312K), 0,0019676 secs]
10,348: [GC (Allocation Failure)  36088K->4632K(140800K), 0,0009154 secs]
10,374: [GC (Allocation Failure)  30744K->9912K(141312K), 0,0013945 secs]
10,409: [GC (Allocation Failure)  36536K->5080K(141312K), 0,0018311 secs]
10,435: [GC (Allocation Failure)  31704K->10904K(141312K), 0,0054356 secs]
10,472: [GC (Allocation Failure)  37528K->6104K(141312K), 0,0016683 secs]
10,495: [GC (Allocation Failure)  32728K->11928K(140288K), 0,0023927 secs]
10,530: [GC (Allocation Failure)  37528K->6040K(140800K), 0,0031189 secs]
10,555: [GC (Allocation Failure)  31640K->10840K(140288K), 0,0022844 secs]
10,590: [GC (Allocation Failure)  36440K->5016K(140800K), 0,0007057 secs]
10,612: [GC (Allocation Failure)  30616K->9752K(141312K), 0,0035032 secs]
10,650: [GC (Allocation Failure)  36376K->4952K(141312K), 0,0037992 secs]
10,678: [GC (Allocation Failure)  31576K->10712K(141312K), 0,0032690 secs]
10,714: [GC (Allocation Failure)  37336K->5944K(141312K), 0,0021322 secs]
10,740: [GC (Allocation Failure)  32568K->11736K(140288K), 0,0069831 secs]
10,781: [GC (Allocation Failure)  37336K->5912K(140800K), 0,0007670 secs]
10,802: [GC (Allocation Failure)  31512K->10648K(140288K), 0,0024741 secs]
10,835: [GC (Allocation Failure)  36248K->4824K(140800K), 0,0010721 secs]
10,857: [GC (Allocation Failure)  30424K->9592K(141312K), 0,0017533 secs]
10,890: [GC (Allocation Failure)  36216K->4760K(141312K), 0,0018262 secs]
10,913: [GC (Allocation Failure)  31384K->10552K(141312K), 0,0045512 secs]
10,955: [GC (Allocation Failure)  37176K->5752K(141312K), 0,0022054 secs]
10,992: [GC (Allocation Failure)  32376K->11576K(139776K), 0,0021080 secs]
11,026: [GC (Allocation Failure)  37176K->5720K(140800K), 0,0013788 secs]
11,049: [GC (Allocation Failure)  31320K->10488K(141312K), 0,0013546 secs]
11,090: [GC (Allocation Failure)  37112K->5688K(141312K), 0,0029112 secs]
11,121: [GC (Allocation Failure)  32312K->11480K(140288K), 0,0044391 secs]
11,163: [GC (Allocation Failure)  37080K->5624K(140800K), 0,0021058 secs]
11,193: [GC (Allocation Failure)  31224K->10456K(141312K), 0,0033917 secs]
11,236: [GC (Allocation Failure)  37080K->5592K(141312K), 0,0086409 secs]
11,267: [GC (Allocation Failure)  32216K->11384K(140288K), 0,0024104 secs]
11,300: [GC (Allocation Failure)  36984K->5592K(140800K), 0,0006763 secs]
11,322: [GC (Allocation Failure)  31192K->10328K(141312K), 0,0019262 secs]
11,357: [GC (Allocation Failure)  36952K->5528K(141312K), 0,0005034 secs]
11,379: [GC (Allocation Failure)  32152K->11352K(140288K), 0,0012570 secs]
11,413: [GC (Allocation Failure)  36952K->5496K(140800K), 0,0012202 secs]
11,435: [GC (Allocation Failure)  31096K->10264K(141312K), 0,0013280 secs]
11,469: [GC (Allocation Failure)  36888K->5464K(141312K), 0,0004812 secs]
11,491: [GC (Allocation Failure)  32088K->11288K(140288K), 0,0019647 secs]
11,525: [GC (Allocation Failure)  36888K->5432K(140800K), 0,0005436 secs]
11,547: [GC (Allocation Failure)  31032K->10200K(141312K), 0,0019782 secs]
11,582: [GC (Allocation Failure)  36824K->5368K(141312K), 0,0004836 secs]
11,604: [GC (Allocation Failure)  31992K->11128K(140288K), 0,0022532 secs]
11,638: [GC (Allocation Failure)  36728K->5336K(140800K), 0,0007700 secs]
11,661: [GC (Allocation Failure)  30936K->10072K(141312K), 0,0073192 secs]
11,704: [GC (Allocation Failure)  36696K->5272K(141312K), 0,0011421 secs]
11,730: [GC (Allocation Failure)  31896K->11096K(141312K), 0,0037235 secs]
11,768: [GC (Allocation Failure)  37720K->6296K(141312K), 0,0012589 secs]
11,793: [GC (Allocation Failure)  32920K->12120K(140288K), 0,0023420 secs]
11,830: [GC (Allocation Failure)  37720K->6264K(140800K), 0,0012535 secs]
11,856: [GC (Allocation Failure)  31864K->11032K(140288K), 0,0020750 secs]
11,892: [GC (Allocation Failure)  36632K->5176K(140800K), 0,0011829 secs]
11,917: [GC (Allocation Failure)  30776K->9944K(141312K), 0,0019502 secs]
11,953: [GC (Allocation Failure)  36056K->4632K(140800K), 0,0010299 secs]
11,978: [GC (Allocation Failure)  30744K->9912K(141312K), 0,0019278 secs]
12,013: [GC (Allocation Failure)  36536K->5112K(141312K), 0,0010539 secs]
12,039: [GC (Allocation Failure)  31736K->10904K(141312K), 0,0021696 secs]
12,079: [GC (Allocation Failure)  37528K->6072K(141312K), 0,0034637 secs]
12,110: [GC (Allocation Failure)  32696K->11896K(140288K), 0,0027217 secs]
12,147: [GC (Allocation Failure)  37496K->6040K(140800K), 0,0011625 secs]
12,173: [GC (Allocation Failure)  31640K->10840K(140288K), 0,0020291 secs]
12,212: [GC (Allocation Failure)  36440K->4984K(140800K), 0,0043560 secs]
12,240: [GC (Allocation Failure)  30584K->9752K(141312K), 0,0018507 secs]
12,274: [GC (Allocation Failure)  36376K->4888K(141312K), 0,0023450 secs]
12,300: [GC (Allocation Failure)  31512K->10744K(141312K), 0,0016296 secs]
12,338: [GC (Allocation Failure)  37368K->5912K(141312K), 0,0027161 secs]
12,371: [GC (Allocation Failure)  32536K->11768K(140288K), 0,0024019 secs]
12,407: [GC (Allocation Failure)  37368K->5848K(140800K), 0,0016275 secs]
12,433: [GC (Allocation Failure)  31448K->10648K(140288K), 0,0021731 secs]
12,469: [GC (Allocation Failure)  36248K->4824K(140800K), 0,0017828 secs]
12,499: [GC (Allocation Failure)  30424K->9560K(141312K), 0,0030736 secs]
12,537: [GC (Allocation Failure)  36184K->4760K(141312K), 0,0031587 secs]
12,567: [GC (Allocation Failure)  31384K->10520K(141312K), 0,0025000 secs]
12,603: [GC (Allocation Failure)  37144K->5784K(141312K), 0,0011774 secs]
12,630: [GC (Allocation Failure)  32408K->11576K(139776K), 0,0033292 secs]
12,666: [GC (Allocation Failure)  37176K->5720K(140800K), 0,0024064 secs]
12,697: [GC (Allocation Failure)  31320K->10488K(141312K), 0,0042928 secs]
12,737: [GC (Allocation Failure)  37112K->5688K(141312K), 0,0036622 secs]
12,767: [GC (Allocation Failure)  32312K->11480K(140288K), 0,0017114 secs]
12,803: [GC (Allocation Failure)  37080K->5656K(140800K), 0,0019727 secs]
12,832: [GC (Allocation Failure)  31256K->10424K(141312K), 0,0020928 secs]
12,867: [GC (Allocation Failure)  37048K->5624K(141312K), 0,0007753 secs]
12,890: [GC (Allocation Failure)  32248K->11448K(140288K), 0,0014136 secs]
12,922: [GC (Allocation Failure)  37048K->5528K(140800K), 0,0013967 secs]
12,944: [GC (Allocation Failure)  31128K->10328K(141312K), 0,0011126 secs]
12,976: [GC (Allocation Failure)  36952K->5528K(141312K), 0,0046471 secs]
13,006: [GC (Allocation Failure)  32152K->11352K(140288K), 0,0023633 secs]
13,042: [GC (Allocation Failure)  36952K->5464K(140800K), 0,0015541 secs]
13,066: [GC (Allocation Failure)  31064K->10264K(141312K), 0,0011780 secs]
13,101: [GC (Allocation Failure)  36888K->5432K(141312K), 0,0042280 secs]
13,132: [GC (Allocation Failure)  32056K->11256K(140288K), 0,0022016 secs]
13,167: [GC (Allocation Failure)  36856K->5432K(140800K), 0,0026498 secs]
13,198: [GC (Allocation Failure)  31032K->10200K(141312K), 0,0041255 secs]
13,240: [GC (Allocation Failure)  36824K->5368K(141312K), 0,0030811 secs]
13,271: [GC (Allocation Failure)  31992K->11160K(140288K), 0,0022499 secs]
13,306: [GC (Allocation Failure)  36760K->5304K(140800K), 0,0027140 secs]
13,333: [GC (Allocation Failure)  30904K->10136K(141312K), 0,0034603 secs]
13,374: [GC (Allocation Failure)  36760K->5304K(141312K), 0,0033906 secs]
13,404: [GC (Allocation Failure)  31928K->11128K(140288K), 0,0030517 secs]
13,442: [GC (Allocation Failure)  36728K->5272K(140800K), 0,0007716 secs]
13,467: [GC (Allocation Failure)  30872K->10040K(141312K), 0,0032782 secs]
13,507: [GC (Allocation Failure)  36664K->5208K(141312K), 0,0010512 secs]
13,532: [GC (Allocation Failure)  31832K->11032K(141312K), 0,0023463 secs]
13,572: [GC (Allocation Failure)  37656K->6200K(141312K), 0,0020989 secs]
13,601: [GC (Allocation Failure)  32824K->11992K(140288K), 0,0035585 secs]
13,637: [GC (Allocation Failure)  37592K->6168K(140800K), 0,0053107 secs]
13,671: [GC (Allocation Failure)  31768K->10936K(140288K), 0,0041576 secs]
13,712: [GC (Allocation Failure)  36536K->5080K(140800K), 0,0018488 secs]
13,743: [GC (Allocation Failure)  30680K->9880K(141312K), 0,0033509 secs]
13,781: [GC (Allocation Failure)  36504K->5080K(141312K), 0,0008176 secs]
13,808: [GC (Allocation Failure)  31704K->10872K(141312K), 0,0038123 secs]
13,849: [GC (Allocation Failure)  37496K->6040K(141312K), 0,0042700 secs]
13,877: [GC (Allocation Failure)  32664K->11800K(140288K), 0,0043297 secs]
13,917: [GC (Allocation Failure)  37400K->6008K(140800K), 0,0027332 secs]
13,942: [GC (Allocation Failure)  31608K->10776K(140288K), 0,0014286 secs]
13,980: [GC (Allocation Failure)  36376K->4952K(140800K), 0,0010985 secs]
14,004: [GC (Allocation Failure)  30552K->9720K(141312K), 0,0028539 secs]
14,041: [GC (Allocation Failure)  36344K->4920K(141312K), 0,0007177 secs]
14,064: [GC (Allocation Failure)  31544K->10680K(141312K), 0,0013074 secs]
14,101: [GC (Allocation Failure)  37304K->5880K(141312K), 0,0018815 secs]
14,124: [GC (Allocation Failure)  32504K->11672K(140288K), 0,0012649 secs]
14,158: [GC (Allocation Failure)  37272K->5848K(140800K), 0,0005170 secs]
14,182: [GC (Allocation Failure)  31448K->10616K(141312K), 0,0039382 secs]
14,218: [GC (Allocation Failure)  37240K->5752K(141312K), 0,0016674 secs]
14,241: [GC (Allocation Failure)  32376K->11608K(140288K), 0,0013229 secs]
14,278: [GC (Allocation Failure)  37208K->5752K(140800K), 0,0014672 secs]
14,304: [GC (Allocation Failure)  31352K->10520K(140288K), 0,0041274 secs]
14,341: [GC (Allocation Failure)  36120K->4664K(140800K), 0,0011521 secs]
14,364: [GC (Allocation Failure)  30264K->9464K(141312K), 0,0011865 secs]
14,398: [GC (Allocation Failure)  36088K->4664K(141312K), 0,0042113 secs]
14,426: [GC (Allocation Failure)  31288K->10424K(141312K), 0,0028573 secs]
14,463: [GC (Allocation Failure)  37048K->5624K(141312K), 0,0022339 secs]
14,490: [GC (Allocation Failure)  32248K->11448K(139776K), 0,0031559 secs]
14,526: [GC (Allocation Failure)  37048K->5624K(140800K), 0,0006313 secs]
14,552: [GC (Allocation Failure)  31224K->10392K(141312K), 0,0015239 secs]
14,587: [GC (Allocation Failure)  37016K->5592K(141312K), 0,0019768 secs]
14,616: [GC (Allocation Failure)  32216K->11384K(140288K), 0,0017253 secs]
14,653: [GC (Allocation Failure)  36984K->5528K(140800K), 0,0019198 secs]
14,683: [GC (Allocation Failure)  31128K->10264K(141312K), 0,0034867 secs]
14,724: [GC (Allocation Failure)  36888K->5464K(141312K), 0,0018782 secs]
14,753: [GC (Allocation Failure)  32088K->11320K(140288K), 0,0022504 secs]
14,789: [GC (Allocation Failure)  36920K->5432K(140800K), 0,0034250 secs]
14,816: [GC (Allocation Failure)  31032K->10232K(141312K), 0,0020393 secs]
14,852: [GC (Allocation Failure)  36856K->5368K(141312K), 0,0026969 secs]
14,879: [GC (Allocation Failure)  31992K->11192K(140288K), 0,0024732 secs]
14,915: [GC (Allocation Failure)  36792K->5368K(140800K), 0,0011444 secs]
14,941: [GC (Allocation Failure)  30968K->10104K(141312K), 0,0044419 secs]
14,978: [GC (Allocation Failure)  36728K->5336K(141312K), 0,0017605 secs]
15,003: [GC (Allocation Failure)  31960K->11128K(141312K), 0,0016750 secs]
15,037: [GC (Allocation Failure)  37752K->6328K(141312K), 0,0040169 secs]
15,067: [GC (Allocation Failure)  32952K->12152K(140288K), 0,0040286 secs]
15,105: [GC (Allocation Failure)  37752K->6296K(140800K), 0,0011882 secs]
15,130: [GC (Allocation Failure)  31896K->11064K(140288K), 0,0021647 secs]
15,167: [GC (Allocation Failure)  36664K->5240K(140800K), 0,0052101 secs]
15,195: [GC (Allocation Failure)  30840K->9944K(141312K), 0,0030477 secs]
15,231: [GC (Allocation Failure)  36056K->4632K(140800K), 0,0011476 secs]
15,255: [GC (Allocation Failure)  30744K->9944K(141312K), 0,0014452 secs]
15,290: [GC (Allocation Failure)  36568K->5112K(141312K), 0,0027095 secs]
15,316: [GC (Allocation Failure)  31736K->10904K(141312K), 0,0017760 secs]
15,353: [GC (Allocation Failure)  37528K->6136K(141312K), 0,0012741 secs]
15,378: [GC (Allocation Failure)  32760K->11928K(140288K), 0,0033629 secs]
15,417: [GC (Allocation Failure)  37528K->6072K(140800K), 0,0021568 secs]
15,444: [GC (Allocation Failure)  31672K->10872K(140288K), 0,0015782 secs]
15,480: [GC (Allocation Failure)  36472K->5016K(140800K), 0,0009968 secs]
15,503: [GC (Allocation Failure)  30616K->9784K(141312K), 0,0011898 secs]
15,538: [GC (Allocation Failure)  36408K->4984K(141312K), 0,0020314 secs]
15,564: [GC (Allocation Failure)  31608K->10776K(141312K), 0,0040661 secs]
15,600: [GC (Allocation Failure)  37400K->5976K(141312K), 0,0012515 secs]
15,627: [GC (Allocation Failure)  32600K->11768K(140288K), 0,0022479 secs]
15,662: [GC (Allocation Failure)  37368K->5944K(140800K), 0,0006381 secs]
15,687: [GC (Allocation Failure)  31544K->10680K(140288K), 0,0030960 secs]
15,723: [GC (Allocation Failure)  36280K->4856K(140800K), 0,0017535 secs]
15,752: [GC (Allocation Failure)  30456K->9656K(141312K), 0,0014231 secs]
15,786: [GC (Allocation Failure)  36280K->4792K(141312K), 0,0039987 secs]
15,812: [GC (Allocation Failure)  31416K->10584K(141312K), 0,0025891 secs]
15,848: [GC (Allocation Failure)  37208K->5848K(141312K), 0,0034342 secs]
15,873: [GC (Allocation Failure)  32472K->11640K(139776K), 0,0014999 secs]
15,908: [GC (Allocation Failure)  37240K->5784K(140800K), 0,0006741 secs]
15,931: [GC (Allocation Failure)  31384K->10520K(141312K), 0,0014120 secs]
15,965: [GC (Allocation Failure)  37144K->5720K(141312K), 0,0020278 secs]
15,990: [GC (Allocation Failure)  32344K->11512K(140288K), 0,0016966 secs]
16,024: [GC (Allocation Failure)  37112K->5688K(140800K), 0,0025530 secs]
16,049: [GC (Allocation Failure)  31288K->10456K(141312K), 0,0030190 secs]
16,085: [GC (Allocation Failure)  37080K->5624K(141312K), 0,0007574 secs]
16,112: [GC (Allocation Failure)  32248K->11416K(140288K), 0,0054792 secs]
16,151: [GC (Allocation Failure)  37016K->5592K(140800K), 0,0010594 secs]
16,177: [GC (Allocation Failure)  31192K->10328K(141312K), 0,0024076 secs]
16,214: [GC (Allocation Failure)  36952K->5560K(141312K), 0,0010697 secs]
16,239: [GC (Allocation Failure)  32184K->11352K(140288K), 0,0038147 secs]
16,276: [GC (Allocation Failure)  36952K->5496K(140800K), 0,0033332 secs]
16,304: [GC (Allocation Failure)  31096K->10264K(141312K), 0,0020481 secs]
16,341: [GC (Allocation Failure)  36888K->5464K(141312K), 0,0011053 secs]
16,366: [GC (Allocation Failure)  32088K->11288K(140288K), 0,0030661 secs]
16,403: [GC (Allocation Failure)  36888K->5432K(140800K), 0,0034641 secs]
16,429: [GC (Allocation Failure)  31032K->10168K(141312K), 0,0030990 secs]
16,465: [GC (Allocation Failure)  36792K->5400K(141312K), 0,0036566 secs]
16,492: [GC (Allocation Failure)  32024K->11192K(140288K), 0,0031885 secs]
16,527: [GC (Allocation Failure)  36792K->5336K(140800K), 0,0023799 secs]
16,554: [GC (Allocation Failure)  30936K->10104K(141312K), 0,0033293 secs]
16,595: [GC (Allocation Failure)  36728K->5336K(141312K), 0,0018877 secs]
16,625: [GC (Allocation Failure)  31960K->11128K(140288K), 0,0051609 secs]
16,664: [GC (Allocation Failure)  36728K->5240K(140800K), 0,0032920 secs]
16,692: [GC (Allocation Failure)  30840K->10072K(141312K), 0,0019949 secs]
16,728: [GC (Allocation Failure)  36696K->5176K(141312K), 0,0027350 secs]
16,756: [GC (Allocation Failure)  31800K->11032K(141312K), 0,0021758 secs]
16,793: [GC (Allocation Failure)  37656K->6232K(141312K), 0,0032832 secs]
16,820: [GC (Allocation Failure)  32856K->12024K(140288K), 0,0053899 secs]
16,858: [GC (Allocation Failure)  37624K->6200K(140800K), 0,0026692 secs]
16,884: [GC (Allocation Failure)  31800K->10936K(140288K), 0,0016411 secs]
16,918: [GC (Allocation Failure)  36536K->5112K(140800K), 0,0007349 secs]
16,941: [GC (Allocation Failure)  30712K->9880K(141312K), 0,0015500 secs]
16,976: [GC (Allocation Failure)  36504K->5048K(141312K), 0,0016925 secs]
17,001: [GC (Allocation Failure)  31672K->10872K(141312K), 0,0031650 secs]
17,036: [GC (Allocation Failure)  37496K->6040K(141312K), 0,0023950 secs]
17,063: [GC (Allocation Failure)  32664K->11864K(140288K), 0,0038624 secs]
17,104: [GC (Allocation Failure)  37464K->6040K(140800K), 0,0020337 secs]
17,134: [GC (Allocation Failure)  31640K->10808K(140288K), 0,0036686 secs]
17,175: [GC (Allocation Failure)  36408K->4952K(140800K), 0,0018328 secs]
17,205: [GC (Allocation Failure)  30552K->9752K(141312K), 0,0024723 secs]
17,241: [GC (Allocation Failure)  36376K->4888K(141312K), 0,0031872 secs]
17,271: [GC (Allocation Failure)  31512K->10680K(141312K), 0,0036295 secs]
17,311: [GC (Allocation Failure)  37304K->5912K(141312K), 0,0011319 secs]
17,337: [GC (Allocation Failure)  32536K->11672K(140288K), 0,0047520 secs]
17,375: [GC (Allocation Failure)  37272K->5880K(140800K), 0,0016710 secs]
17,401: [GC (Allocation Failure)  31480K->10616K(140288K), 0,0044683 secs]
17,438: [GC (Allocation Failure)  36216K->4792K(140800K), 0,0051812 secs]
17,465: [GC (Allocation Failure)  30392K->9528K(141312K), 0,0031250 secs]
17,501: [GC (Allocation Failure)  36152K->4760K(141312K), 0,0022988 secs]
17,526: [GC (Allocation Failure)  31384K->10552K(141312K), 0,0045440 secs]
17,564: [GC (Allocation Failure)  37176K->5752K(141312K), 0,0008998 secs]
17,588: [GC (Allocation Failure)  32376K->11544K(139776K), 0,0055626 secs]
17,626: [GC (Allocation Failure)  37144K->5688K(140800K), 0,0006384 secs]
17,649: [GC (Allocation Failure)  31288K->10488K(141312K), 0,0014094 secs]
17,683: [GC (Allocation Failure)  37112K->5656K(141312K), 0,0018526 secs]
17,707: [GC (Allocation Failure)  32280K->11480K(140288K), 0,0026697 secs]
17,743: [GC (Allocation Failure)  37080K->5624K(140800K), 0,0019472 secs]
17,767: [GC (Allocation Failure)  31224K->10392K(141312K), 0,0021678 secs]
17,802: [GC (Allocation Failure)  37016K->5560K(141312K), 0,0022933 secs]
17,826: [GC (Allocation Failure)  32184K->11384K(140288K), 0,0031179 secs]
17,862: [GC (Allocation Failure)  36984K->5560K(140800K), 0,0035220 secs]
17,888: [GC (Allocation Failure)  31160K->10296K(141312K), 0,0023538 secs]
17,923: [GC (Allocation Failure)  36920K->5496K(141312K), 0,0022493 secs]
17,947: [GC (Allocation Failure)  32120K->11320K(140288K), 0,0014920 secs]
17,982: [GC (Allocation Failure)  36920K->5432K(140800K), 0,0064050 secs]
18,011: [GC (Allocation Failure)  31032K->10264K(141312K), 0,0015159 secs]
18,046: [GC (Allocation Failure)  36888K->5400K(141312K), 0,0060253 secs]
18,074: [GC (Allocation Failure)  32024K->11256K(140288K), 0,0013847 secs]
18,108: [GC (Allocation Failure)  36856K->5432K(140800K), 0,0005779 secs]
18,131: [GC (Allocation Failure)  31032K->10136K(141312K), 0,0014704 secs]
18,165: [GC (Allocation Failure)  36760K->5368K(141312K), 0,0019280 secs]
18,189: [GC (Allocation Failure)  31992K->11128K(140288K), 0,0028278 secs]
18,225: [GC (Allocation Failure)  36728K->5336K(140800K), 0,0007494 secs]
18,248: [GC (Allocation Failure)  30936K->10040K(141312K), 0,0026066 secs]
18,284: [GC (Allocation Failure)  36664K->5240K(141312K), 0,0011602 secs]
18,307: [GC (Allocation Failure)  31864K->11096K(141312K), 0,0014591 secs]
18,342: [GC (Allocation Failure)  37720K->6264K(141312K), 0,0012932 secs]
18,367: [GC (Allocation Failure)  32888K->12056K(140288K), 0,0022406 secs]
18,403: [GC (Allocation Failure)  37656K->6232K(140800K), 0,0013277 secs]
18,429: [GC (Allocation Failure)  31832K->10968K(140288K), 0,0044916 secs]
18,468: [GC (Allocation Failure)  36568K->5112K(140800K), 0,0032556 secs]
18,496: [GC (Allocation Failure)  30712K->9944K(141312K), 0,0020300 secs]
18,532: [GC (Allocation Failure)  36568K->5080K(141312K), 0,0031367 secs]
18,560: [GC (Allocation Failure)  31704K->10904K(140288K), 0,0021257 secs]
18,595: [GC (Allocation Failure)  36504K->5080K(140800K), 0,0011105 secs]
18,621: [GC (Allocation Failure)  30680K->9848K(141312K), 0,0019235 secs]
18,656: [GC (Allocation Failure)  36472K->4984K(141312K), 0,0033557 secs]
18,684: [GC (Allocation Failure)  31608K->10872K(141312K), 0,0023433 secs]
18,721: [GC (Allocation Failure)  37496K->6008K(141312K), 0,0034052 secs]
18,748: [GC (Allocation Failure)  32632K->11864K(140288K), 0,0019367 secs]
18,787: [GC (Allocation Failure)  37464K->6008K(140800K), 0,0011324 secs]
18,812: [GC (Allocation Failure)  31608K->10744K(140288K), 0,0043587 secs]
18,849: [GC (Allocation Failure)  36344K->4888K(140800K), 0,0037402 secs]
18,875: [GC (Allocation Failure)  30488K->9688K(141312K), 0,0013629 secs]
18,909: [GC (Allocation Failure)  36312K->4888K(141312K), 0,0007321 secs]
18,933: [GC (Allocation Failure)  31512K->10680K(141312K), 0,0015722 secs]
18,967: [GC (Allocation Failure)  37304K->5848K(141312K), 0,0032852 secs]
18,994: [GC (Allocation Failure)  32472K->11704K(140288K), 0,0016241 secs]
19,028: [GC (Allocation Failure)  37304K->5848K(140800K), 0,0026167 secs]
19,053: [GC (Allocation Failure)  31448K->10584K(141312K), 0,0031948 secs]
19,089: [GC (Allocation Failure)  37208K->5752K(141312K), 0,0023433 secs]
19,115: [GC (Allocation Failure)  32376K->11576K(140288K), 0,0061561 secs]
19,153: [GC (Allocation Failure)  37176K->5752K(140800K), 0,0008536 secs]
19,177: [GC (Allocation Failure)  31352K->10488K(140288K), 0,0015110 secs]
19,211: [GC (Allocation Failure)  36088K->4632K(140800K), 0,0034983 secs]
19,237: [GC (Allocation Failure)  30232K->9400K(141312K), 0,0028946 secs]
19,273: [GC (Allocation Failure)  36024K->4632K(141312K), 0,0016406 secs]
19,297: [GC (Allocation Failure)  31256K->10456K(141312K), 0,0015116 secs]
19,332: [GC (Allocation Failure)  37080K->5624K(141312K), 0,0011696 secs]
19,355: [GC (Allocation Failure)  32248K->11416K(140800K), 0,0014855 secs]
19,389: [GC (Allocation Failure)  38040K->6616K(141312K), 0,0007994 secs]
19,413: [GC (Allocation Failure)  33240K->12440K(140288K), 0,0015865 secs]
19,452: [GC (Allocation Failure)  38040K->6584K(140800K), 0,0040388 secs]
19,483: [GC (Allocation Failure)  32184K->11352K(140288K), 0,0056502 secs]
19,522: [GC (Allocation Failure)  36952K->5496K(140800K), 0,0033525 secs]
19,547: [GC (Allocation Failure)  31096K->10264K(140800K), 0,0031869 secs]
19,583: [GC (Allocation Failure)  35864K->4440K(140800K), 0,0006714 secs]
19,606: [GC (Allocation Failure)  30040K->9176K(141312K), 0,0030051 secs]
19,642: [GC (Allocation Failure)  35288K->3896K(140800K), 0,0021298 secs]
19,666: [GC (Allocation Failure)  30008K->9176K(141824K), 0,0074388 secs]
19,707: [GC (Allocation Failure)  36312K->4856K(141312K), 0,0022750 secs]
19,732: [GC (Allocation Failure)  31992K->11192K(140800K), 0,0016480 secs]
19,766: [GC (Allocation Failure)  37816K->6392K(141312K), 0,0009010 secs]
19,790: [GC (Allocation Failure)  33016K->12184K(139776K), 0,0033935 secs]
19,826: [GC (Allocation Failure)  37784K->6328K(140800K), 0,0029937 secs]
19,852: [GC (Allocation Failure)  31928K->11096K(140288K), 0,0033072 secs]
19,887: [GC (Allocation Failure)  36696K->5272K(140800K), 0,0022688 secs]
19,912: [GC (Allocation Failure)  30872K->10040K(141312K), 0,0014117 secs]
19,947: [GC (Allocation Failure)  36664K->5208K(141312K), 0,0032892 secs]
19,974: [GC (Allocation Failure)  31832K->11032K(141312K), 0,0017019 secs]
20,008: [GC (Allocation Failure)  37656K->6232K(141312K), 0,0025451 secs]
20,034: [GC (Allocation Failure)  32856K->12024K(140288K), 0,0023498 secs]
20,071: [GC (Allocation Failure)  37624K->6200K(140800K), 0,0022072 secs]
20,102: [GC (Allocation Failure)  31800K->10936K(140288K), 0,0062711 secs]
20,142: [GC (Allocation Failure)  36536K->5080K(140800K), 0,0033246 secs]
20,168: [GC (Allocation Failure)  30680K->9848K(141312K), 0,0029852 secs]
20,204: [GC (Allocation Failure)  35960K->4536K(140800K), 0,0006519 secs]
20,227: [GC (Allocation Failure)  30648K->9816K(141312K), 0,0072919 secs]
20,268: [GC (Allocation Failure)  36440K->5016K(141312K), 0,0053165 secs]
20,295: [GC (Allocation Failure)  31640K->10840K(141312K), 0,0012955 secs]
20,329: [GC (Allocation Failure)  37464K->6008K(141312K), 0,0018724 secs]
20,353: [GC (Allocation Failure)  32632K->11832K(139776K), 0,0015298 secs]
20,388: [GC (Allocation Failure)  37432K->5976K(140800K), 0,0065804 secs]
20,416: [GC (Allocation Failure)  31576K->10776K(140288K), 0,0012957 secs]
20,450: [GC (Allocation Failure)  36376K->4920K(140800K), 0,0063168 secs]
20,478: [GC (Allocation Failure)  30520K->9656K(141312K), 0,0012199 secs]
20,512: [GC (Allocation Failure)  36280K->4856K(141312K), 0,0005263 secs]
20,534: [GC (Allocation Failure)  31480K->10680K(141312K), 0,0027063 secs]
20,570: [GC (Allocation Failure)  37304K->5880K(141312K), 0,0008363 secs]
20,593: [GC (Allocation Failure)  32504K->11672K(139776K), 0,0035201 secs]
20,630: [GC (Allocation Failure)  37272K->5816K(140800K), 0,0006535 secs]
20,653: [GC (Allocation Failure)  31416K->10584K(141312K), 0,0024644 secs]
20,688: [GC (Allocation Failure)  37208K->5784K(141312K), 0,0007383 secs]
20,711: [GC (Allocation Failure)  32408K->11608K(140288K), 0,0014499 secs]
20,745: [GC (Allocation Failure)  37208K->5752K(140800K), 0,0019392 secs]
20,769: [GC (Allocation Failure)  31352K->10520K(140288K), 0,0027255 secs]
20,805: [GC (Allocation Failure)  36120K->4664K(140800K), 0,0028149 secs]
20,830: [GC (Allocation Failure)  30264K->9464K(141312K), 0,0011926 secs]
20,864: [GC (Allocation Failure)  36088K->4632K(141312K), 0,0005725 secs]
20,887: [GC (Allocation Failure)  31256K->10424K(141312K), 0,0024878 secs]
20,923: [GC (Allocation Failure)  37048K->5624K(141312K), 0,0006513 secs]
20,946: [GC (Allocation Failure)  32248K->11384K(140800K), 0,0026274 secs]
20,982: [GC (Allocation Failure)  38008K->6616K(141312K), 0,0019626 secs]
21,007: [GC (Allocation Failure)  33240K->12408K(139776K), 0,0022743 secs]
21,041: [GC (Allocation Failure)  38008K->6552K(140800K), 0,0025508 secs]
21,070: [GC (Allocation Failure)  32152K->11352K(140288K), 0,0065889 secs]
21,110: [GC (Allocation Failure)  36952K->5496K(140800K), 0,0032882 secs]
21,138: [GC (Allocation Failure)  31096K->10232K(140800K), 0,0034642 secs]
21,176: [GC (Allocation Failure)  35832K->4408K(140800K), 0,0031139 secs]
21,204: [GC (Allocation Failure)  30008K->9208K(141312K), 0,0041278 secs]
21,241: [GC (Allocation Failure)  35832K->4376K(141312K), 0,0053249 secs]
21,270: [GC (Allocation Failure)  31000K->10168K(141312K), 0,0042731 secs]
21,309: [GC (Allocation Failure)  36792K->5368K(141312K), 0,0033438 secs]
21,337: [GC (Allocation Failure)  31992K->11192K(140800K), 0,0043273 secs]
21,374: [GC (Allocation Failure)  37816K->6360K(141312K), 0,0028597 secs]
21,400: [GC (Allocation Failure)  32984K->12184K(139776K), 0,0016778 secs]
21,434: [GC (Allocation Failure)  37784K->6360K(140800K), 0,0008508 secs]
21,458: [GC (Allocation Failure)  31960K->11128K(140288K), 0,0031313 secs]
21,493: [GC (Allocation Failure)  36728K->5272K(140800K), 0,0009183 secs]
21,517: [GC (Allocation Failure)  30872K->10040K(141312K), 0,0020505 secs]
21,553: [GC (Allocation Failure)  36664K->5208K(141312K), 0,0056365 secs]
21,586: [GC (Allocation Failure)  31832K->11000K(140288K), 0,0022740 secs]
21,622: [GC (Allocation Failure)  36600K->5176K(140800K), 0,0024222 secs]
21,646: [GC (Allocation Failure)  30776K->9944K(141312K), 0,0020783 secs]
21,681: [GC (Allocation Failure)  36568K->5144K(141312K), 0,0014697 secs]
21,704: [GC (Allocation Failure)  31768K->10968K(141312K), 0,0040000 secs]
21,741: [GC (Allocation Failure)  37592K->6136K(141312K), 0,0006270 secs]
21,763: [GC (Allocation Failure)  32760K->11960K(140288K), 0,0014382 secs]
21,801: [GC (Allocation Failure)  37560K->6072K(140800K), 0,0073602 secs]
21,832: [GC (Allocation Failure)  31672K->10872K(140288K), 0,0013701 secs]
21,866: [GC (Allocation Failure)  36472K->5048K(140800K), 0,0006695 secs]
21,893: [GC (Allocation Failure)  30648K->9784K(141312K), 0,0061427 secs]
21,936: [GC (Allocation Failure)  36408K->4984K(141312K), 0,0017599 secs]
21,966: [GC (Allocation Failure)  31608K->10776K(141312K), 0,0040615 secs]
22,007: [GC (Allocation Failure)  37400K->5976K(141312K), 0,0021200 secs]
22,037: [GC (Allocation Failure)  32600K->11800K(140288K), 0,0036636 secs]
22,075: [GC (Allocation Failure)  37400K->5944K(140800K), 0,0062155 secs]
22,104: [GC (Allocation Failure)  31544K->10712K(140288K), 0,0021092 secs]
22,137: [GC (Allocation Failure)  36312K->4856K(140800K), 0,0019975 secs]
22,160: [GC (Allocation Failure)  30456K->9624K(141312K), 0,0017730 secs]
22,193: [GC (Allocation Failure)  36248K->4824K(141312K), 0,0010641 secs]
22,215: [GC (Allocation Failure)  31448K->10616K(141312K), 0,0011705 secs]
22,248: [GC (Allocation Failure)  37240K->5816K(141312K), 0,0011189 secs]
22,270: [GC (Allocation Failure)  32440K->11640K(139776K), 0,0019871 secs]
22,304: [GC (Allocation Failure)  37240K->5784K(140800K), 0,0012312 secs]
22,326: [GC (Allocation Failure)  31384K->10520K(141312K), 0,0019395 secs]
22,359: [GC (Allocation Failure)  37144K->5720K(141312K), 0,0020861 secs]
22,387: [GC (Allocation Failure)  32344K->11576K(140288K), 0,0038245 secs]
22,429: [GC (Allocation Failure)  37176K->5720K(140800K), 0,0063438 secs]
22,460: [GC (Allocation Failure)  31320K->10488K(140288K), 0,0020079 secs]
22,497: [GC (Allocation Failure)  36088K->4632K(140800K), 0,0038734 secs]
22,525: [GC (Allocation Failure)  30232K->9368K(141312K), 0,0042550 secs]
22,562: [GC (Allocation Failure)  35992K->4600K(141312K), 0,0031412 secs]
22,589: [GC (Allocation Failure)  31224K->10392K(141312K), 0,0044669 secs]
22,627: [GC (Allocation Failure)  37016K->5560K(141312K), 0,0028325 secs]
22,654: [GC (Allocation Failure)  32184K->11384K(140800K), 0,0021883 secs]
22,689: [GC (Allocation Failure)  38008K->6584K(141312K), 0,0021317 secs]
22,716: [GC (Allocation Failure)  33208K->12376K(139776K), 0,0023923 secs]
22,752: [GC (Allocation Failure)  37976K->6552K(140800K), 0,0013668 secs]
22,777: [GC (Allocation Failure)  32152K->11320K(140288K), 0,0021273 secs]
22,813: [GC (Allocation Failure)  36920K->5496K(140800K), 0,0010607 secs]
22,839: [GC (Allocation Failure)  31096K->10264K(140800K), 0,0022154 secs]
22,876: [GC (Allocation Failure)  35864K->4376K(140800K), 0,0007022 secs]
22,899: [GC (Allocation Failure)  29976K->9176K(141312K), 0,0038350 secs]
22,936: [GC (Allocation Failure)  35800K->4344K(141312K), 0,0017822 secs]
22,960: [GC (Allocation Failure)  30968K->10136K(141312K), 0,0025708 secs]
22,996: [GC (Allocation Failure)  36760K->5368K(141312K), 0,0068960 secs]
23,028: [GC (Allocation Failure)  31992K->11160K(140800K), 0,0016887 secs]
23,063: [GC (Allocation Failure)  37784K->6360K(141312K), 0,0034365 secs]
23,090: [GC (Allocation Failure)  32984K->12152K(139776K), 0,0032088 secs]
23,127: [GC (Allocation Failure)  37752K->6296K(140800K), 0,0012575 secs]
23,153: [GC (Allocation Failure)  31896K->11096K(140288K), 0,0043895 secs]
23,193: [GC (Allocation Failure)  36696K->5208K(140800K), 0,0010102 secs]
23,219: [GC (Allocation Failure)  30808K->10008K(141312K), 0,0018938 secs]
23,255: [GC (Allocation Failure)  36632K->5208K(141312K), 0,0010804 secs]
23,280: [GC (Allocation Failure)  31832K->11000K(140288K), 0,0020920 secs]
23,317: [GC (Allocation Failure)  36600K->5144K(140800K), 0,0055589 secs]
23,347: [GC (Allocation Failure)  30744K->9912K(141312K), 0,0042873 secs]
23,384: [GC (Allocation Failure)  36536K->5080K(141312K), 0,0025118 secs]
23,410: [GC (Allocation Failure)  31704K->10936K(141312K), 0,0020206 secs]
23,447: [GC (Allocation Failure)  37560K->6104K(141312K), 0,0034389 secs]
23,475: [GC (Allocation Failure)  32728K->11928K(140288K), 0,0023286 secs]
23,512: [GC (Allocation Failure)  37528K->6072K(140800K), 0,0012084 secs]
23,538: [GC (Allocation Failure)  31672K->10840K(140288K), 0,0036641 secs]
23,576: [GC (Allocation Failure)  36440K->4984K(140800K), 0,0052814 secs]
23,606: [GC (Allocation Failure)  30584K->9752K(141312K), 0,0019083 secs]
23,642: [GC (Allocation Failure)  36376K->4920K(141312K), 0,0014128 secs]
23,668: [GC (Allocation Failure)  31544K->10776K(141312K), 0,0020434 secs]
23,705: [GC (Allocation Failure)  37400K->5944K(141312K), 0,0040002 secs]
23,733: [GC (Allocation Failure)  32568K->11736K(140288K), 0,0045962 secs]
23,771: [GC (Allocation Failure)  37336K->5912K(140800K), 0,0036197 secs]
23,799: [GC (Allocation Failure)  31512K->10648K(140288K), 0,0019865 secs]
23,834: [GC (Allocation Failure)  36248K->4856K(140800K), 0,0053448 secs]
23,864: [GC (Allocation Failure)  30456K->9592K(141312K), 0,0038091 secs]
23,900: [GC (Allocation Failure)  36216K->4760K(141312K), 0,0013844 secs]
23,922: [GC (Allocation Failure)  31384K->10584K(141312K), 0,0020400 secs]
23,956: [GC (Allocation Failure)  37208K->5784K(141312K), 0,0010015 secs]
23,979: [GC (Allocation Failure)  32408K->11576K(139776K), 0,0020203 secs]
24,016: [GC (Allocation Failure)  37176K->5720K(140800K), 0,0022459 secs]
24,040: [GC (Allocation Failure)  31320K->10520K(141312K), 0,0027035 secs]
24,074: [GC (Allocation Failure)  37144K->5688K(141312K), 0,0019592 secs]
24,097: [GC (Allocation Failure)  32312K->11512K(140288K), 0,0019990 secs]
24,131: [GC (Allocation Failure)  37112K->5624K(140800K), 0,0026187 secs]
24,154: [GC (Allocation Failure)  31224K->10424K(141312K), 0,0040213 secs]
24,192: [GC (Allocation Failure)  37048K->5592K(141312K), 0,0010666 secs]
24,214: [GC (Allocation Failure)  32216K->11416K(140288K), 0,0018973 secs]
24,249: [GC (Allocation Failure)  37016K->5592K(140800K), 0,0005265 secs]
24,270: [GC (Allocation Failure)  31192K->10328K(141312K), 0,0026259 secs]
24,303: [GC (Allocation Failure)  36952K->5496K(141312K), 0,0006307 secs]
24,324: [GC (Allocation Failure)  32120K->11352K(140288K), 0,0034957 secs]
24,358: [GC (Allocation Failure)  36952K->5464K(140800K), 0,0020933 secs]
24,381: [GC (Allocation Failure)  31064K->10264K(141312K), 0,0039530 secs]
24,436: [GC (Allocation Failure)  36888K->5464K(141312K), 0,0043416 secs]
24,463: [GC (Allocation Failure)  32088K->11256K(140288K), 0,0012363 secs]
24,495: [GC (Allocation Failure)  36856K->5400K(140800K), 0,0024382 secs]
24,520: [GC (Allocation Failure)  31000K->10200K(141312K), 0,0019182 secs]
24,554: [GC (Allocation Failure)  36824K->5400K(141312K), 0,0015240 secs]
24,577: [GC (Allocation Failure)  32024K->11160K(140288K), 0,0030759 secs]
24,612: [GC (Allocation Failure)  36760K->5336K(140800K), 0,0021848 secs]
24,638: [GC (Allocation Failure)  30936K->10072K(141312K), 0,0026914 secs]
24,683: [GC (Allocation Failure)  36696K->5272K(141312K), 0,0028741 secs]
24,708: [GC (Allocation Failure)  31896K->11096K(141312K), 0,0028400 secs]
24,751: [GC (Allocation Failure)  37720K->6296K(141312K), 0,0019317 secs]
24,776: [GC (Allocation Failure)  32920K->12056K(140288K), 0,0041173 secs]
24,814: [GC (Allocation Failure)  37656K->6232K(140800K), 0,0021190 secs]
24,841: [GC (Allocation Failure)  31832K->11000K(140288K), 0,0031981 secs]
24,877: [GC (Allocation Failure)  36600K->5144K(140800K), 0,0027997 secs]
24,904: [GC (Allocation Failure)  30744K->9912K(141312K), 0,0042141 secs]
24,942: [GC (Allocation Failure)  36024K->4600K(140800K), 0,0011485 secs]
24,964: [GC (Allocation Failure)  30712K->9912K(141312K), 0,0018907 secs]
24,998: [GC (Allocation Failure)  36536K->5112K(141312K), 0,0018374 secs]
25,022: [GC (Allocation Failure)  31736K->10872K(141312K), 0,0020193 secs]
25,056: [GC (Allocation Failure)  37496K->6072K(141312K), 0,0015525 secs]
25,078: [GC (Allocation Failure)  32696K->11864K(139776K), 0,0026240 secs]
25,111: [GC (Allocation Failure)  37464K->6072K(140800K), 0,0012593 secs]
25,133: [GC (Allocation Failure)  31672K->10808K(140288K), 0,0018491 secs]
25,165: [GC (Allocation Failure)  36408K->4984K(140800K), 0,0011953 secs]
25,187: [GC (Allocation Failure)  30584K->9784K(141312K), 0,0010046 secs]
25,219: [GC (Allocation Failure)  36408K->4920K(141312K), 0,0007797 secs]
25,240: [GC (Allocation Failure)  31544K->10776K(141312K), 0,0011976 secs]
25,274: [GC (Allocation Failure)  37400K->5912K(141312K), 0,0017788 secs]
25,298: [GC (Allocation Failure)  32536K->11736K(140288K), 0,0025062 secs]
25,333: [GC (Allocation Failure)  37336K->5880K(140800K), 0,0030537 secs]
25,362: [GC (Allocation Failure)  31480K->10712K(140288K), 0,0028830 secs]
25,398: [GC (Allocation Failure)  36312K->4824K(140800K), 0,0054549 secs]
25,426: [GC (Allocation Failure)  30424K->9592K(141312K), 0,0029412 secs]
25,465: [GC (Allocation Failure)  36216K->4792K(141312K), 0,0043820 secs]
25,490: [GC (Allocation Failure)  31416K->10584K(141312K), 0,0019385 secs]
25,524: [GC (Allocation Failure)  37208K->5784K(141312K), 0,0004946 secs]
25,545: [GC (Allocation Failure)  32408K->11576K(139776K), 0,0017311 secs]
25,580: [GC (Allocation Failure)  37176K->5752K(140800K), 0,0067525 secs]
25,613: [GC (Allocation Failure)  31352K->10520K(141312K), 0,0024925 secs]
25,650: [GC (Allocation Failure)  37144K->5720K(141312K), 0,0019897 secs]
25,680: [GC (Allocation Failure)  32344K->11512K(140288K), 0,0037168 secs]
25,721: [GC (Allocation Failure)  37112K->5720K(140800K), 0,0044863 secs]
25,754: [GC (Allocation Failure)  31320K->10424K(141312K), 0,0080375 secs]
25,795: [GC (Allocation Failure)  37048K->5624K(141312K), 0,0015471 secs]
25,818: [GC (Allocation Failure)  32248K->11416K(140288K), 0,0013585 secs]
25,852: [GC (Allocation Failure)  37016K->5560K(140800K), 0,0069941 secs]
25,881: [GC (Allocation Failure)  31160K->10328K(141312K), 0,0057635 secs]
25,920: [GC (Allocation Failure)  36952K->5528K(141312K), 0,0034696 secs]
25,945: [GC (Allocation Failure)  32152K->11352K(140288K), 0,0013340 secs]
25,979: [GC (Allocation Failure)  36952K->5464K(140800K), 0,0019352 secs]
26,003: [GC (Allocation Failure)  31064K->10264K(141312K), 0,0014615 secs]
26,037: [GC (Allocation Failure)  36888K->5496K(141312K), 0,0005874 secs]
26,064: [GC (Allocation Failure)  32120K->11224K(140288K), 0,0052143 secs]
26,102: [GC (Allocation Failure)  36824K->5400K(140800K), 0,0017573 secs]
26,126: [GC (Allocation Failure)  31000K->10168K(141312K), 0,0027189 secs]
26,162: [GC (Allocation Failure)  36792K->5368K(141312K), 0,0019823 secs]
26,187: [GC (Allocation Failure)  31992K->11160K(140288K), 0,0032948 secs]
26,222: [GC (Allocation Failure)  36760K->5304K(140800K), 0,0023669 secs]
26,250: [GC (Allocation Failure)  30904K->10104K(141312K), 0,0033618 secs]
26,289: [GC (Allocation Failure)  36728K->5272K(141312K), 0,0048703 secs]
26,317: [GC (Allocation Failure)  31896K->11096K(141312K), 0,0036628 secs]
26,352: [GC (Allocation Failure)  37720K->6264K(141312K), 0,0025143 secs]
26,377: [GC (Allocation Failure)  32888K->12056K(140288K), 0,0037537 secs]
26,414: [GC (Allocation Failure)  37656K->6264K(140800K), 0,0021869 secs]
26,444: [GC (Allocation Failure)  31864K->11000K(140288K), 0,0048901 secs]
26,483: [GC (Allocation Failure)  36600K->5176K(140800K), 0,0030758 secs]
26,508: [GC (Allocation Failure)  30776K->9944K(141312K), 0,0012502 secs]
26,544: [GC (Allocation Failure)  36056K->4632K(140800K), 0,0009787 secs]
26,570: [GC (Allocation Failure)  30744K->9912K(141312K), 0,0020502 secs]
26,609: [GC (Allocation Failure)  36536K->5112K(141312K), 0,0024939 secs]
26,640: [GC (Allocation Failure)  31736K->10904K(141312K), 0,0035168 secs]
26,678: [GC (Allocation Failure)  37528K->6104K(141312K), 0,0034936 secs]
26,705: [GC (Allocation Failure)  32728K->11896K(140288K), 0,0017049 secs]
26,739: [GC (Allocation Failure)  37496K->6040K(140800K), 0,0025151 secs]
26,764: [GC (Allocation Failure)  31640K->10808K(140288K), 0,0015632 secs]
26,799: [GC (Allocation Failure)  36408K->4952K(140800K), 0,0013977 secs]
26,823: [GC (Allocation Failure)  30552K->9720K(141312K), 0,0043988 secs]
26,861: [GC (Allocation Failure)  36344K->4920K(141312K), 0,0022103 secs]
26,886: [GC (Allocation Failure)  31544K->10712K(141312K), 0,0030595 secs]
26,921: [GC (Allocation Failure)  37336K->5912K(141312K), 0,0038407 secs]
26,948: [GC (Allocation Failure)  32536K->11736K(140288K), 0,0016256 secs]
26,982: [GC (Allocation Failure)  37336K->5880K(140800K), 0,0009028 secs]
27,006: [GC (Allocation Failure)  31480K->10680K(140288K), 0,0015678 secs]
27,040: [GC (Allocation Failure)  36280K->4792K(140800K), 0,0012470 secs]
27,063: [GC (Allocation Failure)  30392K->9560K(141312K), 0,0029539 secs]
27,099: [GC (Allocation Failure)  36184K->4760K(141312K), 0,0022465 secs]
27,127: [GC (Allocation Failure)  31384K->10616K(141312K), 0,0033702 secs]
27,168: [GC (Allocation Failure)  37240K->5784K(141312K), 0,0019023 secs]
27,198: [GC (Allocation Failure)  32408K->11576K(139776K), 0,0039017 secs]
27,237: [GC (Allocation Failure)  37176K->5720K(140800K), 0,0056408 secs]
27,265: [GC (Allocation Failure)  31320K->10488K(141312K), 0,0014708 secs]
27,300: [GC (Allocation Failure)  37112K->5720K(141312K), 0,0008056 secs]
27,324: [GC (Allocation Failure)  32344K->11480K(140288K), 0,0017956 secs]
27,358: [GC (Allocation Failure)  37080K->5656K(140800K), 0,0008424 secs]
27,381: [GC (Allocation Failure)  31256K->10424K(141312K), 0,0077867 secs]
27,424: [GC (Allocation Failure)  37048K->5624K(141312K), 0,0011894 secs]
27,450: [GC (Allocation Failure)  32248K->11416K(140288K), 0,0021852 secs]
27,486: [GC (Allocation Failure)  37016K->5560K(140800K), 0,0010553 secs]
27,512: [GC (Allocation Failure)  31160K->10328K(141312K), 0,0042589 secs]
27,550: [GC (Allocation Failure)  36952K->5528K(141312K), 0,0017653 secs]
27,576: [GC (Allocation Failure)  32152K->11320K(140288K), 0,0021303 secs]
27,612: [GC (Allocation Failure)  36920K->5464K(140800K), 0,0032149 secs]
27,640: [GC (Allocation Failure)  31064K->10264K(141312K), 0,0044620 secs]
27,678: [GC (Allocation Failure)  36888K->5496K(141312K), 0,0011645 secs]
27,703: [GC (Allocation Failure)  32120K->11288K(140288K), 0,0024576 secs]
27,739: [GC (Allocation Failure)  36888K->5400K(140800K), 0,0033237 secs]
27,767: [GC (Allocation Failure)  31000K->10168K(141312K), 0,0023756 secs]
27,802: [GC (Allocation Failure)  36792K->5368K(141312K), 0,0010333 secs]
27,827: [GC (Allocation Failure)  31992K->11192K(140288K), 0,0022793 secs]
27,864: [GC (Allocation Failure)  36792K->5336K(140800K), 0,0010565 secs]
27,889: [GC (Allocation Failure)  30936K->10072K(141312K), 0,0019131 secs]
27,924: [GC (Allocation Failure)  36696K->5272K(141312K), 0,0010776 secs]
27,950: [GC (Allocation Failure)  31896K->11096K(141312K), 0,0023333 secs]
27,987: [GC (Allocation Failure)  37720K->6296K(141312K), 0,0025309 secs]
28,014: [GC (Allocation Failure)  32920K->12088K(140288K), 0,0030766 secs]
28,051: [GC (Allocation Failure)  37688K->6264K(140800K), 0,0012378 secs]
28,077: [GC (Allocation Failure)  31864K->11032K(140288K), 0,0047657 secs]
28,115: [GC (Allocation Failure)  36632K->5176K(140800K), 0,0012108 secs]
28,141: [GC (Allocation Failure)  30776K->9944K(141312K), 0,0041562 secs]
28,180: [GC (Allocation Failure)  36056K->4600K(140800K), 0,0009110 secs]
28,206: [GC (Allocation Failure)  30712K->9880K(141312K), 0,0019831 secs]
28,247: [GC (Allocation Failure)  36504K->5048K(141312K), 0,0018450 secs]
28,277: [GC (Allocation Failure)  31672K->10904K(141312K), 0,0043268 secs]
28,315: [GC (Allocation Failure)  37528K->6104K(141312K), 0,0008386 secs]
28,339: [GC (Allocation Failure)  32728K->11928K(140288K), 0,0023319 secs]
28,373: [GC (Allocation Failure)  37528K->6072K(140800K), 0,0011744 secs]
28,397: [GC (Allocation Failure)  31672K->10776K(140288K), 0,0040728 secs]
28,438: [GC (Allocation Failure)  36376K->4952K(140800K), 0,0056740 secs]
28,472: [GC (Allocation Failure)  30552K->9752K(141312K), 0,0032836 secs]
28,513: [GC (Allocation Failure)  36376K->4920K(141312K), 0,0055593 secs]
28,544: [GC (Allocation Failure)  31544K->10712K(141312K), 0,0047143 secs]
28,583: [GC (Allocation Failure)  37336K->5944K(141312K), 0,0011326 secs]
28,608: [GC (Allocation Failure)  32568K->11704K(140288K), 0,0032299 secs]
28,646: [GC (Allocation Failure)  37304K->5848K(140800K), 0,0033166 secs]
28,674: [GC (Allocation Failure)  31448K->10680K(140288K), 0,0021653 secs]
28,711: [GC (Allocation Failure)  36280K->4792K(140800K), 0,0024713 secs]
28,738: [GC (Allocation Failure)  30392K->9560K(141312K), 0,0024266 secs]
28,775: [GC (Allocation Failure)  36184K->4760K(141312K), 0,0010309 secs]
28,801: [GC (Allocation Failure)  31384K->10584K(141312K), 0,0026748 secs]
28,838: [GC (Allocation Failure)  37208K->5752K(141312K), 0,0025835 secs]
28,864: [GC (Allocation Failure)  32376K->11544K(139776K), 0,0050991 secs]
28,902: [GC (Allocation Failure)  37144K->5720K(140800K), 0,0019414 secs]
28,927: [GC (Allocation Failure)  31320K->10456K(141312K), 0,0015482 secs]
28,961: [GC (Allocation Failure)  37080K->5688K(141312K), 0,0008651 secs]
28,985: [GC (Allocation Failure)  32312K->11512K(140288K), 0,0016518 secs]
29,019: [GC (Allocation Failure)  37112K->5656K(140800K), 0,0024920 secs]
29,046: [GC (Allocation Failure)  31256K->10392K(141312K), 0,0037821 secs]
29,087: [GC (Allocation Failure)  37016K->5592K(141312K), 0,0019233 secs]
29,117: [GC (Allocation Failure)  32216K->11384K(140288K), 0,0035342 secs]
29,158: [GC (Allocation Failure)  36984K->5592K(140800K), 0,0020024 secs]
29,188: [GC (Allocation Failure)  31192K->10360K(141312K), 0,0067563 secs]
29,227: [GC (Allocation Failure)  36984K->5528K(141312K), 0,0011675 secs]
29,252: [GC (Allocation Failure)  32152K->11352K(140288K), 0,0024861 secs]
29,288: [GC (Allocation Failure)  36952K->5464K(140800K), 0,0055119 secs]
29,316: [GC (Allocation Failure)  31064K->10264K(141312K), 0,0014138 secs]
29,351: [GC (Allocation Failure)  36888K->5432K(141312K), 0,0028716 secs]
29,377: [GC (Allocation Failure)  32056K->11256K(140288K), 0,0016446 secs]
29,411: [GC (Allocation Failure)  36856K->5432K(140800K), 0,0008670 secs]
29,434: [GC (Allocation Failure)  31032K->10168K(141312K), 0,0014103 secs]
29,469: [GC (Allocation Failure)  36792K->5368K(141312K), 0,0022362 secs]
29,494: [GC (Allocation Failure)  31992K->11192K(140288K), 0,0037377 secs]
29,530: [GC (Allocation Failure)  36792K->5336K(140800K), 0,0007633 secs]
29,553: [GC (Allocation Failure)  30936K->10104K(141312K), 0,0031141 secs]
29,589: [GC (Allocation Failure)  36728K->5240K(141312K), 0,0022931 secs]
29,614: [GC (Allocation Failure)  31864K->11096K(140288K), 0,0015885 secs]
29,648: [GC (Allocation Failure)  36696K->5272K(140800K), 0,0007433 secs]
29,671: [GC (Allocation Failure)  30872K->10040K(141312K), 0,0014230 secs]
29,706: [GC (Allocation Failure)  36664K->5208K(141312K), 0,0007078 secs]
29,730: [GC (Allocation Failure)  31832K->11000K(141312K), 0,0016898 secs]
29,764: [GC (Allocation Failure)  37624K->6200K(141312K), 0,0010244 secs]
29,788: [GC (Allocation Failure)  32824K->12024K(140288K), 0,0018185 secs]
29,822: [GC (Allocation Failure)  37624K->6136K(140800K), 0,0034622 secs]
29,848: [GC (Allocation Failure)  31736K->10904K(140288K), 0,0031332 secs]
29,884: [GC (Allocation Failure)  36504K->5048K(140800K), 0,0007898 secs]
29,907: [GC (Allocation Failure)  30648K->9848K(141312K), 0,0015799 secs]
29,942: [GC (Allocation Failure)  36472K->5048K(141312K), 0,0007371 secs]
29,965: [GC (Allocation Failure)  31672K->10840K(141312K), 0,0038180 secs]
30,002: [GC (Allocation Failure)  37464K->6040K(141312K), 0,0009171 secs]
30,026: [GC (Allocation Failure)  32664K->11864K(140288K), 0,0016394 secs]
30,060: [GC (Allocation Failure)  37464K->5976K(140800K), 0,0060979 secs]
30,092: [GC (Allocation Failure)  31576K->10744K(140288K), 0,0022464 secs]
30,127: [GC (Allocation Failure)  36344K->4920K(140800K), 0,0022816 secs]
30,152: [GC (Allocation Failure)  30520K->9688K(141312K), 0,0060151 secs]
30,191: [GC (Allocation Failure)  36312K->4856K(141312K), 0,0017434 secs]
30,215: [GC (Allocation Failure)  31480K->10680K(141312K), 0,0013246 secs]
30,253: [GC (Allocation Failure)  37304K->5880K(141312K), 0,0019674 secs]
30,283: [GC (Allocation Failure)  32504K->11704K(140288K), 0,0039248 secs]
30,324: [GC (Allocation Failure)  37304K->5880K(140800K), 0,0019958 secs]
30,354: [GC (Allocation Failure)  31480K->10584K(141312K), 0,0037810 secs]
30,392: [GC (Allocation Failure)  37208K->5816K(141312K), 0,0011642 secs]
30,418: [GC (Allocation Failure)  32440K->11608K(140288K), 0,0022866 secs]
30,454: [GC (Allocation Failure)  37208K->5784K(140800K), 0,0011165 secs]
30,479: [GC (Allocation Failure)  31384K->10552K(140288K), 0,0022669 secs]
30,518: [GC (Allocation Failure)  36152K->4696K(140800K), 0,0017241 secs]
30,548: [GC (Allocation Failure)  30296K->9432K(141312K), 0,0066092 secs]
30,587: [GC (Allocation Failure)  36056K->4664K(141312K), 0,0007226 secs]
30,611: [GC (Allocation Failure)  31288K->10456K(141312K), 0,0024239 secs]
30,646: [GC (Allocation Failure)  37080K->5656K(141312K), 0,0014838 secs]
30,674: [GC (Allocation Failure)  32280K->11416K(140800K), 0,0041749 secs]
30,716: [GC (Allocation Failure)  38040K->6648K(141312K), 0,0022717 secs]
30,746: [GC (Allocation Failure)  33272K->12440K(140288K), 0,0042647 secs]
30,785: [GC (Allocation Failure)  38040K->6584K(140800K), 0,0037644 secs]
30,811: [GC (Allocation Failure)  32184K->11352K(140288K), 0,0015130 secs]
30,844: [GC (Allocation Failure)  36952K->5560K(140800K), 0,0005402 secs]
30,867: [GC (Allocation Failure)  31160K->10296K(140800K), 0,0035274 secs]
30,909: [GC (Allocation Failure)  35896K->4408K(140800K), 0,0036455 secs]
30,936: [GC (Allocation Failure)  30008K->9208K(141312K), 0,0043380 secs]
30,979: [GC (Allocation Failure)  35320K->3864K(140800K), 0,0029595 secs]
31,008: [GC (Allocation Failure)  29976K->9176K(141824K), 0,0016416 secs]
31,044: [GC (Allocation Failure)  36312K->4856K(141312K), 0,0025230 secs]
31,074: [GC (Allocation Failure)  31992K->11224K(140800K), 0,0020983 secs]
31,109: [GC (Allocation Failure)  37848K->6360K(141312K), 0,0035876 secs]
31,139: [GC (Allocation Failure)  32984K->12184K(139776K), 0,0024117 secs]
31,176: [GC (Allocation Failure)  37784K->6328K(140800K), 0,0064614 secs]
31,203: [GC (Allocation Failure)  31928K->11128K(140288K), 0,0011992 secs]
31,236: [GC (Allocation Failure)  36728K->5304K(140800K), 0,0045809 secs]
31,266: [GC (Allocation Failure)  30904K->10040K(141312K), 0,0042957 secs]
31,306: [GC (Allocation Failure)  36664K->5240K(141312K), 0,0030457 secs]
31,331: [GC (Allocation Failure)  31864K->11032K(140288K), 0,0029037 secs]
31,367: [GC (Allocation Failure)  36632K->5176K(140800K), 0,0017938 secs]
31,391: [GC (Allocation Failure)  30776K->9976K(141312K), 0,0024229 secs]
31,426: [GC (Allocation Failure)  36600K->5144K(141312K), 0,0017479 secs]
31,450: [GC (Allocation Failure)  31768K->10968K(141312K), 0,0027040 secs]
31,486: [GC (Allocation Failure)  37592K->6168K(141312K), 0,0019071 secs]
31,510: [GC (Allocation Failure)  32792K->11960K(140288K), 0,0023408 secs]
31,545: [GC (Allocation Failure)  37560K->6168K(140800K), 0,0020046 secs]
31,573: [GC (Allocation Failure)  31768K->10904K(140288K), 0,0049717 secs]
31,615: [GC (Allocation Failure)  36504K->5048K(140800K), 0,0024198 secs]
31,646: [GC (Allocation Failure)  30648K->9816K(141312K), 0,0032915 secs]
31,686: [GC (Allocation Failure)  36440K->5016K(141312K), 0,0010672 secs]
31,711: [GC (Allocation Failure)  31640K->10808K(141312K), 0,0045568 secs]
31,749: [GC (Allocation Failure)  37432K->5976K(141312K), 0,0053039 secs]
31,778: [GC (Allocation Failure)  32600K->11768K(140288K), 0,0032801 secs]
31,813: [GC (Allocation Failure)  37368K->5944K(140800K), 0,0023790 secs]
31,838: [GC (Allocation Failure)  31544K->10712K(140288K), 0,0015480 secs]
31,873: [GC (Allocation Failure)  36312K->4888K(140800K), 0,0021442 secs]
31,897: [GC (Allocation Failure)  30488K->9688K(141312K), 0,0014204 secs]
31,932: [GC (Allocation Failure)  36312K->4856K(141312K), 0,0006889 secs]
31,956: [GC (Allocation Failure)  31480K->10648K(141312K), 0,0034641 secs]
31,992: [GC (Allocation Failure)  37272K->5848K(141312K), 0,0009715 secs]
32,016: [GC (Allocation Failure)  32472K->11640K(140288K), 0,0032203 secs]
32,051: [GC (Allocation Failure)  37240K->5816K(140800K), 0,0023450 secs]
32,077: [GC (Allocation Failure)  31416K->10584K(141312K), 0,0016842 secs]
32,111: [GC (Allocation Failure)  37208K->5784K(141312K), 0,0007999 secs]
32,138: [GC (Allocation Failure)  32408K->11576K(140288K), 0,0036863 secs]
32,175: [GC (Allocation Failure)  37176K->5720K(140800K), 0,0024223 secs]
32,204: [GC (Allocation Failure)  31320K->10488K(140288K), 0,0034363 secs]
32,243: [GC (Allocation Failure)  36088K->4632K(140800K), 0,0006640 secs]
32,266: [GC (Allocation Failure)  30232K->9432K(141312K), 0,0011846 secs]
32,300: [GC (Allocation Failure)  36056K->4600K(141312K), 0,0009636 secs]
32,323: [GC (Allocation Failure)  31224K->10424K(141312K), 0,0012817 secs]
32,357: [GC (Allocation Failure)  37048K->5592K(141312K), 0,0019249 secs]
32,381: [GC (Allocation Failure)  32216K->11416K(140800K), 0,0025960 secs]
32,417: [GC (Allocation Failure)  38040K->6552K(141312K), 0,0030656 secs]
32,446: [GC (Allocation Failure)  33176K->12408K(140288K), 0,0040426 secs]
32,488: [GC (Allocation Failure)  38008K->6552K(140800K), 0,0060422 secs]
32,520: [GC (Allocation Failure)  32152K->11320K(140288K), 0,0022198 secs]
32,557: [GC (Allocation Failure)  36920K->5496K(140800K), 0,0045105 secs]
32,587: [GC (Allocation Failure)  31096K->10232K(140800K), 0,0020219 secs]
32,624: [GC (Allocation Failure)  35832K->4440K(140800K), 0,0009900 secs]
32,650: [GC (Allocation Failure)  30040K->9144K(141312K), 0,0017299 secs]
32,686: [GC (Allocation Failure)  35768K->4376K(141312K), 0,0009486 secs]
32,711: [GC (Allocation Failure)  31000K->10168K(141312K), 0,0022150 secs]
32,748: [GC (Allocation Failure)  36792K->5368K(141312K), 0,0010644 secs]
32,774: [GC (Allocation Failure)  31992K->11192K(140800K), 0,0023631 secs]
32,811: [GC (Allocation Failure)  37816K->6360K(141312K), 0,0013519 secs]
32,837: [GC (Allocation Failure)  32984K->12152K(139776K), 0,0023389 secs]
32,874: [GC (Allocation Failure)  37752K->6328K(140800K), 0,0012380 secs]
32,900: [GC (Allocation Failure)  31928K->11064K(140288K), 0,0043427 secs]
32,939: [GC (Allocation Failure)  36664K->5272K(140800K), 0,0010631 secs]
32,964: [GC (Allocation Failure)  30872K->10040K(141312K), 0,0019055 secs]
33,001: [GC (Allocation Failure)  36664K->5208K(141312K), 0,0010945 secs]
33,027: [GC (Allocation Failure)  31832K->11000K(140288K), 0,0044409 secs]
33,066: [GC (Allocation Failure)  36600K->5144K(140800K), 0,0033183 secs]
33,093: [GC (Allocation Failure)  30744K->9912K(141312K), 0,0077115 secs]
33,135: [GC (Allocation Failure)  36536K->5112K(141312K), 0,0027204 secs]
33,160: [GC (Allocation Failure)  31736K->10904K(141312K), 0,0017072 secs]
33,195: [GC (Allocation Failure)  37528K->6104K(141312K), 0,0023810 secs]
33,221: [GC (Allocation Failure)  32728K->11928K(140288K), 0,0017310 secs]
33,256: [GC (Allocation Failure)  37528K->6072K(140800K), 0,0009446 secs]
33,279: [GC (Allocation Failure)  31672K->10840K(140288K), 0,0032642 secs]
33,315: [GC (Allocation Failure)  36440K->5016K(140800K), 0,0007740 secs]
33,339: [GC (Allocation Failure)  30616K->9816K(141312K), 0,0017828 secs]
33,373: [GC (Allocation Failure)  36440K->4984K(141312K), 0,0047889 secs]
33,401: [GC (Allocation Failure)  31608K->10776K(141312K), 0,0019815 secs]
33,436: [GC (Allocation Failure)  37400K->5912K(141312K), 0,0050119 secs]
33,465: [GC (Allocation Failure)  32536K->11768K(140288K), 0,0022657 secs]
33,503: [GC (Allocation Failure)  37368K->5944K(140800K), 0,0064915 secs]
33,535: [GC (Allocation Failure)  31544K->10680K(140288K), 0,0016000 secs]
33,568: [GC (Allocation Failure)  36280K->4856K(140800K), 0,0064762 secs]
33,603: [GC (Allocation Failure)  30456K->9624K(141312K), 0,0031221 secs]
33,643: [GC (Allocation Failure)  36248K->4792K(141312K), 0,0024010 secs]
33,674: [GC (Allocation Failure)  31416K->10616K(141312K), 0,0063190 secs]
33,718: [GC (Allocation Failure)  37240K->5784K(141312K), 0,0060415 secs]
33,752: [GC (Allocation Failure)  32408K->11640K(139776K), 0,0028114 secs]
33,788: [GC (Allocation Failure)  37240K->5784K(140800K), 0,0027384 secs]
33,814: [GC (Allocation Failure)  31384K->10520K(141312K), 0,0013908 secs]
33,848: [GC (Allocation Failure)  37144K->5752K(141312K), 0,0007591 secs]
33,872: [GC (Allocation Failure)  32376K->11512K(140288K), 0,0017182 secs]
33,910: [GC (Allocation Failure)  37112K->5656K(140800K), 0,0036585 secs]
33,937: [GC (Allocation Failure)  31256K->10456K(141312K), 0,0011161 secs]
33,970: [GC (Allocation Failure)  37080K->5624K(141312K), 0,0030864 secs]
33,997: [GC (Allocation Failure)  32248K->11480K(140288K), 0,0023258 secs]
34,032: [GC (Allocation Failure)  37080K->5592K(140800K), 0,0009240 secs]
34,057: [GC (Allocation Failure)  31192K->10392K(140288K), 0,0049538 secs]
34,096: [GC (Allocation Failure)  35992K->4536K(140800K), 0,0009484 secs]
34,121: [GC (Allocation Failure)  30136K->9272K(141312K), 0,0040538 secs]
34,161: [GC (Allocation Failure)  35896K->4504K(141312K), 0,0025422 secs]
34,186: [GC (Allocation Failure)  31128K->10264K(140800K), 0,0026092 secs]
34,223: [GC (Allocation Failure)  36888K->5464K(141312K), 0,0021303 secs]
34,249: [GC (Allocation Failure)  32088K->11288K(140800K), 0,0051770 secs]
34,292: [GC (Allocation Failure)  37912K->6488K(141312K), 0,0022631 secs]
34,321: [GC (Allocation Failure)  33112K->12280K(139776K), 0,0031251 secs]
34,359: [GC (Allocation Failure)  37880K->6424K(140800K), 0,0020486 secs]
34,385: [GC (Allocation Failure)  32024K->11224K(140288K), 0,0016077 secs]
34,424: [GC (Allocation Failure)  36824K->5400K(140800K), 0,0018366 secs]
34,453: [GC (Allocation Failure)  31000K->10136K(141312K), 0,0020704 secs]
34,489: [GC (Allocation Failure)  36760K->5304K(141312K), 0,0012567 secs]
34,516: [GC (Allocation Failure)  31928K->11128K(140288K), 0,0015837 secs]
34,548: [GC (Allocation Failure)  36728K->5272K(140800K), 0,0011736 secs]
34,573: [GC (Allocation Failure)  30872K->10040K(141312K), 0,0034646 secs]
34,609: [GC (Allocation Failure)  36664K->5208K(141312K), 0,0019885 secs]
34,633: [GC (Allocation Failure)  31832K->11000K(140288K), 0,0021287 secs]
34,667: [GC (Allocation Failure)  36600K->5144K(140800K), 0,0021079 secs]
34,691: [GC (Allocation Failure)  30744K->9944K(141312K), 0,0020171 secs]
34,731: [GC (Allocation Failure)  36568K->5112K(141312K), 0,0025819 secs]
34,758: [GC (Allocation Failure)  31736K->10936K(141312K), 0,0021762 secs]
34,793: [GC (Allocation Failure)  37560K->6104K(141312K), 0,0023794 secs]
34,817: [GC (Allocation Failure)  32728K->11384K(140288K), 0,0020032 secs]
34,852: [GC (Allocation Failure)  36984K->5608K(140800K), 0,0010321 secs]
34,876: [GC (Allocation Failure)  31208K->10344K(141312K), 0,0044809 secs]
34,914: [GC (Allocation Failure)  36968K->5544K(141312K), 0,0022614 secs]
34,939: [GC (Allocation Failure)  32168K->11368K(140288K), 0,0058961 secs]
34,975: [GC (Allocation Failure)  36968K->5480K(140800K), 0,0027665 secs]
34,999: [GC (Allocation Failure)  31080K->10248K(141312K), 0,0027730 secs]
35,033: [GC (Allocation Failure)  36872K->5064K(141312K), 0,0005104 secs]
35,054: [GC (Allocation Failure)  31688K->10648K(141312K), 0,0020467 secs]
35,087: [GC (Allocation Failure)  37272K->5024K(141312K), 0,0016795 secs]
35,110: [GC (Allocation Failure)  31648K->10624K(141312K), 0,0021946 secs]
35,144: [GC (Allocation Failure)  37248K->5112K(141312K), 0,0018458 secs]
35,169: [GC (Allocation Failure)  31736K->10064K(141824K), 0,0019643 secs]
35,202: [GC (Allocation Failure)  37200K->5352K(141312K), 0,0020409 secs]
35,225: [GC (Allocation Failure)  32488K->11552K(140800K), 0,0012827 secs]
35,259: [GC (Allocation Failure)  38176K->6544K(141312K), 0,0007479 secs]
35,281: [GC (Allocation Failure)  33168K->12136K(140800K), 0,0021794 secs]
35,320: [GC (Allocation Failure)  38760K->7080K(141312K), 0,0033323 secs]
35,349: [GC (Allocation Failure)  33704K->12984K(139776K), 0,0047402 secs]
35,391: [GC (Allocation Failure)  38584K->7128K(140800K), 0,0025416 secs]
35,422: [GC (Allocation Failure)  32728K->11896K(141312K), 0,0038093 secs]
35,463: [GC (Allocation Failure)  38520K->7064K(141312K), 0,0062906 secs]
35,498: [GC (Allocation Failure)  33688K->12856K(140288K), 0,0093142 secs]
35,545: [GC (Allocation Failure)  38456K->7000K(140800K), 0,0028784 secs]
35,576: [GC (Allocation Failure)  32600K->11768K(141312K), 0,0038922 secs]
35,617: [GC (Allocation Failure)  38392K->6968K(141312K), 0,0023709 secs]
35,648: [GC (Allocation Failure)  33592K->12792K(140288K), 0,0067111 secs]
35,689: [GC (Allocation Failure)  38392K->6968K(140800K), 0,0014179 secs]
35,715: [GC (Allocation Failure)  32568K->11736K(141312K), 0,0065746 secs]
35,757: [GC (Allocation Failure)  38360K->6904K(141312K), 0,0034570 secs]
35,784: [GC (Allocation Failure)  33528K->12728K(140288K), 0,0024936 secs]
35,820: [GC (Allocation Failure)  38328K->6904K(140800K), 0,0014374 secs]
35,846: [GC (Allocation Failure)  32504K->11608K(141312K), 0,0038089 secs]
35,883: [GC (Allocation Failure)  38232K->6840K(141312K), 0,0073119 secs]
35,916: [GC (Allocation Failure)  33464K->12632K(140288K), 0,0017425 secs]
35,950: [GC (Allocation Failure)  38232K->6776K(140800K), 0,0055066 secs]
35,980: [GC (Allocation Failure)  32376K->11544K(141312K), 0,0024045 secs]
36,016: [GC (Allocation Failure)  38168K->6744K(141312K), 0,0018927 secs]
36,040: [GC (Allocation Failure)  33368K->12568K(140288K), 0,0016233 secs]
36,073: [GC (Allocation Failure)  38168K->6712K(140800K), 0,0006993 secs]
36,099: [GC (Allocation Failure)  32312K->11512K(141312K), 0,0038290 secs]
36,140: [GC (Allocation Failure)  38136K->6680K(141312K), 0,0025632 secs]
36,169: [GC (Allocation Failure)  33304K->12504K(140288K), 0,0024185 secs]
36,204: [GC (Allocation Failure)  38104K->6616K(140800K), 0,0026334 secs]
36,230: [GC (Allocation Failure)  32216K->11384K(141312K), 0,0021443 secs]
36,264: [GC (Allocation Failure)  38008K->6584K(141312K), 0,0006928 secs]
36,285: [GC (Allocation Failure)  33208K->12376K(141312K), 0,0012766 secs]
36,318: [GC (Allocation Failure)  39000K->7576K(141312K), 0,0009067 secs]
36,340: [GC (Allocation Failure)  34200K->13368K(140288K), 0,0014802 secs]
36,376: [GC (Allocation Failure)  38968K->7544K(140800K), 0,0023973 secs]
36,405: [GC (Allocation Failure)  33144K->12312K(140288K), 0,0041099 secs]
36,446: [GC (Allocation Failure)  37912K->6456K(140800K), 0,0022957 secs]
36,477: [GC (Allocation Failure)  32056K->11224K(141312K), 0,0025680 secs]
36,516: [GC (Allocation Failure)  37848K->6424K(141312K), 0,0012878 secs]
36,541: [GC (Allocation Failure)  33048K->12248K(140288K), 0,0033762 secs]
36,576: [GC (Allocation Failure)  37848K->6392K(140800K), 0,0007823 secs]
36,600: [GC (Allocation Failure)  31992K->11160K(141312K), 0,0033063 secs]
36,636: [GC (Allocation Failure)  37784K->6392K(141312K), 0,0021558 secs]
36,666: [GC (Allocation Failure)  33016K->12152K(141312K), 0,0071773 secs]
36,710: [GC (Allocation Failure)  38776K->7352K(141312K), 0,0025084 secs]
36,740: [GC (Allocation Failure)  33976K->13112K(139776K), 0,0054502 secs]
36,778: [GC (Allocation Failure)  38712K->7288K(140800K), 0,0025581 secs]
36,809: [GC (Allocation Failure)  32888K->12056K(140288K), 0,0052733 secs]
36,852: [GC (Allocation Failure)  37656K->6232K(140800K), 0,0023806 secs]
36,882: [GC (Allocation Failure)  31832K->11000K(141312K), 0,0035684 secs]
36,925: [GC (Allocation Failure)  37624K->6168K(141312K), 0,0026890 secs]
36,956: [GC (Allocation Failure)  32792K->11992K(141312K), 0,0065398 secs]
36,995: [GC (Allocation Failure)  38616K->7192K(141312K), 0,0025709 secs]
37,021: [GC (Allocation Failure)  33816K->12952K(139776K), 0,0030452 secs]
37,056: [GC (Allocation Failure)  38552K->7160K(140800K), 0,0057153 secs]
37,084: [GC (Allocation Failure)  32760K->11928K(141312K), 0,0027022 secs]
37,120: [GC (Allocation Failure)  38552K->7096K(141312K), 0,0017326 secs]
37,143: [GC (Allocation Failure)  33720K->12920K(140288K), 0,0026041 secs]
37,178: [GC (Allocation Failure)  38520K->7064K(140800K), 0,0016045 secs]
37,201: [GC (Allocation Failure)  32664K->11832K(141312K), 0,0022466 secs]
37,236: [GC (Allocation Failure)  38456K->7000K(141312K), 0,0016505 secs]
37,260: [GC (Allocation Failure)  33624K->12824K(140288K), 0,0024474 secs]
37,295: [GC (Allocation Failure)  38424K->6968K(140800K), 0,0049577 secs]
37,322: [GC (Allocation Failure)  32568K->11736K(141312K), 0,0015171 secs]
37,356: [GC (Allocation Failure)  38360K->6968K(141312K), 0,0007695 secs]
37,379: [GC (Allocation Failure)  33592K->12728K(140288K), 0,0014152 secs]
37,413: [GC (Allocation Failure)  38328K->6904K(140800K), 0,0007467 secs]
37,436: [GC (Allocation Failure)  32504K->11672K(141312K), 0,0014197 secs]
37,470: [GC (Allocation Failure)  38296K->6872K(141312K), 0,0007227 secs]
37,493: [GC (Allocation Failure)  33496K->12664K(140288K), 0,0022673 secs]
37,528: [GC (Allocation Failure)  38264K->6776K(140800K), 0,0021551 secs]
37,552: [GC (Allocation Failure)  32376K->11576K(141312K), 0,0015132 secs]
37,587: [GC (Allocation Failure)  38200K->6776K(141312K), 0,0008249 secs]
37,610: [GC (Allocation Failure)  33400K->12600K(140288K), 0,0029893 secs]
37,646: [GC (Allocation Failure)  38200K->6744K(140800K), 0,0035079 secs]
37,672: [GC (Allocation Failure)  32344K->11512K(141312K), 0,0028209 secs]
37,708: [GC (Allocation Failure)  38136K->6680K(141312K), 0,0023824 secs]
37,739: [GC (Allocation Failure)  33304K->12504K(140288K), 0,0039591 secs]
37,779: [GC (Allocation Failure)  38104K->6648K(140800K), 0,0015635 secs]
37,806: [GC (Allocation Failure)  32248K->11416K(141312K), 0,0038156 secs]
37,845: [GC (Allocation Failure)  38040K->6648K(141312K), 0,0005886 secs]
37,866: [GC (Allocation Failure)  33272K->12408K(141312K), 0,0012512 secs]
37,905: [GC (Allocation Failure)  39032K->7608K(141312K), 0,0046017 secs]
37,933: [GC (Allocation Failure)  34232K->13400K(140288K), 0,0020967 secs]
37,968: [GC (Allocation Failure)  39000K->7576K(140800K), 0,0008072 secs]
37,990: [GC (Allocation Failure)  33176K->12344K(140288K), 0,0038499 secs]
38,024: [GC (Allocation Failure)  37944K->6488K(140800K), 0,0023294 secs]
38,053: [GC (Allocation Failure)  32088K->11320K(141312K), 0,0015613 secs]
38,088: [GC (Allocation Failure)  37432K->5944K(140800K), 0,0052117 secs]
38,118: [GC (Allocation Failure)  32056K->11224K(141312K), 0,0018269 secs]
38,156: [GC (Allocation Failure)  37848K->6392K(141312K), 0,0012982 secs]
38,180: [GC (Allocation Failure)  33016K->12184K(141312K), 0,0028387 secs]
38,218: [GC (Allocation Failure)  38808K->7416K(141312K), 0,0026118 secs]
38,248: [GC (Allocation Failure)  34040K->13208K(139776K), 0,0034731 secs]
38,284: [GC (Allocation Failure)  38808K->7384K(140800K), 0,0008630 secs]
38,307: [GC (Allocation Failure)  32984K->12120K(140288K), 0,0024495 secs]
38,342: [GC (Allocation Failure)  37720K->6264K(140800K), 0,0045137 secs]
38,368: [GC (Allocation Failure)  31864K->11064K(141312K), 0,0012730 secs]
38,402: [GC (Allocation Failure)  37688K->6232K(141312K), 0,0060971 secs]
38,429: [GC (Allocation Failure)  32856K->12024K(141312K), 0,0043963 secs]
38,464: [GC (Allocation Failure)  38648K->7256K(141312K), 0,0024496 secs]
38,495: [GC (Allocation Failure)  33880K->13080K(139776K), 0,0036604 secs]
38,533: [GC (Allocation Failure)  38680K->7192K(140800K), 0,0118837 secs]
38,568: [GC (Allocation Failure)  32792K->11992K(140288K), 0,0045349 secs]
38,607: [GC (Allocation Failure)  37592K->6136K(140800K), 0,0025484 secs]
38,637: [GC (Allocation Failure)  31736K->10872K(141312K), 0,0169036 secs]
38,691: [GC (Allocation Failure)  37496K->5184K(141312K), 0,0014332 secs]
38,714: [GC (Allocation Failure)  31808K->10712K(141824K), 0,0066007 secs]
38,762: [GC (Allocation Failure)  37848K->6104K(141312K), 0,0017797 secs]
38,794: [GC (Allocation Failure)  33240K->11776K(140800K), 0,0031163 secs]
38,838: [GC (Allocation Failure)  38400K->5736K(141312K), 0,0035337 secs]
38,889: [GC (Allocation Failure)  32360K->10728K(141824K), 0,0051928 secs]
38,950: [GC (Allocation Failure)  38376K->6328K(141824K), 0,0035743 secs]
38,980: [GC (Allocation Failure)  33976K->12768K(140288K), 0,0046718 secs]
39,037: [GC (Allocation Failure)  39392K->7424K(141312K), 0,0036162 secs]
39,065: [GC (Allocation Failure)  34048K->13048K(140800K), 0,0046812 secs]
39,108: [GC (Allocation Failure)  39672K->8200K(141312K), 0,0026452 secs]
39,133: [GC (Allocation Failure)  34824K->14040K(139776K), 0,0051797 secs]
39,173: [GC (Allocation Failure)  39640K->8168K(140800K), 0,0034073 secs]
39,198: [GC (Allocation Failure)  33768K->12920K(140288K), 0,0030041 secs]
39,235: [GC (Allocation Failure)  38520K->7048K(140800K), 0,0024396 secs]
39,265: [GC (Allocation Failure)  32648K->11832K(141312K), 0,0042804 secs]
39,303: [GC (Allocation Failure)  38456K->7048K(141312K), 0,0021056 secs]
39,331: [GC (Allocation Failure)  33672K->12832K(141312K), 0,0035268 secs]
39,372: [GC (Allocation Failure)  39456K->8016K(141312K), 0,0024705 secs]
39,396: [GC (Allocation Failure)  34640K->13792K(140288K), 0,0032093 secs]
39,432: [GC (Allocation Failure)  39392K->7952K(140800K), 0,0006924 secs]
39,453: [GC (Allocation Failure)  33552K->12712K(140288K), 0,0013385 secs]
39,486: [GC (Allocation Failure)  38312K->6808K(140800K), 0,0014069 secs]
39,508: [GC (Allocation Failure)  32408K->11592K(141312K), 0,0018737 secs]
39,542: [GC (Allocation Failure)  38216K->6784K(141312K), 0,0012531 secs]
39,564: [GC (Allocation Failure)  33408K->12560K(141312K), 0,0020476 secs]
39,598: [GC (Allocation Failure)  39184K->7744K(141312K), 0,0006780 secs]
39,620: [GC (Allocation Failure)  34368K->13520K(140800K), 0,0014184 secs]
39,654: [GC (Allocation Failure)  40144K->8672K(141312K), 0,0029222 secs]
39,681: [GC (Allocation Failure)  35296K->14448K(139776K), 0,0039244 secs]
39,721: [GC (Allocation Failure)  40048K->8608K(140800K), 0,0060733 secs]
39,753: [GC (Allocation Failure)  34208K->13360K(140288K), 0,0037446 secs]
39,792: [GC (Allocation Failure)  38960K->7488K(140800K), 0,0021115 secs]
39,820: [GC (Allocation Failure)  33088K->12240K(141312K), 0,0055935 secs]
39,859: [GC (Allocation Failure)  38352K->6880K(140800K), 0,0012013 secs]
39,883: [GC (Allocation Failure)  32992K->12152K(141312K), 0,0013325 secs]
39,917: [GC (Allocation Failure)  38776K->7376K(141312K), 0,0040729 secs]
39,943: [GC (Allocation Failure)  34000K->13152K(141312K), 0,0024649 secs]
39,978: [GC (Allocation Failure)  39776K->8304K(141312K), 0,0017144 secs]
40,002: [GC (Allocation Failure)  34928K->14088K(139776K), 0,0015331 secs]
40,035: [GC (Allocation Failure)  39688K->8256K(140800K), 0,0007712 secs]
40,059: [GC (Allocation Failure)  33856K->13008K(141312K), 0,0042933 secs]
40,101: [GC (Allocation Failure)  39632K->8192K(141312K), 0,0030198 secs]
40,133: [GC (Allocation Failure)  34816K->13936K(140288K), 0,0034975 secs]
40,172: [GC (Allocation Failure)  39536K->8096K(140800K), 0,0015351 secs]
40,197: [GC (Allocation Failure)  33696K->12816K(141312K), 0,0041630 secs]
40,232: [GC (Allocation Failure)  39440K->8040K(141312K), 0,0019263 secs]
40,255: [GC (Allocation Failure)  34664K->13856K(140288K), 0,0014201 secs]
40,287: [GC (Allocation Failure)  39456K->8016K(140800K), 0,0030344 secs]
40,311: [GC (Allocation Failure)  33616K->12840K(141312K), 0,0012372 secs]
40,344: [GC (Allocation Failure)  39464K->7992K(141312K), 0,0006815 secs]
40,365: [GC (Allocation Failure)  34616K->13840K(140288K), 0,0021710 secs]
40,399: [GC (Allocation Failure)  39440K->7968K(140800K), 0,0006798 secs]
40,421: [GC (Allocation Failure)  33568K->12752K(141312K), 0,0026221 secs]
40,456: [GC (Allocation Failure)  39376K->7968K(141312K), 0,0006786 secs]
40,478: [GC (Allocation Failure)  34592K->13744K(141312K), 0,0020232 secs]
40,513: [GC (Allocation Failure)  40368K->8928K(141312K), 0,0006826 secs]
40,536: [GC (Allocation Failure)  35552K->14776K(140288K), 0,0017405 secs]
40,569: [GC (Allocation Failure)  40376K->8912K(140800K), 0,0007225 secs]
40,591: [GC (Allocation Failure)  34512K->13736K(140288K), 0,0013038 secs]
40,624: [GC (Allocation Failure)  39336K->7864K(140800K), 0,0006880 secs]
40,647: [GC (Allocation Failure)  33464K->12680K(141312K), 0,0013454 secs]
40,681: [GC (Allocation Failure)  38792K->7360K(140800K), 0,0007464 secs]
40,704: [GC (Allocation Failure)  33472K->12624K(141312K), 0,0023784 secs]
40,739: [GC (Allocation Failure)  39248K->7808K(141312K), 0,0013406 secs]
40,762: [GC (Allocation Failure)  34432K->13680K(141312K), 0,0013651 secs]
40,794: [GC (Allocation Failure)  40304K->8832K(141312K), 0,0008600 secs]
40,815: [GC (Allocation Failure)  35456K->14648K(139776K), 0,0014202 secs]
40,848: [GC (Allocation Failure)  40248K->8840K(140800K), 0,0007244 secs]
40,871: [GC (Allocation Failure)  34440K->13592K(141312K), 0,0020605 secs]
40,905: [GC (Allocation Failure)  40216K->8784K(141312K), 0,0006623 secs]
40,927: [GC (Allocation Failure)  35408K->14592K(140288K), 0,0014775 secs]
40,961: [GC (Allocation Failure)  40192K->8792K(140800K), 0,0015566 secs]
40,984: [GC (Allocation Failure)  34392K->13544K(140288K), 0,0013369 secs]
41,018: [GC (Allocation Failure)  39144K->7704K(140800K), 0,0027612 secs]
41,042: [GC (Allocation Failure)  33304K->12520K(141312K), 0,0011861 secs]
41,077: [GC (Allocation Failure)  39144K->7688K(141312K), 0,0024282 secs]
41,108: [GC (Allocation Failure)  34312K->13528K(141312K), 0,0044447 secs]
41,145: [GC (Allocation Failure)  40152K->8680K(141312K), 0,0039591 secs]
41,171: [GC (Allocation Failure)  35304K->14520K(140800K), 0,0016534 secs]
41,203: [GC (Allocation Failure)  41144K->9704K(141312K), 0,0014745 secs]
41,225: [GC (Allocation Failure)  36328K->15544K(140288K), 0,0022661 secs]
41,262: [GC (Allocation Failure)  41144K->9672K(140800K), 0,0057493 secs]
41,295: [GC (Allocation Failure)  35272K->14464K(140288K), 0,0043800 secs]
41,337: [GC (Allocation Failure)  40064K->8624K(140800K), 0,0024759 secs]
41,368: [GC (Allocation Failure)  34224K->13416K(140800K), 0,0042920 secs]
41,410: [GC (Allocation Failure)  39016K->7576K(140800K), 0,0030219 secs]
41,438: [GC (Allocation Failure)  33176K->12360K(141312K), 0,0019872 secs]
41,472: [GC (Allocation Failure)  38984K->7544K(141312K), 0,0010979 secs]
41,495: [GC (Allocation Failure)  34168K->13320K(141312K), 0,0018199 secs]
41,530: [GC (Allocation Failure)  39944K->8568K(141312K), 0,0025725 secs]
41,556: [GC (Allocation Failure)  35192K->14344K(140800K), 0,0019236 secs]
41,590: [GC (Allocation Failure)  40968K->9560K(141312K), 0,0012287 secs]
41,615: [GC (Allocation Failure)  36184K->15368K(139776K), 0,0019999 secs]
41,649: [GC (Allocation Failure)  40968K->9560K(140800K), 0,0022693 secs]
41,675: [GC (Allocation Failure)  35160K->14312K(140288K), 0,0060528 secs]
41,713: [GC (Allocation Failure)  39912K->8440K(140800K), 0,0018905 secs]
41,737: [GC (Allocation Failure)  34040K->13272K(141312K), 0,0027583 secs]
41,773: [GC (Allocation Failure)  39896K->8456K(141312K), 0,0043241 secs]
41,799: [GC (Allocation Failure)  35080K->14264K(141312K), 0,0018608 secs]
41,834: [GC (Allocation Failure)  40888K->9480K(141312K), 0,0021491 secs]
41,858: [GC (Allocation Failure)  36104K->15288K(139776K), 0,0029747 secs]
41,893: [GC (Allocation Failure)  40888K->9448K(140800K), 0,0007217 secs]
41,915: [GC (Allocation Failure)  35048K->14200K(141312K), 0,0018174 secs]
41,948: [GC (Allocation Failure)  40824K->9448K(141312K), 0,0006445 secs]
41,969: [GC (Allocation Failure)  36072K->15264K(140288K), 0,0014246 secs]
42,002: [GC (Allocation Failure)  40864K->9400K(140800K), 0,0016214 secs]
42,024: [GC (Allocation Failure)  35000K->14192K(140288K), 0,0012996 secs]
42,057: [GC (Allocation Failure)  39792K->8320K(140800K), 0,0014296 secs]
42,080: [GC (Allocation Failure)  33920K->13104K(141312K), 0,0012724 secs]
42,114: [GC (Allocation Failure)  39728K->8288K(141312K), 0,0005842 secs]
42,135: [GC (Allocation Failure)  34912K->14136K(141312K), 0,0014164 secs]
42,169: [GC (Allocation Failure)  40760K->9320K(141312K), 0,0007972 secs]
42,192: [GC (Allocation Failure)  35944K->15128K(140800K), 0,0031100 secs]
42,228: [GC (Allocation Failure)  41752K->10344K(141312K), 0,0020875 secs]
42,256: [GC (Allocation Failure)  36968K->16160K(140288K), 0,0037983 secs]
42,295: [GC (Allocation Failure)  41760K->10352K(140800K), 0,0017455 secs]
42,322: [GC (Allocation Failure)  35952K->15112K(140288K), 0,0026109 secs]
42,357: [GC (Allocation Failure)  40712K->9280K(140800K), 0,0058541 secs]
42,387: [GC (Allocation Failure)  34880K->14032K(141312K), 0,0025756 secs]
42,424: [GC (Allocation Failure)  40144K->8736K(140800K), 0,0028858 secs]
42,450: [GC (Allocation Failure)  34848K->14040K(141312K), 0,0017260 secs]
42,485: [GC (Allocation Failure)  40664K->9288K(141312K), 0,0011866 secs]
42,509: [GC (Allocation Failure)  35912K->15072K(140288K), 0,0019122 secs]
42,543: [GC (Allocation Failure)  40672K->9232K(140800K), 0,0028513 secs]
42,568: [GC (Allocation Failure)  34832K->13984K(141312K), 0,0036714 secs]
42,605: [GC (Allocation Failure)  40608K->9168K(141312K), 0,0014178 secs]
42,630: [GC (Allocation Failure)  35792K->14976K(141312K), 0,0037666 secs]
42,666: [GC (Allocation Failure)  41600K->10192K(141312K), 0,0027164 secs]
42,692: [GC (Allocation Failure)  36816K->16040K(140288K), 0,0021064 secs]
42,726: [GC (Allocation Failure)  41640K->10168K(140800K), 0,0018359 secs]
42,751: [GC (Allocation Failure)  35768K->14952K(140288K), 0,0019258 secs]
42,791: [GC (Allocation Failure)  40552K->8920K(140800K), 0,0055510 secs]
42,820: [GC (Allocation Failure)  34520K->13688K(141312K), 0,0027202 secs]
42,855: [GC (Allocation Failure)  40312K->8840K(141312K), 0,0021327 secs]
42,883: [GC (Allocation Failure)  35464K->14648K(141312K), 0,0044990 secs]
42,921: [GC (Allocation Failure)  41272K->9832K(141312K), 0,0039033 secs]
42,947: [GC (Allocation Failure)  36456K->15608K(139776K), 0,0036290 secs]
42,983: [GC (Allocation Failure)  41208K->9736K(140800K), 0,0028382 secs]
43,008: [GC (Allocation Failure)  35336K->14488K(141312K), 0,0030001 secs]
43,043: [GC (Allocation Failure)  41112K->9704K(141312K), 0,0015522 secs]
43,066: [GC (Allocation Failure)  36328K->15544K(140288K), 0,0022518 secs]
43,100: [GC (Allocation Failure)  41144K->9672K(140800K), 0,0018529 secs]
43,122: [GC (Allocation Failure)  35272K->14456K(141312K), 0,0022455 secs]
43,155: [GC (Allocation Failure)  41080K->9640K(141312K), 0,0069223 secs]
43,182: [GC (Allocation Failure)  36264K->15480K(141312K), 0,0062521 secs]
43,219: [GC (Allocation Failure)  42104K->10664K(141312K), 0,0052302 secs]
43,246: [GC (Allocation Failure)  37288K->16472K(140288K), 0,0018932 secs]
43,278: [GC (Allocation Failure)  42072K->10664K(140800K), 0,0022936 secs]
43,302: [GC (Allocation Failure)  36264K->15416K(140288K), 0,0026966 secs]
43,335: [GC (Allocation Failure)  41016K->9608K(140800K), 0,0014137 secs]
43,357: [GC (Allocation Failure)  35208K->14360K(141312K), 0,0020576 secs]
43,391: [GC (Allocation Failure)  40472K->9032K(140800K), 0,0012938 secs]
43,414: [GC (Allocation Failure)  35144K->14360K(141312K), 0,0022293 secs]
43,449: [GC (Allocation Failure)  40984K->9544K(141312K), 0,0020893 secs]
43,473: [GC (Allocation Failure)  36168K->15320K(141312K), 0,0022941 secs]
43,508: [GC (Allocation Failure)  41944K->10536K(141312K), 0,0014978 secs]
43,531: [GC (Allocation Failure)  37160K->16376K(139776K), 0,0017804 secs]
43,564: [GC (Allocation Failure)  41976K->10568K(140800K), 0,0007469 secs]
43,590: [GC (Allocation Failure)  36168K->15288K(140288K), 0,0044796 secs]
43,634: [GC (Allocation Failure)  40888K->9448K(140800K), 0,0038903 secs]
43,666: [GC (Allocation Failure)  35048K->14232K(141312K), 0,0044532 secs]
43,708: [GC (Allocation Failure)  40856K->9480K(141312K), 0,0024356 secs]
43,739: [GC (Allocation Failure)  36104K->15288K(141312K), 0,0042919 secs]
43,781: [GC (Allocation Failure)  41912K->10464K(141312K), 0,0258083 secs]
43,834: [GC (Allocation Failure)  37088K->16312K(139776K), 0,0045065 secs]
43,876: [GC (Allocation Failure)  41912K->10440K(140800K), 0,0070705 secs]
43,911: [GC (Allocation Failure)  36040K->15256K(141312K), 0,0044042 secs]
43,953: [GC (Allocation Failure)  41880K->10440K(141312K), 0,0052878 secs]
43,983: [GC (Allocation Failure)  37064K->16256K(140288K), 0,0020012 secs]
44,017: [GC (Allocation Failure)  41856K->10464K(140800K), 0,0012283 secs]
44,040: [GC (Allocation Failure)  36064K->15216K(141312K), 0,0020243 secs]
44,075: [GC (Allocation Failure)  41840K->10368K(141312K), 0,0036826 secs]
44,102: [GC (Allocation Failure)  36992K->16208K(140288K), 0,0019045 secs]
44,136: [GC (Allocation Failure)  41808K->10432K(140800K), 0,0009547 secs]
44,159: [GC (Allocation Failure)  36032K->15152K(141312K), 0,0015409 secs]
44,198: [GC (Allocation Failure)  41776K->10336K(141312K), 0,0029363 secs]
44,227: [GC (Allocation Failure)  36960K->16176K(140288K), 0,0021773 secs]
44,264: [GC (Allocation Failure)  41776K->10304K(140800K), 0,0036283 secs]
44,291: [GC (Allocation Failure)  35904K->15096K(141312K), 0,0025603 secs]
44,328: [GC (Allocation Failure)  41720K->10280K(141312K), 0,0038843 secs]
44,357: [GC (Allocation Failure)  36904K->16088K(140288K), 0,0031354 secs]
44,393: [GC (Allocation Failure)  41688K->10248K(140800K), 0,0015960 secs]
44,419: [GC (Allocation Failure)  35848K->15064K(141312K), 0,0024208 secs]
44,455: [GC (Allocation Failure)  41688K->10280K(141312K), 0,0007183 secs]
44,480: [GC (Allocation Failure)  36904K->16056K(141312K), 0,0026133 secs]
44,515: [GC (Allocation Failure)  42680K->11272K(141312K), 0,0010193 secs]
44,539: [GC (Allocation Failure)  37896K->17048K(140288K), 0,0017505 secs]
44,577: [GC (Allocation Failure)  42648K->11240K(140800K), 0,0014764 secs]
44,602: [GC (Allocation Failure)  36840K->16024K(140288K), 0,0020187 secs]
44,637: [GC (Allocation Failure)  41624K->10152K(140800K), 0,0016752 secs]
44,662: [GC (Allocation Failure)  35752K->14936K(141312K), 0,0047596 secs]
44,703: [GC (Allocation Failure)  41560K->10152K(141312K), 0,0027053 secs]
44,733: [GC (Allocation Failure)  36776K->15960K(141312K), 0,0023687 secs]
44,768: [GC (Allocation Failure)  42584K->11112K(141312K), 0,0053340 secs]
44,799: [GC (Allocation Failure)  37736K->16984K(140288K), 0,0015530 secs]
44,833: [GC (Allocation Failure)  42584K->11152K(140800K), 0,0025042 secs]
44,861: [GC (Allocation Failure)  36752K->15904K(140288K), 0,0060470 secs]
44,900: [GC (Allocation Failure)  41504K->10032K(140800K), 0,0017627 secs]
44,924: [GC (Allocation Failure)  35632K->14816K(141312K), 0,0017955 secs]
44,957: [GC (Allocation Failure)  41440K->10032K(141312K), 0,0057249 secs]
44,987: [GC (Allocation Failure)  36656K->15840K(141312K), 0,0024742 secs]
45,022: [GC (Allocation Failure)  42464K->11096K(141312K), 0,0009594 secs]
45,045: [GC (Allocation Failure)  37720K->16840K(139776K), 0,0025412 secs]
45,080: [GC (Allocation Failure)  42440K->11064K(140800K), 0,0024041 secs]
45,105: [GC (Allocation Failure)  36664K->15816K(141312K), 0,0013254 secs]
45,139: [GC (Allocation Failure)  42440K->10968K(141312K), 0,0020798 secs]
45,164: [GC (Allocation Failure)  37592K->16808K(140288K), 0,0023877 secs]
45,199: [GC (Allocation Failure)  42408K->10968K(140800K), 0,0020825 secs]
45,224: [GC (Allocation Failure)  36568K->15752K(141312K), 0,0018110 secs]
45,260: [GC (Allocation Failure)  42376K->10968K(141312K), 0,0010560 secs]
45,283: [GC (Allocation Failure)  37592K->16776K(140288K), 0,0034160 secs]
45,319: [GC (Allocation Failure)  42376K->10904K(140800K), 0,0014823 secs]
45,341: [GC (Allocation Failure)  36504K->15720K(141312K), 0,0012235 secs]
45,375: [GC (Allocation Failure)  42344K->10904K(141312K), 0,0013302 secs]
45,397: [GC (Allocation Failure)  37528K->16712K(140288K), 0,0020693 secs]
45,430: [GC (Allocation Failure)  42312K->10840K(140800K), 0,0014158 secs]
45,453: [GC (Allocation Failure)  36440K->15656K(141312K), 0,0012241 secs]
45,487: [GC (Allocation Failure)  42280K->10808K(141312K), 0,0006767 secs]
45,508: [GC (Allocation Failure)  37432K->16648K(141312K), 0,0013879 secs]
45,542: [GC (Allocation Failure)  43272K->11832K(141312K), 0,0007288 secs]
45,568: [GC (Allocation Failure)  38456K->17680K(140288K), 0,0045686 secs]
45,611: [GC (Allocation Failure)  43280K->11840K(140800K), 0,0037058 secs]
45,639: [GC (Allocation Failure)  37440K->16624K(140288K), 0,0019590 secs]
45,673: [GC (Allocation Failure)  42224K->10784K(140800K), 0,0025515 secs]
45,698: [GC (Allocation Failure)  36384K->15544K(141312K), 0,0017239 secs]
45,733: [GC (Allocation Failure)  42168K->10760K(141312K), 0,0011829 secs]
45,758: [GC (Allocation Failure)  37384K->16576K(141312K), 0,0018636 secs]
45,792: [GC (Allocation Failure)  43200K->11760K(141312K), 0,0011532 secs]
45,817: [GC (Allocation Failure)  38384K->17600K(140288K), 0,0021577 secs]
45,851: [GC (Allocation Failure)  43200K->11760K(140800K), 0,0012083 secs]
45,876: [GC (Allocation Failure)  37360K->16520K(140288K), 0,0017911 secs]
45,910: [GC (Allocation Failure)  42120K->10680K(140800K), 0,0011828 secs]
45,933: [GC (Allocation Failure)  36280K->15464K(141312K), 0,0017277 secs]
45,970: [GC (Allocation Failure)  42088K->10680K(141312K), 0,0017276 secs]
45,999: [GC (Allocation Failure)  37304K->16488K(141312K), 0,0043597 secs]
46,036: [GC (Allocation Failure)  43112K->11648K(141312K), 0,0031225 secs]
46,063: [GC (Allocation Failure)  38272K->17496K(140288K), 0,0030318 secs]
46,101: [GC (Allocation Failure)  43096K->11664K(140800K), 0,0017188 secs]
46,128: [GC (Allocation Failure)  37264K->16456K(141312K), 0,0027130 secs]
46,166: [GC (Allocation Failure)  43080K->11640K(141312K), 0,0016722 secs]
46,193: [GC (Allocation Failure)  38264K->17488K(140288K), 0,0027910 secs]
46,234: [GC (Allocation Failure)  43088K->11616K(140800K), 0,0044832 secs]
46,263: [GC (Allocation Failure)  37216K->16368K(141312K), 0,0039576 secs]
46,300: [GC (Allocation Failure)  42992K->11584K(141312K), 0,0023267 secs]
46,324: [GC (Allocation Failure)  38208K->17432K(140288K), 0,0016717 secs]
46,359: [GC (Allocation Failure)  43032K->11560K(140800K), 0,0009475 secs]
46,382: [GC (Allocation Failure)  37160K->16376K(141312K), 0,0017252 secs]
46,417: [GC (Allocation Failure)  43000K->11600K(141312K), 0,0020315 secs]
46,441: [GC (Allocation Failure)  38224K->17384K(140288K), 0,0017105 secs]
46,476: [GC (Allocation Failure)  42984K->11544K(140800K), 0,0010913 secs]
46,499: [GC (Allocation Failure)  37144K->16296K(141312K), 0,0027768 secs]
46,539: [GC (Allocation Failure)  42920K->11544K(141312K), 0,0066778 secs]
46,571: [GC (Allocation Failure)  38168K->17328K(141312K), 0,0025685 secs]
46,607: [GC (Allocation Failure)  43952K->12512K(141312K), 0,0023610 secs]
46,634: [GC (Allocation Failure)  39136K->18352K(140288K), 0,0028730 secs]
46,671: [GC (Allocation Failure)  43952K->12544K(140800K), 0,0039559 secs]
46,700: [GC (Allocation Failure)  38144K->17304K(140288K), 0,0024744 secs]
46,735: [GC (Allocation Failure)  42904K->11432K(140800K), 0,0007610 secs]
46,761: [GC (Allocation Failure)  37032K->16216K(141312K), 0,0080204 secs]
46,806: [GC (Allocation Failure)  42328K->10744K(140800K), 0,0011136 secs]
46,829: [GC (Allocation Failure)  36856K->16008K(141312K), 0,0030046 secs]
46,865: [GC (Allocation Failure)  42632K->11192K(141312K), 0,0015357 secs]
46,888: [GC (Allocation Failure)  37816K->16968K(140800K), 0,0029712 secs]
46,931: [GC (Allocation Failure)  43592K->12152K(141312K), 0,0038398 secs]
46,957: [GC (Allocation Failure)  38776K->17928K(139776K), 0,0033674 secs]
46,993: [GC (Allocation Failure)  43528K->12088K(140800K), 0,0022815 secs]
47,018: [GC (Allocation Failure)  37688K->16840K(141312K), 0,0033640 secs]
47,054: [GC (Allocation Failure)  43464K->12024K(141312K), 0,0021719 secs]
47,077: [GC (Allocation Failure)  38648K->17864K(140288K), 0,0031629 secs]
47,111: [GC (Allocation Failure)  43464K->11992K(140800K), 0,0018056 secs]
47,134: [GC (Allocation Failure)  37592K->16784K(141312K), 0,0028647 secs]
47,168: [GC (Allocation Failure)  43408K->12000K(141312K), 0,0030099 secs]
47,193: [GC (Allocation Failure)  38624K->17808K(140288K), 0,0026768 secs]
47,226: [GC (Allocation Failure)  43408K->11968K(140800K), 0,0019997 secs]
47,249: [GC (Allocation Failure)  37568K->16752K(141312K), 0,0020765 secs]
47,283: [GC (Allocation Failure)  43376K->11968K(141312K), 0,0016919 secs]
47,306: [GC (Allocation Failure)  38592K->17744K(141312K), 0,0023150 secs]
47,341: [GC (Allocation Failure)  44368K->12992K(141312K), 0,0016773 secs]
47,363: [GC (Allocation Failure)  39616K->18768K(140288K), 0,0068884 secs]
47,402: [GC (Allocation Failure)  44368K->12928K(140800K), 0,0016536 secs]
47,424: [GC (Allocation Failure)  38528K->17712K(140288K), 0,0052208 secs]
47,461: [GC (Allocation Failure)  43312K->11872K(140800K), 0,0013663 secs]
47,483: [GC (Allocation Failure)  37472K->16656K(141312K), 0,0012074 secs]
47,515: [GC (Allocation Failure)  43280K->11840K(141312K), 0,0027412 secs]
47,546: [GC (Allocation Failure)  38464K->17648K(141312K), 0,0084521 secs]
47,593: [GC (Allocation Failure)  44272K->12832K(141312K), 0,0075606 secs]
47,628: [GC (Allocation Failure)  39456K->18704K(140288K), 0,0050711 secs]
47,672: [GC (Allocation Failure)  44304K->12864K(140800K), 0,0035387 secs]
47,703: [GC (Allocation Failure)  38464K->17616K(140288K), 0,0079739 secs]
47,748: [GC (Allocation Failure)  43216K->11816K(140800K), 0,0025461 secs]
47,778: [GC (Allocation Failure)  37416K->16544K(141312K), 0,0045834 secs]
47,821: [GC (Allocation Failure)  43168K->11728K(141312K), 0,0069449 secs]
47,856: [GC (Allocation Failure)  38352K->17600K(141312K), 0,0042645 secs]
47,898: [GC (Allocation Failure)  44224K->12784K(141312K), 0,0035624 secs]
47,930: [GC (Allocation Failure)  39408K->18624K(140288K), 0,0034745 secs]
47,966: [GC (Allocation Failure)  44224K->12752K(140800K), 0,0038592 secs]
47,993: [GC (Allocation Failure)  38352K->17504K(141312K), 0,0018118 secs]
48,028: [GC (Allocation Failure)  44128K->12760K(141312K), 0,0011517 secs]
48,052: [GC (Allocation Failure)  39384K->18544K(140288K), 0,0019713 secs]
48,086: [GC (Allocation Failure)  44144K->12736K(140800K), 0,0011078 secs]
48,113: [GC (Allocation Failure)  38336K->17520K(141312K), 0,0048141 secs]
48,151: [GC (Allocation Failure)  44144K->12704K(141312K), 0,0031897 secs]
48,178: [GC (Allocation Failure)  39328K->18512K(140288K), 0,0144813 secs]
48,224: [GC (Allocation Failure)  44112K->12640K(140800K), 0,0011606 secs]
48,247: [GC (Allocation Failure)  38240K->17456K(141312K), 0,0020720 secs]
48,283: [GC (Allocation Failure)  44080K->12640K(141312K), 0,0039377 secs]
48,311: [GC (Allocation Failure)  39264K->18488K(140288K), 0,0026543 secs]
48,346: [GC (Allocation Failure)  44088K->12616K(140800K), 0,0037353 secs]
48,373: [GC (Allocation Failure)  38216K->17376K(141312K), 0,0013255 secs]
48,410: [GC (Allocation Failure)  44000K->12608K(141312K), 0,0027075 secs]
48,441: [GC (Allocation Failure)  39232K->18416K(140288K), 0,0082883 secs]
48,487: [GC (Allocation Failure)  44016K->12608K(140800K), 0,0024947 secs]
48,518: [GC (Allocation Failure)  38208K->17392K(141312K), 0,0041528 secs]
48,558: [GC (Allocation Failure)  44016K->12576K(141312K), 0,0039209 secs]
48,590: [GC (Allocation Failure)  39200K->18384K(141312K), 0,0033933 secs]
48,627: [GC (Allocation Failure)  45008K->13600K(141312K), 0,0016409 secs]
48,653: [GC (Allocation Failure)  40224K->19376K(140288K), 0,0029106 secs]
48,689: [GC (Allocation Failure)  44976K->13568K(140800K), 0,0016188 secs]
48,717: [GC (Allocation Failure)  39168K->18328K(140288K), 0,0033667 secs]
48,754: [GC (Allocation Failure)  43928K->12488K(140800K), 0,0035551 secs]
48,779: [GC (Allocation Failure)  38088K->17304K(141312K), 0,0011285 secs]
48,811: [GC (Allocation Failure)  43928K->12432K(141312K), 0,0005920 secs]
48,837: [GC (Allocation Failure)  39056K->18304K(141312K), 0,0059465 secs]
48,878: [GC (Allocation Failure)  44928K->13488K(141312K), 0,0029095 secs]
48,906: [GC (Allocation Failure)  40112K->19304K(140288K), 0,0033070 secs]
48,942: [GC (Allocation Failure)  44904K->13432K(140800K), 0,0073517 secs]
48,972: [GC (Allocation Failure)  39032K->18216K(140288K), 0,0025684 secs]
49,005: [GC (Allocation Failure)  43816K->12408K(140800K), 0,0029479 secs]
49,032: [GC (Allocation Failure)  38008K->17192K(141312K), 0,0017655 secs]
49,067: [GC (Allocation Failure)  43816K->12344K(141312K), 0,0030796 secs]
49,093: [GC (Allocation Failure)  38968K->18184K(141312K), 0,0018151 secs]
49,127: [GC (Allocation Failure)  44808K->13400K(141312K), 0,0012451 secs]
49,155: [GC (Allocation Failure)  40024K->19176K(139776K), 0,0044125 secs]
49,192: [GC (Allocation Failure)  44776K->13368K(140800K), 0,0021165 secs]
49,217: [GC (Allocation Failure)  38968K->18152K(141312K), 0,0040092 secs]
49,255: [GC (Allocation Failure)  44776K->13336K(141312K), 0,0028242 secs]
49,286: [GC (Allocation Failure)  39960K->19144K(140288K), 0,0047418 secs]
49,328: [GC (Allocation Failure)  44744K->13304K(140800K), 0,0033556 secs]
49,356: [GC (Allocation Failure)  38904K->18056K(141312K), 0,0037371 secs]
49,392: [GC (Allocation Failure)  44680K->13272K(141312K), 0,0011548 secs]
49,416: [GC (Allocation Failure)  39896K->19088K(140288K), 0,0022935 secs]
49,451: [GC (Allocation Failure)  44688K->13248K(140800K), 0,0011130 secs]
49,475: [GC (Allocation Failure)  38848K->18072K(141312K), 0,0018875 secs]
49,510: [GC (Allocation Failure)  44696K->13224K(141312K), 0,0069113 secs]
49,541: [GC (Allocation Failure)  39848K->19064K(140288K), 0,0051969 secs]
49,582: [GC (Allocation Failure)  44664K->13192K(140800K), 0,0021409 secs]
49,610: [GC (Allocation Failure)  38792K->18008K(141312K), 0,0045704 secs]
49,652: [GC (Allocation Failure)  44632K->13192K(141312K), 0,0016534 secs]
49,679: [GC (Allocation Failure)  39816K->19040K(140288K), 0,0037818 secs]
49,720: [GC (Allocation Failure)  44640K->13168K(140800K), 0,0026039 secs]
49,748: [GC (Allocation Failure)  38768K->17960K(141312K), 0,0017836 secs]
49,783: [GC (Allocation Failure)  44584K->13112K(141312K), 0,0011295 secs]
49,807: [GC (Allocation Failure)  39736K->18952K(141312K), 0,0015760 secs]
49,841: [GC (Allocation Failure)  45576K->14136K(141312K), 0,0029776 secs]
49,868: [GC (Allocation Failure)  40760K->19976K(140288K), 0,0035350 secs]
49,905: [GC (Allocation Failure)  45576K->14104K(140800K), 0,0036316 secs]
49,931: [GC (Allocation Failure)  39704K->18856K(140288K), 0,0017306 secs]
49,965: [GC (Allocation Failure)  44456K->13048K(140800K), 0,0026187 secs]
49,995: [GC (Allocation Failure)  38648K->17832K(141312K), 0,0042809 secs]
50,038: [GC (Allocation Failure)  44456K->13064K(141312K), 0,0024443 secs]
50,068: [GC (Allocation Failure)  39688K->18880K(141312K), 0,0024687 secs]
50,105: [GC (Allocation Failure)  45504K->14064K(141312K), 0,0038257 secs]
50,134: [GC (Allocation Failure)  40688K->19880K(140288K), 0,0027949 secs]
50,169: [GC (Allocation Failure)  45480K->14048K(140800K), 0,0026489 secs]
50,194: [GC (Allocation Failure)  39648K->18800K(141312K), 0,0033839 secs]
50,233: [GC (Allocation Failure)  45424K->13984K(141312K), 0,0071715 secs]
50,263: [GC (Allocation Failure)  40608K->19856K(140288K), 0,0016203 secs]
50,297: [GC (Allocation Failure)  45456K->13984K(140800K), 0,0096323 secs]
50,331: [GC (Allocation Failure)  39584K->18768K(140288K), 0,0032476 secs]
50,367: [GC (Allocation Failure)  44368K->12928K(140800K), 0,0028956 secs]
50,394: [GC (Allocation Failure)  38528K->17744K(141312K), 0,0032525 secs]
50,433: [GC (Allocation Failure)  44368K->12928K(141312K), 0,0039053 secs]
50,459: [GC (Allocation Failure)  39552K->18736K(141312K), 0,0018397 secs]
50,494: [GC (Allocation Failure)  45360K->13952K(141312K), 0,0077690 secs]
50,524: [GC (Allocation Failure)  40576K->19728K(140800K), 0,0014902 secs]
50,559: [GC (Allocation Failure)  46352K->14944K(141312K), 0,0047519 secs]
50,591: [GC (Allocation Failure)  41568K->20784K(139776K), 0,0030619 secs]
50,627: [GC (Allocation Failure)  46384K->14944K(140800K), 0,0012794 secs]
50,652: [GC (Allocation Failure)  40544K->19696K(140288K), 0,0019767 secs]
50,686: [GC (Allocation Failure)  45296K->13856K(140800K), 0,0016606 secs]
50,712: [GC (Allocation Failure)  39456K->18648K(141312K), 0,0045945 secs]
50,754: [GC (Allocation Failure)  44760K->13288K(140800K), 0,0037787 secs]
50,781: [GC (Allocation Failure)  39400K->18392K(141312K), 0,0064681 secs]
50,824: [GC (Allocation Failure)  45016K->13608K(141312K), 0,0018371 secs]
50,848: [GC (Allocation Failure)  40232K->19384K(141312K), 0,0046827 secs]
50,885: [GC (Allocation Failure)  46008K->14600K(141312K), 0,0010316 secs]
50,913: [GC (Allocation Failure)  41224K->20384K(140288K), 0,0024297 secs]
50,947: [GC (Allocation Failure)  45984K->14512K(140800K), 0,0019150 secs]
50,971: [GC (Allocation Failure)  40112K->19264K(140288K), 0,0016592 secs]
51,003: [GC (Allocation Failure)  44864K->13432K(140800K), 0,0006828 secs]
51,024: [GC (Allocation Failure)  39032K->18152K(141312K), 0,0011657 secs]
51,056: [GC (Allocation Failure)  44776K->13368K(141312K), 0,0007984 secs]
51,077: [GC (Allocation Failure)  39992K->19176K(141312K), 0,0020018 secs]
51,116: [GC (Allocation Failure)  45800K->14392K(141312K), 0,0035603 secs]
51,148: [GC (Allocation Failure)  41016K->20224K(140800K), 0,0232130 secs]
51,205: [GC (Allocation Failure)  46848K->15448K(141312K), 0,0047364 secs]
51,238: [GC (Allocation Failure)  42072K->21256K(140288K), 0,0052794 secs]
51,281: [GC (Allocation Failure)  46856K->15448K(140800K), 0,0035020 secs]
51,312: [GC (Allocation Failure)  41048K->20232K(140288K), 0,0057996 secs]
51,355: [GC (Allocation Failure)  45832K->14392K(140800K), 0,0015850 secs]
51,382: [GC (Allocation Failure)  39992K->19144K(140800K), 0,0023855 secs]
51,417: [GC (Allocation Failure)  44744K->13304K(140800K), 0,0068321 secs]
51,446: [GC (Allocation Failure)  38904K->18088K(141312K), 0,0029185 secs]
51,482: [GC (Allocation Failure)  44200K->12736K(140800K), 0,0008280 secs]
51,505: [GC (Allocation Failure)  38848K->18064K(141824K), 0,0025903 secs]
51,541: [GC (Allocation Failure)  45200K->13760K(141312K), 0,0019942 secs]
51,565: [GC (Allocation Failure)  40896K->20112K(140800K), 0,0017314 secs]
51,600: [GC (Allocation Failure)  46736K->15296K(141312K), 0,0024802 secs]
51,627: [GC (Allocation Failure)  41920K->21168K(139776K), 0,0041572 secs]
51,665: [GC (Allocation Failure)  46768K->15264K(140800K), 0,0024438 secs]
51,690: [GC (Allocation Failure)  40864K->20080K(140288K), 0,0014878 secs]
51,725: [GC (Allocation Failure)  45680K->14256K(140800K), 0,0015344 secs]
51,752: [GC (Allocation Failure)  39856K->19040K(141312K), 0,0025944 secs]
51,789: [GC (Allocation Failure)  45664K->14224K(141312K), 0,0026176 secs]
51,818: [GC (Allocation Failure)  40848K->20032K(141312K), 0,0039793 secs]
51,855: [GC (Allocation Failure)  46656K->15216K(141312K), 0,0043523 secs]
51,885: [GC (Allocation Failure)  41840K->21024K(140288K), 0,0027951 secs]
51,921: [GC (Allocation Failure)  46624K->15184K(140800K), 0,0022615 secs]
51,945: [GC (Allocation Failure)  40784K->20000K(140288K), 0,0015490 secs]
51,979: [GC (Allocation Failure)  45600K->14128K(140800K), 0,0008246 secs]
52,006: [GC (Allocation Failure)  39728K->18912K(141312K), 0,0053801 secs]
52,044: [GC (Allocation Failure)  45536K->14096K(141312K), 0,0040492 secs]
52,072: [GC (Allocation Failure)  40720K->19944K(141312K), 0,0019975 secs]
52,110: [GC (Allocation Failure)  46568K->15160K(141312K), 0,0016767 secs]
52,136: [GC (Allocation Failure)  41784K->20968K(140288K), 0,0031616 secs]
52,173: [GC (Allocation Failure)  46568K->15096K(140800K), 0,0042165 secs]
52,201: [GC (Allocation Failure)  40696K->19880K(141312K), 0,0029887 secs]
52,236: [GC (Allocation Failure)  46504K->15104K(141312K), 0,0010299 secs]
52,263: [GC (Allocation Failure)  41728K->20944K(140288K), 0,0063761 secs]
52,306: [GC (Allocation Failure)  46544K->15072K(140800K), 0,0036080 secs]
52,337: [GC (Allocation Failure)  40672K->19856K(140288K), 0,0026411 secs]
52,374: [GC (Allocation Failure)  45456K->14016K(140800K), 0,0055290 secs]
52,407: [GC (Allocation Failure)  39616K->18800K(141312K), 0,0035869 secs]
52,449: [GC (Allocation Failure)  45424K->13952K(141312K), 0,0031035 secs]
52,474: [GC (Allocation Failure)  40576K->19792K(141312K), 0,0026259 secs]
52,508: [GC (Allocation Failure)  46416K->14976K(141312K), 0,0084780 secs]
52,538: [GC (Allocation Failure)  41600K->20816K(140800K), 0,0022743 secs]
52,572: [GC (Allocation Failure)  47440K->16000K(141312K), 0,0019314 secs]
52,594: [GC (Allocation Failure)  42624K->21840K(139776K), 0,0023440 secs]
52,628: [GC (Allocation Failure)  47440K->16000K(140800K), 0,0015678 secs]
52,650: [GC (Allocation Failure)  41600K->20752K(140288K), 0,0022005 secs]
52,683: [GC (Allocation Failure)  46352K->14912K(140800K), 0,0025421 secs]
52,706: [GC (Allocation Failure)  40512K->19696K(141312K), 0,0021765 secs]
52,740: [GC (Allocation Failure)  45808K->14368K(140800K), 0,0013650 secs]
52,763: [GC (Allocation Failure)  40480K->19664K(141312K), 0,0020091 secs]
52,796: [GC (Allocation Failure)  46288K->14848K(141312K), 0,0014282 secs]
52,818: [GC (Allocation Failure)  41472K->20688K(141312K), 0,0023224 secs]
52,851: [GC (Allocation Failure)  47312K->15872K(141312K), 0,0022428 secs]
52,874: [GC (Allocation Failure)  42496K->21680K(140288K), 0,0023660 secs]
52,907: [GC (Allocation Failure)  47280K->15840K(140800K), 0,0016235 secs]
52,929: [GC (Allocation Failure)  41440K->20624K(140288K), 0,0030037 secs]
52,964: [GC (Allocation Failure)  46224K->14784K(140800K), 0,0055737 secs]
52,990: [GC (Allocation Failure)  40384K->19568K(141312K), 0,0045190 secs]
53,025: [GC (Allocation Failure)  45680K->14208K(140800K), 0,0026874 secs]
53,049: [GC (Allocation Failure)  40320K->19536K(141312K), 0,0028765 secs]
53,083: [GC (Allocation Failure)  46160K->14720K(141312K), 0,0020979 secs]
53,106: [GC (Allocation Failure)  41344K->20528K(140800K), 0,0019931 secs]
53,140: [GC (Allocation Failure)  47152K->15744K(141312K), 0,0027679 secs]
53,168: [GC (Allocation Failure)  42368K->21552K(139776K), 0,0020307 secs]
53,204: [GC (Allocation Failure)  47152K->15752K(140800K), 0,0027200 secs]
53,234: [GC (Allocation Failure)  41352K->20504K(141312K), 0,0064460 secs]
53,274: [GC (Allocation Failure)  47128K->15752K(141312K), 0,0035397 secs]
53,302: [GC (Allocation Failure)  42376K->21528K(140288K), 0,0036251 secs]
53,342: [GC (Allocation Failure)  47128K->15688K(140800K), 0,0038942 secs]
53,370: [GC (Allocation Failure)  41288K->20440K(141312K), 0,0019059 secs]
53,404: [GC (Allocation Failure)  47064K->15656K(141312K), 0,0025030 secs]
53,428: [GC (Allocation Failure)  42280K->21496K(140288K), 0,0014714 secs]
53,465: [GC (Allocation Failure)  47096K->15648K(140800K), 0,0006943 secs]
53,486: [GC (Allocation Failure)  41248K->20432K(140288K), 0,0020673 secs]
53,519: [GC (Allocation Failure)  46032K->14592K(140800K), 0,0013393 secs]
53,545: [GC (Allocation Failure)  40192K->19344K(141312K), 0,0020371 secs]
53,579: [GC (Allocation Failure)  45968K->14608K(141312K), 0,0006219 secs]
53,600: [GC (Allocation Failure)  41232K->20384K(141312K), 0,0032783 secs]
53,636: [GC (Allocation Failure)  47008K->15608K(141312K), 0,0012581 secs]
53,661: [GC (Allocation Failure)  42232K->21448K(140800K), 0,0018929 secs]
53,695: [GC (Allocation Failure)  48072K->16600K(141312K), 0,0029516 secs]
53,721: [GC (Allocation Failure)  43224K->22440K(139776K), 0,0021242 secs]
53,755: [GC (Allocation Failure)  48040K->16568K(140800K), 0,0030703 secs]
53,781: [GC (Allocation Failure)  42168K->21384K(140288K), 0,0038048 secs]
53,817: [GC (Allocation Failure)  46984K->15544K(140800K), 0,0047911 secs]
53,844: [GC (Allocation Failure)  41144K->20360K(141312K), 0,0028745 secs]
53,880: [GC (Allocation Failure)  46984K->15512K(141312K), 0,0008663 secs]
53,903: [GC (Allocation Failure)  42136K->21320K(140288K), 0,0018326 secs]
53,938: [GC (Allocation Failure)  46920K->15480K(140800K), 0,0021704 secs]
53,962: [GC (Allocation Failure)  41080K->20264K(141312K), 0,0054581 secs]
54,000: [GC (Allocation Failure)  46888K->15448K(141312K), 0,0015462 secs]
54,023: [GC (Allocation Failure)  42072K->21256K(141312K), 0,0022649 secs]
54,057: [GC (Allocation Failure)  47880K->16472K(141312K), 0,0018284 secs]
54,080: [GC (Allocation Failure)  43096K->22248K(140288K), 0,0023186 secs]
54,115: [GC (Allocation Failure)  47848K->16504K(140800K), 0,0008011 secs]
54,138: [GC (Allocation Failure)  42104K->21232K(140288K), 0,0015935 secs]
54,173: [GC (Allocation Failure)  46832K->15392K(140800K), 0,0007883 secs]
54,196: [GC (Allocation Failure)  40992K->20208K(141312K), 0,0014120 secs]
54,230: [GC (Allocation Failure)  46832K->15360K(141312K), 0,0019139 secs]
54,254: [GC (Allocation Failure)  41984K->21168K(141312K), 0,0014981 secs]
54,288: [GC (Allocation Failure)  47792K->16408K(141312K), 0,0010713 secs]
54,311: [GC (Allocation Failure)  43032K->22248K(140288K), 0,0027501 secs]
54,347: [GC (Allocation Failure)  47848K->16376K(140800K), 0,0019568 secs]
54,371: [GC (Allocation Failure)  41976K->21160K(140288K), 0,0016517 secs]
54,406: [GC (Allocation Failure)  46760K->15288K(140800K), 0,0030324 secs]
54,431: [GC (Allocation Failure)  40888K->20104K(141312K), 0,0025841 secs]
54,467: [GC (Allocation Failure)  46728K->15288K(141312K), 0,0007376 secs]
54,490: [GC (Allocation Failure)  41912K->21128K(141312K), 0,0014902 secs]
54,524: [GC (Allocation Failure)  47752K->16312K(141312K), 0,0008802 secs]
54,547: [GC (Allocation Failure)  42936K->22120K(139776K), 0,0017047 secs]
54,582: [GC (Allocation Failure)  47720K->16312K(140800K), 0,0009593 secs]
54,605: [GC (Allocation Failure)  41912K->21064K(141312K), 0,0026346 secs]
54,641: [GC (Allocation Failure)  47688K->16248K(141312K), 0,0019352 secs]
54,665: [GC (Allocation Failure)  42872K->22088K(140288K), 0,0015540 secs]
54,699: [GC (Allocation Failure)  47688K->16248K(140800K), 0,0009609 secs]
54,722: [GC (Allocation Failure)  41848K->21032K(141312K), 0,0014780 secs]
54,756: [GC (Allocation Failure)  47656K->16184K(141312K), 0,0022000 secs]
54,780: [GC (Allocation Failure)  42808K->21912K(141312K), 0,0086309 secs]
54,823: [GC (Allocation Failure)  48536K->17032K(141312K), 0,0033791 secs]
54,849: [GC (Allocation Failure)  43656K->22848K(140288K), 0,0065470 secs]
54,900: [GC (Allocation Failure)  48448K->16984K(140800K), 0,0026628 secs]
54,924: [GC (Allocation Failure)  42584K->21736K(140288K), 0,0021361 secs]
54,957: [GC (Allocation Failure)  47336K->15896K(140800K), 0,0018565 secs]
54,979: [GC (Allocation Failure)  41496K->20616K(141312K), 0,0020136 secs]
55,012: [GC (Allocation Failure)  47240K->15832K(141312K), 0,0020654 secs]
55,035: [GC (Allocation Failure)  42456K->21672K(141312K), 0,0021232 secs]
55,069: [GC (Allocation Failure)  48296K->16864K(141312K), 0,0017448 secs]
55,096: [GC (Allocation Failure)  43488K->22704K(140288K), 0,0043371 secs]
55,135: [GC (Allocation Failure)  48304K->16864K(140800K), 0,0018019 secs]
55,162: [GC (Allocation Failure)  42464K->21656K(140288K), 0,0053686 secs]
55,202: [GC (Allocation Failure)  47256K->15816K(140800K), 0,0037301 secs]
55,229: [GC (Allocation Failure)  41416K->20600K(141312K), 0,0052118 secs]
55,267: [GC (Allocation Failure)  47224K->15784K(141312K), 0,0008798 secs]
55,290: [GC (Allocation Failure)  42408K->21600K(141312K), 0,0016161 secs]
55,325: [GC (Allocation Failure)  48224K->16816K(141312K), 0,0008811 secs]
55,348: [GC (Allocation Failure)  43440K->22624K(139776K), 0,0020845 secs]
55,383: [GC (Allocation Failure)  48224K->16784K(140800K), 0,0021150 secs]
55,407: [GC (Allocation Failure)  42384K->21536K(141312K), 0,0027022 secs]
55,443: [GC (Allocation Failure)  48160K->16800K(141312K), 0,0032607 secs]
55,468: [GC (Allocation Failure)  43424K->22616K(140288K), 0,0015981 secs]
55,502: [GC (Allocation Failure)  48216K->16744K(140800K), 0,0009551 secs]
55,525: [GC (Allocation Failure)  42344K->21496K(141312K), 0,0019612 secs]
55,560: [GC (Allocation Failure)  48120K->16744K(141312K), 0,0009137 secs]
55,583: [GC (Allocation Failure)  43368K->22552K(140288K), 0,0018122 secs]
55,618: [GC (Allocation Failure)  48152K->16680K(140800K), 0,0020395 secs]
55,646: [GC (Allocation Failure)  42280K->21464K(141312K), 0,0065979 secs]
55,687: [GC (Allocation Failure)  48088K->16648K(141312K), 0,0029929 secs]
55,714: [GC (Allocation Failure)  43272K->22488K(140288K), 0,0035862 secs]
55,750: [GC (Allocation Failure)  48088K->16648K(140800K), 0,0027603 secs]
55,776: [GC (Allocation Failure)  42248K->21400K(141312K), 0,0046834 secs]
55,813: [GC (Allocation Failure)  48024K->16624K(141312K), 0,0012530 secs]
55,838: [GC (Allocation Failure)  43248K->22464K(141312K), 0,0019479 secs]
55,872: [GC (Allocation Failure)  49088K->17656K(141312K), 0,0028222 secs]
55,898: [GC (Allocation Failure)  44280K->23432K(140288K), 0,0032314 secs]
55,933: [GC (Allocation Failure)  49032K->17656K(140800K), 0,0013185 secs]
55,958: [GC (Allocation Failure)  43256K->22376K(140288K), 0,0037678 secs]
55,994: [GC (Allocation Failure)  47976K->16568K(140800K), 0,0026631 secs]
56,019: [GC (Allocation Failure)  42168K->21384K(141312K), 0,0018569 secs]
56,054: [GC (Allocation Failure)  48008K->16584K(141312K), 0,0025369 secs]
56,083: [GC (Allocation Failure)  43208K->22424K(141312K), 0,0025405 secs]
56,118: [GC (Allocation Failure)  49048K->17576K(141312K), 0,0064560 secs]
56,146: [GC (Allocation Failure)  44200K->23384K(140288K), 0,0036963 secs]
56,182: [GC (Allocation Failure)  48984K->17512K(140800K), 0,0017965 secs]
56,206: [GC (Allocation Failure)  43112K->22296K(140288K), 0,0018902 secs]
56,241: [GC (Allocation Failure)  47896K->16456K(140800K), 0,0045492 secs]
56,267: [GC (Allocation Failure)  42056K->21272K(141312K), 0,0013717 secs]
56,301: [GC (Allocation Failure)  47896K->16488K(141312K), 0,0041503 secs]
56,327: [GC (Allocation Failure)  43112K->22296K(141312K), 0,0014154 secs]
56,361: [GC (Allocation Failure)  48920K->17512K(141312K), 0,0063008 secs]
56,388: [GC (Allocation Failure)  44136K->23288K(139776K), 0,0022201 secs]
56,423: [GC (Allocation Failure)  48888K->17448K(140800K), 0,0006760 secs]
56,445: [GC (Allocation Failure)  43048K->22272K(141312K), 0,0013443 secs]
56,478: [GC (Allocation Failure)  48896K->17456K(141312K), 0,0007840 secs]
56,501: [GC (Allocation Failure)  44080K->23232K(140288K), 0,0045568 secs]
56,542: [GC (Allocation Failure)  48832K->17392K(140800K), 0,0026823 secs]
56,573: [GC (Allocation Failure)  42992K->22176K(141312K), 0,0050474 secs]
56,612: [GC (Allocation Failure)  48800K->17392K(141312K), 0,0016389 secs]
56,638: [GC (Allocation Failure)  44016K->23200K(140288K), 0,0027431 secs]
56,676: [GC (Allocation Failure)  48800K->17360K(140800K), 0,0016308 secs]
56,703: [GC (Allocation Failure)  42960K->22144K(141312K), 0,0024742 secs]
56,740: [GC (Allocation Failure)  48768K->17296K(141312K), 0,0015517 secs]
56,766: [GC (Allocation Failure)  43920K->23136K(140288K), 0,0048897 secs]
56,806: [GC (Allocation Failure)  48736K->17296K(140800K), 0,0016288 secs]
56,832: [GC (Allocation Failure)  42896K->22112K(141312K), 0,0025142 secs]
56,868: [GC (Allocation Failure)  48736K->17296K(141312K), 0,0059058 secs]
56,899: [GC (Allocation Failure)  43920K->23080K(140288K), 0,0025759 secs]
56,934: [GC (Allocation Failure)  48680K->17240K(140800K), 0,0027283 secs]
56,959: [GC (Allocation Failure)  42840K->22056K(141312K), 0,0037402 secs]
56,996: [GC (Allocation Failure)  48680K->17208K(141312K), 0,0026694 secs]
57,022: [GC (Allocation Failure)  43832K->23080K(141312K), 0,0019069 secs]
57,056: [GC (Allocation Failure)  49704K->18232K(141312K), 0,0012053 secs]
57,080: [GC (Allocation Failure)  44856K->24080K(140288K), 0,0020809 secs]
57,114: [GC (Allocation Failure)  49680K->18216K(140800K), 0,0012760 secs]
57,139: [GC (Allocation Failure)  43816K->23040K(140288K), 0,0019411 secs]
57,173: [GC (Allocation Failure)  48640K->17200K(140800K), 0,0010713 secs]
57,196: [GC (Allocation Failure)  42800K->21984K(141312K), 0,0017696 secs]
57,231: [GC (Allocation Failure)  48608K->17144K(141312K), 0,0010565 secs]
57,255: [GC (Allocation Failure)  43768K->23016K(141312K), 0,0018783 secs]
57,290: [GC (Allocation Failure)  49640K->18168K(141312K), 0,0029356 secs]
57,316: [GC (Allocation Failure)  44792K->23976K(140288K), 0,0031868 secs]
57,351: [GC (Allocation Failure)  49576K->18136K(140800K), 0,0026891 secs]
57,377: [GC (Allocation Failure)  43736K->22952K(140288K), 0,0034610 secs]
57,413: [GC (Allocation Failure)  48552K->17080K(140800K), 0,0010021 secs]
57,437: [GC (Allocation Failure)  42680K->21896K(141312K), 0,0020270 secs]
57,476: [GC (Allocation Failure)  48520K->17048K(141312K), 0,0064083 secs]
57,507: [GC (Allocation Failure)  43672K->22888K(141312K), 0,0072775 secs]
57,547: [GC (Allocation Failure)  49512K->18072K(141312K), 0,0020363 secs]
57,571: [GC (Allocation Failure)  44696K->23912K(139776K), 0,0015477 secs]
57,605: [GC (Allocation Failure)  49512K->18072K(140800K), 0,0045389 secs]
57,631: [GC (Allocation Failure)  43672K->22896K(141312K), 0,0033344 secs]
57,667: [GC (Allocation Failure)  49520K->18016K(141312K), 0,0017915 secs]
57,690: [GC (Allocation Failure)  44640K->23864K(140288K), 0,0015855 secs]
57,724: [GC (Allocation Failure)  49464K->17992K(140800K), 0,0034847 secs]
57,749: [GC (Allocation Failure)  43592K->22776K(141312K), 0,0024521 secs]
57,784: [GC (Allocation Failure)  49400K->17992K(141312K), 0,0024028 secs]
57,808: [GC (Allocation Failure)  44616K->23800K(140288K), 0,0033831 secs]
57,844: [GC (Allocation Failure)  49400K->17960K(140800K), 0,0017778 secs]
57,868: [GC (Allocation Failure)  43560K->22744K(141312K), 0,0016720 secs]
57,902: [GC (Allocation Failure)  49368K->17960K(141312K), 0,0024950 secs]
57,926: [GC (Allocation Failure)  44584K->23776K(140288K), 0,0015116 secs]
57,960: [GC (Allocation Failure)  49376K->17952K(140800K), 0,0008104 secs]
57,983: [GC (Allocation Failure)  43552K->22736K(141312K), 0,0015195 secs]
58,017: [GC (Allocation Failure)  49360K->17960K(141312K), 0,0008689 secs]
58,040: [GC (Allocation Failure)  44584K->23744K(141312K), 0,0015951 secs]
58,074: [GC (Allocation Failure)  50368K->18960K(141312K), 0,0009797 secs]
58,097: [GC (Allocation Failure)  45584K->24800K(140288K), 0,0018180 secs]
58,132: [GC (Allocation Failure)  50400K->18960K(140800K), 0,0010221 secs]
58,155: [GC (Allocation Failure)  44560K->23712K(140288K), 0,0028744 secs]
58,191: [GC (Allocation Failure)  49312K->17872K(140800K), 0,0008489 secs]
58,214: [GC (Allocation Failure)  43472K->22624K(141312K), 0,0014762 secs]
58,248: [GC (Allocation Failure)  49248K->17840K(141312K), 0,0008819 secs]
58,271: [GC (Allocation Failure)  44464K->23680K(141312K), 0,0015719 secs]
58,306: [GC (Allocation Failure)  50304K->18832K(141312K), 0,0213541 secs]
58,349: [GC (Allocation Failure)  45456K->24640K(140288K), 0,0015020 secs]
58,383: [GC (Allocation Failure)  50240K->18832K(140800K), 0,0007733 secs]
58,405: [GC (Allocation Failure)  44432K->23616K(140288K), 0,0055401 secs]
58,442: [GC (Allocation Failure)  49216K->17744K(140800K), 0,0022164 secs]
58,466: [GC (Allocation Failure)  43344K->22560K(141312K), 0,0019776 secs]
58,501: [GC (Allocation Failure)  49184K->17744K(141312K), 0,0035489 secs]
58,525: [GC (Allocation Failure)  44368K->23560K(141312K), 0,0014638 secs]
58,558: [GC (Allocation Failure)  50184K->18744K(141312K), 0,0016367 secs]
58,580: [GC (Allocation Failure)  45368K->24584K(140288K), 0,0022527 secs]
58,614: [GC (Allocation Failure)  50184K->18744K(140800K), 0,0007372 secs]
58,636: [GC (Allocation Failure)  44344K->23528K(141312K), 0,0019427 secs]
58,670: [GC (Allocation Failure)  50152K->18680K(141312K), 0,0030717 secs]
58,695: [GC (Allocation Failure)  45304K->24552K(140288K), 0,0015402 secs]
58,729: [GC (Allocation Failure)  50152K->18680K(140800K), 0,0015157 secs]
58,751: [GC (Allocation Failure)  44280K->23432K(141312K), 0,0018121 secs]
58,791: [GC (Allocation Failure)  50056K->18512K(141312K), 0,0010025 secs]
58,814: [GC (Allocation Failure)  45136K->24328K(140288K), 0,0022612 secs]
58,849: [GC (Allocation Failure)  49928K->18456K(140800K), 0,0011535 secs]
58,871: [GC (Allocation Failure)  44056K->23240K(141312K), 0,0020347 secs]
58,905: [GC (Allocation Failure)  49864K->18424K(141312K), 0,0026881 secs]
58,936: [GC (Allocation Failure)  45048K->24296K(140288K), 0,0035767 secs]
58,973: [GC (Allocation Failure)  49896K->18424K(140800K), 0,0015942 secs]
58,998: [GC (Allocation Failure)  44024K->23216K(141312K), 0,0023791 secs]
59,034: [GC (Allocation Failure)  49840K->18408K(141312K), 0,0055037 secs]
59,064: [GC (Allocation Failure)  45032K->24256K(141312K), 0,0025159 secs]
59,103: [GC (Allocation Failure)  50880K->19440K(141312K), 0,0017695 secs]
59,129: [GC (Allocation Failure)  46064K->25248K(140288K), 0,0037520 secs]
59,164: [GC (Allocation Failure)  50848K->19408K(140800K), 0,0015310 secs]
59,186: [GC (Allocation Failure)  45008K->24192K(140288K), 0,0022170 secs]
59,220: [GC (Allocation Failure)  49792K->18352K(140800K), 0,0012878 secs]
59,243: [GC (Allocation Failure)  43952K->23136K(141312K), 0,0018767 secs]
59,278: [GC (Allocation Failure)  49760K->18320K(141312K), 0,0006295 secs]
59,299: [GC (Allocation Failure)  44944K->24160K(141312K), 0,0029130 secs]
59,338: [GC (Allocation Failure)  50784K->19344K(141312K), 0,0077046 secs]
59,369: [GC (Allocation Failure)  45968K->25192K(140288K), 0,0020844 secs]
59,404: [GC (Allocation Failure)  50792K->19320K(140800K), 0,0009462 secs]
59,427: [GC (Allocation Failure)  44920K->24112K(140288K), 0,0016264 secs]
59,462: [GC (Allocation Failure)  49712K->18240K(140800K), 0,0007390 secs]
59,483: [GC (Allocation Failure)  43840K->23024K(141312K), 0,0081654 secs]
59,522: [GC (Allocation Failure)  49648K->18208K(141312K), 0,0013030 secs]
59,544: [GC (Allocation Failure)  44832K->24048K(141312K), 0,0017265 secs]
59,578: [GC (Allocation Failure)  50672K->19264K(141312K), 0,0024364 secs]
59,601: [GC (Allocation Failure)  45888K->25072K(139776K), 0,0014106 secs]
59,634: [GC (Allocation Failure)  50672K->19232K(140800K), 0,0014618 secs]
59,656: [GC (Allocation Failure)  44832K->24024K(141312K), 0,0013628 secs]
59,690: [GC (Allocation Failure)  50648K->19240K(141312K), 0,0007128 secs]
59,712: [GC (Allocation Failure)  45864K->25016K(140288K), 0,0014451 secs]
59,745: [GC (Allocation Failure)  50616K->19176K(140800K), 0,0018094 secs]
59,769: [GC (Allocation Failure)  44776K->23960K(141312K), 0,0016063 secs]
59,803: [GC (Allocation Failure)  50584K->19176K(141312K), 0,0019342 secs]
59,827: [GC (Allocation Failure)  45800K->24984K(140288K), 0,0016435 secs]
59,861: [GC (Allocation Failure)  50584K->19144K(140800K), 0,0019809 secs]
59,885: [GC (Allocation Failure)  44744K->23928K(141312K), 0,0014312 secs]
59,919: [GC (Allocation Failure)  50552K->19144K(141312K), 0,0019873 secs]
59,943: [GC (Allocation Failure)  45768K->24920K(141312K), 0,0016557 secs]
59,978: [GC (Allocation Failure)  51544K->20136K(141312K), 0,0010247 secs]
60,001: [GC (Allocation Failure)  46760K->25944K(140288K), 0,0017560 secs]
60,036: [GC (Allocation Failure)  51544K->20136K(140800K), 0,0009409 secs]
60,063: [GC (Allocation Failure)  45736K->24896K(140288K), 0,0057366 secs]
60,103: [GC (Allocation Failure)  50496K->19024K(140800K), 0,0042251 secs]
60,129: [GC (Allocation Failure)  44624K->23816K(141312K), 0,0015275 secs]
60,163: [GC (Allocation Failure)  49928K->18520K(140800K), 0,0023296 secs]
60,187: [GC (Allocation Failure)  44632K->23848K(141312K), 0,0015258 secs]
60,222: [GC (Allocation Failure)  50472K->19040K(141312K), 0,0008991 secs]
60,245: [GC (Allocation Failure)  45664K->24848K(141312K), 0,0016652 secs]
60,280: [GC (Allocation Failure)  51472K->20000K(141312K), 0,0009417 secs]
60,303: [GC (Allocation Failure)  46624K->25848K(139776K), 0,0017342 secs]
60,338: [GC (Allocation Failure)  51448K->20040K(140800K), 0,0009874 secs]
60,361: [GC (Allocation Failure)  45640K->24792K(140288K), 0,0016247 secs]
60,396: [GC (Allocation Failure)  50392K->18984K(140800K), 0,0008825 secs]
60,419: [GC (Allocation Failure)  44584K->23704K(141312K), 0,0028180 secs]
60,455: [GC (Allocation Failure)  50328K->18952K(141312K), 0,0031020 secs]
60,480: [GC (Allocation Failure)  45576K->24736K(141312K), 0,0015576 secs]
60,515: [GC (Allocation Failure)  51360K->19952K(141312K), 0,0022096 secs]
60,539: [GC (Allocation Failure)  46576K->25768K(139776K), 0,0016773 secs]
60,574: [GC (Allocation Failure)  51368K->19928K(140800K), 0,0021285 secs]
60,598: [GC (Allocation Failure)  45528K->24712K(141312K), 0,0028375 secs]
60,634: [GC (Allocation Failure)  51336K->19864K(141312K), 0,0021202 secs]
60,658: [GC (Allocation Failure)  46488K->25704K(140288K), 0,0032110 secs]
60,694: [GC (Allocation Failure)  51304K->19896K(140800K), 0,0023229 secs]
60,718: [GC (Allocation Failure)  45496K->24680K(141312K), 0,0019057 secs]
60,757: [GC (Allocation Failure)  51304K->19840K(141312K), 0,0055472 secs]
60,791: [GC (Allocation Failure)  46464K->25680K(140288K), 0,0044801 secs]
60,833: [GC (Allocation Failure)  51280K->19840K(140800K), 0,0059854 secs]
60,864: [GC (Allocation Failure)  45440K->24592K(141312K), 0,0054530 secs]
60,902: [GC (Allocation Failure)  51216K->19856K(141312K), 0,0010866 secs]
60,926: [GC (Allocation Failure)  46480K->25632K(140288K), 0,0052836 secs]
60,964: [GC (Allocation Failure)  51232K->19792K(140800K), 0,0014913 secs]
60,988: [GC (Allocation Failure)  45392K->24544K(141312K), 0,0034495 secs]
61,025: [GC (Allocation Failure)  51168K->19760K(141312K), 0,0036086 secs]
61,052: [GC (Allocation Failure)  46384K->25600K(140288K), 0,0020091 secs]
61,090: [GC (Allocation Failure)  51200K->19760K(140800K), 0,0027262 secs]
61,121: [GC (Allocation Failure)  45360K->24544K(141312K), 0,0035498 secs]
61,158: [GC (Allocation Failure)  51168K->19728K(141312K), 0,0037154 secs]
61,186: [GC (Allocation Failure)  46352K->25536K(141312K), 0,0052385 secs]
61,229: [GC (Allocation Failure)  52160K->20720K(141312K), 0,0039610 secs]
61,260: [GC (Allocation Failure)  47344K->26600K(140288K), 0,0027770 secs]
61,296: [GC (Allocation Failure)  52200K->20736K(140800K), 0,0012350 secs]
61,321: [GC (Allocation Failure)  46336K->25496K(140288K), 0,0019165 secs]
61,355: [GC (Allocation Failure)  51096K->19688K(140800K), 0,0010963 secs]
61,378: [GC (Allocation Failure)  45288K->24480K(141312K), 0,0017648 secs]
61,413: [GC (Allocation Failure)  51104K->19664K(141312K), 0,0011048 secs]
61,437: [GC (Allocation Failure)  46288K->25480K(141312K), 0,0052406 secs]
61,475: [GC (Allocation Failure)  52104K->20696K(141312K), 0,0011787 secs]
61,499: [GC (Allocation Failure)  47320K->26504K(140288K), 0,0019654 secs]
61,533: [GC (Allocation Failure)  52104K->20664K(140800K), 0,0049323 secs]
61,562: [GC (Allocation Failure)  46264K->25416K(140288K), 0,0048722 secs]
61,600: [GC (Allocation Failure)  51016K->19576K(140800K), 0,0035137 secs]
61,627: [GC (Allocation Failure)  45176K->24360K(141312K), 0,0041931 secs]
61,664: [GC (Allocation Failure)  50984K->19544K(141312K), 0,0013624 secs]
61,689: [GC (Allocation Failure)  46168K->25384K(141312K), 0,0022759 secs]
61,724: [GC (Allocation Failure)  52008K->20600K(141312K), 0,0015053 secs]
61,749: [GC (Allocation Failure)  47224K->26440K(139776K), 0,0024678 secs]
61,784: [GC (Allocation Failure)  52040K->20568K(140800K), 0,0071742 secs]
61,815: [GC (Allocation Failure)  46168K->25368K(141312K), 0,0135215 secs]
61,861: [GC (Allocation Failure)  51992K->20552K(141312K), 0,0008138 secs]
61,884: [GC (Allocation Failure)  47176K->26368K(140288K), 0,0014218 secs]
61,916: [GC (Allocation Failure)  51968K->20528K(140800K), 0,0007494 secs]
61,937: [GC (Allocation Failure)  46128K->25312K(141312K), 0,0013319 secs]
61,970: [GC (Allocation Failure)  51936K->20528K(141312K), 0,0007259 secs]
61,993: [GC (Allocation Failure)  47152K->26336K(140288K), 0,0014590 secs]
62,027: [GC (Allocation Failure)  51936K->20496K(140800K), 0,0008306 secs]
62,050: [GC (Allocation Failure)  46096K->25248K(141312K), 0,0020331 secs]
62,085: [GC (Allocation Failure)  51872K->20464K(141312K), 0,0037494 secs]
62,115: [GC (Allocation Failure)  47088K->26280K(140288K), 0,0039678 secs]
62,152: [GC (Allocation Failure)  51880K->20440K(140800K), 0,0034115 secs]
62,180: [GC (Allocation Failure)  46040K->25224K(141312K), 0,0025396 secs]
62,215: [GC (Allocation Failure)  51848K->20440K(141312K), 0,0015454 secs]
62,240: [GC (Allocation Failure)  47064K->26288K(140288K), 0,0026290 secs]
62,277: [GC (Allocation Failure)  51888K->20416K(140800K), 0,0015763 secs]
62,303: [GC (Allocation Failure)  46016K->25168K(141312K), 0,0023304 secs]
62,338: [GC (Allocation Failure)  51792K->20352K(141312K), 0,0036736 secs]
62,367: [GC (Allocation Failure)  46976K->26160K(141312K), 0,0027621 secs]
62,403: [GC (Allocation Failure)  52784K->21408K(141312K), 0,0016518 secs]
62,429: [GC (Allocation Failure)  48032K->27184K(139776K), 0,0026238 secs]
62,465: [GC (Allocation Failure)  52784K->21376K(140800K), 0,0018780 secs]
62,491: [GC (Allocation Failure)  46976K->26128K(140288K), 0,0050872 secs]
62,529: [GC (Allocation Failure)  51728K->20288K(140800K), 0,0014425 secs]
62,554: [GC (Allocation Failure)  45888K->25072K(141312K), 0,0027277 secs]
62,590: [GC (Allocation Failure)  51696K->20256K(141312K), 0,0014651 secs]
62,616: [GC (Allocation Failure)  46880K->26064K(141312K), 0,0057340 secs]
62,658: [GC (Allocation Failure)  52688K->21280K(141312K), 0,0073517 secs]
62,688: [GC (Allocation Failure)  47904K->27120K(140288K), 0,0042451 secs]
62,727: [GC (Allocation Failure)  52720K->21256K(140800K), 0,0046791 secs]
62,756: [GC (Allocation Failure)  46856K->26048K(140288K), 0,0020213 secs]
62,790: [GC (Allocation Failure)  51648K->20016K(140800K), 0,0014185 secs]
62,813: [GC (Allocation Failure)  45616K->24736K(141312K), 0,0022089 secs]
62,847: [GC (Allocation Failure)  51360K->19952K(141312K), 0,0013033 secs]
62,869: [GC (Allocation Failure)  46576K->25792K(140800K), 0,0019359 secs]
62,909: [GC (Allocation Failure)  52416K->20912K(141312K), 0,0039331 secs]
62,935: [GC (Allocation Failure)  47536K->26688K(140800K), 0,0034372 secs]
62,975: [GC (Allocation Failure)  53312K->21904K(141312K), 0,0023549 secs]
62,999: [GC (Allocation Failure)  48528K->27784K(139776K), 0,0014811 secs]
63,032: [GC (Allocation Failure)  53384K->21912K(140800K), 0,0009855 secs]
63,054: [GC (Allocation Failure)  47512K->26728K(140288K), 0,0021206 secs]
63,088: [GC (Allocation Failure)  52328K->20888K(140800K), 0,0014711 secs]
63,111: [GC (Allocation Failure)  46488K->25640K(141312K), 0,0020154 secs]
63,146: [GC (Allocation Failure)  52264K->20856K(141312K), 0,0013605 secs]
63,169: [GC (Allocation Failure)  47480K->26664K(140288K), 0,0021238 secs]
63,203: [GC (Allocation Failure)  52264K->20792K(140800K), 0,0018508 secs]
63,226: [GC (Allocation Failure)  46392K->25576K(141312K), 0,0039470 secs]
63,262: [GC (Allocation Failure)  52200K->20792K(141312K), 0,0007003 secs]
63,284: [GC (Allocation Failure)  47416K->26632K(141312K), 0,0015368 secs]
63,318: [GC (Allocation Failure)  53256K->21784K(141312K), 0,0017844 secs]
63,342: [GC (Allocation Failure)  48408K->27632K(140288K), 0,0016615 secs]
63,376: [GC (Allocation Failure)  53232K->21792K(140800K), 0,0019997 secs]
63,400: [GC (Allocation Failure)  47392K->26544K(140288K), 0,0025687 secs]
63,435: [GC (Allocation Failure)  52144K->20736K(140800K), 0,0020414 secs]
63,459: [GC (Allocation Failure)  46336K->25520K(141312K), 0,0015059 secs]
63,493: [GC (Allocation Failure)  52144K->20704K(141312K), 0,0018434 secs]
63,517: [GC (Allocation Failure)  47328K->26544K(141312K), 0,0026154 secs]
63,557: [GC (Allocation Failure)  53168K->21696K(141312K), 0,0077906 secs]
63,588: [GC (Allocation Failure)  48320K->27576K(140288K), 0,0019579 secs]
63,623: [GC (Allocation Failure)  53176K->21704K(140800K), 0,0074329 secs]
63,651: [GC (Allocation Failure)  47304K->26488K(141312K), 0,0019048 secs]
63,686: [GC (Allocation Failure)  53112K->21672K(141312K), 0,0029871 secs]
63,710: [GC (Allocation Failure)  48296K->27512K(140288K), 0,0014069 secs]
63,744: [GC (Allocation Failure)  53112K->21672K(140800K), 0,0012415 secs]
63,766: [GC (Allocation Failure)  47272K->26424K(140288K), 0,0014068 secs]
63,800: [GC (Allocation Failure)  52024K->20664K(140800K), 0,0019262 secs]
63,823: [GC (Allocation Failure)  46264K->25384K(141312K), 0,0057926 secs]
63,862: [GC (Allocation Failure)  52008K->20568K(141312K), 0,0035431 secs]
63,887: [GC (Allocation Failure)  47192K->26408K(141312K), 0,0014482 secs]
63,921: [GC (Allocation Failure)  53032K->21560K(141312K), 0,0018886 secs]
63,944: [GC (Allocation Failure)  48184K->27400K(140800K), 0,0033417 secs]
63,980: [GC (Allocation Failure)  54024K->22584K(141312K), 0,0009282 secs]
64,003: [GC (Allocation Failure)  49208K->28392K(139776K), 0,0018412 secs]
64,038: [GC (Allocation Failure)  53992K->22552K(140800K), 0,0009247 secs]
64,062: [GC (Allocation Failure)  48152K->27376K(140288K), 0,0043734 secs]
64,104: [GC (Allocation Failure)  52976K->21536K(140800K), 0,0047453 secs]
64,132: [GC (Allocation Failure)  47136K->26320K(141312K), 0,0038738 secs]
64,168: [GC (Allocation Failure)  52432K->20960K(140800K), 0,0006334 secs]
64,190: [GC (Allocation Failure)  47072K->26264K(141312K), 0,0014893 secs]
64,222: [GC (Allocation Failure)  52888K->21480K(141312K), 0,0014822 secs]
64,245: [GC (Allocation Failure)  48104K->27296K(141312K), 0,0037715 secs]
64,281: [GC (Allocation Failure)  53920K->22512K(141312K), 0,0015966 secs]
64,303: [GC (Allocation Failure)  49136K->28320K(140288K), 0,0015338 secs]
64,337: [GC (Allocation Failure)  53920K->22480K(140800K), 0,0022412 secs]
64,361: [GC (Allocation Failure)  48080K->27232K(140288K), 0,0024934 secs]
64,396: [GC (Allocation Failure)  52832K->21392K(140800K), 0,0007049 secs]
64,418: [GC (Allocation Failure)  46992K->26176K(141312K), 0,0034050 secs]
64,454: [GC (Allocation Failure)  52800K->21392K(141312K), 0,0007700 secs]
64,476: [GC (Allocation Failure)  48016K->27200K(141312K), 0,0046038 secs]
64,514: [GC (Allocation Failure)  53824K->22384K(141312K), 0,0019795 secs]
64,538: [GC (Allocation Failure)  49008K->28224K(140288K), 0,0016616 secs]
64,574: [GC (Allocation Failure)  53824K->22384K(140800K), 0,0030271 secs]
64,605: [GC (Allocation Failure)  47984K->27168K(140288K), 0,0042837 secs]
64,647: [GC (Allocation Failure)  52768K->21392K(140800K), 0,0030208 secs]
64,677: [GC (Allocation Failure)  46992K->26080K(141312K), 0,0047975 secs]
64,714: [GC (Allocation Failure)  52704K->21296K(141312K), 0,0010427 secs]
64,738: [GC (Allocation Failure)  47920K->27104K(141312K), 0,0036981 secs]
64,774: [GC (Allocation Failure)  53728K->22320K(141312K), 0,0012092 secs]
64,799: [GC (Allocation Failure)  48944K->28128K(139776K), 0,0035896 secs]
64,835: [GC (Allocation Failure)  53728K->22256K(140800K), 0,0022365 secs]
64,861: [GC (Allocation Failure)  47856K->27080K(141312K), 0,0019069 secs]
64,897: [GC (Allocation Failure)  53704K->22264K(141312K), 0,0031676 secs]
64,928: [GC (Allocation Failure)  48888K->28112K(140288K), 0,0040284 secs]
64,966: [GC (Allocation Failure)  53712K->22240K(140800K), 0,0016313 secs]
64,992: [GC (Allocation Failure)  47840K->27024K(141312K), 0,0032231 secs]
65,029: [GC (Allocation Failure)  53648K->22208K(141312K), 0,0037670 secs]
65,059: [GC (Allocation Failure)  48832K->28048K(140288K), 0,0036569 secs]
65,097: [GC (Allocation Failure)  53648K->22208K(140800K), 0,0012767 secs]
65,120: [GC (Allocation Failure)  47808K->26992K(141312K), 0,0019508 secs]
65,155: [GC (Allocation Failure)  53616K->22176K(141312K), 0,0027629 secs]
65,181: [GC (Allocation Failure)  48800K->27984K(140288K), 0,0035285 secs]
65,217: [GC (Allocation Failure)  53584K->22176K(140800K), 0,0029440 secs]
65,242: [GC (Allocation Failure)  47776K->26960K(141312K), 0,0017580 secs]
65,277: [GC (Allocation Failure)  53584K->22112K(141312K), 0,0026411 secs]
65,303: [GC (Allocation Failure)  48736K->27920K(140288K), 0,0019545 secs]
65,337: [GC (Allocation Failure)  53520K->22096K(140800K), 0,0028999 secs]
65,362: [GC (Allocation Failure)  47696K->26888K(141312K), 0,0017437 secs]
65,397: [GC (Allocation Failure)  53512K->22104K(141312K), 0,0010425 secs]
65,421: [GC (Allocation Failure)  48728K->27904K(141312K), 0,0170945 secs]
65,470: [GC (Allocation Failure)  54528K->23120K(141312K), 0,0012096 secs]
65,494: [GC (Allocation Failure)  49744K->28960K(139776K), 0,0021479 secs]
65,529: [GC (Allocation Failure)  54560K->23088K(140800K), 0,0012081 secs]
65,554: [GC (Allocation Failure)  48688K->27880K(140288K), 0,0019509 secs]
65,588: [GC (Allocation Failure)  53480K->22040K(140800K), 0,0050438 secs]
65,615: [GC (Allocation Failure)  47640K->26792K(141312K), 0,0018213 secs]
65,650: [GC (Allocation Failure)  53416K->22040K(141312K), 0,0025395 secs]
65,675: [GC (Allocation Failure)  48664K->27848K(141312K), 0,0050278 secs]
65,713: [GC (Allocation Failure)  54472K->23032K(141312K), 0,0021789 secs]
65,737: [GC (Allocation Failure)  49656K->28880K(140288K), 0,0017252 secs]
65,772: [GC (Allocation Failure)  54480K->23040K(140800K), 0,0009456 secs]
65,795: [GC (Allocation Failure)  48640K->27824K(140288K), 0,0017405 secs]
65,830: [GC (Allocation Failure)  53424K->21952K(140800K), 0,0008405 secs]
65,853: [GC (Allocation Failure)  47552K->26736K(141312K), 0,0039238 secs]
65,890: [GC (Allocation Failure)  53360K->21888K(141312K), 0,0037408 secs]
65,916: [GC (Allocation Failure)  48512K->27760K(141312K), 0,0018320 secs]
65,951: [GC (Allocation Failure)  54384K->22944K(141312K), 0,0010614 secs]
65,975: [GC (Allocation Failure)  49568K->28752K(139776K), 0,0033469 secs]
66,011: [GC (Allocation Failure)  54352K->22912K(140800K), 0,0024315 secs]
66,036: [GC (Allocation Failure)  48512K->27696K(141312K), 0,0035848 secs]
66,075: [GC (Allocation Failure)  54320K->22880K(141312K), 0,0064961 secs]
66,106: [GC (Allocation Failure)  49504K->28728K(140288K), 0,0026424 secs]
66,143: [GC (Allocation Failure)  54328K->22888K(140800K), 0,0015884 secs]
66,169: [GC (Allocation Failure)  48488K->27672K(141312K), 0,0025481 secs]
66,207: [GC (Allocation Failure)  54296K->22856K(141312K), 0,0015661 secs]
66,235: [GC (Allocation Failure)  49480K->28704K(140288K), 0,0052460 secs]
66,274: [GC (Allocation Failure)  54304K->22864K(140800K), 0,0016846 secs]
66,301: [GC (Allocation Failure)  48464K->27584K(141312K), 0,0048277 secs]
66,339: [GC (Allocation Failure)  54208K->22800K(141312K), 0,0056266 secs]
66,368: [GC (Allocation Failure)  49424K->28640K(140288K), 0,0019991 secs]
66,402: [GC (Allocation Failure)  54240K->22768K(140800K), 0,0061068 secs]
66,430: [GC (Allocation Failure)  48368K->27584K(141312K), 0,0023401 secs]
66,466: [GC (Allocation Failure)  54208K->22768K(141312K), 0,0080560 secs]
66,496: [GC (Allocation Failure)  49392K->28576K(141312K), 0,0022712 secs]
66,531: [GC (Allocation Failure)  55200K->23760K(141312K), 0,0024754 secs]
66,557: [GC (Allocation Failure)  50384K->29584K(140288K), 0,0050300 secs]
66,600: [GC (Allocation Failure)  55184K->23744K(140800K), 0,0043386 secs]
66,629: [GC (Allocation Failure)  49344K->28528K(140288K), 0,0050323 secs]
66,668: [GC (Allocation Failure)  54128K->22728K(140800K), 0,0011007 secs]
66,691: [GC (Allocation Failure)  48328K->27512K(141312K), 0,0018498 secs]
66,726: [GC (Allocation Failure)  54136K->22696K(141312K), 0,0040030 secs]
66,753: [GC (Allocation Failure)  49320K->28504K(141312K), 0,0049708 secs]
66,792: [GC (Allocation Failure)  55128K->23496K(141312K), 0,0023264 secs]
66,816: [GC (Allocation Failure)  50120K->29312K(140288K), 0,0033983 secs]
66,852: [GC (Allocation Failure)  54912K->23472K(140800K), 0,0067093 secs]
66,881: [GC (Allocation Failure)  49072K->28224K(141312K), 0,0185846 secs]
66,931: [GC (Allocation Failure)  54848K->23408K(141312K), 0,0042602 secs]
66,957: [GC (Allocation Failure)  50032K->29216K(140288K), 0,0031212 secs]
66,991: [GC (Allocation Failure)  54816K->23408K(140800K), 0,0063091 secs]
67,019: [GC (Allocation Failure)  49008K->28192K(141312K), 0,0128767 secs]
67,065: [GC (Allocation Failure)  54816K->23376K(141312K), 0,0022183 secs]
67,089: [GC (Allocation Failure)  50000K->29184K(140288K), 0,0032456 secs]
67,123: [GC (Allocation Failure)  54784K->23344K(140800K), 0,0022104 secs]
67,147: [GC (Allocation Failure)  48944K->28160K(141312K), 0,0029693 secs]
67,183: [GC (Allocation Failure)  54784K->23312K(141312K), 0,0024368 secs]
67,207: [GC (Allocation Failure)  49936K->29152K(140288K), 0,0024650 secs]
67,240: [GC (Allocation Failure)  54752K->23344K(140800K), 0,0015778 secs]
67,263: [GC (Allocation Failure)  48944K->28064K(141312K), 0,0022673 secs]
67,297: [GC (Allocation Failure)  54688K->23312K(141312K), 0,0014487 secs]
67,320: [GC (Allocation Failure)  49936K->29120K(140288K), 0,0014055 secs]
67,355: [GC (Allocation Failure)  54720K->23248K(140800K), 0,0065915 secs]
67,390: [GC (Allocation Failure)  48848K->28064K(141312K), 0,0040687 secs]
67,432: [GC (Allocation Failure)  54688K->23280K(141312K), 0,0026737 secs]
67,460: [GC (Allocation Failure)  49904K->29088K(141312K), 0,0016703 secs]
67,495: [GC (Allocation Failure)  55712K->24272K(141312K), 0,0007004 secs]
67,516: [GC (Allocation Failure)  50896K->30080K(140288K), 0,0015424 secs]
67,550: [GC (Allocation Failure)  55680K->24240K(140800K), 0,0008442 secs]
67,573: [GC (Allocation Failure)  49840K->29024K(140288K), 0,0013793 secs]
67,607: [GC (Allocation Failure)  54624K->23192K(140800K), 0,0006679 secs]
67,629: [GC (Allocation Failure)  48792K->27944K(141312K), 0,0039399 secs]
67,666: [GC (Allocation Failure)  54568K->23160K(141312K), 0,0006991 secs]
67,688: [GC (Allocation Failure)  49784K->28968K(141312K), 0,0021154 secs]
67,723: [GC (Allocation Failure)  55592K->24152K(141312K), 0,0021063 secs]
67,747: [GC (Allocation Failure)  50776K->29992K(140288K), 0,0015529 secs]
67,781: [GC (Allocation Failure)  55592K->24152K(140800K), 0,0068166 secs]
67,816: [GC (Allocation Failure)  49752K->28944K(140288K), 0,0040509 secs]
67,854: [GC (Allocation Failure)  54544K->23072K(140800K), 0,0042357 secs]
67,880: [GC (Allocation Failure)  48672K->27896K(141312K), 0,0013688 secs]
67,914: [GC (Allocation Failure)  54520K->23080K(141312K), 0,0010800 secs]
67,937: [GC (Allocation Failure)  49704K->28888K(141312K), 0,0024388 secs]
67,972: [GC (Allocation Failure)  55512K->24072K(141312K), 0,0009253 secs]
67,995: [GC (Allocation Failure)  50696K->29912K(139776K), 0,0017313 secs]
68,029: [GC (Allocation Failure)  55512K->24040K(140800K), 0,0018290 secs]
68,053: [GC (Allocation Failure)  49640K->28888K(141312K), 0,0033806 secs]
68,093: [GC (Allocation Failure)  55512K->24040K(141312K), 0,0026962 secs]
68,124: [GC (Allocation Failure)  50664K->29880K(140288K), 0,0045338 secs]
68,166: [GC (Allocation Failure)  55480K->24008K(140800K), 0,0051070 secs]
68,194: [GC (Allocation Failure)  49608K->28792K(141312K), 0,0018820 secs]
68,229: [GC (Allocation Failure)  55416K->23976K(141312K), 0,0051229 secs]
68,257: [GC (Allocation Failure)  50600K->29816K(140288K), 0,0035853 secs]
68,297: [GC (Allocation Failure)  55416K->23976K(140800K), 0,0028020 secs]
68,328: [GC (Allocation Failure)  49576K->28760K(141312K), 0,0031569 secs]
68,364: [GC (Allocation Failure)  55384K->23912K(141312K), 0,0042375 secs]
68,390: [GC (Allocation Failure)  50536K->29792K(140288K), 0,0029698 secs]
68,426: [GC (Allocation Failure)  55392K->23888K(140800K), 0,0032383 secs]
68,451: [GC (Allocation Failure)  49488K->28704K(141312K), 0,0016091 secs]
68,486: [GC (Allocation Failure)  55328K->23888K(141312K), 0,0033399 secs]
68,511: [GC (Allocation Failure)  50512K->29728K(140288K), 0,0017606 secs]
68,546: [GC (Allocation Failure)  55328K->23888K(140800K), 0,0020698 secs]
68,572: [GC (Allocation Failure)  49488K->28640K(141312K), 0,0040318 secs]
68,613: [GC (Allocation Failure)  55264K->23824K(141312K), 0,0063155 secs]
68,643: [GC (Allocation Failure)  50448K->29672K(141312K), 0,0019815 secs]
68,677: [GC (Allocation Failure)  56296K->24856K(141312K), 0,0022663 secs]
68,701: [GC (Allocation Failure)  51480K->30696K(140288K), 0,0029242 secs]
68,737: [GC (Allocation Failure)  56296K->24856K(140800K), 0,0020658 secs]
68,761: [GC (Allocation Failure)  50456K->29640K(140288K), 0,0016306 secs]
68,796: [GC (Allocation Failure)  55240K->23768K(140800K), 0,0008618 secs]
68,819: [GC (Allocation Failure)  49368K->28552K(141312K), 0,0028594 secs]
68,855: [GC (Allocation Failure)  55176K->23768K(141312K), 0,0009254 secs]
68,878: [GC (Allocation Failure)  50392K->29576K(141312K), 0,0030700 secs]
68,914: [GC (Allocation Failure)  56200K->24792K(141312K), 0,0010086 secs]
68,938: [GC (Allocation Failure)  51416K->30600K(140288K), 0,0037680 secs]
68,974: [GC (Allocation Failure)  56200K->24760K(140800K), 0,0011137 secs]
68,997: [GC (Allocation Failure)  50360K->29544K(140288K), 0,0034523 secs]
69,034: [GC (Allocation Failure)  55144K->23704K(140800K), 0,0011392 secs]
69,058: [GC (Allocation Failure)  49304K->28496K(141312K), 0,0041612 secs]
69,100: [GC (Allocation Failure)  55120K->23680K(141312K), 0,0053568 secs]
69,131: [GC (Allocation Failure)  50304K->29488K(141312K), 0,0024590 secs]
69,167: [GC (Allocation Failure)  56112K->24672K(141312K), 0,0025221 secs]
69,193: [GC (Allocation Failure)  51296K->30520K(139776K), 0,0166375 secs]
69,241: [GC (Allocation Failure)  56120K->24680K(140800K), 0,0007180 secs]
69,263: [GC (Allocation Failure)  50280K->29464K(141312K), 0,0013592 secs]
69,297: [GC (Allocation Failure)  56088K->24648K(141312K), 0,0007006 secs]
69,318: [GC (Allocation Failure)  51272K->30456K(140288K), 0,0027994 secs]
69,353: [GC (Allocation Failure)  56056K->24648K(140800K), 0,0007189 secs]
69,374: [GC (Allocation Failure)  50248K->29368K(141312K), 0,0013976 secs]
69,406: [GC (Allocation Failure)  55992K->24552K(141312K), 0,0015830 secs]
69,429: [GC (Allocation Failure)  51176K->30392K(140288K), 0,0023028 secs]
69,463: [GC (Allocation Failure)  55992K->24560K(140800K), 0,0023307 secs]
69,486: [GC (Allocation Failure)  50160K->29312K(141312K), 0,0028878 secs]
69,522: [GC (Allocation Failure)  55936K->24528K(141312K), 0,0014762 secs]
69,545: [GC (Allocation Failure)  51152K->30368K(140288K), 0,0024419 secs]
69,579: [GC (Allocation Failure)  55968K->24528K(140800K), 0,0024190 secs]
69,602: [GC (Allocation Failure)  50128K->29280K(141312K), 0,0023338 secs]
69,636: [GC (Allocation Failure)  55904K->24464K(141312K), 0,0007397 secs]
69,659: [GC (Allocation Failure)  51088K->30344K(141312K), 0,0014491 secs]
69,692: [GC (Allocation Failure)  56968K->25528K(141312K), 0,0019106 secs]
69,716: [GC (Allocation Failure)  52152K->31336K(140288K), 0,0015594 secs]
69,750: [GC (Allocation Failure)  56936K->25464K(140800K), 0,0009776 secs]
69,773: [GC (Allocation Failure)  51064K->30280K(140288K), 0,0030375 secs]
69,809: [GC (Allocation Failure)  55880K->24440K(140800K), 0,0024383 secs]
69,833: [GC (Allocation Failure)  50040K->29224K(141312K), 0,0023549 secs]
69,872: [GC (Allocation Failure)  55848K->24408K(141312K), 0,0027168 secs]
69,903: [GC (Allocation Failure)  51032K->30216K(141312K), 0,0042640 secs]
69,946: [GC (Allocation Failure)  56840K->25400K(141312K), 0,0048729 secs]
69,975: [GC (Allocation Failure)  52024K->31240K(140288K), 0,0030244 secs]
70,013: [GC (Allocation Failure)  56840K->25432K(140800K), 0,0063984 secs]
70,045: [GC (Allocation Failure)  51032K->30216K(140288K), 0,0021436 secs]
70,079: [GC (Allocation Failure)  55816K->24312K(140800K), 0,0010266 secs]
70,103: [GC (Allocation Failure)  49912K->29128K(141312K), 0,0030850 secs]
70,143: [GC (Allocation Failure)  55752K->24280K(141312K), 0,0027501 secs]
70,174: [GC (Allocation Failure)  50904K->30120K(141312K), 0,0045020 secs]
70,215: [GC (Allocation Failure)  56744K->25344K(141312K), 0,0017033 secs]
70,241: [GC (Allocation Failure)  51968K->31120K(140288K), 0,0027093 secs]
70,278: [GC (Allocation Failure)  56720K->25312K(140800K), 0,0083321 secs]
70,309: [GC (Allocation Failure)  50912K->30064K(141312K), 0,0035488 secs]
70,346: [GC (Allocation Failure)  56688K->25280K(141312K), 0,0009568 secs]
70,369: [GC (Allocation Failure)  51904K->31088K(140288K), 0,0017320 secs]
70,404: [GC (Allocation Failure)  56688K->25248K(140800K), 0,0024875 secs]
70,429: [GC (Allocation Failure)  50848K->30064K(141312K), 0,0017648 secs]
70,464: [GC (Allocation Failure)  56688K->25248K(141312K), 0,0026218 secs]
70,493: [GC (Allocation Failure)  51872K->31024K(140288K), 0,0060410 secs]
70,536: [GC (Allocation Failure)  56624K->25216K(140800K), 0,0027364 secs]
70,567: [GC (Allocation Failure)  50816K->29968K(141312K), 0,0057889 secs]
70,605: [GC (Allocation Failure)  56592K->25152K(141312K), 0,0021105 secs]
70,629: [GC (Allocation Failure)  51776K->30960K(140288K), 0,0037550 secs]
70,666: [GC (Allocation Failure)  56560K->25192K(140800K), 0,0022802 secs]
70,690: [GC (Allocation Failure)  50792K->29944K(141312K), 0,0073285 secs]
70,730: [GC (Allocation Failure)  56568K->25160K(141312K), 0,0008972 secs]
70,753: [GC (Allocation Failure)  51784K->30968K(140288K), 0,0074045 secs]
70,793: [GC (Allocation Failure)  56568K->24944K(140800K), 0,0006926 secs]
70,816: [GC (Allocation Failure)  50544K->29704K(141312K), 0,0022371 secs]
70,849: [GC (Allocation Failure)  56328K->24888K(141312K), 0,0013948 secs]
70,871: [GC (Allocation Failure)  51512K->30736K(141312K), 0,0013351 secs]
70,903: [GC (Allocation Failure)  57360K->25888K(141312K), 0,0018785 secs]
70,928: [GC (Allocation Failure)  52512K->31696K(139776K), 0,0022972 secs]
70,963: [GC (Allocation Failure)  57296K->25792K(140800K), 0,0029148 secs]
70,989: [GC (Allocation Failure)  51392K->30576K(141312K), 0,0019676 secs]
71,023: [GC (Allocation Failure)  57200K->25760K(141312K), 0,0012208 secs]
71,048: [GC (Allocation Failure)  52384K->31576K(140288K), 0,0021144 secs]
71,086: [GC (Allocation Failure)  57176K->25768K(140800K), 0,0052359 secs]
71,114: [GC (Allocation Failure)  51368K->30520K(140288K), 0,0016002 secs]
71,149: [GC (Allocation Failure)  56120K->24712K(140800K), 0,0008969 secs]
71,172: [GC (Allocation Failure)  50312K->29464K(141312K), 0,0014578 secs]
71,206: [GC (Allocation Failure)  56088K->24680K(141312K), 0,0012819 secs]
71,229: [GC (Allocation Failure)  51304K->30488K(141312K), 0,0019668 secs]
71,264: [GC (Allocation Failure)  57112K->25704K(141312K), 0,0056062 secs]
71,291: [GC (Allocation Failure)  52328K->31512K(140800K), 0,0019525 secs]
71,326: [GC (Allocation Failure)  58136K->26728K(141312K), 0,0012597 secs]
71,350: [GC (Allocation Failure)  53352K->32504K(139776K), 0,0017823 secs]
71,384: [GC (Allocation Failure)  58104K->26632K(140800K), 0,0052946 secs]
71,411: [GC (Allocation Failure)  52232K->31448K(140288K), 0,0017844 secs]
71,446: [GC (Allocation Failure)  57048K->25576K(140800K), 0,0032062 secs]
71,471: [GC (Allocation Failure)  51176K->30424K(141312K), 0,0015132 secs]
71,506: [GC (Allocation Failure)  56536K->25080K(140800K), 0,0009018 secs]
71,529: [GC (Allocation Failure)  51192K->30376K(141312K), 0,0039981 secs]
71,568: [GC (Allocation Failure)  57000K->25560K(141312K), 0,0075467 secs]
71,604: [GC (Allocation Failure)  52184K->31400K(140288K), 0,0045209 secs]
71,645: [GC (Allocation Failure)  57000K->25560K(140800K), 0,0007602 secs]
71,668: [GC (Allocation Failure)  51160K->30344K(141312K), 0,0014344 secs]
71,702: [GC (Allocation Failure)  56968K->25528K(141312K), 0,0019775 secs]
71,726: [GC (Allocation Failure)  52152K->31336K(141312K), 0,0024927 secs]
71,761: [GC (Allocation Failure)  57960K->26552K(141312K), 0,0009543 secs]
71,788: [GC (Allocation Failure)  53176K->32360K(140288K), 0,0060985 secs]
71,833: [GC (Allocation Failure)  57960K->26520K(140800K), 0,0029348 secs]
71,863: [GC (Allocation Failure)  52120K->31344K(140288K), 0,0044204 secs]
71,905: [GC (Allocation Failure)  56944K->25480K(140800K), 0,0014675 secs]
71,931: [GC (Allocation Failure)  51080K->30264K(141312K), 0,0023026 secs]
71,967: [GC (Allocation Failure)  56888K->25448K(141312K), 0,0029673 secs]
71,994: [GC (Allocation Failure)  52072K->31256K(141312K), 0,0035563 secs]
72,032: [GC (Allocation Failure)  57880K->26504K(141312K), 0,0016833 secs]
72,059: [GC (Allocation Failure)  53128K->32288K(140288K), 0,0051333 secs]
72,098: [GC (Allocation Failure)  57888K->26448K(140800K), 0,0039780 secs]
72,125: [GC (Allocation Failure)  52048K->31200K(141312K), 0,0034584 secs]
72,162: [GC (Allocation Failure)  57824K->26384K(141312K), 0,0045470 secs]
72,189: [GC (Allocation Failure)  53008K->32224K(140288K), 0,0040979 secs]
72,226: [GC (Allocation Failure)  57824K->26384K(140800K), 0,0035948 secs]
72,251: [GC (Allocation Failure)  51984K->31176K(140288K), 0,0014529 secs]
72,285: [GC (Allocation Failure)  56776K->25376K(140800K), 0,0007265 secs]
72,310: [GC (Allocation Failure)  50976K->30168K(141312K), 0,0041446 secs]
72,353: [GC (Allocation Failure)  56792K->25288K(141312K), 0,0066305 secs]
72,385: [GC (Allocation Failure)  51912K->31160K(141312K), 0,0025813 secs]
72,422: [GC (Allocation Failure)  57784K->26344K(141312K), 0,0039364 secs]
72,451: [GC (Allocation Failure)  52968K->32160K(140800K), 0,0019225 secs]
72,485: [GC (Allocation Failure)  58784K->27344K(141312K), 0,0027847 secs]
72,512: [GC (Allocation Failure)  53968K->33184K(140288K), 0,0037292 secs]
72,550: [GC (Allocation Failure)  58784K->27344K(140800K), 0,0039864 secs]
72,577: [GC (Allocation Failure)  52944K->32128K(140288K), 0,0045286 secs]
72,614: [GC (Allocation Failure)  57728K->26288K(140800K), 0,0032249 secs]
72,639: [GC (Allocation Failure)  51888K->31072K(140800K), 0,0015669 secs]
72,679: [GC (Allocation Failure)  56672K->25200K(140800K), 0,0028505 secs]
72,708: [GC (Allocation Failure)  50800K->30016K(141312K), 0,0021111 secs]
72,743: [GC (Allocation Failure)  56640K->25200K(141312K), 0,0010445 secs]
72,766: [GC (Allocation Failure)  51824K->31008K(141312K), 0,0017465 secs]
72,801: [GC (Allocation Failure)  57632K->26224K(141312K), 0,0010733 secs]
72,825: [GC (Allocation Failure)  52848K->32032K(140800K), 0,0020534 secs]
72,859: [GC (Allocation Failure)  58656K->27216K(141312K), 0,0022980 secs]
72,887: [GC (Allocation Failure)  53840K->33056K(139776K), 0,0037003 secs]
72,924: [GC (Allocation Failure)  58656K->27184K(140800K), 0,0153781 secs]
72,962: [GC (Allocation Failure)  52784K->31968K(140288K), 0,0016059 secs]
72,995: [GC (Allocation Failure)  57568K->26096K(140800K), 0,0007501 secs]
73,016: [GC (Allocation Failure)  51696K->30880K(141312K), 0,0012814 secs]
73,049: [GC (Allocation Failure)  57504K->26096K(141312K), 0,0053915 secs]
73,080: [GC (Allocation Failure)  52720K->31936K(141312K), 0,0043369 secs]
73,122: [GC (Allocation Failure)  58560K->27152K(141312K), 0,0028494 secs]
73,153: [GC (Allocation Failure)  53776K->32936K(140288K), 0,0045613 secs]
73,195: [GC (Allocation Failure)  58536K->27096K(140800K), 0,0016350 secs]
73,221: [GC (Allocation Failure)  52696K->31888K(140288K), 0,0025495 secs]
73,256: [GC (Allocation Failure)  57488K->26080K(140800K), 0,0014512 secs]
73,282: [GC (Allocation Failure)  51680K->30832K(141312K), 0,0025233 secs]
73,317: [GC (Allocation Failure)  57456K->26016K(141312K), 0,0041369 secs]
73,346: [GC (Allocation Failure)  52640K->31824K(141312K), 0,0043711 secs]
73,383: [GC (Allocation Failure)  58448K->27040K(141312K), 0,0011483 secs]
73,407: [GC (Allocation Failure)  53664K->32848K(139776K), 0,0036314 secs]
73,443: [GC (Allocation Failure)  58448K->27008K(140800K), 0,0011497 secs]
73,466: [GC (Allocation Failure)  52608K->31800K(141312K), 0,0018593 secs]
73,501: [GC (Allocation Failure)  58424K->26992K(141312K), 0,0026737 secs]
73,527: [GC (Allocation Failure)  53616K->32800K(140288K), 0,0037488 secs]
73,563: [GC (Allocation Failure)  58400K->26960K(140800K), 0,0057312 secs]
73,593: [GC (Allocation Failure)  52560K->31712K(141312K), 0,0043331 secs]
73,630: [GC (Allocation Failure)  58336K->26928K(141312K), 0,0023178 secs]
73,654: [GC (Allocation Failure)  53552K->32768K(140288K), 0,0025376 secs]
73,690: [GC (Allocation Failure)  58368K->26928K(140800K), 0,0020320 secs]
73,714: [GC (Allocation Failure)  52528K->31712K(141312K), 0,0019028 secs]
73,749: [GC (Allocation Failure)  58336K->26864K(141312K), 0,0024767 secs]
73,774: [GC (Allocation Failure)  53488K->32704K(140288K), 0,0033783 secs]
73,811: [GC (Allocation Failure)  58304K->26864K(140800K), 0,0010772 secs]
73,834: [GC (Allocation Failure)  52464K->31648K(141312K), 0,0018011 secs]
73,869: [GC (Allocation Failure)  58272K->26832K(141312K), 0,0010740 secs]
73,892: [GC (Allocation Failure)  53456K->32640K(141312K), 0,0034728 secs]
73,929: [GC (Allocation Failure)  59264K->27824K(141312K), 0,0026410 secs]
73,955: [GC (Allocation Failure)  54448K->33704K(140288K), 0,0019568 secs]
73,989: [GC (Allocation Failure)  59304K->27904K(140800K), 0,0011340 secs]
74,012: [GC (Allocation Failure)  53504K->32624K(140288K), 0,0033177 secs]
74,048: [GC (Allocation Failure)  58224K->26816K(140800K), 0,0025297 secs]
74,073: [GC (Allocation Failure)  52416K->31568K(141312K), 0,0033341 secs]
74,109: [GC (Allocation Failure)  57680K->26240K(140800K), 0,0050307 secs]
74,136: [GC (Allocation Failure)  52352K->31536K(141312K), 0,0025754 secs]
74,171: [GC (Allocation Failure)  58160K->26720K(141312K), 0,0008323 secs]
74,194: [GC (Allocation Failure)  53344K->32560K(141312K), 0,0027094 secs]
74,230: [GC (Allocation Failure)  59184K->27744K(141312K), 0,0024002 secs]
74,258: [GC (Allocation Failure)  54368K->33552K(139776K), 0,0033653 secs]
74,294: [GC (Allocation Failure)  59152K->27712K(140800K), 0,0010688 secs]
74,317: [GC (Allocation Failure)  53312K->32528K(140288K), 0,0017008 secs]
74,352: [GC (Allocation Failure)  58128K->26688K(140800K), 0,0009191 secs]
74,375: [GC (Allocation Failure)  52288K->31440K(141312K), 0,0017133 secs]
74,410: [GC (Allocation Failure)  58064K->26656K(141312K), 0,0036580 secs]
74,436: [GC (Allocation Failure)  53280K->32464K(141312K), 0,0017681 secs]
74,471: [GC (Allocation Failure)  59088K->27648K(141312K), 0,0013443 secs]
74,495: [GC (Allocation Failure)  54272K->33464K(139776K), 0,0021645 secs]
74,534: [GC (Allocation Failure)  59064K->27656K(140800K), 0,0083123 secs]
74,567: [GC (Allocation Failure)  53256K->32440K(141312K), 0,0026144 secs]
74,604: [GC (Allocation Failure)  59064K->27624K(141312K), 0,0064296 secs]
74,633: [GC (Allocation Failure)  54248K->33432K(140288K), 0,0028522 secs]
74,669: [GC (Allocation Failure)  59032K->27592K(140800K), 0,0009428 secs]
74,692: [GC (Allocation Failure)  53192K->32344K(141312K), 0,0047589 secs]
74,730: [GC (Allocation Failure)  58968K->27560K(141312K), 0,0008056 secs]
74,753: [GC (Allocation Failure)  54184K->33368K(140288K), 0,0064296 secs]
74,792: [GC (Allocation Failure)  58968K->27304K(140800K), 0,0035174 secs]
74,825: [GC (Allocation Failure)  52904K->32088K(141312K), 0,0039707 secs]
74,862: [GC (Allocation Failure)  58712K->27272K(141312K), 0,0027546 secs]
74,887: [GC (Allocation Failure)  53896K->33080K(141312K), 0,0051449 secs]
74,925: [GC (Allocation Failure)  59704K->28264K(141312K), 0,0037419 secs]
74,951: [GC (Allocation Failure)  54888K->34040K(140288K), 0,0048473 secs]
74,989: [GC (Allocation Failure)  59640K->28168K(140800K), 0,0036221 secs]
75,015: [GC (Allocation Failure)  53768K->32952K(140288K), 0,0044978 secs]
75,052: [GC (Allocation Failure)  58552K->27080K(140800K), 0,0032255 secs]
75,077: [GC (Allocation Failure)  52680K->31800K(141312K), 0,0043852 secs]
75,116: [GC (Allocation Failure)  58424K->27016K(141312K), 0,0033909 secs]
75,141: [GC (Allocation Failure)  53640K->32856K(141312K), 0,0023481 secs]
75,176: [GC (Allocation Failure)  59480K->28072K(141312K), 0,0051142 secs]
75,203: [GC (Allocation Failure)  54696K->33880K(140288K), 0,0061471 secs]
75,242: [GC (Allocation Failure)  59480K->28040K(140800K), 0,0049888 secs]
75,269: [GC (Allocation Failure)  53640K->32792K(141312K), 0,0055207 secs]
75,306: [GC (Allocation Failure)  59416K->28040K(141312K), 0,0023712 secs]
75,330: [GC (Allocation Failure)  54664K->33816K(140288K), 0,0031843 secs]
75,366: [GC (Allocation Failure)  59416K->27976K(140800K), 0,0022975 secs]
75,389: [GC (Allocation Failure)  53576K->32792K(141312K), 0,0020759 secs]
75,422: [GC (Allocation Failure)  59416K->27976K(141312K), 0,0014838 secs]
75,445: [GC (Allocation Failure)  54600K->33784K(140288K), 0,0022376 secs]
75,480: [GC (Allocation Failure)  59384K->27976K(140800K), 0,0007516 secs]
75,502: [GC (Allocation Failure)  53576K->32728K(141312K), 0,0018979 secs]
75,536: [GC (Allocation Failure)  59352K->27944K(141312K), 0,0007974 secs]
75,559: [GC (Allocation Failure)  54568K->33760K(140288K), 0,0015945 secs]
75,597: [GC (Allocation Failure)  59360K->27920K(140800K), 0,0027271 secs]
75,628: [GC (Allocation Failure)  53520K->32672K(141312K), 0,0040460 secs]
75,669: [GC (Allocation Failure)  59296K->27888K(141312K), 0,0038359 secs]
75,696: [GC (Allocation Failure)  54512K->33664K(140288K), 0,0036981 secs]
75,732: [GC (Allocation Failure)  59264K->27824K(140800K), 0,0026922 secs]
75,757: [GC (Allocation Failure)  53424K->32680K(141312K), 0,0018799 secs]
75,792: [GC (Allocation Failure)  59304K->27832K(141312K), 0,0011339 secs]
75,816: [GC (Allocation Failure)  54456K->33672K(141312K), 0,0026051 secs]
75,851: [GC (Allocation Failure)  60296K->28856K(141312K), 0,0024881 secs]
75,877: [GC (Allocation Failure)  55480K->34696K(140288K), 0,0026886 secs]
75,912: [GC (Allocation Failure)  60296K->28856K(140800K), 0,0016217 secs]
75,937: [GC (Allocation Failure)  54456K->33616K(140288K), 0,0024092 secs]
75,972: [GC (Allocation Failure)  59216K->27776K(140800K), 0,0034976 secs]
76,002: [GC (Allocation Failure)  53376K->32528K(141312K), 0,0027419 secs]
76,038: [GC (Allocation Failure)  58640K->27232K(140800K), 0,0035502 secs]
76,068: [GC (Allocation Failure)  53344K->32528K(141312K), 0,0040040 secs]
76,109: [GC (Allocation Failure)  59152K->27712K(141312K), 0,0074836 secs]
76,144: [GC (Allocation Failure)  54336K->33552K(140800K), 0,0075077 secs]
76,184: [GC (Allocation Failure)  60176K->28736K(141312K), 0,0017750 secs]
76,207: [GC (Allocation Failure)  55360K->34576K(139776K), 0,0016293 secs]
76,241: [GC (Allocation Failure)  60176K->28704K(140800K), 0,0027626 secs]
76,270: [GC (Allocation Failure)  54304K->33520K(140288K), 0,0033787 secs]
76,308: [GC (Allocation Failure)  59120K->27680K(140800K), 0,0015383 secs]
76,333: [GC (Allocation Failure)  53280K->32432K(141312K), 0,0076726 secs]
76,373: [GC (Allocation Failure)  59056K->27616K(141312K), 0,0013441 secs]
76,396: [GC (Allocation Failure)  54240K->33424K(141312K), 0,0014418 secs]
76,430: [GC (Allocation Failure)  60048K->28608K(141312K), 0,0025536 secs]
76,454: [GC (Allocation Failure)  55232K->34448K(139776K), 0,0015389 secs]
76,488: [GC (Allocation Failure)  60048K->28608K(140800K), 0,0030749 secs]
76,513: [GC (Allocation Failure)  54208K->33392K(141312K), 0,0037762 secs]
76,550: [GC (Allocation Failure)  60016K->28608K(141312K), 0,0036194 secs]
76,576: [GC (Allocation Failure)  55232K->34384K(140288K), 0,0044960 secs]
76,613: [GC (Allocation Failure)  59984K->28552K(140800K), 0,0021694 secs]
76,637: [GC (Allocation Failure)  54152K->33336K(141312K), 0,0026532 secs]
76,673: [GC (Allocation Failure)  59960K->28552K(141312K), 0,0009333 secs]
76,696: [GC (Allocation Failure)  55176K->34368K(140288K), 0,0016127 secs]
76,731: [GC (Allocation Failure)  59968K->28536K(140800K), 0,0126813 secs]
76,765: [GC (Allocation Failure)  54136K->33360K(141312K), 0,0013941 secs]
76,798: [GC (Allocation Failure)  59984K->28520K(141312K), 0,0031923 secs]
76,823: [GC (Allocation Failure)  55144K->34400K(140288K), 0,0014430 secs]
76,857: [GC (Allocation Failure)  60000K->28528K(140800K), 0,0014052 secs]
76,879: [GC (Allocation Failure)  54128K->33280K(141312K), 0,0019500 secs]
76,913: [GC (Allocation Failure)  59904K->28496K(141312K), 0,0044188 secs]
76,938: [GC (Allocation Failure)  55120K->34304K(141312K), 0,0024211 secs]
76,972: [GC (Allocation Failure)  60928K->29488K(141312K), 0,0067033 secs]
77,000: [GC (Allocation Failure)  56112K->35328K(140288K), 0,0015455 secs]
77,039: [GC (Allocation Failure)  60928K->29528K(140800K), 0,0031615 secs]
77,069: [GC (Allocation Failure)  55128K->34248K(140288K), 0,0084357 secs]
77,110: [GC (Allocation Failure)  59848K->28440K(140800K), 0,0021519 secs]
77,134: [GC (Allocation Failure)  54040K->33192K(141312K), 0,0062130 secs]
77,173: [GC (Allocation Failure)  59816K->28408K(141312K), 0,0010958 secs]
77,196: [GC (Allocation Failure)  55032K->34216K(141312K), 0,0062403 secs]
77,235: [GC (Allocation Failure)  60840K->29400K(141312K), 0,0018077 secs]
77,259: [GC (Allocation Failure)  56024K->35240K(140288K), 0,0016185 secs]
77,293: [GC (Allocation Failure)  60840K->29432K(140800K), 0,0007532 secs]
77,315: [GC (Allocation Failure)  55032K->34184K(140288K), 0,0014800 secs]
77,349: [GC (Allocation Failure)  59784K->28312K(140800K), 0,0007972 secs]
77,372: [GC (Allocation Failure)  53912K->33168K(141312K), 0,0013437 secs]
77,406: [GC (Allocation Failure)  59792K->28288K(141312K), 0,0007860 secs]
77,429: [GC (Allocation Failure)  54912K->34168K(141312K), 0,0015570 secs]
77,463: [GC (Allocation Failure)  60792K->29320K(141312K), 0,0020801 secs]
77,487: [GC (Allocation Failure)  55944K->35160K(140288K), 0,0027817 secs]
77,527: [GC (Allocation Failure)  60760K->29320K(140800K), 0,0029628 secs]
77,558: [GC (Allocation Failure)  54920K->34072K(141312K), 0,0044835 secs]
77,598: [GC (Allocation Failure)  60696K->29256K(141312K), 0,0030843 secs]
77,625: [GC (Allocation Failure)  55880K->35128K(140288K), 0,0027193 secs]
77,662: [GC (Allocation Failure)  60728K->29288K(140800K), 0,0018145 secs]
77,690: [GC (Allocation Failure)  54888K->34040K(141312K), 0,0024452 secs]
77,727: [GC (Allocation Failure)  60664K->29224K(141312K), 0,0024194 secs]
77,754: [GC (Allocation Failure)  55848K->35064K(140288K), 0,0026941 secs]
77,792: [GC (Allocation Failure)  60664K->29192K(140800K), 0,0030651 secs]
77,819: [GC (Allocation Failure)  54792K->34008K(141312K), 0,0026369 secs]
77,857: [GC (Allocation Failure)  60632K->29208K(141312K), 0,0015497 secs]
77,883: [GC (Allocation Failure)  55832K->34984K(140288K), 0,0051080 secs]
77,922: [GC (Allocation Failure)  60584K->29152K(140800K), 0,0061795 secs]
77,953: [GC (Allocation Failure)  54752K->33968K(141312K), 0,0048630 secs]
77,992: [GC (Allocation Failure)  60592K->29152K(141312K), 0,0016477 secs]
78,018: [GC (Allocation Failure)  55776K->34960K(140288K), 0,0028542 secs]
78,054: [GC (Allocation Failure)  60560K->29120K(140800K), 0,0041541 secs]
78,082: [GC (Allocation Failure)  54720K->33904K(141312K), 0,0029956 secs]
78,118: [GC (Allocation Failure)  60528K->29128K(141312K), 0,0021044 secs]
78,142: [GC (Allocation Failure)  55752K->34904K(141312K), 0,0030847 secs]
78,178: [GC (Allocation Failure)  61528K->30120K(141312K), 0,0028429 secs]
78,203: [GC (Allocation Failure)  56744K->35928K(140288K), 0,0031102 secs]
78,239: [GC (Allocation Failure)  61528K->30088K(140800K), 0,0013640 secs]
78,262: [GC (Allocation Failure)  55688K->34872K(140288K), 0,0028804 secs]
78,298: [GC (Allocation Failure)  60472K->29032K(140800K), 0,0020436 secs]
78,322: [GC (Allocation Failure)  54632K->33816K(141312K), 0,0027524 secs]
78,358: [GC (Allocation Failure)  60440K->29032K(141312K), 0,0020498 secs]
78,382: [GC (Allocation Failure)  55656K->34808K(141312K), 0,0031361 secs]
78,418: [GC (Allocation Failure)  61432K->30024K(141312K), 0,0011775 secs]
78,441: [GC (Allocation Failure)  56648K->35832K(140288K), 0,0033323 secs]
78,477: [GC (Allocation Failure)  61432K->29992K(140800K), 0,0022590 secs]
78,501: [GC (Allocation Failure)  55592K->34776K(140288K), 0,0015707 secs]
78,536: [GC (Allocation Failure)  60376K->28944K(140800K), 0,0009218 secs]
78,561: [GC (Allocation Failure)  54544K->33760K(141312K), 0,0042091 secs]
78,603: [GC (Allocation Failure)  60384K->28960K(141312K), 0,0026112 secs]
78,634: [GC (Allocation Failure)  55584K->34736K(141312K), 0,0043173 secs]
78,677: [GC (Allocation Failure)  61360K->29920K(141312K), 0,0063029 secs]
78,708: [GC (Allocation Failure)  56544K->35728K(139776K), 0,0037086 secs]
78,744: [GC (Allocation Failure)  61328K->29952K(140800K), 0,0011459 secs]
78,768: [GC (Allocation Failure)  55552K->34640K(141312K), 0,0043960 secs]
78,806: [GC (Allocation Failure)  61264K->29736K(141312K), 0,0126877 secs]
78,840: [GC (Allocation Failure)  56360K->35552K(140288K), 0,0024006 secs]
78,873: [GC (Allocation Failure)  61152K->29712K(140800K), 0,0007468 secs]
78,895: [GC (Allocation Failure)  55312K->34472K(141312K), 0,0012219 secs]
78,928: [GC (Allocation Failure)  61096K->29656K(141312K), 0,0006263 secs]
78,949: [GC (Allocation Failure)  56280K->35504K(140288K), 0,0014306 secs]
78,983: [GC (Allocation Failure)  61104K->29664K(140800K), 0,0022355 secs]
79,006: [GC (Allocation Failure)  55264K->34448K(141312K), 0,0024557 secs]
79,040: [GC (Allocation Failure)  61072K->29632K(141312K), 0,0009555 secs]
79,064: [GC (Allocation Failure)  56256K->35472K(141312K), 0,0043439 secs]
79,107: [GC (Allocation Failure)  62096K->30656K(141312K), 0,0068728 secs]
79,138: [GC (Allocation Failure)  57280K->36464K(140288K), 0,0021383 secs]
79,172: [GC (Allocation Failure)  62064K->30624K(140800K), 0,0031940 secs]
79,198: [GC (Allocation Failure)  56224K->35448K(140288K), 0,0021430 secs]
79,232: [GC (Allocation Failure)  61048K->29576K(140800K), 0,0034050 secs]
79,258: [GC (Allocation Failure)  55176K->34360K(141312K), 0,0029752 secs]
79,292: [GC (Allocation Failure)  60984K->29544K(141312K), 0,0039611 secs]
79,317: [GC (Allocation Failure)  56168K->35352K(141312K), 0,0040405 secs]
79,353: [GC (Allocation Failure)  61976K->30568K(141312K), 0,0007356 secs]
79,375: [GC (Allocation Failure)  57192K->36376K(140288K), 0,0037330 secs]
79,412: [GC (Allocation Failure)  61976K->30536K(140800K), 0,0031025 secs]
79,442: [GC (Allocation Failure)  56136K->35352K(140288K), 0,0051698 secs]
79,484: [GC (Allocation Failure)  60952K->29480K(140800K), 0,0015561 secs]
79,508: [GC (Allocation Failure)  55080K->34296K(141312K), 0,0020303 secs]
79,545: [GC (Allocation Failure)  60920K->29496K(141312K), 0,0028788 secs]
79,576: [GC (Allocation Failure)  56120K->35272K(141312K), 0,0059731 secs]
79,617: [GC (Allocation Failure)  61896K->30488K(141312K), 0,0012101 secs]
79,640: [GC (Allocation Failure)  57112K->36296K(139776K), 0,0036969 secs]
79,677: [GC (Allocation Failure)  61896K->30488K(140800K), 0,0030681 secs]
79,707: [GC (Allocation Failure)  56088K->35208K(141312K), 0,0020982 secs]
79,742: [GC (Allocation Failure)  61832K->30424K(141312K), 0,0052465 secs]
79,772: [GC (Allocation Failure)  57048K->36240K(140288K), 0,0027227 secs]
79,808: [GC (Allocation Failure)  61840K->30400K(140800K), 0,0012471 secs]
79,833: [GC (Allocation Failure)  56000K->35152K(141312K), 0,0047631 secs]
79,870: [GC (Allocation Failure)  61776K->30400K(141312K), 0,0012761 secs]
79,895: [GC (Allocation Failure)  57024K->36208K(140288K), 0,0024262 secs]
79,930: [GC (Allocation Failure)  61808K->30368K(140800K), 0,0012172 secs]
79,954: [GC (Allocation Failure)  55968K->35120K(141312K), 0,0086558 secs]
79,996: [GC (Allocation Failure)  61744K->30368K(141312K), 0,0012702 secs]
80,021: [GC (Allocation Failure)  56992K->36144K(140288K), 0,0022639 secs]
80,056: [GC (Allocation Failure)  61744K->30304K(140800K), 0,0036455 secs]
80,088: [GC (Allocation Failure)  55904K->35120K(141312K), 0,0042680 secs]
80,129: [GC (Allocation Failure)  61744K->30272K(141312K), 0,0036342 secs]
80,156: [GC (Allocation Failure)  56896K->36016K(141312K), 0,0033951 secs]
80,192: [GC (Allocation Failure)  62640K->31232K(141312K), 0,0052832 secs]
80,221: [GC (Allocation Failure)  57856K->37104K(140288K), 0,0036757 secs]
80,257: [GC (Allocation Failure)  62704K->31264K(140800K), 0,0012291 secs]
80,282: [GC (Allocation Failure)  56864K->36016K(140288K), 0,0020822 secs]
80,316: [GC (Allocation Failure)  61616K->30176K(140800K), 0,0054962 secs]
80,344: [GC (Allocation Failure)  55776K->34960K(141312K), 0,0034553 secs]
80,381: [GC (Allocation Failure)  61584K->30176K(141312K), 0,0056219 secs]
80,409: [GC (Allocation Failure)  56800K->35952K(141312K), 0,0108963 secs]
80,453: [GC (Allocation Failure)  62576K->31176K(141312K), 0,0016987 secs]
80,475: [GC (Allocation Failure)  57800K->36992K(140288K), 0,0015671 secs]
80,509: [GC (Allocation Failure)  62592K->31152K(140800K), 0,0038213 secs]
80,534: [GC (Allocation Failure)  56752K->35936K(140288K), 0,0021850 secs]
80,568: [GC (Allocation Failure)  61536K->30096K(140800K), 0,0006789 secs]
80,589: [GC (Allocation Failure)  55696K->34880K(141312K), 0,0019273 secs]
80,624: [GC (Allocation Failure)  61504K->30032K(141312K), 0,0006222 secs]
80,650: [GC (Allocation Failure)  56656K->35880K(141312K), 0,0043604 secs]
80,692: [GC (Allocation Failure)  62504K->31096K(141312K), 0,0101672 secs]
80,726: [GC (Allocation Failure)  57720K->36912K(140288K), 0,0027527 secs]
80,764: [GC (Allocation Failure)  62512K->31120K(140800K), 0,0016381 secs]
80,790: [GC (Allocation Failure)  56720K->35872K(141312K), 0,0034436 secs]
80,828: [GC (Allocation Failure)  62496K->31088K(141312K), 0,0038223 secs]
80,857: [GC (Allocation Failure)  57712K->36904K(140288K), 0,0027227 secs]
80,894: [GC (Allocation Failure)  62504K->31064K(140800K), 0,0082350 secs]
80,924: [GC (Allocation Failure)  56664K->35816K(141312K), 0,0032537 secs]
80,960: [GC (Allocation Failure)  62440K->31032K(141312K), 0,0021542 secs]
80,984: [GC (Allocation Failure)  57656K->36840K(140288K), 0,0016879 secs]
81,019: [GC (Allocation Failure)  62440K->31000K(140800K), 0,0009735 secs]
81,042: [GC (Allocation Failure)  56600K->35752K(141312K), 0,0027665 secs]
81,082: [GC (Allocation Failure)  62376K->30968K(141312K), 0,0044732 secs]
81,114: [GC (Allocation Failure)  57592K->36808K(140288K), 0,0027163 secs]
81,152: [GC (Allocation Failure)  62408K->30968K(140800K), 0,0038800 secs]
81,181: [GC (Allocation Failure)  56568K->35760K(141312K), 0,0025363 secs]
81,217: [GC (Allocation Failure)  62384K->30952K(141312K), 0,0016261 secs]
81,242: [GC (Allocation Failure)  57576K->36768K(140288K), 0,0026299 secs]
81,279: [GC (Allocation Failure)  62368K->30928K(140800K), 0,0020812 secs]
81,305: [GC (Allocation Failure)  56528K->35712K(141312K), 0,0023840 secs]
81,344: [GC (Allocation Failure)  62336K->30896K(141312K), 0,0026109 secs]
81,372: [GC (Allocation Failure)  57520K->36736K(141312K), 0,0048454 secs]
81,409: [GC (Allocation Failure)  63360K->31920K(141312K), 0,0009999 secs]
81,433: [GC (Allocation Failure)  58544K->37728K(140288K), 0,0029774 secs]
81,468: [GC (Allocation Failure)  63328K->31888K(140800K), 0,0052703 secs]
81,495: [GC (Allocation Failure)  57488K->36640K(140288K), 0,0029052 secs]
81,531: [GC (Allocation Failure)  62240K->30800K(140800K), 0,0021465 secs]
81,557: [GC (Allocation Failure)  56400K->35584K(141312K), 0,0056080 secs]
81,597: [GC (Allocation Failure)  62208K->30768K(141312K), 0,0018234 secs]
81,624: [GC (Allocation Failure)  57392K->36608K(141312K), 0,0033507 secs]
81,660: [GC (Allocation Failure)  63232K->31792K(141312K), 0,0013385 secs]
81,685: [GC (Allocation Failure)  58416K->37632K(140288K), 0,0020365 secs]
81,719: [GC (Allocation Failure)  63232K->31792K(140800K), 0,0011920 secs]
81,743: [GC (Allocation Failure)  57392K->36544K(140288K), 0,0018929 secs]
81,777: [GC (Allocation Failure)  62144K->30736K(140800K), 0,0029870 secs]
81,802: [GC (Allocation Failure)  56336K->35528K(141312K), 0,0018940 secs]
81,837: [GC (Allocation Failure)  62152K->30712K(141312K), 0,0011334 secs]
81,861: [GC (Allocation Failure)  57336K->36552K(141312K), 0,0018552 secs]
81,895: [GC (Allocation Failure)  63176K->31736K(141312K), 0,0012462 secs]
81,920: [GC (Allocation Failure)  58360K->37512K(139776K), 0,0050906 secs]
81,958: [GC (Allocation Failure)  63112K->31704K(140800K), 0,0021869 secs]
81,984: [GC (Allocation Failure)  57304K->36464K(141312K), 0,0018540 secs]
82,018: [GC (Allocation Failure)  63088K->31680K(141312K), 0,0012021 secs]
82,043: [GC (Allocation Failure)  58304K->37496K(140288K), 0,0020125 secs]
82,079: [GC (Allocation Failure)  63096K->31656K(140800K), 0,0027995 secs]
82,110: [GC (Allocation Failure)  57256K->36440K(141312K), 0,0042281 secs]
82,152: [GC (Allocation Failure)  63064K->31656K(141312K), 0,0027347 secs]
82,183: [GC (Allocation Failure)  58280K->37432K(140288K), 0,0042714 secs]
82,222: [GC (Allocation Failure)  63032K->31592K(140800K), 0,0038637 secs]
82,249: [GC (Allocation Failure)  57192K->36376K(141312K), 0,0039432 secs]
82,286: [GC (Allocation Failure)  63000K->31592K(141312K), 0,0020492 secs]
82,310: [GC (Allocation Failure)  58216K->37368K(140288K), 0,0017383 secs]
82,345: [GC (Allocation Failure)  62968K->31560K(140800K), 0,0031129 secs]
82,370: [GC (Allocation Failure)  57160K->36312K(141312K), 0,0027047 secs]
82,406: [GC (Allocation Failure)  62936K->31528K(141312K), 0,0056453 secs]
82,438: [GC (Allocation Failure)  58152K->37304K(141312K), 0,0066513 secs]
82,477: [GC (Allocation Failure)  63928K->32520K(141312K), 0,0030660 secs]
82,503: [GC (Allocation Failure)  59144K->38360K(140288K), 0,0021548 secs]
82,537: [GC (Allocation Failure)  63960K->32520K(140800K), 0,0034439 secs]
82,564: [GC (Allocation Failure)  58120K->37304K(140288K), 0,0020021 secs]
82,598: [GC (Allocation Failure)  62904K->31432K(140800K), 0,0042332 secs]
82,631: [GC (Allocation Failure)  57032K->36248K(141312K), 0,0067094 secs]
82,670: [GC (Allocation Failure)  62872K->31440K(141312K), 0,0037273 secs]
82,697: [GC (Allocation Failure)  58064K->37248K(141312K), 0,0080477 secs]
82,738: [GC (Allocation Failure)  63872K->32448K(141312K), 0,0019290 secs]
82,762: [GC (Allocation Failure)  59072K->38288K(140288K), 0,0016346 secs]
82,798: [GC (Allocation Failure)  63888K->32224K(140800K), 0,0082324 secs]
82,828: [GC (Allocation Failure)  57824K->37016K(140288K), 0,0057075 secs]
82,869: [GC (Allocation Failure)  62616K->31208K(140800K), 0,0010071 secs]
82,891: [GC (Allocation Failure)  56808K->35960K(141312K), 0,0021864 secs]
82,924: [GC (Allocation Failure)  62584K->31112K(141312K), 0,0020796 secs]
82,947: [GC (Allocation Failure)  57736K->36952K(141312K), 0,0029345 secs]
82,981: [GC (Allocation Failure)  63576K->32200K(141312K), 0,0008543 secs]
83,002: [GC (Allocation Failure)  58824K->38008K(139776K), 0,0013930 secs]
83,036: [GC (Allocation Failure)  63608K->32136K(140800K), 0,0020958 secs]
83,061: [GC (Allocation Failure)  57736K->36984K(141312K), 0,0045752 secs]
83,100: [GC (Allocation Failure)  63608K->32104K(141312K), 0,0033479 secs]
83,129: [GC (Allocation Failure)  58728K->37944K(140288K), 0,0051873 secs]
83,167: [GC (Allocation Failure)  63544K->32112K(140800K), 0,0012206 secs]
83,191: [GC (Allocation Failure)  57712K->36904K(141312K), 0,0018925 secs]
83,226: [GC (Allocation Failure)  63528K->32120K(141312K), 0,0034912 secs]
83,253: [GC (Allocation Failure)  58744K->37928K(140288K), 0,0020242 secs]
83,287: [GC (Allocation Failure)  63528K->32056K(140800K), 0,0058411 secs]
83,319: [GC (Allocation Failure)  57656K->36840K(141312K), 0,0070340 secs]
83,359: [GC (Allocation Failure)  63464K->32064K(141312K), 0,0023324 secs]
83,383: [GC (Allocation Failure)  58688K->37872K(141312K), 0,0065816 secs]
83,428: [GC (Allocation Failure)  64496K->33088K(141312K), 0,0030298 secs]
83,458: [GC (Allocation Failure)  59712K->38904K(140288K), 0,0046816 secs]
83,498: [GC (Allocation Failure)  64504K->33064K(140800K), 0,0017237 secs]
83,525: [GC (Allocation Failure)  58664K->37816K(140288K), 0,0051369 secs]
83,563: [GC (Allocation Failure)  63416K->31976K(140800K), 0,0037924 secs]
83,595: [GC (Allocation Failure)  57576K->36768K(141312K), 0,0041296 secs]
83,632: [GC (Allocation Failure)  63392K->31984K(141312K), 0,0038354 secs]
83,661: [GC (Allocation Failure)  58608K->37792K(141312K), 0,0025673 secs]
83,698: [GC (Allocation Failure)  64416K->32976K(141312K), 0,0040952 secs]
83,727: [GC (Allocation Failure)  59600K->38816K(140288K), 0,0028387 secs]
83,764: [GC (Allocation Failure)  64416K->32944K(140800K), 0,0017698 secs]
83,791: [GC (Allocation Failure)  58544K->37768K(140288K), 0,0026371 secs]
83,828: [GC (Allocation Failure)  63368K->31896K(140800K), 0,0016324 secs]
83,855: [GC (Allocation Failure)  57496K->36712K(141312K), 0,0023430 secs]
83,892: [GC (Allocation Failure)  63336K->31896K(141312K), 0,0014586 secs]
83,918: [GC (Allocation Failure)  58520K->37704K(141312K), 0,0035439 secs]
83,958: [GC (Allocation Failure)  64328K->32856K(141312K), 0,0041778 secs]
83,990: [GC (Allocation Failure)  59480K->38728K(140288K), 0,0050208 secs]
84,028: [GC (Allocation Failure)  64328K->32888K(140800K), 0,0030092 secs]
84,053: [GC (Allocation Failure)  58488K->37640K(141312K), 0,0037451 secs]
84,090: [GC (Allocation Failure)  64264K->32856K(141312K), 0,0011606 secs]
84,114: [GC (Allocation Failure)  59480K->38656K(140288K), 0,0204465 secs]
84,169: [GC (Allocation Failure)  64256K->32848K(140800K), 0,0043766 secs]
84,199: [GC (Allocation Failure)  58448K->37632K(141312K), 0,0025660 secs]
84,235: [GC (Allocation Failure)  64256K->32816K(141312K), 0,0021793 secs]
84,259: [GC (Allocation Failure)  59440K->38664K(140288K), 0,0017509 secs]
84,294: [GC (Allocation Failure)  64264K->32824K(140800K), 0,0009327 secs]
84,317: [GC (Allocation Failure)  58424K->37616K(141312K), 0,0015486 secs]
84,352: [GC (Allocation Failure)  64240K->32768K(141312K), 0,0022533 secs]
84,376: [GC (Allocation Failure)  59392K->38584K(140288K), 0,0017211 secs]
84,411: [GC (Allocation Failure)  64184K->32776K(140800K), 0,0008852 secs]
84,434: [GC (Allocation Failure)  58376K->37592K(141312K), 0,0015376 secs]
84,469: [GC (Allocation Failure)  64216K->32776K(141312K), 0,0010072 secs]
84,493: [GC (Allocation Failure)  59400K->38584K(140288K), 0,0019326 secs]
84,531: [GC (Allocation Failure)  64184K->32720K(140800K), 0,0029558 secs]
84,562: [GC (Allocation Failure)  58320K->37536K(141312K), 0,0041739 secs]
84,603: [GC (Allocation Failure)  64160K->32720K(141312K), 0,0029202 secs]
84,632: [GC (Allocation Failure)  59344K->38528K(141312K), 0,0026786 secs]
84,669: [GC (Allocation Failure)  65152K->33712K(141312K), 0,0021153 secs]
84,696: [GC (Allocation Failure)  60336K->39520K(140288K), 0,0076557 secs]
84,737: [GC (Allocation Failure)  65120K->33680K(140800K), 0,0056402 secs]
84,765: [GC (Allocation Failure)  59280K->38464K(140288K), 0,0016169 secs]
84,800: [GC (Allocation Failure)  64064K->32672K(140800K), 0,0009729 secs]
84,823: [GC (Allocation Failure)  58272K->37456K(141312K), 0,0015722 secs]
84,858: [GC (Allocation Failure)  64080K->32608K(141312K), 0,0019995 secs]
84,882: [GC (Allocation Failure)  59232K->38416K(141312K), 0,0029527 secs]
84,918: [GC (Allocation Failure)  65040K->33608K(141312K), 0,0033182 secs]
84,943: [GC (Allocation Failure)  60232K->39416K(140288K), 0,0054175 secs]
84,981: [GC (Allocation Failure)  65016K->33608K(140800K), 0,0018359 secs]
85,005: [GC (Allocation Failure)  59208K->38392K(140288K), 0,0014414 secs]
85,039: [GC (Allocation Failure)  63992K->32552K(140800K), 0,0009134 secs]
85,064: [GC (Allocation Failure)  58152K->37304K(141312K), 0,0068122 secs]
85,103: [GC (Allocation Failure)  63928K->32520K(141312K), 0,0027028 secs]
85,132: [GC (Allocation Failure)  59144K->38328K(141312K), 0,0034127 secs]
85,169: [GC (Allocation Failure)  64952K->33512K(141312K), 0,0012006 secs]
85,193: [GC (Allocation Failure)  60136K->39352K(139776K), 0,0038306 secs]
85,229: [GC (Allocation Failure)  64952K->33512K(140800K), 0,0023969 secs]
85,254: [GC (Allocation Failure)  59112K->38296K(141312K), 0,0019632 secs]
85,289: [GC (Allocation Failure)  64920K->33480K(141312K), 0,0027931 secs]
85,315: [GC (Allocation Failure)  60104K->39288K(140288K), 0,0036372 secs]
85,351: [GC (Allocation Failure)  64888K->33448K(140800K), 0,0009521 secs]
85,374: [GC (Allocation Failure)  59048K->38264K(141312K), 0,0016519 secs]
85,409: [GC (Allocation Failure)  64888K->33448K(141312K), 0,0010761 secs]
85,432: [GC (Allocation Failure)  60072K->39264K(140288K), 0,0017577 secs]
85,467: [GC (Allocation Failure)  64864K->33392K(140800K), 0,0010451 secs]
85,490: [GC (Allocation Failure)  58992K->38176K(141312K), 0,0027441 secs]
85,526: [GC (Allocation Failure)  64800K->33392K(141312K), 0,0020526 secs]
85,550: [GC (Allocation Failure)  60016K->39208K(140288K), 0,0016390 secs]
85,585: [GC (Allocation Failure)  64808K->33368K(140800K), 0,0009766 secs]
85,608: [GC (Allocation Failure)  58968K->38192K(141312K), 0,0014970 secs]
85,642: [GC (Allocation Failure)  64816K->33344K(141312K), 0,0032174 secs]
85,667: [GC (Allocation Failure)  59968K->39184K(140288K), 0,0018212 secs]
85,702: [GC (Allocation Failure)  64784K->33312K(140800K), 0,0021028 secs]
85,726: [GC (Allocation Failure)  58912K->38096K(141312K), 0,0027267 secs]
85,762: [GC (Allocation Failure)  64720K->33312K(141312K), 0,0054913 secs]
85,790: [GC (Allocation Failure)  59936K->39120K(141312K), 0,0014811 secs]
85,824: [GC (Allocation Failure)  65744K->34336K(141312K), 0,0032110 secs]
85,849: [GC (Allocation Failure)  60960K->40152K(140288K), 0,0015449 secs]
85,881: [GC (Allocation Failure)  65752K->34312K(140800K), 0,0007504 secs]
85,904: [GC (Allocation Failure)  59912K->39096K(140288K), 0,0014352 secs]
85,938: [GC (Allocation Failure)  64696K->33256K(140800K), 0,0007294 secs]
85,960: [GC (Allocation Failure)  58856K->38040K(141312K), 0,0012552 secs]
85,993: [GC (Allocation Failure)  64664K->33224K(141312K), 0,0014853 secs]
86,016: [GC (Allocation Failure)  59848K->39072K(141312K), 0,0014251 secs]
86,050: [GC (Allocation Failure)  65696K->34256K(141312K), 0,0008158 secs]
86,073: [GC (Allocation Failure)  60880K->40032K(140288K), 0,0040440 secs]
86,110: [GC (Allocation Failure)  65632K->34224K(140800K), 0,0016488 secs]
86,133: [GC (Allocation Failure)  59824K->38976K(140288K), 0,0014160 secs]
86,166: [GC (Allocation Failure)  64576K->33152K(140800K), 0,0006959 secs]
86,188: [GC (Allocation Failure)  58752K->37968K(141312K), 0,0014244 secs]
86,222: [GC (Allocation Failure)  64592K->33120K(141312K), 0,0035051 secs]
86,247: [GC (Allocation Failure)  59744K->38960K(141312K), 0,0016141 secs]
86,281: [GC (Allocation Failure)  65584K->34144K(141312K), 0,0055074 secs]
86,308: [GC (Allocation Failure)  60768K->39992K(139776K), 0,0015162 secs]
86,341: [GC (Allocation Failure)  65592K->34152K(140800K), 0,0008015 secs]
86,364: [GC (Allocation Failure)  59752K->38936K(141312K), 0,0013135 secs]
86,398: [GC (Allocation Failure)  65560K->34152K(141312K), 0,0007623 secs]
86,419: [GC (Allocation Failure)  60776K->39928K(140288K), 0,0015464 secs]
86,451: [GC (Allocation Failure)  65528K->34120K(140800K), 0,0012819 secs]
86,475: [GC (Allocation Failure)  59720K->38872K(141312K), 0,0042041 secs]
86,517: [GC (Allocation Failure)  65496K->34088K(141312K), 0,0023426 secs]
86,544: [GC (Allocation Failure)  60712K->39896K(140288K), 0,0049520 secs]
86,582: [GC (Allocation Failure)  65496K->34024K(140800K), 0,0019754 secs]
86,608: [GC (Allocation Failure)  59624K->38808K(141312K), 0,0050477 secs]
86,651: [GC (Allocation Failure)  65432K->34024K(141312K), 0,0026782 secs]
86,678: [GC (Allocation Failure)  60648K->39872K(140288K), 0,0021515 secs]
86,713: [GC (Allocation Failure)  65472K->33968K(140800K), 0,0044514 secs]
86,738: [GC (Allocation Failure)  59568K->38752K(141312K), 0,0028281 secs]
86,772: [GC (Allocation Failure)  65376K->33816K(141312K), 0,0010108 secs]
86,795: [GC (Allocation Failure)  60440K->39568K(141312K), 0,0033906 secs]
86,831: [GC (Allocation Failure)  66192K->34752K(141312K), 0,0023150 secs]
86,854: [GC (Allocation Failure)  61376K->40560K(140288K), 0,0022582 secs]
86,887: [GC (Allocation Failure)  66160K->34720K(140800K), 0,0014505 secs]
86,910: [GC (Allocation Failure)  60320K->39472K(140288K), 0,0023266 secs]
86,943: [GC (Allocation Failure)  65072K->33600K(140800K), 0,0006340 secs]
86,964: [GC (Allocation Failure)  59200K->38384K(141312K), 0,0012155 secs]
86,997: [GC (Allocation Failure)  65008K->33568K(141312K), 0,0028002 secs]
87,024: [GC (Allocation Failure)  60192K->39376K(141312K), 0,0014656 secs]
87,057: [GC (Allocation Failure)  66000K->34560K(141312K), 0,0021096 secs]
87,081: [GC (Allocation Failure)  61184K->40440K(139776K), 0,0014900 secs]
87,119: [GC (Allocation Failure)  66040K->34568K(140800K), 0,0062297 secs]
87,152: [GC (Allocation Failure)  60168K->39320K(141312K), 0,0026978 secs]
87,189: [GC (Allocation Failure)  65944K->34536K(141312K), 0,0021962 secs]
87,217: [GC (Allocation Failure)  61160K->40344K(140288K), 0,0057202 secs]
87,257: [GC (Allocation Failure)  65944K->34504K(140800K), 0,0040131 secs]
87,282: [GC (Allocation Failure)  60104K->39288K(141312K), 0,0028045 secs]
87,320: [GC (Allocation Failure)  65912K->34536K(141312K), 0,0039528 secs]
87,353: [GC (Allocation Failure)  61160K->40312K(140288K), 0,0058097 secs]
87,400: [GC (Allocation Failure)  65912K->34512K(140800K), 0,0074404 secs]
87,434: [GC (Allocation Failure)  60112K->39296K(141312K), 0,0050696 secs]
87,476: [GC (Allocation Failure)  65920K->34448K(141312K), 0,0082629 secs]
87,513: [GC (Allocation Failure)  61072K->40256K(140288K), 0,0045355 secs]
87,555: [GC (Allocation Failure)  65856K->34480K(140800K), 0,0027428 secs]
87,584: [GC (Allocation Failure)  60080K->39232K(141312K), 0,0024792 secs]
87,621: [GC (Allocation Failure)  65856K->34416K(141312K), 0,0016412 secs]
87,646: [GC (Allocation Failure)  61040K->40224K(141312K), 0,0038116 secs]
87,685: [GC (Allocation Failure)  66848K->35376K(141312K), 0,0042124 secs]
87,713: [GC (Allocation Failure)  62000K->41232K(140288K), 0,0284059 secs]
87,774: [GC (Allocation Failure)  66832K->35424K(140800K), 0,0009889 secs]
87,797: [GC (Allocation Failure)  61024K->40176K(140288K), 0,0015366 secs]
87,831: [GC (Allocation Failure)  65776K->34336K(140800K), 0,0025179 secs]
87,855: [GC (Allocation Failure)  59936K->39120K(141312K), 0,0017739 secs]
87,890: [GC (Allocation Failure)  65744K->34304K(141312K), 0,0038767 secs]
87,916: [GC (Allocation Failure)  60928K->40112K(141312K), 0,0025793 secs]
87,955: [GC (Allocation Failure)  66736K->35328K(141312K), 0,0073792 secs]
87,986: [GC (Allocation Failure)  61952K->41168K(140288K), 0,0021976 secs]
88,020: [GC (Allocation Failure)  66768K->35328K(140800K), 0,0022512 secs]
88,045: [GC (Allocation Failure)  60928K->40080K(140288K), 0,0018907 secs]
88,081: [GC (Allocation Failure)  65680K->34272K(140800K), 0,0028099 secs]
88,112: [GC (Allocation Failure)  59872K->38992K(141312K), 0,0088874 secs]
88,158: [GC (Allocation Failure)  65616K->34208K(141312K), 0,0027202 secs]
88,188: [GC (Allocation Failure)  60832K->40016K(141312K), 0,0025323 secs]
88,224: [GC (Allocation Failure)  66640K->35272K(141312K), 0,0034009 secs]
88,251: [GC (Allocation Failure)  61896K->41048K(139776K), 0,0025658 secs]
88,288: [GC (Allocation Failure)  66648K->35240K(140800K), 0,0028438 secs]
88,319: [GC (Allocation Failure)  60840K->39992K(141312K), 0,0047035 secs]
88,356: [GC (Allocation Failure)  66616K->35224K(141312K), 0,0016532 secs]
88,384: [GC (Allocation Failure)  61848K->41040K(140288K), 0,0044106 secs]
88,426: [GC (Allocation Failure)  66640K->35200K(140800K), 0,0029756 secs]
88,456: [GC (Allocation Failure)  60800K->40016K(141312K), 0,0032950 secs]
88,493: [GC (Allocation Failure)  66640K->35168K(141312K), 0,0041251 secs]
88,521: [GC (Allocation Failure)  61792K->40984K(140288K), 0,0020306 secs]
88,556: [GC (Allocation Failure)  66584K->35152K(140800K), 0,0011024 secs]
88,579: [GC (Allocation Failure)  60752K->39936K(141312K), 0,0046942 secs]
88,614: [GC (Allocation Failure)  66560K->35152K(141312K), 0,0006954 secs]
88,640: [GC (Allocation Failure)  61776K->40960K(140288K), 0,0067066 secs]
88,684: [GC (Allocation Failure)  66560K->35128K(140800K), 0,0017825 secs]
88,709: [GC (Allocation Failure)  60728K->39912K(141312K), 0,0013849 secs]
88,743: [GC (Allocation Failure)  66536K->35096K(141312K), 0,0016441 secs]
88,765: [GC (Allocation Failure)  61720K->40872K(140288K), 0,0024465 secs]
88,800: [GC (Allocation Failure)  66472K->35064K(140800K), 0,0015587 secs]
88,822: [GC (Allocation Failure)  60664K->39816K(141312K), 0,0014837 secs]
88,856: [GC (Allocation Failure)  66440K->35032K(141312K), 0,0014315 secs]
88,879: [GC (Allocation Failure)  61656K->40840K(141312K), 0,0021895 secs]
88,913: [GC (Allocation Failure)  67464K->36024K(141312K), 0,0022353 secs]
88,936: [GC (Allocation Failure)  62648K->41872K(140288K), 0,0014619 secs]
88,969: [GC (Allocation Failure)  67472K->36032K(140800K), 0,0015372 secs]
88,992: [GC (Allocation Failure)  61632K->40816K(140288K), 0,0023520 secs]
89,026: [GC (Allocation Failure)  66416K->34984K(140800K), 0,0006932 secs]
89,048: [GC (Allocation Failure)  60584K->39768K(141312K), 0,0048014 secs]
89,085: [GC (Allocation Failure)  66392K->34984K(141312K), 0,0014116 secs]
89,108: [GC (Allocation Failure)  61608K->40768K(141312K), 0,0014014 secs]
89,141: [GC (Allocation Failure)  67392K->35952K(141312K), 0,0016051 secs]
89,164: [GC (Allocation Failure)  62576K->41792K(140288K), 0,0015609 secs]
89,196: [GC (Allocation Failure)  67392K->35992K(140800K), 0,0008930 secs]
89,219: [GC (Allocation Failure)  61592K->40776K(140288K), 0,0038271 secs]
89,255: [GC (Allocation Failure)  66376K->34904K(140800K), 0,0014547 secs]
89,278: [GC (Allocation Failure)  60504K->39688K(141312K), 0,0020578 secs]
89,313: [GC (Allocation Failure)  66312K->34840K(141312K), 0,0030388 secs]
89,338: [GC (Allocation Failure)  61464K->40680K(141312K), 0,0024445 secs]
89,372: [GC (Allocation Failure)  67304K->35928K(141312K), 0,0007656 secs]
89,393: [GC (Allocation Failure)  62552K->41704K(139776K), 0,0023604 secs]
89,428: [GC (Allocation Failure)  67304K->35864K(140800K), 0,0007361 secs]
89,451: [GC (Allocation Failure)  61464K->40648K(141312K), 0,0013892 secs]
89,485: [GC (Allocation Failure)  67272K->35800K(141312K), 0,0025072 secs]
89,509: [GC (Allocation Failure)  62424K->41680K(140288K), 0,0015176 secs]
89,543: [GC (Allocation Failure)  67280K->35808K(140800K), 0,0008244 secs]
89,567: [GC (Allocation Failure)  61408K->40632K(141312K), 0,0043335 secs]
89,609: [GC (Allocation Failure)  67256K->35784K(141312K), 0,0053692 secs]
89,638: [GC (Allocation Failure)  62408K->41592K(140288K), 0,0030091 secs]
89,674: [GC (Allocation Failure)  67192K->35816K(140800K), 0,0010017 secs]
89,697: [GC (Allocation Failure)  61416K->40568K(141312K), 0,0015258 secs]
89,731: [GC (Allocation Failure)  67192K->35752K(141312K), 0,0021877 secs]
89,755: [GC (Allocation Failure)  62376K->41592K(140288K), 0,0052675 secs]
89,793: [GC (Allocation Failure)  67192K->35728K(140800K), 0,0019647 secs]
89,817: [GC (Allocation Failure)  61328K->40544K(141312K), 0,0015920 secs]
89,852: [GC (Allocation Failure)  67168K->35728K(141312K), 0,0009439 secs]
89,875: [GC (Allocation Failure)  62352K->41536K(141312K), 0,0016482 secs]
89,910: [GC (Allocation Failure)  68160K->36688K(141312K), 0,0022255 secs]
89,934: [GC (Allocation Failure)  63312K->42560K(140288K), 0,0017653 secs]
89,969: [GC (Allocation Failure)  68160K->36688K(140800K), 0,0014855 secs]
89,993: [GC (Allocation Failure)  62288K->41472K(140288K), 0,0016128 secs]
90,028: [GC (Allocation Failure)  67072K->35664K(140800K), 0,0009134 secs]
90,051: [GC (Allocation Failure)  61264K->40384K(141312K), 0,0023946 secs]
90,086: [GC (Allocation Failure)  66496K->35088K(140800K), 0,0009437 secs]
90,109: [GC (Allocation Failure)  61200K->40384K(141312K), 0,0015571 secs]
90,144: [GC (Allocation Failure)  67008K->35568K(141312K), 0,0021242 secs]
90,168: [GC (Allocation Failure)  62192K->41376K(140800K), 0,0029110 secs]
90,204: [GC (Allocation Failure)  68000K->36592K(141312K), 0,0010007 secs]
90,227: [GC (Allocation Failure)  63216K->42400K(139776K), 0,0030288 secs]
90,263: [GC (Allocation Failure)  68000K->36560K(140800K), 0,0018801 secs]
90,287: [GC (Allocation Failure)  62160K->41376K(141312K), 0,0025724 secs]
90,322: [GC (Allocation Failure)  68000K->36528K(141312K), 0,0008361 secs]
90,345: [GC (Allocation Failure)  63152K->42336K(140288K), 0,0019142 secs]
90,380: [GC (Allocation Failure)  67936K->36528K(140800K), 0,0020608 secs]
90,404: [GC (Allocation Failure)  62128K->41312K(140288K), 0,0015687 secs]
90,439: [GC (Allocation Failure)  66912K->35472K(140800K), 0,0008695 secs]
90,462: [GC (Allocation Failure)  61072K->40224K(141312K), 0,0028860 secs]
90,502: [GC (Allocation Failure)  66848K->35408K(141312K), 0,0055145 secs]
90,536: [GC (Allocation Failure)  62032K->41248K(141312K), 0,0033597 secs]
90,573: [GC (Allocation Failure)  67872K->36448K(141312K), 0,0016771 secs]
90,599: [GC (Allocation Failure)  63072K->42296K(139776K), 0,0027297 secs]
90,636: [GC (Allocation Failure)  67896K->36488K(140800K), 0,0017079 secs]
90,663: [GC (Allocation Failure)  62088K->41240K(141312K), 0,0027470 secs]
90,701: [GC (Allocation Failure)  67864K->36392K(141312K), 0,0041944 secs]
90,730: [GC (Allocation Failure)  63016K->42264K(140288K), 0,0026414 secs]
90,766: [GC (Allocation Failure)  67864K->36344K(140800K), 0,0066230 secs]
90,797: [GC (Allocation Failure)  61944K->40944K(141312K), 0,0073476 secs]
90,836: [GC (Allocation Failure)  67568K->36144K(141312K), 0,0050187 secs]
90,863: [GC (Allocation Failure)  62768K->41952K(141312K), 0,0027436 secs]
90,897: [GC (Allocation Failure)  68576K->37136K(141312K), 0,0023388 secs]
90,920: [GC (Allocation Failure)  63760K->42912K(140288K), 0,0052458 secs]
90,956: [GC (Allocation Failure)  68512K->37040K(140800K), 0,0042296 secs]
90,981: [GC (Allocation Failure)  62640K->41824K(140288K), 0,0021882 secs]
91,015: [GC (Allocation Failure)  67424K->35920K(140800K), 0,0025982 secs]
91,038: [GC (Allocation Failure)  61520K->40704K(141312K), 0,0019042 secs]
91,074: [GC (Allocation Failure)  67328K->35960K(141312K), 0,0028826 secs]
91,105: [GC (Allocation Failure)  62584K->41776K(141312K), 0,0043935 secs]
91,147: [GC (Allocation Failure)  68400K->36960K(141312K), 0,0055320 secs]
91,178: [GC (Allocation Failure)  63584K->42800K(139776K), 0,0027383 secs]
91,215: [GC (Allocation Failure)  68400K->36960K(140800K), 0,0016870 secs]
91,241: [GC (Allocation Failure)  62560K->41680K(141312K), 0,0038633 secs]
91,277: [GC (Allocation Failure)  68304K->36896K(141312K), 0,0009387 secs]
91,300: [GC (Allocation Failure)  63520K->42768K(140288K), 0,0018111 secs]
91,339: [GC (Allocation Failure)  68368K->36896K(140800K), 0,0029115 secs]
91,370: [GC (Allocation Failure)  62496K->41648K(141312K), 0,0036793 secs]
91,407: [GC (Allocation Failure)  68272K->36896K(141312K), 0,0016712 secs]
91,436: [GC (Allocation Failure)  63520K->42680K(140288K), 0,0046983 secs]
91,478: [GC (Allocation Failure)  68280K->36808K(140800K), 0,0016861 secs]
91,503: [GC (Allocation Failure)  62408K->41624K(141312K), 0,0058027 secs]
91,541: [GC (Allocation Failure)  68248K->36808K(141312K), 0,0026402 secs]
91,567: [GC (Allocation Failure)  63432K->42624K(140288K), 0,0020649 secs]
91,605: [GC (Allocation Failure)  68224K->36784K(140800K), 0,0044882 secs]
91,638: [GC (Allocation Failure)  62384K->41568K(141312K), 0,0043511 secs]
91,680: [GC (Allocation Failure)  68192K->36816K(141312K), 0,0027630 secs]
91,712: [GC (Allocation Failure)  63440K->42600K(141312K), 0,0045071 secs]
91,752: [GC (Allocation Failure)  69224K->37784K(141312K), 0,0035785 secs]
91,779: [GC (Allocation Failure)  64408K->43624K(140288K), 0,0022654 secs]
91,814: [GC (Allocation Failure)  69224K->37816K(140800K), 0,0012763 secs]
91,839: [GC (Allocation Failure)  63416K->42536K(140288K), 0,0073467 secs]
91,879: [GC (Allocation Failure)  68136K->36696K(140800K), 0,0017784 secs]
91,907: [GC (Allocation Failure)  62296K->41480K(141312K), 0,0043960 secs]
91,949: [GC (Allocation Failure)  67592K->36152K(140800K), 0,0052140 secs]
91,983: [GC (Allocation Failure)  62264K->41448K(141312K), 0,0041228 secs]
92,025: [GC (Allocation Failure)  68072K->36664K(141312K), 0,0026398 secs]
92,056: [GC (Allocation Failure)  63288K->42512K(141312K), 0,0033507 secs]
92,093: [GC (Allocation Failure)  69136K->37664K(141312K), 0,0040156 secs]
92,121: [GC (Allocation Failure)  64288K->43472K(139776K), 0,0055903 secs]
92,161: [GC (Allocation Failure)  69072K->37664K(140800K), 0,0018172 secs]
92,187: [GC (Allocation Failure)  63264K->42416K(140288K), 0,0032169 secs]
92,224: [GC (Allocation Failure)  68016K->36608K(140800K), 0,0015329 secs]
92,251: [GC (Allocation Failure)  62208K->41360K(141312K), 0,0041272 secs]
92,289: [GC (Allocation Failure)  67984K->36576K(141312K), 0,0015679 secs]
92,314: [GC (Allocation Failure)  63200K->42352K(141312K), 0,0050940 secs]
92,356: [GC (Allocation Failure)  68976K->37568K(141312K), 0,0028732 secs]
92,387: [GC (Allocation Failure)  64192K->43376K(139776K), 0,0047923 secs]
92,426: [GC (Allocation Failure)  68976K->37552K(140800K), 0,0016659 secs]
92,453: [GC (Allocation Failure)  63152K->42368K(141312K), 0,0025737 secs]
92,489: [GC (Allocation Failure)  68992K->37584K(141312K), 0,0017466 secs]
92,515: [GC (Allocation Failure)  64208K->43360K(140288K), 0,0029500 secs]
92,551: [GC (Allocation Failure)  68960K->37520K(140800K), 0,0064419 secs]
92,580: [GC (Allocation Failure)  63120K->42304K(141312K), 0,0026976 secs]
92,615: [GC (Allocation Failure)  68928K->37488K(141312K), 0,0033672 secs]
92,644: [GC (Allocation Failure)  64112K->43328K(140288K), 0,0028200 secs]
92,682: [GC (Allocation Failure)  68928K->37456K(140800K), 0,0015564 secs]
92,706: [GC (Allocation Failure)  63056K->42272K(141312K), 0,0022343 secs]
92,743: [GC (Allocation Failure)  68896K->37424K(141312K), 0,0029210 secs]
92,774: [GC (Allocation Failure)  64048K->43232K(140288K), 0,0041607 secs]
92,813: [GC (Allocation Failure)  68832K->37424K(140800K), 0,0014113 secs]
92,841: [GC (Allocation Failure)  63024K->42208K(141312K), 0,0054658 secs]
92,881: [GC (Allocation Failure)  68832K->37392K(141312K), 0,0037422 secs]
92,907: [GC (Allocation Failure)  64016K->43200K(140288K), 0,0025956 secs]
92,944: [GC (Allocation Failure)  68800K->37392K(140800K), 0,0011703 secs]
92,969: [GC (Allocation Failure)  62992K->42144K(141312K), 0,0048655 secs]
93,009: [GC (Allocation Failure)  68768K->37360K(141312K), 0,0015860 secs]
93,035: [GC (Allocation Failure)  63984K->43176K(141312K), 0,0026702 secs]
93,076: [GC (Allocation Failure)  69800K->38360K(141312K), 0,0026511 secs]
93,101: [GC (Allocation Failure)  64984K->44168K(140288K), 0,0014815 secs]
93,134: [GC (Allocation Failure)  69768K->38328K(140800K), 0,0032041 secs]
93,164: [GC (Allocation Failure)  63928K->43144K(140288K), 0,0047069 secs]
93,206: [GC (Allocation Failure)  68744K->37304K(140800K), 0,0027696 secs]
93,237: [GC (Allocation Failure)  62904K->42024K(141312K), 0,0045606 secs]
93,277: [GC (Allocation Failure)  68648K->37240K(141312K), 0,0019037 secs]
93,303: [GC (Allocation Failure)  63864K->43048K(141312K), 0,0075987 secs]
93,341: [GC (Allocation Failure)  69672K->38264K(141312K), 0,0009103 secs]
93,365: [GC (Allocation Failure)  64888K->44040K(140288K), 0,0080551 secs]
93,408: [GC (Allocation Failure)  69640K->38264K(140800K), 0,0029510 secs]
93,439: [GC (Allocation Failure)  63864K->43016K(140288K), 0,0062946 secs]
93,478: [GC (Allocation Failure)  68616K->37176K(140800K), 0,0024356 secs]
93,505: [GC (Allocation Failure)  62776K->41928K(141312K), 0,0050435 secs]
93,548: [GC (Allocation Failure)  68552K->37144K(141312K), 0,0070033 secs]
93,581: [GC (Allocation Failure)  63768K->42952K(141312K), 0,0059003 secs]
93,622: [GC (Allocation Failure)  69576K->38168K(141312K), 0,0020012 secs]
93,647: [GC (Allocation Failure)  64792K->43976K(139776K), 0,0077460 secs]
93,687: [GC (Allocation Failure)  69576K->38136K(140800K), 0,0022911 secs]
93,711: [GC (Allocation Failure)  63736K->42920K(141312K), 0,0053874 secs]
93,749: [GC (Allocation Failure)  69544K->38104K(141312K), 0,0023189 secs]
93,773: [GC (Allocation Failure)  64728K->43912K(140288K), 0,0017577 secs]
93,808: [GC (Allocation Failure)  69512K->38104K(140800K), 0,0010940 secs]
93,831: [GC (Allocation Failure)  63704K->42920K(141312K), 0,0018354 secs]
93,866: [GC (Allocation Failure)  69544K->38040K(141312K), 0,0009845 secs]
93,890: [GC (Allocation Failure)  64664K->43888K(140288K), 0,0017253 secs]
93,928: [GC (Allocation Failure)  69488K->38080K(140800K), 0,0027977 secs]
93,958: [GC (Allocation Failure)  63680K->42832K(141312K), 0,0042480 secs]
94,000: [GC (Allocation Failure)  69456K->38016K(141312K), 0,0067663 secs]
94,034: [GC (Allocation Failure)  64640K->43824K(140288K), 0,0048551 secs]
94,076: [GC (Allocation Failure)  69424K->38016K(140800K), 0,0065581 secs]
94,106: [GC (Allocation Failure)  63616K->42768K(141312K), 0,0069708 secs]
94,147: [GC (Allocation Failure)  69392K->37984K(141312K), 0,0018467 secs]
94,174: [GC (Allocation Failure)  64608K->43792K(141312K), 0,0027572 secs]
94,209: [GC (Allocation Failure)  70416K->38976K(141312K), 0,0039995 secs]
94,235: [GC (Allocation Failure)  65600K->44784K(140288K), 0,0021249 secs]
94,270: [GC (Allocation Failure)  70384K->38944K(140800K), 0,0022081 secs]
94,293: [GC (Allocation Failure)  64544K->43728K(140288K), 0,0014731 secs]
94,326: [GC (Allocation Failure)  69328K->37928K(140800K), 0,0039456 secs]
94,355: [GC (Allocation Failure)  63528K->42680K(141312K), 0,0030705 secs]
94,391: [GC (Allocation Failure)  69304K->37896K(141312K), 0,0023038 secs]
94,417: [GC (Allocation Failure)  64520K->43736K(141312K), 0,0029146 secs]
94,452: [GC (Allocation Failure)  70360K->38888K(141312K), 0,0008130 secs]
94,477: [GC (Allocation Failure)  65512K->44728K(140288K), 0,0021640 secs]
94,512: [GC (Allocation Failure)  70328K->38904K(140800K), 0,0008716 secs]
94,539: [GC (Allocation Failure)  64504K->43656K(140288K), 0,0053067 secs]
94,582: [GC (Allocation Failure)  69256K->37816K(140800K), 0,0023321 secs]
94,605: [GC (Allocation Failure)  63416K->42632K(141312K), 0,0013319 secs]
94,641: [GC (Allocation Failure)  69256K->37824K(141312K), 0,0016563 secs]
94,666: [GC (Allocation Failure)  64448K->43632K(141312K), 0,0030398 secs]
94,702: [GC (Allocation Failure)  70256K->38816K(141312K), 0,0029955 secs]
94,731: [GC (Allocation Failure)  65440K->44656K(140288K), 0,0048690 secs]
94,769: [GC (Allocation Failure)  70256K->38688K(140800K), 0,0079277 secs]
94,798: [GC (Allocation Failure)  64288K->43288K(141312K), 0,0027123 secs]
94,832: [GC (Allocation Failure)  69912K->38480K(141312K), 0,0015600 secs]
94,855: [GC (Allocation Failure)  65104K->44320K(140288K), 0,0031815 secs]
94,890: [GC (Allocation Failure)  69920K->38448K(140800K), 0,0022238 secs]
94,913: [GC (Allocation Failure)  64048K->43168K(141312K), 0,0026891 secs]
94,947: [GC (Allocation Failure)  69792K->38384K(141312K), 0,0014130 secs]
94,969: [GC (Allocation Failure)  65008K->44224K(141312K), 0,0014128 secs]
95,002: [GC (Allocation Failure)  70848K->39440K(141312K), 0,0007618 secs]
95,024: [GC (Allocation Failure)  66064K->45248K(140288K), 0,0024144 secs]
95,059: [GC (Allocation Failure)  70848K->39376K(140800K), 0,0025430 secs]
95,082: [GC (Allocation Failure)  64976K->44160K(140288K), 0,0021077 secs]
95,117: [GC (Allocation Failure)  69760K->38352K(140800K), 0,0007269 secs]
95,139: [GC (Allocation Failure)  63952K->43144K(141312K), 0,0012260 secs]
95,171: [GC (Allocation Failure)  69768K->38328K(141312K), 0,0016222 secs]
95,193: [GC (Allocation Failure)  64952K->44160K(141312K), 0,0158144 secs]
95,242: [GC (Allocation Failure)  70784K->39376K(141312K), 0,0051685 secs]
95,270: [GC (Allocation Failure)  66000K->45152K(140288K), 0,0043864 secs]
95,309: [GC (Allocation Failure)  70752K->39344K(140800K), 0,0020441 secs]
95,334: [GC (Allocation Failure)  64944K->44096K(140288K), 0,0031004 secs]
95,370: [GC (Allocation Failure)  69696K->38320K(140800K), 0,0028559 secs]
95,400: [GC (Allocation Failure)  63920K->43072K(141312K), 0,0024805 secs]
95,435: [GC (Allocation Failure)  69696K->38272K(141312K), 0,0011541 secs]
95,460: [GC (Allocation Failure)  64896K->44120K(141312K), 0,0019729 secs]
95,494: [GC (Allocation Failure)  70744K->39272K(141312K), 0,0034052 secs]
95,521: [GC (Allocation Failure)  65896K->45112K(140288K), 0,0020274 secs]
95,555: [GC (Allocation Failure)  70712K->39272K(140800K), 0,0031949 secs]
95,587: [GC (Allocation Failure)  64872K->44024K(141312K), 0,0046221 secs]
95,629: [GC (Allocation Failure)  70648K->39256K(141312K), 0,0016580 secs]
95,656: [GC (Allocation Failure)  65880K->45072K(140288K), 0,0028567 secs]
95,693: [GC (Allocation Failure)  70672K->39200K(140800K), 0,0047389 secs]
95,723: [GC (Allocation Failure)  64800K->44016K(141312K), 0,0026772 secs]
95,759: [GC (Allocation Failure)  70640K->39232K(141312K), 0,0039733 secs]
95,788: [GC (Allocation Failure)  65856K->45040K(140288K), 0,0028084 secs]
95,825: [GC (Allocation Failure)  70640K->39168K(140800K), 0,0015718 secs]
95,852: [GC (Allocation Failure)  64768K->43984K(141312K), 0,0061369 secs]
95,891: [GC (Allocation Failure)  70608K->39216K(141312K), 0,0012664 secs]
95,916: [GC (Allocation Failure)  65840K->44992K(140288K), 0,0036302 secs]
95,952: [GC (Allocation Failure)  70592K->39160K(140800K), 0,0013270 secs]
95,975: [GC (Allocation Failure)  64760K->43912K(141312K), 0,0034168 secs]
96,012: [GC (Allocation Failure)  70536K->39128K(141312K), 0,0026879 secs]
96,038: [GC (Allocation Failure)  65752K->44968K(140288K), 0,0038059 secs]
96,074: [GC (Allocation Failure)  70568K->39096K(140800K), 0,0015399 secs]
96,098: [GC (Allocation Failure)  64696K->43912K(141312K), 0,0021220 secs]
96,133: [GC (Allocation Failure)  70536K->39096K(141312K), 0,0027362 secs]
96,159: [GC (Allocation Failure)  65720K->44944K(141312K), 0,0020216 secs]
96,193: [GC (Allocation Failure)  71568K->40096K(141312K), 0,0013240 secs]
96,218: [GC (Allocation Failure)  66720K->45912K(140288K), 0,0022396 secs]
96,253: [GC (Allocation Failure)  71512K->40072K(140800K), 0,0031592 secs]
96,278: [GC (Allocation Failure)  65672K->44856K(140288K), 0,0020328 secs]
96,317: [GC (Allocation Failure)  70456K->39016K(140800K), 0,0068047 secs]
96,348: [GC (Allocation Failure)  64616K->43800K(141312K), 0,0028940 secs]
96,384: [GC (Allocation Failure)  70424K->39016K(141312K), 0,0011899 secs]
96,407: [GC (Allocation Failure)  65640K->44824K(141312K), 0,0016171 secs]
96,442: [GC (Allocation Failure)  71448K->39976K(141312K), 0,0030053 secs]
96,471: [GC (Allocation Failure)  66600K->45848K(140288K), 0,0040379 secs]
96,509: [GC (Allocation Failure)  71448K->39976K(140800K), 0,0051706 secs]
96,536: [GC (Allocation Failure)  65576K->44768K(140288K), 0,0018268 secs]
96,571: [GC (Allocation Failure)  70368K->38928K(140800K), 0,0030651 secs]
96,599: [GC (Allocation Failure)  64528K->43712K(141312K), 0,0028009 secs]
96,637: [GC (Allocation Failure)  70336K->38928K(141312K), 0,0016778 secs]
96,666: [GC (Allocation Failure)  65552K->44704K(141312K), 0,0046739 secs]
96,707: [GC (Allocation Failure)  71328K->39928K(141312K), 0,0031023 secs]
96,738: [GC (Allocation Failure)  66552K->45704K(139776K), 0,0021557 secs]
96,774: [GC (Allocation Failure)  71304K->39896K(140800K), 0,0042076 secs]
96,802: [GC (Allocation Failure)  65496K->44680K(141312K), 0,0032468 secs]
96,837: [GC (Allocation Failure)  71304K->39864K(141312K), 0,0020768 secs]
96,864: [GC (Allocation Failure)  66488K->45680K(140288K), 0,0021911 secs]
96,899: [GC (Allocation Failure)  71280K->39840K(140800K), 0,0008564 secs]
96,922: [GC (Allocation Failure)  65440K->44656K(141312K), 0,0031176 secs]
96,957: [GC (Allocation Failure)  71280K->39840K(141312K), 0,0062045 secs]
96,992: [GC (Allocation Failure)  66464K->45648K(140288K), 0,0047350 secs]
97,034: [GC (Allocation Failure)  71248K->39808K(140800K), 0,0070897 secs]
97,063: [GC (Allocation Failure)  65408K->44592K(141312K), 0,0017253 secs]
97,098: [GC (Allocation Failure)  71216K->39776K(141312K), 0,0021443 secs]
97,122: [GC (Allocation Failure)  66400K->45616K(140288K), 0,0054346 secs]
97,160: [GC (Allocation Failure)  71216K->39784K(140800K), 0,0009220 secs]
97,183: [GC (Allocation Failure)  65384K->44536K(141312K), 0,0016321 secs]
97,218: [GC (Allocation Failure)  71160K->39720K(141312K), 0,0009845 secs]
97,241: [GC (Allocation Failure)  66344K->45592K(141312K), 0,0028428 secs]
97,277: [GC (Allocation Failure)  72216K->40776K(141312K), 0,0011096 secs]
97,300: [GC (Allocation Failure)  67400K->46584K(140288K), 0,0041690 secs]
97,337: [GC (Allocation Failure)  72184K->40744K(140800K), 0,0021858 secs]
97,361: [GC (Allocation Failure)  66344K->45496K(140288K), 0,0055285 secs]
97,399: [GC (Allocation Failure)  71096K->39688K(140800K), 0,0017754 secs]
97,422: [GC (Allocation Failure)  65288K->44440K(141312K), 0,0073998 secs]
97,462: [GC (Allocation Failure)  71064K->39656K(141312K), 0,0017552 secs]
97,486: [GC (Allocation Failure)  66280K->45432K(141312K), 0,0022194 secs]
97,521: [GC (Allocation Failure)  72056K->40680K(141312K), 0,0023145 secs]
97,545: [GC (Allocation Failure)  67304K->46456K(140288K), 0,0056211 secs]
97,583: [GC (Allocation Failure)  72056K->40648K(140800K), 0,0009509 secs]
97,605: [GC (Allocation Failure)  66248K->45400K(140288K), 0,0022269 secs]
97,640: [GC (Allocation Failure)  71000K->39560K(140800K), 0,0007608 secs]
97,663: [GC (Allocation Failure)  65160K->44384K(141312K), 0,0013893 secs]
97,697: [GC (Allocation Failure)  71008K->39568K(141312K), 0,0066007 secs]
97,725: [GC (Allocation Failure)  66192K->45344K(141312K), 0,0028420 secs]
97,761: [GC (Allocation Failure)  71968K->40560K(141312K), 0,0042360 secs]
97,787: [GC (Allocation Failure)  67184K->46368K(140288K), 0,0018505 secs]
97,825: [GC (Allocation Failure)  71968K->40560K(140800K), 0,0029068 secs]
97,855: [GC (Allocation Failure)  66160K->45312K(141312K), 0,0045922 secs]
97,897: [GC (Allocation Failure)  71936K->40560K(141312K), 0,0028738 secs]
97,928: [GC (Allocation Failure)  67184K->46336K(140288K), 0,0074478 secs]
97,969: [GC (Allocation Failure)  71936K->40496K(140800K), 0,0012696 secs]
97,994: [GC (Allocation Failure)  66096K->45280K(141312K), 0,0038691 secs]
98,030: [GC (Allocation Failure)  71904K->40464K(141312K), 0,0024511 secs]
98,056: [GC (Allocation Failure)  67088K->46304K(140288K), 0,0022392 secs]
98,091: [GC (Allocation Failure)  71904K->40464K(140800K), 0,0012942 secs]
98,116: [GC (Allocation Failure)  66064K->45184K(141312K), 0,0029812 secs]
98,152: [GC (Allocation Failure)  71808K->40488K(141312K), 0,0033146 secs]
98,185: [GC (Allocation Failure)  67112K->46240K(140288K), 0,0039884 secs]
98,224: [GC (Allocation Failure)  71840K->40432K(140800K), 0,0012169 secs]
98,247: [GC (Allocation Failure)  66032K->45256K(141312K), 0,0021650 secs]
98,283: [GC (Allocation Failure)  71880K->40408K(141312K), 0,0037065 secs]
98,315: [GC (Allocation Failure)  67032K->46216K(140288K), 0,0040615 secs]
98,354: [GC (Allocation Failure)  71816K->40376K(140800K), 0,0053416 secs]
98,383: [GC (Allocation Failure)  65976K->45224K(141312K), 0,0025738 secs]
98,418: [GC (Allocation Failure)  71848K->40376K(141312K), 0,0028325 secs]
98,449: [GC (Allocation Failure)  67000K->46152K(141312K), 0,0047976 secs]
98,486: [GC (Allocation Failure)  72776K->41336K(141312K), 0,0035940 secs]
98,515: [GC (Allocation Failure)  67960K->47240K(140288K), 0,0030176 secs]
98,553: [GC (Allocation Failure)  72840K->41336K(140800K), 0,0034160 secs]
98,579: [GC (Allocation Failure)  66936K->46120K(140288K), 0,0014414 secs]
98,615: [GC (Allocation Failure)  71720K->40312K(140800K), 0,0020917 secs]
98,642: [GC (Allocation Failure)  65912K->45096K(141312K), 0,0033855 secs]
98,682: [GC (Allocation Failure)  71720K->40248K(141312K), 0,0015099 secs]
98,706: [GC (Allocation Failure)  66872K->46064K(141312K), 0,0053903 secs]
98,743: [GC (Allocation Failure)  72688K->41280K(141312K), 0,0016698 secs]
98,766: [GC (Allocation Failure)  67904K->46992K(140288K), 0,0016533 secs]
98,802: [GC (Allocation Failure)  72592K->41016K(140800K), 0,0007491 secs]
98,823: [GC (Allocation Failure)  66616K->45776K(141312K), 0,0095711 secs]
98,863: [GC (Allocation Failure)  72400K->40864K(141312K), 0,0014735 secs]
98,885: [GC (Allocation Failure)  67488K->46712K(140288K), 0,0051464 secs]
98,922: [GC (Allocation Failure)  72312K->40840K(140800K), 0,0016659 secs]
98,944: [GC (Allocation Failure)  66439K->45592K(141312K), 0,0030570 secs]
98,978: [GC (Allocation Failure)  72216K->40776K(141312K), 0,0022515 secs]
99,002: [GC (Allocation Failure)  67400K->46648K(140288K), 0,0021904 secs]
99,035: [GC (Allocation Failure)  72248K->40808K(140800K), 0,0007307 secs]
99,056: [GC (Allocation Failure)  66408K->45624K(141312K), 0,0013371 secs]
99,090: [GC (Allocation Failure)  72248K->40784K(141312K), 0,0014623 secs]
99,113: [GC (Allocation Failure)  67408K->46624K(140288K), 0,0021511 secs]
99,148: [GC (Allocation Failure)  72224K->40784K(140800K), 0,0007492 secs]
99,169: [GC (Allocation Failure)  66384K->45568K(141312K), 0,0024969 secs]
99,203: [GC (Allocation Failure)  72192K->40752K(141312K), 0,0070273 secs]
99,231: [GC (Allocation Failure)  67376K->46592K(141312K), 0,0028339 secs]
99,267: [GC (Allocation Failure)  73216K->41808K(141312K), 0,0009276 secs]
99,294: [GC (Allocation Failure)  68432K->47584K(140288K), 0,0063382 secs]
99,339: [GC (Allocation Failure)  73184K->41752K(140800K), 0,0032239 secs]
99,370: [GC (Allocation Failure)  67352K->46536K(140288K), 0,0039955 secs]
99,408: [GC (Allocation Failure)  72136K->40664K(140800K), 0,0021899 secs]
99,431: [GC (Allocation Failure)  66264K->45448K(141312K), 0,0048883 secs]
99,467: [GC (Allocation Failure)  72072K->40664K(141312K), 0,0013309 secs]
99,490: [GC (Allocation Failure)  67288K->46480K(141312K), 0,0026437 secs]
99,529: [GC (Allocation Failure)  73104K->41696K(141312K), 0,0043195 secs]
99,557: [GC (Allocation Failure)  68320K->47480K(140288K), 0,0022262 secs]
99,591: [GC (Allocation Failure)  73080K->41680K(140800K), 0,0063298 secs]
99,620: [GC (Allocation Failure)  67280K->46472K(141312K), 0,0017300 secs]
99,655: [GC (Allocation Failure)  73096K->41664K(141312K), 0,0026617 secs]
99,680: [GC (Allocation Failure)  68288K->47472K(140288K), 0,0044594 secs]
99,717: [GC (Allocation Failure)  73072K->41632K(140800K), 0,0078048 secs]
99,747: [GC (Allocation Failure)  67232K->46416K(140288K), 0,0025351 secs]
99,786: [GC (Allocation Failure)  72016K->40576K(140800K), 0,0048583 secs]
99,814: [GC (Allocation Failure)  66176K->45360K(141312K), 0,0014670 secs]
99,849: [GC (Allocation Failure)  71984K->40544K(141312K), 0,0008807 secs]
99,872: [GC (Allocation Failure)  67168K->46352K(141312K), 0,0015939 secs]
99,906: [GC (Allocation Failure)  72976K->41536K(141312K), 0,0021838 secs]
99,930: [GC (Allocation Failure)  68160K->47376K(140800K), 0,0025960 secs]
99,966: [GC (Allocation Failure)  74000K->42592K(141312K), 0,0020309 secs]
99,991: [GC (Allocation Failure)  69216K->48368K(139776K), 0,0024116 secs]
100,025: [GC (Allocation Failure)  73968K->42568K(140800K), 0,0010847 secs]
100,048: [GC (Allocation Failure)  68168K->47320K(140288K), 0,0017419 secs]
100,083: [GC (Allocation Failure)  72920K->41520K(140800K), 0,0009450 secs]
100,106: [GC (Allocation Failure)  67120K->46280K(141312K), 0,0018726 secs]
100,141: [GC (Allocation Failure)  72392K->40984K(140800K), 0,0012866 secs]
100,168: [GC (Allocation Failure)  67096K->46256K(141312K), 0,0044668 secs]
100,210: [GC (Allocation Failure)  72880K->41440K(141312K), 0,0037875 secs]
100,239: [GC (Allocation Failure)  68064K->47312K(140288K), 0,0030206 secs]
100,274: [GC (Allocation Failure)  72912K->41440K(140800K), 0,0006929 secs]
100,295: [GC (Allocation Failure)  67040K->46224K(141312K), 0,0051539 secs]
100,333: [GC (Allocation Failure)  72848K->41416K(141312K), 0,0006852 secs]
100,354: [GC (Allocation Failure)  68040K->47256K(141312K), 0,0014606 secs]
100,388: [GC (Allocation Failure)  73880K->42440K(141312K), 0,0017555 secs]
100,413: [GC (Allocation Failure)  69064K->48280K(140288K), 0,0040879 secs]
100,453: [GC (Allocation Failure)  73880K->42408K(140800K), 0,0047570 secs]
100,481: [GC (Allocation Failure)  68008K->47192K(140288K), 0,0024564 secs]
100,516: [GC (Allocation Failure)  72792K->41360K(140800K), 0,0009827 secs]
100,539: [GC (Allocation Failure)  66960K->46144K(141312K), 0,0015998 secs]
100,578: [GC (Allocation Failure)  72768K->41360K(141312K), 0,0028614 secs]
100,609: [GC (Allocation Failure)  67984K->47136K(141312K), 0,0032762 secs]
100,647: [GC (Allocation Failure)  73760K->42320K(141312K), 0,0064616 secs]
100,675: [GC (Allocation Failure)  68944K->48160K(140288K), 0,0024681 secs]
100,710: [GC (Allocation Failure)  73760K->42288K(140800K), 0,0015191 secs]
100,733: [GC (Allocation Failure)  67888K->47104K(140288K), 0,0020576 secs]
100,766: [GC (Allocation Failure)  72704K->41296K(140800K), 0,0007011 secs]
100,791: [GC (Allocation Failure)  66896K->46048K(141312K), 0,0054571 secs]
100,830: [GC (Allocation Failure)  72672K->41264K(141312K), 0,0011982 secs]
100,854: [GC (Allocation Failure)  67888K->47080K(141312K), 0,0019696 secs]
100,888: [GC (Allocation Failure)  73704K->42264K(141312K), 0,0013271 secs]
100,913: [GC (Allocation Failure)  68888K->48080K(139776K), 0,0020748 secs]
100,947: [GC (Allocation Failure)  73680K->42248K(140800K), 0,0023934 secs]
100,973: [GC (Allocation Failure)  67848K->47032K(141312K), 0,0019855 secs]
101,007: [GC (Allocation Failure)  73656K->42248K(141312K), 0,0012092 secs]
101,031: [GC (Allocation Failure)  68872K->48024K(140288K), 0,0036648 secs]
101,067: [GC (Allocation Failure)  73624K->42224K(140800K), 0,0011811 secs]
101,091: [GC (Allocation Failure)  67824K->46984K(141312K), 0,0020639 secs]
101,125: [GC (Allocation Failure)  73608K->42232K(141312K), 0,0012860 secs]
101,150: [GC (Allocation Failure)  68856K->48040K(140288K), 0,0020073 secs]
101,184: [GC (Allocation Failure)  73640K->42168K(140800K), 0,0012986 secs]
101,212: [GC (Allocation Failure)  67768K->46968K(141312K), 0,0044937 secs]
101,254: [GC (Allocation Failure)  73592K->42184K(141312K), 0,0068646 secs]
101,286: [GC (Allocation Failure)  68808K->47968K(140288K), 0,0027544 secs]
101,324: [GC (Allocation Failure)  73568K->42128K(140800K), 0,0041128 secs]
101,353: [GC (Allocation Failure)  67728K->46912K(141312K), 0,0048073 secs]
101,392: [GC (Allocation Failure)  73536K->42096K(141312K), 0,0024685 secs]
101,419: [GC (Allocation Failure)  68720K->47904K(141312K), 0,0030681 secs]
101,457: [GC (Allocation Failure)  74528K->43152K(141312K), 0,0017794 secs]
101,484: [GC (Allocation Failure)  69776K->48936K(140288K), 0,0029966 secs]
101,521: [GC (Allocation Failure)  74536K->43096K(140800K), 0,0042403 secs]
101,547: [GC (Allocation Failure)  68696K->47880K(140288K), 0,0016942 secs]
101,586: [GC (Allocation Failure)  73480K->42040K(140800K), 0,0029038 secs]
101,617: [GC (Allocation Failure)  67640K->46864K(141312K), 0,0042572 secs]
101,659: [GC (Allocation Failure)  73488K->41984K(141312K), 0,0064729 secs]
101,689: [GC (Allocation Failure)  68608K->47824K(141312K), 0,0071481 secs]
101,729: [GC (Allocation Failure)  74448K->43040K(141312K), 0,0038083 secs]
101,754: [GC (Allocation Failure)  69664K->48848K(140288K), 0,0015517 secs]
101,788: [GC (Allocation Failure)  74448K->43040K(140800K), 0,0008634 secs]
101,810: [GC (Allocation Failure)  68640K->47800K(140288K), 0,0014478 secs]
101,844: [GC (Allocation Failure)  73400K->41928K(140800K), 0,0052150 secs]
101,870: [GC (Allocation Failure)  67528K->46784K(141312K), 0,0013064 secs]
101,902: [GC (Allocation Failure)  73408K->41936K(141312K), 0,0006862 secs]
101,924: [GC (Allocation Failure)  68560K->47752K(141312K), 0,0026482 secs]
101,959: [GC (Allocation Failure)  74376K->42968K(141312K), 0,0009010 secs]
101,982: [GC (Allocation Failure)  69592K->48808K(139776K), 0,0016842 secs]
102,017: [GC (Allocation Failure)  74408K->42936K(140800K), 0,0008943 secs]
102,040: [GC (Allocation Failure)  68536K->47728K(141312K), 0,0018298 secs]
102,078: [GC (Allocation Failure)  74352K->42944K(141312K), 0,0030551 secs]
102,109: [GC (Allocation Failure)  69568K->48752K(140288K), 0,0048696 secs]
102,150: [GC (Allocation Failure)  74352K->42920K(140800K), 0,0016750 secs]
102,177: [GC (Allocation Failure)  68520K->47704K(141312K), 0,0026225 secs]
102,214: [GC (Allocation Failure)  74328K->42856K(141312K), 0,0044217 secs]
102,242: [GC (Allocation Failure)  69480K->48704K(140288K), 0,0028994 secs]
102,280: [GC (Allocation Failure)  74304K->42832K(140800K), 0,0043387 secs]
102,309: [GC (Allocation Failure)  68432K->47616K(141312K), 0,0044627 secs]
102,347: [GC (Allocation Failure)  74240K->42808K(141312K), 0,0047920 secs]
102,377: [GC (Allocation Failure)  69432K->48648K(140288K), 0,0043920 secs]
102,414: [GC (Allocation Failure)  74248K->42808K(140800K), 0,0040523 secs]
102,441: [GC (Allocation Failure)  68408K->47624K(141312K), 0,0031041 secs]
102,477: [GC (Allocation Failure)  74248K->42776K(141312K), 0,0030845 secs]
102,503: [GC (Allocation Failure)  69400K->48648K(140288K), 0,0020636 secs]
102,537: [GC (Allocation Failure)  74248K->42800K(140800K), 0,0012397 secs]
102,560: [GC (Allocation Failure)  68400K->47552K(141312K), 0,0035320 secs]
102,597: [GC (Allocation Failure)  74176K->42768K(141312K), 0,0028649 secs]
102,623: [GC (Allocation Failure)  69392K->48544K(141312K), 0,0020602 secs]
102,657: [GC (Allocation Failure)  75168K->43792K(141312K), 0,0014060 secs]
102,682: [GC (Allocation Failure)  70416K->49600K(140288K), 0,0041040 secs]
102,720: [GC (Allocation Failure)  75200K->43760K(140800K), 0,0019726 secs]
102,746: [GC (Allocation Failure)  69360K->48544K(140288K), 0,0041974 secs]
102,782: [GC (Allocation Failure)  74144K->42488K(140800K), 0,0015080 secs]
102,804: [GC (Allocation Failure)  68088K->47312K(141312K), 0,0016015 secs]
102,840: [GC (Allocation Failure)  73936K->42496K(141312K), 0,0016799 secs]
102,862: [GC (Allocation Failure)  69120K->48272K(141312K), 0,0021787 secs]
102,896: [GC (Allocation Failure)  74896K->43456K(141312K), 0,0015557 secs]
102,919: [GC (Allocation Failure)  70080K->49296K(140288K), 0,0024031 secs]
102,953: [GC (Allocation Failure)  74896K->43424K(140800K), 0,0017238 secs]
102,975: [GC (Allocation Failure)  69024K->48176K(141312K), 0,0023253 secs]
103,009: [GC (Allocation Failure)  74800K->43392K(141312K), 0,0015489 secs]
103,032: [GC (Allocation Failure)  70016K->49232K(140288K), 0,0023540 secs]
103,067: [GC (Allocation Failure)  74832K->43424K(140800K), 0,0030062 secs]
103,094: [GC (Allocation Failure)  69024K->48216K(141312K), 0,0029878 secs]
103,132: [GC (Allocation Failure)  74840K->43368K(141312K), 0,0070375 secs]
103,167: [GC (Allocation Failure)  69992K->49176K(140288K), 0,0116972 secs]
103,216: [GC (Allocation Failure)  74776K->43368K(140800K), 0,0067422 secs]
103,250: [GC (Allocation Failure)  68968K->48128K(141312K), 0,0048053 secs]
103,292: [GC (Allocation Failure)  74752K->43344K(141312K), 0,0065241 secs]
103,328: [GC (Allocation Failure)  69968K->49160K(140288K), 0,0046779 secs]
103,371: [GC (Allocation Failure)  74760K->43320K(140800K), 0,0029802 secs]
103,402: [GC (Allocation Failure)  68920K->48112K(141312K), 0,0050625 secs]
103,444: [GC (Allocation Failure)  74736K->43296K(141312K), 0,0045128 secs]
103,474: [GC (Allocation Failure)  69920K->49112K(141312K), 0,0046728 secs]
103,511: [GC (Allocation Failure)  75736K->44328K(141312K), 0,0034611 secs]
103,538: [GC (Allocation Failure)  70952K->50136K(140288K), 0,0051124 secs]
103,574: [GC (Allocation Failure)  75736K->44296K(140800K), 0,0008924 secs]
103,600: [GC (Allocation Failure)  69896K->49112K(140288K), 0,0063257 secs]
103,639: [GC (Allocation Failure)  74712K->43240K(140800K), 0,0034571 secs]
103,666: [GC (Allocation Failure)  68840K->48024K(141312K), 0,0044723 secs]
103,707: [GC (Allocation Failure)  74648K->43256K(141312K), 0,0029406 secs]
103,738: [GC (Allocation Failure)  69880K->49032K(141312K), 0,0041688 secs]
103,775: [GC (Allocation Failure)  75656K->44248K(141312K), 0,0024264 secs]
103,803: [GC (Allocation Failure)  70872K->50024K(140288K), 0,0030176 secs]
103,839: [GC (Allocation Failure)  75624K->44216K(140800K), 0,0033562 secs]
103,871: [GC (Allocation Failure)  69816K->49008K(140288K), 0,0048388 secs]
103,913: [GC (Allocation Failure)  74608K->43216K(140800K), 0,0027200 secs]
103,944: [GC (Allocation Failure)  68816K->47968K(141312K), 0,0038994 secs]
103,982: [GC (Allocation Failure)  74592K->43152K(141312K), 0,0015816 secs]
104,008: [GC (Allocation Failure)  69776K->48992K(141312K), 0,0026539 secs]
104,046: [GC (Allocation Failure)  75616K->44176K(141312K), 0,0044001 secs]
104,077: [GC (Allocation Failure)  70800K->49984K(140288K), 0,0046774 secs]
104,119: [GC (Allocation Failure)  75584K->44120K(140800K), 0,0033881 secs]
104,151: [GC (Allocation Failure)  69720K->48936K(141312K), 0,0032727 secs]
104,187: [GC (Allocation Failure)  75560K->44168K(141312K), 0,0012894 secs]
104,212: [GC (Allocation Failure)  70792K->49944K(140288K), 0,0021652 secs]
104,248: [GC (Allocation Failure)  75544K->44104K(140800K), 0,0061714 secs]
104,278: [GC (Allocation Failure)  69704K->48888K(141312K), 0,0030774 secs]
104,315: [GC (Allocation Failure)  75512K->44072K(141312K), 0,0020133 secs]
104,344: [GC (Allocation Failure)  70696K->49912K(140288K), 0,0048258 secs]
104,386: [GC (Allocation Failure)  75512K->44072K(140800K), 0,0034130 secs]
104,415: [GC (Allocation Failure)  69672K->48824K(141312K), 0,0103338 secs]
104,460: [GC (Allocation Failure)  75448K->44008K(141312K), 0,0028744 secs]
104,484: [GC (Allocation Failure)  70632K->49856K(140288K), 0,0014128 secs]
104,516: [GC (Allocation Failure)  75456K->44016K(140800K), 0,0023613 secs]
104,540: [GC (Allocation Failure)  69616K->48768K(141312K), 0,0026551 secs]
104,576: [GC (Allocation Failure)  75392K->44016K(141312K), 0,0015206 secs]
104,600: [GC (Allocation Failure)  70640K->49792K(140288K), 0,0030423 secs]
104,636: [GC (Allocation Failure)  75392K->43952K(140800K), 0,0026714 secs]
104,661: [GC (Allocation Failure)  69552K->48736K(141312K), 0,0017343 secs]
104,696: [GC (Allocation Failure)  75360K->43952K(141312K), 0,0037299 secs]
104,722: [GC (Allocation Failure)  70576K->49760K(141312K), 0,0030936 secs]
104,758: [GC (Allocation Failure)  76384K->44976K(141312K), 0,0011660 secs]
104,781: [GC (Allocation Failure)  71600K->50792K(140288K), 0,0019471 secs]
104,816: [GC (Allocation Failure)  76392K->44952K(140800K), 0,0027217 secs]
104,841: [GC (Allocation Failure)  70552K->49744K(140288K), 0,0017823 secs]
104,876: [GC (Allocation Failure)  75344K->43936K(140800K), 0,0010526 secs]
104,899: [GC (Allocation Failure)  69536K->48696K(141312K), 0,0016905 secs]
104,934: [GC (Allocation Failure)  75320K->43880K(141312K), 0,0035316 secs]
104,960: [GC (Allocation Failure)  70504K->49696K(141312K), 0,0042276 secs]
104,997: [GC (Allocation Failure)  76320K->44888K(141312K), 0,0011071 secs]
105,020: [GC (Allocation Failure)  71512K->50696K(140288K), 0,0049464 secs]
105,058: [GC (Allocation Failure)  76296K->44856K(140800K), 0,0020696 secs]
105,082: [GC (Allocation Failure)  70456K->49640K(140288K), 0,0026059 secs]
105,118: [GC (Allocation Failure)  75240K->43840K(140800K), 0,0009644 secs]
105,141: [GC (Allocation Failure)  69440K->48624K(141312K), 0,0016370 secs]
105,176: [GC (Allocation Failure)  75248K->43776K(141312K), 0,0011728 secs]
105,199: [GC (Allocation Failure)  70400K->49616K(141312K), 0,0018065 secs]
105,235: [GC (Allocation Failure)  76240K->44808K(141312K), 0,0034796 secs]
105,264: [GC (Allocation Failure)  71432K->50648K(139776K), 0,0031897 secs]
105,300: [GC (Allocation Failure)  76248K->44784K(140800K), 0,0031127 secs]
105,325: [GC (Allocation Failure)  70384K->49600K(141312K), 0,0031941 secs]
105,361: [GC (Allocation Failure)  76224K->44784K(141312K), 0,0018045 secs]
105,384: [GC (Allocation Failure)  71408K->50592K(140288K), 0,0059213 secs]
105,422: [GC (Allocation Failure)  76192K->44784K(140800K), 0,0008291 secs]
105,445: [GC (Allocation Failure)  70384K->49536K(141312K), 0,0038821 secs]
105,481: [GC (Allocation Failure)  76160K->44688K(141312K), 0,0022593 secs]
105,505: [GC (Allocation Failure)  71312K->50528K(140288K), 0,0027905 secs]
105,540: [GC (Allocation Failure)  76128K->44696K(140800K), 0,0016071 secs]
105,567: [GC (Allocation Failure)  70296K->49480K(141312K), 0,0045891 secs]
105,609: [GC (Allocation Failure)  76104K->44664K(141312K), 0,0055661 secs]
105,640: [GC (Allocation Failure)  71288K->50472K(140288K), 0,0054419 secs]
105,678: [GC (Allocation Failure)  76072K->44632K(140800K), 0,0027886 secs]
105,703: [GC (Allocation Failure)  70232K->49448K(141312K), 0,0018511 secs]
105,738: [GC (Allocation Failure)  76072K->44632K(141312K), 0,0071082 secs]
105,767: [GC (Allocation Failure)  71256K->50408K(141312K), 0,0023023 secs]
105,802: [GC (Allocation Failure)  77032K->45624K(141312K), 0,0022315 secs]
105,826: [GC (Allocation Failure)  72248K->51464K(140288K), 0,0018740 secs]
105,861: [GC (Allocation Failure)  77064K->45624K(140800K), 0,0046650 secs]
105,888: [GC (Allocation Failure)  71224K->50408K(140288K), 0,0017535 secs]
105,923: [GC (Allocation Failure)  76008K->44568K(140800K), 0,0021190 secs]
105,947: [GC (Allocation Failure)  70168K->49336K(141312K), 0,0187912 secs]
105,999: [GC (Allocation Failure)  75448K->44040K(140800K), 0,0013578 secs]
106,022: [GC (Allocation Failure)  70152K->49304K(141312K), 0,0068548 secs]
106,060: [GC (Allocation Failure)  75928K->44520K(141312K), 0,0065029 secs]
106,091: [GC (Allocation Failure)  71144K->50336K(140800K), 0,0026430 secs]
106,126: [GC (Allocation Failure)  76960K->45560K(141312K), 0,0012750 secs]
106,151: [GC (Allocation Failure)  72184K->51368K(139776K), 0,0037582 secs]
106,191: [GC (Allocation Failure)  76968K->45528K(140800K), 0,0063190 secs]
106,221: [GC (Allocation Failure)  71128K->50280K(141312K), 0,0020526 secs]
106,255: [GC (Allocation Failure)  76904K->45496K(141312K), 0,0023335 secs]
106,281: [GC (Allocation Failure)  72120K->51368K(140288K), 0,0021310 secs]
106,315: [GC (Allocation Failure)  76968K->45432K(140800K), 0,0027808 secs]
106,341: [GC (Allocation Failure)  71032K->50248K(140288K), 0,0035967 secs]
106,377: [GC (Allocation Failure)  75848K->44408K(140800K), 0,0037791 secs]
106,403: [GC (Allocation Failure)  70008K->49192K(141312K), 0,0017730 secs]
106,438: [GC (Allocation Failure)  75816K->44408K(141312K), 0,0042161 secs]
106,465: [GC (Allocation Failure)  71032K->50184K(141312K), 0,0022877 secs]
106,500: [GC (Allocation Failure)  76808K->45400K(141312K), 0,0013515 secs]
106,525: [GC (Allocation Failure)  72024K->51240K(139776K), 0,0020051 secs]
106,559: [GC (Allocation Failure)  76840K->45416K(140800K), 0,0012516 secs]
106,582: [GC (Allocation Failure)  71016K->50168K(141312K), 0,0018886 secs]
106,617: [GC (Allocation Failure)  76792K->45352K(141312K), 0,0031922 secs]
106,643: [GC (Allocation Failure)  71976K->51192K(140288K), 0,0023782 secs]
106,678: [GC (Allocation Failure)  76792K->45352K(140800K), 0,0012611 secs]
106,702: [GC (Allocation Failure)  70952K->50136K(141312K), 0,0020028 secs]
106,737: [GC (Allocation Failure)  76760K->45360K(141312K), 0,0011868 secs]
106,762: [GC (Allocation Failure)  71984K->51136K(140288K), 0,0042307 secs]
106,798: [GC (Allocation Failure)  76736K->45072K(140800K), 0,0017536 secs]
106,821: [GC (Allocation Failure)  70672K->49896K(141312K), 0,0019623 secs]
106,855: [GC (Allocation Failure)  76520K->45080K(141312K), 0,0007262 secs]
106,876: [GC (Allocation Failure)  71704K->50888K(141312K), 0,0043667 secs]
106,912: [GC (Allocation Failure)  77512K->46112K(141312K), 0,0007612 secs]
106,934: [GC (Allocation Failure)  72736K->51824K(140288K), 0,0014906 secs]
106,968: [GC (Allocation Failure)  77424K->45984K(140800K), 0,0018497 secs]
106,992: [GC (Allocation Failure)  71584K->50744K(140288K), 0,0016352 secs]
107,027: [GC (Allocation Failure)  76344K->44872K(140800K), 0,0008535 secs]
107,050: [GC (Allocation Failure)  70472K->49664K(141312K), 0,0014535 secs]
107,084: [GC (Allocation Failure)  76288K->44816K(141312K), 0,0021627 secs]
107,108: [GC (Allocation Failure)  71440K->50656K(141312K), 0,0023048 secs]
107,143: [GC (Allocation Failure)  77280K->45872K(141312K), 0,0021224 secs]
107,167: [GC (Allocation Failure)  72496K->51688K(139776K), 0,0028318 secs]
107,203: [GC (Allocation Failure)  77288K->45856K(140800K), 0,0021374 secs]
107,227: [GC (Allocation Failure)  71456K->50672K(141312K), 0,0016156 secs]
107,261: [GC (Allocation Failure)  77296K->45856K(141312K), 0,0044457 secs]
107,287: [GC (Allocation Failure)  72480K->51664K(140288K), 0,0018877 secs]
107,322: [GC (Allocation Failure)  77264K->45824K(140800K), 0,0009637 secs]
107,345: [GC (Allocation Failure)  71424K->50584K(141312K), 0,0015743 secs]
107,379: [GC (Allocation Failure)  77208K->45832K(141312K), 0,0009731 secs]
107,402: [GC (Allocation Failure)  72456K->51608K(140288K), 0,0017549 secs]
107,437: [GC (Allocation Failure)  77208K->45768K(140800K), 0,0019586 secs]
107,461: [GC (Allocation Failure)  71368K->50552K(141312K), 0,0015687 secs]
107,495: [GC (Allocation Failure)  77176K->45736K(141312K), 0,0010005 secs]
107,518: [GC (Allocation Failure)  72360K->51576K(140288K), 0,0016602 secs]
107,553: [GC (Allocation Failure)  77176K->45736K(140800K), 0,0028853 secs]
107,584: [GC (Allocation Failure)  71336K->50488K(141312K), 0,0057523 secs]
107,622: [GC (Allocation Failure)  77112K->45704K(141312K), 0,0030005 secs]
107,652: [GC (Allocation Failure)  72328K->51520K(141312K), 0,0027379 secs]
107,690: [GC (Allocation Failure)  78144K->46704K(141312K), 0,0035142 secs]
107,717: [GC (Allocation Failure)  73328K->52544K(140288K), 0,0039545 secs]
107,753: [GC (Allocation Failure)  78144K->46672K(140800K), 0,0029000 secs]
107,779: [GC (Allocation Failure)  72272K->51464K(140288K), 0,0020568 secs]
107,813: [GC (Allocation Failure)  77064K->45656K(140800K), 0,0012117 secs]
107,840: [GC (Allocation Failure)  71256K->50440K(141312K), 0,0042074 secs]
107,882: [GC (Allocation Failure)  77064K->45624K(141312K), 0,0029622 secs]
107,912: [GC (Allocation Failure)  72248K->51432K(141312K), 0,0020522 secs]
107,948: [GC (Allocation Failure)  78056K->46680K(141312K), 0,0011272 secs]
107,973: [GC (Allocation Failure)  73304K->52432K(140288K), 0,0028713 secs]
108,010: [GC (Allocation Failure)  78032K->46624K(140800K), 0,0016060 secs]
108,034: [GC (Allocation Failure)  72224K->51384K(140288K), 0,0014996 secs]
108,072: [GC (Allocation Failure)  76984K->45552K(140800K), 0,0032130 secs]
108,101: [GC (Allocation Failure)  71152K->50336K(141312K), 0,0015584 secs]
108,138: [GC (Allocation Failure)  76960K->45520K(141312K), 0,0038268 secs]
108,168: [GC (Allocation Failure)  72144K->51360K(141312K), 0,0053107 secs]
108,211: [GC (Allocation Failure)  77984K->46576K(141312K), 0,0015880 secs]
108,236: [GC (Allocation Failure)  73200K->52352K(139776K), 0,0034368 secs]
108,274: [GC (Allocation Failure)  77952K->46544K(140800K), 0,0025541 secs]
108,304: [GC (Allocation Failure)  72144K->51304K(141312K), 0,0040669 secs]
108,344: [GC (Allocation Failure)  77928K->46496K(141312K), 0,0028853 secs]
108,372: [GC (Allocation Failure)  73120K->52336K(140288K), 0,0047037 secs]
108,412: [GC (Allocation Failure)  77936K->46496K(140800K), 0,0029549 secs]
108,439: [GC (Allocation Failure)  72096K->51280K(141312K), 0,0025500 secs]
108,477: [GC (Allocation Failure)  77904K->46464K(141312K), 0,0034806 secs]
108,509: [GC (Allocation Failure)  73088K->52280K(140288K), 0,0050212 secs]
108,550: [GC (Allocation Failure)  77880K->46472K(140800K), 0,0033937 secs]
108,577: [GC (Allocation Failure)  72072K->51224K(141312K), 0,0019579 secs]
108,616: [GC (Allocation Failure)  77848K->46440K(141312K), 0,0029450 secs]
108,647: [GC (Allocation Failure)  73064K->52248K(140288K), 0,0027001 secs]
108,682: [GC (Allocation Failure)  77848K->46416K(140800K), 0,0030742 secs]
108,713: [GC (Allocation Failure)  72016K->51200K(141312K), 0,0070809 secs]
108,757: [GC (Allocation Failure)  77824K->46392K(141312K), 0,0054430 secs]
108,786: [GC (Allocation Failure)  73016K->52168K(141312K), 0,0063726 secs]
108,824: [GC (Allocation Failure)  78792K->47384K(141312K), 0,0027124 secs]
108,849: [GC (Allocation Failure)  74008K->53192K(140288K), 0,0024645 secs]
108,884: [GC (Allocation Failure)  78792K->47384K(140800K), 0,0009525 secs]
108,909: [GC (Allocation Failure)  72984K->52136K(140288K), 0,0022400 secs]
108,945: [GC (Allocation Failure)  77736K->46328K(140800K), 0,0033229 secs]
108,971: [GC (Allocation Failure)  71928K->51080K(141312K), 0,0016140 secs]
109,006: [GC (Allocation Failure)  77192K->45752K(140800K), 0,0033993 secs]
109,031: [GC (Allocation Failure)  71864K->51088K(141312K), 0,0016548 secs]
109,066: [GC (Allocation Failure)  77712K->46240K(141312K), 0,0030639 secs]
109,097: [GC (Allocation Failure)  72864K->52080K(141312K), 0,0045363 secs]
109,140: [GC (Allocation Failure)  78704K->47264K(141312K), 0,0031665 secs]
109,167: [GC (Allocation Failure)  73888K->53136K(139776K), 0,0030164 secs]
109,203: [GC (Allocation Failure)  78736K->47240K(140800K), 0,0026124 secs]
109,229: [GC (Allocation Failure)  72840K->52032K(140288K), 0,0019489 secs]
109,263: [GC (Allocation Failure)  77632K->46200K(140800K), 0,0011182 secs]
109,286: [GC (Allocation Failure)  71800K->51024K(141312K), 0,0029980 secs]
109,322: [GC (Allocation Failure)  77648K->46176K(141312K), 0,0027394 secs]
109,347: [GC (Allocation Failure)  72800K->52016K(141312K), 0,0036375 secs]
109,384: [GC (Allocation Failure)  78640K->47200K(141312K), 0,0013080 secs]
109,409: [GC (Allocation Failure)  73824K->53016K(139776K), 0,0020401 secs]
109,443: [GC (Allocation Failure)  78616K->47240K(140800K), 0,0012437 secs]
109,468: [GC (Allocation Failure)  72840K->51960K(141312K), 0,0039035 secs]
109,508: [GC (Allocation Failure)  78584K->47160K(141312K), 0,0237139 secs]
109,554: [GC (Allocation Failure)  73784K->53008K(140288K), 0,0014683 secs]
109,588: [GC (Allocation Failure)  78608K->47168K(140800K), 0,0007724 secs]
109,610: [GC (Allocation Failure)  72768K->51952K(141312K), 0,0012972 secs]
109,643: [GC (Allocation Failure)  78576K->47176K(141312K), 0,0008409 secs]
109,666: [GC (Allocation Failure)  73800K->52952K(140288K), 0,0064604 secs]
109,704: [GC (Allocation Failure)  78552K->47112K(140800K), 0,0020184 secs]
109,728: [GC (Allocation Failure)  72712K->51936K(141312K), 0,0014412 secs]
109,762: [GC (Allocation Failure)  78560K->47136K(141312K), 0,0008963 secs]
109,785: [GC (Allocation Failure)  73760K->52944K(140288K), 0,0018358 secs]
109,820: [GC (Allocation Failure)  78544K->47104K(140800K), 0,0009214 secs]
109,843: [GC (Allocation Failure)  72704K->51928K(141312K), 0,0016193 secs]
109,881: [GC (Allocation Failure)  78552K->47080K(141312K), 0,0099611 secs]
109,919: [GC (Allocation Failure)  73704K->52888K(140288K), 0,0032476 secs]
109,955: [GC (Allocation Failure)  78488K->47056K(140800K), 0,0021432 secs]
109,979: [GC (Allocation Failure)  72656K->51848K(141312K), 0,0014078 secs]
110,016: [GC (Allocation Failure)  78472K->47064K(141312K), 0,0016754 secs]
110,043: [GC (Allocation Failure)  73688K->52872K(141312K), 0,0040297 secs]
110,083: [GC (Allocation Failure)  79496K->48056K(141312K), 0,0029407 secs]
110,112: [GC (Allocation Failure)  74680K->53928K(140288K), 0,0051365 secs]
110,155: [GC (Allocation Failure)  79528K->48024K(140800K), 0,0046695 secs]
110,186: [GC (Allocation Failure)  73624K->52808K(140288K), 0,0030451 secs]
110,225: [GC (Allocation Failure)  78408K->46976K(140800K), 0,0031310 secs]
110,253: [GC (Allocation Failure)  72576K->51792K(141312K), 0,0022668 secs]
110,290: [GC (Allocation Failure)  78416K->46976K(141312K), 0,0055881 secs]
110,321: [GC (Allocation Failure)  73600K->52784K(141312K), 0,0046104 secs]
110,363: [GC (Allocation Failure)  79408K->48008K(141312K), 0,0033472 secs]
110,392: [GC (Allocation Failure)  74632K->53816K(140288K), 0,0066728 secs]
110,436: [GC (Allocation Failure)  79416K->47912K(140800K), 0,0033203 secs]
110,461: [GC (Allocation Failure)  73512K->52696K(140288K), 0,0054832 secs]
110,499: [GC (Allocation Failure)  78296K->46856K(140800K), 0,0022560 secs]
110,522: [GC (Allocation Failure)  72456K->51672K(141312K), 0,0018876 secs]
110,555: [GC (Allocation Failure)  78296K->46824K(141312K), 0,0013720 secs]
110,577: [GC (Allocation Failure)  73448K->52664K(141312K), 0,0013395 secs]
110,609: [GC (Allocation Failure)  79288K->47912K(141312K), 0,0007753 secs]
110,632: [GC (Allocation Failure)  74536K->53688K(139776K), 0,0041825 secs]
110,671: [GC (Allocation Failure)  79288K->47848K(140800K), 0,0029770 secs]
110,702: [GC (Allocation Failure)  73448K->52632K(141312K), 0,0040350 secs]
110,739: [GC (Allocation Failure)  79256K->47816K(141312K), 0,0012255 secs]
110,763: [GC (Allocation Failure)  74440K->53632K(140288K), 0,0037383 secs]
110,802: [GC (Allocation Failure)  79232K->47640K(140800K), 0,0015828 secs]
110,825: [GC (Allocation Failure)  73240K->52424K(141312K), 0,0029532 secs]
110,859: [GC (Allocation Failure)  79048K->47608K(141312K), 0,0016104 secs]
110,886: [GC (Allocation Failure)  74232K->53352K(140288K), 0,0038823 secs]
110,927: [GC (Allocation Failure)  78952K->47544K(140800K), 0,0032745 secs]
110,958: [GC (Allocation Failure)  73144K->52264K(141312K), 0,0047277 secs]
110,997: [GC (Allocation Failure)  78888K->47480K(141312K), 0,0019103 secs]
111,025: [GC (Allocation Failure)  74104K->53320K(141312K), 0,0046828 secs]
111,062: [GC (Allocation Failure)  79944K->48472K(141312K), 0,0017838 secs]
111,088: [GC (Allocation Failure)  75096K->54312K(139776K), 0,0043800 secs]
111,125: [GC (Allocation Failure)  79912K->48472K(140800K), 0,0023452 secs]
111,149: [GC (Allocation Failure)  74072K->53256K(140288K), 0,0028572 secs]
111,189: [GC (Allocation Failure)  78856K->47416K(140800K), 0,0073708 secs]
111,221: [GC (Allocation Failure)  73016K->52200K(141312K), 0,0053971 secs]
111,263: [GC (Allocation Failure)  78824K->47384K(141312K), 0,0031215 secs]
111,293: [GC (Allocation Failure)  74008K->53224K(141312K), 0,0026639 secs]
111,331: [GC (Allocation Failure)  79848K->48408K(141312K), 0,0015566 secs]
111,356: [GC (Allocation Failure)  75032K->54256K(140288K), 0,0024805 secs]
111,391: [GC (Allocation Failure)  79856K->48384K(140800K), 0,0016785 secs]
111,416: [GC (Allocation Failure)  73984K->53168K(141312K), 0,0022793 secs]
111,450: [GC (Allocation Failure)  79792K->48392K(141312K), 0,0029226 secs]
111,478: [GC (Allocation Failure)  75016K->54200K(140288K), 0,0020766 secs]
111,514: [GC (Allocation Failure)  79800K->48360K(140800K), 0,0038677 secs]
111,546: [GC (Allocation Failure)  73960K->53144K(140288K), 0,0034442 secs]
111,586: [GC (Allocation Failure)  78744K->47272K(140800K), 0,0034773 secs]
111,617: [GC (Allocation Failure)  72872K->52056K(141312K), 0,0034444 secs]
111,656: [GC (Allocation Failure)  78680K->47288K(141312K), 0,0030351 secs]
111,685: [GC (Allocation Failure)  73912K->53096K(141312K), 0,0025754 secs]
111,720: [GC (Allocation Failure)  79720K->48280K(141312K), 0,0036673 secs]
111,751: [GC (Allocation Failure)  74904K->54160K(140800K), 0,0032555 secs]
111,788: [GC (Allocation Failure)  80784K->49312K(141312K), 0,0045152 secs]
111,817: [GC (Allocation Failure)  75936K->55096K(140288K), 0,0030294 secs]
111,856: [GC (Allocation Failure)  80696K->49288K(140800K), 0,0057247 secs]
111,884: [GC (Allocation Failure)  74888K->54072K(140288K), 0,0017104 secs]
111,922: [GC (Allocation Failure)  79672K->48232K(140800K), 0,0076518 secs]
111,957: [GC (Allocation Failure)  73832K->53048K(140800K), 0,0025510 secs]
111,995: [GC (Allocation Failure)  78648K->47144K(140800K), 0,0029402 secs]
112,021: [GC (Allocation Failure)  72744K->51928K(141312K), 0,0051829 secs]
112,065: [GC (Allocation Failure)  78552K->47176K(141312K), 0,0026448 secs]
112,096: [GC (Allocation Failure)  73800K->52984K(140800K), 0,0029302 secs]
112,134: [GC (Allocation Failure)  79608K->48168K(141312K), 0,0054630 secs]
112,160: [GC (Allocation Failure)  74792K->53944K(140800K), 0,0055398 secs]
112,200: [GC (Allocation Failure)  80568K->49160K(141312K), 0,0035085 secs]
112,228: [GC (Allocation Failure)  75784K->55000K(139776K), 0,0023263 secs]
112,263: [GC (Allocation Failure)  80600K->49128K(140800K), 0,0023333 secs]
112,289: [GC (Allocation Failure)  74728K->53920K(140288K), 0,0038548 secs]
112,328: [GC (Allocation Failure)  79520K->48088K(140800K), 0,0012748 secs]
112,353: [GC (Allocation Failure)  73688K->52848K(141312K), 0,0041663 secs]
112,390: [GC (Allocation Failure)  79472K->48096K(141312K), 0,0012823 secs]
112,415: [GC (Allocation Failure)  74720K->53880K(141312K), 0,0046860 secs]
112,457: [GC (Allocation Failure)  80504K->49128K(141312K), 0,0031606 secs]
112,485: [GC (Allocation Failure)  75752K->54968K(139776K), 0,0024913 secs]
112,520: [GC (Allocation Failure)  80568K->49104K(140800K), 0,0050070 secs]
112,547: [GC (Allocation Failure)  74704K->53856K(141312K), 0,0055014 secs]
112,585: [GC (Allocation Failure)  80480K->49080K(141312K), 0,0014321 secs]
112,611: [GC (Allocation Failure)  75704K->54864K(140288K), 0,0039324 secs]
112,647: [GC (Allocation Failure)  80464K->49056K(140800K), 0,0022343 secs]
112,671: [GC (Allocation Failure)  74656K->53848K(140288K), 0,0016573 secs]
112,706: [GC (Allocation Failure)  79448K->48016K(140800K), 0,0008872 secs]
112,732: [GC (Allocation Failure)  73616K->52800K(141312K), 0,0075808 secs]
112,778: [GC (Allocation Failure)  79424K->47984K(141312K), 0,0047543 secs]
112,807: [GC (Allocation Failure)  74608K->53792K(141312K), 0,0021144 secs]
112,842: [GC (Allocation Failure)  80416K->48976K(141312K), 0,0029973 secs]
112,869: [GC (Allocation Failure)  75600K->54816K(139776K), 0,0062509 secs]
112,910: [GC (Allocation Failure)  80416K->48944K(140800K), 0,0046719 secs]
112,938: [GC (Allocation Failure)  74544K->53728K(141312K), 0,0030687 secs]
112,976: [GC (Allocation Failure)  80352K->48944K(141312K), 0,0030397 secs]
113,004: [GC (Allocation Failure)  75568K->54752K(140288K), 0,0092260 secs]
113,047: [GC (Allocation Failure)  80352K->48912K(140800K), 0,0043670 secs]
113,077: [GC (Allocation Failure)  74512K->53736K(141312K), 0,0027769 secs]
113,114: [GC (Allocation Failure)  80360K->48888K(141312K), 0,0023502 secs]
113,137: [GC (Allocation Failure)  75512K->54664K(140288K), 0,0015515 secs]
113,173: [GC (Allocation Failure)  80264K->48856K(140800K), 0,0045308 secs]
113,201: [GC (Allocation Failure)  74456K->53696K(141312K), 0,0115570 secs]
113,245: [GC (Allocation Failure)  80320K->48848K(141312K), 0,0031173 secs]
113,269: [GC (Allocation Failure)  75472K->54688K(141312K), 0,0014144 secs]
113,302: [GC (Allocation Failure)  81312K->49880K(141312K), 0,0031320 secs]
113,331: [GC (Allocation Failure)  76504K->55720K(140288K), 0,0049517 secs]
113,375: [GC (Allocation Failure)  81320K->49880K(140800K), 0,0036440 secs]
113,406: [GC (Allocation Failure)  75480K->54664K(140288K), 0,0030347 secs]
113,442: [GC (Allocation Failure)  80264K->48800K(140800K), 0,0008511 secs]
113,465: [GC (Allocation Failure)  74400K->53592K(141312K), 0,0025060 secs]
113,500: [GC (Allocation Failure)  80216K->48784K(141312K), 0,0010709 secs]
113,523: [GC (Allocation Failure)  75408K->54592K(141312K), 0,0025586 secs]
113,558: [GC (Allocation Failure)  81216K->49816K(141312K), 0,0073206 secs]
113,590: [GC (Allocation Failure)  76440K->55624K(140288K), 0,0035916 secs]
113,626: [GC (Allocation Failure)  81224K->49848K(140800K), 0,0013627 secs]
113,651: [GC (Allocation Failure)  75448K->54600K(140288K), 0,0020247 secs]
113,685: [GC (Allocation Failure)  80200K->48792K(140800K), 0,0011574 secs]
113,708: [GC (Allocation Failure)  74392K->53512K(141312K), 0,0030528 secs]
113,744: [GC (Allocation Failure)  80136K->48696K(141312K), 0,0031080 secs]
113,769: [GC (Allocation Failure)  75320K->54504K(141312K), 0,0039930 secs]
113,806: [GC (Allocation Failure)  81128K->49720K(141312K), 0,0047180 secs]
113,834: [GC (Allocation Failure)  76344K->55560K(140288K), 0,0020922 secs]
113,868: [GC (Allocation Failure)  81160K->49720K(140800K), 0,0013988 secs]
113,893: [GC (Allocation Failure)  75320K->54544K(141312K), 0,0020062 secs]
113,927: [GC (Allocation Failure)  81168K->49680K(141312K), 0,0012573 secs]
113,952: [GC (Allocation Failure)  76304K->55528K(140288K), 0,0020895 secs]
113,986: [GC (Allocation Failure)  81128K->49688K(140800K), 0,0022431 secs]
114,012: [GC (Allocation Failure)  75288K->54472K(141312K), 0,0019347 secs]
114,046: [GC (Allocation Failure)  81096K->49656K(141312K), 0,0012646 secs]
114,071: [GC (Allocation Failure)  76280K->55472K(140288K), 0,0021335 secs]
114,105: [GC (Allocation Failure)  81072K->49664K(140800K), 0,0013637 secs]
114,129: [GC (Allocation Failure)  75264K->54384K(141312K), 0,0037959 secs]
114,166: [GC (Allocation Failure)  81008K->49600K(141312K), 0,0027758 secs]
114,192: [GC (Allocation Failure)  76224K->55440K(140288K), 0,0022063 secs]
114,226: [GC (Allocation Failure)  81040K->49568K(140800K), 0,0030168 secs]
114,251: [GC (Allocation Failure)  75168K->54384K(141312K), 0,0021024 secs]
114,286: [GC (Allocation Failure)  81008K->49568K(141312K), 0,0030949 secs]
114,312: [GC (Allocation Failure)  76192K->55408K(140288K), 0,0020343 secs]
114,346: [GC (Allocation Failure)  81008K->49504K(140800K), 0,0027541 secs]
114,375: [GC (Allocation Failure)  75104K->54320K(141312K), 0,0058461 secs]
114,413: [GC (Allocation Failure)  80944K->49504K(141312K), 0,0072498 secs]
114,441: [GC (Allocation Failure)  76128K->55344K(141312K), 0,0024014 secs]
114,475: [GC (Allocation Failure)  81968K->50528K(141312K), 0,0049717 secs]
114,502: [GC (Allocation Failure)  77152K->56368K(140288K), 0,0023928 secs]
114,535: [GC (Allocation Failure)  81968K->50528K(140800K), 0,0008250 secs]
114,559: [GC (Allocation Failure)  76128K->55248K(140288K), 0,0049182 secs]
114,601: [GC (Allocation Failure)  80848K->49472K(140800K), 0,0028477 secs]
114,632: [GC (Allocation Failure)  75072K->54264K(141312K), 0,0042759 secs]
114,671: [GC (Allocation Failure)  80888K->49416K(141312K), 0,0021686 secs]
114,698: [GC (Allocation Failure)  76040K->55224K(141312K), 0,0079721 secs]
114,739: [GC (Allocation Failure)  81848K->50448K(141312K), 0,0022631 secs]
114,763: [GC (Allocation Failure)  77072K->56264K(140288K), 0,0024836 secs]
114,799: [GC (Allocation Failure)  81864K->50232K(140800K), 0,0116677 secs]
114,832: [GC (Allocation Failure)  75832K->55048K(140288K), 0,0026937 secs]
114,866: [GC (Allocation Failure)  80648K->49176K(140800K), 0,0007047 secs]
114,887: [GC (Allocation Failure)  74776K->53928K(141312K), 0,0020354 secs]
114,920: [GC (Allocation Failure)  80552K->49120K(141312K), 0,0007306 secs]
114,943: [GC (Allocation Failure)  75744K->54968K(141312K), 0,0043898 secs]
114,981: [GC (Allocation Failure)  81592K->50184K(141312K), 0,0025533 secs]
115,005: [GC (Allocation Failure)  76808K->56024K(140800K), 0,0015504 secs]
115,044: [GC (Allocation Failure)  82648K->51240K(141312K), 0,0048825 secs]
115,071: [GC (Allocation Failure)  77864K->57016K(139776K), 0,0017606 secs]
115,105: [GC (Allocation Failure)  82616K->51176K(140800K), 0,0010780 secs]
115,132: [GC (Allocation Failure)  76776K->55968K(140288K), 0,0031523 secs]
115,168: [GC (Allocation Failure)  81568K->50096K(140800K), 0,0020633 secs]
115,195: [GC (Allocation Failure)  75696K->54888K(140800K), 0,0035073 secs]
115,233: [GC (Allocation Failure)  80488K->49048K(140800K), 0,0042340 secs]
115,260: [GC (Allocation Failure)  74648K->53832K(141312K), 0,0019478 secs]
115,293: [GC (Allocation Failure)  80456K->49048K(141312K), 0,0035283 secs]
115,322: [GC (Allocation Failure)  75672K->54864K(141312K), 0,0034806 secs]
115,360: [GC (Allocation Failure)  81488K->50080K(141312K), 0,0016724 secs]
115,388: [GC (Allocation Failure)  76704K->55888K(140800K), 0,0028502 secs]
115,426: [GC (Allocation Failure)  82512K->51072K(141312K), 0,0033042 secs]
115,457: [GC (Allocation Failure)  77696K->56920K(139776K), 0,0038600 secs]
115,493: [GC (Allocation Failure)  82520K->51080K(140800K), 0,0010913 secs]
115,516: [GC (Allocation Failure)  76680K->55840K(140288K), 0,0018324 secs]
115,555: [GC (Allocation Failure)  81440K->50000K(140800K), 0,0031755 secs]
115,587: [GC (Allocation Failure)  75600K->54752K(141312K), 0,0045797 secs]
115,626: [GC (Allocation Failure)  81376K->50000K(141312K), 0,0015928 secs]
115,654: [GC (Allocation Failure)  76624K->55816K(141312K), 0,0041694 secs]
115,693: [GC (Allocation Failure)  82440K->50968K(141312K), 0,0077775 secs]
115,722: [GC (Allocation Failure)  77592K->56808K(140288K), 0,0022737 secs]
115,757: [GC (Allocation Failure)  82408K->50968K(140800K), 0,0038734 secs]
115,787: [GC (Allocation Failure)  76568K->55752K(140288K), 0,0034144 secs]
115,824: [GC (Allocation Failure)  81352K->49912K(140800K), 0,0073835 secs]
115,858: [GC (Allocation Failure)  75512K->54696K(141312K), 0,0039176 secs]
115,900: [GC (Allocation Failure)  81320K->49880K(141312K), 0,0048150 secs]
115,931: [GC (Allocation Failure)  76504K->55688K(141312K), 0,0029114 secs]
115,966: [GC (Allocation Failure)  82312K->50904K(141312K), 0,0021079 secs]
115,991: [GC (Allocation Failure)  77528K->56712K(139776K), 0,0052975 secs]
116,034: [GC (Allocation Failure)  82312K->50872K(140800K), 0,0062202 secs]
116,068: [GC (Allocation Failure)  76472K->55656K(141312K), 0,0020054 secs]
116,103: [GC (Allocation Failure)  82280K->50840K(141312K), 0,0027053 secs]
116,130: [GC (Allocation Failure)  77464K->56680K(140288K), 0,0043912 secs]
116,167: [GC (Allocation Failure)  82280K->50848K(140800K), 0,0034585 secs]
116,197: [GC (Allocation Failure)  76448K->55632K(141312K), 0,0055688 secs]
116,236: [GC (Allocation Failure)  82256K->50784K(141312K), 0,0069858 secs]
116,269: [GC (Allocation Failure)  77408K->56600K(140288K), 0,0020929 secs]
116,305: [GC (Allocation Failure)  82200K->50792K(140800K), 0,0030015 secs]
116,337: [GC (Allocation Failure)  76392K->55544K(141312K), 0,0048646 secs]
116,378: [GC (Allocation Failure)  82168K->50728K(141312K), 0,0042442 secs]
116,406: [GC (Allocation Failure)  77352K->56568K(140288K), 0,0066881 secs]
116,445: [GC (Allocation Failure)  82168K->50760K(140800K), 0,0033873 secs]
116,471: [GC (Allocation Failure)  76360K->55544K(141312K), 0,0017012 secs]
116,508: [GC (Allocation Failure)  82168K->50696K(141312K), 0,0016851 secs]
116,534: [GC (Allocation Failure)  77320K->56576K(140288K), 0,0022938 secs]
116,573: [GC (Allocation Failure)  82176K->50704K(140800K), 0,0032275 secs]
116,605: [GC (Allocation Failure)  76304K->55488K(141312K), 0,0038447 secs]
116,641: [GC (Allocation Failure)  82112K->50672K(141312K), 0,0063370 secs]
116,674: [GC (Allocation Failure)  77296K->56480K(141312K), 0,0047803 secs]
116,713: [GC (Allocation Failure)  83104K->51696K(141312K), 0,0020976 secs]
116,738: [GC (Allocation Failure)  78320K->57504K(140288K), 0,0042774 secs]
116,777: [GC (Allocation Failure)  83104K->51680K(140800K), 0,0023694 secs]
116,802: [GC (Allocation Failure)  77280K->56432K(140288K), 0,0053049 secs]
116,838: [GC (Allocation Failure)  82032K->50592K(140800K), 0,0042055 secs]
116,869: [GC (Allocation Failure)  76192K->55376K(141312K), 0,0027482 secs]
116,907: [GC (Allocation Failure)  82000K->50592K(141312K), 0,0019527 secs]
116,934: [GC (Allocation Failure)  77216K->56408K(141312K), 0,0063962 secs]
116,973: [GC (Allocation Failure)  83032K->51624K(141312K), 0,0010360 secs]
116,996: [GC (Allocation Failure)  78248K->57440K(140288K), 0,0018799 secs]
117,031: [GC (Allocation Failure)  83040K->51616K(140800K), 0,0046392 secs]
117,058: [GC (Allocation Failure)  77216K->56408K(140288K), 0,0017598 secs]
117,093: [GC (Allocation Failure)  82008K->50536K(140800K), 0,0044922 secs]
117,123: [GC (Allocation Failure)  76136K->55360K(141312K), 0,0044203 secs]
117,165: [GC (Allocation Failure)  81984K->50544K(141312K), 0,0029046 secs]
117,197: [GC (Allocation Failure)  77168K->56384K(141312K), 0,0046667 secs]
117,236: [GC (Allocation Failure)  83008K->51576K(141312K), 0,0062051 secs]
117,266: [GC (Allocation Failure)  78200K->57424K(139776K), 0,0022163 secs]
117,301: [GC (Allocation Failure)  83024K->51552K(140800K), 0,0012781 secs]
117,325: [GC (Allocation Failure)  77152K->56304K(141312K), 0,0025176 secs]
117,361: [GC (Allocation Failure)  82928K->51520K(141312K), 0,0013643 secs]
117,386: [GC (Allocation Failure)  78144K->57336K(140288K), 0,0020969 secs]
117,422: [GC (Allocation Failure)  82936K->51496K(140800K), 0,0041193 secs]
117,455: [GC (Allocation Failure)  77096K->56312K(141312K), 0,0046972 secs]
117,497: [GC (Allocation Failure)  82936K->51464K(141312K), 0,0052507 secs]
117,526: [GC (Allocation Failure)  78088K->57240K(140288K), 0,0043956 secs]
117,565: [GC (Allocation Failure)  82840K->51432K(140800K), 0,0046354 secs]
117,594: [GC (Allocation Failure)  77032K->56216K(141312K), 0,0026032 secs]
117,631: [GC (Allocation Failure)  82840K->51440K(141312K), 0,0051041 secs]
117,661: [GC (Allocation Failure)  78064K->57216K(140288K), 0,0033731 secs]
117,701: [GC (Allocation Failure)  82816K->51408K(140800K), 0,0023098 secs]
117,728: [GC (Allocation Failure)  77008K->56160K(141312K), 0,0064773 secs]
117,768: [GC (Allocation Failure)  82784K->51344K(141312K), 0,0051599 secs]
117,799: [GC (Allocation Failure)  77968K->57216K(141312K), 0,0020540 secs]
117,834: [GC (Allocation Failure)  83840K->52368K(141312K), 0,0068992 secs]
117,865: [GC (Allocation Failure)  78992K->58208K(140288K), 0,0067191 secs]
117,907: [GC (Allocation Failure)  83808K->52368K(140800K), 0,0050950 secs]
117,937: [GC (Allocation Failure)  77968K->57160K(140288K), 0,0034014 secs]
117,978: [GC (Allocation Failure)  82760K->51320K(140800K), 0,0029571 secs]
118,009: [GC (Allocation Failure)  76920K->56104K(141312K), 0,0042964 secs]
118,051: [GC (Allocation Failure)  82728K->51288K(141312K), 0,0022827 secs]
118,077: [GC (Allocation Failure)  77912K->57072K(141312K), 0,0019450 secs]
118,113: [GC (Allocation Failure)  83696K->52288K(141312K), 0,0014178 secs]
118,140: [GC (Allocation Failure)  78912K->58096K(140288K), 0,0067403 secs]
118,182: [GC (Allocation Failure)  83696K->52288K(140800K), 0,0033016 secs]
118,210: [GC (Allocation Failure)  77888K->57072K(140288K), 0,0038994 secs]
118,248: [GC (Allocation Failure)  82672K->51232K(140800K), 0,0013883 secs]
118,271: [GC (Allocation Failure)  76832K->56016K(141312K), 0,0017322 secs]
118,306: [GC (Allocation Failure)  82640K->51168K(141312K), 0,0022000 secs]
118,330: [GC (Allocation Failure)  77792K->57008K(141312K), 0,0052013 secs]
118,368: [GC (Allocation Failure)  83632K->52224K(141312K), 0,0011031 secs]
118,391: [GC (Allocation Failure)  78848K->58032K(139776K), 0,0018512 secs]
118,426: [GC (Allocation Failure)  83632K->52224K(140800K), 0,0010477 secs]
118,453: [GC (Allocation Failure)  77824K->56984K(141312K), 0,0045577 secs]
118,495: [GC (Allocation Failure)  83608K->52168K(141312K), 0,0031554 secs]
118,524: [GC (Allocation Failure)  78792K->57976K(140288K), 0,0036832 secs]
118,560: [GC (Allocation Failure)  83576K->52136K(140800K), 0,0071382 secs]
118,592: [GC (Allocation Failure)  77736K->56896K(141312K), 0,0039928 secs]
118,629: [GC (Allocation Failure)  83520K->52112K(141312K), 0,0044665 secs]
118,655: [GC (Allocation Failure)  78736K->57920K(140288K), 0,0025943 secs]
118,690: [GC (Allocation Failure)  83520K->52120K(140800K), 0,0048805 secs]
118,717: [GC (Allocation Failure)  77720K->56872K(141312K), 0,0013954 secs]
118,751: [GC (Allocation Failure)  83496K->52056K(141312K), 0,0007545 secs]
118,774: [GC (Allocation Failure)  78680K->57704K(140288K), 0,0014195 secs]
118,808: [GC (Allocation Failure)  83304K->51864K(140800K), 0,0021787 secs]
118,831: [GC (Allocation Failure)  77464K->56616K(141312K), 0,0029894 secs]
118,867: [GC (Allocation Failure)  83240K->51800K(141312K), 0,0016186 secs]
118,894: [GC (Allocation Failure)  78424K->57616K(141312K), 0,0045413 secs]
118,933: [GC (Allocation Failure)  84240K->52768K(141312K), 0,0014435 secs]
118,960: [GC (Allocation Failure)  79392K->58608K(140288K), 0,0039110 secs]
118,998: [GC (Allocation Failure)  84208K->52768K(140800K), 0,0036003 secs]
119,023: [GC (Allocation Failure)  78368K->57592K(140288K), 0,0014848 secs]
119,056: [GC (Allocation Failure)  83192K->51736K(140800K), 0,0030515 secs]
119,087: [GC (Allocation Failure)  77336K->56528K(141312K), 0,0083622 secs]
119,129: [GC (Allocation Failure)  83152K->51720K(141312K), 0,0010490 secs]
119,154: [GC (Allocation Failure)  78344K->57560K(141312K), 0,0049245 secs]
119,192: [GC (Allocation Failure)  84184K->52744K(141312K), 0,0030553 secs]
119,218: [GC (Allocation Failure)  79368K->58592K(139776K), 0,0021882 secs]
119,258: [GC (Allocation Failure)  84192K->52720K(140800K), 0,0040123 secs]
119,288: [GC (Allocation Failure)  78320K->57512K(141312K), 0,0065473 secs]
119,327: [GC (Allocation Failure)  84136K->52736K(141312K), 0,0020018 secs]
119,354: [GC (Allocation Failure)  79360K->58544K(140288K), 0,0041530 secs]
119,393: [GC (Allocation Failure)  84144K->52704K(140800K), 0,0013615 secs]
119,418: [GC (Allocation Failure)  78304K->57496K(141312K), 0,0026219 secs]
119,455: [GC (Allocation Failure)  84120K->52688K(141312K), 0,0013298 secs]
119,482: [GC (Allocation Failure)  79312K->58528K(140288K), 0,0029190 secs]
119,520: [GC (Allocation Failure)  84128K->52656K(140800K), 0,0064989 secs]
119,553: [GC (Allocation Failure)  78256K->57416K(141312K), 0,0051855 secs]
119,596: [GC (Allocation Failure)  84040K->52664K(141312K), 0,0029810 secs]
119,627: [GC (Allocation Failure)  79288K->58440K(140288K), 0,0032888 secs]
119,665: [GC (Allocation Failure)  84040K->52640K(140800K), 0,0078739 secs]
119,699: [GC (Allocation Failure)  78240K->57392K(141312K), 0,0026729 secs]
119,735: [GC (Allocation Failure)  84016K->52608K(141312K), 0,0031590 secs]
119,767: [GC (Allocation Failure)  79232K->58416K(140288K), 0,0044418 secs]
119,806: [GC (Allocation Failure)  84016K->52544K(140800K), 0,0037112 secs]
119,833: [GC (Allocation Failure)  78144K->57328K(141312K), 0,0017844 secs]
119,868: [GC (Allocation Failure)  83952K->52552K(141312K), 0,0053099 secs]
119,898: [GC (Allocation Failure)  79176K->58392K(141312K), 0,0021291 secs]
119,937: [GC (Allocation Failure)  85016K->53616K(141312K), 0,0023625 secs]
119,966: [GC (Allocation Failure)  80240K->59432K(140288K), 0,0053259 secs]
120,010: [GC (Allocation Failure)  85032K->53560K(140800K), 0,0054179 secs]
120,038: [GC (Allocation Failure)  79160K->58344K(140288K), 0,0019053 secs]
120,073: [GC (Allocation Failure)  83944K->52472K(140800K), 0,0022960 secs]
120,097: [GC (Allocation Failure)  78072K->57256K(141312K), 0,0043317 secs]
120,134: [GC (Allocation Failure)  83368K->51928K(140800K), 0,0020731 secs]
120,158: [GC (Allocation Failure)  78040K->57256K(141312K), 0,0016547 secs]
120,193: [GC (Allocation Failure)  83880K->52440K(141312K), 0,0009892 secs]
120,216: [GC (Allocation Failure)  79064K->58248K(141312K), 0,0017189 secs]
120,251: [GC (Allocation Failure)  84872K->53496K(141312K), 0,0011201 secs]
120,274: [GC (Allocation Failure)  80120K->59312K(139776K), 0,0026039 secs]
120,310: [GC (Allocation Failure)  84912K->53440K(140800K), 0,0011984 secs]
120,333: [GC (Allocation Failure)  79040K->58232K(141312K), 0,0016998 secs]
120,368: [GC (Allocation Failure)  84856K->53456K(141312K), 0,0011282 secs]
120,391: [GC (Allocation Failure)  80080K->59240K(140288K), 0,0020637 secs]
120,431: [GC (Allocation Failure)  84840K->53408K(140800K), 0,0039653 secs]
120,462: [GC (Allocation Failure)  79008K->58232K(140288K), 0,0046664 secs]
120,504: [GC (Allocation Failure)  83832K->52392K(140800K), 0,0067895 secs]
120,539: [GC (Allocation Failure)  77992K->57152K(141312K), 0,0041947 secs]
120,581: [GC (Allocation Failure)  83776K->52368K(141312K), 0,0022389 secs]
120,608: [GC (Allocation Failure)  78992K->58184K(141312K), 0,0026620 secs]
120,646: [GC (Allocation Failure)  84808K->53400K(141312K), 0,0018466 secs]
120,673: [GC (Allocation Failure)  80024K->59176K(140800K), 0,0036494 secs]
120,710: [GC (Allocation Failure)  85800K->54392K(141312K), 0,0025329 secs]
120,736: [GC (Allocation Failure)  81016K->60208K(140288K), 0,0045340 secs]
120,773: [GC (Allocation Failure)  85808K->54368K(140800K), 0,0040317 secs]
120,800: [GC (Allocation Failure)  79968K->59184K(140288K), 0,0021983 secs]
120,834: [GC (Allocation Failure)  84784K->53320K(140800K), 0,0024694 secs]
120,859: [GC (Allocation Failure)  78920K->58072K(140800K), 0,0036176 secs]
120,896: [GC (Allocation Failure)  83672K->52232K(140800K), 0,0013387 secs]
120,920: [GC (Allocation Failure)  77832K->57080K(141312K), 0,0017797 secs]
120,955: [GC (Allocation Failure)  83704K->52200K(141312K), 0,0012372 secs]
120,979: [GC (Allocation Failure)  78824K->58040K(141312K), 0,0034788 secs]
121,016: [GC (Allocation Failure)  84664K->53256K(141312K), 0,0012458 secs]
121,040: [GC (Allocation Failure)  79880K->59064K(140800K), 0,0037003 secs]
121,076: [GC (Allocation Failure)  85688K->54248K(141312K), 0,0014831 secs]
121,101: [GC (Allocation Failure)  80872K->60096K(139776K), 0,0021894 secs]
121,140: [GC (Allocation Failure)  85696K->54256K(140800K), 0,0032797 secs]
121,167: [GC (Allocation Failure)  79856K->59040K(140288K), 0,0026010 secs]
121,202: [GC (Allocation Failure)  84640K->53168K(140800K), 0,0059879 secs]
121,230: [GC (Allocation Failure)  78768K->57952K(141312K), 0,0016266 secs]
121,265: [GC (Allocation Failure)  84576K->53168K(141312K), 0,0009479 secs]
121,288: [GC (Allocation Failure)  79792K->58952K(141312K), 0,0040822 secs]
121,325: [GC (Allocation Failure)  85576K->54200K(141312K), 0,0011190 secs]
121,348: [GC (Allocation Failure)  80824K->60016K(140288K), 0,0031424 secs]
121,384: [GC (Allocation Failure)  85616K->54144K(140800K), 0,0022075 secs]
121,408: [GC (Allocation Failure)  79744K->58928K(140288K), 0,0033042 secs]
121,448: [GC (Allocation Failure)  84528K->53088K(140800K), 0,0038500 secs]
121,474: [GC (Allocation Failure)  78688K->57848K(141312K), 0,0019248 secs]
121,509: [GC (Allocation Failure)  84472K->53064K(141312K), 0,0009160 secs]
121,532: [GC (Allocation Failure)  79688K->58872K(141312K), 0,0072077 secs]
121,574: [GC (Allocation Failure)  85496K->54064K(141312K), 0,0055230 secs]
121,603: [GC (Allocation Failure)  80688K->59936K(139776K), 0,0020996 secs]
121,638: [GC (Allocation Failure)  85536K->54064K(140800K), 0,0032886 secs]
121,663: [GC (Allocation Failure)  79664K->58848K(141312K), 0,0016947 secs]
121,698: [GC (Allocation Failure)  85472K->54032K(141312K), 0,0036574 secs]
121,728: [GC (Allocation Failure)  80656K->59904K(140288K), 0,0046500 secs]
121,767: [GC (Allocation Failure)  85504K->54032K(140800K), 0,0018456 secs]
121,794: [GC (Allocation Failure)  79632K->58848K(141312K), 0,0027646 secs]
121,832: [GC (Allocation Failure)  85472K->54000K(141312K), 0,0054391 secs]
121,862: [GC (Allocation Failure)  80624K->59808K(140288K), 0,0033994 secs]
121,899: [GC (Allocation Failure)  85408K->53936K(140800K), 0,0025432 secs]
121,925: [GC (Allocation Failure)  79536K->58760K(141312K), 0,0026537 secs]
121,960: [GC (Allocation Failure)  85384K->53976K(141312K), 0,0019629 secs]
121,987: [GC (Allocation Failure)  80600K->59792K(140288K), 0,0030130 secs]
122,024: [GC (Allocation Failure)  85392K->53984K(140800K), 0,0017348 secs]
122,051: [GC (Allocation Failure)  79584K->58704K(141312K), 0,0043851 secs]
122,093: [GC (Allocation Failure)  85328K->53888K(141312K), 0,0029691 secs]
122,125: [GC (Allocation Failure)  80512K->59728K(140288K), 0,0037368 secs]
122,163: [GC (Allocation Failure)  85328K->53920K(140800K), 0,0017700 secs]
122,190: [GC (Allocation Failure)  79520K->58672K(141312K), 0,0035181 secs]
122,227: [GC (Allocation Failure)  85296K->53856K(141312K), 0,0024674 secs]
122,253: [GC (Allocation Failure)  80480K->59664K(141312K), 0,0027597 secs]
122,292: [GC (Allocation Failure)  86288K->54912K(141312K), 0,0033105 secs]
122,323: [GC (Allocation Failure)  81536K->60688K(140288K), 0,0047036 secs]
122,363: [GC (Allocation Failure)  86288K->54880K(140800K), 0,0018828 secs]
122,390: [GC (Allocation Failure)  80480K->59672K(140288K), 0,0028753 secs]
122,427: [GC (Allocation Failure)  85272K->53832K(140800K), 0,0017828 secs]
122,453: [GC (Allocation Failure)  79432K->58624K(141312K), 0,0025824 secs]
122,488: [GC (Allocation Failure)  85248K->53776K(141312K), 0,0017464 secs]
122,515: [GC (Allocation Failure)  80400K->59584K(141312K), 0,0054324 secs]
122,555: [GC (Allocation Failure)  86208K->54776K(141312K), 0,0036076 secs]
122,583: [GC (Allocation Failure)  81400K->60648K(140288K), 0,0030240 secs]
122,619: [GC (Allocation Failure)  86248K->54744K(140800K), 0,0032966 secs]
122,643: [GC (Allocation Failure)  80344K->59568K(140288K), 0,0015833 secs]
122,677: [GC (Allocation Failure)  85168K->53704K(140800K), 0,0008693 secs]
122,700: [GC (Allocation Failure)  79304K->58488K(141312K), 0,0023418 secs]
122,735: [GC (Allocation Failure)  85112K->53712K(141312K), 0,0017926 secs]
122,759: [GC (Allocation Failure)  80336K->59520K(141312K), 0,0030454 secs]
122,794: [GC (Allocation Failure)  86144K->54544K(141312K), 0,0016980 secs]
122,817: [GC (Allocation Failure)  81168K->60352K(140288K), 0,0025205 secs]
122,851: [GC (Allocation Failure)  85952K->54488K(140800K), 0,0025914 secs]
122,874: [GC (Allocation Failure)  80088K->59304K(141312K), 0,0014983 secs]
122,908: [GC (Allocation Failure)  85928K->54456K(141312K), 0,0008120 secs]
122,931: [GC (Allocation Failure)  81080K->60360K(140288K), 0,0049149 secs]
122,974: [GC (Allocation Failure)  85960K->54520K(140800K), 0,0031841 secs]
123,006: [GC (Allocation Failure)  80120K->59248K(141312K), 0,0044300 secs]
123,048: [GC (Allocation Failure)  85872K->54464K(141312K), 0,0029070 secs]
123,079: [GC (Allocation Failure)  81088K->60272K(140288K), 0,0047120 secs]
123,119: [GC (Allocation Failure)  85872K->54432K(140800K), 0,0013187 secs]
123,146: [GC (Allocation Failure)  80032K->59248K(141312K), 0,0043213 secs]
123,188: [GC (Allocation Failure)  85872K->54400K(141312K), 0,0029361 secs]
123,219: [GC (Allocation Failure)  81024K->60208K(141312K), 0,0042196 secs]
123,257: [GC (Allocation Failure)  86832K->55424K(141312K), 0,0018800 secs]
123,283: [GC (Allocation Failure)  82048K->61232K(140288K), 0,0054881 secs]
123,321: [GC (Allocation Failure)  86832K->55392K(140800K), 0,0025892 secs]
123,347: [GC (Allocation Failure)  80992K->60184K(140288K), 0,0020512 secs]
123,381: [GC (Allocation Failure)  85784K->54352K(140800K), 0,0018658 secs]
123,405: [GC (Allocation Failure)  79952K->59104K(141312K), 0,0021774 secs]
123,438: [GC (Allocation Failure)  85728K->54320K(141312K), 0,0016430 secs]
123,465: [GC (Allocation Failure)  80944K->60168K(141312K), 0,0046985 secs]
123,508: [GC (Allocation Failure)  86792K->55352K(141312K), 0,0031700 secs]
123,539: [GC (Allocation Failure)  81976K->61168K(140288K), 0,0049187 secs]
123,581: [GC (Allocation Failure)  86768K->55368K(140800K), 0,0032219 secs]
123,613: [GC (Allocation Failure)  80968K->60160K(140288K), 0,0044811 secs]
123,655: [GC (Allocation Failure)  85760K->54296K(140800K), 0,0028140 secs]
123,686: [GC (Allocation Failure)  79896K->59048K(141312K), 0,0033156 secs]
123,724: [GC (Allocation Failure)  85672K->54264K(141312K), 0,0024238 secs]
123,751: [GC (Allocation Failure)  80888K->60104K(141312K), 0,0027073 secs]
123,789: [GC (Allocation Failure)  86728K->55288K(141312K), 0,0047637 secs]
123,818: [GC (Allocation Failure)  81912K->61104K(139776K), 0,0029174 secs]
123,856: [GC (Allocation Failure)  86704K->55232K(140800K), 0,0018631 secs]
123,883: [GC (Allocation Failure)  80832K->60056K(141312K), 0,0026289 secs]
123,920: [GC (Allocation Failure)  86680K->55240K(141312K), 0,0018243 secs]
123,946: [GC (Allocation Failure)  81864K->61080K(140288K), 0,0028326 secs]
123,986: [GC (Allocation Failure)  86680K->55176K(140800K), 0,0112454 secs]
124,022: [GC (Allocation Failure)  80776K->60024K(141312K), 0,0038070 secs]
124,058: [GC (Allocation Failure)  86648K->55208K(141312K), 0,0031174 secs]
124,089: [GC (Allocation Failure)  81832K->61024K(140288K), 0,0043018 secs]
124,128: [GC (Allocation Failure)  86624K->55184K(140800K), 0,0133468 secs]
124,164: [GC (Allocation Failure)  80784K->59968K(141312K), 0,0014858 secs]
124,198: [GC (Allocation Failure)  86592K->55152K(141312K), 0,0031603 secs]
124,223: [GC (Allocation Failure)  81776K->61000K(140288K), 0,0016916 secs]
124,256: [GC (Allocation Failure)  86600K->55160K(140800K), 0,0018695 secs]
124,280: [GC (Allocation Failure)  80760K->59912K(141312K), 0,0022454 secs]
124,315: [GC (Allocation Failure)  86536K->55096K(141312K), 0,0016186 secs]
124,338: [GC (Allocation Failure)  81720K->60904K(140288K), 0,0023842 secs]
124,372: [GC (Allocation Failure)  86504K->55064K(140800K), 0,0015667 secs]
124,400: [GC (Allocation Failure)  80664K->59880K(141312K), 0,0059353 secs]
124,439: [GC (Allocation Failure)  86504K->55064K(141312K), 0,0024305 secs]
124,463: [GC (Allocation Failure)  81688K->60904K(141312K), 0,0044244 secs]
124,499: [GC (Allocation Failure)  87528K->56088K(141312K), 0,0021535 secs]
124,523: [GC (Allocation Failure)  82712K->61872K(140288K), 0,0027820 secs]
124,560: [GC (Allocation Failure)  87472K->56064K(140800K), 0,0035040 secs]
124,589: [GC (Allocation Failure)  81664K->60816K(140288K), 0,0079420 secs]
124,630: [GC (Allocation Failure)  86416K->55008K(140800K), 0,0018039 secs]
124,653: [GC (Allocation Failure)  80608K->59760K(141312K), 0,0059988 secs]
124,694: [GC (Allocation Failure)  86384K->54976K(141312K), 0,0053862 secs]
124,723: [GC (Allocation Failure)  81600K->60784K(141312K), 0,0067336 secs]
124,762: [GC (Allocation Failure)  87408K->56000K(141312K), 0,0018387 secs]
124,787: [GC (Allocation Failure)  82624K->61816K(140288K), 0,0021963 secs]
124,822: [GC (Allocation Failure)  87416K->55976K(140800K), 0,0013609 secs]
124,847: [GC (Allocation Failure)  81576K->60728K(140288K), 0,0020472 secs]
124,881: [GC (Allocation Failure)  86328K->54888K(140800K), 0,0011297 secs]
124,904: [GC (Allocation Failure)  80488K->59704K(141312K), 0,0066099 secs]
124,944: [GC (Allocation Failure)  86328K->54888K(141312K), 0,0058719 secs]
124,972: [GC (Allocation Failure)  81512K->60704K(141312K), 0,0019321 secs]
125,007: [GC (Allocation Failure)  87328K->55920K(141312K), 0,0024865 secs]
125,033: [GC (Allocation Failure)  82544K->61768K(139776K), 0,0022523 secs]
125,070: [GC (Allocation Failure)  87368K->55872K(140800K), 0,0045986 secs]
125,103: [GC (Allocation Failure)  81472K->60688K(141312K), 0,0045901 secs]
125,142: [GC (Allocation Failure)  87312K->55872K(141312K), 0,0018395 secs]
125,168: [GC (Allocation Failure)  82496K->61648K(140288K), 0,0054967 secs]
125,208: [GC (Allocation Failure)  87248K->55840K(140800K), 0,0018960 secs]
125,235: [GC (Allocation Failure)  81440K->60600K(141312K), 0,0036968 secs]
125,272: [GC (Allocation Failure)  87224K->55856K(141312K), 0,0018372 secs]
125,298: [GC (Allocation Failure)  82480K->61632K(140288K), 0,0028562 secs]
125,335: [GC (Allocation Failure)  87232K->55792K(140800K), 0,0024958 secs]
125,361: [GC (Allocation Failure)  81392K->60576K(141312K), 0,0036737 secs]
125,402: [GC (Allocation Failure)  87200K->55792K(141312K), 0,0038457 secs]
125,434: [GC (Allocation Failure)  82416K->61600K(140288K), 0,0061004 secs]
125,474: [GC (Allocation Failure)  87200K->55760K(140800K), 0,0013166 secs]
125,498: [GC (Allocation Failure)  81360K->60552K(141312K), 0,0020995 secs]
125,533: [GC (Allocation Failure)  87176K->55704K(141312K), 0,0017825 secs]
125,559: [GC (Allocation Failure)  82328K->61544K(141312K), 0,0044565 secs]
125,598: [GC (Allocation Failure)  88168K->56760K(141312K), 0,0016119 secs]
125,623: [GC (Allocation Failure)  83384K->62536K(140288K), 0,0038828 secs]
125,659: [GC (Allocation Failure)  88136K->56728K(140800K), 0,0020714 secs]
125,685: [GC (Allocation Failure)  82328K->61512K(140288K), 0,0028033 secs]
125,720: [GC (Allocation Failure)  87112K->55672K(140800K), 0,0038500 secs]
125,752: [GC (Allocation Failure)  81272K->60464K(141312K), 0,0044735 secs]
125,794: [GC (Allocation Failure)  87088K->55616K(141312K), 0,0041907 secs]
125,827: [GC (Allocation Failure)  82240K->61456K(141312K), 0,0029969 secs]
125,863: [GC (Allocation Failure)  88080K->56640K(141312K), 0,0013954 secs]
125,888: [GC (Allocation Failure)  83264K->62480K(140288K), 0,0021478 secs]
125,922: [GC (Allocation Failure)  88080K->56616K(140800K), 0,0043740 secs]
125,949: [GC (Allocation Failure)  82216K->61400K(140288K), 0,0017520 secs]
125,984: [GC (Allocation Failure)  87000K->55592K(140800K), 0,0035106 secs]
126,009: [GC (Allocation Failure)  81192K->60352K(141312K), 0,0027152 secs]
126,047: [GC (Allocation Failure)  86976K->55576K(141312K), 0,0066501 secs]
126,082: [GC (Allocation Failure)  82200K->61392K(141312K), 0,0027131 secs]
126,118: [GC (Allocation Failure)  88016K->56576K(141312K), 0,0035455 secs]
126,150: [GC (Allocation Failure)  83200K->62416K(139776K), 0,0030387 secs]
126,185: [GC (Allocation Failure)  88016K->56592K(140800K), 0,0007565 secs]
126,206: [GC (Allocation Failure)  82192K->61376K(141312K), 0,0014210 secs]
126,241: [GC (Allocation Failure)  88000K->56560K(141312K), 0,0028220 secs]
126,265: [GC (Allocation Failure)  83184K->62368K(140288K), 0,0023252 secs]
126,301: [GC (Allocation Failure)  87968K->56528K(140800K), 0,0044093 secs]
126,330: [GC (Allocation Failure)  82128K->61344K(141312K), 0,0026158 secs]
126,367: [GC (Allocation Failure)  87968K->56496K(141312K), 0,0015843 secs]
126,392: [GC (Allocation Failure)  83120K->62344K(140288K), 0,0021985 secs]
126,428: [GC (Allocation Failure)  87944K->56472K(140800K), 0,0095180 secs]
126,462: [GC (Allocation Failure)  82072K->61288K(141312K), 0,0023156 secs]
126,499: [GC (Allocation Failure)  87912K->56472K(141312K), 0,0032026 secs]
126,530: [GC (Allocation Failure)  83096K->62248K(140288K), 0,0037625 secs]
126,571: [GC (Allocation Failure)  87848K->56440K(140800K), 0,0077303 secs]
126,602: [GC (Allocation Failure)  82040K->61192K(141312K), 0,0016501 secs]
126,637: [GC (Allocation Failure)  87816K->56464K(141312K), 0,0032268 secs]
126,668: [GC (Allocation Failure)  83088K->62240K(140288K), 0,0022730 secs]
126,703: [GC (Allocation Failure)  87840K->56432K(140800K), 0,0029567 secs]
126,734: [GC (Allocation Failure)  82032K->61216K(141312K), 0,0068244 secs]
126,773: [GC (Allocation Failure)  87840K->56208K(141312K), 0,0018699 secs]
126,796: [GC (Allocation Failure)  82832K->61984K(141312K), 0,0165732 secs]
126,845: [GC (Allocation Failure)  88608K->57232K(141312K), 0,0015985 secs]
126,867: [GC (Allocation Failure)  83856K->63008K(140288K), 0,0023920 secs]
126,900: [GC (Allocation Failure)  88608K->57136K(140800K), 0,0019453 secs]
126,923: [GC (Allocation Failure)  82736K->61888K(140288K), 0,0016178 secs]
126,961: [GC (Allocation Failure)  87488K->56048K(140800K), 0,0029229 secs]
126,993: [GC (Allocation Failure)  81648K->60768K(141312K), 0,0095834 secs]
127,036: [GC (Allocation Failure)  87392K->55952K(141312K), 0,0012105 secs]
127,059: [GC (Allocation Failure)  82576K->61824K(141312K), 0,0015684 secs]
127,091: [GC (Allocation Failure)  88448K->56984K(141312K), 0,0033267 secs]
127,117: [GC (Allocation Failure)  83608K->62792K(140800K), 0,0033995 secs]
127,153: [GC (Allocation Failure)  89416K->58008K(141312K), 0,0015997 secs]
127,176: [GC (Allocation Failure)  84632K->63848K(140288K), 0,0015601 secs]
127,209: [GC (Allocation Failure)  89448K->58008K(140800K), 0,0031203 secs]
127,238: [GC (Allocation Failure)  83608K->62824K(140288K), 0,0041797 secs]
127,277: [GC (Allocation Failure)  88424K->56920K(140800K), 0,0049125 secs]
127,306: [GC (Allocation Failure)  82520K->61736K(140800K), 0,0024001 secs]
127,343: [GC (Allocation Failure)  87336K->55904K(140800K), 0,0029790 secs]
127,371: [GC (Allocation Failure)  81504K->60656K(141312K), 0,0024972 secs]
127,407: [GC (Allocation Failure)  86768K->55344K(140800K), 0,0016348 secs]
127,434: [GC (Allocation Failure)  81456K->60704K(141824K), 0,0025770 secs]
127,470: [GC (Allocation Failure)  87840K->56376K(141312K), 0,0016437 secs]
127,496: [GC (Allocation Failure)  83512K->62736K(140800K), 0,0028337 secs]
127,534: [GC (Allocation Failure)  89360K->57920K(141312K), 0,0019586 secs]
127,560: [GC (Allocation Failure)  84544K->63728K(139776K), 0,0029758 secs]
127,596: [GC (Allocation Failure)  89328K->57920K(140800K), 0,0018754 secs]
127,623: [GC (Allocation Failure)  83520K->62704K(140288K), 0,0030259 secs]
127,660: [GC (Allocation Failure)  88304K->56864K(140800K), 0,0018003 secs]
127,686: [GC (Allocation Failure)  82464K->61616K(141312K), 0,0027531 secs]
127,724: [GC (Allocation Failure)  88240K->56832K(141312K), 0,0017242 secs]
127,751: [GC (Allocation Failure)  83456K->62616K(141312K), 0,0029850 secs]
127,789: [GC (Allocation Failure)  89240K->57856K(141312K), 0,0192853 secs]
127,832: [GC (Allocation Failure)  84480K->63664K(140288K), 0,0050336 secs]
127,872: [GC (Allocation Failure)  89264K->57856K(140800K), 0,0038869 secs]
127,901: [GC (Allocation Failure)  83456K->62608K(140288K), 0,0030075 secs]
127,939: [GC (Allocation Failure)  88208K->56768K(140800K), 0,0027114 secs]
127,967: [GC (Allocation Failure)  82368K->61560K(141312K), 0,0029691 secs]
128,005: [GC (Allocation Failure)  88184K->56784K(141312K), 0,0022028 secs]
128,032: [GC (Allocation Failure)  83408K->62592K(141312K), 0,0029593 secs]
128,070: [GC (Allocation Failure)  89216K->57808K(141312K), 0,0020791 secs]
128,097: [GC (Allocation Failure)  84432K->63616K(140288K), 0,0032730 secs]
128,136: [GC (Allocation Failure)  89216K->57776K(140800K), 0,0020667 secs]
128,163: [GC (Allocation Failure)  83376K->62536K(141312K), 0,0057167 secs]
128,204: [GC (Allocation Failure)  89160K->57720K(141312K), 0,0046253 secs]
128,234: [GC (Allocation Failure)  84344K->63592K(140288K), 0,0034069 secs]
128,273: [GC (Allocation Failure)  89192K->57696K(140800K), 0,0041621 secs]
128,301: [GC (Allocation Failure)  83296K->62480K(140288K), 0,0025217 secs]
128,336: [GC (Allocation Failure)  88080K->56640K(140800K), 0,0032702 secs]
128,362: [GC (Allocation Failure)  82240K->61464K(141312K), 0,0038084 secs]
128,399: [GC (Allocation Failure)  88088K->56616K(141312K), 0,0036412 secs]
128,425: [GC (Allocation Failure)  83240K->62456K(141312K), 0,0029737 secs]
128,461: [GC (Allocation Failure)  89080K->57608K(141312K), 0,0011006 secs]
128,484: [GC (Allocation Failure)  84232K->63448K(140800K), 0,0046228 secs]
128,522: [GC (Allocation Failure)  90072K->58696K(141312K), 0,0011765 secs]
128,546: [GC (Allocation Failure)  85320K->64472K(139776K), 0,0019393 secs]
128,580: [GC (Allocation Failure)  90072K->58632K(140800K), 0,0012462 secs]
128,603: [GC (Allocation Failure)  84232K->63416K(140288K), 0,0031157 secs]
128,639: [GC (Allocation Failure)  89016K->57576K(140800K), 0,0023270 secs]
128,663: [GC (Allocation Failure)  83176K->62360K(141312K), 0,0019022 secs]
128,698: [GC (Allocation Failure)  88472K->57032K(140800K), 0,0010629 secs]
128,721: [GC (Allocation Failure)  83144K->62360K(141312K), 0,0016236 secs]
128,756: [GC (Allocation Failure)  88984K->57512K(141312K), 0,0011040 secs]
128,779: [GC (Allocation Failure)  84136K->63328K(141312K), 0,0018592 secs]
128,814: [GC (Allocation Failure)  89952K->58512K(141312K), 0,0023664 secs]
128,838: [GC (Allocation Failure)  85136K->64352K(140288K), 0,0070757 secs]
128,878: [GC (Allocation Failure)  89952K->58512K(140800K), 0,0020750 secs]
128,902: [GC (Allocation Failure)  84112K->63296K(140288K), 0,0046231 secs]
128,939: [GC (Allocation Failure)  88896K->57424K(140800K), 0,0023584 secs]
128,963: [GC (Allocation Failure)  83024K->62240K(141312K), 0,0014677 secs]
128,996: [GC (Allocation Failure)  88352K->56912K(140800K), 0,0017808 secs]
129,020: [GC (Allocation Failure)  83024K->62216K(141312K), 0,0044960 secs]
129,057: [GC (Allocation Failure)  88840K->57368K(141312K), 0,0009698 secs]
129,080: [GC (Allocation Failure)  83992K->63240K(140800K), 0,0017431 secs]
129,115: [GC (Allocation Failure)  89864K->58392K(141312K), 0,0035540 secs]
129,141: [GC (Allocation Failure)  85016K->64200K(139776K), 0,0028760 secs]
129,177: [GC (Allocation Failure)  89800K->58392K(140800K), 0,0021760 secs]
129,201: [GC (Allocation Failure)  83992K->63176K(141312K), 0,0029466 secs]
129,237: [GC (Allocation Failure)  89800K->58424K(141312K), 0,0010205 secs]
129,260: [GC (Allocation Failure)  85048K->64176K(140288K), 0,0029325 secs]
129,301: [GC (Allocation Failure)  89776K->58368K(140800K), 0,0034026 secs]
129,332: [GC (Allocation Failure)  83968K->63152K(140288K), 0,0046365 secs]
129,371: [GC (Allocation Failure)  88752K->57280K(140800K), 0,0030248 secs]
129,405: [GC (Allocation Failure)  82880K->62064K(141312K), 0,0053380 secs]
129,448: [GC (Allocation Failure)  88688K->57280K(141312K), 0,0027663 secs]
129,479: [GC (Allocation Failure)  83904K->63120K(141312K), 0,0038687 secs]
129,518: [GC (Allocation Failure)  89744K->58280K(141312K), 0,0018303 secs]
129,545: [GC (Allocation Failure)  84904K->64120K(140800K), 0,0044332 secs]
129,584: [GC (Allocation Failure)  90744K->59336K(141312K), 0,0021478 secs]
129,611: [GC (Allocation Failure)  85960K->65112K(139776K), 0,0031088 secs]
129,649: [GC (Allocation Failure)  90712K->59272K(140800K), 0,0018858 secs]
129,676: [GC (Allocation Failure)  84872K->64056K(140288K), 0,0053029 secs]
129,715: [GC (Allocation Failure)  89656K->58216K(140800K), 0,0025454 secs]
129,741: [GC (Allocation Failure)  83816K->62968K(141312K), 0,0026806 secs]
129,778: [GC (Allocation Failure)  89080K->57704K(140800K), 0,0028748 secs]
129,809: [GC (Allocation Failure)  83816K->63000K(141312K), 0,0045525 secs]
129,851: [GC (Allocation Failure)  89624K->58184K(141312K), 0,0067829 secs]
129,881: [GC (Allocation Failure)  84808K->64024K(140288K), 0,0018216 secs]
129,916: [GC (Allocation Failure)  89624K->58152K(140800K), 0,0010139 secs]
129,939: [GC (Allocation Failure)  83752K->62944K(141312K), 0,0017561 secs]
129,974: [GC (Allocation Failure)  89568K->58128K(141312K), 0,0010252 secs]
129,997: [GC (Allocation Failure)  84752K->63944K(141312K), 0,0038196 secs]
130,034: [GC (Allocation Failure)  90568K->59160K(141312K), 0,0012325 secs]
130,057: [GC (Allocation Failure)  85784K->65000K(140288K), 0,0018288 secs]
130,092: [GC (Allocation Failure)  90600K->59096K(140800K), 0,0027164 secs]
130,117: [GC (Allocation Failure)  84696K->63880K(140288K), 0,0029254 secs]
130,153: [GC (Allocation Failure)  89480K->58040K(140800K), 0,0009315 secs]
130,176: [GC (Allocation Failure)  83640K->62856K(141312K), 0,0015596 secs]
130,211: [GC (Allocation Failure)  89480K->58040K(141312K), 0,0022323 secs]
130,235: [GC (Allocation Failure)  84664K->63848K(141312K), 0,0018646 secs]
130,270: [GC (Allocation Failure)  90472K->59032K(141312K), 0,0026064 secs]
130,295: [GC (Allocation Failure)  85656K->64912K(140288K), 0,0018783 secs]
130,330: [GC (Allocation Failure)  90512K->59008K(140800K), 0,0048245 secs]
130,357: [GC (Allocation Failure)  84608K->63800K(140288K), 0,0016829 secs]
130,392: [GC (Allocation Failure)  89400K->57992K(140800K), 0,0010358 secs]
130,415: [GC (Allocation Failure)  83592K->62752K(141312K), 0,0015956 secs]
130,450: [GC (Allocation Failure)  89376K->57936K(141312K), 0,0025288 secs]
130,478: [GC (Allocation Failure)  84560K->63776K(141312K), 0,0065272 secs]
130,519: [GC (Allocation Failure)  90400K->58960K(141312K), 0,0017552 secs]
130,545: [GC (Allocation Failure)  85584K->64768K(139776K), 0,0045797 secs]
130,584: [GC (Allocation Failure)  90368K->58960K(140800K), 0,0018106 secs]
130,611: [GC (Allocation Failure)  84560K->63744K(141312K), 0,0031746 secs]
130,651: [GC (Allocation Failure)  90368K->58960K(141312K), 0,0034355 secs]
130,682: [GC (Allocation Failure)  85584K->64736K(140288K), 0,0037204 secs]
130,719: [GC (Allocation Failure)  90336K->58928K(140800K), 0,0014611 secs]
130,744: [GC (Allocation Failure)  84528K->63712K(141312K), 0,0020441 secs]
130,780: [GC (Allocation Failure)  90336K->58672K(141312K), 0,0089492 secs]
130,811: [GC (Allocation Failure)  85296K->64480K(140288K), 0,0024816 secs]
130,844: [GC (Allocation Failure)  90080K->58640K(140800K), 0,0011639 secs]
130,868: [GC (Allocation Failure)  84240K->63432K(141312K), 0,0044587 secs]
130,910: [GC (Allocation Failure)  90056K->58656K(141312K), 0,0036942 secs]
130,942: [GC (Allocation Failure)  85280K->64464K(141312K), 0,0046848 secs]
130,985: [GC (Allocation Failure)  91088K->59648K(141312K), 0,0074038 secs]
131,017: [GC (Allocation Failure)  86272K->65488K(140288K), 0,0029213 secs]
131,057: [GC (Allocation Failure)  91088K->59616K(140800K), 0,0050701 secs]
131,086: [GC (Allocation Failure)  85216K->64432K(140288K), 0,0021755 secs]
131,120: [GC (Allocation Failure)  90032K->58560K(140800K), 0,0029675 secs]
131,145: [GC (Allocation Failure)  84160K->63344K(141312K), 0,0020703 secs]
131,180: [GC (Allocation Failure)  89968K->58560K(141312K), 0,0012263 secs]
131,204: [GC (Allocation Failure)  85184K->64336K(141312K), 0,0038021 secs]
131,240: [GC (Allocation Failure)  90960K->59592K(141312K), 0,0013891 secs]
131,265: [GC (Allocation Failure)  86216K->65400K(140288K), 0,0021954 secs]
131,299: [GC (Allocation Failure)  91000K->59560K(140800K), 0,0024915 secs]
131,324: [GC (Allocation Failure)  85160K->64312K(140288K), 0,0065404 secs]
131,364: [GC (Allocation Failure)  89912K->58504K(140800K), 0,0027131 secs]
131,389: [GC (Allocation Failure)  84104K->63256K(141312K), 0,0035405 secs]
131,426: [GC (Allocation Failure)  89880K->58472K(141312K), 0,0027793 secs]
131,451: [GC (Allocation Failure)  85096K->64256K(141312K), 0,0036707 secs]
131,488: [GC (Allocation Failure)  90880K->59504K(141312K), 0,0037146 secs]
131,514: [GC (Allocation Failure)  86128K->65288K(139776K), 0,0064321 secs]
131,553: [GC (Allocation Failure)  90888K->59448K(140800K), 0,0018906 secs]
131,581: [GC (Allocation Failure)  85048K->64200K(141312K), 0,0053951 secs]
131,620: [GC (Allocation Failure)  90824K->59448K(141312K), 0,0027937 secs]
131,645: [GC (Allocation Failure)  86072K->65256K(140288K), 0,0062951 secs]
131,684: [GC (Allocation Failure)  90856K->59416K(140800K), 0,0018983 secs]
131,708: [GC (Allocation Failure)  85016K->64200K(141312K), 0,0014835 secs]
131,742: [GC (Allocation Failure)  90824K->59352K(141312K), 0,0018057 secs]
131,766: [GC (Allocation Failure)  85976K->65224K(140288K), 0,0015536 secs]
131,800: [GC (Allocation Failure)  90824K->59384K(140800K), 0,0008390 secs]
131,823: [GC (Allocation Failure)  84984K->64136K(141312K), 0,0017679 secs]
131,858: [GC (Allocation Failure)  90760K->59352K(141312K), 0,0014436 secs]
131,882: [GC (Allocation Failure)  85976K->65160K(140288K), 0,0020401 secs]
131,917: [GC (Allocation Failure)  90760K->59320K(140800K), 0,0028425 secs]
131,946: [GC (Allocation Failure)  84920K->64080K(141312K), 0,0072791 secs]
131,986: [GC (Allocation Failure)  90704K->59328K(141312K), 0,0010585 secs]
132,009: [GC (Allocation Failure)  85952K->65104K(141312K), 0,0021809 secs]
132,044: [GC (Allocation Failure)  91728K->60320K(141312K), 0,0012644 secs]
132,071: [GC (Allocation Failure)  86944K->66136K(140288K), 0,0051587 secs]
132,114: [GC (Allocation Failure)  91736K->60296K(140800K), 0,0076963 secs]
132,148: [GC (Allocation Failure)  85896K->65112K(140288K), 0,0044107 secs]
132,187: [GC (Allocation Failure)  90712K->59240K(140800K), 0,0019258 secs]
132,216: [GC (Allocation Failure)  84840K->64056K(141312K), 0,0032904 secs]
132,254: [GC (Allocation Failure)  90680K->59208K(141312K), 0,0041666 secs]
132,282: [GC (Allocation Failure)  85832K->65016K(141312K), 0,0035496 secs]
132,318: [GC (Allocation Failure)  91640K->60208K(141312K), 0,0044904 secs]
132,347: [GC (Allocation Failure)  86832K->66056K(140288K), 0,0022434 secs]
132,382: [GC (Allocation Failure)  91656K->60216K(140800K), 0,0020043 secs]
132,406: [GC (Allocation Failure)  85816K->65008K(140288K), 0,0017308 secs]
132,444: [GC (Allocation Failure)  90608K->59136K(140800K), 0,0062169 secs]
132,475: [GC (Allocation Failure)  84736K->63960K(141312K), 0,0042007 secs]
132,512: [GC (Allocation Failure)  90584K->59112K(141312K), 0,0078329 secs]
132,543: [GC (Allocation Failure)  85736K->64952K(141312K), 0,0021206 secs]
132,579: [GC (Allocation Failure)  91576K->60168K(141312K), 0,0038512 secs]
132,607: [GC (Allocation Failure)  86792K->65976K(140288K), 0,0019284 secs]
132,641: [GC (Allocation Failure)  91576K->60104K(140800K), 0,0014233 secs]
132,664: [GC (Allocation Failure)  85704K->64920K(141312K), 0,0015780 secs]
132,700: [GC (Allocation Failure)  91544K->60104K(141312K), 0,0069636 secs]
132,734: [GC (Allocation Failure)  86728K->65920K(140288K), 0,0038374 secs]
132,772: [GC (Allocation Failure)  91520K->60088K(140800K), 0,0015093 secs]
132,797: [GC (Allocation Failure)  85688K->64880K(141312K), 0,0021930 secs]
132,832: [GC (Allocation Failure)  91504K->60096K(141312K), 0,0012230 secs]
132,856: [GC (Allocation Failure)  86720K->65904K(140288K), 0,0020859 secs]
132,892: [GC (Allocation Failure)  91504K->60032K(140800K), 0,0045099 secs]
132,925: [GC (Allocation Failure)  85632K->64856K(141312K), 0,0046064 secs]
132,964: [GC (Allocation Failure)  91480K->60040K(141312K), 0,0036844 secs]
132,992: [GC (Allocation Failure)  86664K->65864K(140288K), 0,0046317 secs]
133,031: [GC (Allocation Failure)  91464K->60024K(140800K), 0,0024989 secs]
133,058: [GC (Allocation Failure)  85624K->64808K(141312K), 0,0037580 secs]
133,094: [GC (Allocation Failure)  91432K->59992K(141312K), 0,0069342 secs]
133,124: [GC (Allocation Failure)  86616K->65800K(140288K), 0,0042224 secs]
133,162: [GC (Allocation Failure)  91400K->59960K(140800K), 0,0039038 secs]
133,192: [GC (Allocation Failure)  85560K->64752K(141312K), 0,0044957 secs]
133,231: [GC (System.gc())  90355K->58400K(141312K), 0,0065882 secs]
133,238: [Full GC (System.gc())  58400K->10724K(141312K), 0,0626750 secs]
133,323: [GC (Allocation Failure)  37348K->16580K(141312K), 0,0015613 secs]
133,358: [GC (Allocation Failure)  43204K->11748K(141312K), 0,0045962 secs]
133,384: [GC (Allocation Failure)  38372K->17556K(140800K), 0,0063373 secs]
133,423: [GC (Allocation Failure)  44180K->12740K(141312K), 0,0034930 secs]
133,459: [GC (Allocation Failure)  39364K->18612K(140800K), 0,0041382 secs]
133,499: [GC (Allocation Failure)  45236K->13732K(141312K), 0,0018584 secs]
133,522: [GC (Allocation Failure)  40356K->19508K(139776K), 0,0039985 secs]
133,559: [GC (Allocation Failure)  45108K->13668K(140800K), 0,0023297 secs]
133,583: [GC (Allocation Failure)  39268K->18388K(140288K), 0,0030005 secs]
133,618: [GC (Allocation Failure)  43988K->12588K(140800K), 0,0006667 secs]
133,640: [GC (Allocation Failure)  38188K->17340K(141312K), 0,0012239 secs]
133,675: [GC (Allocation Failure)  43964K->12524K(141312K), 0,0029127 secs]
133,706: [GC (Allocation Failure)  39148K->18300K(140288K), 0,0044511 secs]
133,748: [GC (Allocation Failure)  43900K->12492K(140800K), 0,0028259 secs]
133,780: [GC (Allocation Failure)  38092K->17316K(141312K), 0,0039277 secs]
133,817: [GC (Allocation Failure)  43940K->12468K(141312K), 0,0057418 secs]
133,848: [GC (Allocation Failure)  39092K->18276K(141312K), 0,0052371 secs]
133,885: [GC (Allocation Failure)  44900K->13492K(141312K), 0,0022855 secs]
133,908: [GC (Allocation Failure)  40116K->19308K(139776K), 0,0015008 secs]
133,944: [GC (Allocation Failure)  44908K->13468K(140800K), 0,0022274 secs]
133,970: [GC (Allocation Failure)  39068K->18252K(140288K), 0,0048992 secs]
134,008: [GC (Allocation Failure)  43852K->12412K(140800K), 0,0011264 secs]
134,032: [GC (Allocation Failure)  38012K->17164K(141312K), 0,0016586 secs]
134,070: [GC (Allocation Failure)  43788K->12348K(141312K), 0,0066155 secs]
134,101: [GC (Allocation Failure)  38972K->18196K(141312K), 0,0048815 secs]
134,139: [GC (Allocation Failure)  44820K->13380K(141312K), 0,0011427 secs]
134,163: [GC (Allocation Failure)  40004K->19220K(139776K), 0,0030673 secs]
134,199: [GC (Allocation Failure)  44820K->13356K(140800K), 0,0030127 secs]
134,229: [GC (Allocation Failure)  38956K->18212K(141312K), 0,0061624 secs]
134,268: [GC (Allocation Failure)  44836K->13364K(141312K), 0,0016484 secs]
134,296: [GC (Allocation Failure)  39988K->19172K(140288K), 0,0048975 secs]
134,336: [GC (Allocation Failure)  44772K->13332K(140800K), 0,0022378 secs]
134,362: [GC (Allocation Failure)  38932K->18084K(141312K), 0,0031628 secs]
134,397: [GC (Allocation Failure)  44708K->13300K(141312K), 0,0008195 secs]
134,419: [GC (Allocation Failure)  39924K->19108K(140288K), 0,0015668 secs]
134,455: [GC (Allocation Failure)  44708K->13332K(140800K), 0,0030510 secs]
134,485: [GC (Allocation Failure)  38932K->18052K(141312K), 0,0020692 secs]
134,524: [GC (Allocation Failure)  44676K->13276K(141312K), 0,0014456 secs]
134,550: [GC (Allocation Failure)  39900K->19124K(140288K), 0,0045190 secs]
134,592: [GC (Allocation Failure)  44724K->13260K(140800K), 0,0029767 secs]
134,622: [GC (Allocation Failure)  38860K->18052K(141312K), 0,0046402 secs]
134,657: [GC (Allocation Failure)  44676K->13236K(141312K), 0,0027306 secs]
134,684: [GC (Allocation Failure)  39860K->19044K(140288K), 0,0037935 secs]
134,723: [GC (Allocation Failure)  44644K->13204K(140800K), 0,0042418 secs]
134,750: [GC (Allocation Failure)  38804K->17964K(141312K), 0,0019508 secs]
134,786: [GC (Allocation Failure)  44588K->12996K(141312K), 0,0028367 secs]
134,811: [GC (Allocation Failure)  39620K->18812K(141312K), 0,0026746 secs]
134,847: [GC (Allocation Failure)  45436K->14028K(141312K), 0,0024465 secs]
134,870: [GC (Allocation Failure)  40651K->19772K(140288K), 0,0021986 secs]
134,904: [GC (Allocation Failure)  45372K->13932K(140800K), 0,0007971 secs]
134,926: [GC (Allocation Failure)  39532K->18716K(141312K), 0,0014826 secs]
134,960: [GC (Allocation Failure)  45340K->13876K(141312K), 0,0014294 secs]
134,982: [GC (Allocation Failure)  40500K->19780K(140288K), 0,0015069 secs]
135,015: [GC (Allocation Failure)  45380K->13908K(140800K), 0,0035606 secs]
135,041: [GC (Allocation Failure)  39508K->18700K(140288K), 0,0048060 secs]
135,080: [GC (Allocation Failure)  44300K->12828K(140800K), 0,0102501 secs]
135,116: [GC (Allocation Failure)  38428K->17652K(141312K), 0,0021398 secs]
135,149: [GC (Allocation Failure)  44276K->12836K(141312K), 0,0041346 secs]
135,174: [GC (Allocation Failure)  39460K->18620K(141312K), 0,0023054 secs]
135,208: [GC (Allocation Failure)  45244K->13804K(141312K), 0,0024425 secs]
135,234: [GC (Allocation Failure)  40428K->19676K(139776K), 0,0082127 secs]
135,277: [GC (Allocation Failure)  45276K->13836K(140800K), 0,0018873 secs]
135,303: [GC (Allocation Failure)  39436K->18588K(141312K), 0,0022899 secs]
135,338: [GC (Allocation Failure)  45212K->13804K(141312K), 0,0049497 secs]
135,368: [GC (Allocation Failure)  40428K->19620K(140288K), 0,0026320 secs]
135,404: [GC (Allocation Failure)  45220K->13780K(140800K), 0,0028442 secs]
135,430: [GC (Allocation Failure)  39380K->18604K(141312K), 0,0017987 secs]
135,464: [GC (Allocation Failure)  45228K->13788K(141312K), 0,0007825 secs]
135,491: [GC (Allocation Failure)  40412K->19564K(141312K), 0,0033535 secs]
135,529: [GC (Allocation Failure)  46188K->14780K(141312K), 0,0009134 secs]
135,553: [GC (Allocation Failure)  41404K->20588K(140288K), 0,0033940 secs]
135,589: [GC (Allocation Failure)  46188K->14748K(140800K), 0,0007931 secs]
135,610: [GC (Allocation Failure)  40348K->19500K(140288K), 0,0014048 secs]
135,642: [GC (Allocation Failure)  45100K->13660K(140800K), 0,0013718 secs]
135,666: [GC (Allocation Failure)  39260K->18444K(141312K), 0,0034946 secs]
135,704: [GC (Allocation Failure)  44556K->13116K(140800K), 0,0047394 secs]
135,732: [GC (Allocation Failure)  39228K->18412K(141312K), 0,0047940 secs]
135,769: [GC (Allocation Failure)  45036K->13596K(141312K), 0,0014395 secs]
135,793: [GC (Allocation Failure)  40220K->19436K(141312K), 0,0045124 secs]
135,834: [GC (Allocation Failure)  46060K->14652K(141312K), 0,0016543 secs]
135,860: [GC (Allocation Failure)  41276K->20460K(139776K), 0,0022208 secs]
135,898: [GC (Allocation Failure)  46060K->14620K(140800K), 0,0027660 secs]
135,928: [GC (Allocation Failure)  40220K->19412K(140288K), 0,0042928 secs]
135,968: [GC (Allocation Failure)  45012K->13572K(140800K), 0,0007649 secs]
135,994: [GC (Allocation Failure)  39172K->18356K(141312K), 0,0028569 secs]
136,030: [GC (Allocation Failure)  44980K->13540K(141312K), 0,0038237 secs]
136,063: [GC (Allocation Failure)  40164K->19348K(141312K), 0,0048681 secs]
136,103: [GC (Allocation Failure)  45972K->14532K(141312K), 0,0038162 secs]
136,131: [GC (Allocation Failure)  41156K->20388K(139776K), 0,0027023 secs]
136,168: [GC (Allocation Failure)  45988K->14548K(140800K), 0,0012547 secs]
136,195: [GC (Allocation Failure)  40148K->19300K(141312K), 0,0038009 secs]
136,234: [GC (Allocation Failure)  45924K->14452K(141312K), 0,0048577 secs]
136,267: [GC (Allocation Failure)  41076K->20292K(140288K), 0,0048030 secs]
136,307: [GC (Allocation Failure)  45892K->14484K(140800K), 0,0019253 secs]
136,333: [GC (Allocation Failure)  40084K->19236K(141312K), 0,0019395 secs]
136,369: [GC (Allocation Failure)  45860K->14452K(141312K), 0,0026251 secs]
136,399: [GC (Allocation Failure)  41076K->20300K(140288K), 0,0093365 secs]
136,441: [GC (Allocation Failure)  45900K->14428K(140800K), 0,0011954 secs]
136,464: [GC (Allocation Failure)  40028K->19212K(141312K), 0,0086284 secs]
136,505: [GC (Allocation Failure)  45836K->14364K(141312K), 0,0020087 secs]
136,529: [GC (Allocation Failure)  40988K->20212K(140288K), 0,0013242 secs]
136,564: [GC (Allocation Failure)  45812K->14436K(140800K), 0,0016653 secs]
136,590: [GC (Allocation Failure)  40036K->19188K(141312K), 0,0039664 secs]
136,628: [GC (Allocation Failure)  45812K->14340K(141312K), 0,0041535 secs]
136,660: [GC (Allocation Failure)  40964K->20148K(140288K), 0,0044148 secs]
136,698: [GC (Allocation Failure)  45748K->14308K(140800K), 0,0008113 secs]
136,724: [GC (Allocation Failure)  39908K->19124K(141312K), 0,0043690 secs]
136,762: [GC (Allocation Failure)  45748K->14276K(141312K), 0,0009281 secs]
136,787: [GC (Allocation Failure)  40900K->20116K(141312K), 0,0071792 secs]
136,833: [GC (Allocation Failure)  46740K->15268K(141312K), 0,0063687 secs]
136,862: [GC (Allocation Failure)  41892K->21076K(140288K), 0,0096880 secs]
136,903: [GC (Allocation Failure)  46676K->15236K(140800K), 0,0034876 secs]
136,928: [GC (Allocation Failure)  40836K->20052K(140288K), 0,0023366 secs]
136,963: [GC (Allocation Failure)  45652K->14212K(140800K), 0,0006445 secs]
136,984: [GC (Allocation Failure)  39812K->18996K(141312K), 0,0011865 secs]
137,016: [GC (Allocation Failure)  45620K->14180K(141312K), 0,0006421 secs]
137,037: [GC (Allocation Failure)  40804K->19988K(141312K), 0,0020641 secs]
137,072: [GC (Allocation Failure)  46612K->15204K(141312K), 0,0007272 secs]
137,093: [GC (Allocation Failure)  41828K->21012K(140288K), 0,0016651 secs]
137,125: [GC (Allocation Failure)  46612K->15172K(140800K), 0,0015019 secs]
137,147: [GC (Allocation Failure)  40772K->19988K(140288K), 0,0014044 secs]
137,183: [GC (Allocation Failure)  45588K->14116K(140800K), 0,0062275 secs]
137,213: [GC (Allocation Failure)  39716K->18876K(141312K), 0,0033609 secs]
137,251: [GC (Allocation Failure)  45500K->14060K(141312K), 0,0053560 secs]
137,277: [GC (Allocation Failure)  40684K->19932K(141312K), 0,0013469 secs]
137,313: [GC (Allocation Failure)  46556K->15116K(141312K), 0,0012320 secs]
137,337: [GC (Allocation Failure)  41740K->20932K(139776K), 0,0018758 secs]
137,375: [GC (Allocation Failure)  46532K->15060K(140800K), 0,0026274 secs]
137,401: [GC (Allocation Failure)  40660K->19844K(141312K), 0,0039873 secs]
137,441: [GC (Allocation Failure)  46468K->15060K(141312K), 0,0011470 secs]
137,467: [GC (Allocation Failure)  41684K->20868K(140288K), 0,0045564 secs]
137,506: [GC (Allocation Failure)  46468K->15060K(140800K), 0,0037321 secs]
137,534: [GC (Allocation Failure)  40660K->19820K(141312K), 0,0018215 secs]
137,570: [GC (Allocation Failure)  46444K->15004K(141312K), 0,0027574 secs]
137,601: [GC (Allocation Failure)  41628K->20844K(140288K), 0,0091029 secs]
137,643: [GC (Allocation Failure)  46444K->14940K(140800K), 0,0028922 secs]
137,668: [GC (Allocation Failure)  40540K->19764K(141312K), 0,0019035 secs]
137,703: [GC (Allocation Failure)  46388K->14948K(141312K), 0,0011690 secs]
137,728: [GC (Allocation Failure)  41572K->20756K(140288K), 0,0036260 secs]
137,764: [GC (Allocation Failure)  46356K->14916K(140800K), 0,0041372 secs]
137,793: [GC (Allocation Failure)  40516K->19732K(141312K), 0,0054521 secs]
137,831: [GC (Allocation Failure)  46356K->14884K(141312K), 0,0020311 secs]
137,855: [GC (Allocation Failure)  41508K->20724K(141312K), 0,0014744 secs]
137,889: [GC (Allocation Failure)  47348K->15956K(141312K), 0,0008505 secs]
137,912: [GC (Allocation Failure)  42580K->21740K(140288K), 0,0016142 secs]
137,946: [GC (Allocation Failure)  47340K->15932K(140800K), 0,0008785 secs]
137,969: [GC (Allocation Failure)  41532K->20716K(140288K), 0,0016464 secs]
138,004: [GC (Allocation Failure)  46316K->14812K(140800K), 0,0022000 secs]
138,028: [GC (Allocation Failure)  40412K->19628K(141312K), 0,0014879 secs]
138,065: [GC (Allocation Failure)  46252K->14852K(141312K), 0,0025343 secs]
138,096: [GC (Allocation Failure)  41476K->20668K(141312K), 0,0044284 secs]
138,139: [GC (Allocation Failure)  47292K->15820K(141312K), 0,0030906 secs]
138,166: [GC (Allocation Failure)  42444K->21660K(140288K), 0,0026689 secs]
138,203: [GC (Allocation Failure)  47260K->15820K(140800K), 0,0016084 secs]
138,229: [GC (Allocation Failure)  41420K->20604K(140288K), 0,0025906 secs]
138,268: [GC (Allocation Failure)  46204K->14740K(140800K), 0,0024973 secs]
138,298: [GC (Allocation Failure)  40340K->19556K(141312K), 0,0024328 secs]
138,332: [GC (Allocation Failure)  46180K->14740K(141312K), 0,0018497 secs]
138,354: [GC (Allocation Failure)  41364K->20580K(141312K), 0,0012541 secs]
138,387: [GC (Allocation Failure)  47204K->15764K(141312K), 0,0014355 secs]
138,410: [GC (Allocation Failure)  42388K->21580K(140288K), 0,0014489 secs]
138,442: [GC (Allocation Failure)  47180K->15708K(140800K), 0,0014241 secs]
138,465: [GC (Allocation Failure)  41308K->20524K(141312K), 0,0020680 secs]
138,500: [GC (Allocation Failure)  47148K->15708K(141312K), 0,0006975 secs]
138,522: [GC (Allocation Failure)  42332K->21524K(140288K), 0,0015111 secs]
138,556: [GC (Allocation Failure)  47124K->15684K(140800K), 0,0067897 secs]
138,591: [GC (Allocation Failure)  41284K->20436K(141312K), 0,0069546 secs]
138,631: [GC (Allocation Failure)  47060K->15652K(141312K), 0,0043474 secs]
138,657: [GC (Allocation Failure)  42276K->21460K(140288K), 0,0033342 secs]
138,693: [GC (Allocation Failure)  47060K->15628K(140800K), 0,0018340 secs]
138,717: [GC (Allocation Failure)  41228K->20412K(141312K), 0,0020834 secs]
138,751: [GC (Allocation Failure)  47036K->15628K(141312K), 0,0007410 secs]
138,773: [GC (Allocation Failure)  42252K->21244K(141312K), 0,0020658 secs]
138,809: [GC (Allocation Failure)  47868K->16428K(141312K), 0,0042899 secs]
138,836: [GC (Allocation Failure)  43052K->22236K(140288K), 0,0022378 secs]
138,869: [GC (Allocation Failure)  47836K->16396K(140800K), 0,0007981 secs]
138,890: [GC (Allocation Failure)  41996K->21148K(140288K), 0,0021354 secs]
138,926: [GC (Allocation Failure)  46748K->15244K(140800K), 0,0061597 secs]
138,956: [GC (Allocation Failure)  40844K->20060K(141312K), 0,0024006 secs]
138,992: [GC (Allocation Failure)  46172K->14700K(140800K), 0,0014828 secs]
139,018: [GC (Allocation Failure)  40812K->19964K(141312K), 0,0067375 secs]
139,058: [GC (Allocation Failure)  46588K->15148K(141312K), 0,0036618 secs]
139,090: [GC (Allocation Failure)  41772K->21036K(140800K), 0,0054794 secs]
139,128: [GC (Allocation Failure)  47660K->16252K(141312K), 0,0009817 secs]
139,151: [GC (Allocation Failure)  42876K->22060K(139776K), 0,0017770 secs]
139,186: [GC (Allocation Failure)  47660K->16156K(140800K), 0,0047940 secs]
139,213: [GC (Allocation Failure)  41756K->20972K(141312K), 0,0013871 secs]
139,247: [GC (Allocation Failure)  47596K->16156K(141312K), 0,0018902 secs]
139,271: [GC (Allocation Failure)  42780K->22004K(140288K), 0,0015101 secs]
139,305: [GC (Allocation Failure)  47604K->16148K(140800K), 0,0046018 secs]
139,331: [GC (Allocation Failure)  41748K->20964K(141312K), 0,0051628 secs]
139,368: [GC (Allocation Failure)  47588K->16148K(141312K), 0,0007409 secs]
139,391: [GC (Allocation Failure)  42772K->21956K(140288K), 0,0024406 secs]
139,425: [GC (Allocation Failure)  47556K->16116K(140800K), 0,0014796 secs]
139,449: [GC (Allocation Failure)  41716K->20900K(141312K), 0,0020126 secs]
139,483: [GC (Allocation Failure)  47524K->16052K(141312K), 0,0021014 secs]
139,507: [GC (Allocation Failure)  42676K->21956K(140288K), 0,0015005 secs]
139,541: [GC (Allocation Failure)  47556K->16020K(140800K), 0,0006395 secs]
139,563: [GC (Allocation Failure)  41620K->20836K(141312K), 0,0014907 secs]
139,596: [GC (Allocation Failure)  47460K->16052K(141312K), 0,0011967 secs]
139,619: [GC (Allocation Failure)  42676K->21828K(140288K), 0,0028694 secs]
139,655: [GC (Allocation Failure)  47428K->16020K(140800K), 0,0008572 secs]
139,678: [GC (Allocation Failure)  41620K->20772K(141312K), 0,0023863 secs]
139,713: [GC (Allocation Failure)  47396K->15988K(141312K), 0,0015751 secs]
139,737: [GC (Allocation Failure)  42612K->21764K(141312K), 0,0026125 secs]
139,772: [GC (Allocation Failure)  48388K->17012K(141312K), 0,0020254 secs]
139,796: [GC (Allocation Failure)  43636K->22788K(140288K), 0,0027978 secs]
139,832: [GC (Allocation Failure)  48388K->16980K(140800K), 0,0021529 secs]
139,856: [GC (Allocation Failure)  42580K->21764K(140288K), 0,0026260 secs]
139,891: [GC (Allocation Failure)  47364K->15892K(140800K), 0,0039399 secs]
139,917: [GC (Allocation Failure)  41492K->20708K(141312K), 0,0013867 secs]
139,951: [GC (Allocation Failure)  47332K->15892K(141312K), 0,0007998 secs]
139,974: [GC (Allocation Failure)  42516K->21668K(141312K), 0,0027505 secs]
140,010: [GC (Allocation Failure)  48292K->16884K(141312K), 0,0049422 secs]
140,037: [GC (Allocation Failure)  43508K->22700K(140288K), 0,0027312 secs]
140,074: [GC (Allocation Failure)  48300K->16892K(140800K), 0,0068676 secs]
140,106: [GC (Allocation Failure)  42492K->21644K(140288K), 0,0037565 secs]
140,142: [GC (Allocation Failure)  47244K->15804K(140800K), 0,0037061 secs]
140,168: [GC (Allocation Failure)  41404K->20620K(141312K), 0,0049588 secs]
140,206: [GC (Allocation Failure)  47244K->15772K(141312K), 0,0020671 secs]
140,230: [GC (Allocation Failure)  42396K->21580K(141312K), 0,0042734 secs]
140,267: [GC (Allocation Failure)  48204K->16796K(141312K), 0,0014140 secs]
140,290: [GC (Allocation Failure)  43420K->22644K(139776K), 0,0018103 secs]
140,325: [GC (Allocation Failure)  48244K->16804K(140800K), 0,0010094 secs]
140,348: [GC (Allocation Failure)  42404K->21556K(141312K), 0,0048037 secs]
140,386: [GC (Allocation Failure)  48180K->16804K(141312K), 0,0010455 secs]
140,410: [GC (Allocation Failure)  43428K->22548K(140288K), 0,0035712 secs]
140,446: [GC (Allocation Failure)  48148K->16740K(140800K), 0,0026947 secs]
140,471: [GC (Allocation Failure)  42340K->21492K(141312K), 0,0032998 secs]
140,507: [GC (Allocation Failure)  48116K->16740K(141312K), 0,0010561 secs]
140,531: [GC (Allocation Failure)  43364K->22548K(140288K), 0,0019822 secs]
140,565: [GC (Allocation Failure)  48148K->16676K(140800K), 0,0047449 secs]
140,592: [GC (Allocation Failure)  42276K->21460K(141312K), 0,0046065 secs]
140,630: [GC (Allocation Failure)  48084K->16644K(141312K), 0,0032261 secs]
140,655: [GC (Allocation Failure)  43268K->22492K(140288K), 0,0017341 secs]
140,690: [GC (Allocation Failure)  48092K->16652K(140800K), 0,0009324 secs]
140,713: [GC (Allocation Failure)  42252K->21404K(141312K), 0,0037325 secs]
140,750: [GC (Allocation Failure)  48028K->16620K(141312K), 0,0019307 secs]
140,774: [GC (Allocation Failure)  43244K->22436K(141312K), 0,0023544 secs]
140,809: [GC (Allocation Failure)  49060K->17620K(141312K), 0,0042654 secs]
140,835: [GC (Allocation Failure)  44244K->23460K(140288K), 0,0042192 secs]
140,872: [GC (Allocation Failure)  49060K->17620K(140800K), 0,0009788 secs]
140,895: [GC (Allocation Failure)  43220K->22404K(140288K), 0,0027816 secs]
140,931: [GC (Allocation Failure)  48004K->16540K(140800K), 0,0018102 secs]
140,955: [GC (Allocation Failure)  42140K->21356K(141312K), 0,0016676 secs]
140,989: [GC (Allocation Failure)  47468K->16004K(140800K), 0,0019234 secs]
141,013: [GC (Allocation Failure)  42116K->21332K(141312K), 0,0048053 secs]
141,051: [GC (Allocation Failure)  47956K->16516K(141312K), 0,0022873 secs]
141,079: [GC (Allocation Failure)  43140K->22356K(141312K), 0,0033235 secs]
141,116: [GC (Allocation Failure)  48980K->17548K(141312K), 0,0040020 secs]
141,144: [GC (Allocation Failure)  44172K->23324K(139776K), 0,0053407 secs]
141,184: [GC (Allocation Failure)  48924K->17484K(140800K), 0,0031243 secs]
141,212: [GC (Allocation Failure)  43084K->22300K(140288K), 0,0025813 secs]
141,248: [GC (Allocation Failure)  47900K->16428K(140800K), 0,0044405 secs]
141,276: [GC (Allocation Failure)  42028K->21244K(141312K), 0,0023134 secs]
141,312: [GC (Allocation Failure)  47868K->16468K(141312K), 0,0014426 secs]
141,338: [GC (Allocation Failure)  43092K->22244K(141312K), 0,0032816 secs]
141,375: [GC (Allocation Failure)  48868K->17468K(141312K), 0,0016042 secs]
141,401: [GC (Allocation Failure)  44092K->23284K(139776K), 0,0031220 secs]
141,438: [GC (Allocation Failure)  48884K->17444K(140800K), 0,0032614 secs]
141,465: [GC (Allocation Failure)  43044K->22228K(141312K), 0,0023675 secs]
141,501: [GC (Allocation Failure)  48852K->17412K(141312K), 0,0058811 secs]
141,530: [GC (Allocation Failure)  44036K->23228K(140288K), 0,0018322 secs]
141,564: [GC (Allocation Failure)  48828K->17420K(140800K), 0,0027170 secs]
141,595: [GC (Allocation Failure)  43020K->22180K(141312K), 0,0043190 secs]
141,637: [GC (Allocation Failure)  48804K->17372K(141312K), 0,0056609 secs]
141,665: [GC (Allocation Failure)  43996K->23212K(140288K), 0,0016704 secs]
141,700: [GC (Allocation Failure)  48812K->17372K(140800K), 0,0023561 secs]
141,724: [GC (Allocation Failure)  42972K->22156K(141312K), 0,0015612 secs]
141,759: [GC (Allocation Failure)  48780K->17372K(141312K), 0,0008756 secs]
141,782: [GC (Allocation Failure)  43996K->23180K(140288K), 0,0029535 secs]
141,818: [GC (Allocation Failure)  48780K->17308K(140800K), 0,0057792 secs]
141,846: [GC (Allocation Failure)  42908K->22100K(141312K), 0,0015697 secs]
141,881: [GC (Allocation Failure)  48724K->17284K(141312K), 0,0021778 secs]
141,905: [GC (Allocation Failure)  43908K->23092K(141312K), 0,0016553 secs]
141,940: [GC (Allocation Failure)  49716K->18276K(141312K), 0,0080115 secs]
141,970: [GC (Allocation Failure)  44900K->24116K(140288K), 0,0026495 secs]
142,006: [GC (Allocation Failure)  49716K->18276K(140800K), 0,0021850 secs]
142,030: [GC (Allocation Failure)  43876K->23060K(140288K), 0,0028560 secs]
142,066: [GC (Allocation Failure)  48660K->17220K(140800K), 0,0053800 secs]
142,093: [GC (Allocation Failure)  42820K->22044K(141312K), 0,0014565 secs]
142,127: [GC (Allocation Failure)  48156K->16684K(140800K), 0,0019459 secs]
142,151: [GC (Allocation Failure)  42796K->22012K(141312K), 0,0016352 secs]
142,186: [GC (Allocation Failure)  48636K->17164K(141312K), 0,0032714 secs]
142,211: [GC (Allocation Failure)  43788K->22972K(141312K), 0,0028512 secs]
142,247: [GC (Allocation Failure)  49596K->18188K(141312K), 0,0010124 secs]
142,270: [GC (Allocation Failure)  44812K->23996K(139776K), 0,0042107 secs]
142,307: [GC (Allocation Failure)  49596K->18196K(140800K), 0,0043654 secs]
142,333: [GC (Allocation Failure)  43796K->22948K(140288K), 0,0016221 secs]
142,368: [GC (Allocation Failure)  48548K->17108K(140800K), 0,0054159 secs]
142,395: [GC (Allocation Failure)  42708K->21924K(141312K), 0,0014387 secs]
142,429: [GC (Allocation Failure)  48548K->17084K(141312K), 0,0009075 secs]
142,452: [GC (Allocation Failure)  43708K->22892K(141312K), 0,0016335 secs]
142,487: [GC (Allocation Failure)  49516K->18108K(141312K), 0,0008984 secs]
142,510: [GC (Allocation Failure)  44732K->23956K(139776K), 0,0017184 secs]
142,545: [GC (Allocation Failure)  49556K->18084K(140800K), 0,0017994 secs]
142,569: [GC (Allocation Failure)  43684K->22868K(141312K), 0,0015554 secs]
142,604: [GC (Allocation Failure)  49492K->18084K(141312K), 0,0009236 secs]
142,627: [GC (Allocation Failure)  44708K->23900K(140288K), 0,0086512 secs]
142,672: [GC (Allocation Failure)  49500K->18060K(140800K), 0,0017017 secs]
142,699: [GC (Allocation Failure)  43660K->22844K(141312K), 0,0073113 secs]
142,739: [GC (Allocation Failure)  49468K->18060K(141312K), 0,0011865 secs]
142,763: [GC (Allocation Failure)  44684K->23836K(140288K), 0,0050239 secs]
142,799: [GC (Allocation Failure)  49436K->17772K(140800K), 0,0099554 secs]
142,831: [GC (Allocation Failure)  43372K->22596K(141312K), 0,0020271 secs]
142,866: [GC (Allocation Failure)  49220K->17780K(141312K), 0,0016159 secs]
142,888: [GC (Allocation Failure)  44404K->23588K(140288K), 0,0014722 secs]
142,921: [GC (Allocation Failure)  49188K->17716K(140800K), 0,0014536 secs]
142,943: [GC (Allocation Failure)  43316K->22476K(141312K), 0,0019746 secs]
142,977: [GC (Allocation Failure)  49100K->17692K(141312K), 0,0013444 secs]
143,001: [GC (Allocation Failure)  44316K->23500K(141312K), 0,0068937 secs]
143,042: [GC (Allocation Failure)  50124K->18724K(141312K), 0,0012439 secs]
143,069: [GC (Allocation Failure)  45348K->24532K(139776K), 0,0036135 secs]
143,107: [GC (Allocation Failure)  50132K->18692K(140800K), 0,0053685 secs]
143,135: [GC (Allocation Failure)  44292K->23452K(140288K), 0,0024715 secs]
143,170: [GC (Allocation Failure)  49052K->17644K(140800K), 0,0007923 secs]
143,192: [GC (Allocation Failure)  43244K->22428K(141312K), 0,0023212 secs]
143,227: [GC (Allocation Failure)  49052K->17580K(141312K), 0,0016091 secs]
143,252: [GC (Allocation Failure)  44204K->23420K(141312K), 0,0049259 secs]
143,289: [GC (Allocation Failure)  50044K->18636K(141312K), 0,0012116 secs]
143,313: [GC (Allocation Failure)  45260K->24444K(139776K), 0,0045918 secs]
143,350: [GC (Allocation Failure)  50044K->18572K(140800K), 0,0029998 secs]
143,375: [GC (Allocation Failure)  44172K->23388K(141312K), 0,0037595 secs]
143,412: [GC (Allocation Failure)  50012K->18572K(141312K), 0,0028391 secs]
143,438: [GC (Allocation Failure)  45196K->24420K(140288K), 0,0019521 secs]
143,472: [GC (Allocation Failure)  50020K->18548K(140800K), 0,0051115 secs]
143,499: [GC (Allocation Failure)  44148K->23364K(141312K), 0,0034683 secs]
143,536: [GC (Allocation Failure)  49988K->18548K(141312K), 0,0043562 secs]
143,565: [GC (Allocation Failure)  45172K->24388K(140288K), 0,0051560 secs]
143,603: [GC (Allocation Failure)  49988K->18516K(140800K), 0,0037767 secs]
143,632: [GC (Allocation Failure)  44116K->23268K(141312K), 0,0048808 secs]
143,669: [GC (Allocation Failure)  49892K->18484K(141312K), 0,0053326 secs]
143,697: [GC (Allocation Failure)  45108K->24356K(140288K), 0,0030833 secs]
143,733: [GC (Allocation Failure)  49956K->18452K(140800K), 0,0008943 secs]
143,756: [GC (Allocation Failure)  44052K->23236K(141312K), 0,0054282 secs]
143,794: [GC (Allocation Failure)  49860K->18452K(141312K), 0,0009551 secs]
143,817: [GC (Allocation Failure)  45076K->24260K(140288K), 0,0016563 secs]
143,852: [GC (Allocation Failure)  49860K->18428K(140800K), 0,0008809 secs]
143,875: [GC (Allocation Failure)  44028K->23212K(141312K), 0,0016487 secs]
143,910: [GC (Allocation Failure)  49836K->18396K(141312K), 0,0010097 secs]
143,934: [GC (Allocation Failure)  45020K->24204K(141312K), 0,0033631 secs]
143,970: [GC (Allocation Failure)  50828K->19388K(141312K), 0,0012240 secs]
143,994: [GC (Allocation Failure)  46012K->25236K(140288K), 0,0035941 secs]
144,030: [GC (Allocation Failure)  50836K->19428K(140800K), 0,0011332 secs]
144,053: [GC (Allocation Failure)  45028K->24148K(140288K), 0,0037523 secs]
144,090: [GC (Allocation Failure)  49748K->18308K(140800K), 0,0010739 secs]
144,113: [GC (Allocation Failure)  43908K->23124K(141312K), 0,0016217 secs]
144,148: [GC (Allocation Failure)  49748K->18308K(141312K), 0,0033581 secs]
144,174: [GC (Allocation Failure)  44932K->24116K(141312K), 0,0021628 secs]
144,209: [GC (Allocation Failure)  50740K->19332K(141312K), 0,0012362 secs]
144,234: [GC (Allocation Failure)  45956K->25140K(140288K), 0,0027871 secs]
144,269: [GC (Allocation Failure)  50740K->19300K(140800K), 0,0011782 secs]
144,292: [GC (Allocation Failure)  44900K->24052K(140288K), 0,0023137 secs]
144,328: [GC (Allocation Failure)  49652K->18244K(140800K), 0,0010823 secs]
144,351: [GC (Allocation Failure)  43844K->23068K(141312K), 0,0017159 secs]
144,386: [GC (Allocation Failure)  49692K->18220K(141312K), 0,0024153 secs]
144,411: [GC (Allocation Failure)  44844K->24028K(141312K), 0,0032991 secs]
144,447: [GC (Allocation Failure)  50652K->19212K(141312K), 0,0043222 secs]
144,474: [GC (Allocation Failure)  45836K->25052K(140288K), 0,0048391 secs]
144,511: [GC (Allocation Failure)  50652K->19220K(140800K), 0,0025479 secs]
144,536: [GC (Allocation Failure)  44820K->24036K(141312K), 0,0017392 secs]
144,573: [GC (Allocation Failure)  50660K->19188K(141312K), 0,0027380 secs]
144,604: [GC (Allocation Failure)  45812K->25028K(140288K), 0,0046104 secs]
144,646: [GC (Allocation Failure)  50628K->19188K(140800K), 0,0039082 secs]
144,673: [GC (Allocation Failure)  44788K->23940K(141312K), 0,0046687 secs]
144,713: [GC (Allocation Failure)  50564K->19156K(141312K), 0,0016209 secs]
144,740: [GC (Allocation Failure)  45780K->24964K(140288K), 0,0026054 secs]
144,777: [GC (Allocation Failure)  50564K->19132K(140800K), 0,0035621 secs]
144,806: [GC (Allocation Failure)  44732K->23884K(141312K), 0,0041419 secs]
144,843: [GC (Allocation Failure)  50508K->19100K(141312K), 0,0010990 secs]
144,867: [GC (Allocation Failure)  45724K->24948K(140288K), 0,0020458 secs]
144,901: [GC (Allocation Failure)  50548K->19108K(140800K), 0,0027945 secs]
144,926: [GC (Allocation Failure)  44708K->23836K(141312K), 0,0029820 secs]
144,962: [GC (Allocation Failure)  50460K->19052K(141312K), 0,0011341 secs]
144,986: [GC (Allocation Failure)  45676K->24892K(140288K), 0,0020705 secs]
145,020: [GC (Allocation Failure)  50492K->19020K(140800K), 0,0022984 secs]
145,045: [GC (Allocation Failure)  44620K->23844K(141312K), 0,0018326 secs]
145,084: [GC (Allocation Failure)  50468K->18996K(141312K), 0,0026559 secs]
145,115: [GC (Allocation Failure)  45620K->24876K(141312K), 0,0043503 secs]
145,158: [GC (Allocation Failure)  51500K->20028K(141312K), 0,0030488 secs]
145,187: [GC (Allocation Failure)  46652K->25868K(140288K), 0,0030058 secs]
145,223: [GC (Allocation Failure)  51468K->20028K(140800K), 0,0013066 secs]
145,247: [GC (Allocation Failure)  45628K->24812K(140288K), 0,0020232 secs]
145,281: [GC (Allocation Failure)  50412K->18972K(140800K), 0,0011417 secs]
145,305: [GC (Allocation Failure)  44572K->23756K(141312K), 0,0019660 secs]
145,340: [GC (Allocation Failure)  50380K->18940K(141312K), 0,0026847 secs]
145,366: [GC (Allocation Failure)  45564K->24748K(141312K), 0,0051896 secs]
145,404: [GC (Allocation Failure)  51372K->19932K(141312K), 0,0013039 secs]
145,429: [GC (Allocation Failure)  46556K->25772K(140288K), 0,0022912 secs]
145,464: [GC (Allocation Failure)  51372K->19908K(140800K), 0,0057450 secs]
145,492: [GC (Allocation Failure)  45508K->24692K(140288K), 0,0027509 secs]
145,528: [GC (Allocation Failure)  50292K->18852K(140800K), 0,0009194 secs]
145,551: [GC (Allocation Failure)  44452K->23636K(141312K), 0,0014236 secs]
145,585: [GC (Allocation Failure)  50260K->18828K(141312K), 0,0009742 secs]
145,608: [GC (Allocation Failure)  45452K->24644K(141312K), 0,0048990 secs]
145,646: [GC (Allocation Failure)  51268K->19892K(141312K), 0,0017536 secs]
145,670: [GC (Allocation Failure)  46516K->25668K(139776K), 0,0031386 secs]
145,706: [GC (Allocation Failure)  51268K->19828K(140800K), 0,0032805 secs]
145,731: [GC (Allocation Failure)  45428K->24644K(141312K), 0,0028014 secs]
145,767: [GC (Allocation Failure)  51268K->19860K(141312K), 0,0009099 secs]
145,790: [GC (Allocation Failure)  46484K->25636K(140288K), 0,0017536 secs]
145,825: [GC (Allocation Failure)  51236K->19828K(140800K), 0,0009695 secs]
145,848: [GC (Allocation Failure)  45428K->24580K(141312K), 0,0039516 secs]
145,885: [GC (Allocation Failure)  51204K->19764K(141312K), 0,0044874 secs]
145,911: [GC (Allocation Failure)  46388K->25572K(140288K), 0,0052421 secs]
145,949: [GC (Allocation Failure)  51172K->19764K(140800K), 0,0008149 secs]
145,972: [GC (Allocation Failure)  45364K->24548K(141312K), 0,0016631 secs]
146,007: [GC (Allocation Failure)  51172K->19732K(141312K), 0,0009138 secs]
146,030: [GC (Allocation Failure)  46356K->25540K(140288K), 0,0016589 secs]
146,065: [GC (Allocation Failure)  51140K->19708K(140800K), 0,0066626 secs]
146,097: [GC (Allocation Failure)  45308K->24468K(141312K), 0,0046018 secs]
146,134: [GC (Allocation Failure)  51092K->19684K(141312K), 0,0028482 secs]
146,160: [GC (Allocation Failure)  46308K->25500K(141312K), 0,0019686 secs]
146,194: [GC (Allocation Failure)  52124K->20684K(141312K), 0,0062234 secs]
146,227: [GC (Allocation Failure)  47308K->26532K(140288K), 0,0041497 secs]
146,264: [GC (Allocation Failure)  52132K->20692K(140800K), 0,0012284 secs]
146,289: [GC (Allocation Failure)  46292K->25476K(140288K), 0,0046430 secs]
146,326: [GC (Allocation Failure)  51076K->19636K(140800K), 0,0072602 secs]
146,356: [GC (Allocation Failure)  45236K->24452K(141312K), 0,0014602 secs]
146,390: [GC (Allocation Failure)  50564K->19092K(140800K), 0,0009207 secs]
146,413: [GC (Allocation Failure)  45204K->24388K(141312K), 0,0015316 secs]
146,448: [GC (Allocation Failure)  51012K->19572K(141312K), 0,0009333 secs]
146,471: [GC (Allocation Failure)  46196K->25412K(141312K), 0,0016060 secs]
146,506: [GC (Allocation Failure)  52036K->20596K(141312K), 0,0010205 secs]
146,529: [GC (Allocation Failure)  47220K->26412K(139776K), 0,0017845 secs]
146,569: [GC (Allocation Failure)  52012K->20572K(140800K), 0,0028982 secs]
146,599: [GC (Allocation Failure)  46172K->25356K(140288K), 0,0085611 secs]
146,643: [GC (Allocation Failure)  50956K->19516K(140800K), 0,0018418 secs]
146,667: [GC (Allocation Failure)  45116K->24276K(141312K), 0,0045506 secs]
146,705: [GC (Allocation Failure)  50900K->19492K(141312K), 0,0020996 secs]
146,729: [GC (Allocation Failure)  46116K->25308K(141312K), 0,0028117 secs]
146,765: [GC (Allocation Failure)  51932K->20468K(141312K), 0,0022771 secs]
146,789: [GC (Allocation Failure)  47092K->26156K(140800K), 0,0021972 secs]
146,823: [GC (Allocation Failure)  52780K->21372K(141312K), 0,0015241 secs]
146,845: [GC (Allocation Failure)  47996K->27180K(140288K), 0,0014788 secs]
146,877: [GC (Allocation Failure)  52780K->21276K(140800K), 0,0027201 secs]
146,900: [GC (Allocation Failure)  46876K->26068K(140288K), 0,0014171 secs]
146,934: [GC (Allocation Failure)  51668K->20196K(140800K), 0,0020522 secs]
146,958: [GC (Allocation Failure)  45796K->24948K(141312K), 0,0012994 secs]
146,990: [GC (Allocation Failure)  51060K->19668K(140800K), 0,0070891 secs]
147,026: [GC (Allocation Failure)  45780K->24844K(141312K), 0,0049433 secs]
147,068: [GC (Allocation Failure)  51468K->20060K(141312K), 0,0047696 secs]
147,096: [GC (Allocation Failure)  46684K->25868K(141312K), 0,0018444 secs]
147,131: [GC (Allocation Failure)  52492K->21060K(141312K), 0,0010358 secs]
147,154: [GC (Allocation Failure)  47684K->26844K(140288K), 0,0018272 secs]
147,189: [GC (Allocation Failure)  52444K->21004K(140800K), 0,0009475 secs]
147,212: [GC (Allocation Failure)  46604K->25692K(140288K), 0,0015539 secs]
147,247: [GC (Allocation Failure)  51292K->19852K(140800K), 0,0012095 secs]
147,270: [GC (Allocation Failure)  45452K->24604K(141312K), 0,0022729 secs]
147,305: [GC (Allocation Failure)  51228K->19788K(141312K), 0,0022731 secs]
147,329: [GC (Allocation Failure)  46412K->25636K(141312K), 0,0028853 secs]
147,365: [GC (Allocation Failure)  52260K->20852K(141312K), 0,0010123 secs]
147,392: [GC (Allocation Failure)  47476K->26660K(139776K), 0,0046582 secs]
147,434: [GC (Allocation Failure)  52260K->20788K(140800K), 0,0031095 secs]
147,465: [GC (Allocation Failure)  46388K->25604K(141312K), 0,0047330 secs]
147,507: [GC (Allocation Failure)  52228K->20788K(141312K), 0,0027219 secs]
147,534: [GC (Allocation Failure)  47412K->26596K(140288K), 0,0051343 secs]
147,574: [GC (Allocation Failure)  52196K->20756K(140800K), 0,0067944 secs]
147,606: [GC (Allocation Failure)  46356K->25508K(141312K), 0,0024612 secs]
147,642: [GC (Allocation Failure)  52132K->20756K(141312K), 0,0047901 secs]
147,670: [GC (Allocation Failure)  47380K->26532K(140288K), 0,0037770 secs]
147,706: [GC (Allocation Failure)  52132K->20724K(140800K), 0,0012665 secs]
147,730: [GC (Allocation Failure)  46324K->25508K(141312K), 0,0029407 secs]
147,766: [GC (Allocation Failure)  52132K->20700K(141312K), 0,0034116 secs]
147,794: [GC (Allocation Failure)  47324K->26516K(141312K), 0,0038254 secs]
147,833: [GC (Allocation Failure)  53140K->21700K(141312K), 0,0078010 secs]
147,863: [GC (Allocation Failure)  48324K->27540K(140288K), 0,0039341 secs]
147,898: [GC (Allocation Failure)  53140K->21700K(140800K), 0,0034204 secs]
147,926: [GC (Allocation Failure)  47300K->26492K(140288K), 0,0030142 secs]
147,961: [GC (Allocation Failure)  52092K->20652K(140800K), 0,0015010 secs]
147,987: [GC (Allocation Failure)  46252K->25412K(141312K), 0,0051120 secs]
148,030: [GC (Allocation Failure)  51524K->20092K(140800K), 0,0067963 secs]
148,065: [GC (Allocation Failure)  46204K->25420K(141312K), 0,0055576 secs]
148,108: [GC (Allocation Failure)  52044K->20604K(141312K), 0,0058270 secs]
148,139: [GC (Allocation Failure)  47228K->26412K(141312K), 0,0026829 secs]
148,176: [GC (Allocation Failure)  53036K->21628K(141312K), 0,0010041 secs]
148,198: [GC (Allocation Failure)  48252K->27436K(140288K), 0,0026535 secs]
148,236: [GC (Allocation Failure)  53036K->21596K(140800K), 0,0045557 secs]
148,263: [GC (Allocation Failure)  47196K->26348K(140288K), 0,0029830 secs]
148,298: [GC (Allocation Failure)  51948K->20508K(140800K), 0,0008064 secs]
148,321: [GC (Allocation Failure)  46108K->25324K(141312K), 0,0013645 secs]
148,355: [GC (Allocation Failure)  51948K->20476K(141312K), 0,0007638 secs]
148,378: [GC (Allocation Failure)  47100K->26324K(141312K), 0,0015306 secs]
148,412: [GC (Allocation Failure)  52948K->21572K(141312K), 0,0008488 secs]
148,439: [GC (Allocation Failure)  48196K->27348K(139776K), 0,0070100 secs]
148,483: [GC (Allocation Failure)  52948K->21508K(140800K), 0,0025092 secs]
148,510: [GC (Allocation Failure)  47108K->26292K(141312K), 0,0053860 secs]
148,548: [GC (Allocation Failure)  52916K->21476K(141312K), 0,0011144 secs]
148,571: [GC (Allocation Failure)  48100K->27292K(140288K), 0,0023136 secs]
148,608: [GC (Allocation Failure)  52892K->21452K(140800K), 0,0030306 secs]
148,639: [GC (Allocation Failure)  47052K->26268K(141312K), 0,0042767 secs]
148,681: [GC (Allocation Failure)  52892K->21484K(141312K), 0,0031300 secs]
148,710: [GC (Allocation Failure)  48108K->27228K(140288K), 0,0024349 secs]
148,745: [GC (Allocation Failure)  52828K->21452K(140800K), 0,0006671 secs]
148,771: [GC (Allocation Failure)  47052K->26204K(141312K), 0,0050722 secs]
148,810: [GC (Allocation Failure)  52828K->21388K(141312K), 0,0011403 secs]
148,833: [GC (Allocation Failure)  48012K->27196K(140288K), 0,0028044 secs]
148,869: [GC (Allocation Failure)  52796K->21364K(140800K), 0,0018763 secs]
148,892: [GC (Allocation Failure)  46964K->26148K(141312K), 0,0014749 secs]
148,926: [GC (Allocation Failure)  52772K->21332K(141312K), 0,0007366 secs]
148,949: [GC (Allocation Failure)  47956K->27140K(140288K), 0,0036816 secs]
148,985: [GC (Allocation Failure)  52740K->21300K(140800K), 0,0017493 secs]
149,009: [GC (Allocation Failure)  46900K->26084K(141312K), 0,0048463 secs]
149,047: [GC (Allocation Failure)  52708K->21268K(141312K), 0,0017161 secs]
149,071: [GC (Allocation Failure)  47892K->27140K(141312K), 0,0016957 secs]
149,106: [GC (Allocation Failure)  53764K->22292K(141312K), 0,0069452 secs]
149,139: [GC (Allocation Failure)  48916K->28140K(140288K), 0,0122848 secs]
149,184: [GC (Allocation Failure)  53740K->22300K(140800K), 0,0008797 secs]
149,206: [GC (Allocation Failure)  47900K->27092K(140288K), 0,0021437 secs]
149,246: [GC (Allocation Failure)  52692K->21252K(140800K), 0,0054375 secs]
149,280: [GC (Allocation Failure)  46852K->26004K(141312K), 0,0029085 secs]
149,317: [GC (Allocation Failure)  52628K->21220K(141312K), 0,0016037 secs]
149,343: [GC (Allocation Failure)  47844K->27028K(141312K), 0,0027088 secs]
149,379: [GC (Allocation Failure)  53652K->22212K(141312K), 0,0018778 secs]
149,406: [GC (Allocation Failure)  48836K->28084K(140288K), 0,0028544 secs]
149,446: [GC (Allocation Failure)  53684K->22212K(140800K), 0,0017153 secs]
149,472: [GC (Allocation Failure)  47812K->26964K(140288K), 0,0019650 secs]
149,506: [GC (Allocation Failure)  52564K->21124K(140800K), 0,0027186 secs]
149,537: [GC (Allocation Failure)  46724K->25908K(141312K), 0,0065038 secs]
149,580: [GC (Allocation Failure)  52532K->21092K(141312K), 0,0013712 secs]
149,605: [GC (Allocation Failure)  47716K->26932K(141312K), 0,0042278 secs]
149,642: [GC (Allocation Failure)  53556K->22116K(141312K), 0,0030440 secs]
149,669: [GC (Allocation Failure)  48740K->27964K(140288K), 0,0031088 secs]
149,705: [GC (Allocation Failure)  53564K->22092K(140800K), 0,0019750 secs]
149,731: [GC (Allocation Failure)  47692K->26876K(141312K), 0,0048634 secs]
149,769: [GC (Allocation Failure)  53500K->22068K(141312K), 0,0068108 secs]
149,801: [GC (Allocation Failure)  48692K->27908K(140288K), 0,0030394 secs]
149,839: [GC (Allocation Failure)  53508K->22068K(140800K), 0,0066720 secs]
149,871: [GC (Allocation Failure)  47668K->26820K(141312K), 0,0049807 secs]
149,912: [GC (Allocation Failure)  53444K->22036K(141312K), 0,0028079 secs]
149,943: [GC (Allocation Failure)  48660K->27844K(140288K), 0,0044272 secs]
149,985: [GC (Allocation Failure)  53444K->22004K(140800K), 0,0033510 secs]
150,011: [GC (Allocation Failure)  47604K->26796K(141312K), 0,0016743 secs]
150,049: [GC (Allocation Failure)  53420K->21988K(141312K), 0,0022746 secs]
150,075: [GC (Allocation Failure)  48612K->27828K(140288K), 0,0025803 secs]
150,110: [GC (Allocation Failure)  53428K->21988K(140800K), 0,0008817 secs]
150,133: [GC (Allocation Failure)  47588K->26772K(141312K), 0,0015722 secs]
150,171: [GC (Allocation Failure)  53396K->21924K(141312K), 0,0072758 secs]
150,201: [GC (Allocation Failure)  48548K->27764K(140288K), 0,0014282 secs]
150,233: [GC (Allocation Failure)  53364K->21924K(140800K), 0,0013835 secs]
150,258: [GC (Allocation Failure)  47524K->26708K(141312K), 0,0036001 secs]
150,298: [GC (Allocation Failure)  53332K->21948K(141312K), 0,0028868 secs]
150,329: [GC (Allocation Failure)  48572K->27724K(141312K), 0,0043918 secs]
150,372: [GC (Allocation Failure)  54348K->22988K(141312K), 0,0060464 secs]
150,402: [GC (Allocation Failure)  49612K->28796K(140288K), 0,0018649 secs]
150,436: [GC (Allocation Failure)  54396K->22924K(140800K), 0,0010724 secs]
150,463: [GC (Allocation Failure)  48524K->27708K(140288K), 0,0037925 secs]
150,501: [GC (Allocation Failure)  53308K->21836K(140800K), 0,0015791 secs]
150,526: [GC (Allocation Failure)  47436K->26684K(141312K), 0,0023723 secs]
150,562: [GC (Allocation Failure)  53308K->21804K(141312K), 0,0035203 secs]
150,588: [GC (Allocation Failure)  48428K->27676K(141312K), 0,0058621 secs]
150,627: [GC (Allocation Failure)  54300K->22860K(141312K), 0,0039511 secs]
150,653: [GC (Allocation Failure)  49484K->28668K(140288K), 0,0028491 secs]
150,691: [GC (Allocation Failure)  54268K->22860K(140800K), 0,0012995 secs]
150,716: [GC (Allocation Failure)  48460K->27612K(140288K), 0,0020958 secs]
150,752: [GC (Allocation Failure)  53212K->21772K(140800K), 0,0017044 secs]
150,776: [GC (Allocation Failure)  47372K->26364K(141312K), 0,0058794 secs]
150,813: [GC (Allocation Failure)  52988K->21620K(141312K), 0,0040592 secs]
150,839: [GC (Allocation Failure)  48244K->27364K(141312K), 0,0023863 secs]
150,873: [GC (Allocation Failure)  53988K->22548K(141312K), 0,0015254 secs]
150,896: [GC (Allocation Failure)  49172K->28324K(140800K), 0,0033915 secs]
150,931: [GC (Allocation Failure)  54948K->23508K(141312K), 0,0042821 secs]
150,957: [GC (Allocation Failure)  50132K->29316K(139776K), 0,0014754 secs]
150,989: [GC (Allocation Failure)  54916K->23540K(140800K), 0,0008670 secs]
151,015: [GC (Allocation Failure)  49140K->28292K(140288K), 0,0044254 secs]
151,057: [GC (Allocation Failure)  53892K->22452K(140800K), 0,0043317 secs]
151,084: [GC (Allocation Failure)  48052K->27268K(141312K), 0,0060797 secs]
151,123: [GC (Allocation Failure)  53892K->22452K(141312K), 0,0007481 secs]
151,145: [GC (Allocation Failure)  49076K->28228K(140288K), 0,0070578 secs]
151,183: [GC (Allocation Failure)  53828K->22420K(140800K), 0,0016328 secs]
151,205: [GC (Allocation Failure)  48020K->27172K(141312K), 0,0033615 secs]
151,240: [GC (Allocation Failure)  53796K->22388K(141312K), 0,0007923 secs]
151,262: [GC (Allocation Failure)  49012K->28164K(141312K), 0,0023181 secs]
151,297: [GC (Allocation Failure)  54788K->23380K(141312K), 0,0041073 secs]
151,322: [GC (Allocation Failure)  50004K->29228K(140288K), 0,0014983 secs]
151,355: [GC (Allocation Failure)  54828K->23420K(140800K), 0,0008132 secs]
151,376: [GC (Allocation Failure)  49020K->28140K(140288K), 0,0021511 secs]
151,411: [GC (Allocation Failure)  53740K->22300K(140800K), 0,0018734 secs]
151,437: [GC (Allocation Failure)  47900K->27092K(141312K), 0,0046879 secs]
151,479: [GC (Allocation Failure)  53716K->22316K(141312K), 0,0025810 secs]
151,510: [GC (Allocation Failure)  48940K->28092K(141312K), 0,0046158 secs]
151,550: [GC (Allocation Failure)  54716K->23308K(141312K), 0,0040282 secs]
151,579: [GC (Allocation Failure)  49932K->29148K(140288K), 0,0022284 secs]
151,617: [GC (Allocation Failure)  54748K->23276K(140800K), 0,0047490 secs]
151,649: [GC (Allocation Failure)  48876K->28060K(141312K), 0,0035537 secs]
151,687: [GC (Allocation Failure)  54684K->23244K(141312K), 0,0045291 secs]
151,716: [GC (Allocation Failure)  49868K->29084K(140288K), 0,0027280 secs]
151,754: [GC (Allocation Failure)  54684K->23244K(140800K), 0,0032711 secs]
151,783: [GC (Allocation Failure)  48844K->28036K(140288K), 0,0029225 secs]
151,823: [GC (Allocation Failure)  53636K->22204K(140800K), 0,0044710 secs]
151,850: [GC (Allocation Failure)  47804K->26988K(141312K), 0,0027489 secs]
151,885: [GC (Allocation Failure)  53612K->22172K(141312K), 0,0009977 secs]
151,912: [GC (Allocation Failure)  48796K->28012K(141312K), 0,0032450 secs]
151,952: [GC (Allocation Failure)  54636K->23164K(141312K), 0,0020623 secs]
151,979: [GC (Allocation Failure)  49788K->28972K(140800K), 0,0051025 secs]
152,020: [GC (Allocation Failure)  55596K->24220K(141312K), 0,0059722 secs]
152,048: [GC (Allocation Failure)  50844K->29996K(139776K), 0,0027232 secs]
152,084: [GC (Allocation Failure)  55596K->24188K(140800K), 0,0009903 secs]
152,111: [GC (Allocation Failure)  49788K->28980K(140288K), 0,0038263 secs]
152,149: [GC (Allocation Failure)  54580K->23140K(140800K), 0,0015849 secs]
152,175: [GC (Allocation Failure)  48740K->27932K(140800K), 0,0024887 secs]
152,211: [GC (Allocation Failure)  53532K->22068K(140800K), 0,0015435 secs]
152,237: [GC (Allocation Failure)  47668K->26820K(141312K), 0,0069213 secs]
152,277: [GC (Allocation Failure)  53444K->22076K(141312K), 0,0012777 secs]
152,300: [GC (Allocation Failure)  48700K->27852K(140800K), 0,0026850 secs]
152,335: [GC (Allocation Failure)  54476K->23036K(141312K), 0,0008006 secs]
152,360: [GC (Allocation Failure)  49660K->28908K(140800K), 0,0049700 secs]
152,403: [GC (Allocation Failure)  55532K->24060K(141312K), 0,0031615 secs]
152,431: [GC (Allocation Failure)  50684K->29868K(139776K), 0,0031599 secs]
152,467: [GC (Allocation Failure)  55468K->24060K(140800K), 0,0033349 secs]
152,499: [GC (Allocation Failure)  49660K->28812K(140288K), 0,0053616 secs]
152,541: [GC (Allocation Failure)  54412K->23004K(140800K), 0,0059291 secs]
152,575: [GC (Allocation Failure)  48604K->27756K(141312K), 0,0023438 secs]
152,613: [GC (Allocation Failure)  54380K->22972K(141312K), 0,0012835 secs]
152,639: [GC (Allocation Failure)  49596K->28812K(141312K), 0,0046838 secs]
152,681: [GC (Allocation Failure)  55436K->23996K(141312K), 0,0034082 secs]
152,709: [GC (Allocation Failure)  50620K->29812K(139776K), 0,0020492 secs]
152,747: [GC (Allocation Failure)  55412K->24004K(140800K), 0,0023129 secs]
152,772: [GC (Allocation Failure)  49604K->28724K(141312K), 0,0057367 secs]
152,811: [GC (Allocation Failure)  55348K->23980K(141312K), 0,0119140 secs]
152,847: [GC (Allocation Failure)  50604K->29756K(140288K), 0,0027423 secs]
152,883: [GC (Allocation Failure)  55356K->23924K(140800K), 0,0029572 secs]
152,909: [GC (Allocation Failure)  49524K->28708K(140288K), 0,0020872 secs]
152,943: [GC (Allocation Failure)  54308K->22868K(140800K), 0,0023285 secs]
152,968: [GC (Allocation Failure)  48468K->27652K(141312K), 0,0035817 secs]
153,005: [GC (Allocation Failure)  54276K->22836K(141312K), 0,0046072 secs]
153,033: [GC (Allocation Failure)  49460K->28676K(141312K), 0,0037407 secs]
153,069: [GC (Allocation Failure)  55300K->23860K(141312K), 0,0012790 secs]
153,094: [GC (Allocation Failure)  50484K->29668K(139776K), 0,0021158 secs]
153,128: [GC (Allocation Failure)  55268K->23828K(140800K), 0,0056790 secs]
153,157: [GC (Allocation Failure)  49428K->28612K(141312K), 0,0037113 secs]
153,193: [GC (Allocation Failure)  55236K->23764K(141312K), 0,0017262 secs]
153,218: [GC (Allocation Failure)  50388K->29604K(140288K), 0,0023043 secs]
153,253: [GC (Allocation Failure)  55204K->23796K(140800K), 0,0018486 secs]
153,278: [GC (Allocation Failure)  49396K->28548K(141312K), 0,0020047 secs]
153,312: [GC (Allocation Failure)  55172K->23796K(141312K), 0,0012318 secs]
153,337: [GC (Allocation Failure)  50420K->29580K(140288K), 0,0021315 secs]
153,371: [GC (Allocation Failure)  55180K->23740K(140800K), 0,0012712 secs]
153,396: [GC (Allocation Failure)  49340K->28524K(141312K), 0,0018872 secs]
153,430: [GC (Allocation Failure)  55148K->23676K(141312K), 0,0030682 secs]
153,457: [GC (Allocation Failure)  50300K->29516K(141312K), 0,0021576 secs]
153,492: [GC (Allocation Failure)  56140K->24732K(141312K), 0,0013380 secs]
153,517: [GC (Allocation Failure)  51356K->30516K(140288K), 0,0021953 secs]
153,552: [GC (Allocation Failure)  56116K->24740K(140800K), 0,0013709 secs]
153,580: [GC (Allocation Failure)  50340K->29492K(140288K), 0,0041463 secs]
153,619: [GC (Allocation Failure)  55092K->23652K(140800K), 0,0020552 secs]
153,645: [GC (Allocation Failure)  49252K->28404K(141312K), 0,0024703 secs]
153,681: [GC (Allocation Failure)  55028K->23588K(141312K), 0,0045604 secs]
153,710: [GC (Allocation Failure)  50212K->29436K(141312K), 0,0034361 secs]
153,748: [GC (Allocation Failure)  56060K->24628K(141312K), 0,0039872 secs]
153,776: [GC (Allocation Failure)  51252K->30476K(140288K), 0,0021253 secs]
153,810: [GC (Allocation Failure)  56076K->24636K(140800K), 0,0012431 secs]
153,838: [GC (Allocation Failure)  50236K->29420K(140288K), 0,0042312 secs]
153,877: [GC (Allocation Failure)  55020K->23548K(140800K), 0,0038977 secs]
153,906: [GC (Allocation Failure)  49148K->28364K(141312K), 0,0023718 secs]
153,943: [GC (Allocation Failure)  54988K->23548K(141312K), 0,0014736 secs]
153,968: [GC (Allocation Failure)  50172K->29356K(141312K), 0,0025218 secs]
154,005: [GC (Allocation Failure)  55980K->24572K(141312K), 0,0016844 secs]
154,030: [GC (Allocation Failure)  51196K->30348K(140288K), 0,0034469 secs]
154,066: [GC (Allocation Failure)  55948K->24508K(140800K), 0,0054168 secs]
154,093: [GC (Allocation Failure)  50108K->29324K(141312K), 0,0014850 secs]
154,127: [GC (Allocation Failure)  55948K->24508K(141312K), 0,0021701 secs]
154,151: [GC (Allocation Failure)  51132K->30324K(140288K), 0,0015696 secs]
154,185: [GC (Allocation Failure)  55924K->24484K(140800K), 0,0028313 secs]
154,216: [GC (Allocation Failure)  50084K->29268K(141312K), 0,0037561 secs]
154,254: [GC (Allocation Failure)  55892K->24452K(141312K), 0,0028706 secs]
154,279: [GC (Allocation Failure)  51076K->30260K(140288K), 0,0046633 secs]
154,319: [GC (Allocation Failure)  55860K->24452K(140800K), 0,0015679 secs]
154,345: [GC (Allocation Failure)  50052K->29204K(141312K), 0,0024228 secs]
154,380: [GC (Allocation Failure)  55828K->24388K(141312K), 0,0016567 secs]
154,406: [GC (Allocation Failure)  51012K->30260K(140288K), 0,0030415 secs]
154,442: [GC (Allocation Failure)  55860K->24356K(140800K), 0,0016019 secs]
154,468: [GC (Allocation Failure)  49956K->29220K(141312K), 0,0042922 secs]
154,510: [GC (Allocation Failure)  55844K->24372K(141312K), 0,0044940 secs]
154,543: [GC (Allocation Failure)  50996K->30180K(140288K), 0,0029760 secs]
154,580: [GC (Allocation Failure)  55780K->24404K(140800K), 0,0012432 secs]
154,604: [GC (Allocation Failure)  50004K->29132K(141312K), 0,0019352 secs]
154,639: [GC (Allocation Failure)  55756K->24348K(141312K), 0,0013939 secs]
154,664: [GC (Allocation Failure)  50972K->30164K(141312K), 0,0037812 secs]
154,700: [GC (Allocation Failure)  56788K->25348K(141312K), 0,0014050 secs]
154,725: [GC (Allocation Failure)  51972K->31188K(140288K), 0,0028393 secs]
154,762: [GC (Allocation Failure)  56788K->25284K(140800K), 0,0061808 secs]
154,791: [GC (Allocation Failure)  50884K->29908K(140288K), 0,0024508 secs]
154,826: [GC (Allocation Failure)  55508K->24084K(140800K), 0,0006228 secs]
154,852: [GC (Allocation Failure)  49684K->28900K(141312K), 0,0040119 secs]
154,890: [GC (Allocation Failure)  55524K->24020K(141312K), 0,0046165 secs]
154,917: [GC (Allocation Failure)  50644K->29828K(141312K), 0,0028756 secs]
154,953: [GC (Allocation Failure)  56452K->25044K(141312K), 0,0009638 secs]
154,976: [GC (Allocation Failure)  51668K->30884K(140288K), 0,0017745 secs]
155,011: [GC (Allocation Failure)  56484K->25044K(140800K), 0,0021936 secs]
155,036: [GC (Allocation Failure)  50644K->29828K(141312K), 0,0018209 secs]
155,075: [GC (Allocation Failure)  56452K->25012K(141312K), 0,0030179 secs]
155,105: [GC (Allocation Failure)  51636K->30860K(140288K), 0,0026981 secs]
155,141: [GC (Allocation Failure)  56460K->24988K(140800K), 0,0029706 secs]
155,166: [GC (Allocation Failure)  50588K->29772K(141312K), 0,0018816 secs]
155,201: [GC (Allocation Failure)  56396K->24956K(141312K), 0,0028223 secs]
155,226: [GC (Allocation Failure)  51580K->30804K(140288K), 0,0017619 secs]
155,261: [GC (Allocation Failure)  56404K->24932K(140800K), 0,0020883 secs]
155,285: [GC (Allocation Failure)  50532K->29716K(141312K), 0,0027969 secs]
155,321: [GC (Allocation Failure)  56340K->24972K(141312K), 0,0009868 secs]
155,344: [GC (Allocation Failure)  51596K->30788K(140288K), 0,0017555 secs]
155,379: [GC (Allocation Failure)  56388K->24916K(140800K), 0,0023427 secs]
155,403: [GC (Allocation Failure)  50516K->29700K(141312K), 0,0016531 secs]
155,438: [GC (Allocation Failure)  56324K->24916K(141312K), 0,0009228 secs]
155,465: [GC (Allocation Failure)  51540K->30692K(140288K), 0,0049721 secs]
155,507: [GC (Allocation Failure)  56292K->24884K(140800K), 0,0027889 secs]
155,538: [GC (Allocation Failure)  50484K->29676K(141312K), 0,0044955 secs]
155,579: [GC (Allocation Failure)  56300K->24892K(141312K), 0,0028672 secs]
155,608: [GC (Allocation Failure)  51516K->30668K(141312K), 0,0027006 secs]
155,645: [GC (Allocation Failure)  57292K->25860K(141312K), 0,0017330 secs]
155,672: [GC (Allocation Failure)  52484K->31700K(140288K), 0,0028529 secs]
155,710: [GC (Allocation Failure)  57300K->25828K(140800K), 0,0041503 secs]
155,739: [GC (Allocation Failure)  51428K->30612K(140288K), 0,0063272 secs]
155,778: [GC (Allocation Failure)  56212K->24772K(140800K), 0,0018351 secs]
155,802: [GC (Allocation Failure)  50372K->29556K(141312K), 0,0044931 secs]
155,840: [GC (Allocation Failure)  56180K->24772K(141312K), 0,0043313 secs]
155,867: [GC (Allocation Failure)  51396K->30620K(141312K), 0,0019686 secs]
155,906: [GC (Allocation Failure)  57244K->25812K(141312K), 0,0025809 secs]
155,933: [GC (Allocation Failure)  52436K->31588K(140288K), 0,0053779 secs]
155,974: [GC (Allocation Failure)  57188K->25780K(140800K), 0,0017420 secs]
156,001: [GC (Allocation Failure)  51380K->30532K(140288K), 0,0037725 secs]
156,037: [GC (Allocation Failure)  56132K->24692K(140800K), 0,0011091 secs]
156,060: [GC (Allocation Failure)  50292K->29476K(141312K), 0,0019074 secs]
156,095: [GC (Allocation Failure)  56100K->24660K(141312K), 0,0036766 secs]
156,121: [GC (Allocation Failure)  51284K->30508K(141312K), 0,0034403 secs]
156,158: [GC (Allocation Failure)  57132K->25700K(141312K), 0,0011821 secs]
156,183: [GC (Allocation Failure)  52324K->31516K(139776K), 0,0020614 secs]
156,217: [GC (Allocation Failure)  57116K->25676K(140800K), 0,0011524 secs]
156,242: [GC (Allocation Failure)  51276K->30460K(141312K), 0,0034016 secs]
156,278: [GC (Allocation Failure)  57084K->25676K(141312K), 0,0012297 secs]
156,303: [GC (Allocation Failure)  52300K->31452K(140288K), 0,0024645 secs]
156,338: [GC (Allocation Failure)  57052K->25644K(140800K), 0,0027041 secs]
156,363: [GC (Allocation Failure)  51244K->30436K(141312K), 0,0020985 secs]
156,398: [GC (Allocation Failure)  57060K->25588K(141312K), 0,0027494 secs]
156,424: [GC (Allocation Failure)  52212K->31428K(140288K), 0,0022682 secs]
156,459: [GC (Allocation Failure)  57028K->25588K(140800K), 0,0021921 secs]
156,484: [GC (Allocation Failure)  51188K->30372K(141312K), 0,0019013 secs]
156,519: [GC (Allocation Failure)  56996K->25596K(141312K), 0,0011377 secs]
156,543: [GC (Allocation Failure)  52220K->31380K(140288K), 0,0019944 secs]
156,579: [GC (Allocation Failure)  56980K->25572K(140800K), 0,0028138 secs]
156,610: [GC (Allocation Failure)  51172K->30356K(141312K), 0,0041817 secs]
156,649: [GC (Allocation Failure)  56980K->25508K(141312K), 0,0028221 secs]
156,674: [GC (Allocation Failure)  52132K->31348K(141312K), 0,0015501 secs]
156,708: [GC (Allocation Failure)  57972K->26532K(141312K), 0,0019139 secs]
156,732: [GC (Allocation Failure)  53156K->32372K(140288K), 0,0016745 secs]
156,766: [GC (Allocation Failure)  57972K->26532K(140800K), 0,0040146 secs]
156,796: [GC (Allocation Failure)  52132K->31356K(140288K), 0,0045338 secs]
156,838: [GC (Allocation Failure)  56956K->25484K(140800K), 0,0026294 secs]
156,869: [GC (Allocation Failure)  51084K->30244K(141312K), 0,0046706 secs]
156,906: [GC (Allocation Failure)  56356K->24916K(140800K), 0,0011203 secs]
156,929: [GC (Allocation Failure)  51028K->30212K(141312K), 0,0034741 secs]
156,966: [GC (Allocation Failure)  56836K->25428K(141312K), 0,0010828 secs]
156,990: [GC (Allocation Failure)  52052K->31204K(141312K), 0,0035240 secs]
157,026: [GC (Allocation Failure)  57828K->26452K(141312K), 0,0012733 secs]
157,051: [GC (Allocation Failure)  53076K->32260K(139776K), 0,0037127 secs]
157,091: [GC (Allocation Failure)  57860K->26420K(140800K), 0,0026323 secs]
157,117: [GC (Allocation Failure)  52020K->31204K(141312K), 0,0022575 secs]
157,152: [GC (Allocation Failure)  57828K->26356K(141312K), 0,0009479 secs]
157,175: [GC (Allocation Failure)  52980K->32172K(140288K), 0,0025000 secs]
157,210: [GC (Allocation Failure)  57772K->26412K(140800K), 0,0015713 secs]
157,233: [GC (Allocation Failure)  52012K->31164K(140288K), 0,0023140 secs]
157,272: [GC (Allocation Failure)  56764K->25332K(140800K), 0,0026348 secs]
157,299: [GC (Allocation Failure)  50932K->30116K(141312K), 0,0036140 secs]
157,339: [GC (Allocation Failure)  56740K->25300K(141312K), 0,0015424 secs]
157,365: [GC (Allocation Failure)  51924K->31140K(141312K), 0,0033408 secs]
157,401: [GC (Allocation Failure)  57764K->26324K(141312K), 0,0027841 secs]
157,427: [GC (Allocation Failure)  52948K->32100K(139776K), 0,0053145 secs]
157,464: [GC (Allocation Failure)  57700K->26332K(140800K), 0,0009334 secs]
157,487: [GC (Allocation Failure)  51932K->31092K(141312K), 0,0016193 secs]
157,522: [GC (Allocation Failure)  57716K->26308K(141312K), 0,0009710 secs]
157,545: [GC (Allocation Failure)  52932K->32084K(140288K), 0,0016857 secs]
157,584: [GC (Allocation Failure)  57684K->26276K(140800K), 0,0028157 secs]
157,613: [GC (Allocation Failure)  51876K->31004K(141312K), 0,0042386 secs]
157,650: [GC (Allocation Failure)  57628K->26220K(141312K), 0,0030085 secs]
157,676: [GC (Allocation Failure)  52844K->32028K(141312K), 0,0020428 secs]
157,710: [GC (Allocation Failure)  58652K->27276K(141312K), 0,0012270 secs]
157,734: [GC (Allocation Failure)  53900K->33084K(140288K), 0,0023188 secs]
157,769: [GC (Allocation Failure)  58684K->27212K(140800K), 0,0042508 secs]
157,797: [GC (Allocation Failure)  52812K->31996K(140288K), 0,0035997 secs]
157,833: [GC (Allocation Failure)  57596K->26188K(140800K), 0,0026931 secs]
157,858: [GC (Allocation Failure)  51788K->30940K(141312K), 0,0073282 secs]
157,898: [GC (Allocation Failure)  57052K->25612K(140800K), 0,0032362 secs]
157,927: [GC (Allocation Failure)  51724K->30908K(141312K), 0,0042130 secs]
157,968: [GC (Allocation Failure)  57532K->26124K(141312K), 0,0062339 secs]
157,999: [GC (Allocation Failure)  52748K->31900K(141312K), 0,0038946 secs]
158,035: [GC (Allocation Failure)  58524K->27148K(141312K), 0,0011817 secs]
158,060: [GC (Allocation Failure)  53772K->32956K(140288K), 0,0046487 secs]
158,103: [GC (Allocation Failure)  58556K->27148K(140800K), 0,0029704 secs]
158,130: [GC (Allocation Failure)  52748K->31908K(140288K), 0,0026343 secs]
158,166: [GC (Allocation Failure)  57508K->26036K(140800K), 0,0037244 secs]
158,193: [GC (Allocation Failure)  51636K->30820K(141312K), 0,0019677 secs]
158,230: [GC (Allocation Failure)  57444K->26036K(141312K), 0,0066741 secs]
158,259: [GC (Allocation Failure)  52660K->31844K(141312K), 0,0053828 secs]
158,297: [GC (Allocation Failure)  58468K->27060K(141312K), 0,0010577 secs]
158,320: [GC (Allocation Failure)  53684K->32868K(140288K), 0,0045306 secs]
158,358: [GC (Allocation Failure)  58468K->27044K(140800K), 0,0009956 secs]
158,381: [GC (Allocation Failure)  52644K->31844K(141312K), 0,0058134 secs]
158,420: [GC (Allocation Failure)  58468K->26996K(141312K), 0,0010326 secs]
158,443: [GC (Allocation Failure)  53620K->32844K(140288K), 0,0018310 secs]
158,482: [GC (Allocation Failure)  58444K->27004K(140800K), 0,0028553 secs]
158,513: [GC (Allocation Failure)  52604K->31756K(141312K), 0,0059337 secs]
158,553: [GC (Allocation Failure)  58380K->27004K(141312K), 0,0029341 secs]
158,584: [GC (Allocation Failure)  53628K->32780K(140288K), 0,0046579 secs]
158,626: [GC (Allocation Failure)  58380K->26972K(140800K), 0,0028929 secs]
158,657: [GC (Allocation Failure)  52572K->31764K(141312K), 0,0044628 secs]
158,697: [GC (Allocation Failure)  58388K->26916K(141312K), 0,0031638 secs]
158,724: [GC (Allocation Failure)  53540K->32788K(140288K), 0,0032102 secs]
158,761: [GC (Allocation Failure)  58388K->26884K(140800K), 0,0062227 secs]
158,792: [GC (Allocation Failure)  52484K->31476K(141312K), 0,0135879 secs]
158,837: [GC (Allocation Failure)  58100K->26692K(141312K), 0,0022730 secs]
158,860: [GC (Allocation Failure)  53316K->32404K(141312K), 0,0028320 secs]
158,894: [GC (Allocation Failure)  59028K->27660K(141312K), 0,0015267 secs]
158,917: [GC (Allocation Failure)  54284K->33468K(140288K), 0,0022169 secs]
158,952: [GC (Allocation Failure)  59068K->27564K(140800K), 0,0009075 secs]
158,974: [GC (Allocation Failure)  53164K->32316K(140288K), 0,0020465 secs]
159,009: [GC (Allocation Failure)  57916K->26444K(140800K), 0,0006848 secs]
159,031: [GC (Allocation Failure)  52044K->31260K(141312K), 0,0017761 secs]
159,065: [GC (Allocation Failure)  57884K->26412K(141312K), 0,0006015 secs]
159,087: [GC (Allocation Failure)  53036K->32252K(141312K), 0,0021329 secs]
159,121: [GC (Allocation Failure)  58876K->27436K(141312K), 0,0015100 secs]
159,144: [GC (Allocation Failure)  54060K->33244K(140288K), 0,0023008 secs]
159,177: [GC (Allocation Failure)  58844K->27436K(140800K), 0,0007683 secs]
159,199: [GC (Allocation Failure)  53036K->32188K(141312K), 0,0062926 secs]
159,237: [GC (Allocation Failure)  58812K->27404K(141312K), 0,0015894 secs]
159,260: [GC (Allocation Failure)  54028K->33252K(140288K), 0,0015120 secs]
159,293: [GC (Allocation Failure)  58852K->27380K(140800K), 0,0039144 secs]
159,318: [GC (Allocation Failure)  52980K->32164K(141312K), 0,0023615 secs]
159,357: [GC (Allocation Failure)  58788K->27380K(141312K), 0,0028559 secs]
159,388: [GC (Allocation Failure)  54004K->33188K(140288K), 0,0060362 secs]
159,431: [GC (Allocation Failure)  58788K->27356K(140800K), 0,0029148 secs]
159,462: [GC (Allocation Failure)  52956K->32172K(141312K), 0,0045997 secs]
159,504: [GC (Allocation Failure)  58796K->27292K(141312K), 0,0065280 secs]
159,536: [GC (Allocation Failure)  53916K->33132K(140288K), 0,0036790 secs]
159,574: [GC (Allocation Failure)  58732K->27324K(140800K), 0,0028462 secs]
159,603: [GC (Allocation Failure)  52924K->32116K(141312K), 0,0026590 secs]
159,641: [GC (Allocation Failure)  58740K->27268K(141312K), 0,0015541 secs]
159,668: [GC (Allocation Failure)  53892K->33108K(140288K), 0,0025953 secs]
159,705: [GC (Allocation Failure)  58708K->27236K(140800K), 0,0016105 secs]
159,730: [GC (Allocation Failure)  52836K->32052K(141312K), 0,0039934 secs]
159,769: [GC (Allocation Failure)  58676K->27204K(141312K), 0,0037095 secs]
159,797: [GC (Allocation Failure)  53828K->33052K(140288K), 0,0026505 secs]
159,832: [GC (Allocation Failure)  58652K->27212K(140800K), 0,0074082 secs]
159,862: [GC (Allocation Failure)  52812K->31964K(141312K), 0,0030678 secs]
159,898: [GC (Allocation Failure)  58588K->27180K(141312K), 0,0008586 secs]
159,921: [GC (Allocation Failure)  53804K->32988K(141312K), 0,0037131 secs]
159,958: [GC (Allocation Failure)  59612K->28204K(141312K), 0,0023976 secs]
159,982: [GC (Allocation Failure)  54828K->33980K(139776K), 0,0078083 secs]
160,023: [GC (Allocation Failure)  59580K->28180K(140800K), 0,0012519 secs]
160,046: [GC (Allocation Failure)  53780K->32964K(140288K), 0,0014582 secs]
160,084: [GC (Allocation Failure)  58564K->27124K(140800K), 0,0026139 secs]
160,115: [GC (Allocation Failure)  52724K->31908K(141312K), 0,0044381 secs]
160,157: [GC (Allocation Failure)  58532K->27060K(141312K), 0,0025812 secs]
160,188: [GC (Allocation Failure)  53684K->32940K(141312K), 0,0035743 secs]
160,226: [GC (Allocation Failure)  59564K->28092K(141312K), 0,0040680 secs]
160,255: [GC (Allocation Failure)  54716K->33940K(140288K), 0,0027907 secs]
160,292: [GC (Allocation Failure)  59540K->28100K(140800K), 0,0016932 secs]
160,318: [GC (Allocation Failure)  53700K->32884K(141312K), 0,0049599 secs]
160,357: [GC (Allocation Failure)  59508K->28068K(141312K), 0,0027470 secs]
160,383: [GC (Allocation Failure)  54692K->33908K(140288K), 0,0021008 secs]
160,417: [GC (Allocation Failure)  59508K->28068K(140800K), 0,0012070 secs]
160,441: [GC (Allocation Failure)  53668K->32820K(140288K), 0,0037095 secs]
160,477: [GC (Allocation Failure)  58420K->26980K(140800K), 0,0010490 secs]
160,500: [GC (Allocation Failure)  52580K->31764K(141312K), 0,0048089 secs]
160,538: [GC (Allocation Failure)  58388K->26948K(141312K), 0,0010614 secs]
160,563: [GC (Allocation Failure)  53572K->32788K(141312K), 0,0044721 secs]
160,601: [GC (Allocation Failure)  59412K->27972K(141312K), 0,0043628 secs]
160,627: [GC (Allocation Failure)  54596K->33780K(140800K), 0,0029437 secs]
160,663: [GC (Allocation Failure)  60404K->29004K(141312K), 0,0009767 secs]
160,686: [GC (Allocation Failure)  55628K->34844K(139776K), 0,0028860 secs]
160,722: [GC (Allocation Failure)  60444K->28972K(140800K), 0,0010381 secs]
160,745: [GC (Allocation Failure)  54572K->33724K(140288K), 0,0025436 secs]
160,780: [GC (Allocation Failure)  59324K->27884K(140800K), 0,0009911 secs]
160,803: [GC (Allocation Failure)  53484K->32668K(141312K), 0,0015973 secs]
160,841: [GC (Allocation Failure)  58780K->27404K(140800K), 0,0025664 secs]
160,868: [GC (Allocation Failure)  53516K->32636K(141312K), 0,0051984 secs]
160,907: [GC (Allocation Failure)  59260K->27884K(141312K), 0,0010835 secs]
160,931: [GC (Allocation Failure)  54508K->33700K(141312K), 0,0022278 secs]
160,965: [GC (Allocation Failure)  60324K->28852K(141312K), 0,0027525 secs]
160,991: [GC (Allocation Failure)  55476K->34692K(140288K), 0,0022804 secs]
161,026: [GC (Allocation Failure)  60292K->28852K(140800K), 0,0044401 secs]
161,054: [GC (Allocation Failure)  54452K->33604K(140288K), 0,0018928 secs]
161,088: [GC (Allocation Failure)  59204K->27796K(140800K), 0,0011012 secs]
161,111: [GC (Allocation Failure)  53396K->32580K(141312K), 0,0017975 secs]
161,146: [GC (Allocation Failure)  59204K->27764K(141312K), 0,0016602 secs]
161,171: [GC (Allocation Failure)  54388K->33548K(141312K), 0,0029533 secs]
161,207: [GC (Allocation Failure)  60172K->28764K(141312K), 0,0031803 secs]
161,238: [GC (Allocation Failure)  55388K->34604K(140288K), 0,0049454 secs]
161,280: [GC (Allocation Failure)  60204K->28764K(140800K), 0,0036953 secs]
161,309: [GC (Allocation Failure)  54364K->33556K(140288K), 0,0078301 secs]
161,349: [GC (Allocation Failure)  59156K->27684K(140800K), 0,0030802 secs]
161,374: [GC (Allocation Failure)  53284K->32468K(141312K), 0,0029266 secs]
161,410: [GC (Allocation Failure)  59092K->27716K(141312K), 0,0017147 secs]
161,433: [GC (Allocation Failure)  54340K->33500K(141312K), 0,0021579 secs]
161,467: [GC (Allocation Failure)  60124K->28716K(141312K), 0,0008024 secs]
161,490: [GC (Allocation Failure)  55340K->34524K(139776K), 0,0014480 secs]
161,523: [GC (Allocation Failure)  60124K->28692K(140800K), 0,0007170 secs]
161,545: [GC (Allocation Failure)  54292K->33444K(141312K), 0,0013838 secs]
161,579: [GC (Allocation Failure)  60068K->28660K(141312K), 0,0016203 secs]
161,602: [GC (Allocation Failure)  55284K->34468K(140288K), 0,0032843 secs]
161,637: [GC (Allocation Failure)  60068K->28628K(140800K), 0,0007590 secs]
161,659: [GC (Allocation Failure)  54228K->33388K(141312K), 0,0016048 secs]
161,692: [GC (Allocation Failure)  60012K->28604K(141312K), 0,0007871 secs]
161,715: [GC (Allocation Failure)  55228K->34476K(140288K), 0,0036534 secs]
161,752: [GC (Allocation Failure)  60076K->28580K(140800K), 0,0020811 secs]
161,776: [GC (Allocation Failure)  54180K->33364K(141312K), 0,0026066 secs]
161,811: [GC (Allocation Failure)  59988K->28580K(141312K), 0,0019314 secs]
161,835: [GC (Allocation Failure)  55204K->34388K(140288K), 0,0026966 secs]
161,870: [GC (Allocation Failure)  59988K->28516K(140800K), 0,0019653 secs]
161,894: [GC (Allocation Failure)  54116K->33332K(141312K), 0,0026024 secs]
161,929: [GC (Allocation Failure)  59956K->28580K(141312K), 0,0008426 secs]
161,952: [GC (Allocation Failure)  55204K->34324K(140288K), 0,0029745 secs]
161,988: [GC (Allocation Failure)  59924K->28548K(140800K), 0,0034447 secs]
162,013: [GC (Allocation Failure)  54148K->33300K(141312K), 0,0038493 secs]
162,050: [GC (Allocation Failure)  59924K->28484K(141312K), 0,0022062 secs]
162,078: [GC (Allocation Failure)  55108K->34292K(141312K), 0,0060958 secs]
162,117: [GC (Allocation Failure)  60916K->29508K(141312K), 0,0010759 secs]
162,140: [GC (Allocation Failure)  56132K->35316K(140288K), 0,0017635 secs]
162,175: [GC (Allocation Failure)  60916K->29508K(140800K), 0,0010702 secs]
162,198: [GC (Allocation Failure)  55108K->34236K(140288K), 0,0051242 secs]
162,236: [GC (Allocation Failure)  59836K->28428K(140800K), 0,0023902 secs]
162,264: [GC (Allocation Failure)  54028K->33220K(141312K), 0,0042672 secs]
162,306: [GC (Allocation Failure)  59844K->28444K(141312K), 0,0046464 secs]
162,337: [GC (Allocation Failure)  55068K->34252K(141312K), 0,0039405 secs]
162,374: [GC (Allocation Failure)  60876K->29404K(141312K), 0,0042392 secs]
162,401: [GC (Allocation Failure)  56028K->35212K(140288K), 0,0037492 secs]
162,441: [GC (Allocation Failure)  60812K->29404K(140800K), 0,0079977 secs]
162,472: [GC (Allocation Failure)  55004K->34188K(140288K), 0,0044152 secs]
162,509: [GC (Allocation Failure)  59788K->28348K(140800K), 0,0009511 secs]
162,532: [GC (Allocation Failure)  53948K->33148K(141312K), 0,0015758 secs]
162,566: [GC (Allocation Failure)  59772K->28300K(141312K), 0,0009285 secs]
162,589: [GC (Allocation Failure)  54924K->34108K(141312K), 0,0025632 secs]
162,625: [GC (Allocation Failure)  60732K->29356K(141312K), 0,0021134 secs]
162,649: [GC (Allocation Failure)  55980K->35172K(139776K), 0,0016912 secs]
162,684: [GC (Allocation Failure)  60772K->29300K(140800K), 0,0009593 secs]
162,707: [GC (Allocation Failure)  54900K->34084K(141312K), 0,0018386 secs]
162,742: [GC (Allocation Failure)  60708K->29332K(141312K), 0,0011209 secs]
162,766: [GC (Allocation Failure)  55956K->35012K(140288K), 0,0050659 secs]
162,803: [GC (Allocation Failure)  60612K->29044K(140800K), 0,0104593 secs]
162,835: [GC (Allocation Failure)  54644K->33892K(141312K), 0,0012248 secs]
162,873: [GC (Allocation Failure)  60516K->29044K(141312K), 0,0055942 secs]
162,907: [GC (Allocation Failure)  55668K->34788K(141312K), 0,0085059 secs]
162,948: [GC (Allocation Failure)  61412K->30004K(141312K), 0,0018590 secs]
162,974: [GC (Allocation Failure)  56628K->35812K(140288K), 0,0032400 secs]
163,011: [GC (Allocation Failure)  61412K->29948K(140800K), 0,0027402 secs]
163,038: [GC (Allocation Failure)  55548K->34764K(140288K), 0,0057863 secs]
163,078: [GC (Allocation Failure)  60364K->28892K(140800K), 0,0040395 secs]
163,108: [GC (Allocation Failure)  54492K->33676K(141312K), 0,0024735 secs]
163,144: [GC (Allocation Failure)  59788K->28380K(140800K), 0,0087626 secs]
163,176: [GC (Allocation Failure)  54492K->33708K(141312K), 0,0036492 secs]
163,213: [GC (Allocation Failure)  60332K->28868K(141312K), 0,0022366 secs]
163,237: [GC (Allocation Failure)  55492K->34676K(141312K), 0,0031404 secs]
163,273: [GC (Allocation Failure)  61300K->29860K(141312K), 0,0022765 secs]
163,298: [GC (Allocation Failure)  56484K->35700K(139776K), 0,0056624 secs]
163,341: [GC (Allocation Failure)  61300K->29860K(140800K), 0,0058821 secs]
163,374: [GC (Allocation Failure)  55460K->34676K(141312K), 0,0046430 secs]
163,416: [GC (Allocation Failure)  61300K->29860K(141312K), 0,0016869 secs]
163,443: [GC (Allocation Failure)  56484K->35700K(140288K), 0,0029768 secs]
163,481: [GC (Allocation Failure)  61300K->29828K(140800K), 0,0016448 secs]
163,508: [GC (Allocation Failure)  55428K->34612K(140288K), 0,0027213 secs]
163,544: [GC (Allocation Failure)  60212K->28772K(140800K), 0,0016645 secs]
163,573: [GC (Allocation Failure)  54372K->33524K(141312K), 0,0056568 secs]
163,611: [GC (Allocation Failure)  60148K->28740K(141312K), 0,0011431 secs]
163,635: [GC (Allocation Failure)  55364K->34548K(141312K), 0,0020435 secs]
163,670: [GC (Allocation Failure)  61172K->29732K(141312K), 0,0030166 secs]
163,696: [GC (Allocation Failure)  56356K->35540K(139776K), 0,0021627 secs]
163,730: [GC (Allocation Failure)  61140K->29764K(140800K), 0,0012149 secs]
163,753: [GC (Allocation Failure)  55364K->34484K(141312K), 0,0048970 secs]
163,791: [GC (Allocation Failure)  61108K->29708K(141312K), 0,0023714 secs]
163,817: [GC (Allocation Failure)  56332K->35516K(140288K), 0,0037787 secs]
163,853: [GC (Allocation Failure)  61116K->29708K(140800K), 0,0011545 secs]
163,877: [GC (Allocation Failure)  55308K->34460K(141312K), 0,0018243 secs]
163,912: [GC (Allocation Failure)  61084K->29644K(141312K), 0,0012645 secs]
163,937: [GC (Allocation Failure)  56268K->35484K(140288K), 0,0020083 secs]
163,971: [GC (Allocation Failure)  61084K->29636K(140800K), 0,0030473 secs]
164,002: [GC (Allocation Failure)  55236K->34420K(141312K), 0,0065648 secs]
164,047: [GC (Allocation Failure)  61044K->29636K(141312K), 0,0029205 secs]
164,075: [GC (Allocation Failure)  56260K->35444K(141312K), 0,0048511 secs]
164,113: [GC (Allocation Failure)  62068K->30628K(141312K), 0,0052332 secs]
164,140: [GC (Allocation Failure)  57252K->36436K(140288K), 0,0029555 secs]
164,177: [GC (Allocation Failure)  62036K->30628K(140800K), 0,0030399 secs]
164,207: [GC (Allocation Failure)  56228K->35388K(140288K), 0,0027462 secs]
164,246: [GC (Allocation Failure)  60988K->29548K(140800K), 0,0011226 secs]
164,271: [GC (Allocation Failure)  55148K->34364K(141312K), 0,0041311 secs]
164,310: [GC (Allocation Failure)  60988K->29516K(141312K), 0,0021141 secs]
164,337: [GC (Allocation Failure)  56140K->35364K(141312K), 0,0027932 secs]
164,376: [GC (Allocation Failure)  61988K->30548K(141312K), 0,0032943 secs]
164,407: [GC (Allocation Failure)  57172K->36356K(140288K), 0,0041000 secs]
164,445: [GC (Allocation Failure)  61956K->30548K(140800K), 0,0057916 secs]
164,476: [GC (Allocation Failure)  56148K->35300K(140288K), 0,0037232 secs]
164,513: [GC (Allocation Failure)  60900K->29460K(140800K), 0,0048211 secs]
164,542: [GC (Allocation Failure)  55060K->34244K(141312K), 0,0049454 secs]
164,584: [GC (Allocation Failure)  60868K->29396K(141312K), 0,0034047 secs]
164,612: [GC (Allocation Failure)  56020K->35236K(141312K), 0,0076084 secs]
164,651: [GC (Allocation Failure)  61860K->30460K(141312K), 0,0008081 secs]
164,677: [GC (Allocation Failure)  57084K->36236K(140288K), 0,0065877 secs]
164,716: [GC (Allocation Failure)  61836K->30428K(140800K), 0,0057078 secs]
164,748: [GC (Allocation Failure)  56028K->35212K(141312K), 0,0056890 secs]
164,787: [GC (Allocation Failure)  61836K->30396K(141312K), 0,0081184 secs]
164,818: [GC (Allocation Failure)  57020K->36244K(140288K), 0,0042779 secs]
164,856: [GC (Allocation Failure)  61844K->30404K(140800K), 0,0058346 secs]
164,886: [GC (Allocation Failure)  56004K->35156K(141312K), 0,0070437 secs]
164,925: [GC (Allocation Failure)  61780K->30372K(141312K), 0,0037311 secs]
164,953: [GC (Allocation Failure)  56996K->36180K(140288K), 0,0045641 secs]
164,991: [GC (Allocation Failure)  61780K->30372K(140800K), 0,0035736 secs]
165,022: [GC (Allocation Failure)  55972K->35100K(141312K), 0,0028316 secs]
165,060: [GC (Allocation Failure)  61724K->30316K(141312K), 0,0028700 secs]
165,091: [GC (Allocation Failure)  56940K->36156K(140288K), 0,0046898 secs]
165,133: [GC (Allocation Failure)  61756K->30316K(140800K), 0,0028860 secs]
165,160: [GC (Allocation Failure)  55916K->35068K(141312K), 0,0034907 secs]
165,197: [GC (Allocation Failure)  61692K->30324K(141312K), 0,0010174 secs]
165,224: [GC (Allocation Failure)  56948K->36100K(140288K), 0,0056103 secs]
165,262: [GC (Allocation Failure)  61700K->30260K(140800K), 0,0035311 secs]
165,287: [GC (Allocation Failure)  55860K->35012K(141312K), 0,0017606 secs]
165,322: [GC (Allocation Failure)  61636K->30268K(141312K), 0,0013408 secs]
165,345: [GC (Allocation Failure)  56892K->36044K(141312K), 0,0039422 secs]
165,385: [GC (Allocation Failure)  62668K->31260K(141312K), 0,0056339 secs]
165,415: [GC (Allocation Failure)  57884K->37068K(140288K), 0,0066859 secs]
165,459: [GC (Allocation Failure)  62668K->31196K(140800K), 0,0064766 secs]
165,490: [GC (Allocation Failure)  56796K->35980K(140288K), 0,0031718 secs]
165,525: [GC (Allocation Failure)  61580K->30140K(140800K), 0,0027469 secs]
165,552: [GC (Allocation Failure)  55740K->34956K(141312K), 0,0036810 secs]
165,589: [GC (Allocation Failure)  61580K->30172K(141312K), 0,0057482 secs]
165,622: [GC (Allocation Failure)  56796K->35988K(141312K), 0,0027184 secs]
165,659: [GC (Allocation Failure)  62612K->31172K(141312K), 0,0031550 secs]
165,689: [GC (Allocation Failure)  57796K->36980K(140288K), 0,0044461 secs]
165,728: [GC (Allocation Failure)  62580K->31148K(140800K), 0,0041770 secs]
165,756: [GC (Allocation Failure)  56748K->35900K(140288K), 0,0021201 secs]
165,790: [GC (Allocation Failure)  61500K->30092K(140800K), 0,0012239 secs]
165,814: [GC (Allocation Failure)  55692K->34876K(141312K), 0,0017457 secs]
165,849: [GC (Allocation Failure)  61500K->30060K(141312K), 0,0010551 secs]
165,873: [GC (Allocation Failure)  56684K->35868K(141312K), 0,0023829 secs]
165,908: [GC (Allocation Failure)  62492K->31052K(141312K), 0,0015587 secs]
165,933: [GC (Allocation Failure)  57676K->36860K(139776K), 0,0045856 secs]
165,970: [GC (Allocation Failure)  62460K->31020K(140800K), 0,0035901 secs]
165,997: [GC (Allocation Failure)  56620K->35836K(141312K), 0,0023287 secs]
166,032: [GC (Allocation Failure)  62460K->31028K(141312K), 0,0036796 secs]
166,060: [GC (Allocation Failure)  57652K->36836K(140288K), 0,0047187 secs]
166,099: [GC (Allocation Failure)  62436K->31028K(140800K), 0,0040648 secs]
166,127: [GC (Allocation Failure)  56628K->35812K(141312K), 0,0020115 secs]
166,165: [GC (Allocation Failure)  62436K->30964K(141312K), 0,0052006 secs]
166,195: [GC (Allocation Failure)  57588K->36772K(140288K), 0,0032961 secs]
166,235: [GC (Allocation Failure)  62372K->30964K(140800K), 0,0017935 secs]
166,262: [GC (Allocation Failure)  56564K->35756K(141312K), 0,0026071 secs]
166,299: [GC (Allocation Failure)  62380K->30972K(141312K), 0,0016037 secs]
166,326: [GC (Allocation Failure)  57596K->36748K(140288K), 0,0026837 secs]
166,364: [GC (Allocation Failure)  62348K->30940K(140800K), 0,0016453 secs]
166,391: [GC (Allocation Failure)  56540K->35700K(141312K), 0,0026879 secs]
166,431: [GC (Allocation Failure)  62324K->30884K(141312K), 0,0028504 secs]
166,462: [GC (Allocation Failure)  57508K->36756K(140288K), 0,0046431 secs]
166,503: [GC (Allocation Failure)  62356K->30884K(140800K), 0,0015899 secs]
166,530: [GC (Allocation Failure)  56484K->35636K(141312K), 0,0046665 secs]
166,571: [GC (Allocation Failure)  62260K->30852K(141312K), 0,0017005 secs]
166,598: [GC (Allocation Failure)  57476K->36660K(141312K), 0,0035663 secs]
166,636: [GC (Allocation Failure)  63284K->31812K(141312K), 0,0054287 secs]
166,665: [GC (Allocation Failure)  58436K->37684K(140288K), 0,0021469 secs]
166,699: [GC (Allocation Failure)  63284K->31844K(140800K), 0,0012409 secs]
166,724: [GC (Allocation Failure)  57444K->36604K(140288K), 0,0061647 secs]
166,764: [GC (Allocation Failure)  62204K->30764K(140800K), 0,0046473 secs]
166,791: [GC (Allocation Failure)  56364K->35356K(141312K), 0,0012042 secs]
166,825: [GC (Allocation Failure)  61980K->30588K(141312K), 0,0007602 secs]
166,848: [GC (Allocation Failure)  57212K->36364K(141312K), 0,0050030 secs]
166,890: [GC (Allocation Failure)  62988K->31556K(141312K), 0,0037112 secs]
166,923: [GC (Allocation Failure)  58180K->37364K(139776K), 0,0048383 secs]
166,965: [GC (Allocation Failure)  62964K->31500K(140800K), 0,0066228 secs]
166,996: [GC (Allocation Failure)  57100K->36260K(141312K), 0,0084151 secs]
167,039: [GC (Allocation Failure)  62884K->31476K(141312K), 0,0031324 secs]
167,070: [GC (Allocation Failure)  58100K->37316K(140288K), 0,0072850 secs]
167,111: [GC (Allocation Failure)  62916K->31444K(140800K), 0,0034988 secs]
167,138: [GC (Allocation Failure)  57044K->36228K(141312K), 0,0030506 secs]
167,176: [GC (Allocation Failure)  62852K->31420K(141312K), 0,0050678 secs]
167,204: [GC (Allocation Failure)  58044K->37268K(140288K), 0,0030847 secs]
167,240: [GC (Allocation Failure)  62868K->31468K(140800K), 0,0016123 secs]
167,265: [GC (Allocation Failure)  57068K->36220K(141312K), 0,0013670 secs]
167,302: [GC (Allocation Failure)  62844K->31404K(141312K), 0,0050242 secs]
167,331: [GC (Allocation Failure)  58028K->37212K(141312K), 0,0031690 secs]
167,367: [GC (Allocation Failure)  63836K->32428K(141312K), 0,0024532 secs]
167,396: [GC (Allocation Failure)  59052K->38236K(140288K), 0,0055111 secs]
167,437: [GC (Allocation Failure)  63836K->32396K(140800K), 0,0030908 secs]
167,467: [GC (Allocation Failure)  57996K->37156K(140288K), 0,0027956 secs]
167,503: [GC (Allocation Failure)  62756K->31396K(140800K), 0,0011926 secs]
167,527: [GC (Allocation Failure)  56996K->36116K(141312K), 0,0018182 secs]
167,562: [GC (Allocation Failure)  62228K->30820K(140800K), 0,0025605 secs]
167,593: [GC (Allocation Failure)  56932K->36148K(141312K), 0,0033792 secs]
167,631: [GC (Allocation Failure)  62772K->31300K(141312K), 0,0030187 secs]
167,659: [GC (Allocation Failure)  57924K->37140K(141312K), 0,0028886 secs]
167,696: [GC (Allocation Failure)  63764K->32324K(141312K), 0,0019594 secs]
167,722: [GC (Allocation Failure)  58948K->38132K(139776K), 0,0045750 secs]
167,759: [GC (Allocation Failure)  63732K->32292K(140800K), 0,0028996 secs]
167,784: [GC (Allocation Failure)  57892K->37108K(140288K), 0,0019570 secs]
167,819: [GC (Allocation Failure)  62708K->31268K(140800K), 0,0011619 secs]
167,843: [GC (Allocation Failure)  56868K->36020K(141312K), 0,0019095 secs]
167,878: [GC (Allocation Failure)  62644K->31172K(141312K), 0,0055452 secs]
167,906: [GC (Allocation Failure)  57796K->37052K(141312K), 0,0027729 secs]
167,946: [GC (Allocation Failure)  63676K->32236K(141312K), 0,0017219 secs]
167,972: [GC (Allocation Failure)  58860K->38076K(139776K), 0,0028335 secs]
168,011: [GC (Allocation Failure)  63676K->32236K(140800K), 0,0031073 secs]
168,038: [GC (Allocation Failure)  57836K->36988K(141312K), 0,0018921 secs]
168,075: [GC (Allocation Failure)  63612K->32204K(141312K), 0,0012340 secs]
168,100: [GC (Allocation Failure)  58828K->38012K(140288K), 0,0021894 secs]
168,138: [GC (Allocation Failure)  63612K->32148K(140800K), 0,0043763 secs]
168,167: [GC (Allocation Failure)  57748K->36972K(141312K), 0,0023106 secs]
168,202: [GC (Allocation Failure)  63596K->32156K(141312K), 0,0041085 secs]
168,230: [GC (Allocation Failure)  58780K->37940K(140288K), 0,0078185 secs]
168,271: [GC (Allocation Failure)  63540K->32132K(140800K), 0,0023828 secs]
168,296: [GC (Allocation Failure)  57732K->36916K(141312K), 0,0048157 secs]
168,338: [GC (Allocation Failure)  63540K->32100K(141312K), 0,0049601 secs]
168,366: [GC (Allocation Failure)  58724K->37908K(140288K), 0,0036622 secs]
168,403: [GC (Allocation Failure)  63508K->32076K(140800K), 0,0019522 secs]
168,427: [GC (Allocation Failure)  57676K->36860K(141312K), 0,0014602 secs]
168,461: [GC (Allocation Failure)  63484K->32108K(141312K), 0,0028975 secs]
168,491: [GC (Allocation Failure)  58732K->37884K(140288K), 0,0044516 secs]
168,530: [GC (Allocation Failure)  63484K->32044K(140800K), 0,0043896 secs]
168,559: [GC (Allocation Failure)  57644K->36796K(141312K), 0,0045430 secs]
168,600: [GC (Allocation Failure)  63420K->32012K(141312K), 0,0053136 secs]
168,629: [GC (Allocation Failure)  58636K->37820K(141312K), 0,0020666 secs]
168,664: [GC (Allocation Failure)  64444K->33052K(141312K), 0,0035199 secs]
168,695: [GC (Allocation Failure)  59676K->38828K(140288K), 0,0029423 secs]
168,731: [GC (Allocation Failure)  64428K->33052K(140800K), 0,0013178 secs]
168,757: [GC (Allocation Failure)  58652K->37772K(140288K), 0,0036863 secs]
168,793: [GC (Allocation Failure)  63372K->31964K(140800K), 0,0012095 secs]
168,820: [GC (Allocation Failure)  57564K->36748K(141312K), 0,0029008 secs]
168,858: [GC (Allocation Failure)  63372K->31932K(141312K), 0,0028295 secs]
168,887: [GC (Allocation Failure)  58556K->37772K(141312K), 0,0028978 secs]
168,925: [GC (Allocation Failure)  64396K->32924K(141312K), 0,0047304 secs]
168,953: [GC (Allocation Failure)  59548K->38732K(140288K), 0,0039618 secs]
168,993: [GC (Allocation Failure)  64332K->32932K(140800K), 0,0024912 secs]
169,020: [GC (Allocation Failure)  58532K->37724K(140288K), 0,0021393 secs]
169,056: [GC (Allocation Failure)  63324K->31860K(140800K), 0,0026501 secs]
169,086: [GC (Allocation Failure)  57460K->36684K(141312K), 0,0038323 secs]
169,124: [GC (Allocation Failure)  63308K->31836K(141312K), 0,0023035 secs]
169,152: [GC (Allocation Failure)  58460K->37644K(141312K), 0,0026200 secs]
169,190: [GC (Allocation Failure)  64268K->32892K(141312K), 0,0013020 secs]
169,216: [GC (Allocation Failure)  59516K->38668K(139776K), 0,0057877 secs]
169,255: [GC (Allocation Failure)  64268K->32860K(140800K), 0,0013706 secs]
169,281: [GC (Allocation Failure)  58460K->37620K(141312K), 0,0045549 secs]
169,322: [GC (Allocation Failure)  64244K->32836K(141312K), 0,0035311 secs]
169,354: [GC (Allocation Failure)  59460K->38652K(140288K), 0,0071572 secs]
169,396: [GC (Allocation Failure)  64252K->32812K(140800K), 0,0013817 secs]
169,424: [GC (Allocation Failure)  58412K->37596K(141312K), 0,0033041 secs]
169,464: [GC (Allocation Failure)  64220K->32748K(141312K), 0,0077156 secs]
169,500: [GC (Allocation Failure)  59372K->38596K(140288K), 0,0064759 secs]
169,542: [GC (Allocation Failure)  64196K->32788K(140800K), 0,0037472 secs]
169,571: [GC (Allocation Failure)  58388K->37548K(141312K), 0,0024948 secs]
169,606: [GC (Allocation Failure)  64172K->32732K(141312K), 0,0022287 secs]
169,630: [GC (Allocation Failure)  59356K->38572K(140288K), 0,0026480 secs]
169,666: [GC (Allocation Failure)  64172K->32732K(140800K), 0,0009612 secs]
169,693: [GC (Allocation Failure)  58332K->37548K(141312K), 0,0040772 secs]
169,734: [GC (Allocation Failure)  64172K->32700K(141312K), 0,0035151 secs]
169,762: [GC (Allocation Failure)  59324K->38508K(141312K), 0,0020835 secs]
169,798: [GC (Allocation Failure)  65132K->33692K(141312K), 0,0041402 secs]
169,825: [GC (Allocation Failure)  60316K->39564K(140288K), 0,0019726 secs]
169,861: [GC (Allocation Failure)  65164K->33732K(140800K), 0,0043304 secs]
169,890: [GC (Allocation Failure)  59332K->38516K(140288K), 0,0056822 secs]
169,931: [GC (Allocation Failure)  64116K->32612K(140800K), 0,0029928 secs]
169,961: [GC (Allocation Failure)  58212K->37428K(141312K), 0,0038162 secs]
169,997: [GC (Allocation Failure)  63540K->32100K(140800K), 0,0027744 secs]
170,024: [GC (Allocation Failure)  58212K->37428K(141312K), 0,0032048 secs]
170,061: [GC (Allocation Failure)  64052K->32580K(141312K), 0,0048206 secs]
170,089: [GC (Allocation Failure)  59204K->38420K(141312K), 0,0035467 secs]
170,126: [GC (Allocation Failure)  65044K->33604K(141312K), 0,0019123 secs]
170,154: [GC (Allocation Failure)  60228K->39412K(140288K), 0,0033080 secs]
170,191: [GC (Allocation Failure)  65012K->33572K(140800K), 0,0017153 secs]
170,217: [GC (Allocation Failure)  59172K->38324K(140288K), 0,0062973 secs]
170,257: [GC (Allocation Failure)  63924K->32516K(140800K), 0,0037358 secs]
170,285: [GC (Allocation Failure)  58116K->37268K(141312K), 0,0024647 secs]
170,324: [GC (Allocation Failure)  63892K->32484K(141312K), 0,0064558 secs]
170,356: [GC (Allocation Failure)  59108K->38292K(141312K), 0,0057473 secs]
170,394: [GC (Allocation Failure)  64916K->33508K(141312K), 0,0009707 secs]
170,417: [GC (Allocation Failure)  60132K->39284K(139776K), 0,0030748 secs]
170,453: [GC (Allocation Failure)  64884K->33444K(140800K), 0,0012629 secs]
170,476: [GC (Allocation Failure)  59044K->38228K(141312K), 0,0028321 secs]
170,512: [GC (Allocation Failure)  64852K->33476K(141312K), 0,0021411 secs]
170,536: [GC (Allocation Failure)  60100K->39252K(140288K), 0,0029520 secs]
170,572: [GC (Allocation Failure)  64852K->33412K(140800K), 0,0010701 secs]
170,595: [GC (Allocation Failure)  59012K->38164K(141312K), 0,0016235 secs]
170,630: [GC (Allocation Failure)  64788K->33380K(141312K), 0,0011588 secs]
170,654: [GC (Allocation Failure)  60004K->39220K(140288K), 0,0034785 secs]
170,690: [GC (Allocation Failure)  64820K->33388K(140800K), 0,0012157 secs]
170,713: [GC (Allocation Failure)  58988K->38180K(141312K), 0,0017679 secs]
170,750: [GC (Allocation Failure)  64804K->33372K(141312K), 0,0031830 secs]
170,781: [GC (Allocation Failure)  59996K->39052K(140288K), 0,0037625 secs]
170,817: [GC (Allocation Failure)  64652K->33148K(140800K), 0,0014433 secs]
170,839: [GC (Allocation Failure)  58748K->37932K(141312K), 0,0012125 secs]
170,874: [GC (Allocation Failure)  64556K->33084K(141312K), 0,0066816 secs]
170,908: [GC (Allocation Failure)  59707K->38924K(141312K), 0,0036988 secs]
170,945: [GC (Allocation Failure)  65548K->34044K(141312K), 0,0017829 secs]
170,974: [GC (Allocation Failure)  60668K->39884K(140288K), 0,0036154 secs]
171,011: [GC (Allocation Failure)  65484K->34052K(140800K), 0,0039448 secs]
171,039: [GC (Allocation Failure)  59652K->38844K(140288K), 0,0049448 secs]
171,079: [GC (Allocation Failure)  64444K->33004K(140800K), 0,0034294 secs]
171,105: [GC (Allocation Failure)  58604K->37820K(141312K), 0,0031575 secs]
171,139: [GC (Allocation Failure)  64444K->33004K(141312K), 0,0013250 secs]
171,162: [GC (Allocation Failure)  59628K->38812K(141312K), 0,0013287 secs]
171,194: [GC (Allocation Failure)  65436K->33996K(141312K), 0,0032379 secs]
171,225: [GC (Allocation Failure)  60620K->39804K(139776K), 0,0039046 secs]
171,261: [GC (Allocation Failure)  65404K->33972K(140800K), 0,0030466 secs]
171,286: [GC (Allocation Failure)  59572K->38764K(141312K), 0,0013371 secs]
171,319: [GC (Allocation Failure)  65388K->33980K(141312K), 0,0006948 secs]
171,340: [GC (Allocation Failure)  60604K->39788K(140288K), 0,0014884 secs]
171,373: [GC (Allocation Failure)  65388K->33916K(140800K), 0,0042542 secs]
171,399: [GC (Allocation Failure)  59516K->38708K(141312K), 0,0014326 secs]
171,433: [GC (Allocation Failure)  65332K->33956K(141312K), 0,0008594 secs]
171,456: [GC (Allocation Failure)  60580K->39732K(140288K), 0,0022768 secs]
171,491: [GC (Allocation Failure)  65332K->33860K(140800K), 0,0015070 secs]
171,514: [GC (Allocation Failure)  59460K->38676K(141312K), 0,0050636 secs]
171,552: [GC (Allocation Failure)  65300K->33892K(141312K), 0,0017719 secs]
171,579: [GC (Allocation Failure)  60516K->39700K(140288K), 0,0047782 secs]
171,621: [GC (Allocation Failure)  65300K->33828K(140800K), 0,0056793 secs]
171,650: [GC (Allocation Failure)  59428K->38644K(141312K), 0,0019923 secs]
171,689: [GC (Allocation Failure)  65268K->33796K(141312K), 0,0041617 secs]
171,718: [GC (Allocation Failure)  60420K->39636K(140288K), 0,0041106 secs]
171,755: [GC (Allocation Failure)  65236K->33796K(140800K), 0,0012338 secs]
171,778: [GC (Allocation Failure)  59396K->38548K(141312K), 0,0018103 secs]
171,813: [GC (Allocation Failure)  65172K->33764K(141312K), 0,0011250 secs]
171,837: [GC (Allocation Failure)  60388K->39572K(141312K), 0,0020624 secs]
171,871: [GC (Allocation Failure)  66196K->34788K(141312K), 0,0012750 secs]
171,896: [GC (Allocation Failure)  61412K->40596K(140288K), 0,0020990 secs]
171,930: [GC (Allocation Failure)  66196K->34796K(140800K), 0,0014610 secs]
171,955: [GC (Allocation Failure)  60396K->39580K(140288K), 0,0037071 secs]
171,991: [GC (Allocation Failure)  65180K->33740K(140800K), 0,0027923 secs]
172,016: [GC (Allocation Failure)  59340K->38492K(141312K), 0,0034511 secs]
172,053: [GC (Allocation Failure)  65116K->33676K(141312K), 0,0011354 secs]
172,077: [GC (Allocation Failure)  60300K->39524K(141312K), 0,0019791 secs]
172,111: [GC (Allocation Failure)  66148K->34708K(141312K), 0,0017365 secs]
172,136: [GC (Allocation Failure)  61332K->40548K(140288K), 0,0022985 secs]
172,170: [GC (Allocation Failure)  66148K->34676K(140800K), 0,0028511 secs]
172,195: [GC (Allocation Failure)  60276K->39492K(140288K), 0,0019126 secs]
172,230: [GC (Allocation Failure)  65092K->33628K(140800K), 0,0046933 secs]
172,257: [GC (Allocation Failure)  59228K->38380K(141312K), 0,0026437 secs]
172,293: [GC (Allocation Failure)  65004K->33596K(141312K), 0,0031428 secs]
172,318: [GC (Allocation Failure)  60220K->39412K(141312K), 0,0015807 secs]
172,353: [GC (Allocation Failure)  66036K->34628K(141312K), 0,0009819 secs]
172,376: [GC (Allocation Failure)  61252K->40412K(139776K), 0,0029730 secs]
172,412: [GC (Allocation Failure)  66012K->34604K(140800K), 0,0023246 secs]
172,436: [GC (Allocation Failure)  60204K->39356K(141312K), 0,0040375 secs]
172,473: [GC (Allocation Failure)  65980K->34604K(141312K), 0,0010266 secs]
172,496: [GC (Allocation Failure)  61228K->40380K(140288K), 0,0032285 secs]
172,532: [GC (Allocation Failure)  65980K->34540K(140800K), 0,0010957 secs]
172,555: [GC (Allocation Failure)  60140K->39356K(141312K), 0,0018193 secs]
172,593: [GC (Allocation Failure)  65980K->34508K(141312K), 0,0017240 secs]
172,619: [GC (Allocation Failure)  61132K->40348K(140288K), 0,0028592 secs]
172,657: [GC (Allocation Failure)  65948K->34508K(140800K), 0,0045768 secs]
172,687: [GC (Allocation Failure)  60108K->39292K(141312K), 0,0026717 secs]
172,722: [GC (Allocation Failure)  65916K->34508K(141312K), 0,0011637 secs]
172,747: [GC (Allocation Failure)  61132K->40316K(140288K), 0,0019762 secs]
172,781: [GC (Allocation Failure)  65916K->34444K(140800K), 0,0059322 secs]
172,809: [GC (Allocation Failure)  60044K->39228K(141312K), 0,0017964 secs]
172,844: [GC (Allocation Failure)  65852K->34444K(141312K), 0,0011933 secs]
172,869: [GC (Allocation Failure)  61068K->40220K(141312K), 0,0021289 secs]
172,903: [GC (Allocation Failure)  66844K->35436K(141312K), 0,0012836 secs]
172,928: [GC (Allocation Failure)  62060K->41244K(140288K), 0,0021063 secs]
172,962: [GC (Allocation Failure)  66844K->35436K(140800K), 0,0013814 secs]
172,987: [GC (Allocation Failure)  61036K->40188K(140288K), 0,0066247 secs]
173,026: [GC (Allocation Failure)  65788K->34380K(140800K), 0,0031105 secs]
173,057: [GC (Allocation Failure)  59980K->39132K(141312K), 0,0041551 secs]
173,097: [GC (Allocation Failure)  65244K->33804K(140800K), 0,0015338 secs]
173,122: [GC (Allocation Failure)  59916K->39068K(141312K), 0,0050456 secs]
173,160: [GC (Allocation Failure)  65692K->34316K(141312K), 0,0018930 secs]
173,187: [GC (Allocation Failure)  60940K->40100K(140800K), 0,0026956 secs]
173,223: [GC (Allocation Failure)  66724K->35316K(141312K), 0,0017019 secs]
173,250: [GC (Allocation Failure)  61940K->41156K(139776K), 0,0032103 secs]
173,287: [GC (Allocation Failure)  66756K->35284K(140800K), 0,0017528 secs]
173,314: [GC (Allocation Failure)  60884K->40076K(141312K), 0,0025881 secs]
173,350: [GC (Allocation Failure)  66700K->35260K(141312K), 0,0021912 secs]
173,376: [GC (Allocation Failure)  61884K->41068K(140288K), 0,0048665 secs]
173,414: [GC (Allocation Failure)  66668K->35228K(140800K), 0,0034459 secs]
173,440: [GC (Allocation Failure)  60828K->40012K(140288K), 0,0021971 secs]
173,476: [GC (Allocation Failure)  65612K->34172K(140800K), 0,0011621 secs]
173,499: [GC (Allocation Failure)  59772K->38956K(141312K), 0,0076745 secs]
173,540: [GC (Allocation Failure)  65580K->34140K(141312K), 0,0011108 secs]
173,565: [GC (Allocation Failure)  60764K->39980K(141312K), 0,0083646 secs]
173,611: [GC (Allocation Failure)  66604K->35164K(141312K), 0,0055137 secs]
173,642: [GC (Allocation Failure)  61788K->40972K(139776K), 0,0033401 secs]
173,680: [GC (Allocation Failure)  66572K->35132K(140800K), 0,0038352 secs]
173,709: [GC (Allocation Failure)  60732K->39948K(141312K), 0,0047925 secs]
173,749: [GC (Allocation Failure)  66572K->35132K(141312K), 0,0016213 secs]
173,776: [GC (Allocation Failure)  61756K->40948K(140288K), 0,0050393 secs]
173,814: [GC (Allocation Failure)  66548K->35108K(140800K), 0,0011891 secs]
173,838: [GC (Allocation Failure)  60708K->39892K(141312K), 0,0018415 secs]
173,873: [GC (Allocation Failure)  66516K->35076K(141312K), 0,0028364 secs]
173,899: [GC (Allocation Failure)  61700K->40884K(140288K), 0,0021328 secs]
173,934: [GC (Allocation Failure)  66484K->35044K(140800K), 0,0012454 secs]
173,959: [GC (Allocation Failure)  60644K->39828K(141312K), 0,0024301 secs]
173,994: [GC (Allocation Failure)  66452K->35044K(141312K), 0,0034845 secs]
174,024: [GC (Allocation Failure)  61668K->40860K(141312K), 0,0074381 secs]
174,065: [GC (Allocation Failure)  67484K->36044K(141312K), 0,0064341 secs]
174,096: [GC (Allocation Failure)  62668K->41884K(140288K), 0,0022833 secs]
174,131: [GC (Allocation Failure)  67484K->36012K(140800K), 0,0014013 secs]
174,159: [GC (Allocation Failure)  61612K->40828K(140288K), 0,0046076 secs]
174,201: [GC (Allocation Failure)  66428K->34988K(140800K), 0,0058606 secs]
174,233: [GC (Allocation Failure)  60588K->39748K(141312K), 0,0056772 secs]
174,272: [GC (Allocation Failure)  65860K->34452K(140800K), 0,0012166 secs]
174,295: [GC (Allocation Failure)  60564K->39716K(141312K), 0,0019365 secs]
174,330: [GC (Allocation Failure)  66340K->34932K(141312K), 0,0020523 secs]
174,354: [GC (Allocation Failure)  61556K->40708K(141312K), 0,0030049 secs]
174,390: [GC (Allocation Failure)  67332K->35924K(141312K), 0,0036169 secs]
174,416: [GC (Allocation Failure)  62548K->41732K(139776K), 0,0034191 secs]
174,452: [GC (Allocation Failure)  67332K->35924K(140800K), 0,0010735 secs]
174,475: [GC (Allocation Failure)  61524K->40716K(140288K), 0,0016771 secs]
174,510: [GC (Allocation Failure)  66316K->34860K(140800K), 0,0009071 secs]
174,533: [GC (Allocation Failure)  60460K->39644K(141312K), 0,0038279 secs]
174,570: [GC (Allocation Failure)  66268K->34860K(141312K), 0,0009045 secs]
174,593: [GC (Allocation Failure)  61484K->40700K(141312K), 0,0018336 secs]
174,628: [GC (Allocation Failure)  67324K->35892K(141312K), 0,0012039 secs]
174,652: [GC (Allocation Failure)  62516K->41668K(139776K), 0,0067559 secs]
174,691: [GC (Allocation Failure)  67268K->35860K(140800K), 0,0011915 secs]
174,714: [GC (Allocation Failure)  61460K->40612K(141312K), 0,0049054 secs]
174,752: [GC (Allocation Failure)  67236K->35796K(141312K), 0,0025464 secs]
174,777: [GC (Allocation Failure)  62420K->41444K(140288K), 0,0016923 secs]
174,812: [GC (Allocation Failure)  67044K->35572K(140800K), 0,0016633 secs]
174,835: [GC (Allocation Failure)  61172K->40388K(141312K), 0,0019756 secs]
174,868: [GC (Allocation Failure)  67011K->35540K(141312K), 0,0006720 secs]
174,890: [GC (Allocation Failure)  62164K->41356K(141312K), 0,0020589 secs]
174,924: [GC (Allocation Failure)  67980K->36548K(141312K), 0,0009323 secs]
174,946: [GC (Allocation Failure)  63172K->42396K(140288K), 0,0016442 secs]
174,978: [GC (Allocation Failure)  67996K->36556K(140800K), 0,0008596 secs]
175,000: [GC (Allocation Failure)  62156K->41340K(140288K), 0,0014340 secs]
175,038: [GC (Allocation Failure)  66940K->35500K(140800K), 0,0070596 secs]
175,071: [GC (Allocation Failure)  61100K->40284K(141312K), 0,0027184 secs]
175,107: [GC (Allocation Failure)  66396K->34956K(140800K), 0,0014153 secs]
175,132: [GC (Allocation Failure)  61068K->40252K(141312K), 0,0022159 secs]
175,167: [GC (Allocation Failure)  66876K->35404K(141312K), 0,0012631 secs]
175,192: [GC (Allocation Failure)  62028K->41276K(141312K), 0,0022167 secs]
175,227: [GC (Allocation Failure)  67900K->36468K(141312K), 0,0013618 secs]
175,252: [GC (Allocation Failure)  63092K->42308K(140288K), 0,0022995 secs]
175,287: [GC (Allocation Failure)  67908K->36444K(140800K), 0,0025769 secs]
175,313: [GC (Allocation Failure)  62044K->41196K(140288K), 0,0038564 secs]
175,349: [GC (Allocation Failure)  66796K->35388K(140800K), 0,0022536 secs]
175,374: [GC (Allocation Failure)  60988K->40140K(141312K), 0,0036274 secs]
175,411: [GC (Allocation Failure)  66764K->35356K(141312K), 0,0011460 secs]
175,436: [GC (Allocation Failure)  61980K->41164K(141312K), 0,0056760 secs]
175,474: [GC (Allocation Failure)  67788K->36348K(141312K), 0,0049053 secs]
175,502: [GC (Allocation Failure)  62972K->42228K(139776K), 0,0040932 secs]
175,542: [GC (Allocation Failure)  67828K->36356K(140800K), 0,0029281 secs]
175,573: [GC (Allocation Failure)  61956K->41140K(141312K), 0,0034224 secs]
175,611: [GC (Allocation Failure)  67764K->36364K(141312K), 0,0057104 secs]
175,640: [GC (Allocation Failure)  62988K->42172K(140288K), 0,0022121 secs]
175,674: [GC (Allocation Failure)  67772K->36332K(140800K), 0,0011942 secs]
175,699: [GC (Allocation Failure)  61932K->41116K(141312K), 0,0037912 secs]
175,735: [GC (Allocation Failure)  67740K->36300K(141312K), 0,0028713 secs]
175,761: [GC (Allocation Failure)  62924K->42108K(140288K), 0,0039726 secs]
175,797: [GC (Allocation Failure)  67708K->36236K(140800K), 0,0056131 secs]
175,831: [GC (Allocation Failure)  61836K->41052K(141312K), 0,0043623 secs]
175,869: [GC (Allocation Failure)  67676K->36252K(141312K), 0,0016108 secs]
175,896: [GC (Allocation Failure)  62876K->42060K(140288K), 0,0042767 secs]
175,934: [GC (Allocation Failure)  67660K->36252K(140800K), 0,0039466 secs]
175,961: [GC (Allocation Failure)  61852K->41004K(141312K), 0,0018224 secs]
175,996: [GC (Allocation Failure)  67628K->36188K(141312K), 0,0013261 secs]
176,021: [GC (Allocation Failure)  62812K->41996K(140288K), 0,0049605 secs]
176,058: [GC (Allocation Failure)  67596K->36188K(140800K), 0,0009296 secs]
176,081: [GC (Allocation Failure)  61788K->40972K(141312K), 0,0028005 secs]
176,117: [GC (Allocation Failure)  67596K->36156K(141312K), 0,0021914 secs]
176,141: [GC (Allocation Failure)  62780K->41964K(141312K), 0,0029767 secs]
176,182: [GC (Allocation Failure)  68588K->37188K(141312K), 0,0052260 secs]
176,210: [GC (Allocation Failure)  63812K->42996K(140288K), 0,0026548 secs]
176,244: [GC (Allocation Failure)  68596K->37156K(140800K), 0,0008302 secs]
176,267: [GC (Allocation Failure)  62756K->41908K(140288K), 0,0056444 secs]
176,308: [GC (Allocation Failure)  67508K->36100K(140800K), 0,0046426 secs]
176,341: [GC (Allocation Failure)  61700K->40884K(141312K), 0,0043090 secs]
176,381: [GC (Allocation Failure)  67508K->36036K(141312K), 0,0030261 secs]
176,408: [GC (Allocation Failure)  62660K->41876K(141312K), 0,0051154 secs]
176,450: [GC (Allocation Failure)  68500K->37092K(141312K), 0,0032927 secs]
176,476: [GC (Allocation Failure)  63716K->42932K(140288K), 0,0019136 secs]
176,511: [GC (Allocation Failure)  68532K->37044K(140800K), 0,0064223 secs]
176,539: [GC (Allocation Failure)  62644K->41828K(140288K), 0,0025144 secs]
176,576: [GC (Allocation Failure)  67428K->35996K(140800K), 0,0053856 secs]
176,604: [GC (Allocation Failure)  61596K->40780K(141312K), 0,0034128 secs]
176,641: [GC (Allocation Failure)  67404K->35964K(141312K), 0,0009508 secs]
176,664: [GC (Allocation Failure)  62588K->41812K(141312K), 0,0028375 secs]
176,700: [GC (Allocation Failure)  68436K->37028K(141312K), 0,0021701 secs]
176,724: [GC (Allocation Failure)  63652K->42836K(139776K), 0,0017164 secs]
176,759: [GC (Allocation Failure)  68436K->36964K(140800K), 0,0044535 secs]
176,785: [GC (Allocation Failure)  62564K->41788K(141312K), 0,0028884 secs]
176,821: [GC (Allocation Failure)  68412K->36940K(141312K), 0,0044901 secs]
176,848: [GC (Allocation Failure)  63564K->42748K(140288K), 0,0017507 secs]
176,883: [GC (Allocation Failure)  68348K->36940K(140800K), 0,0024116 secs]
176,907: [GC (Allocation Failure)  62540K->41692K(141312K), 0,0028528 secs]
176,943: [GC (Allocation Failure)  68316K->36908K(141312K), 0,0022738 secs]
176,967: [GC (Allocation Failure)  63532K->42748K(140288K), 0,0016913 secs]
177,002: [GC (Allocation Failure)  68348K->36876K(140800K), 0,0009230 secs]
177,025: [GC (Allocation Failure)  62476K->41668K(141312K), 0,0016019 secs]
177,064: [GC (Allocation Failure)  68292K->36884K(141312K), 0,0014557 secs]
177,090: [GC (Allocation Failure)  63508K->42724K(140288K), 0,0091565 secs]
177,137: [GC (Allocation Failure)  68324K->36820K(140800K), 0,0035949 secs]
177,165: [GC (Allocation Failure)  62420K->41604K(141312K), 0,0054095 secs]
177,206: [GC (Allocation Failure)  68228K->36788K(141312K), 0,0030501 secs]
177,236: [GC (Allocation Failure)  63412K->42660K(140288K), 0,0048534 secs]
177,275: [GC (Allocation Failure)  68260K->36788K(140800K), 0,0016461 secs]
177,301: [GC (Allocation Failure)  62388K->41572K(141312K), 0,0052092 secs]
177,341: [GC (Allocation Failure)  68196K->36756K(141312K), 0,0072173 secs]
177,372: [GC (Allocation Failure)  63380K->42596K(141312K), 0,0026574 secs]
177,410: [GC (Allocation Failure)  69220K->37788K(141312K), 0,0032447 secs]
177,437: [GC (Allocation Failure)  64412K->43604K(140288K), 0,0044904 secs]
177,475: [GC (Allocation Failure)  69204K->37764K(140800K), 0,0041299 secs]
177,505: [GC (Allocation Failure)  63364K->42548K(140288K), 0,0019615 secs]
177,541: [GC (Allocation Failure)  68148K->36716K(140800K), 0,0027450 secs]
177,569: [GC (Allocation Failure)  62316K->41500K(141312K), 0,0047131 secs]
177,608: [GC (Allocation Failure)  68124K->36684K(141312K), 0,0030623 secs]
177,639: [GC (Allocation Failure)  63308K->42492K(141312K), 0,0040872 secs]
177,678: [GC (Allocation Failure)  69116K->37708K(141312K), 0,0061100 secs]
177,710: [GC (Allocation Failure)  64332K->43548K(140288K), 0,0035238 secs]
177,746: [GC (Allocation Failure)  69148K->37676K(140800K), 0,0043273 secs]
177,774: [GC (Allocation Failure)  63276K->42460K(140288K), 0,0037260 secs]
177,812: [GC (Allocation Failure)  68060K->36620K(140800K), 0,0026918 secs]
177,843: [GC (Allocation Failure)  62220K->41436K(141312K), 0,0045076 secs]
177,885: [GC (Allocation Failure)  68060K->36588K(141312K), 0,0043659 secs]
177,914: [GC (Allocation Failure)  63212K->42396K(141312K), 0,0036702 secs]
177,952: [GC (Allocation Failure)  69020K->37612K(141312K), 0,0064394 secs]
177,983: [GC (Allocation Failure)  64236K->43428K(139776K), 0,0028153 secs]
178,020: [GC (Allocation Failure)  69028K->37588K(140800K), 0,0029933 secs]
178,051: [GC (Allocation Failure)  63188K->42372K(141312K), 0,0043652 secs]
178,088: [GC (Allocation Failure)  68996K->37588K(141312K), 0,0023113 secs]
178,115: [GC (Allocation Failure)  64212K->43396K(140288K), 0,0074931 secs]
178,156: [GC (Allocation Failure)  68996K->37572K(140800K), 0,0014193 secs]
178,181: [GC (Allocation Failure)  63172K->42324K(141312K), 0,0052409 secs]
178,218: [GC (Allocation Failure)  68948K->37508K(141312K), 0,0043151 secs]
178,247: [GC (Allocation Failure)  64132K->43316K(140288K), 0,0074657 secs]
178,287: [GC (Allocation Failure)  68916K->37508K(140800K), 0,0008257 secs]
178,312: [GC (Allocation Failure)  63108K->42260K(141312K), 0,0038913 secs]
178,350: [GC (Allocation Failure)  68884K->37452K(141312K), 0,0023560 secs]
178,379: [GC (Allocation Failure)  64076K->43292K(140288K), 0,0030751 secs]
178,416: [GC (Allocation Failure)  68892K->37420K(140800K), 0,0097118 secs]
178,446: [GC (Allocation Failure)  63020K->42204K(141312K), 0,0028931 secs]
178,480: [GC (Allocation Failure)  68828K->37420K(141312K), 0,0047428 secs]
178,506: [GC (Allocation Failure)  64044K->43228K(141312K), 0,0026593 secs]
178,540: [GC (Allocation Failure)  69852K->38452K(141312K), 0,0010353 secs]
178,562: [GC (Allocation Failure)  65076K->44260K(140288K), 0,0015379 secs]
178,595: [GC (Allocation Failure)  69860K->38388K(140800K), 0,0013435 secs]
178,618: [GC (Allocation Failure)  63988K->43204K(140288K), 0,0023024 secs]
178,653: [GC (Allocation Failure)  68804K->37332K(140800K), 0,0009359 secs]
178,675: [GC (Allocation Failure)  62932K->42180K(141312K), 0,0012829 secs]
178,709: [GC (Allocation Failure)  68804K->37332K(141312K), 0,0023790 secs]
178,737: [GC (Allocation Failure)  63956K->43172K(141312K), 0,0044423 secs]
178,781: [GC (Allocation Failure)  69796K->38140K(141312K), 0,0037241 secs]
178,807: [GC (Allocation Failure)  64764K->43988K(140288K), 0,0022506 secs]
178,842: [GC (Allocation Failure)  69588K->38148K(140800K), 0,0014757 secs]
178,865: [GC (Allocation Failure)  63748K->42900K(140288K), 0,0020497 secs]
178,900: [GC (Allocation Failure)  68500K->37036K(140800K), 0,0006681 secs]
178,921: [GC (Allocation Failure)  62636K->41788K(141312K), 0,0017686 secs]
178,955: [GC (Allocation Failure)  68412K->37004K(141312K), 0,0016327 secs]
178,978: [GC (Allocation Failure)  63628K->42852K(140800K), 0,0021018 secs]
179,012: [GC (Allocation Failure)  69476K->38068K(141312K), 0,0007283 secs]
179,034: [GC (Allocation Failure)  64692K->43884K(140800K), 0,0014512 secs]
179,067: [GC (Allocation Failure)  70508K->39076K(141312K), 0,0008550 secs]
179,089: [GC (Allocation Failure)  65700K->44884K(139776K), 0,0015575 secs]
179,122: [GC (Allocation Failure)  70484K->39044K(140800K), 0,0015395 secs]
179,145: [GC (Allocation Failure)  64644K->43860K(140288K), 0,0015271 secs]
179,178: [GC (Allocation Failure)  69460K->37996K(140800K), 0,0024124 secs]
179,202: [GC (Allocation Failure)  63596K->42780K(141312K), 0,0020746 secs]
179,237: [GC (Allocation Failure)  68892K->37452K(140800K), 0,0013804 secs]
179,259: [GC (Allocation Failure)  63564K->42748K(141312K), 0,0020790 secs]
179,294: [GC (Allocation Failure)  69372K->37932K(141312K), 0,0007764 secs]
179,316: [GC (Allocation Failure)  64556K->43772K(141312K), 0,0015122 secs]
179,350: [GC (Allocation Failure)  70396K->38956K(141312K), 0,0009124 secs]
179,373: [GC (Allocation Failure)  65580K->44796K(140288K), 0,0028477 secs]
179,409: [GC (Allocation Failure)  70396K->38924K(140800K), 0,0020612 secs]
179,433: [GC (Allocation Failure)  64524K->43676K(140288K), 0,0024971 secs]
179,468: [GC (Allocation Failure)  69276K->37836K(140800K), 0,0019264 secs]
179,492: [GC (Allocation Failure)  63436K->42652K(141312K), 0,0014465 secs]
179,526: [GC (Allocation Failure)  69276K->37868K(141312K), 0,0007967 secs]
179,549: [GC (Allocation Failure)  64492K->43644K(141312K), 0,0015077 secs]
179,587: [GC (Allocation Failure)  70268K->38860K(141312K), 0,0031219 secs]
179,619: [GC (Allocation Failure)  65484K->44708K(140288K), 0,0048393 secs]
179,662: [GC (Allocation Failure)  70308K->38844K(140800K), 0,0046820 secs]
179,690: [GC (Allocation Failure)  64444K->43628K(140288K), 0,0026499 secs]
179,728: [GC (Allocation Failure)  69228K->37820K(140800K), 0,0015320 secs]
179,754: [GC (Allocation Failure)  63420K->42540K(141312K), 0,0066644 secs]
179,793: [GC (Allocation Failure)  69164K->37724K(141312K), 0,0011679 secs]
179,818: [GC (Allocation Failure)  64348K->43532K(141312K), 0,0019630 secs]
179,852: [GC (Allocation Failure)  70156K->38780K(141312K), 0,0012238 secs]
179,877: [GC (Allocation Failure)  65404K->44620K(139776K), 0,0020833 secs]
179,911: [GC (Allocation Failure)  70220K->38780K(140800K), 0,0012873 secs]
179,936: [GC (Allocation Failure)  64380K->43572K(141312K), 0,0018825 secs]
179,970: [GC (Allocation Failure)  70196K->38724K(141312K), 0,0029367 secs]
179,996: [GC (Allocation Failure)  65348K->44564K(140288K), 0,0022274 secs]
180,030: [GC (Allocation Failure)  70164K->38724K(140800K), 0,0028960 secs]
180,057: [GC (Allocation Failure)  64324K->43476K(141312K), 0,0037717 secs]
180,094: [GC (Allocation Failure)  70100K->38692K(141312K), 0,0040893 secs]
180,122: [GC (Allocation Failure)  65316K->44468K(140288K), 0,0037480 secs]
180,158: [GC (Allocation Failure)  70068K->38660K(140800K), 0,0009822 secs]
180,181: [GC (Allocation Failure)  64260K->43444K(141312K), 0,0040759 secs]
180,218: [GC (Allocation Failure)  70068K->38628K(141312K), 0,0030736 secs]
180,243: [GC (Allocation Failure)  65252K->44444K(140288K), 0,0055662 secs]
180,281: [GC (Allocation Failure)  70044K->38604K(140800K), 0,0015474 secs]
180,304: [GC (Allocation Failure)  64204K->43388K(141312K), 0,0013587 secs]
180,337: [GC (Allocation Failure)  70012K->38572K(141312K), 0,0054405 secs]
180,364: [GC (Allocation Failure)  65196K->44412K(140288K), 0,0024608 secs]
180,403: [GC (Allocation Failure)  70012K->38572K(140800K), 0,0031036 secs]
180,434: [GC (Allocation Failure)  64172K->43356K(141312K), 0,0046013 secs]
180,474: [GC (Allocation Failure)  69980K->38540K(141312K), 0,0039645 secs]
180,503: [GC (Allocation Failure)  65164K->44348K(141312K), 0,0026995 secs]
180,544: [GC (Allocation Failure)  70972K->39596K(141312K), 0,0058947 secs]
180,578: [GC (Allocation Failure)  66220K->45380K(140288K), 0,0035024 secs]
180,619: [GC (Allocation Failure)  70980K->39540K(140800K), 0,0031762 secs]
180,650: [GC (Allocation Failure)  65140K->44324K(140288K), 0,0049359 secs]
180,692: [GC (Allocation Failure)  69924K->38452K(140800K), 0,0027359 secs]
180,723: [GC (Allocation Failure)  64052K->43268K(141312K), 0,0033575 secs]
180,761: [GC (Allocation Failure)  69892K->38452K(141312K), 0,0047694 secs]
180,789: [GC (Allocation Failure)  65076K->44260K(141312K), 0,0036707 secs]
180,825: [GC (Allocation Failure)  70884K->39444K(141312K), 0,0031282 secs]
180,851: [GC (Allocation Failure)  66068K->45252K(140288K), 0,0026547 secs]
180,886: [GC (Allocation Failure)  70852K->39444K(140800K), 0,0034683 secs]
180,912: [GC (Allocation Failure)  65044K->44228K(140288K), 0,0019931 secs]
180,947: [GC (Allocation Failure)  69828K->38356K(140800K), 0,0023224 secs]
180,972: [GC (Allocation Failure)  63956K->43148K(141312K), 0,0062604 secs]
181,011: [GC (Allocation Failure)  69772K->38332K(141312K), 0,0009603 secs]
181,034: [GC (Allocation Failure)  64956K->44172K(141312K), 0,0016522 secs]
181,071: [GC (Allocation Failure)  70796K->39356K(141312K), 0,0030563 secs]
181,102: [GC (Allocation Failure)  65980K->45196K(139776K), 0,0038417 secs]
181,141: [GC (Allocation Failure)  70796K->39356K(140800K), 0,0053940 secs]
181,170: [GC (Allocation Failure)  64956K->44108K(141312K), 0,0045842 secs]
181,207: [GC (Allocation Failure)  70732K->39332K(141312K), 0,0024694 secs]
181,231: [GC (Allocation Failure)  65956K->45116K(140288K), 0,0024877 secs]
181,267: [GC (Allocation Failure)  70716K->39276K(140800K), 0,0080239 secs]
181,297: [GC (Allocation Failure)  64876K->44092K(141312K), 0,0024548 secs]
181,332: [GC (Allocation Failure)  70716K->39276K(141312K), 0,0008699 secs]
181,355: [GC (Allocation Failure)  65900K->45084K(140288K), 0,0016733 secs]
181,387: [GC (Allocation Failure)  70684K->39244K(140800K), 0,0006587 secs]
181,413: [GC (Allocation Failure)  64844K->44060K(141312K), 0,0054666 secs]
181,455: [GC (Allocation Failure)  70684K->39244K(141312K), 0,0016788 secs]
181,484: [GC (Allocation Failure)  65868K->45092K(140288K), 0,0052374 secs]
181,526: [GC (Allocation Failure)  70692K->39220K(140800K), 0,0039224 secs]
181,556: [GC (Allocation Failure)  64820K->44012K(141312K), 0,0049944 secs]
181,597: [GC (Allocation Failure)  70636K->39196K(141312K), 0,0016987 secs]
181,623: [GC (Allocation Failure)  65820K->45012K(141312K), 0,0035419 secs]
181,661: [GC (Allocation Failure)  71636K->40228K(141312K), 0,0010496 secs]
181,686: [GC (Allocation Failure)  66852K->46036K(140288K), 0,0029864 secs]
181,721: [GC (Allocation Failure)  71636K->40196K(140800K), 0,0022023 secs]
181,746: [GC (Allocation Failure)  65796K->44980K(140288K), 0,0037799 secs]
181,785: [GC (Allocation Failure)  70580K->39108K(140800K), 0,0032370 secs]
181,813: [GC (Allocation Failure)  64708K->43924K(141312K), 0,0035278 secs]
181,853: [GC (Allocation Failure)  70548K->39108K(141312K), 0,0022448 secs]
181,881: [GC (Allocation Failure)  65732K->44916K(141312K), 0,0044578 secs]
181,918: [GC (Allocation Failure)  71540K->40132K(141312K), 0,0045490 secs]
181,948: [GC (Allocation Failure)  66756K->45908K(140288K), 0,0042977 secs]
181,985: [GC (Allocation Failure)  71508K->40068K(140800K), 0,0031337 secs]
182,013: [GC (Allocation Failure)  65668K->44892K(140288K), 0,0035502 secs]
182,049: [GC (Allocation Failure)  70492K->39020K(140800K), 0,0061259 secs]
182,083: [GC (Allocation Failure)  64620K->43836K(141312K), 0,0024827 secs]
182,120: [GC (Allocation Failure)  70460K->38988K(141312K), 0,0058935 secs]
182,149: [GC (Allocation Failure)  65612K->44836K(141312K), 0,0028567 secs]
182,185: [GC (Allocation Failure)  71460K->40052K(141312K), 0,0021517 secs]
182,209: [GC (Allocation Failure)  66676K->45860K(140288K), 0,0018978 secs]
182,244: [GC (Allocation Failure)  71460K->40020K(140800K), 0,0022220 secs]
182,268: [GC (Allocation Failure)  65620K->44804K(141312K), 0,0016151 secs]
182,303: [GC (Allocation Failure)  71428K->39988K(141312K), 0,0023880 secs]
182,327: [GC (Allocation Failure)  66612K->45796K(140288K), 0,0029772 secs]
182,363: [GC (Allocation Failure)  71396K->39956K(140800K), 0,0009455 secs]
182,386: [GC (Allocation Failure)  65556K->44740K(141312K), 0,0016547 secs]
182,421: [GC (Allocation Failure)  71364K->39932K(141312K), 0,0026246 secs]
182,446: [GC (Allocation Failure)  66556K->45772K(140288K), 0,0017810 secs]
182,481: [GC (Allocation Failure)  71372K->39932K(140800K), 0,0009277 secs]
182,504: [GC (Allocation Failure)  65532K->44684K(141312K), 0,0030061 secs]
182,540: [GC (Allocation Failure)  71308K->39868K(141312K), 0,0021939 secs]
182,564: [GC (Allocation Failure)  66492K->45676K(140288K), 0,0017948 secs]
182,599: [GC (Allocation Failure)  71276K->39900K(140800K), 0,0009814 secs]
182,622: [GC (Allocation Failure)  65500K->44652K(141312K), 0,0027393 secs]
182,658: [GC (Allocation Failure)  71276K->39836K(141312K), 0,0009036 secs]
182,681: [GC (Allocation Failure)  66460K->45676K(140288K), 0,0017665 secs]
182,716: [GC (Allocation Failure)  71276K->39836K(140800K), 0,0035319 secs]
182,742: [GC (Allocation Failure)  65436K->44556K(141312K), 0,0028614 secs]
182,778: [GC (Allocation Failure)  71180K->39588K(141312K), 0,0023698 secs]
182,802: [GC (Allocation Failure)  66212K->45428K(141312K), 0,0042883 secs]
182,841: [GC (Allocation Failure)  72052K->40612K(141312K), 0,0023802 secs]
182,864: [GC (Allocation Failure)  67236K->46388K(140288K), 0,0042227 secs]
182,899: [GC (Allocation Failure)  71988K->40548K(140800K), 0,0015286 secs]
182,923: [GC (Allocation Failure)  66148K->45332K(140288K), 0,0046721 secs]
182,965: [GC (Allocation Failure)  70932K->39428K(140800K), 0,0028169 secs]
182,996: [GC (Allocation Failure)  65028K->44220K(141312K), 0,0055939 secs]
183,035: [GC (Allocation Failure)  70844K->39404K(141312K), 0,0038131 secs]
183,064: [GC (Allocation Failure)  66028K->45212K(141312K), 0,0033823 secs]
183,102: [GC (Allocation Failure)  71836K->40428K(141312K), 0,0029219 secs]
183,130: [GC (Allocation Failure)  67052K->46236K(139776K), 0,0044235 secs]
183,167: [GC (Allocation Failure)  71836K->40412K(140800K), 0,0067417 secs]
183,197: [GC (Allocation Failure)  66012K->45228K(141312K), 0,0018910 secs]
183,231: [GC (Allocation Failure)  71852K->40380K(141312K), 0,0012019 secs]
183,259: [GC (Allocation Failure)  67004K->46228K(140288K), 0,0034043 secs]
183,296: [GC (Allocation Failure)  71828K->40420K(140800K), 0,0016828 secs]
183,322: [GC (Allocation Failure)  66020K->45140K(141312K), 0,0046888 secs]
183,359: [GC (Allocation Failure)  71764K->40324K(141312K), 0,0023632 secs]
183,385: [GC (Allocation Failure)  66948K->46172K(140288K), 0,0021991 secs]
183,420: [GC (Allocation Failure)  71772K->40340K(140800K), 0,0012954 secs]
183,445: [GC (Allocation Failure)  65940K->45124K(141312K), 0,0051185 secs]
183,482: [GC (Allocation Failure)  71748K->40308K(141312K), 0,0031621 secs]
183,508: [GC (Allocation Failure)  66932K->46180K(140288K), 0,0020770 secs]
183,542: [GC (Allocation Failure)  71780K->40308K(140800K), 0,0012263 secs]
183,565: [GC (Allocation Failure)  65908K->45060K(141312K), 0,0035184 secs]
183,602: [GC (Allocation Failure)  71684K->40276K(141312K), 0,0011281 secs]
183,626: [GC (Allocation Failure)  66900K->46092K(141312K), 0,0020296 secs]
183,660: [GC (Allocation Failure)  72716K->41308K(141312K), 0,0030064 secs]
183,686: [GC (Allocation Failure)  67932K->47148K(140288K), 0,0021005 secs]
183,720: [GC (Allocation Failure)  72748K->41308K(140800K), 0,0013633 secs]
183,745: [GC (Allocation Failure)  66908K->46028K(140288K), 0,0020695 secs]
183,779: [GC (Allocation Failure)  71628K->40188K(140800K), 0,0011965 secs]
183,802: [GC (Allocation Failure)  65788K->45004K(141312K), 0,0018116 secs]
183,837: [GC (Allocation Failure)  71628K->40204K(141312K), 0,0011748 secs]
183,861: [GC (Allocation Failure)  66828K->46020K(141312K), 0,0019846 secs]
183,895: [GC (Allocation Failure)  72644K->41236K(141312K), 0,0016309 secs]
183,920: [GC (Allocation Failure)  67860K->47044K(140288K), 0,0030762 secs]
183,956: [GC (Allocation Failure)  72644K->41204K(140800K), 0,0017992 secs]
183,981: [GC (Allocation Failure)  66804K->45988K(140288K), 0,0025421 secs]
184,016: [GC (Allocation Failure)  71588K->40156K(140800K), 0,0014856 secs]
184,041: [GC (Allocation Failure)  65756K->44908K(141312K), 0,0046609 secs]
184,078: [GC (Allocation Failure)  71532K->40124K(141312K), 0,0010963 secs]
184,101: [GC (Allocation Failure)  66748K->45940K(141312K), 0,0018807 secs]
184,136: [GC (Allocation Failure)  72564K->41156K(141312K), 0,0012336 secs]
184,160: [GC (Allocation Failure)  67780K->46932K(139776K), 0,0020094 secs]
184,194: [GC (Allocation Failure)  72532K->41124K(140800K), 0,0012285 secs]
184,217: [GC (Allocation Failure)  66724K->45876K(141312K), 0,0018410 secs]
184,252: [GC (Allocation Failure)  72500K->41092K(141312K), 0,0027874 secs]
184,277: [GC (Allocation Failure)  67716K->46900K(140288K), 0,0029799 secs]
184,312: [GC (Allocation Failure)  72500K->41028K(140800K), 0,0012880 secs]
184,335: [GC (Allocation Failure)  66628K->45812K(141312K), 0,0021021 secs]
184,374: [GC (Allocation Failure)  72436K->41028K(141312K), 0,0068434 secs]
184,405: [GC (Allocation Failure)  67652K->46836K(140288K), 0,0027363 secs]
184,440: [GC (Allocation Failure)  72436K->40996K(140800K), 0,0022120 secs]
184,464: [GC (Allocation Failure)  66596K->45812K(141312K), 0,0050844 secs]
184,506: [GC (Allocation Failure)  72436K->40964K(141312K), 0,0070434 secs]
184,541: [GC (Allocation Failure)  67588K->46804K(140288K), 0,0049175 secs]
184,583: [GC (Allocation Failure)  72404K->40964K(140800K), 0,0051286 secs]
184,613: [GC (Allocation Failure)  66564K->45756K(141312K), 0,0024504 secs]
184,648: [GC (Allocation Failure)  72380K->40972K(141312K), 0,0016255 secs]
184,675: [GC (Allocation Failure)  67596K->46780K(141312K), 0,0029242 secs]
184,712: [GC (Allocation Failure)  73404K->41964K(141312K), 0,0019413 secs]
184,739: [GC (Allocation Failure)  68588K->47748K(140288K), 0,0045069 secs]
184,778: [GC (Allocation Failure)  73348K->41908K(140800K), 0,0033318 secs]
184,806: [GC (Allocation Failure)  67508K->46692K(140288K), 0,0035775 secs]
184,844: [GC (Allocation Failure)  72292K->40884K(140800K), 0,0015689 secs]
184,871: [GC (Allocation Failure)  66484K->45676K(141312K), 0,0026335 secs]
184,909: [GC (Allocation Failure)  72300K->40828K(141312K), 0,0059061 secs]
184,940: [GC (Allocation Failure)  67452K->46668K(141312K), 0,0053814 secs]
184,980: [GC (Allocation Failure)  73292K->41884K(141312K), 0,0017660 secs]
185,007: [GC (Allocation Failure)  68508K->47692K(140288K), 0,0042683 secs]
185,044: [GC (Allocation Failure)  73292K->41852K(140800K), 0,0013538 secs]
185,072: [GC (Allocation Failure)  67452K->46612K(140288K), 0,0057252 secs]
185,110: [GC (Allocation Failure)  72212K->40772K(140800K), 0,0027972 secs]
185,135: [GC (Allocation Failure)  66372K->45588K(141312K), 0,0019220 secs]
185,170: [GC (Allocation Failure)  72212K->40740K(141312K), 0,0027310 secs]
185,195: [GC (Allocation Failure)  67364K->46580K(141312K), 0,0036981 secs]
185,232: [GC (Allocation Failure)  73204K->41796K(141312K), 0,0051010 secs]
185,260: [GC (Allocation Failure)  68420K->47572K(140288K), 0,0021955 secs]
185,294: [GC (Allocation Failure)  73172K->41764K(140800K), 0,0034119 secs]
185,321: [GC (Allocation Failure)  67364K->46548K(141312K), 0,0018763 secs]
185,355: [GC (Allocation Failure)  73172K->41700K(141312K), 0,0012531 secs]
185,380: [GC (Allocation Failure)  68324K->47572K(140288K), 0,0020604 secs]
185,414: [GC (Allocation Failure)  73172K->41732K(140800K), 0,0012801 secs]
185,438: [GC (Allocation Failure)  67332K->46516K(141312K), 0,0020245 secs]
185,473: [GC (Allocation Failure)  73140K->41700K(141312K), 0,0012934 secs]
185,497: [GC (Allocation Failure)  68324K->47508K(140288K), 0,0022117 secs]
185,532: [GC (Allocation Failure)  73108K->41644K(140800K), 0,0013027 secs]
185,558: [GC (Allocation Failure)  67244K->46428K(141312K), 0,0043353 secs]
185,600: [GC (Allocation Failure)  73052K->41644K(141312K), 0,0069693 secs]
185,632: [GC (Allocation Failure)  68268K->47460K(140288K), 0,0021126 secs]
185,666: [GC (Allocation Failure)  73060K->41652K(140800K), 0,0029004 secs]
185,691: [GC (Allocation Failure)  67252K->46404K(141312K), 0,0037840 secs]
185,728: [GC (Allocation Failure)  73028K->41588K(141312K), 0,0021694 secs]
185,752: [GC (Allocation Failure)  68212K->47396K(140288K), 0,0031259 secs]
185,788: [GC (Allocation Failure)  72996K->41588K(140800K), 0,0010853 secs]
185,811: [GC (Allocation Failure)  67188K->46340K(141312K), 0,0017854 secs]
185,846: [GC (Allocation Failure)  72964K->41556K(141312K), 0,0008999 secs]
185,869: [GC (Allocation Failure)  68180K->47332K(141312K), 0,0037349 secs]
185,906: [GC (Allocation Failure)  73956K->42548K(141312K), 0,0036683 secs]
185,932: [GC (Allocation Failure)  69172K->48356K(140288K), 0,0034040 secs]
185,968: [GC (Allocation Failure)  73956K->42548K(140800K), 0,0066708 secs]
185,997: [GC (Allocation Failure)  68148K->47332K(140288K), 0,0014810 secs]
186,031: [GC (Allocation Failure)  72932K->41468K(140800K), 0,0007796 secs]
186,058: [GC (Allocation Failure)  67068K->46284K(141312K), 0,0037940 secs]
186,094: [GC (Allocation Failure)  72908K->41436K(141312K), 0,0072905 secs]
186,126: [GC (Allocation Failure)  68060K->47276K(141312K), 0,0035228 secs]
186,164: [GC (Allocation Failure)  73900K->42460K(141312K), 0,0017513 secs]
186,190: [GC (Allocation Failure)  69084K->48268K(140288K), 0,0034318 secs]
186,226: [GC (Allocation Failure)  73868K->42460K(140800K), 0,0017937 secs]
186,251: [GC (Allocation Failure)  68060K->47244K(140288K), 0,0022234 secs]
186,284: [GC (Allocation Failure)  72844K->41372K(140800K), 0,0011930 secs]
186,306: [GC (Allocation Failure)  66972K->46124K(141312K), 0,0012997 secs]
186,340: [GC (Allocation Failure)  72748K->41348K(141312K), 0,0013919 secs]
186,363: [GC (Allocation Failure)  67972K->47220K(141312K), 0,0014893 secs]
186,397: [GC (Allocation Failure)  73844K->42372K(141312K), 0,0017270 secs]
186,421: [GC (Allocation Failure)  68996K->48180K(140288K), 0,0015530 secs]
186,455: [GC (Allocation Failure)  73780K->42372K(140800K), 0,0009830 secs]
186,478: [GC (Allocation Failure)  67972K->47124K(141312K), 0,0015265 secs]
186,512: [GC (Allocation Failure)  73748K->42340K(141312K), 0,0010532 secs]
186,535: [GC (Allocation Failure)  68964K->48116K(140288K), 0,0017272 secs]
186,571: [GC (Allocation Failure)  73716K->42308K(140800K), 0,0031454 secs]
186,603: [GC (Allocation Failure)  67908K->47092K(141312K), 0,0045171 secs]
186,645: [GC (Allocation Failure)  73716K->42308K(141312K), 0,0030479 secs]
186,676: [GC (Allocation Failure)  68932K->48124K(140288K), 0,0046529 secs]
186,713: [GC (Allocation Failure)  73724K->42260K(140800K), 0,0057046 secs]
186,741: [GC (Allocation Failure)  67860K->47020K(141312K), 0,0025509 secs]
186,776: [GC (Allocation Failure)  73644K->42076K(141312K), 0,0039304 secs]
186,802: [GC (Allocation Failure)  68700K->47884K(140288K), 0,0067497 secs]
186,840: [GC (Allocation Failure)  73484K->42012K(140800K), 0,0009600 secs]
186,863: [GC (Allocation Failure)  67612K->46796K(141312K), 0,0019547 secs]
186,898: [GC (Allocation Failure)  73420K->41948K(141312K), 0,0013978 secs]
186,921: [GC (Allocation Failure)  68572K->47756K(141312K), 0,0014161 secs]
186,954: [GC (Allocation Failure)  74380K->43004K(141312K), 0,0032596 secs]
186,979: [GC (Allocation Failure)  69628K->48820K(140288K), 0,0015650 secs]
187,013: [GC (Allocation Failure)  74420K->42980K(140800K), 0,0034001 secs]
187,037: [GC (Allocation Failure)  68580K->47764K(140288K), 0,0024032 secs]
187,071: [GC (Allocation Failure)  73364K->41940K(140800K), 0,0007274 secs]
187,093: [GC (Allocation Failure)  67540K->46700K(141312K), 0,0015726 secs]
187,126: [GC (Allocation Failure)  73324K->41924K(141312K), 0,0007263 secs]
187,148: [GC (Allocation Failure)  68548K->47772K(141312K), 0,0014147 secs]
187,182: [GC (Allocation Failure)  74396K->42924K(141312K), 0,0015915 secs]
187,205: [GC (Allocation Failure)  69548K->48732K(140288K), 0,0016018 secs]
187,238: [GC (Allocation Failure)  74332K->42924K(140800K), 0,0010994 secs]
187,261: [GC (Allocation Failure)  68524K->47676K(141312K), 0,0022525 secs]
187,295: [GC (Allocation Failure)  74300K->42908K(141312K), 0,0007763 secs]
187,316: [GC (Allocation Failure)  69532K->48716K(140288K), 0,0031216 secs]
187,356: [GC (Allocation Failure)  74316K->42940K(140800K), 0,0029659 secs]
187,388: [GC (Allocation Failure)  68540K->47660K(141312K), 0,0037527 secs]
187,426: [GC (Allocation Failure)  74284K->42844K(141312K), 0,0039049 secs]
187,455: [GC (Allocation Failure)  69468K->48684K(140288K), 0,0055476 secs]
187,493: [GC (Allocation Failure)  74284K->42844K(140800K), 0,0028732 secs]
187,518: [GC (Allocation Failure)  68444K->47596K(141312K), 0,0035389 secs]
187,555: [GC (Allocation Failure)  74220K->42844K(141312K), 0,0012972 secs]
187,580: [GC (Allocation Failure)  69468K->48620K(140288K), 0,0020678 secs]
187,614: [GC (Allocation Failure)  74220K->42812K(140800K), 0,0034732 secs]
187,640: [GC (Allocation Failure)  68412K->47564K(141312K), 0,0020399 secs]
187,675: [GC (Allocation Failure)  74188K->42788K(141312K), 0,0012529 secs]
187,700: [GC (Allocation Failure)  69412K->48596K(140288K), 0,0020438 secs]
187,734: [GC (Allocation Failure)  74196K->42756K(140800K), 0,0076154 secs]
187,764: [GC (Allocation Failure)  68356K->47540K(141312K), 0,0015934 secs]
187,799: [GC (Allocation Failure)  74164K->42724K(141312K), 0,0021815 secs]
187,823: [GC (Allocation Failure)  69348K->48540K(141312K), 0,0032023 secs]
187,859: [GC (Allocation Failure)  75164K->43724K(141312K), 0,0022705 secs]
187,884: [GC (Allocation Failure)  70348K->49564K(140288K), 0,0017916 secs]
187,918: [GC (Allocation Failure)  75164K->43724K(140800K), 0,0010323 secs]
187,941: [GC (Allocation Failure)  69324K->48476K(140288K), 0,0017697 secs]
187,976: [GC (Allocation Failure)  74076K->42636K(140800K), 0,0022039 secs]
188,002: [GC (Allocation Failure)  68236K->47452K(141312K), 0,0042044 secs]
188,044: [GC (Allocation Failure)  73564K->42100K(140800K), 0,0068255 secs]
188,080: [GC (Allocation Failure)  68212K->47428K(141312K), 0,0044714 secs]
188,122: [GC (Allocation Failure)  74052K->42644K(141312K), 0,0027671 secs]
188,150: [GC (Allocation Failure)  69268K->48452K(141312K), 0,0027153 secs]
188,186: [GC (Allocation Failure)  75076K->43604K(141312K), 0,0069095 secs]
188,215: [GC (Allocation Failure)  70228K->49452K(139776K), 0,0017671 secs]
188,249: [GC (Allocation Failure)  75052K->43580K(140800K), 0,0009572 secs]
188,272: [GC (Allocation Failure)  69180K->48396K(140288K), 0,0017077 secs]
188,307: [GC (Allocation Failure)  73996K->42556K(140800K), 0,0008566 secs]
188,330: [GC (Allocation Failure)  68156K->47308K(141312K), 0,0014287 secs]
188,364: [GC (Allocation Failure)  73932K->42492K(141312K), 0,0011363 secs]
188,387: [GC (Allocation Failure)  69116K->48332K(141312K), 0,0015898 secs]
188,421: [GC (Allocation Failure)  74956K->43548K(141312K), 0,0010311 secs]
188,444: [GC (Allocation Failure)  70172K->49356K(139776K), 0,0018279 secs]
188,479: [GC (Allocation Failure)  74956K->43524K(140800K), 0,0022465 secs]
188,503: [GC (Allocation Failure)  69124K->48276K(141312K), 0,0026820 secs]
188,539: [GC (Allocation Failure)  74900K->43492K(141312K), 0,0009994 secs]
188,562: [GC (Allocation Failure)  70116K->49300K(140288K), 0,0030872 secs]
188,598: [GC (Allocation Failure)  74900K->43492K(140800K), 0,0010168 secs]
188,621: [GC (Allocation Failure)  69092K->48252K(141312K), 0,0030106 secs]
188,657: [GC (Allocation Failure)  74876K->43436K(141312K), 0,0010151 secs]
188,680: [GC (Allocation Failure)  70060K->49252K(140288K), 0,0028139 secs]
188,716: [GC (Allocation Failure)  74852K->43452K(140800K), 0,0009266 secs]
188,739: [GC (Allocation Failure)  69052K->48244K(141312K), 0,0016129 secs]
188,774: [GC (Allocation Failure)  74868K->43428K(141312K), 0,0024063 secs]
188,798: [GC (Allocation Failure)  70052K->49236K(140288K), 0,0016469 secs]
188,833: [GC (Allocation Failure)  74836K->43396K(140800K), 0,0020411 secs]
188,857: [GC (Allocation Failure)  68996K->48156K(141312K), 0,0015630 secs]
188,892: [GC (Allocation Failure)  74780K->43380K(141312K), 0,0025399 secs]
188,917: [GC (Allocation Failure)  70004K->49188K(141312K), 0,0020719 secs]
188,952: [GC (Allocation Failure)  75812K->44412K(141312K), 0,0012450 secs]
188,976: [GC (Allocation Failure)  71036K->50220K(140288K), 0,0020153 secs]
189,010: [GC (Allocation Failure)  75820K->44380K(140800K), 0,0011597 secs]
189,033: [GC (Allocation Failure)  69980K->49164K(140288K), 0,0019988 secs]
189,068: [GC (Allocation Failure)  74764K->43364K(140800K), 0,0010792 secs]
189,091: [GC (Allocation Failure)  68964K->48084K(141312K), 0,0030242 secs]
189,131: [GC (Allocation Failure)  74708K->43300K(141312K), 0,0027868 secs]
189,159: [GC (Allocation Failure)  69924K->49108K(141312K), 0,0041964 secs]
189,196: [GC (Allocation Failure)  75732K->44292K(141312K), 0,0015415 secs]
189,221: [GC (Allocation Failure)  70916K->50100K(140288K), 0,0038356 secs]
189,257: [GC (Allocation Failure)  75700K->44292K(140800K), 0,0013369 secs]
189,281: [GC (Allocation Failure)  69892K->49076K(140288K), 0,0019990 secs]
189,316: [GC (Allocation Failure)  74676K->43236K(140800K), 0,0027284 secs]
189,345: [GC (Allocation Failure)  68836K->48020K(141312K), 0,0054286 secs]
189,383: [GC (Allocation Failure)  74644K->43204K(141312K), 0,0022445 secs]
189,407: [GC (Allocation Failure)  69828K->49044K(141312K), 0,0016253 secs]
189,442: [GC (Allocation Failure)  75668K->44228K(141312K), 0,0022608 secs]
189,466: [GC (Allocation Failure)  70852K->50036K(140288K), 0,0055665 secs]
189,504: [GC (Allocation Failure)  75636K->44164K(140800K), 0,0021647 secs]
189,528: [GC (Allocation Failure)  69764K->48948K(141312K), 0,0016808 secs]
189,563: [GC (Allocation Failure)  75572K->44212K(141312K), 0,0029973 secs]
189,594: [GC (Allocation Failure)  70836K->49988K(140288K), 0,0033489 secs]
189,631: [GC (Allocation Failure)  75588K->44148K(140800K), 0,0041445 secs]
189,660: [GC (Allocation Failure)  69748K->48932K(141312K), 0,0026974 secs]
189,698: [GC (Allocation Failure)  75556K->44148K(141312K), 0,0041015 secs]
189,727: [GC (Allocation Failure)  70772K->49924K(140288K), 0,0051369 secs]
189,765: [GC (Allocation Failure)  75524K->44148K(140800K), 0,0012727 secs]
189,789: [GC (Allocation Failure)  69748K->48868K(141312K), 0,0036790 secs]
189,826: [GC (Allocation Failure)  75492K->44084K(141312K), 0,0012692 secs]
189,851: [GC (Allocation Failure)  70708K->49892K(140288K), 0,0034377 secs]
189,887: [GC (Allocation Failure)  75492K->44084K(140800K), 0,0013472 secs]
189,911: [GC (Allocation Failure)  69684K->48844K(141312K), 0,0034868 secs]
189,948: [GC (Allocation Failure)  75468K->44060K(141312K), 0,0012051 secs]
189,972: [GC (Allocation Failure)  70684K->49868K(140288K), 0,0023508 secs]
190,011: [GC (Allocation Failure)  75468K->44028K(140800K), 0,0029946 secs]
190,040: [GC (Allocation Failure)  69628K->48780K(141312K), 0,0037202 secs]
190,076: [GC (Allocation Failure)  75404K->43996K(141312K), 0,0032367 secs]
190,105: [GC (Allocation Failure)  70620K->49804K(141312K), 0,0045660 secs]
190,142: [GC (Allocation Failure)  76428K->44988K(141312K), 0,0077037 secs]
190,172: [GC (Allocation Failure)  71612K->50828K(140288K), 0,0030387 secs]
190,208: [GC (Allocation Failure)  76428K->44988K(140800K), 0,0053280 secs]
190,235: [GC (Allocation Failure)  70588K->49740K(140288K), 0,0029556 secs]
190,271: [GC (Allocation Failure)  75340K->43900K(140800K), 0,0009652 secs]
190,294: [GC (Allocation Failure)  69500K->48684K(141312K), 0,0014951 secs]
190,329: [GC (Allocation Failure)  75308K->43908K(141312K), 0,0008912 secs]
190,352: [GC (Allocation Failure)  70532K->49716K(141312K), 0,0036733 secs]
190,389: [GC (Allocation Failure)  76340K->44900K(141312K), 0,0010957 secs]
190,412: [GC (Allocation Failure)  71524K->50716K(140288K), 0,0066974 secs]
190,452: [GC (Allocation Failure)  76316K->44908K(140800K), 0,0046799 secs]
190,478: [GC (Allocation Failure)  70508K->49692K(140288K), 0,0016364 secs]
190,510: [GC (Allocation Failure)  75292K->43796K(140800K), 0,0030914 secs]
190,539: [GC (Allocation Failure)  69396K->48660K(141312K), 0,0044351 secs]
190,581: [GC (Allocation Failure)  75284K->43860K(141312K), 0,0017425 secs]
190,610: [GC (Allocation Failure)  70484K->49700K(141312K), 0,0044817 secs]
190,649: [GC (Allocation Failure)  76324K->44852K(141312K), 0,0016869 secs]
190,675: [GC (Allocation Failure)  71476K->50660K(140288K), 0,0050645 secs]
190,713: [GC (Allocation Failure)  76260K->44820K(140800K), 0,0013079 secs]
190,738: [GC (Allocation Failure)  70420K->49604K(141312K), 0,0019098 secs]
190,772: [GC (Allocation Failure)  76228K->44628K(141312K), 0,0033117 secs]
190,798: [GC (Allocation Failure)  71252K->50404K(140288K), 0,0063394 secs]
190,837: [GC (Allocation Failure)  76004K->44596K(140800K), 0,0016172 secs]
190,859: [GC (Allocation Failure)  70196K->49388K(141312K), 0,0014965 secs]
190,892: [GC (Allocation Failure)  76012K->44540K(141312K), 0,0009460 secs]
190,914: [GC (Allocation Failure)  71164K->50380K(140288K), 0,0014908 secs]
190,948: [GC (Allocation Failure)  75980K->44540K(140800K), 0,0017475 secs]
190,972: [GC (Allocation Failure)  70140K->49356K(141312K), 0,0023598 secs]
191,007: [GC (Allocation Failure)  75980K->44540K(141312K), 0,0008193 secs]
191,030: [GC (Allocation Failure)  71164K->50388K(141312K), 0,0016460 secs]
191,063: [GC (Allocation Failure)  77012K->45540K(141312K), 0,0031213 secs]
191,093: [GC (Allocation Failure)  72164K->51388K(140288K), 0,0051964 secs]
191,136: [GC (Allocation Failure)  76988K->45556K(140800K), 0,0061310 secs]
191,165: [GC (Allocation Failure)  71156K->50308K(140288K), 0,0078026 secs]
191,205: [GC (Allocation Failure)  75908K->44468K(140800K), 0,0053168 secs]
191,232: [GC (Allocation Failure)  70068K->49284K(141312K), 0,0014135 secs]
191,265: [GC (Allocation Failure)  75908K->44436K(141312K), 0,0015406 secs]
191,288: [GC (Allocation Failure)  71060K->50308K(141312K), 0,0013988 secs]
191,322: [GC (Allocation Failure)  76932K->45460K(141312K), 0,0032797 secs]
191,347: [GC (Allocation Failure)  72084K->51300K(140288K), 0,0040093 secs]
191,384: [GC (Allocation Failure)  76900K->45428K(140800K), 0,0008592 secs]
191,407: [GC (Allocation Failure)  71028K->50220K(140288K), 0,0013795 secs]
191,442: [GC (Allocation Failure)  75820K->44380K(140800K), 0,0044068 secs]
191,473: [GC (Allocation Failure)  69980K->49196K(141312K), 0,0055875 secs]
191,511: [GC (Allocation Failure)  75820K->44380K(141312K), 0,0010402 secs]
191,534: [GC (Allocation Failure)  71004K->50188K(141312K), 0,0016456 secs]
191,571: [GC (Allocation Failure)  76812K->45380K(141312K), 0,0032120 secs]
191,602: [GC (Allocation Failure)  72004K->51220K(140288K), 0,0040870 secs]
191,640: [GC (Allocation Failure)  76820K->45388K(140800K), 0,0017612 secs]
191,667: [GC (Allocation Failure)  70988K->50180K(141312K), 0,0026385 secs]
191,705: [GC (Allocation Failure)  76804K->45364K(141312K), 0,0040401 secs]
191,734: [GC (Allocation Failure)  71988K->51212K(140288K), 0,0029683 secs]
191,772: [GC (Allocation Failure)  76812K->45340K(140800K), 0,0085795 secs]
191,804: [GC (Allocation Failure)  70940K->50124K(141312K), 0,0026646 secs]
191,839: [GC (Allocation Failure)  76748K->45308K(141312K), 0,0023460 secs]
191,865: [GC (Allocation Failure)  71932K->51116K(140288K), 0,0049014 secs]
191,902: [GC (Allocation Failure)  76716K->45308K(140800K), 0,0028364 secs]
191,927: [GC (Allocation Failure)  70908K->50028K(141312K), 0,0035317 secs]
191,964: [GC (Allocation Failure)  76652K->45244K(141312K), 0,0012217 secs]
191,988: [GC (Allocation Failure)  71868K->51084K(140288K), 0,0022604 secs]
192,023: [GC (Allocation Failure)  76684K->45212K(140800K), 0,0028979 secs]
192,049: [GC (Allocation Failure)  70812K->49996K(141312K), 0,0077080 secs]
192,091: [GC (Allocation Failure)  76620K->45212K(141312K), 0,0042337 secs]
192,120: [GC (Allocation Failure)  71836K->51028K(140288K), 0,0027664 secs]
192,157: [GC (Allocation Failure)  76628K->45228K(140800K), 0,0017192 secs]
192,183: [GC (Allocation Failure)  70828K->50012K(141312K), 0,0025858 secs]
192,220: [GC (Allocation Failure)  76636K->45164K(141312K), 0,0017235 secs]
192,247: [GC (Allocation Failure)  71788K->50980K(141312K), 0,0027050 secs]
192,282: [GC (Allocation Failure)  77604K->46196K(141312K), 0,0031003 secs]
192,307: [GC (Allocation Failure)  72820K->52012K(140288K), 0,0017373 secs]
192,341: [GC (Allocation Failure)  77612K->46204K(140800K), 0,0009377 secs]
192,365: [GC (Allocation Failure)  71804K->50988K(140288K), 0,0062019 secs]
192,404: [GC (Allocation Failure)  76588K->45116K(140800K), 0,0018712 secs]
192,428: [GC (Allocation Failure)  70716K->49900K(141312K), 0,0021716 secs]
192,463: [GC (Allocation Failure)  76524K->45092K(141312K), 0,0024802 secs]
192,487: [GC (Allocation Failure)  71716K->50900K(141312K), 0,0019271 secs]
192,522: [GC (Allocation Failure)  77524K->46116K(141312K), 0,0019000 secs]
192,546: [GC (Allocation Failure)  72740K->51956K(140288K), 0,0026309 secs]
192,583: [GC (Allocation Failure)  77556K->46092K(140800K), 0,0031281 secs]
192,615: [GC (Allocation Failure)  71692K->50908K(140288K), 0,0047117 secs]
192,657: [GC (Allocation Failure)  76508K->45036K(140800K), 0,0059445 secs]
192,690: [GC (Allocation Failure)  70636K->49828K(141312K), 0,0044862 secs]
192,729: [GC (Allocation Failure)  76452K->45012K(141312K), 0,0015901 secs]
192,756: [GC (Allocation Failure)  71636K->50852K(141312K), 0,0027001 secs]
192,794: [GC (Allocation Failure)  77476K->46036K(141312K), 0,0017517 secs]
192,820: [GC (Allocation Failure)  72660K->51876K(139776K), 0,0028451 secs]
192,858: [GC (Allocation Failure)  77476K->46004K(140800K), 0,0017486 secs]
192,884: [GC (Allocation Failure)  71604K->50796K(141312K), 0,0049711 secs]
192,922: [GC (Allocation Failure)  77420K->46020K(141312K), 0,0012048 secs]
192,947: [GC (Allocation Failure)  72644K->51836K(140288K), 0,0026734 secs]
192,982: [GC (Allocation Failure)  77436K->45996K(140800K), 0,0012917 secs]
193,007: [GC (Allocation Failure)  71596K->50780K(141312K), 0,0024222 secs]
193,042: [GC (Allocation Failure)  77404K->45996K(141312K), 0,0015804 secs]
193,067: [GC (Allocation Failure)  72620K->51772K(140288K), 0,0025303 secs]
193,102: [GC (Allocation Failure)  77372K->45900K(140800K), 0,0008944 secs]
193,124: [GC (Allocation Failure)  71500K->50684K(141312K), 0,0020192 secs]
193,159: [GC (Allocation Failure)  77308K->45900K(141312K), 0,0015378 secs]
193,181: [GC (Allocation Failure)  72524K->51716K(140288K), 0,0014683 secs]
193,214: [GC (Allocation Failure)  77316K->45876K(140800K), 0,0021600 secs]
193,238: [GC (Allocation Failure)  71476K->50692K(141312K), 0,0014281 secs]
193,271: [GC (Allocation Failure)  77316K->45884K(141312K), 0,0014921 secs]
193,294: [GC (Allocation Failure)  72508K->51668K(141312K), 0,0026807 secs]
193,329: [GC (Allocation Failure)  78292K->46892K(141312K), 0,0018341 secs]
193,356: [GC (Allocation Failure)  73516K->52732K(140288K), 0,0052532 secs]
193,400: [GC (Allocation Failure)  78332K->46860K(140800K), 0,0065521 secs]
193,430: [GC (Allocation Failure)  72460K->51644K(140288K), 0,0017908 secs]
193,468: [GC (Allocation Failure)  77244K->45804K(140800K), 0,0025468 secs]
193,496: [GC (Allocation Failure)  71404K->50588K(141312K), 0,0057591 secs]
193,534: [GC (Allocation Failure)  77212K->45772K(141312K), 0,0011278 secs]
193,558: [GC (Allocation Failure)  72396K->51612K(141312K), 0,0019982 secs]
193,592: [GC (Allocation Failure)  78236K->46796K(141312K), 0,0012926 secs]
193,616: [GC (Allocation Failure)  73420K->52612K(140288K), 0,0022989 secs]
193,651: [GC (Allocation Failure)  78212K->46772K(140800K), 0,0013371 secs]
193,676: [GC (Allocation Failure)  72372K->51564K(140288K), 0,0024864 secs]
193,711: [GC (Allocation Failure)  77164K->45724K(140800K), 0,0055232 secs]
193,740: [GC (Allocation Failure)  71324K->50508K(141312K), 0,0048045 secs]
193,777: [GC (Allocation Failure)  77132K->45732K(141312K), 0,0014257 secs]
193,802: [GC (Allocation Failure)  72356K->51508K(141312K), 0,0042652 secs]
193,839: [GC (Allocation Failure)  78132K->46692K(141312K), 0,0023014 secs]
193,865: [GC (Allocation Failure)  73316K->52540K(140288K), 0,0019359 secs]
193,899: [GC (Allocation Failure)  78140K->46732K(140800K), 0,0012388 secs]
193,922: [GC (Allocation Failure)  72332K->51484K(141312K), 0,0031423 secs]
193,958: [GC (Allocation Failure)  78108K->46668K(141312K), 0,0026319 secs]
193,984: [GC (Allocation Failure)  73292K->52548K(140288K), 0,0020890 secs]
194,018: [GC (Allocation Failure)  78148K->46644K(140800K), 0,0026483 secs]
194,043: [GC (Allocation Failure)  72244K->51428K(141312K), 0,0028405 secs]
194,079: [GC (Allocation Failure)  78052K->46644K(141312K), 0,0021375 secs]
194,103: [GC (Allocation Failure)  73268K->52452K(140288K), 0,0031048 secs]
194,139: [GC (Allocation Failure)  78052K->46644K(140800K), 0,0009884 secs]
194,162: [GC (Allocation Failure)  72244K->51396K(141312K), 0,0026604 secs]
194,198: [GC (Allocation Failure)  78020K->46580K(141312K), 0,0009482 secs]
194,221: [GC (Allocation Failure)  73204K->52452K(140288K), 0,0017226 secs]
194,256: [GC (Allocation Failure)  78052K->46580K(140800K), 0,0010245 secs]
194,279: [GC (Allocation Failure)  72180K->51332K(141312K), 0,0029812 secs]
194,315: [GC (Allocation Failure)  77956K->46580K(141312K), 0,0008834 secs]
194,338: [GC (Allocation Failure)  73204K->52356K(140288K), 0,0072860 secs]
194,381: [GC (Allocation Failure)  77956K->46524K(140800K), 0,0020925 secs]
194,406: [GC (Allocation Failure)  72124K->51276K(141312K), 0,0030670 secs]
194,442: [GC (Allocation Failure)  77900K->46492K(141312K), 0,0012433 secs]
194,467: [GC (Allocation Failure)  73116K->52332K(141312K), 0,0021950 secs]
194,501: [GC (Allocation Failure)  78956K->47516K(141312K), 0,0047490 secs]
194,529: [GC (Allocation Failure)  74140K->53356K(140288K), 0,0021973 secs]
194,564: [GC (Allocation Failure)  78956K->47484K(140800K), 0,0047219 secs]
194,592: [GC (Allocation Failure)  73084K->52236K(140288K), 0,0037813 secs]
194,628: [GC (Allocation Failure)  77836K->46428K(140800K), 0,0013088 secs]
194,652: [GC (Allocation Failure)  72028K->51180K(141312K), 0,0049475 secs]
194,690: [GC (Allocation Failure)  77804K->46428K(141312K), 0,0011030 secs]
194,714: [GC (Allocation Failure)  73052K->52236K(141312K), 0,0023652 secs]
194,749: [GC (Allocation Failure)  78860K->47420K(141312K), 0,0037031 secs]
194,777: [GC (Allocation Failure)  74044K->53164K(140288K), 0,0144986 secs]
194,826: [GC (Allocation Failure)  78764K->47260K(140800K), 0,0007589 secs]
194,847: [GC (Allocation Failure)  72860K->52012K(140288K), 0,0021227 secs]
194,881: [GC (Allocation Failure)  77612K->46140K(140800K), 0,0045265 secs]
194,908: [GC (Allocation Failure)  71740K->50892K(141312K), 0,0043767 secs]
194,950: [GC (Allocation Failure)  77516K->46076K(141312K), 0,0038464 secs]
194,977: [GC (Allocation Failure)  72700K->51884K(141312K), 0,0026802 secs]
195,012: [GC (Allocation Failure)  78508K->47148K(141312K), 0,0012395 secs]
195,037: [GC (Allocation Failure)  73772K->52892K(140800K), 0,0051492 secs]
195,077: [GC (Allocation Failure)  79516K->48140K(141312K), 0,0040313 secs]
195,105: [GC (Allocation Failure)  74764K->53948K(139776K), 0,0028775 secs]
195,143: [GC (Allocation Failure)  79548K->48076K(140800K), 0,0022261 secs]
195,169: [GC (Allocation Failure)  73676K->52892K(140288K), 0,0027491 secs]
195,207: [GC (Allocation Failure)  78492K->47052K(140800K), 0,0063218 secs]
195,236: [GC (Allocation Failure)  72652K->51804K(141312K), 0,0033621 secs]
195,273: [GC (Allocation Failure)  77916K->46476K(140800K), 0,0035299 secs]
195,299: [GC (Allocation Failure)  72588K->51804K(141312K), 0,0016008 secs]
195,333: [GC (Allocation Failure)  78428K->46956K(141312K), 0,0044765 secs]
195,359: [GC (Allocation Failure)  73580K->52796K(141312K), 0,0031692 secs]
195,395: [GC (Allocation Failure)  79420K->48012K(141312K), 0,0010968 secs]
195,418: [GC (Allocation Failure)  74636K->53860K(140288K), 0,0018808 secs]
195,453: [GC (Allocation Failure)  79460K->48020K(140800K), 0,0010432 secs]
195,476: [GC (Allocation Failure)  73620K->52740K(140288K), 0,0047522 secs]
195,518: [GC (Allocation Failure)  78340K->46940K(140800K), 0,0041836 secs]
195,551: [GC (Allocation Failure)  72540K->51732K(141312K), 0,0042824 secs]
195,593: [GC (Allocation Failure)  77844K->46404K(140800K), 0,0065061 secs]
195,625: [GC (Allocation Failure)  72516K->51668K(141312K), 0,0064935 secs]
195,664: [GC (Allocation Failure)  78292K->46860K(141312K), 0,0012317 secs]
195,688: [GC (Allocation Failure)  73484K->52732K(140800K), 0,0020996 secs]
195,722: [GC (Allocation Failure)  79356K->47916K(141312K), 0,0012548 secs]
195,747: [GC (Allocation Failure)  74540K->53724K(139776K), 0,0023215 secs]
195,781: [GC (Allocation Failure)  79324K->47852K(140800K), 0,0030751 secs]
195,806: [GC (Allocation Failure)  73452K->52668K(141312K), 0,0036108 secs]
195,843: [GC (Allocation Failure)  79292K->47884K(141312K), 0,0013115 secs]
195,868: [GC (Allocation Failure)  74508K->53692K(140288K), 0,0022764 secs]
195,903: [GC (Allocation Failure)  79292K->47852K(140800K), 0,0012549 secs]
195,927: [GC (Allocation Failure)  73452K->52636K(140288K), 0,0039745 secs]
195,964: [GC (Allocation Failure)  78236K->46804K(140800K), 0,0027934 secs]
195,989: [GC (Allocation Failure)  72404K->51556K(141312K), 0,0040931 secs]
196,026: [GC (Allocation Failure)  78180K->46740K(141312K), 0,0036401 secs]
196,052: [GC (Allocation Failure)  73364K->52580K(141312K), 0,0018886 secs]
196,087: [GC (Allocation Failure)  79204K->47764K(141312K), 0,0029042 secs]
196,113: [GC (Allocation Failure)  74388K->53604K(139776K), 0,0020153 secs]
196,147: [GC (Allocation Failure)  79204K->47732K(140800K), 0,0028231 secs]
196,172: [GC (Allocation Failure)  73332K->52516K(141312K), 0,0035927 secs]
196,209: [GC (Allocation Failure)  79140K->47732K(141312K), 0,0011931 secs]
196,233: [GC (Allocation Failure)  74356K->53508K(140288K), 0,0038374 secs]
196,269: [GC (Allocation Failure)  79108K->47700K(140800K), 0,0027418 secs]
196,294: [GC (Allocation Failure)  73300K->52484K(141312K), 0,0020620 secs]
196,329: [GC (Allocation Failure)  79108K->47700K(141312K), 0,0030059 secs]
196,355: [GC (Allocation Failure)  74324K->53476K(141312K), 0,0037971 secs]
196,391: [GC (Allocation Failure)  80100K->48660K(141312K), 0,0030785 secs]
196,417: [GC (Allocation Failure)  75284K->54508K(140288K), 0,0039841 secs]
196,453: [GC (Allocation Failure)  80108K->48668K(140800K), 0,0024238 secs]
196,479: [GC (Allocation Failure)  74268K->53452K(140288K), 0,0027418 secs]
196,514: [GC (Allocation Failure)  79052K->47580K(140800K), 0,0027682 secs]
196,539: [GC (Allocation Failure)  73180K->52332K(141312K), 0,0038412 secs]
196,576: [GC (Allocation Failure)  78444K->47068K(140800K), 0,0029993 secs]
196,601: [GC (Allocation Failure)  73180K->52332K(141312K), 0,0034395 secs]
196,638: [GC (Allocation Failure)  78956K->47548K(141312K), 0,0011695 secs]
196,661: [GC (Allocation Failure)  74172K->53356K(141312K), 0,0052990 secs]
196,699: [GC (Allocation Failure)  79980K->48540K(141312K), 0,0032218 secs]
196,725: [GC (Allocation Failure)  75164K->54380K(140288K), 0,0054215 secs]
196,766: [GC (Allocation Failure)  79980K->48508K(140800K), 0,0052327 secs]
196,794: [GC (Allocation Failure)  74108K->53324K(140288K), 0,0029778 secs]
196,834: [GC (Allocation Failure)  78924K->47484K(140800K), 0,0038670 secs]
196,861: [GC (Allocation Failure)  73084K->52236K(141312K), 0,0018606 secs]
196,896: [GC (Allocation Failure)  78860K->47452K(141312K), 0,0012233 secs]
196,920: [GC (Allocation Failure)  74076K->53260K(141312K), 0,0036894 secs]
196,957: [GC (Allocation Failure)  79884K->48476K(141312K), 0,0028904 secs]
196,983: [GC (Allocation Failure)  75100K->54284K(139776K), 0,0037848 secs]
197,019: [GC (Allocation Failure)  79884K->48444K(140800K), 0,0028339 secs]
197,044: [GC (Allocation Failure)  74044K->53196K(141312K), 0,0021538 secs]
197,079: [GC (Allocation Failure)  79820K->48444K(141312K), 0,0013002 secs]
197,104: [GC (Allocation Failure)  75068K->54252K(140288K), 0,0022414 secs]
197,138: [GC (Allocation Failure)  79852K->48380K(140800K), 0,0032937 secs]
197,165: [GC (Allocation Failure)  73980K->53164K(141312K), 0,0019645 secs]
197,199: [GC (Allocation Failure)  79788K->48348K(141312K), 0,0013418 secs]
197,224: [GC (Allocation Failure)  74972K->54156K(140288K), 0,0053843 secs]
197,262: [GC (Allocation Failure)  79756K->48348K(140800K), 0,0028375 secs]
197,287: [GC (Allocation Failure)  73948K->53132K(141312K), 0,0019272 secs]
197,322: [GC (Allocation Failure)  79756K->48284K(141312K), 0,0060531 secs]
197,350: [GC (Allocation Failure)  74908K->54124K(140288K), 0,0031297 secs]
197,386: [GC (Allocation Failure)  79724K->48252K(140800K), 0,0022409 secs]
197,410: [GC (Allocation Failure)  73852K->53068K(141312K), 0,0028421 secs]
197,446: [GC (Allocation Failure)  79692K->48284K(141312K), 0,0009317 secs]
197,469: [GC (Allocation Failure)  74908K->54068K(140288K), 0,0029733 secs]
197,505: [GC (Allocation Failure)  79668K->48260K(140800K), 0,0010210 secs]
197,528: [GC (Allocation Failure)  73860K->53012K(141312K), 0,0029313 secs]
197,568: [GC (Allocation Failure)  79636K->48228K(141312K), 0,0012042 secs]
197,591: [GC (Allocation Failure)  74852K->54004K(141312K), 0,0018904 secs]
197,626: [GC (Allocation Failure)  80628K->49252K(141312K), 0,0010607 secs]
197,649: [GC (Allocation Failure)  75876K->55028K(140288K), 0,0017999 secs]
197,685: [GC (Allocation Failure)  80628K->49188K(140800K), 0,0010486 secs]
197,708: [GC (Allocation Failure)  74788K->53972K(140288K), 0,0028486 secs]
197,744: [GC (Allocation Failure)  79572K->48164K(140800K), 0,0046237 secs]
197,771: [GC (Allocation Failure)  73764K->52948K(141312K), 0,0016222 secs]
197,806: [GC (Allocation Failure)  79572K->48100K(141312K), 0,0009848 secs]
197,829: [GC (Allocation Failure)  74724K->53908K(141312K), 0,0031560 secs]
197,865: [GC (Allocation Failure)  80532K->49124K(141312K), 0,0023659 secs]
197,889: [GC (Allocation Failure)  75748K->54964K(140288K), 0,0032814 secs]
197,925: [GC (Allocation Failure)  80564K->49092K(140800K), 0,0022910 secs]
197,949: [GC (Allocation Failure)  74692K->53876K(140288K), 0,0041327 secs]
197,986: [GC (Allocation Failure)  79476K->48036K(140800K), 0,0028498 secs]
198,011: [GC (Allocation Failure)  73636K->52820K(141312K), 0,0049164 secs]
198,051: [GC (Allocation Failure)  79444K->48044K(141312K), 0,0027767 secs]
198,081: [GC (Allocation Failure)  74668K->53852K(141312K), 0,0027144 secs]
198,119: [GC (Allocation Failure)  80476K->49068K(141312K), 0,0018747 secs]
198,146: [GC (Allocation Failure)  75692K->54844K(140288K), 0,0029087 secs]
198,184: [GC (Allocation Failure)  80444K->49036K(140800K), 0,0017619 secs]
198,211: [GC (Allocation Failure)  74636K->53788K(141312K), 0,0026630 secs]
198,249: [GC (Allocation Failure)  80412K->49004K(141312K), 0,0018319 secs]
198,275: [GC (Allocation Failure)  75628K->54780K(140288K), 0,0041923 secs]
198,311: [GC (Allocation Failure)  80380K->48940K(140800K), 0,0010421 secs]
198,334: [GC (Allocation Failure)  74540K->53692K(141312K), 0,0028875 secs]
198,370: [GC (Allocation Failure)  80316K->48940K(141312K), 0,0045794 secs]
198,396: [GC (Allocation Failure)  75564K->54748K(140288K), 0,0044016 secs]
198,437: [GC (Allocation Failure)  80348K->48908K(140800K), 0,0029013 secs]
198,466: [GC (Allocation Failure)  74508K->53692K(141312K), 0,0027768 secs]
198,503: [GC (Allocation Failure)  80316K->48844K(141312K), 0,0025446 secs]
198,529: [GC (Allocation Failure)  75468K->54684K(140288K), 0,0051118 secs]
198,567: [GC (Allocation Failure)  80284K->48876K(140800K), 0,0029898 secs]
198,598: [GC (Allocation Failure)  74476K->53628K(141312K), 0,0037357 secs]
198,636: [GC (Allocation Failure)  80252K->48812K(141312K), 0,0053971 secs]
198,663: [GC (Allocation Failure)  75436K->54684K(140288K), 0,0018006 secs]
198,698: [GC (Allocation Failure)  80284K->48780K(140800K), 0,0014500 secs]
198,722: [GC (Allocation Failure)  74380K->53596K(141312K), 0,0016270 secs]
198,757: [GC (Allocation Failure)  80220K->48812K(141312K), 0,0009537 secs]
198,783: [GC (Allocation Failure)  75436K->54404K(141312K), 0,0019735 secs]
198,817: [GC (Allocation Failure)  81028K->49652K(141312K), 0,0010538 secs]
198,840: [GC (Allocation Failure)  76276K->55436K(140288K), 0,0016930 secs]
198,875: [GC (Allocation Failure)  81036K->49564K(140800K), 0,0020163 secs]
198,899: [GC (Allocation Failure)  75164K->54348K(140288K), 0,0015245 secs]
198,933: [GC (Allocation Failure)  79948K->48484K(140800K), 0,0017506 secs]
198,957: [GC (Allocation Failure)  74084K->53236K(141312K), 0,0028821 secs]
198,993: [GC (Allocation Failure)  79860K->48388K(141312K), 0,0009310 secs]
199,016: [GC (Allocation Failure)  75012K->54260K(141312K), 0,0016698 secs]
199,051: [GC (Allocation Failure)  80884K->49476K(141312K), 0,0025164 secs]
199,076: [GC (Allocation Failure)  76100K->55284K(139776K), 0,0018954 secs]
199,110: [GC (Allocation Failure)  80884K->49452K(140800K), 0,0023997 secs]
199,135: [GC (Allocation Failure)  75052K->54204K(141312K), 0,0018865 secs]
199,170: [GC (Allocation Failure)  80828K->49452K(141312K), 0,0010782 secs]
199,194: [GC (Allocation Failure)  76076K->55228K(140288K), 0,0018419 secs]
199,228: [GC (Allocation Failure)  80828K->49388K(140800K), 0,0010886 secs]
199,251: [GC (Allocation Failure)  74988K->54172K(141312K), 0,0017330 secs]
199,286: [GC (Allocation Failure)  80796K->49356K(141312K), 0,0019373 secs]
199,310: [GC (Allocation Failure)  75980K->55204K(140288K), 0,0016029 secs]
199,345: [GC (Allocation Failure)  80804K->49332K(140800K), 0,0020117 secs]
199,369: [GC (Allocation Failure)  74932K->54116K(141312K), 0,0025522 secs]
199,404: [GC (Allocation Failure)  80740K->49300K(141312K), 0,0009545 secs]
199,427: [GC (Allocation Failure)  75924K->55172K(140288K), 0,0016670 secs]
199,466: [GC (Allocation Failure)  80772K->49332K(140800K), 0,0029178 secs]
199,497: [GC (Allocation Failure)  74932K->54084K(141312K), 0,0046107 secs]
199,539: [GC (Allocation Failure)  80708K->49276K(141312K), 0,0060769 secs]
199,570: [GC (Allocation Failure)  75900K->55084K(141312K), 0,0041854 secs]
199,606: [GC (Allocation Failure)  81708K->50268K(141312K), 0,0011795 secs]
199,630: [GC (Allocation Failure)  76892K->56108K(140288K), 0,0040039 secs]
199,666: [GC (Allocation Failure)  81708K->50268K(140800K), 0,0032522 secs]
199,693: [GC (Allocation Failure)  75868K->55052K(140288K), 0,0019885 secs]
199,727: [GC (Allocation Failure)  80652K->49212K(140800K), 0,0030404 secs]
199,752: [GC (Allocation Failure)  74812K->53996K(141312K), 0,0035312 secs]
199,789: [GC (Allocation Failure)  80620K->49180K(141312K), 0,0011262 secs]
199,813: [GC (Allocation Failure)  75804K->54988K(141312K), 0,0036738 secs]
199,849: [GC (Allocation Failure)  81612K->50172K(141312K), 0,0044010 secs]
199,876: [GC (Allocation Failure)  76796K->56012K(140288K), 0,0017670 secs]
199,911: [GC (Allocation Failure)  81612K->50172K(140800K), 0,0024182 secs]
199,935: [GC (Allocation Failure)  75772K->54964K(140288K), 0,0034045 secs]
199,973: [GC (Allocation Failure)  80564K->49124K(140800K), 0,0055209 secs]
200,007: [GC (Allocation Failure)  74724K->53908K(141312K), 0,0034821 secs]
200,043: [GC (Allocation Failure)  80532K->49092K(141312K), 0,0016498 secs]
200,072: [GC (Allocation Failure)  75716K->54908K(141312K), 0,0062268 secs]
200,111: [GC (Allocation Failure)  81532K->50156K(141312K), 0,0013186 secs]
200,136: [GC (Allocation Failure)  76780K->55932K(140288K), 0,0022515 secs]
200,174: [GC (Allocation Failure)  81532K->50092K(140800K), 0,0045097 secs]
200,207: [GC (Allocation Failure)  75692K->54844K(141312K), 0,0036890 secs]
200,246: [GC (Allocation Failure)  81468K->50060K(141312K), 0,0038389 secs]
200,273: [GC (Allocation Failure)  76684K->55868K(140288K), 0,0020783 secs]
200,307: [GC (Allocation Failure)  81468K->50028K(140800K), 0,0013856 secs]
200,332: [GC (Allocation Failure)  75628K->54844K(141312K), 0,0019845 secs]
200,366: [GC (Allocation Failure)  81468K->49996K(141312K), 0,0024973 secs]
200,392: [GC (Allocation Failure)  76620K->55836K(140288K), 0,0039725 secs]
200,428: [GC (Allocation Failure)  81436K->49996K(140800K), 0,0028563 secs]
200,453: [GC (Allocation Failure)  75596K->54780K(141312K), 0,0052394 secs]
200,492: [GC (Allocation Failure)  81404K->49996K(141312K), 0,0013455 secs]
200,517: [GC (Allocation Failure)  76620K->55780K(140288K), 0,0070027 secs]
200,556: [GC (Allocation Failure)  81380K->49940K(140800K), 0,0022609 secs]
200,580: [GC (Allocation Failure)  75540K->54724K(141312K), 0,0016895 secs]
200,619: [GC (Allocation Failure)  81348K->49940K(141312K), 0,0083377 secs]
200,650: [GC (Allocation Failure)  76564K->55716K(140288K), 0,0026913 secs]
200,686: [GC (Allocation Failure)  81316K->49908K(140800K), 0,0033260 secs]
200,711: [GC (Allocation Failure)  75508K->54692K(141312K), 0,0014256 secs]
200,749: [GC (Allocation Failure)  81316K->49876K(141312K), 0,0028495 secs]
200,780: [GC (Allocation Failure)  76500K->55660K(141312K), 0,0061079 secs]
200,820: [GC (Allocation Failure)  82284K->50876K(141312K), 0,0013592 secs]
200,845: [GC (Allocation Failure)  77500K->56716K(140288K), 0,0021376 secs]
200,883: [GC (Allocation Failure)  82316K->50844K(140800K), 0,0062643 secs]
200,917: [GC (Allocation Failure)  76444K->55660K(140288K), 0,0059925 secs]
200,956: [GC (Allocation Failure)  81260K->49820K(140800K), 0,0054194 secs]
200,984: [GC (Allocation Failure)  75420K->54604K(141312K), 0,0020544 secs]
201,019: [GC (Allocation Failure)  81228K->49796K(141312K), 0,0057729 secs]
201,048: [GC (Allocation Failure)  76420K->55636K(141312K), 0,0019790 secs]
201,086: [GC (Allocation Failure)  82260K->50820K(141312K), 0,0051231 secs]
201,114: [GC (Allocation Failure)  77444K->56628K(140288K), 0,0029816 secs]
201,150: [GC (Allocation Failure)  82228K->50756K(140800K), 0,0011045 secs]
201,173: [GC (Allocation Failure)  76356K->55548K(140288K), 0,0017134 secs]
201,208: [GC (Allocation Failure)  81148K->49708K(140800K), 0,0009415 secs]
201,231: [GC (Allocation Failure)  75308K->54500K(141312K), 0,0018223 secs]
201,266: [GC (Allocation Failure)  81124K->49684K(141312K), 0,0020859 secs]
201,290: [GC (Allocation Failure)  76308K->55524K(141312K), 0,0017767 secs]
201,325: [GC (Allocation Failure)  82148K->50740K(141312K), 0,0023202 secs]
201,349: [GC (Allocation Failure)  77364K->56548K(139776K), 0,0018172 secs]
201,384: [GC (Allocation Failure)  82148K->50676K(140800K), 0,0010205 secs]
201,407: [GC (Allocation Failure)  76276K->55492K(141312K), 0,0016641 secs]
201,442: [GC (Allocation Failure)  82116K->50644K(141312K), 0,0033936 secs]
201,467: [GC (Allocation Failure)  77268K->56484K(140288K), 0,0033325 secs]
201,503: [GC (Allocation Failure)  82084K->50676K(140800K), 0,0010171 secs]
201,526: [GC (Allocation Failure)  76276K->55428K(141312K), 0,0033720 secs]
201,566: [GC (Allocation Failure)  82052K->50620K(141312K), 0,0051255 secs]
201,594: [GC (Allocation Failure)  77244K->56460K(140288K), 0,0017129 secs]
201,629: [GC (Allocation Failure)  82060K->50588K(140800K), 0,0009904 secs]
201,652: [GC (Allocation Failure)  76188K->55372K(141312K), 0,0051738 secs]
201,690: [GC (Allocation Failure)  81996K->50556K(141312K), 0,0035320 secs]
201,716: [GC (Allocation Failure)  77180K->56436K(140288K), 0,0018207 secs]
201,751: [GC (Allocation Failure)  82036K->50564K(140800K), 0,0023197 secs]
201,775: [GC (Allocation Failure)  76164K->55316K(141312K), 0,0028768 secs]
201,811: [GC (Allocation Failure)  81940K->50564K(141312K), 0,0009968 secs]
201,834: [GC (Allocation Failure)  77188K->56340K(141312K), 0,0019993 secs]
201,869: [GC (Allocation Failure)  82964K->51524K(141312K), 0,0027601 secs]
201,895: [GC (Allocation Failure)  78148K->57332K(140288K), 0,0036174 secs]
201,931: [GC (Allocation Failure)  82932K->51524K(140800K), 0,0012488 secs]
201,955: [GC (Allocation Failure)  77124K->56308K(140288K), 0,0019914 secs]
201,989: [GC (Allocation Failure)  81908K->50468K(140800K), 0,0012078 secs]
202,012: [GC (Allocation Failure)  76068K->55252K(141312K), 0,0017936 secs]
202,047: [GC (Allocation Failure)  81364K->49924K(140800K), 0,0026471 secs]
202,076: [GC (Allocation Failure)  76036K->55196K(141312K), 0,0064210 secs]
202,115: [GC (Allocation Failure)  81820K->50412K(141312K), 0,0026185 secs]
202,140: [GC (Allocation Failure)  77036K->56252K(141312K), 0,0016796 secs]
202,175: [GC (Allocation Failure)  82876K->51412K(141312K), 0,0010816 secs]
202,198: [GC (Allocation Failure)  78036K->57252K(139776K), 0,0031148 secs]
202,234: [GC (Allocation Failure)  82852K->51388K(140800K), 0,0019613 secs]
202,262: [GC (Allocation Failure)  76988K->56212K(140288K), 0,0070427 secs]
202,307: [GC (Allocation Failure)  81812K->50372K(140800K), 0,0067534 secs]
202,338: [GC (Allocation Failure)  75972K->55164K(141312K), 0,0023010 secs]
202,373: [GC (Allocation Failure)  81788K->50348K(141312K), 0,0021781 secs]
202,402: [GC (Allocation Failure)  76972K->56156K(141312K), 0,0037045 secs]
202,440: [GC (Allocation Failure)  82780K->51372K(141312K), 0,0017408 secs]
202,466: [GC (Allocation Failure)  77996K->57180K(139776K), 0,0029617 secs]
202,504: [GC (Allocation Failure)  82780K->51340K(140800K), 0,0063422 secs]
202,534: [GC (Allocation Failure)  76940K->56124K(141312K), 0,0026678 secs]
202,569: [GC (Allocation Failure)  82748K->51308K(141312K), 0,0042618 secs]
202,597: [GC (Allocation Failure)  77932K->57148K(140288K), 0,0028563 secs]
202,634: [GC (Allocation Failure)  82748K->51276K(140800K), 0,0039496 secs]
202,663: [GC (Allocation Failure)  76876K->56100K(141312K), 0,0028048 secs]
202,701: [GC (Allocation Failure)  82724K->51252K(141312K), 0,0040196 secs]
202,730: [GC (Allocation Failure)  77876K->57060K(140288K), 0,0028619 secs]
202,767: [GC (Allocation Failure)  82660K->51188K(140800K), 0,0101563 secs]
202,800: [GC (Allocation Failure)  76788K->55780K(141312K), 0,0102578 secs]
202,843: [GC (Allocation Failure)  82404K->51084K(141312K), 0,0009928 secs]
202,866: [GC (Allocation Failure)  77708K->56860K(141312K), 0,0017834 secs]
202,901: [GC (Allocation Failure)  83484K->52044K(141312K), 0,0019987 secs]
202,925: [GC (Allocation Failure)  78668K->57820K(140288K), 0,0024926 secs]
202,965: [GC (Allocation Failure)  83420K->51948K(140800K), 0,0059928 secs]
202,994: [GC (Allocation Failure)  77548K->56700K(140288K), 0,0028390 secs]
203,032: [GC (Allocation Failure)  82300K->50828K(140800K), 0,0033328 secs]
203,059: [GC (Allocation Failure)  76428K->55612K(141312K), 0,0026233 secs]
203,096: [GC (Allocation Failure)  82236K->50796K(141312K), 0,0016658 secs]
203,123: [GC (Allocation Failure)  77420K->56636K(141312K), 0,0028098 secs]
203,163: [GC (Allocation Failure)  83260K->51804K(141312K), 0,0071019 secs]
203,198: [GC (Allocation Failure)  78428K->57676K(140288K), 0,0056839 secs]
203,237: [GC (Allocation Failure)  83276K->51804K(140800K), 0,0033000 secs]
203,262: [GC (Allocation Failure)  77404K->56596K(141312K), 0,0029538 secs]
203,298: [GC (Allocation Failure)  83220K->51780K(141312K), 0,0022322 secs]
203,322: [GC (Allocation Failure)  78404K->57620K(140288K), 0,0018101 secs]
203,357: [GC (Allocation Failure)  83220K->51812K(140800K), 0,0010038 secs]
203,380: [GC (Allocation Failure)  77412K->56564K(141312K), 0,0017136 secs]
203,415: [GC (Allocation Failure)  83188K->51716K(141312K), 0,0022501 secs]
203,439: [GC (Allocation Failure)  78340K->57588K(140288K), 0,0017437 secs]
203,474: [GC (Allocation Failure)  83188K->51684K(140800K), 0,0022101 secs]
203,498: [GC (Allocation Failure)  77284K->56532K(141312K), 0,0016684 secs]
203,533: [GC (Allocation Failure)  83156K->51716K(141312K), 0,0009685 secs]
203,556: [GC (Allocation Failure)  78340K->57492K(140288K), 0,0034090 secs]
203,593: [GC (Allocation Failure)  83092K->51684K(140800K), 0,0025569 secs]
203,618: [GC (Allocation Failure)  77284K->56436K(141312K), 0,0020578 secs]
203,653: [GC (Allocation Failure)  83060K->51652K(141312K), 0,0030010 secs]
203,679: [GC (Allocation Failure)  78276K->57460K(140288K), 0,0019983 secs]
203,713: [GC (Allocation Failure)  83060K->51620K(140800K), 0,0012011 secs]
203,737: [GC (Allocation Failure)  77220K->56404K(141312K), 0,0051918 secs]
203,775: [GC (Allocation Failure)  83028K->51588K(141312K), 0,0025872 secs]
203,801: [GC (Allocation Failure)  78212K->57396K(141312K), 0,0042340 secs]
203,838: [GC (Allocation Failure)  84020K->52644K(141312K), 0,0016327 secs]
203,863: [GC (Allocation Failure)  79268K->58452K(140288K), 0,0066760 secs]
203,902: [GC (Allocation Failure)  84052K->52612K(140800K), 0,0016066 secs]
203,927: [GC (Allocation Failure)  78212K->57364K(140288K), 0,0077077 secs]
203,967: [GC (Allocation Failure)  82964K->51524K(140800K), 0,0010406 secs]
203,990: [GC (Allocation Failure)  77124K->56308K(141312K), 0,0017070 secs]
204,025: [GC (Allocation Failure)  82420K->50980K(140800K), 0,0009902 secs]
204,048: [GC (Allocation Failure)  77092K->56244K(141312K), 0,0024871 secs]
204,084: [GC (Allocation Failure)  82868K->51460K(141312K), 0,0023913 secs]
204,113: [GC (Allocation Failure)  78084K->57268K(140800K), 0,0092872 secs]
204,160: [GC (Allocation Failure)  83892K->52484K(141312K), 0,0018183 secs]
204,189: [GC (Allocation Failure)  79108K->58292K(139776K), 0,0049948 secs]
204,229: [GC (Allocation Failure)  83892K->52484K(140800K), 0,0018484 secs]
204,255: [GC (Allocation Failure)  78084K->57236K(141312K), 0,0027355 secs]
204,293: [GC (Allocation Failure)  83860K->52452K(141312K), 0,0017160 secs]
204,320: [GC (Allocation Failure)  79076K->58268K(140288K), 0,0029243 secs]
204,357: [GC (Allocation Failure)  83868K->52428K(140800K), 0,0022920 secs]
204,383: [GC (Allocation Failure)  78028K->57180K(140288K), 0,0034824 secs]
204,419: [GC (Allocation Failure)  82780K->51372K(140800K), 0,0029915 secs]
204,447: [GC (Allocation Failure)  76972K->56164K(141312K), 0,0026721 secs]
204,484: [GC (Allocation Failure)  82788K->51348K(141312K), 0,0042580 secs]
204,511: [GC (Allocation Failure)  77972K->57124K(141312K), 0,0021318 secs]
204,546: [GC (Allocation Failure)  83748K->52340K(141312K), 0,0032631 secs]
204,571: [GC (Allocation Failure)  78964K->58148K(140800K), 0,0017618 secs]
204,606: [GC (Allocation Failure)  84772K->53364K(141312K), 0,0011452 secs]
204,630: [GC (Allocation Failure)  79988K->59172K(139776K), 0,0039192 secs]
204,666: [GC (Allocation Failure)  84772K->53364K(140800K), 0,0011175 secs]
204,689: [GC (Allocation Failure)  78964K->58148K(140288K), 0,0067247 secs]
204,729: [GC (Allocation Failure)  83748K->52276K(140800K), 0,0022890 secs]
204,753: [GC (Allocation Failure)  77876K->57028K(140800K), 0,0017150 secs]
204,788: [GC (Allocation Failure)  82628K->51188K(140800K), 0,0031261 secs]
204,813: [GC (Allocation Failure)  76788K->55972K(141312K), 0,0015415 secs]
204,847: [GC (Allocation Failure)  82596K->51188K(141312K), 0,0023186 secs]
204,871: [GC (Allocation Failure)  77812K->56996K(141312K), 0,0028848 secs]
204,907: [GC (Allocation Failure)  83620K->52212K(141312K), 0,0010040 secs]
204,930: [GC (Allocation Failure)  78836K->58020K(140800K), 0,0026593 secs]
204,966: [GC (Allocation Failure)  84644K->53204K(141312K), 0,0010582 secs]
204,989: [GC (Allocation Failure)  79828K->59012K(139776K), 0,0019010 secs]
205,024: [GC (Allocation Failure)  84612K->53204K(140800K), 0,0010908 secs]
205,047: [GC (Allocation Failure)  78804K->57988K(140288K), 0,0016904 secs]
205,082: [GC (Allocation Failure)  83588K->52124K(140800K), 0,0034684 secs]
205,107: [GC (Allocation Failure)  77724K->56940K(141312K), 0,0024957 secs]
205,142: [GC (Allocation Failure)  83564K->52092K(141312K), 0,0032397 secs]
205,171: [GC (Allocation Failure)  78716K->57908K(141312K), 0,0067408 secs]
205,210: [GC (Allocation Failure)  84532K->53124K(141312K), 0,0014957 secs]
205,235: [GC (Allocation Failure)  79748K->58964K(140288K), 0,0023337 secs]
205,270: [GC (Allocation Failure)  84564K->53124K(140800K), 0,0023909 secs]
205,296: [GC (Allocation Failure)  78724K->57876K(140288K), 0,0021706 secs]
205,330: [GC (Allocation Failure)  83476K->52036K(140800K), 0,0028931 secs]
205,355: [GC (Allocation Failure)  77636K->56820K(141312K), 0,0027278 secs]
205,391: [GC (Allocation Failure)  83444K->52004K(141312K), 0,0011404 secs]
205,414: [GC (Allocation Failure)  78628K->57852K(141312K), 0,0037450 secs]
205,451: [GC (Allocation Failure)  84476K->53068K(141312K), 0,0023729 secs]
205,477: [GC (Allocation Failure)  79692K->58876K(139776K), 0,0020569 secs]
205,511: [GC (Allocation Failure)  84476K->53012K(140800K), 0,0029756 secs]
205,536: [GC (Allocation Failure)  78612K->57804K(141312K), 0,0026074 secs]
205,574: [GC (Allocation Failure)  84428K->53036K(141312K), 0,0058723 secs]
205,604: [GC (Allocation Failure)  79660K->58844K(140288K), 0,0038015 secs]
205,640: [GC (Allocation Failure)  84444K->53020K(140800K), 0,0011435 secs]
205,663: [GC (Allocation Failure)  78620K->57804K(141312K), 0,0024715 secs]
205,698: [GC (Allocation Failure)  84428K->52988K(141312K), 0,0009856 secs]
205,722: [GC (Allocation Failure)  79612K->58804K(140288K), 0,0035600 secs]
205,758: [GC (Allocation Failure)  84404K->52996K(140800K), 0,0012231 secs]
205,781: [GC (Allocation Failure)  78596K->57748K(141312K), 0,0063830 secs]
205,821: [GC (Allocation Failure)  84372K->52932K(141312K), 0,0011220 secs]
205,845: [GC (Allocation Failure)  79556K->58740K(140288K), 0,0021829 secs]
205,881: [GC (Allocation Failure)  84340K->52932K(140800K), 0,0011095 secs]
205,905: [GC (Allocation Failure)  78532K->57716K(141312K), 0,0022306 secs]
205,940: [GC (Allocation Failure)  84340K->52900K(141312K), 0,0050979 secs]
205,969: [GC (Allocation Failure)  79524K->58708K(140288K), 0,0046651 secs]
206,006: [GC (Allocation Failure)  84308K->52900K(140800K), 0,0013832 secs]
206,031: [GC (Allocation Failure)  78500K->57652K(141312K), 0,0028344 secs]
206,068: [GC (Allocation Failure)  84276K->52804K(141312K), 0,0063291 secs]
206,100: [GC (Allocation Failure)  79428K->58644K(141312K), 0,0020995 secs]
206,134: [GC (Allocation Failure)  85268K->53860K(141312K), 0,0030766 secs]
206,160: [GC (Allocation Failure)  80484K->59668K(140288K), 0,0022900 secs]
206,195: [GC (Allocation Failure)  85268K->53860K(140800K), 0,0013043 secs]
206,220: [GC (Allocation Failure)  79460K->58612K(140288K), 0,0021559 secs]
206,254: [GC (Allocation Failure)  84212K->52772K(140800K), 0,0012654 secs]
206,277: [GC (Allocation Failure)  78372K->57524K(141312K), 0,0019504 secs]
206,312: [GC (Allocation Failure)  84148K->52740K(141312K), 0,0012797 secs]
206,336: [GC (Allocation Failure)  79364K->58620K(141312K), 0,0019073 secs]
206,370: [GC (Allocation Failure)  85244K->53788K(141312K), 0,0008751 secs]
206,392: [GC (Allocation Failure)  80412K->59604K(140288K), 0,0015871 secs]
206,426: [GC (Allocation Failure)  85204K->53764K(140800K), 0,0009105 secs]
206,449: [GC (Allocation Failure)  79364K->58580K(140288K), 0,0015226 secs]
206,482: [GC (Allocation Failure)  84180K->52676K(140800K), 0,0008121 secs]
206,505: [GC (Allocation Failure)  78276K->57492K(141312K), 0,0013714 secs]
206,538: [GC (Allocation Failure)  84116K->52676K(141312K), 0,0017206 secs]
206,563: [GC (Allocation Failure)  79300K->58524K(141312K), 0,0046216 secs]
206,606: [GC (Allocation Failure)  85148K->53708K(141312K), 0,0032202 secs]
206,634: [GC (Allocation Failure)  80332K->59484K(140288K), 0,0040254 secs]
206,671: [GC (Allocation Failure)  85084K->53684K(140800K), 0,0023921 secs]
206,695: [GC (Allocation Failure)  79284K->58500K(141312K), 0,0019840 secs]
206,730: [GC (Allocation Failure)  85124K->53652K(141312K), 0,0010703 secs]
206,753: [GC (Allocation Failure)  80276K->59460K(140288K), 0,0038977 secs]
206,790: [GC (Allocation Failure)  85060K->53460K(140800K), 0,0008153 secs]
206,812: [GC (Allocation Failure)  79060K->58244K(141312K), 0,0022504 secs]
206,847: [GC (Allocation Failure)  84868K->53396K(141312K), 0,0024761 secs]
206,873: [GC (Allocation Failure)  80020K->59212K(140288K), 0,0039175 secs]
206,909: [GC (Allocation Failure)  84812K->53372K(140800K), 0,0032697 secs]
206,936: [GC (Allocation Failure)  78972K->58124K(141312K), 0,0021151 secs]
206,975: [GC (Allocation Failure)  84748K->53308K(141312K), 0,0029117 secs]
207,006: [GC (Allocation Failure)  79932K->59180K(141312K), 0,0039236 secs]
207,044: [GC (Allocation Failure)  85804K->54332K(141312K), 0,0036606 secs]
207,072: [GC (Allocation Failure)  80956K->60140K(140288K), 0,0054448 secs]
207,111: [GC (Allocation Failure)  85740K->54300K(140800K), 0,0023073 secs]
207,138: [GC (Allocation Failure)  79900K->59116K(140288K), 0,0027171 secs]
207,175: [GC (Allocation Failure)  84716K->53276K(140800K), 0,0019005 secs]
207,202: [GC (Allocation Failure)  78876K->58060K(141312K), 0,0025132 secs]
207,238: [GC (Allocation Failure)  84684K->53244K(141312K), 0,0022150 secs]
207,265: [GC (Allocation Failure)  79868K->59052K(141312K), 0,0042858 secs]
207,305: [GC (Allocation Failure)  85676K->54268K(141312K), 0,0017996 secs]
207,332: [GC (Allocation Failure)  80892K->60076K(140288K), 0,0029494 secs]
207,370: [GC (Allocation Failure)  85676K->54236K(140800K), 0,0018367 secs]
207,396: [GC (Allocation Failure)  79836K->58996K(140288K), 0,0027036 secs]
207,432: [GC (Allocation Failure)  84596K->53156K(140800K), 0,0016950 secs]
207,459: [GC (Allocation Failure)  78756K->57980K(141312K), 0,0025841 secs]
207,496: [GC (Allocation Failure)  84604K->53164K(141312K), 0,0016343 secs]
207,523: [GC (Allocation Failure)  79788K->58980K(141312K), 0,0028534 secs]
207,559: [GC (Allocation Failure)  85604K->54164K(141312K), 0,0031681 secs]
207,587: [GC (Allocation Failure)  80788K->59980K(139776K), 0,0020972 secs]
207,621: [GC (Allocation Failure)  85580K->54172K(140800K), 0,0055483 secs]
207,648: [GC (Allocation Failure)  79772K->58932K(141312K), 0,0016456 secs]
207,683: [GC (Allocation Failure)  85556K->54116K(141312K), 0,0027011 secs]
207,708: [GC (Allocation Failure)  80740K->59924K(140288K), 0,0045325 secs]
207,745: [GC (Allocation Failure)  85524K->54116K(140800K), 0,0043566 secs]
207,771: [GC (Allocation Failure)  79716K->58900K(141312K), 0,0018555 secs]
207,806: [GC (Allocation Failure)  85524K->54084K(141312K), 0,0030123 secs]
207,831: [GC (Allocation Failure)  80708K->59892K(140288K), 0,0017995 secs]
207,866: [GC (Allocation Failure)  85492K->54052K(140800K), 0,0037902 secs]
207,892: [GC (Allocation Failure)  79652K->58836K(141312K), 0,0015899 secs]
207,927: [GC (Allocation Failure)  85460K->54020K(141312K), 0,0013942 secs]
207,950: [GC (Allocation Failure)  80644K->59860K(140288K), 0,0019608 secs]
207,985: [GC (Allocation Failure)  85460K->53988K(140800K), 0,0024083 secs]
208,009: [GC (Allocation Failure)  79588K->58780K(141312K), 0,0027585 secs]
208,045: [GC (Allocation Failure)  85404K->53996K(141312K), 0,0015602 secs]
208,068: [GC (Allocation Failure)  80620K->59804K(141312K), 0,0031978 secs]
208,104: [GC (Allocation Failure)  86428K->54996K(141312K), 0,0022831 secs]
208,128: [GC (Allocation Failure)  81620K->60836K(140288K), 0,0031415 secs]
208,164: [GC (Allocation Failure)  86436K->54964K(140800K), 0,0038098 secs]
208,190: [GC (Allocation Failure)  80564K->59748K(140288K), 0,0027706 secs]
208,226: [GC (Allocation Failure)  85348K->53908K(140800K), 0,0055547 secs]
208,256: [GC (Allocation Failure)  79508K->58692K(141312K), 0,0019385 secs]
208,290: [GC (Allocation Failure)  85316K->53884K(141312K), 0,0015822 secs]
208,312: [GC (Allocation Failure)  80508K->59724K(141312K), 0,0014036 secs]
208,345: [GC (Allocation Failure)  86348K->54908K(141312K), 0,0008145 secs]
208,367: [GC (Allocation Failure)  81532K->60756K(140288K), 0,0015355 secs]
208,400: [GC (Allocation Failure)  86356K->54916K(140800K), 0,0008561 secs]
208,423: [GC (Allocation Failure)  80516K->59668K(140288K), 0,0014419 secs]
208,457: [GC (Allocation Failure)  85268K->53828K(140800K), 0,0014372 secs]
208,480: [GC (Allocation Failure)  79428K->58612K(141312K), 0,0013881 secs]
208,513: [GC (Allocation Failure)  85236K->53828K(141312K), 0,0007947 secs]
208,536: [GC (Allocation Failure)  80452K->59612K(141312K), 0,0024093 secs]
208,571: [GC (Allocation Failure)  86236K->54828K(141312K), 0,0017801 secs]
208,595: [GC (Allocation Failure)  81452K->60636K(139776K), 0,0016235 secs]
208,629: [GC (Allocation Failure)  86236K->54796K(140800K), 0,0027084 secs]
208,653: [GC (Allocation Failure)  80396K->59612K(141312K), 0,0023635 secs]
208,688: [GC (Allocation Failure)  86236K->54796K(141312K), 0,0008639 secs]
208,710: [GC (Allocation Failure)  81420K->60612K(140288K), 0,0015381 secs]
208,743: [GC (Allocation Failure)  86212K->54804K(140800K), 0,0010407 secs]
208,766: [GC (Allocation Failure)  80404K->59524K(141312K), 0,0015688 secs]
208,801: [GC (Allocation Failure)  86148K->54740K(141312K), 0,0011735 secs]
208,824: [GC (Allocation Failure)  81364K->60548K(140288K), 0,0032826 secs]
208,860: [GC (Allocation Failure)  86148K->54756K(140800K), 0,0011288 secs]
208,883: [GC (Allocation Failure)  80356K->59572K(141312K), 0,0019952 secs]
208,918: [GC (Allocation Failure)  86196K->54724K(141312K), 0,0033123 secs]
208,943: [GC (Allocation Failure)  81348K->60572K(140288K), 0,0020110 secs]
208,978: [GC (Allocation Failure)  86172K->54700K(140800K), 0,0010787 secs]
209,001: [GC (Allocation Failure)  80300K->59484K(141312K), 0,0018026 secs]
209,036: [GC (Allocation Failure)  86108K->54700K(141312K), 0,0011683 secs]
209,059: [GC (Allocation Failure)  81324K->60484K(140288K), 0,0018632 secs]
209,094: [GC (Allocation Failure)  86084K->54644K(140800K), 0,0025462 secs]
209,119: [GC (Allocation Failure)  80244K->59468K(141312K), 0,0017935 secs]
209,154: [GC (Allocation Failure)  86092K->54652K(141312K), 0,0010805 secs]
209,177: [GC (Allocation Failure)  81276K->60460K(141312K), 0,0033893 secs]
209,213: [GC (Allocation Failure)  87084K->55652K(141312K), 0,0029644 secs]
209,239: [GC (Allocation Failure)  82276K->61468K(140288K), 0,0020214 secs]
209,273: [GC (Allocation Failure)  87068K->55660K(140800K), 0,0013640 secs]
209,296: [GC (Allocation Failure)  81260K->60412K(140288K), 0,0032552 secs]
209,332: [GC (Allocation Failure)  86012K->54572K(140800K), 0,0011949 secs]
209,355: [GC (Allocation Failure)  80172K->59388K(141312K), 0,0021992 secs]
209,391: [GC (Allocation Failure)  86012K->54540K(141312K), 0,0031085 secs]
209,418: [GC (Allocation Failure)  81164K->60348K(141312K), 0,0021819 secs]
209,453: [GC (Allocation Failure)  86972K->55564K(141312K), 0,0027952 secs]
209,479: [GC (Allocation Failure)  82188K->61380K(140288K), 0,0044347 secs]
209,516: [GC (Allocation Failure)  86980K->55580K(140800K), 0,0015646 secs]
209,541: [GC (Allocation Failure)  81180K->60332K(140288K), 0,0042351 secs]
209,582: [GC (Allocation Failure)  85932K->54500K(140800K), 0,0041163 secs]
209,612: [GC (Allocation Failure)  80100K->59316K(141312K), 0,0024621 secs]
209,647: [GC (Allocation Failure)  85940K->54476K(141312K), 0,0012146 secs]
209,672: [GC (Allocation Failure)  81100K->60316K(141312K), 0,0020755 secs]
209,706: [GC (Allocation Failure)  86940K->55500K(141312K), 0,0062861 secs]
209,736: [GC (Allocation Failure)  82124K->61308K(139776K), 0,0037971 secs]
209,772: [GC (Allocation Failure)  86908K->55468K(140800K), 0,0057425 secs]
209,800: [GC (Allocation Failure)  81068K->60220K(141312K), 0,0028217 secs]
209,836: [GC (Allocation Failure)  86844K->55468K(141312K), 0,0008647 secs]
209,859: [GC (Allocation Failure)  82092K->61276K(140288K), 0,0018779 secs]
209,894: [GC (Allocation Failure)  86876K->55436K(140800K), 0,0074852 secs]
209,923: [GC (Allocation Failure)  81036K->60220K(141312K), 0,0025760 secs]
209,958: [GC (Allocation Failure)  86844K->55436K(141312K), 0,0008285 secs]
209,981: [GC (Allocation Failure)  82060K->61212K(140288K), 0,0016364 secs]
210,015: [GC (Allocation Failure)  86812K->55372K(140800K), 0,0027480 secs]
210,043: [GC (Allocation Failure)  80972K->60156K(141312K), 0,0068567 secs]
210,083: [GC (Allocation Failure)  86780K->55340K(141312K), 0,0043129 secs]
210,111: [GC (Allocation Failure)  81964K->61148K(140288K), 0,0037617 secs]
210,147: [GC (Allocation Failure)  86748K->55348K(140800K), 0,0023378 secs]
210,171: [GC (Allocation Failure)  80948K->60100K(141312K), 0,0016203 secs]
210,206: [GC (Allocation Failure)  86724K->55348K(141312K), 0,0009901 secs]
210,229: [GC (Allocation Failure)  81972K->61124K(141312K), 0,0049067 secs]
210,267: [GC (Allocation Failure)  87748K->56308K(141312K), 0,0029550 secs]
210,293: [GC (Allocation Failure)  82932K->62116K(140288K), 0,0051351 secs]
210,330: [GC (Allocation Failure)  87716K->56276K(140800K), 0,0029697 secs]
210,355: [GC (Allocation Failure)  81876K->61124K(140288K), 0,0021072 secs]
210,390: [GC (Allocation Failure)  86724K->55252K(140800K), 0,0013819 secs]
210,414: [GC (Allocation Failure)  80852K->60036K(141312K), 0,0018247 secs]
210,449: [GC (Allocation Failure)  86148K->54708K(140800K), 0,0011294 secs]
210,472: [GC (Allocation Failure)  80820K->59972K(141312K), 0,0017405 secs]
210,507: [GC (Allocation Failure)  86596K->55188K(141312K), 0,0025214 secs]
210,532: [GC (Allocation Failure)  81812K->60996K(141312K), 0,0019414 secs]
210,570: [GC (Allocation Failure)  87620K->56148K(141312K), 0,0072803 secs]
210,605: [GC (Allocation Failure)  82772K->61988K(139776K), 0,0044098 secs]
210,644: [GC (Allocation Failure)  87588K->56180K(140800K), 0,0018399 secs]
210,671: [GC (Allocation Failure)  81780K->60940K(141312K), 0,0026534 secs]
210,709: [GC (Allocation Failure)  87564K->56156K(141312K), 0,0018883 secs]
210,736: [GC (Allocation Failure)  82780K->62004K(140288K), 0,0029063 secs]
210,774: [GC (Allocation Failure)  87604K->56012K(140800K), 0,0024373 secs]
210,799: [GC (Allocation Failure)  81612K->60700K(141312K), 0,0044977 secs]
210,835: [GC (Allocation Failure)  87324K->55884K(141312K), 0,0021062 secs]
210,858: [GC (Allocation Failure)  82508K->61692K(140288K), 0,0023585 secs]
210,892: [GC (Allocation Failure)  87292K->55884K(140800K), 0,0007504 secs]
210,916: [GC (Allocation Failure)  81484K->60612K(141312K), 0,0044801 secs]
210,957: [GC (Allocation Failure)  87236K->55828K(141312K), 0,0034093 secs]
210,984: [GC (Allocation Failure)  82452K->61676K(140288K), 0,0028096 secs]
211,020: [GC (Allocation Failure)  87276K->55844K(140800K), 0,0056488 secs]
211,048: [GC (Allocation Failure)  81444K->60660K(141312K), 0,0015615 secs]
211,087: [GC (Allocation Failure)  87284K->55812K(141312K), 0,0029257 secs]
211,118: [GC (Allocation Failure)  82436K->61620K(140288K), 0,0046758 secs]
211,160: [GC (Allocation Failure)  87220K->55812K(140800K), 0,0030606 secs]
211,191: [GC (Allocation Failure)  81412K->60596K(141312K), 0,0038032 secs]
211,228: [GC (Allocation Failure)  87220K->55780K(141312K), 0,0017570 secs]
211,255: [GC (Allocation Failure)  82404K->61620K(141312K), 0,0028098 secs]
211,291: [GC (Allocation Failure)  88244K->56772K(141312K), 0,0023133 secs]
211,317: [GC (Allocation Failure)  83396K->62652K(140288K), 0,0030700 secs]
211,354: [GC (Allocation Failure)  88252K->56748K(140800K), 0,0035403 secs]
211,382: [GC (Allocation Failure)  82348K->61532K(140288K), 0,0035674 secs]
211,421: [GC (Allocation Failure)  87132K->55756K(140800K), 0,0016554 secs]
211,447: [GC (Allocation Failure)  81356K->60484K(141312K), 0,0025704 secs]
211,485: [GC (Allocation Failure)  87108K->55668K(141312K), 0,0034647 secs]
211,513: [GC (Allocation Failure)  82292K->61516K(141312K), 0,0028024 secs]
211,550: [GC (Allocation Failure)  88140K->56708K(141312K), 0,0018912 secs]
211,577: [GC (Allocation Failure)  83332K->62516K(140288K), 0,0050602 secs]
211,616: [GC (Allocation Failure)  88116K->56676K(140800K), 0,0041619 secs]
211,644: [GC (Allocation Failure)  82276K->61428K(140288K), 0,0050405 secs]
211,682: [GC (Allocation Failure)  87028K->55620K(140800K), 0,0037148 secs]
211,708: [GC (Allocation Failure)  81220K->60372K(141312K), 0,0036422 secs]
211,745: [GC (Allocation Failure)  86996K->55588K(141312K), 0,0012130 secs]
211,769: [GC (Allocation Failure)  82212K->61396K(141312K), 0,0019239 secs]
211,804: [GC (Allocation Failure)  88020K->56612K(141312K), 0,0046271 secs]
211,832: [GC (Allocation Failure)  83236K->62428K(139776K), 0,0021581 secs]
211,866: [GC (Allocation Failure)  88028K->56588K(140800K), 0,0031517 secs]
211,891: [GC (Allocation Failure)  82188K->61404K(141312K), 0,0020355 secs]
211,926: [GC (Allocation Failure)  88028K->56588K(141312K), 0,0013168 secs]
211,951: [GC (Allocation Failure)  83212K->62364K(140288K), 0,0066337 secs]
211,990: [GC (Allocation Failure)  87964K->56556K(140800K), 0,0012473 secs]
212,014: [GC (Allocation Failure)  82156K->61316K(141312K), 0,0019582 secs]
212,048: [GC (Allocation Failure)  87940K->56532K(141312K), 0,0012990 secs]
212,072: [GC (Allocation Failure)  83156K->62340K(140288K), 0,0026493 secs]
212,107: [GC (Allocation Failure)  87940K->56500K(140800K), 0,0058707 secs]
212,136: [GC (Allocation Failure)  82100K->61260K(141312K), 0,0025573 secs]
212,171: [GC (Allocation Failure)  87884K->56476K(141312K), 0,0056498 secs]
212,199: [GC (Allocation Failure)  83100K->62284K(141312K), 0,0022909 secs]
212,234: [GC (Allocation Failure)  88908K->57500K(141312K), 0,0030317 secs]
212,260: [GC (Allocation Failure)  84124K->63308K(140288K), 0,0021498 secs]
212,293: [GC (Allocation Failure)  88908K->57476K(140800K), 0,0017334 secs]
212,315: [GC (Allocation Failure)  83076K->62260K(140288K), 0,0014408 secs]
212,347: [GC (Allocation Failure)  87860K->56420K(140800K), 0,0014519 secs]
212,369: [GC (Allocation Failure)  82020K->61140K(141312K), 0,0022501 secs]
212,404: [GC (Allocation Failure)  87252K->55844K(140800K), 0,0011932 secs]
212,428: [GC (Allocation Failure)  81956K->61172K(141312K), 0,0013261 secs]
212,461: [GC (Allocation Failure)  87796K->56356K(141312K), 0,0014581 secs]
212,483: [GC (Allocation Failure)  82980K->62196K(141312K), 0,0014531 secs]
212,515: [GC (Allocation Failure)  88820K->57348K(141312K), 0,0015218 secs]
212,538: [GC (Allocation Failure)  83972K->63164K(140288K), 0,0015638 secs]
212,570: [GC (Allocation Failure)  88764K->57324K(140800K), 0,0015922 secs]
212,597: [GC (Allocation Failure)  82924K->62116K(140288K), 0,0049788 secs]
212,639: [GC (Allocation Failure)  87716K->56308K(140800K), 0,0034051 secs]
212,671: [GC (Allocation Failure)  81908K->61060K(141312K), 0,0030375 secs]
212,707: [GC (Allocation Failure)  87684K->56276K(141312K), 0,0011409 secs]
212,730: [GC (Allocation Failure)  82900K->62060K(141312K), 0,0020546 secs]
212,765: [GC (Allocation Failure)  88684K->57284K(141312K), 0,0044052 secs]
212,793: [GC (Allocation Failure)  83908K->63092K(139776K), 0,0031662 secs]
212,828: [GC (Allocation Failure)  88692K->57300K(140800K), 0,0013622 secs]
212,853: [GC (Allocation Failure)  82900K->62052K(141312K), 0,0039754 secs]
212,889: [GC (Allocation Failure)  88676K->57268K(141312K), 0,0029151 secs]
212,915: [GC (Allocation Failure)  83892K->63076K(140288K), 0,0046637 secs]
212,952: [GC (Allocation Failure)  88676K->57212K(140800K), 0,0023041 secs]
212,976: [GC (Allocation Failure)  82812K->62028K(141312K), 0,0051147 secs]
213,014: [GC (Allocation Failure)  88652K->57212K(141312K), 0,0014643 secs]
213,037: [GC (Allocation Failure)  83836K->63020K(140288K), 0,0031365 secs]
213,077: [GC (Allocation Failure)  88620K->57212K(140800K), 0,0019300 secs]
213,103: [GC (Allocation Failure)  82812K->61996K(141312K), 0,0028963 secs]
213,140: [GC (Allocation Failure)  88620K->57212K(141312K), 0,0018159 secs]
213,166: [GC (Allocation Failure)  83836K->63028K(140288K), 0,0028680 secs]
213,202: [GC (Allocation Failure)  88628K->57124K(140800K), 0,0040743 secs]
213,231: [GC (Allocation Failure)  82724K->61940K(141312K), 0,0072361 secs]
213,272: [GC (Allocation Failure)  88564K->57124K(141312K), 0,0068059 secs]
213,301: [GC (Allocation Failure)  83748K->62932K(140288K), 0,0031961 secs]
213,341: [GC (Allocation Failure)  88532K->57124K(140800K), 0,0028896 secs]
213,370: [GC (Allocation Failure)  82724K->61908K(141312K), 0,0024118 secs]
213,405: [GC (Allocation Failure)  88532K->57092K(141312K), 0,0027600 secs]
213,431: [GC (Allocation Failure)  83716K->62932K(141312K), 0,0021279 secs]
213,465: [GC (Allocation Failure)  89556K->58116K(141312K), 0,0013495 secs]
213,490: [GC (Allocation Failure)  84740K->63924K(140288K), 0,0022118 secs]
213,525: [GC (Allocation Failure)  89524K->58052K(140800K), 0,0013842 secs]
213,550: [GC (Allocation Failure)  83652K->62804K(140288K), 0,0038690 secs]
213,586: [GC (Allocation Failure)  88404K->56996K(140800K), 0,0012489 secs]
213,610: [GC (Allocation Failure)  82596K->61780K(141312K), 0,0018627 secs]
213,645: [GC (Allocation Failure)  88404K->56996K(141312K), 0,0011687 secs]
213,669: [GC (Allocation Failure)  83620K->62804K(141312K), 0,0036656 secs]
213,706: [GC (Allocation Failure)  89428K->57988K(141312K), 0,0035486 secs]
213,733: [GC (Allocation Failure)  84612K->63796K(140288K), 0,0084177 secs]
213,774: [GC (Allocation Failure)  89396K->57956K(140800K), 0,0023768 secs]
213,798: [GC (Allocation Failure)  83556K->62740K(140288K), 0,0028710 secs]
213,834: [GC (Allocation Failure)  88340K->56900K(140800K), 0,0009213 secs]
213,857: [GC (Allocation Failure)  82500K->61724K(141312K), 0,0016118 secs]
213,892: [GC (Allocation Failure)  88348K->56876K(141312K), 0,0009488 secs]
213,915: [GC (Allocation Failure)  83500K->62716K(141312K), 0,0019435 secs]
213,950: [GC (Allocation Failure)  89340K->57900K(141312K), 0,0023273 secs]
213,976: [GC (Allocation Failure)  84524K->63708K(140288K), 0,0021436 secs]
214,010: [GC (Allocation Failure)  89308K->57908K(140800K), 0,0026687 secs]
214,035: [GC (Allocation Failure)  83508K->62692K(141312K), 0,0019016 secs]
214,070: [GC (Allocation Failure)  89316K->57876K(141312K), 0,0013047 secs]
214,094: [GC (Allocation Failure)  84500K->63652K(140288K), 0,0019559 secs]
214,128: [GC (Allocation Failure)  89252K->57844K(140800K), 0,0040288 secs]
214,154: [GC (Allocation Failure)  83444K->62596K(141312K), 0,0028735 secs]
214,190: [GC (Allocation Failure)  89220K->57812K(141312K), 0,0012136 secs]
214,214: [GC (Allocation Failure)  84436K->63588K(140288K), 0,0019279 secs]
214,252: [GC (Allocation Failure)  89188K->57820K(140800K), 0,0031108 secs]
214,284: [GC (Allocation Failure)  83420K->62572K(141312K), 0,0066865 secs]
214,328: [GC (Allocation Failure)  89196K->57796K(141312K), 0,0030588 secs]
214,359: [GC (Allocation Failure)  84420K->63612K(140288K), 0,0039345 secs]
214,397: [GC (Allocation Failure)  89212K->57772K(140800K), 0,0039929 secs]
214,425: [GC (Allocation Failure)  83372K->62524K(141312K), 0,0026782 secs]
214,463: [GC (Allocation Failure)  89148K->57772K(141312K), 0,0026826 secs]
214,491: [GC (Allocation Failure)  84396K->63588K(140288K), 0,0028176 secs]
214,529: [GC (Allocation Failure)  89188K->57716K(140800K), 0,0033588 secs]
214,557: [GC (Allocation Failure)  83316K->62500K(141312K), 0,0047636 secs]
214,597: [GC (Allocation Failure)  89124K->57684K(141312K), 0,0040151 secs]
214,625: [GC (Allocation Failure)  84308K->63492K(141312K), 0,0087583 secs]
214,664: [GC (Allocation Failure)  90116K->58708K(141312K), 0,0009587 secs]
214,686: [GC (Allocation Failure)  85332K->64548K(140288K), 0,0015466 secs]
214,720: [GC (Allocation Failure)  90148K->58676K(140800K), 0,0008828 secs]
214,743: [GC (Allocation Failure)  84276K->63460K(140288K), 0,0014465 secs]
214,776: [GC (Allocation Failure)  89060K->57428K(140800K), 0,0012431 secs]
214,799: [GC (Allocation Failure)  83028K->62220K(141312K), 0,0033100 secs]
214,833: [GC (Allocation Failure)  88844K->57412K(141312K), 0,0006703 secs]
214,854: [GC (Allocation Failure)  84036K->63252K(141312K), 0,0014148 secs]
214,887: [GC (Allocation Failure)  89876K->58372K(141312K), 0,0058180 secs]
214,914: [GC (Allocation Failure)  84996K->64180K(140288K), 0,0023282 secs]
214,948: [GC (Allocation Failure)  89780K->58340K(140800K), 0,0014834 secs]
214,970: [GC (Allocation Failure)  83940K->63060K(141312K), 0,0030159 secs]
215,006: [GC (Allocation Failure)  89684K->58244K(141312K), 0,0008335 secs]
215,029: [GC (Allocation Failure)  84868K->64092K(140288K), 0,0014649 secs]
215,067: [GC (Allocation Failure)  89692K->58284K(140800K), 0,0026450 secs]
215,093: [GC (Allocation Failure)  83884K->63068K(141312K), 0,0020050 secs]
215,128: [GC (Allocation Failure)  89692K->58260K(141312K), 0,0014632 secs]
215,153: [GC (Allocation Failure)  84884K->64068K(140288K), 0,0038953 secs]
215,189: [GC (Allocation Failure)  89668K->58196K(140800K), 0,0030653 secs]
215,214: [GC (Allocation Failure)  83796K->62980K(141312K), 0,0038635 secs]
215,251: [GC (Allocation Failure)  89604K->58196K(141312K), 0,0013209 secs]
215,276: [GC (Allocation Failure)  84820K->64036K(140288K), 0,0042304 secs]
215,313: [GC (Allocation Failure)  89636K->58228K(140800K), 0,0008470 secs]
215,340: [GC (Allocation Failure)  83828K->62980K(141312K), 0,0043892 secs]
215,382: [GC (Allocation Failure)  89604K->58164K(141312K), 0,0031123 secs]
215,414: [GC (Allocation Failure)  84788K->63972K(141312K), 0,0038619 secs]
215,452: [GC (Allocation Failure)  90596K->59156K(141312K), 0,0028759 secs]
215,477: [GC (Allocation Failure)  85780K->65028K(140288K), 0,0018240 secs]
215,512: [GC (Allocation Failure)  90628K->59188K(140800K), 0,0011954 secs]
215,535: [GC (Allocation Failure)  84788K->63908K(140288K), 0,0018327 secs]
215,572: [GC (Allocation Failure)  89508K->58036K(140800K), 0,0067940 secs]
215,605: [GC (Allocation Failure)  83636K->62884K(141312K), 0,0024742 secs]
215,641: [GC (Allocation Failure)  89508K->58084K(141312K), 0,0015720 secs]
215,668: [GC (Allocation Failure)  84708K->63860K(141312K), 0,0052834 secs]
215,706: [GC (Allocation Failure)  90484K->59076K(141312K), 0,0013728 secs]
215,731: [GC (Allocation Failure)  85700K->64884K(140288K), 0,0022407 secs]
215,765: [GC (Allocation Failure)  90484K->59076K(140800K), 0,0032747 secs]
215,791: [GC (Allocation Failure)  84676K->63860K(140288K), 0,0020601 secs]
215,825: [GC (Allocation Failure)  89460K->57988K(140800K), 0,0012256 secs]
215,849: [GC (Allocation Failure)  83588K->62772K(141312K), 0,0018188 secs]
215,884: [GC (Allocation Failure)  89396K->57964K(141312K), 0,0011900 secs]
215,909: [GC (Allocation Failure)  84588K->63772K(141312K), 0,0020140 secs]
215,943: [GC (Allocation Failure)  90396K->59020K(141312K), 0,0012818 secs]
215,968: [GC (Allocation Failure)  85644K->64796K(139776K), 0,0069825 secs]
216,007: [GC (Allocation Failure)  90396K->58988K(140800K), 0,0027028 secs]
216,032: [GC (Allocation Failure)  84588K->63740K(141312K), 0,0019920 secs]
216,067: [GC (Allocation Failure)  90364K->58924K(141312K), 0,0031294 secs]
216,093: [GC (Allocation Failure)  85548K->64764K(140288K), 0,0032365 secs]
216,129: [GC (Allocation Failure)  90364K->58892K(140800K), 0,0046786 secs]
216,156: [GC (Allocation Failure)  84492K->63708K(141312K), 0,0019279 secs]
216,191: [GC (Allocation Failure)  90332K->58892K(141312K), 0,0013185 secs]
216,216: [GC (Allocation Failure)  85516K->64732K(140288K), 0,0021516 secs]
216,250: [GC (Allocation Failure)  90332K->58860K(140800K), 0,0013836 secs]
216,276: [GC (Allocation Failure)  84460K->63660K(141312K), 0,0047281 secs]
216,318: [GC (Allocation Failure)  90284K->58892K(141312K), 0,0033839 secs]
216,350: [GC (Allocation Failure)  85516K->64700K(140288K), 0,0047586 secs]
216,392: [GC (Allocation Failure)  90300K->58860K(140800K), 0,0052892 secs]
216,421: [GC (Allocation Failure)  84460K->63644K(141312K), 0,0023752 secs]
216,456: [GC (Allocation Failure)  90268K->58828K(141312K), 0,0012833 secs]
216,481: [GC (Allocation Failure)  85452K->64604K(141312K), 0,0046388 secs]
216,518: [GC (Allocation Failure)  91228K->59852K(141312K), 0,0013521 secs]
216,543: [GC (Allocation Failure)  86476K->65660K(140288K), 0,0021579 secs]
216,582: [GC (Allocation Failure)  91260K->59788K(140800K), 0,0058476 secs]
216,615: [GC (Allocation Failure)  85388K->64572K(140288K), 0,0034716 secs]
216,652: [GC (Allocation Failure)  90172K->58764K(140800K), 0,0016808 secs]
216,679: [GC (Allocation Failure)  84364K->63516K(141312K), 0,0026345 secs]
216,716: [GC (Allocation Failure)  90140K->58700K(141312K), 0,0064562 secs]
216,746: [GC (Allocation Failure)  85324K->64508K(141312K), 0,0020767 secs]
216,780: [GC (Allocation Failure)  91132K->59756K(141312K), 0,0013048 secs]
216,805: [GC (Allocation Failure)  86380K->65572K(140288K), 0,0022795 secs]
216,840: [GC (Allocation Failure)  91172K->59732K(140800K), 0,0014949 secs]
216,864: [GC (Allocation Failure)  85332K->64524K(140288K), 0,0020327 secs]
216,899: [GC (Allocation Failure)  90124K->58716K(140800K), 0,0011659 secs]
216,923: [GC (Allocation Failure)  84316K->63436K(141312K), 0,0019197 secs]
216,958: [GC (Allocation Failure)  90060K->58660K(141312K), 0,0011505 secs]
216,981: [GC (Allocation Failure)  85284K->64436K(141312K), 0,0066501 secs]
217,021: [GC (Allocation Failure)  91060K->59684K(141312K), 0,0023002 secs]
217,045: [GC (Allocation Failure)  86308K->65492K(139776K), 0,0033600 secs]
217,081: [GC (Allocation Failure)  91092K->59620K(140800K), 0,0024551 secs]
217,109: [GC (Allocation Failure)  85220K->64404K(141312K), 0,0046272 secs]
217,151: [GC (Allocation Failure)  91028K->59628K(141312K), 0,0036235 secs]
217,183: [GC (Allocation Failure)  86252K->65436K(140288K), 0,0054173 secs]
217,226: [GC (Allocation Failure)  91036K->59596K(140800K), 0,0031037 secs]
217,253: [GC (Allocation Failure)  85196K->64388K(141312K), 0,0030119 secs]
217,289: [GC (Allocation Failure)  91012K->59604K(141312K), 0,0013346 secs]
217,314: [GC (Allocation Failure)  86228K->65380K(140288K), 0,0038713 secs]
217,350: [GC (Allocation Failure)  90980K->59572K(140800K), 0,0013153 secs]
217,375: [GC (Allocation Failure)  85172K->64332K(141312K), 0,0020189 secs]
217,413: [GC (Allocation Failure)  90956K->59548K(141312K), 0,0031749 secs]
217,445: [GC (Allocation Failure)  86172K->65364K(140288K), 0,0033473 secs]
217,483: [GC (Allocation Failure)  90964K->59532K(140800K), 0,0053994 secs]
217,511: [GC (Allocation Failure)  85132K->64316K(141312K), 0,0030418 secs]
217,547: [GC (Allocation Failure)  90940K->59532K(141312K), 0,0009835 secs]
217,570: [GC (Allocation Failure)  86156K->65308K(140288K), 0,0032442 secs]
217,608: [GC (Allocation Failure)  90908K->59500K(140800K), 0,0017795 secs]
217,635: [GC (Allocation Failure)  85100K->64252K(141312K), 0,0029008 secs]
217,673: [GC (Allocation Failure)  90876K->59476K(141312K), 0,0017758 secs]
217,699: [GC (Allocation Failure)  86100K->65284K(141312K), 0,0029983 secs]
217,737: [GC (Allocation Failure)  91908K->60500K(141312K), 0,0023627 secs]
217,764: [GC (Allocation Failure)  87124K->66276K(140288K), 0,0055110 secs]
217,804: [GC (Allocation Failure)  91876K->60436K(140800K), 0,0021395 secs]
217,831: [GC (Allocation Failure)  86036K->65252K(140288K), 0,0029885 secs]
217,869: [GC (Allocation Failure)  90852K->59380K(140800K), 0,0042550 secs]
217,897: [GC (Allocation Failure)  84980K->64196K(141312K), 0,0025264 secs]
217,936: [GC (Allocation Failure)  90820K->59380K(141312K), 0,0034976 secs]
217,968: [GC (Allocation Failure)  86004K->65228K(141312K), 0,0047585 secs]
218,011: [GC (Allocation Failure)  91852K->60380K(141312K), 0,0036054 secs]
218,042: [GC (Allocation Failure)  87004K->66220K(140288K), 0,0066996 secs]
218,086: [GC (Allocation Failure)  91820K->60348K(140800K), 0,0057337 secs]
218,118: [GC (Allocation Failure)  85948K->65100K(140288K), 0,0050010 secs]
218,159: [GC (Allocation Failure)  90700K->59292K(140800K), 0,0025280 secs]
218,184: [GC (Allocation Failure)  84892K->64076K(141312K), 0,0049450 secs]
218,222: [GC (Allocation Failure)  90700K->59260K(141312K), 0,0029207 secs]
218,248: [GC (Allocation Failure)  85884K->65100K(141312K), 0,0036619 secs]
218,284: [GC (Allocation Failure)  91724K->60284K(141312K), 0,0013429 secs]
218,312: [GC (Allocation Failure)  86908K->66124K(140288K), 0,0053947 secs]
218,352: [GC (Allocation Failure)  91724K->60252K(140800K), 0,0073418 secs]
218,382: [GC (Allocation Failure)  85852K->65036K(141312K), 0,0025210 secs]
218,421: [GC (Allocation Failure)  91660K->60252K(141312K), 0,0055130 secs]
218,451: [GC (Allocation Failure)  86876K->66060K(140288K), 0,0030949 secs]
218,488: [GC (Allocation Failure)  91660K->60236K(140800K), 0,0018738 secs]
218,517: [GC (Allocation Failure)  85836K->65020K(141312K), 0,0045430 secs]
218,559: [GC (Allocation Failure)  91644K->60172K(141312K), 0,0050209 secs]
218,587: [GC (Allocation Failure)  86796K->66020K(140288K), 0,0042298 secs]
218,624: [GC (Allocation Failure)  91620K->60148K(140800K), 0,0020178 secs]
218,648: [GC (Allocation Failure)  85748K->64964K(141312K), 0,0026195 secs]
218,683: [GC (Allocation Failure)  91588K->60180K(141312K), 0,0008279 secs]
218,706: [GC (Allocation Failure)  86804K->65988K(140288K), 0,0017588 secs]
218,741: [GC (Allocation Failure)  91588K->60188K(140800K), 0,0008937 secs]
218,763: [GC (Allocation Failure)  85788K->64908K(141312K), 0,0019676 secs]
218,798: [GC (Allocation Failure)  91532K->59900K(141312K), 0,0017911 secs]
218,822: [GC (Allocation Failure)  86524K->65748K(141312K), 0,0022241 secs]
218,856: [GC (Allocation Failure)  92372K->60900K(141312K), 0,0024470 secs]
218,879: [GC (Allocation Failure)  87524K->66748K(140288K), 0,0015712 secs]
218,912: [GC (Allocation Failure)  92348K->60884K(140800K), 0,0007740 secs]
218,933: [GC (Allocation Failure)  86484K->65604K(140288K), 0,0021343 secs]
218,968: [GC (Allocation Failure)  91204K->59764K(140800K), 0,0014623 secs]
218,991: [GC (Allocation Failure)  85364K->64524K(141312K), 0,0019702 secs]
219,026: [GC (Allocation Failure)  91148K->59708K(141312K), 0,0007385 secs]
219,047: [GC (Allocation Failure)  86332K->65548K(141312K), 0,0013617 secs]
219,080: [GC (Allocation Failure)  92172K->60732K(141312K), 0,0019495 secs]
219,104: [GC (Allocation Failure)  87356K->66580K(139776K), 0,0015292 secs]
219,137: [GC (Allocation Failure)  92180K->60708K(140800K), 0,0008250 secs]
219,158: [GC (Allocation Failure)  86308K->65524K(141312K), 0,0014385 secs]
219,192: [GC (Allocation Failure)  92148K->60740K(141312K), 0,0008817 secs]
219,215: [GC (Allocation Failure)  87364K->66548K(140288K), 0,0019929 secs]
219,250: [GC (Allocation Failure)  92148K->60676K(140800K), 0,0024728 secs]
219,275: [GC (Allocation Failure)  86276K->65428K(141312K), 0,0018724 secs]
219,310: [GC (Allocation Failure)  92052K->60676K(141312K), 0,0010912 secs]
219,334: [GC (Allocation Failure)  87300K->66452K(140288K), 0,0037581 secs]
219,370: [GC (Allocation Failure)  92052K->60644K(140800K), 0,0011709 secs]
219,393: [GC (Allocation Failure)  86244K->65428K(141312K), 0,0017374 secs]
219,428: [GC (Allocation Failure)  92052K->60644K(141312K), 0,0011446 secs]
219,451: [GC (Allocation Failure)  87268K->66420K(140288K), 0,0020205 secs]
219,486: [GC (Allocation Failure)  92020K->60580K(140800K), 0,0033748 secs]
219,512: [GC (Allocation Failure)  86180K->65364K(141312K), 0,0017882 secs]
219,547: [GC (Allocation Failure)  91988K->60580K(141312K), 0,0010964 secs]
219,570: [GC (Allocation Failure)  87204K->66388K(141312K), 0,0036949 secs]
219,612: [GC (Allocation Failure)  93012K->61580K(141312K), 0,0065789 secs]
219,642: [GC (Allocation Failure)  88204K->67396K(140288K), 0,0041153 secs]
219,678: [GC (Allocation Failure)  92996K->61556K(140800K), 0,0036142 secs]
219,704: [GC (Allocation Failure)  87156K->66372K(140288K), 0,0017943 secs]
219,739: [GC (Allocation Failure)  91972K->60532K(140800K), 0,0009751 secs]
219,762: [GC (Allocation Failure)  86132K->65252K(141312K), 0,0054938 secs]
219,801: [GC (Allocation Failure)  91364K->59956K(140800K), 0,0011472 secs]
219,824: [GC (Allocation Failure)  86068K->65228K(141312K), 0,0033233 secs]
219,860: [GC (Allocation Failure)  91852K->60444K(141312K), 0,0028834 secs]
219,889: [GC (Allocation Failure)  87068K->66260K(141312K), 0,0081064 secs]
219,930: [GC (Allocation Failure)  92884K->61484K(141312K), 0,0029604 secs]
219,956: [GC (Allocation Failure)  88108K->67324K(139776K), 0,0023516 secs]
219,991: [GC (Allocation Failure)  92924K->61516K(140800K), 0,0014179 secs]
220,015: [GC (Allocation Failure)  87116K->66212K(141312K), 0,0036043 secs]
220,052: [GC (Allocation Failure)  92836K->61428K(141312K), 0,0047787 secs]
220,083: [GC (Allocation Failure)  88052K->67244K(140288K), 0,0067980 secs]
220,123: [GC (Allocation Failure)  92844K->61436K(140800K), 0,0010282 secs]
220,146: [GC (Allocation Failure)  87036K->66188K(140288K), 0,0042273 secs]
220,183: [GC (Allocation Failure)  91788K->60380K(140800K), 0,0015622 secs]
220,207: [GC (Allocation Failure)  85980K->65164K(141312K), 0,0028978 secs]
220,243: [GC (Allocation Failure)  91788K->60316K(141312K), 0,0009806 secs]
220,266: [GC (Allocation Failure)  86940K->66156K(141312K), 0,0044346 secs]
220,303: [GC (Allocation Failure)  92780K->61348K(141312K), 0,0019976 secs]
220,331: [GC (Allocation Failure)  87972K->67188K(139776K), 0,0040996 secs]
220,368: [GC (Allocation Failure)  92788K->61356K(140800K), 0,0022684 secs]
220,392: [GC (Allocation Failure)  86956K->66084K(141312K), 0,0024558 secs]
220,427: [GC (Allocation Failure)  92708K->61332K(141312K), 0,0023050 secs]
220,451: [GC (Allocation Failure)  87956K->67140K(140288K), 0,0018370 secs]
220,486: [GC (Allocation Failure)  92740K->61300K(140800K), 0,0010877 secs]
220,509: [GC (Allocation Failure)  86900K->66124K(141312K), 0,0029381 secs]
220,545: [GC (Allocation Failure)  92748K->61276K(141312K), 0,0013053 secs]
220,568: [GC (Allocation Failure)  87900K->67092K(140288K), 0,0035685 secs]
220,605: [GC (Allocation Failure)  92692K->61252K(140800K), 0,0026451 secs]
220,630: [GC (Allocation Failure)  86852K->66068K(141312K), 0,0018245 secs]
220,665: [GC (Allocation Failure)  92692K->61252K(141312K), 0,0012167 secs]
220,689: [GC (Allocation Failure)  87876K->67028K(141312K), 0,0064778 secs]
220,728: [GC (Allocation Failure)  93652K->62276K(141312K), 0,0012907 secs]
220,752: [GC (Allocation Failure)  88900K->68084K(140288K), 0,0021140 secs]
220,786: [GC (Allocation Failure)  93684K->62244K(140800K), 0,0013214 secs]
220,809: [GC (Allocation Failure)  87844K->66996K(140288K), 0,0025874 secs]
220,845: [GC (Allocation Failure)  92596K->61156K(140800K), 0,0027237 secs]
220,870: [GC (Allocation Failure)  86756K->65948K(141312K), 0,0019128 secs]
220,905: [GC (Allocation Failure)  92572K->61196K(141312K), 0,0011681 secs]
220,929: [GC (Allocation Failure)  87820K->66948K(141312K), 0,0020600 secs]
220,963: [GC (Allocation Failure)  93572K->62196K(141312K), 0,0027389 secs]
220,989: [GC (Allocation Failure)  88820K->68004K(140288K), 0,0021572 secs]
221,023: [GC (Allocation Failure)  93604K->62196K(140800K), 0,0016338 secs]
221,048: [GC (Allocation Failure)  87796K->66948K(140288K), 0,0023153 secs]
221,083: [GC (Allocation Failure)  92548K->61140K(140800K), 0,0014394 secs]
221,107: [GC (Allocation Failure)  86740K->65860K(141312K), 0,0041854 secs]
221,145: [GC (Allocation Failure)  92484K->61076K(141312K), 0,0013708 secs]
221,170: [GC (Allocation Failure)  87700K->66924K(141312K), 0,0023195 secs]
221,205: [GC (Allocation Failure)  93548K->62044K(141312K), 0,0015951 secs]
221,230: [GC (Allocation Failure)  88668K->67892K(140288K), 0,0051276 secs]
221,268: [GC (Allocation Failure)  93492K->62052K(140800K), 0,0040883 secs]
221,296: [GC (Allocation Failure)  87652K->66836K(141312K), 0,0026639 secs]
221,331: [GC (Allocation Failure)  93460K->62020K(141312K), 0,0014715 secs]
221,356: [GC (Allocation Failure)  88644K->67868K(140288K), 0,0025924 secs]
221,391: [GC (Allocation Failure)  93468K->62060K(140800K), 0,0015588 secs]
221,416: [GC (Allocation Failure)  87660K->66812K(141312K), 0,0027266 secs]
221,451: [GC (Allocation Failure)  93436K->61996K(141312K), 0,0038660 secs]
221,478: [GC (Allocation Failure)  88620K->67804K(140288K), 0,0044818 secs]
221,515: [GC (Allocation Failure)  93404K->62012K(140800K), 0,0016301 secs]
221,540: [GC (Allocation Failure)  87612K->66764K(141312K), 0,0023702 secs]
221,579: [GC (Allocation Failure)  93388K->61996K(141312K), 0,0032223 secs]
221,611: [GC (Allocation Failure)  88620K->67804K(140288K), 0,0049018 secs]
221,653: [GC (Allocation Failure)  93404K->61932K(140800K), 0,0076051 secs]
221,687: [GC (Allocation Failure)  87532K->66748K(141312K), 0,0040445 secs]
221,724: [GC (Allocation Failure)  93372K->61932K(141312K), 0,0024268 secs]
221,748: [GC (Allocation Failure)  88556K->67748K(140288K), 0,0017392 secs]
221,783: [GC (Allocation Failure)  93348K->61876K(140800K), 0,0019428 secs]
221,807: [GC (Allocation Failure)  87476K->66692K(141312K), 0,0018418 secs]
221,842: [GC (Allocation Failure)  93316K->61876K(141312K), 0,0033375 secs]
221,867: [GC (Allocation Failure)  88500K->67684K(141312K), 0,0031499 secs]
221,903: [GC (Allocation Failure)  94308K->62908K(141312K), 0,0020964 secs]
221,927: [GC (Allocation Failure)  89532K->68716K(140288K), 0,0031503 secs]
221,963: [GC (Allocation Failure)  94316K->62916K(140800K), 0,0025412 secs]
221,988: [GC (Allocation Failure)  88516K->67676K(140288K), 0,0030118 secs]
222,024: [GC (Allocation Failure)  93276K->61836K(140800K), 0,0023101 secs]
222,048: [GC (Allocation Failure)  87436K->66620K(141312K), 0,0016637 secs]
222,087: [GC (Allocation Failure)  92732K->61292K(140800K), 0,0042897 secs]
222,114: [GC (Allocation Failure)  87404K->66588K(141312K), 0,0043303 secs]
222,151: [GC (Allocation Failure)  93212K->61804K(141312K), 0,0009422 secs]
222,174: [GC (Allocation Failure)  88428K->67580K(140800K), 0,0041974 secs]
222,211: [GC (Allocation Failure)  94204K->62772K(141312K), 0,0023443 secs]
222,235: [GC (Allocation Failure)  89396K->68612K(139776K), 0,0031145 secs]
222,271: [GC (Allocation Failure)  94212K->62772K(140800K), 0,0023689 secs]
222,295: [GC (Allocation Failure)  88372K->67556K(141312K), 0,0018186 secs]
222,332: [GC (Allocation Failure)  94180K->62748K(141312K), 0,0059749 secs]
222,361: [GC (Allocation Failure)  89372K->68588K(140288K), 0,0033045 secs]
222,397: [GC (Allocation Failure)  94188K->62748K(140800K), 0,0011322 secs]
222,420: [GC (Allocation Failure)  88348K->67500K(140288K), 0,0017124 secs]
222,457: [GC (Allocation Failure)  93100K->61660K(140800K), 0,0073399 secs]
222,493: [GC (Allocation Failure)  87260K->66484K(141312K), 0,0087459 secs]
222,538: [GC (Allocation Failure)  93108K->61636K(141312K), 0,0039410 secs]
222,567: [GC (Allocation Failure)  88260K->67452K(141312K), 0,0022549 secs]
222,602: [GC (Allocation Failure)  94076K->62700K(141312K), 0,0012758 secs]
222,627: [GC (Allocation Failure)  89324K->68508K(139776K), 0,0021688 secs]
222,661: [GC (Allocation Failure)  94108K->62636K(140800K), 0,0043879 secs]
222,688: [GC (Allocation Failure)  88236K->67452K(141312K), 0,0035327 secs]
222,725: [GC (Allocation Failure)  94076K->62636K(141312K), 0,0012950 secs]
222,748: [GC (Allocation Failure)  89260K->68444K(140288K), 0,0038926 secs]
222,788: [GC (Allocation Failure)  94044K->62444K(140800K), 0,0007094 secs]
222,809: [GC (Allocation Failure)  88044K->67164K(141312K), 0,0062816 secs]
222,847: [GC (Allocation Failure)  93788K->62380K(141312K), 0,0014804 secs]
222,869: [GC (Allocation Failure)  89004K->68156K(141312K), 0,0022416 secs]
222,903: [GC (Allocation Failure)  94780K->63308K(141312K), 0,0009783 secs]
222,926: [GC (Allocation Failure)  89932K->69148K(140288K), 0,0023413 secs]
222,960: [GC (Allocation Failure)  94748K->63316K(140800K), 0,0007765 secs]
222,982: [GC (Allocation Failure)  88916K->68036K(140288K), 0,0054110 secs]
223,020: [GC (Allocation Failure)  93636K->62196K(140800K), 0,0008299 secs]
223,042: [GC (Allocation Failure)  87796K->66956K(141312K), 0,0029636 secs]
223,082: [GC (Allocation Failure)  93580K->62108K(141312K), 0,0060698 secs]
223,113: [GC (Allocation Failure)  88732K->67980K(141312K), 0,0020638 secs]
223,147: [GC (Allocation Failure)  94604K->63164K(141312K), 0,0025298 secs]
223,173: [GC (Allocation Failure)  89788K->69004K(139776K), 0,0022286 secs]
223,207: [GC (Allocation Failure)  94604K->63172K(140800K), 0,0046729 secs]
223,234: [GC (Allocation Failure)  88772K->67924K(141312K), 0,0028470 secs]
223,270: [GC (Allocation Failure)  94548K->63140K(141312K), 0,0013700 secs]
223,295: [GC (Allocation Failure)  89764K->68948K(140288K), 0,0023769 secs]
223,330: [GC (Allocation Failure)  94548K->63108K(140800K), 0,0012709 secs]
223,354: [GC (Allocation Failure)  88708K->67892K(141312K), 0,0021191 secs]
223,389: [GC (Allocation Failure)  94516K->63076K(141312K), 0,0013227 secs]
223,414: [GC (Allocation Failure)  89700K->68924K(140288K), 0,0026698 secs]
223,449: [GC (Allocation Failure)  94524K->63020K(140800K), 0,0038035 secs]
223,476: [GC (Allocation Failure)  88620K->67844K(141312K), 0,0045060 secs]
223,513: [GC (Allocation Failure)  94468K->63068K(141312K), 0,0016535 secs]
223,538: [GC (Allocation Failure)  89692K->68876K(140288K), 0,0040984 secs]
223,575: [GC (Allocation Failure)  94476K->63036K(140800K), 0,0030444 secs]
223,600: [GC (Allocation Failure)  88636K->67788K(141312K), 0,0071580 secs]
223,640: [GC (Allocation Failure)  94412K->63004K(141312K), 0,0035776 secs]
223,665: [GC (Allocation Failure)  89628K->68812K(140288K), 0,0031362 secs]
223,701: [GC (Allocation Failure)  94412K->62940K(140800K), 0,0020280 secs]
223,725: [GC (Allocation Failure)  88540K->67756K(141312K), 0,0015977 secs]
223,760: [GC (Allocation Failure)  94380K->62972K(141312K), 0,0010107 secs]
223,783: [GC (Allocation Failure)  89596K->68780K(141312K), 0,0016508 secs]
223,818: [GC (Allocation Failure)  95404K->63964K(141312K), 0,0018565 secs]
223,842: [GC (Allocation Failure)  90588K->69772K(140288K), 0,0026616 secs]
223,878: [GC (Allocation Failure)  95372K->63908K(140800K), 0,0025489 secs]
223,903: [GC (Allocation Failure)  89508K->68756K(140288K), 0,0018803 secs]
223,938: [GC (Allocation Failure)  94356K->62916K(140800K), 0,0011366 secs]
223,961: [GC (Allocation Failure)  88516K->67668K(141312K), 0,0016902 secs]
223,996: [GC (Allocation Failure)  94292K->62860K(141312K), 0,0025869 secs]
224,021: [GC (Allocation Failure)  89484K->68708K(141312K), 0,0020394 secs]
224,057: [GC (Allocation Failure)  95332K->63924K(141312K), 0,0033148 secs]
224,088: [GC (Allocation Failure)  90548K->69732K(140288K), 0,0042741 secs]
224,127: [GC (Allocation Failure)  95332K->63892K(140800K), 0,0014008 secs]
224,151: [GC (Allocation Failure)  89492K->68620K(140288K), 0,0025293 secs]
224,187: [GC (Allocation Failure)  94220K->62812K(140800K), 0,0011404 secs]
224,210: [GC (Allocation Failure)  88412K->67564K(141312K), 0,0037627 secs]
224,247: [GC (Allocation Failure)  94188K->62780K(141312K), 0,0028299 secs]
224,272: [GC (Allocation Failure)  89404K->68588K(141312K), 0,0050462 secs]
224,310: [GC (Allocation Failure)  95212K->63804K(141312K), 0,0023326 secs]
224,334: [GC (Allocation Failure)  90428K->69580K(139776K), 0,0031410 secs]
224,370: [GC (Allocation Failure)  95180K->63836K(140800K), 0,0010886 secs]
224,393: [GC (Allocation Failure)  89436K->68556K(141312K), 0,0037009 secs]
224,430: [GC (Allocation Failure)  95180K->63740K(141312K), 0,0024587 secs]
224,455: [GC (Allocation Failure)  90364K->69580K(140288K), 0,0018729 secs]
224,490: [GC (Allocation Failure)  95180K->63708K(140800K), 0,0014864 secs]
224,513: [GC (Allocation Failure)  89308K->68524K(141312K), 0,0016409 secs]
224,548: [GC (Allocation Failure)  95148K->63708K(141312K), 0,0010232 secs]
224,571: [GC (Allocation Failure)  90332K->69516K(140288K), 0,0088483 secs]
224,613: [GC (Allocation Failure)  95116K->63708K(140800K), 0,0008648 secs]
224,636: [GC (Allocation Failure)  89308K->68460K(141312K), 0,0051114 secs]
224,673: [GC (Allocation Failure)  95084K->63644K(141312K), 0,0018498 secs]
224,696: [GC (Allocation Failure)  90268K->69452K(140288K), 0,0016020 secs]
224,730: [GC (Allocation Failure)  95052K->63644K(140800K), 0,0007933 secs]
224,752: [GC (Allocation Failure)  89244K->68396K(141312K), 0,0021557 secs]
224,786: [GC (Allocation Failure)  95020K->63612K(141312K), 0,0007409 secs]
224,808: [GC (Allocation Failure)  90236K->69428K(141312K), 0,0014416 secs]
224,842: [GC (Allocation Failure)  96052K->64612K(141312K), 0,0033123 secs]
224,867: [GC (Allocation Failure)  91236K->70452K(140288K), 0,0017266 secs]
224,901: [GC (Allocation Failure)  96052K->64580K(140800K), 0,0017391 secs]
224,924: [GC (Allocation Failure)  90180K->69364K(140288K), 0,0053032 secs]
224,962: [GC (Allocation Failure)  94964K->63524K(140800K), 0,0008043 secs]
224,985: [GC (Allocation Failure)  89124K->68284K(141312K), 0,0023107 secs]
225,020: [GC (Allocation Failure)  94396K->63020K(140800K), 0,0008623 secs]
225,047: [GC (Allocation Failure)  89132K->68316K(141312K), 0,0043390 secs]
225,089: [GC (Allocation Failure)  94940K->63468K(141312K), 0,0077984 secs]
225,122: [GC (Allocation Failure)  90092K->69276K(141312K), 0,0020995 secs]
225,157: [GC (Allocation Failure)  95900K->64492K(141312K), 0,0020664 secs]
225,182: [GC (Allocation Failure)  91116K->70276K(139776K), 0,0040400 secs]
225,218: [GC (Allocation Failure)  95876K->64500K(140800K), 0,0076848 secs]
225,248: [GC (Allocation Failure)  90100K->69252K(141312K), 0,0025471 secs]
225,284: [GC (Allocation Failure)  95876K->64436K(141312K), 0,0019431 secs]
225,308: [GC (Allocation Failure)  91060K->70308K(140288K), 0,0017311 secs]
225,343: [GC (Allocation Failure)  95908K->64404K(140800K), 0,0009245 secs]
225,370: [GC (Allocation Failure)  90004K->69252K(140288K), 0,0089777 secs]
225,416: [GC (Allocation Failure)  94852K->63348K(140800K), 0,0053878 secs]
225,446: [GC (Allocation Failure)  88948K->68164K(141312K), 0,0025890 secs]
225,484: [GC (Allocation Failure)  94788K->63380K(141312K), 0,0017173 secs]
225,511: [GC (Allocation Failure)  90004K->69188K(141312K), 0,0027427 secs]
225,548: [GC (Allocation Failure)  95812K->64372K(141312K), 0,0018359 secs]
225,575: [GC (Allocation Failure)  90996K->70148K(139776K), 0,0029026 secs]
225,613: [GC (Allocation Failure)  95748K->64340K(140800K), 0,0045329 secs]
225,642: [GC (Allocation Failure)  89940K->69132K(141312K), 0,0026867 secs]
225,682: [GC (Allocation Failure)  95756K->64316K(141312K), 0,0018165 secs]
225,709: [GC (Allocation Failure)  90940K->70124K(140288K), 0,0028763 secs]
225,747: [GC (Allocation Failure)  95724K->64316K(140800K), 0,0017717 secs]
225,774: [GC (Allocation Failure)  89916K->69100K(141312K), 0,0027359 secs]
225,811: [GC (Allocation Failure)  95724K->64284K(141312K), 0,0019254 secs]
225,838: [GC (Allocation Failure)  90908K->70092K(140288K), 0,0051338 secs]
225,877: [GC (Allocation Failure)  95692K->64284K(140800K), 0,0016995 secs]
225,904: [GC (Allocation Failure)  89884K->69036K(141312K), 0,0053149 secs]
225,946: [GC (Allocation Failure)  95660K->64220K(141312K), 0,0030230 secs]
225,975: [GC (Allocation Failure)  90844K->70028K(141312K), 0,0031160 secs]
226,012: [GC (Allocation Failure)  96652K->65252K(141312K), 0,0022136 secs]
226,039: [GC (Allocation Failure)  91876K->71100K(140288K), 0,0029845 secs]
226,078: [GC (Allocation Failure)  96700K->65228K(140800K), 0,0034482 secs]
226,109: [GC (Allocation Failure)  90828K->70020K(140288K), 0,0048263 secs]
226,151: [GC (Allocation Failure)  95620K->64180K(140800K), 0,0031540 secs]
226,182: [GC (Allocation Failure)  89780K->68964K(141312K), 0,0044206 secs]
226,224: [GC (Allocation Failure)  95076K->63636K(140800K), 0,0027834 secs]
226,252: [GC (Allocation Failure)  89748K->68940K(141312K), 0,0019085 secs]
226,287: [GC (Allocation Failure)  95564K->64100K(141312K), 0,0028952 secs]
226,316: [GC (Allocation Failure)  90724K->69956K(141312K), 0,0030373 secs]
226,352: [GC (Allocation Failure)  96580K->65180K(141312K), 0,0031255 secs]
226,378: [GC (Allocation Failure)  91804K->70988K(139776K), 0,0037704 secs]
226,419: [GC (Allocation Failure)  96588K->65180K(140800K), 0,0033121 secs]
226,450: [GC (Allocation Failure)  90780K->69908K(140288K), 0,0035326 secs]
226,488: [GC (Allocation Failure)  95508K->64140K(140800K), 0,0017359 secs]
226,515: [GC (Allocation Failure)  89740K->68860K(141312K), 0,0026472 secs]
226,553: [GC (Allocation Failure)  95484K->64076K(141312K), 0,0053691 secs]
226,585: [GC (Allocation Failure)  90700K->69916K(141312K), 0,0024144 secs]
226,620: [GC (Allocation Failure)  96540K->65068K(141312K), 0,0014445 secs]
226,645: [GC (Allocation Failure)  91692K->70916K(139776K), 0,0021701 secs]
226,680: [GC (Allocation Failure)  96516K->65076K(140800K), 0,0047334 secs]
226,708: [GC (Allocation Failure)  90676K->69868K(141312K), 0,0020792 secs]
226,742: [GC (Allocation Failure)  96492K->65052K(141312K), 0,0014764 secs]
226,767: [GC (Allocation Failure)  91676K->70828K(140288K), 0,0023079 secs]
226,802: [GC (Allocation Failure)  96428K->64828K(140800K), 0,0020321 secs]
226,826: [GC (Allocation Failure)  90428K->69612K(141312K), 0,0027799 secs]
226,861: [GC (Allocation Failure)  96236K->64804K(141312K), 0,0014183 secs]
226,883: [GC (Allocation Failure)  91428K->70580K(140288K), 0,0022830 secs]
226,918: [GC (Allocation Failure)  96180K->64772K(140800K), 0,0007306 secs]
226,943: [GC (Allocation Failure)  90372K->69492K(141312K), 0,0027870 secs]
226,979: [GC (Allocation Failure)  96116K->64644K(141312K), 0,0069988 secs]
227,008: [GC (Allocation Failure)  91268K->70516K(141312K), 0,0024216 secs]
227,045: [GC (Allocation Failure)  97140K->65732K(141312K), 0,0052397 secs]
227,078: [GC (Allocation Failure)  92356K->71572K(140288K), 0,0049785 secs]
227,119: [GC (Allocation Failure)  97172K->65700K(140800K), 0,0037958 secs]
227,148: [GC (Allocation Failure)  91300K->70460K(140288K), 0,0046369 secs]
227,185: [GC (Allocation Failure)  96060K->64620K(140800K), 0,0046578 secs]
227,212: [GC (Allocation Failure)  90220K->69412K(141312K), 0,0041100 secs]
227,249: [GC (Allocation Failure)  96036K->64628K(141312K), 0,0018387 secs]
227,273: [GC (Allocation Failure)  91252K->70476K(141312K), 0,0014978 secs]
227,307: [GC (Allocation Failure)  97100K->65660K(141312K), 0,0010158 secs]
227,330: [GC (Allocation Failure)  92284K->71476K(140288K), 0,0016486 secs]
227,369: [GC (Allocation Failure)  97076K->65636K(140800K), 0,0033883 secs]
227,400: [GC (Allocation Failure)  91236K->70428K(140288K), 0,0069677 secs]
227,441: [GC (Allocation Failure)  96028K->64556K(140800K), 0,0016605 secs]
227,467: [GC (Allocation Failure)  90156K->69348K(141312K), 0,0025225 secs]
227,504: [GC (Allocation Failure)  95972K->64564K(141312K), 0,0059232 secs]
227,533: [GC (Allocation Failure)  91188K->70372K(141312K), 0,0035455 secs]
227,573: [GC (Allocation Failure)  96996K->65556K(141312K), 0,0056267 secs]
227,601: [GC (Allocation Failure)  92180K->71372K(139776K), 0,0022749 secs]
227,636: [GC (Allocation Failure)  96972K->65596K(140800K), 0,0009635 secs]
227,658: [GC (Allocation Failure)  91196K->70316K(141312K), 0,0014866 secs]
227,696: [GC (Allocation Failure)  96940K->65500K(141312K), 0,0030340 secs]
227,728: [GC (Allocation Failure)  92124K->71340K(140288K), 0,0048351 secs]
227,769: [GC (Allocation Failure)  96940K->65500K(140800K), 0,0041715 secs]
227,796: [GC (Allocation Failure)  91100K->70284K(141312K), 0,0019954 secs]
227,835: [GC (Allocation Failure)  96908K->65532K(141312K), 0,0031578 secs]
227,865: [GC (Allocation Failure)  92156K->71308K(140288K), 0,0070440 secs]
227,906: [GC (Allocation Failure)  96908K->65476K(140800K), 0,0031498 secs]
227,931: [GC (Allocation Failure)  91076K->70228K(141312K), 0,0036335 secs]
227,968: [GC (Allocation Failure)  96852K->65412K(141312K), 0,0015049 secs]
227,991: [GC (Allocation Failure)  92036K->71220K(140288K), 0,0030053 secs]
228,027: [GC (Allocation Failure)  96820K->65380K(140800K), 0,0010440 secs]
228,050: [GC (Allocation Failure)  90980K->70196K(141312K), 0,0016746 secs]
228,085: [GC (Allocation Failure)  96820K->65380K(141312K), 0,0010677 secs]
228,108: [GC (Allocation Failure)  92004K->71220K(141312K), 0,0033887 secs]
228,149: [GC (Allocation Failure)  97844K->66404K(141312K), 0,0031140 secs]
228,175: [GC (Allocation Failure)  93028K->72212K(140288K), 0,0031354 secs]
228,212: [GC (Allocation Failure)  97812K->66340K(140800K), 0,0036136 secs]
228,240: [GC (Allocation Failure)  91940K->71188K(140288K), 0,0026422 secs]
228,275: [GC (Allocation Failure)  96788K->65316K(140800K), 0,0021567 secs]
228,299: [GC (Allocation Failure)  90916K->70108K(141312K), 0,0016597 secs]
228,334: [GC (Allocation Failure)  96732K->65292K(141312K), 0,0033109 secs]
228,359: [GC (Allocation Failure)  91916K->71100K(141312K), 0,0017389 secs]
228,394: [GC (Allocation Failure)  97724K->66284K(141312K), 0,0042962 secs]
228,424: [GC (Allocation Failure)  92908K->72124K(140288K), 0,0064790 secs]
228,465: [GC (Allocation Failure)  97724K->66284K(140800K), 0,0019850 secs]
228,492: [GC (Allocation Failure)  91884K->71036K(140288K), 0,0028235 secs]
228,530: [GC (Allocation Failure)  96636K->65228K(140800K), 0,0039219 secs]
228,557: [GC (Allocation Failure)  90828K->69980K(141312K), 0,0035306 secs]
228,594: [GC (Allocation Failure)  96604K->65212K(141312K), 0,0010302 secs]
228,621: [GC (Allocation Failure)  91836K->71020K(141312K), 0,0047330 secs]
228,659: [GC (Allocation Failure)  97644K->66236K(141312K), 0,0072127 secs]
228,690: [GC (Allocation Failure)  92860K->72012K(139776K), 0,0041441 secs]
228,727: [GC (Allocation Failure)  97612K->66212K(140800K), 0,0073947 secs]
228,756: [GC (Allocation Failure)  91812K->70964K(141312K), 0,0022400 secs]
228,791: [GC (Allocation Failure)  97588K->66148K(141312K), 0,0015808 secs]
228,815: [GC (Allocation Failure)  92772K->72028K(140288K), 0,0015211 secs]
228,848: [GC (Allocation Failure)  97628K->66156K(140800K), 0,0010157 secs]
228,871: [GC (Allocation Failure)  91756K->70972K(141312K), 0,0055716 secs]
228,909: [GC (Allocation Failure)  97596K->66156K(141312K), 0,0020403 secs]
228,933: [GC (Allocation Failure)  92780K->71964K(140288K), 0,0024784 secs]
228,968: [GC (Allocation Failure)  97564K->66092K(140800K), 0,0045628 secs]
228,994: [GC (Allocation Failure)  91692K->70876K(141312K), 0,0026541 secs]
229,029: [GC (Allocation Failure)  97500K->66100K(141312K), 0,0044687 secs]
229,056: [GC (Allocation Failure)  92724K->71940K(140288K), 0,0049033 secs]
229,097: [GC (Allocation Failure)  97540K->66068K(140800K), 0,0017208 secs]
229,124: [GC (Allocation Failure)  91668K->70852K(141312K), 0,0026915 secs]
229,159: [GC (Allocation Failure)  97476K->66044K(141312K), 0,0047272 secs]
229,187: [GC (Allocation Failure)  92668K->71884K(140288K), 0,0022742 secs]
229,222: [GC (Allocation Failure)  97484K->66052K(140800K), 0,0038092 secs]
229,249: [GC (Allocation Failure)  91652K->70836K(141312K), 0,0018981 secs]
229,283: [GC (Allocation Failure)  97460K->66020K(141312K), 0,0013101 secs]
229,308: [GC (Allocation Failure)  92644K->71828K(141312K), 0,0020612 secs]
229,345: [GC (Allocation Failure)  98452K->67012K(141312K), 0,0032473 secs]
229,376: [GC (Allocation Failure)  93636K->72820K(140288K), 0,0031340 secs]
229,416: [GC (Allocation Failure)  98420K->67012K(140800K), 0,0020124 secs]
229,442: [GC (Allocation Failure)  92612K->71764K(140288K), 0,0036540 secs]
229,480: [GC (Allocation Failure)  97364K->65956K(140800K), 0,0044759 secs]
229,508: [GC (Allocation Failure)  91556K->70740K(141312K), 0,0027226 secs]
229,544: [GC (Allocation Failure)  97364K->65900K(141312K), 0,0031354 secs]
229,570: [GC (Allocation Failure)  92524K->71740K(141312K), 0,0046587 secs]
229,612: [GC (Allocation Failure)  98364K->66956K(141312K), 0,0039720 secs]
229,643: [GC (Allocation Failure)  93580K->72796K(140288K), 0,0028958 secs]
229,679: [GC (Allocation Failure)  98396K->66956K(140800K), 0,0024010 secs]
229,704: [GC (Allocation Failure)  92556K->71676K(140288K), 0,0022091 secs]
229,739: [GC (Allocation Failure)  97276K->65876K(140800K), 0,0012105 secs]
229,763: [GC (Allocation Failure)  91476K->70628K(141312K), 0,0020688 secs]
229,798: [GC (Allocation Failure)  97252K->65812K(141312K), 0,0013375 secs]
229,823: [GC (Allocation Failure)  92436K->71652K(141312K), 0,0020987 secs]
229,857: [GC (Allocation Failure)  98276K->66844K(141312K), 0,0013548 secs]
229,882: [GC (Allocation Failure)  93468K->72684K(139776K), 0,0021769 secs]
229,916: [GC (Allocation Failure)  98284K->66844K(140800K), 0,0030655 secs]
229,942: [GC (Allocation Failure)  92444K->71628K(141312K), 0,0019900 secs]
229,976: [GC (Allocation Failure)  98252K->66844K(141312K), 0,0013674 secs]
230,001: [GC (Allocation Failure)  93468K->72620K(140288K), 0,0041999 secs]
230,038: [GC (Allocation Failure)  98220K->66780K(140800K), 0,0012929 secs]
230,061: [GC (Allocation Failure)  92380K->71564K(141312K), 0,0020239 secs]
230,096: [GC (Allocation Failure)  98188K->66748K(141312K), 0,0042443 secs]
230,123: [GC (Allocation Failure)  93372K->72588K(140288K), 0,0019574 secs]
230,158: [GC (Allocation Failure)  98188K->66716K(140800K), 0,0021798 secs]
230,182: [GC (Allocation Failure)  92316K->71468K(141312K), 0,0029972 secs]
230,218: [GC (Allocation Failure)  98092K->66684K(141312K), 0,0074683 secs]
230,253: [GC (Allocation Failure)  93308K->72492K(140288K), 0,0027445 secs]
230,289: [GC (Allocation Failure)  98092K->66684K(140800K), 0,0013280 secs]
230,313: [GC (Allocation Failure)  92284K->71444K(141312K), 0,0021783 secs]
230,348: [GC (Allocation Failure)  98068K->66708K(141312K), 0,0043664 secs]
230,376: [GC (Allocation Failure)  93332K->72516K(141312K), 0,0022372 secs]
230,411: [GC (Allocation Failure)  99140K->67700K(141312K), 0,0024054 secs]
230,437: [GC (Allocation Failure)  94324K->73508K(140288K), 0,0021985 secs]
230,471: [GC (Allocation Failure)  99108K->67636K(140800K), 0,0014189 secs]
230,496: [GC (Allocation Failure)  93236K->72452K(140288K), 0,0022276 secs]
230,531: [GC (Allocation Failure)  98052K->66612K(140800K), 0,0013504 secs]
230,555: [GC (Allocation Failure)  92212K->71396K(141312K), 0,0018910 secs]
230,590: [GC (Allocation Failure)  97508K->66068K(140800K), 0,0012448 secs]
230,614: [GC (Allocation Failure)  92180K->71396K(141312K), 0,0020123 secs]
230,649: [GC (Allocation Failure)  98020K->66548K(141312K), 0,0012693 secs]
230,674: [GC (Allocation Failure)  93172K->72356K(141312K), 0,0037874 secs]
230,710: [GC (Allocation Failure)  98980K->67540K(141312K), 0,0014545 secs]
230,735: [GC (Allocation Failure)  94164K->73348K(139776K), 0,0044680 secs]
230,776: [GC (Allocation Failure)  98948K->67444K(140800K), 0,0032308 secs]
230,801: [GC (Allocation Failure)  93044K->72100K(141312K), 0,0025745 secs]
230,836: [GC (Allocation Failure)  98724K->67324K(141312K), 0,0015329 secs]
230,859: [GC (Allocation Failure)  93948K->73100K(140288K), 0,0014814 secs]
230,891: [GC (Allocation Failure)  98700K->67268K(140800K), 0,0014958 secs]
230,914: [GC (Allocation Failure)  92868K->72052K(141312K), 0,0014219 secs]
230,948: [GC (Allocation Failure)  98676K->67204K(141312K), 0,0016770 secs]
230,971: [GC (Allocation Failure)  93828K->73084K(140288K), 0,0014881 secs]
231,004: [GC (Allocation Failure)  98684K->67244K(140800K), 0,0007829 secs]
231,026: [GC (Allocation Failure)  92844K->72028K(141312K), 0,0014466 secs]
231,060: [GC (Allocation Failure)  98652K->67212K(141312K), 0,0034352 secs]
231,092: [GC (Allocation Failure)  93836K->73020K(140288K), 0,0047836 secs]
231,134: [GC (Allocation Failure)  98620K->67156K(140800K), 0,0057379 secs]
231,163: [GC (Allocation Failure)  92756K->71972K(141312K), 0,0036039 secs]
231,203: [GC (Allocation Failure)  98596K->67156K(141312K), 0,0038512 secs]
231,230: [GC (Allocation Failure)  93780K->72996K(140288K), 0,0052032 secs]
231,267: [GC (Allocation Failure)  98596K->67124K(140800K), 0,0045398 secs]
231,293: [GC (Allocation Failure)  92724K->71908K(141312K), 0,0024722 secs]
231,328: [GC (Allocation Failure)  98532K->67124K(141312K), 0,0034881 secs]
231,353: [GC (Allocation Failure)  93748K->72900K(141312K), 0,0038659 secs]
231,390: [GC (Allocation Failure)  99524K->68148K(141312K), 0,0010348 secs]
231,413: [GC (Allocation Failure)  94772K->73964K(140288K), 0,0016871 secs]
231,448: [GC (Allocation Failure)  99564K->68124K(140800K), 0,0032254 secs]
231,473: [GC (Allocation Failure)  93724K->72908K(140288K), 0,0074305 secs]
231,513: [GC (Allocation Failure)  98508K->67036K(140800K), 0,0008118 secs]
231,540: [GC (Allocation Failure)  92636K->71820K(141312K), 0,0043540 secs]
231,582: [GC (Allocation Failure)  98444K->67036K(141312K), 0,0030104 secs]
231,612: [GC (Allocation Failure)  93660K->72844K(141312K), 0,0027792 secs]
231,650: [GC (Allocation Failure)  99468K->68060K(141312K), 0,0033762 secs]
231,682: [GC (Allocation Failure)  94684K->73812K(140288K), 0,0091559 secs]
231,726: [GC (Allocation Failure)  99412K->68036K(140800K), 0,0018963 secs]
231,753: [GC (Allocation Failure)  93636K->72756K(141312K), 0,0051702 secs]
231,792: [GC (Allocation Failure)  99380K->67972K(141312K), 0,0040212 secs]
231,820: [GC (Allocation Failure)  94596K->73812K(140288K), 0,0056591 secs]
231,859: [GC (Allocation Failure)  99412K->68004K(140800K), 0,0013795 secs]
231,884: [GC (Allocation Failure)  93604K->72756K(140288K), 0,0021059 secs]
231,918: [GC (Allocation Failure)  98356K->66916K(140800K), 0,0027823 secs]
231,943: [GC (Allocation Failure)  92516K->71708K(141312K), 0,0020541 secs]
231,978: [GC (Allocation Failure)  98332K->66892K(141312K), 0,0012726 secs]
232,003: [GC (Allocation Failure)  93516K->72700K(141312K), 0,0068954 secs]
232,042: [GC (Allocation Failure)  99324K->67884K(141312K), 0,0040441 secs]
232,069: [GC (Allocation Failure)  94508K->73724K(140800K), 0,0038960 secs]
232,105: [GC (Allocation Failure)  100348K->68908K(141312K), 0,0011968 secs]
232,129: [GC (Allocation Failure)  95532K->74748K(140288K), 0,0019701 secs]
232,163: [GC (Allocation Failure)  100348K->68884K(140800K), 0,0023852 secs]
232,191: [GC (Allocation Failure)  94484K->73700K(140288K), 0,0051946 secs]
232,235: [GC (Allocation Failure)  99300K->67836K(140800K), 0,0041760 secs]
232,267: [GC (Allocation Failure)  93436K->72660K(140800K), 0,0046215 secs]
232,309: [GC (Allocation Failure)  98260K->66788K(140800K), 0,0027113 secs]
232,339: [GC (Allocation Failure)  92388K->71572K(141312K), 0,0033748 secs]
232,378: [GC (Allocation Failure)  97684K->66284K(140800K), 0,0016586 secs]
232,405: [GC (Allocation Failure)  92396K->71580K(141824K), 0,0024493 secs]
232,441: [GC (Allocation Failure)  98716K->67244K(141312K), 0,0038920 secs]
232,469: [GC (Allocation Failure)  94380K->73636K(140800K), 0,0028557 secs]
232,506: [GC (Allocation Failure)  100260K->68788K(141312K), 0,0043964 secs]
232,535: [GC (Allocation Failure)  95412K->74596K(139776K), 0,0031647 secs]
232,572: [GC (Allocation Failure)  100196K->68756K(140800K), 0,0052144 secs]
232,601: [GC (Allocation Failure)  94356K->73580K(141312K), 0,0021170 secs]
232,635: [GC (Allocation Failure)  100204K->68732K(141312K), 0,0014033 secs]
232,663: [GC (Allocation Failure)  95356K->74580K(140288K), 0,0050527 secs]
232,705: [GC (Allocation Failure)  100180K->68740K(140800K), 0,0065616 secs]
232,735: [GC (Allocation Failure)  94340K->73524K(140288K), 0,0017543 secs]
232,770: [GC (Allocation Failure)  99124K->67716K(140800K), 0,0009593 secs]
232,793: [GC (Allocation Failure)  93316K->72468K(141312K), 0,0040903 secs]
232,830: [GC (Allocation Failure)  99092K->67684K(141312K), 0,0025974 secs]
232,855: [GC (Allocation Failure)  94308K->73492K(141312K), 0,0017929 secs]
232,890: [GC (Allocation Failure)  100116K->68676K(141312K), 0,0011696 secs]
232,913: [GC (Allocation Failure)  95300K->74516K(140288K), 0,0030448 secs]
232,949: [GC (Allocation Failure)  100116K->68676K(140800K), 0,0010662 secs]
232,972: [GC (Allocation Failure)  94276K->73428K(140288K), 0,0030270 secs]
233,008: [GC (Allocation Failure)  99028K->67636K(140800K), 0,0010390 secs]
233,031: [GC (Allocation Failure)  93236K->72388K(141312K), 0,0041047 secs]
233,070: [GC (Allocation Failure)  99012K->67612K(141312K), 0,0030437 secs]
233,102: [GC (Allocation Failure)  94236K->73388K(141312K), 0,0048773 secs]
233,145: [GC (Allocation Failure)  100012K->68572K(141312K), 0,0031970 secs]
233,176: [GC (Allocation Failure)  95196K->74412K(139776K), 0,0051274 secs]
233,215: [GC (Allocation Failure)  100012K->68604K(140800K), 0,0017816 secs]
233,240: [GC (Allocation Failure)  94204K->73356K(141312K), 0,0020554 secs]
233,276: [GC (Allocation Failure)  99980K->68540K(141312K), 0,0059943 secs]
233,306: [GC (Allocation Failure)  95164K->74380K(140288K), 0,0028527 secs]
233,343: [GC (Allocation Failure)  99980K->68508K(140800K), 0,0025834 secs]
233,370: [GC (Allocation Failure)  94108K->73292K(141312K), 0,0027146 secs]
233,408: [GC (Allocation Failure)  99916K->68508K(141312K), 0,0018645 secs]
233,434: [GC (Allocation Failure)  95132K->74348K(140288K), 0,0022041 secs]
233,468: [GC (Allocation Failure)  99948K->68476K(140800K), 0,0019507 secs]
233,492: [GC (Allocation Failure)  94076K->73228K(141312K), 0,0029032 secs]
233,528: [GC (Allocation Failure)  99852K->68444K(141312K), 0,0057430 secs]
233,558: [GC (Allocation Failure)  95068K->74252K(141312K), 0,0090946 secs]
233,600: [GC (Allocation Failure)  100876K->69468K(141312K), 0,0015025 secs]
233,625: [GC (Allocation Failure)  96092K->75276K(140288K), 0,0022214 secs]
233,660: [GC (Allocation Failure)  100876K->69436K(140800K), 0,0014048 secs]
233,685: [GC (Allocation Failure)  95036K->74220K(140288K), 0,0020366 secs]
233,719: [GC (Allocation Failure)  99820K->68412K(140800K), 0,0012448 secs]
233,743: [GC (Allocation Failure)  94012K->73132K(141312K), 0,0064770 secs]
233,783: [GC (Allocation Failure)  99244K->67836K(140800K), 0,0024467 secs]
233,811: [GC (Allocation Failure)  93948K->73132K(141312K), 0,0045606 secs]
233,853: [GC (Allocation Failure)  99756K->68348K(141312K), 0,0031516 secs]
233,885: [GC (Allocation Failure)  94972K->74156K(141312K), 0,0032775 secs]
233,922: [GC (Allocation Failure)  100780K->69340K(141312K), 0,0018221 secs]
233,949: [GC (Allocation Failure)  95964K->75188K(139776K), 0,0029942 secs]
233,987: [GC (Allocation Failure)  100788K->69292K(140800K), 0,0023828 secs]
234,014: [GC (Allocation Failure)  94892K->74116K(140288K), 0,0027442 secs]
234,050: [GC (Allocation Failure)  99716K->68276K(140800K), 0,0016760 secs]
234,076: [GC (Allocation Failure)  93876K->73060K(141312K), 0,0025843 secs]
234,112: [GC (Allocation Failure)  99684K->68276K(141312K), 0,0016527 secs]
234,139: [GC (Allocation Failure)  94900K->74084K(141312K), 0,0029533 secs]
234,177: [GC (Allocation Failure)  100708K->69268K(141312K), 0,0018123 secs]
234,204: [GC (Allocation Failure)  95892K->75076K(139776K), 0,0030345 secs]
234,241: [GC (Allocation Failure)  100676K->69236K(140800K), 0,0046184 secs]
234,268: [GC (Allocation Failure)  94836K->74020K(141312K), 0,0029510 secs]
234,309: [GC (Allocation Failure)  100644K->69172K(141312K), 0,0098007 secs]
234,341: [GC (Allocation Failure)  95796K->75012K(140288K), 0,0028468 secs]
234,377: [GC (Allocation Failure)  100612K->69172K(140800K), 0,0042532 secs]
234,403: [GC (Allocation Failure)  94772K->73988K(141312K), 0,0018283 secs]
234,438: [GC (Allocation Failure)  100612K->69180K(141312K), 0,0011070 secs]
234,461: [GC (Allocation Failure)  95804K->74996K(140288K), 0,0018104 secs]
234,496: [GC (Allocation Failure)  100596K->69156K(140800K), 0,0011590 secs]
234,519: [GC (Allocation Failure)  94756K->73940K(141312K), 0,0017243 secs]
234,558: [GC (Allocation Failure)  100564K->69156K(141312K), 0,0032423 secs]
234,590: [GC (Allocation Failure)  95780K->74908K(140288K), 0,0035324 secs]
234,626: [GC (Allocation Failure)  100508K->69132K(140800K), 0,0013146 secs]
234,650: [GC (Allocation Failure)  94732K->73884K(141312K), 0,0021640 secs]
234,686: [GC (Allocation Failure)  100508K->69116K(141312K), 0,0013819 secs]
234,714: [GC (Allocation Failure)  95740K->74892K(140288K), 0,0050673 secs]
234,757: [GC (Allocation Failure)  100492K->69116K(140800K), 0,0031346 secs]
234,783: [GC (Allocation Failure)  94716K->73676K(141312K), 0,0024728 secs]
234,816: [GC (Allocation Failure)  100300K->68868K(141312K), 0,0015732 secs]
234,838: [GC (Allocation Failure)  95492K->74676K(140800K), 0,0015903 secs]
234,872: [GC (Allocation Failure)  101300K->69860K(141312K), 0,0008538 secs]
234,894: [GC (Allocation Failure)  96484K->75700K(139776K), 0,0014885 secs]
234,927: [GC (Allocation Failure)  101300K->69764K(140800K), 0,0015981 secs]
234,949: [GC (Allocation Failure)  95364K->74548K(141312K), 0,0021823 secs]
234,983: [GC (Allocation Failure)  101172K->69740K(141312K), 0,0014369 secs]
235,006: [GC (Allocation Failure)  96364K->75620K(140288K), 0,0015494 secs]
235,039: [GC (Allocation Failure)  101220K->69780K(140800K), 0,0008396 secs]
235,062: [GC (Allocation Failure)  95380K->74500K(140288K), 0,0098671 secs]
235,106: [GC (Allocation Failure)  100100K->68692K(140800K), 0,0011754 secs]
235,129: [GC (Allocation Failure)  94292K->73444K(141312K), 0,0019145 secs]
235,164: [GC (Allocation Failure)  100068K->68660K(141312K), 0,0012772 secs]
235,188: [GC (Allocation Failure)  95284K->74468K(141312K), 0,0021223 secs]
235,222: [GC (Allocation Failure)  101092K->69716K(141312K), 0,0014791 secs]
235,247: [GC (Allocation Failure)  96340K->75524K(140800K), 0,0022040 secs]
235,282: [GC (Allocation Failure)  102148K->70676K(141312K), 0,0030736 secs]
235,308: [GC (Allocation Failure)  97300K->76516K(140288K), 0,0039583 secs]
235,344: [GC (Allocation Failure)  102116K->70676K(140800K), 0,0015356 secs]
235,369: [GC (Allocation Failure)  96276K->75460K(140288K), 0,0041744 secs]
235,405: [GC (Allocation Failure)  101060K->69620K(140800K), 0,0042775 secs]
235,432: [GC (Allocation Failure)  95220K->74404K(140800K), 0,0020066 secs]
235,467: [GC (Allocation Failure)  100004K->68564K(140800K), 0,0029465 secs]
235,492: [GC (Allocation Failure)  94164K->73316K(141312K), 0,0037383 secs]
235,529: [GC (Allocation Failure)  99940K->68500K(141312K), 0,0012251 secs]
235,554: [GC (Allocation Failure)  95124K->74308K(141312K), 0,0061393 secs]
235,598: [GC (Allocation Failure)  100932K->69556K(141312K), 0,0030011 secs]
235,626: [GC (Allocation Failure)  96180K->75364K(140800K), 0,0069168 secs]
235,665: [GC (Allocation Failure)  101988K->70516K(141312K), 0,0048926 secs]
235,693: [GC (Allocation Failure)  97140K->76356K(139776K), 0,0039842 secs]
235,729: [GC (Allocation Failure)  101956K->70516K(140800K), 0,0011685 secs]
235,752: [GC (Allocation Failure)  96116K->75268K(140288K), 0,0034311 secs]
235,793: [GC (Allocation Failure)  100868K->69460K(140800K), 0,0073855 secs]
235,823: [GC (Allocation Failure)  95060K->74244K(141312K), 0,0014970 secs]
235,857: [GC (Allocation Failure)  100868K->69428K(141312K), 0,0018331 secs]
235,881: [GC (Allocation Failure)  96052K->75204K(141312K), 0,0041441 secs]
235,918: [GC (Allocation Failure)  101828K->70420K(141312K), 0,0018905 secs]
235,942: [GC (Allocation Failure)  97044K->76228K(140288K), 0,0035850 secs]
235,978: [GC (Allocation Failure)  101828K->70420K(140800K), 0,0009824 secs]
236,001: [GC (Allocation Failure)  96020K->75204K(140288K), 0,0034725 secs]
236,037: [GC (Allocation Failure)  100804K->69364K(140800K), 0,0009827 secs]
236,060: [GC (Allocation Failure)  94964K->74156K(141312K), 0,0015708 secs]
236,094: [GC (Allocation Failure)  100780K->69340K(141312K), 0,0024531 secs]
236,119: [GC (Allocation Failure)  95964K->75180K(141312K), 0,0019020 secs]
236,154: [GC (Allocation Failure)  101804K->70364K(141312K), 0,0021243 secs]
236,179: [GC (Allocation Failure)  96988K->76172K(139776K), 0,0019641 secs]
236,213: [GC (Allocation Failure)  101772K->70332K(140800K), 0,0015249 secs]
236,237: [GC (Allocation Failure)  95932K->75116K(141312K), 0,0037459 secs]
236,274: [GC (Allocation Failure)  101740K->70300K(141312K), 0,0025899 secs]
236,299: [GC (Allocation Failure)  96924K->76108K(140288K), 0,0034454 secs]
236,336: [GC (Allocation Failure)  101708K->70268K(140800K), 0,0028213 secs]
236,361: [GC (Allocation Failure)  95868K->75084K(141312K), 0,0018170 secs]
236,396: [GC (Allocation Failure)  101708K->70268K(141312K), 0,0013243 secs]
236,419: [GC (Allocation Failure)  96892K->76044K(140288K), 0,0036616 secs]
236,456: [GC (Allocation Failure)  101644K->70204K(140800K), 0,0027130 secs]
236,481: [GC (Allocation Failure)  95804K->74988K(141312K), 0,0034751 secs]
236,518: [GC (Allocation Failure)  101612K->70204K(141312K), 0,0011519 secs]
236,542: [GC (Allocation Failure)  96828K->76012K(140288K), 0,0021226 secs]
236,578: [GC (Allocation Failure)  101612K->70172K(140800K), 0,0038838 secs]
236,610: [GC (Allocation Failure)  95772K->74964K(141312K), 0,0045484 secs]
236,652: [GC (Allocation Failure)  101588K->70180K(141312K), 0,0056575 secs]
236,681: [GC (Allocation Failure)  96804K->75988K(140288K), 0,0018024 secs]
236,716: [GC (Allocation Failure)  101588K->70148K(140800K), 0,0013306 secs]
236,739: [GC (Allocation Failure)  95748K->74900K(141312K), 0,0031424 secs]
236,779: [GC (Allocation Failure)  101524K->70148K(141312K), 0,0030677 secs]
236,811: [GC (Allocation Failure)  96772K->75956K(141312K), 0,0047974 secs]
236,854: [GC (Allocation Failure)  102580K->71140K(141312K), 0,0033812 secs]
236,885: [GC (Allocation Failure)  97764K->76956K(140288K), 0,0071931 secs]
236,925: [GC (Allocation Failure)  102556K->71116K(140800K), 0,0029213 secs]
236,951: [GC (Allocation Failure)  96716K->75900K(140288K), 0,0027586 secs]
236,986: [GC (Allocation Failure)  101500K->70060K(140800K), 0,0012515 secs]
237,009: [GC (Allocation Failure)  95660K->74844K(141312K), 0,0019370 secs]
237,044: [GC (Allocation Failure)  101468K->70028K(141312K), 0,0014796 secs]
237,072: [GC (Allocation Failure)  96652K->75804K(141312K), 0,0062878 secs]
237,111: [GC (Allocation Failure)  102428K->71052K(141312K), 0,0019891 secs]
237,138: [GC (Allocation Failure)  97676K->76860K(140288K), 0,0032344 secs]
237,175: [GC (Allocation Failure)  102460K->71052K(140800K), 0,0021005 secs]
237,201: [GC (Allocation Failure)  96652K->75804K(140288K), 0,0027810 secs]
237,238: [GC (Allocation Failure)  101404K->69996K(140800K), 0,0017591 secs]
237,264: [GC (Allocation Failure)  95596K->74764K(141312K), 0,0027462 secs]
237,300: [GC (Allocation Failure)  101388K->69916K(141312K), 0,0022178 secs]
237,327: [GC (Allocation Failure)  96540K->75756K(141312K), 0,0028318 secs]
237,364: [GC (Allocation Failure)  102380K->70948K(141312K), 0,0018470 secs]
237,390: [GC (Allocation Failure)  97572K->76796K(139776K), 0,0030190 secs]
237,427: [GC (Allocation Failure)  102396K->70972K(140800K), 0,0019032 secs]
237,453: [GC (Allocation Failure)  96572K->75724K(141312K), 0,0026166 secs]
237,489: [GC (Allocation Failure)  102348K->70940K(141312K), 0,0040982 secs]
237,518: [GC (Allocation Failure)  97564K->76748K(140288K), 0,0046734 secs]
237,555: [GC (Allocation Failure)  102348K->70908K(140800K), 0,0070576 secs]
237,587: [GC (Allocation Failure)  96508K->75660K(141312K), 0,0044015 secs]
237,628: [GC (Allocation Failure)  102284K->70876K(141312K), 0,0034376 secs]
237,660: [GC (Allocation Failure)  97500K->76724K(140288K), 0,0034043 secs]
237,698: [GC (Allocation Failure)  102324K->70836K(140800K), 0,0019752 secs]
237,725: [GC (Allocation Failure)  96436K->75684K(141312K), 0,0027038 secs]
237,763: [GC (Allocation Failure)  102308K->70836K(141312K), 0,0086368 secs]
237,795: [GC (Allocation Failure)  97460K->76676K(140288K), 0,0039232 secs]
237,835: [GC (Allocation Failure)  102276K->70836K(140800K), 0,0075428 secs]
237,871: [GC (Allocation Failure)  96436K->75620K(141312K), 0,0051537 secs]
237,914: [GC (Allocation Failure)  102244K->70812K(141312K), 0,0051568 secs]
237,944: [GC (Allocation Failure)  97436K->76620K(140288K), 0,0037403 secs]
237,981: [GC (Allocation Failure)  102220K->70780K(140800K), 0,0022414 secs]
238,005: [GC (Allocation Failure)  96380K->75532K(141312K), 0,0028749 secs]
238,041: [GC (Allocation Failure)  102156K->70748K(141312K), 0,0035528 secs]
238,070: [GC (Allocation Failure)  97372K->76588K(141312K), 0,0046981 secs]
238,110: [GC (Allocation Failure)  103212K->71804K(141312K), 0,0041258 secs]
238,139: [GC (Allocation Failure)  98428K->77612K(139776K), 0,0031531 secs]
238,176: [GC (Allocation Failure)  103212K->71740K(140800K), 0,0041494 secs]
238,205: [GC (Allocation Failure)  97340K->76524K(140288K), 0,0069275 secs]
238,247: [GC (Allocation Failure)  102124K->70716K(140800K), 0,0024720 secs]
238,272: [GC (Allocation Failure)  96316K->75468K(141312K), 0,0035872 secs]
238,309: [GC (Allocation Failure)  102092K->70652K(141312K), 0,0030924 secs]
238,335: [GC (Allocation Failure)  97276K->76492K(141312K), 0,0023396 secs]
238,373: [GC (Allocation Failure)  103116K->71644K(141312K), 0,0042695 secs]
238,401: [GC (Allocation Failure)  98268K->77484K(140288K), 0,0025466 secs]
238,436: [GC (Allocation Failure)  103084K->71676K(140800K), 0,0014937 secs]
238,460: [GC (Allocation Failure)  97276K->76460K(140288K), 0,0020359 secs]
238,495: [GC (Allocation Failure)  102060K->70596K(140800K), 0,0017577 secs]
238,519: [GC (Allocation Failure)  96196K->75348K(141312K), 0,0020717 secs]
238,554: [GC (Allocation Failure)  101972K->70596K(141312K), 0,0011708 secs]
238,581: [GC (Allocation Failure)  97220K->76372K(141312K), 0,0061200 secs]
238,625: [GC (Allocation Failure)  102996K->71620K(141312K), 0,0031537 secs]
238,657: [GC (Allocation Failure)  98244K->77428K(139776K), 0,0052267 secs]
238,700: [GC (Allocation Failure)  103028K->71556K(140800K), 0,0042890 secs]
238,727: [GC (Allocation Failure)  97156K->76340K(141312K), 0,0026851 secs]
238,763: [GC (Allocation Failure)  102964K->71524K(141312K), 0,0022136 secs]
238,786: [GC (Allocation Failure)  98148K->77172K(140288K), 0,0047131 secs]
238,822: [GC (Allocation Failure)  102772K->71364K(140800K), 0,0023499 secs]
238,845: [GC (Allocation Failure)  96964K->76156K(141312K), 0,0013190 secs]
238,878: [GC (Allocation Failure)  102780K->71276K(141312K), 0,0015189 secs]
238,901: [GC (Allocation Failure)  97900K->77084K(141312K), 0,0032526 secs]
238,936: [GC (Allocation Failure)  103708K->72236K(141312K), 0,0026983 secs]
238,960: [GC (Allocation Failure)  98860K->78076K(140288K), 0,0016062 secs]
238,994: [GC (Allocation Failure)  103676K->72172K(140800K), 0,0008822 secs]
239,017: [GC (Allocation Failure)  97772K->76924K(140288K), 0,0014132 secs]
239,050: [GC (Allocation Failure)  102524K->71060K(140800K), 0,0029881 secs]
239,075: [GC (Allocation Failure)  96660K->75788K(141312K), 0,0013117 secs]
239,109: [GC (Allocation Failure)  102412K->71036K(141312K), 0,0007693 secs]
239,130: [GC (Allocation Failure)  97660K->76844K(141312K), 0,0014770 secs]
239,162: [GC (Allocation Failure)  103468K->72068K(141312K), 0,0020637 secs]
239,186: [GC (Allocation Failure)  98692K->77908K(140288K), 0,0027249 secs]
239,221: [GC (Allocation Failure)  103508K->72036K(140800K), 0,0016859 secs]
239,244: [GC (Allocation Failure)  97636K->76820K(141312K), 0,0014804 secs]
239,278: [GC (Allocation Failure)  103444K->72004K(141312K), 0,0017267 secs]
239,301: [GC (Allocation Failure)  98628K->77812K(140288K), 0,0024077 secs]
239,336: [GC (Allocation Failure)  103412K->72004K(140800K), 0,0008406 secs]
239,358: [GC (Allocation Failure)  97604K->76756K(141312K), 0,0013723 secs]
239,391: [GC (Allocation Failure)  103380K->71940K(141312K), 0,0008873 secs]
239,413: [GC (Allocation Failure)  98564K->77780K(140288K), 0,0015543 secs]
239,446: [GC (Allocation Failure)  103380K->71972K(140800K), 0,0008281 secs]
239,469: [GC (Allocation Failure)  97572K->76692K(141312K), 0,0032984 secs]
239,505: [GC (Allocation Failure)  103316K->71876K(141312K), 0,0010388 secs]
239,527: [GC (Allocation Failure)  98500K->77716K(140288K), 0,0042424 secs]
239,565: [GC (Allocation Failure)  103316K->71876K(140800K), 0,0039137 secs]
239,595: [GC (Allocation Failure)  97476K->76700K(141312K), 0,0028786 secs]
239,632: [GC (Allocation Failure)  103324K->71860K(141312K), 0,0034336 secs]
239,660: [GC (Allocation Failure)  98484K->77700K(140288K), 0,0085443 secs]
239,701: [GC (Allocation Failure)  103300K->71860K(140800K), 0,0010045 secs]
239,724: [GC (Allocation Failure)  97460K->76652K(141312K), 0,0016946 secs]
239,759: [GC (Allocation Failure)  103276K->71836K(141312K), 0,0010875 secs]
239,782: [GC (Allocation Failure)  98460K->77676K(140288K), 0,0017373 secs]
239,817: [GC (Allocation Failure)  103276K->71836K(140800K), 0,0011307 secs]
239,844: [GC (Allocation Failure)  97436K->76588K(141312K), 0,0045712 secs]
239,886: [GC (Allocation Failure)  103212K->71772K(141312K), 0,0038587 secs]
239,918: [GC (Allocation Failure)  98396K->77580K(141312K), 0,0040005 secs]
239,957: [GC (Allocation Failure)  104204K->72796K(141312K), 0,0044443 secs]
239,985: [GC (Allocation Failure)  99420K->78604K(140288K), 0,0059271 secs]
240,026: [GC (Allocation Failure)  104204K->72764K(140800K), 0,0044167 secs]
240,054: [GC (Allocation Failure)  98364K->77548K(140288K), 0,0049935 secs]
240,092: [GC (Allocation Failure)  103148K->71708K(140800K), 0,0021769 secs]
240,116: [GC (Allocation Failure)  97308K->76468K(141312K), 0,0015665 secs]
240,151: [GC (Allocation Failure)  103092K->71684K(141312K), 0,0022634 secs]
240,175: [GC (Allocation Failure)  98308K->77492K(141312K), 0,0017261 secs]
240,210: [GC (Allocation Failure)  104116K->72676K(141312K), 0,0028837 secs]
240,236: [GC (Allocation Failure)  99300K->78516K(140288K), 0,0033995 secs]
240,272: [GC (Allocation Failure)  104116K->72692K(140800K), 0,0026847 secs]
240,297: [GC (Allocation Failure)  98292K->77476K(140288K), 0,0039175 secs]
240,338: [GC (Allocation Failure)  103076K->71644K(140800K), 0,0054489 secs]
240,367: [GC (Allocation Failure)  97244K->76436K(141312K), 0,0019170 secs]
240,402: [GC (Allocation Failure)  103060K->71620K(141312K), 0,0012224 secs]
240,427: [GC (Allocation Failure)  98244K->77428K(141312K), 0,0020667 secs]
240,461: [GC (Allocation Failure)  104052K->72612K(141312K), 0,0013980 secs]
240,486: [GC (Allocation Failure)  99236K->78452K(139776K), 0,0021672 secs]
240,520: [GC (Allocation Failure)  104052K->72612K(140800K), 0,0014416 secs]
240,545: [GC (Allocation Failure)  98212K->77396K(141312K), 0,0022263 secs]
240,579: [GC (Allocation Failure)  104020K->72580K(141312K), 0,0013202 secs]
240,605: [GC (Allocation Failure)  99204K->78388K(140288K), 0,0055263 secs]
240,648: [GC (Allocation Failure)  103988K->72580K(140800K), 0,0072326 secs]
240,681: [GC (Allocation Failure)  98180K->77372K(141312K), 0,0027687 secs]
240,721: [GC (Allocation Failure)  103996K->72556K(141312K), 0,0031375 secs]
240,750: [GC (Allocation Failure)  99180K->78364K(140288K), 0,0037656 secs]
240,787: [GC (Allocation Failure)  103964K->72524K(140800K), 0,0010797 secs]
240,810: [GC (Allocation Failure)  98124K->77308K(141312K), 0,0029290 secs]
240,846: [GC (Allocation Failure)  103932K->72492K(141312K), 0,0049817 secs]
240,873: [GC (Allocation Failure)  99116K->78268K(141312K), 0,0029775 secs]
240,909: [GC (Allocation Failure)  104892K->73516K(141312K), 0,0013806 secs]
240,932: [GC (Allocation Failure)  100140K->79324K(140288K), 0,0034145 secs]
240,968: [GC (Allocation Failure)  104924K->73468K(140800K), 0,0049118 secs]
240,995: [GC (Allocation Failure)  99068K->78292K(140288K), 0,0017483 secs]
241,030: [GC (Allocation Failure)  103892K->72452K(140800K), 0,0009828 secs]
241,059: [GC (Allocation Failure)  98052K->77268K(141312K), 0,0044708 secs]
241,101: [GC (Allocation Failure)  103380K->71916K(140800K), 0,0028911 secs]
241,132: [GC (Allocation Failure)  98028K->77220K(141312K), 0,0048663 secs]
241,172: [GC (Allocation Failure)  103844K->72436K(141312K), 0,0017022 secs]
241,198: [GC (Allocation Failure)  99060K->78212K(141312K), 0,0038331 secs]
241,236: [GC (Allocation Failure)  104836K->73428K(141312K), 0,0021938 secs]
241,262: [GC (Allocation Failure)  100052K->79236K(140288K), 0,0031788 secs]
241,298: [GC (Allocation Failure)  104836K->73396K(140800K), 0,0057305 secs]
241,328: [GC (Allocation Failure)  98996K->78188K(140288K), 0,0058352 secs]
241,368: [GC (Allocation Failure)  103788K->72388K(140800K), 0,0016808 secs]
241,394: [GC (Allocation Failure)  97988K->77108K(141312K), 0,0050405 secs]
241,432: [GC (Allocation Failure)  103732K->72324K(141312K), 0,0022876 secs]
241,456: [GC (Allocation Failure)  98948K->78164K(141312K), 0,0018468 secs]
241,491: [GC (Allocation Failure)  104788K->73348K(141312K), 0,0011376 secs]
241,514: [GC (Allocation Failure)  99972K->79156K(139776K), 0,0026725 secs]
241,550: [GC (Allocation Failure)  104756K->73316K(140800K), 0,0035474 secs]
241,579: [GC (Allocation Failure)  98916K->78100K(141312K), 0,0035913 secs]
241,616: [GC (Allocation Failure)  104724K->73284K(141312K), 0,0039820 secs]
241,646: [GC (Allocation Failure)  99908K->79124K(140288K), 0,0050414 secs]
241,686: [GC (Allocation Failure)  104724K->73284K(140800K), 0,0018034 secs]
241,713: [GC (Allocation Failure)  98884K->78036K(141312K), 0,0053158 secs]
241,752: [GC (Allocation Failure)  104660K->73252K(141312K), 0,0019258 secs]
241,779: [GC (Allocation Failure)  99876K->79060K(140288K), 0,0028461 secs]
241,816: [GC (Allocation Failure)  104660K->73252K(140800K), 0,0019103 secs]
241,842: [GC (Allocation Failure)  98852K->78004K(141312K), 0,0027287 secs]
241,880: [GC (Allocation Failure)  104628K->73188K(141312K), 0,0017893 secs]
241,907: [GC (Allocation Failure)  99812K->79036K(140288K), 0,0028930 secs]
241,945: [GC (Allocation Failure)  104636K->73204K(140800K), 0,0018945 secs]
241,972: [GC (Allocation Failure)  98804K->77988K(141312K), 0,0026603 secs]
242,009: [GC (Allocation Failure)  104612K->73140K(141312K), 0,0033008 secs]
242,037: [GC (Allocation Failure)  99764K->78980K(140288K), 0,0049480 secs]
242,075: [GC (Allocation Failure)  104580K->73140K(140800K), 0,0037257 secs]
242,101: [GC (Allocation Failure)  98740K->77892K(141312K), 0,0019287 secs]
242,136: [GC (Allocation Failure)  104516K->73108K(141312K), 0,0057515 secs]
242,165: [GC (Allocation Failure)  99732K->78916K(141312K), 0,0020838 secs]
242,199: [GC (Allocation Failure)  105540K->74108K(141312K), 0,0027593 secs]
242,225: [GC (Allocation Failure)  100732K->79948K(140288K), 0,0041648 secs]
242,261: [GC (Allocation Failure)  105548K->74116K(140800K), 0,0071681 secs]
242,290: [GC (Allocation Failure)  99716K->78868K(140288K), 0,0017294 secs]
242,325: [GC (Allocation Failure)  104468K->73028K(140800K), 0,0048453 secs]
242,352: [GC (Allocation Failure)  98628K->77812K(141312K), 0,0017008 secs]
242,387: [GC (Allocation Failure)  104436K->72996K(141312K), 0,0023003 secs]
242,411: [GC (Allocation Failure)  99620K->78804K(141312K), 0,0052252 secs]
242,448: [GC (Allocation Failure)  105428K->74052K(141312K), 0,0010357 secs]
242,471: [GC (Allocation Failure)  100676K->79868K(140288K), 0,0017496 secs]
242,505: [GC (Allocation Failure)  105468K->73996K(140800K), 0,0013088 secs]
242,532: [GC (Allocation Failure)  99596K->78788K(140288K), 0,0069503 secs]
242,572: [GC (Allocation Failure)  104388K->72988K(140800K), 0,0053709 secs]
242,600: [GC (Allocation Failure)  98588K->77740K(141312K), 0,0036272 secs]
242,637: [GC (Allocation Failure)  104364K->72964K(141312K), 0,0031017 secs]
242,668: [GC (Allocation Failure)  99588K->78740K(141312K), 0,0070355 secs]
242,708: [GC (Allocation Failure)  105364K->73972K(141312K), 0,0023010 secs]
242,732: [GC (Allocation Failure)  100596K->79780K(139776K), 0,0042526 secs]
242,769: [GC (Allocation Failure)  105380K->73876K(140800K), 0,0026315 secs]
242,794: [GC (Allocation Failure)  99476K->78540K(141312K), 0,0027363 secs]
242,830: [GC (Allocation Failure)  105164K->73724K(141312K), 0,0044535 secs]
242,855: [GC (Allocation Failure)  100348K->79532K(140288K), 0,0015001 secs]
242,888: [GC (Allocation Failure)  105132K->73692K(140800K), 0,0007248 secs]
242,910: [GC (Allocation Failure)  99292K->78444K(141312K), 0,0013530 secs]
242,943: [GC (Allocation Failure)  105068K->73628K(141312K), 0,0007081 secs]
242,964: [GC (Allocation Failure)  100252K->79476K(141312K), 0,0015084 secs]
243,003: [GC (Allocation Failure)  106100K->74660K(141312K), 0,0073388 secs]
243,038: [GC (Allocation Failure)  101284K->80508K(140288K), 0,0043272 secs]
243,076: [GC (Allocation Failure)  106108K->74668K(140800K), 0,0020470 secs]
243,103: [GC (Allocation Failure)  100268K->79420K(140288K), 0,0053110 secs]
243,143: [GC (Allocation Failure)  105020K->73612K(140800K), 0,0019478 secs]
243,170: [GC (Allocation Failure)  99212K->78364K(141312K), 0,0054793 secs]
243,208: [GC (Allocation Failure)  104476K->73068K(140800K), 0,0027470 secs]
243,235: [GC (Allocation Failure)  99180K->78340K(141312K), 0,0032766 secs]
243,273: [GC (Allocation Failure)  104964K->73588K(141312K), 0,0041090 secs]
243,301: [GC (Allocation Failure)  100212K->79396K(140800K), 0,0029665 secs]
243,339: [GC (Allocation Failure)  106020K->74548K(141312K), 0,0020080 secs]
243,365: [GC (Allocation Failure)  101172K->80356K(139776K), 0,0044441 secs]
243,402: [GC (Allocation Failure)  105956K->74580K(140800K), 0,0011661 secs]
243,429: [GC (Allocation Failure)  100180K->79300K(141312K), 0,0037348 secs]
243,466: [GC (Allocation Failure)  105924K->74516K(141312K), 0,0046497 secs]
243,498: [GC (Allocation Failure)  101140K->80324K(140288K), 0,0053818 secs]
243,542: [GC (Allocation Failure)  105924K->74492K(140800K), 0,0070612 secs]
243,577: [GC (Allocation Failure)  100092K->79316K(140288K), 0,0045903 secs]
243,615: [GC (Allocation Failure)  104916K->73412K(140800K), 0,0038913 secs]
243,642: [GC (Allocation Failure)  99012K->78228K(141312K), 0,0018418 secs]
243,677: [GC (Allocation Failure)  104852K->73412K(141312K), 0,0011912 secs]
243,702: [GC (Allocation Failure)  100036K->79260K(141312K), 0,0047827 secs]
243,744: [GC (Allocation Failure)  105884K->74492K(141312K), 0,0033304 secs]
243,776: [GC (Allocation Failure)  101116K->80268K(139776K), 0,0029843 secs]
243,812: [GC (Allocation Failure)  105868K->74444K(140800K), 0,0014032 secs]
243,836: [GC (Allocation Failure)  100044K->79228K(141312K), 0,0019566 secs]
243,871: [GC (Allocation Failure)  105852K->74412K(141312K), 0,0029445 secs]
243,897: [GC (Allocation Failure)  101036K->80252K(140288K), 0,0038909 secs]
243,933: [GC (Allocation Failure)  105852K->74380K(140800K), 0,0076780 secs]
243,963: [GC (Allocation Failure)  99980K->79164K(141312K), 0,0017692 secs]
243,998: [GC (Allocation Failure)  105788K->74412K(141312K), 0,0011010 secs]
244,022: [GC (Allocation Failure)  101036K->80156K(140288K), 0,0036185 secs]
244,058: [GC (Allocation Failure)  105756K->74348K(140800K), 0,0013930 secs]
244,082: [GC (Allocation Failure)  99948K->79132K(141312K), 0,0029315 secs]
244,118: [GC (Allocation Failure)  105756K->74316K(141312K), 0,0011834 secs]
244,142: [GC (Allocation Failure)  100940K->80124K(141312K), 0,0019850 secs]
244,176: [GC (Allocation Failure)  106748K->75372K(141312K), 0,0013135 secs]
244,201: [GC (Allocation Failure)  101996K->81156K(140288K), 0,0036862 secs]
244,237: [GC (Allocation Failure)  106756K->75316K(140800K), 0,0027532 secs]
244,263: [GC (Allocation Failure)  100916K->80100K(140288K), 0,0036772 secs]
244,299: [GC (Allocation Failure)  105700K->74292K(140800K), 0,0012397 secs]
244,322: [GC (Allocation Failure)  99892K->79012K(141312K), 0,0018890 secs]
244,357: [GC (Allocation Failure)  105124K->73684K(140800K), 0,0018102 secs]
244,381: [GC (Allocation Failure)  99796K->79012K(141312K), 0,0034502 secs]
244,418: [GC (Allocation Failure)  105636K->74196K(141312K), 0,0041612 secs]
244,446: [GC (Allocation Failure)  100820K->80004K(141312K), 0,0048900 secs]
244,486: [GC (Allocation Failure)  106628K->75220K(141312K), 0,0043561 secs]
244,512: [GC (Allocation Failure)  101844K->81028K(139776K), 0,0016528 secs]
244,550: [GC (Allocation Failure)  106628K->75188K(140800K), 0,0036523 secs]
244,580: [GC (Allocation Failure)  100788K->80004K(140288K), 0,0027559 secs]
244,616: [GC (Allocation Failure)  105604K->74100K(140800K), 0,0039222 secs]
244,646: [GC (Allocation Failure)  99700K->78916K(141312K), 0,0045066 secs]
244,689: [GC (Allocation Failure)  105540K->74132K(141312K), 0,0030669 secs]
244,721: [GC (Allocation Failure)  100756K->79908K(141312K), 0,0073662 secs]
244,766: [GC (Allocation Failure)  106532K->75124K(141312K), 0,0060751 secs]
244,796: [GC (Allocation Failure)  101748K->80932K(139776K), 0,0023689 secs]
244,831: [GC (Allocation Failure)  106532K->75092K(140800K), 0,0023657 secs]
244,857: [GC (Allocation Failure)  100692K->79876K(141312K), 0,0019812 secs]
244,891: [GC (Allocation Failure)  106500K->75028K(141312K), 0,0062555 secs]
244,920: [GC (Allocation Failure)  101652K->80900K(140288K), 0,0021210 secs]
244,954: [GC (Allocation Failure)  106500K->75092K(140800K), 0,0013915 secs]
244,979: [GC (Allocation Failure)  100692K->79844K(141312K), 0,0020382 secs]
245,013: [GC (Allocation Failure)  106468K->74996K(141312K), 0,0033626 secs]
245,040: [GC (Allocation Failure)  101620K->80844K(140288K), 0,0022707 secs]
245,076: [GC (Allocation Failure)  106444K->74972K(140800K), 0,0033010 secs]
245,108: [GC (Allocation Failure)  100572K->79788K(141312K), 0,0059373 secs]
245,147: [GC (Allocation Failure)  106412K->74972K(141312K), 0,0022101 secs]
245,171: [GC (Allocation Failure)  101596K->80812K(140288K), 0,0030747 secs]
245,207: [GC (Allocation Failure)  106412K->75004K(140800K), 0,0010927 secs]
245,230: [GC (Allocation Failure)  100604K->79756K(141312K), 0,0016370 secs]
245,265: [GC (Allocation Failure)  106380K->74908K(141312K), 0,0045182 secs]
245,292: [GC (Allocation Failure)  101532K->80780K(140288K), 0,0018381 secs]
245,327: [GC (Allocation Failure)  106380K->74908K(140800K), 0,0023043 secs]
245,351: [GC (Allocation Failure)  100508K->79700K(141312K), 0,0016179 secs]
245,386: [GC (Allocation Failure)  106324K->74884K(141312K), 0,0010743 secs]
245,410: [GC (Allocation Failure)  101508K->80756K(141312K), 0,0020457 secs]
245,444: [GC (Allocation Failure)  107380K->75940K(141312K), 0,0013182 secs]
245,468: [GC (Allocation Failure)  102564K->81692K(140288K), 0,0022534 secs]
245,502: [GC (Allocation Failure)  107292K->75884K(140800K), 0,0029790 secs]
245,527: [GC (Allocation Failure)  101484K->80644K(140288K), 0,0036734 secs]
245,567: [GC (Allocation Failure)  106244K->74804K(140800K), 0,0031072 secs]
245,599: [GC (Allocation Failure)  100404K->79628K(141312K), 0,0037037 secs]
245,636: [GC (Allocation Failure)  106252K->74820K(141312K), 0,0029039 secs]
245,661: [GC (Allocation Failure)  101444K->80596K(141312K), 0,0017982 secs]
245,696: [GC (Allocation Failure)  107220K->75820K(141312K), 0,0012529 secs]
245,719: [GC (Allocation Failure)  102444K->81628K(140288K), 0,0019308 secs]
245,754: [GC (Allocation Failure)  107228K->75820K(140800K), 0,0010777 secs]
245,777: [GC (Allocation Failure)  101420K->80572K(140288K), 0,0037658 secs]
245,814: [GC (Allocation Failure)  106172K->74732K(140800K), 0,0024552 secs]
245,841: [GC (Allocation Failure)  100332K->79516K(141312K), 0,0044173 secs]
245,884: [GC (Allocation Failure)  106140K->74764K(141312K), 0,0024814 secs]
245,911: [GC (Allocation Failure)  101388K->80572K(141312K), 0,0029334 secs]
245,947: [GC (Allocation Failure)  107196K->75724K(141312K), 0,0018291 secs]
245,974: [GC (Allocation Failure)  102348K->81564K(139776K), 0,0050375 secs]
246,017: [GC (Allocation Failure)  107164K->75740K(140800K), 0,0033002 secs]
246,048: [GC (Allocation Failure)  101340K->80492K(141312K), 0,0055809 secs]
246,089: [GC (Allocation Failure)  107116K->75708K(141312K), 0,0032731 secs]
246,118: [GC (Allocation Failure)  102332K->81524K(140288K), 0,0029839 secs]
246,156: [GC (Allocation Failure)  107124K->75684K(140800K), 0,0018296 secs]
246,183: [GC (Allocation Failure)  101284K->80436K(141312K), 0,0028680 secs]
246,220: [GC (Allocation Failure)  107060K->75652K(141312K), 0,0019430 secs]
246,247: [GC (Allocation Failure)  102276K->81460K(140288K), 0,0030906 secs]
246,284: [GC (Allocation Failure)  107060K->75652K(140800K), 0,0019413 secs]
246,311: [GC (Allocation Failure)  101252K->80404K(141312K), 0,0049835 secs]
246,350: [GC (Allocation Failure)  107028K->75588K(141312K), 0,0050976 secs]
246,380: [GC (Allocation Failure)  102212K->81428K(140288K), 0,0052238 secs]
246,418: [GC (Allocation Failure)  107028K->75620K(140800K), 0,0014037 secs]
246,442: [GC (Allocation Failure)  101220K->80340K(141312K), 0,0025134 secs]
246,478: [GC (Allocation Failure)  106964K->75588K(141312K), 0,0012903 secs]
246,503: [GC (Allocation Failure)  102212K->81364K(141312K), 0,0021447 secs]
246,538: [GC (Allocation Failure)  107988K->76580K(141312K), 0,0015112 secs]
246,564: [GC (Allocation Failure)  103204K->82388K(140288K), 0,0051581 secs]
246,608: [GC (Allocation Failure)  107988K->76548K(140800K), 0,0076149 secs]
246,642: [GC (Allocation Failure)  102148K->81332K(140288K), 0,0031272 secs]
246,678: [GC (Allocation Failure)  106932K->75468K(140800K), 0,0012266 secs]
246,701: [GC (Allocation Failure)  101068K->80252K(141312K), 0,0040639 secs]
246,738: [GC (Allocation Failure)  106876K->75468K(141312K), 0,0046871 secs]
246,766: [GC (Allocation Failure)  102092K->81284K(141312K), 0,0039270 secs]
246,802: [GC (Allocation Failure)  107908K->76276K(141312K), 0,0026737 secs]
246,825: [GC (Allocation Failure)  102900K->82116K(140288K), 0,0022592 secs]
246,859: [GC (Allocation Failure)  107716K->76244K(140800K), 0,0007814 secs]
246,880: [GC (Allocation Failure)  101844K->81028K(140288K), 0,0036898 secs]
246,916: [GC (Allocation Failure)  106628K->75156K(140800K), 0,0013764 secs]
246,938: [GC (Allocation Failure)  100756K->79940K(141312K), 0,0019377 secs]
246,971: [GC (Allocation Failure)  106564K->75092K(141312K), 0,0006648 secs]
246,993: [GC (Allocation Failure)  101716K->80932K(141312K), 0,0022085 secs]
247,027: [GC (Allocation Failure)  107556K->76180K(141312K), 0,0007886 secs]
247,050: [GC (Allocation Failure)  102804K->81956K(140800K), 0,0014941 secs]
247,083: [GC (Allocation Failure)  108580K->77148K(141312K), 0,0019961 secs]
247,107: [GC (Allocation Failure)  103772K->82988K(139776K), 0,0027933 secs]
247,143: [GC (Allocation Failure)  108588K->77148K(140800K), 0,0009015 secs]
247,166: [GC (Allocation Failure)  102748K->81900K(140288K), 0,0029638 secs]
247,202: [GC (Allocation Failure)  107500K->76060K(140800K), 0,0016407 secs]
247,224: [GC (Allocation Failure)  101660K->80844K(141312K), 0,0016420 secs]
247,258: [GC (Allocation Failure)  106956K->75516K(140800K), 0,0023174 secs]
247,282: [GC (Allocation Failure)  101628K->80812K(141312K), 0,0022069 secs]
247,317: [GC (Allocation Failure)  107436K->76028K(141312K), 0,0008688 secs]
247,340: [GC (Allocation Failure)  102652K->81868K(140288K), 0,0014862 secs]
247,372: [GC (Allocation Failure)  107468K->75996K(140800K), 0,0017246 secs]
247,394: [GC (Allocation Failure)  101596K->80780K(141312K), 0,0015331 secs]
247,427: [GC (Allocation Failure)  107404K->75964K(141312K), 0,0008086 secs]
247,449: [GC (Allocation Failure)  102588K->81844K(141312K), 0,0015170 secs]
247,483: [GC (Allocation Failure)  108468K->76996K(141312K), 0,0021223 secs]
247,507: [GC (Allocation Failure)  103620K->82780K(140288K), 0,0029499 secs]
247,543: [GC (Allocation Failure)  108380K->76972K(140800K), 0,0011822 secs]
247,566: [GC (Allocation Failure)  102572K->81820K(140288K), 0,0017353 secs]
247,601: [GC (Allocation Failure)  107420K->75964K(140800K), 0,0010410 secs]
247,624: [GC (Allocation Failure)  101564K->80716K(141312K), 0,0015394 secs]
247,658: [GC (Allocation Failure)  107340K->75900K(141312K), 0,0009559 secs]
247,681: [GC (Allocation Failure)  102524K->81708K(141312K), 0,0029279 secs]
247,717: [GC (Allocation Failure)  108332K->76924K(141312K), 0,0022891 secs]
247,741: [GC (Allocation Failure)  103548K->82772K(140288K), 0,0018062 secs]
247,776: [GC (Allocation Failure)  108372K->76932K(140800K), 0,0010716 secs]
247,799: [GC (Allocation Failure)  102532K->81692K(140288K), 0,0025218 secs]
247,834: [GC (Allocation Failure)  107292K->75852K(140800K), 0,0019931 secs]
247,858: [GC (Allocation Failure)  101452K->80636K(141312K), 0,0026182 secs]
247,894: [GC (Allocation Failure)  107260K->75852K(141312K), 0,0009399 secs]
247,917: [GC (Allocation Failure)  102476K->81628K(141312K), 0,0019491 secs]
247,952: [GC (Allocation Failure)  108252K->76844K(141312K), 0,0021255 secs]
247,976: [GC (Allocation Failure)  103468K->82652K(139776K), 0,0017308 secs]
248,011: [GC (Allocation Failure)  108252K->76820K(140800K), 0,0021683 secs]
248,035: [GC (Allocation Failure)  102420K->81636K(141312K), 0,0027306 secs]
248,071: [GC (Allocation Failure)  108260K->76820K(141312K), 0,0010319 secs]
248,094: [GC (Allocation Failure)  103444K->82596K(140288K), 0,0068629 secs]
248,132: [GC (Allocation Failure)  108196K->76788K(140800K), 0,0052894 secs]
248,158: [GC (Allocation Failure)  102388K->81540K(141312K), 0,0024774 secs]
248,193: [GC (Allocation Failure)  108164K->76756K(141312K), 0,0008734 secs]
248,215: [GC (Allocation Failure)  103380K->82604K(140288K), 0,0015706 secs]
248,252: [GC (Allocation Failure)  108204K->76772K(140800K), 0,0019975 secs]
248,277: [GC (Allocation Failure)  102372K->81524K(141312K), 0,0020814 secs]
248,312: [GC (Allocation Failure)  108148K->76708K(141312K), 0,0069428 secs]
248,341: [GC (Allocation Failure)  103332K->82516K(140288K), 0,0031721 secs]
248,377: [GC (Allocation Failure)  108116K->76676K(140800K), 0,0025174 secs]
248,405: [GC (Allocation Failure)  102276K->81468K(141312K), 0,0067890 secs]
248,445: [GC (Allocation Failure)  108092K->76660K(141312K), 0,0031811 secs]
248,471: [GC (Allocation Failure)  103284K->82500K(141312K), 0,0021988 secs]
248,505: [GC (Allocation Failure)  109124K->77724K(141312K), 0,0009702 secs]
248,528: [GC (Allocation Failure)  104348K->83516K(140288K), 0,0017049 secs]
248,560: [GC (Allocation Failure)  109116K->77708K(140800K), 0,0020802 secs]
248,586: [GC (Allocation Failure)  103308K->82492K(140288K), 0,0051226 secs]
248,628: [GC (Allocation Failure)  108092K->76668K(140800K), 0,0033293 secs]
248,656: [GC (Allocation Failure)  102268K->81420K(141312K), 0,0020226 secs]
248,691: [GC (Allocation Failure)  108044K->76636K(141312K), 0,0027969 secs]
248,717: [GC (Allocation Failure)  103260K->82444K(141312K), 0,0041841 secs]
248,753: [GC (Allocation Failure)  109068K->77628K(141312K), 0,0025905 secs]
248,778: [GC (Allocation Failure)  104252K->83468K(140288K), 0,0018608 secs]
248,813: [GC (Allocation Failure)  109068K->77604K(140800K), 0,0022943 secs]
248,837: [GC (Allocation Failure)  103204K->82396K(140288K), 0,0031574 secs]
248,877: [GC (Allocation Failure)  107996K->76556K(140800K), 0,0069306 secs]
248,910: [GC (Allocation Failure)  102156K->81340K(141312K), 0,0037483 secs]
248,946: [GC (Allocation Failure)  107964K->76556K(141312K), 0,0038950 secs]
248,972: [GC (Allocation Failure)  103180K->82364K(141312K), 0,0056456 secs]
249,011: [GC (Allocation Failure)  108988K->77548K(141312K), 0,0032275 secs]
249,038: [GC (Allocation Failure)  104172K->83396K(139776K), 0,0021889 secs]
249,072: [GC (Allocation Failure)  108996K->77524K(140800K), 0,0063372 secs]
249,101: [GC (Allocation Failure)  103124K->82308K(141312K), 0,0029574 secs]
249,137: [GC (Allocation Failure)  108932K->77492K(141312K), 0,0066567 secs]
249,166: [GC (Allocation Failure)  104116K->83332K(140288K), 0,0030571 secs]
249,202: [GC (Allocation Failure)  108932K->77500K(140800K), 0,0011022 secs]
249,225: [GC (Allocation Failure)  103100K->82284K(141312K), 0,0016580 secs]
249,260: [GC (Allocation Failure)  108908K->77500K(141312K), 0,0010909 secs]
249,283: [GC (Allocation Failure)  104124K->83308K(140288K), 0,0018316 secs]
249,318: [GC (Allocation Failure)  108908K->77476K(140800K), 0,0012146 secs]
249,341: [GC (Allocation Failure)  103076K->82260K(141312K), 0,0018647 secs]
249,376: [GC (Allocation Failure)  108884K->77444K(141312K), 0,0013193 secs]
249,400: [GC (Allocation Failure)  104068K->83228K(140288K), 0,0020678 secs]
249,435: [GC (Allocation Failure)  108828K->77388K(140800K), 0,0032774 secs]
249,460: [GC (Allocation Failure)  102988K->82172K(141312K), 0,0039552 secs]
249,497: [GC (Allocation Failure)  108796K->77364K(141312K), 0,0046137 secs]
249,524: [GC (Allocation Failure)  103988K->83236K(140288K), 0,0022046 secs]
249,559: [GC (Allocation Failure)  108836K->77364K(140800K), 0,0068923 secs]
249,591: [GC (Allocation Failure)  102964K->82148K(141312K), 0,0026902 secs]
249,627: [GC (Allocation Failure)  108772K->77332K(141312K), 0,0077523 secs]
249,657: [GC (Allocation Failure)  103956K->83140K(141312K), 0,0022695 secs]
249,690: [GC (Allocation Failure)  109764K->78364K(141312K), 0,0049279 secs]
249,715: [GC (Allocation Failure)  104988K->84140K(140288K), 0,0027673 secs]
249,751: [GC (Allocation Failure)  109740K->78332K(140800K), 0,0009111 secs]
249,774: [GC (Allocation Failure)  103932K->83124K(140288K), 0,0023236 secs]
249,809: [GC (Allocation Failure)  108724K->77284K(140800K), 0,0016178 secs]
249,831: [GC (Allocation Failure)  102884K->82068K(141312K), 0,0040066 secs]
249,869: [GC (Allocation Failure)  108692K->77252K(141312K), 0,0069620 secs]
249,901: [GC (Allocation Failure)  103876K->83060K(141312K), 0,0028000 secs]
249,937: [GC (Allocation Failure)  109684K->78276K(141312K), 0,0011282 secs]
249,960: [GC (Allocation Failure)  104900K->84092K(140288K), 0,0035207 secs]
249,997: [GC (Allocation Failure)  109692K->78260K(140800K), 0,0049531 secs]
250,024: [GC (Allocation Failure)  103860K->83052K(140288K), 0,0026555 secs]
250,059: [GC (Allocation Failure)  108652K->77212K(140800K), 0,0044550 secs]
250,090: [GC (Allocation Failure)  102812K->81972K(141312K), 0,0051239 secs]
250,128: [GC (Allocation Failure)  108596K->77188K(141312K), 0,0023649 secs]
250,152: [GC (Allocation Failure)  103812K->83028K(141312K), 0,0017699 secs]
250,187: [GC (Allocation Failure)  109652K->78212K(141312K), 0,0010904 secs]
250,210: [GC (Allocation Failure)  104836K->84020K(139776K), 0,0022965 secs]
250,245: [GC (Allocation Failure)  109620K->78148K(140800K), 0,0024605 secs]
250,273: [GC (Allocation Failure)  103748K->82964K(141312K), 0,0100111 secs]
250,320: [GC (Allocation Failure)  109588K->78148K(141312K), 0,0059171 secs]
250,351: [GC (Allocation Failure)  104772K->83988K(140288K), 0,0029554 secs]
250,387: [GC (Allocation Failure)  109588K->78116K(140800K), 0,0024525 secs]
250,414: [GC (Allocation Failure)  103716K->82900K(141312K), 0,0064061 secs]
250,454: [GC (Allocation Failure)  109524K->78132K(141312K), 0,0010988 secs]
250,477: [GC (Allocation Failure)  104756K->83940K(140288K), 0,0044113 secs]
250,512: [GC (Allocation Failure)  109540K->78108K(140800K), 0,0010401 secs]
250,537: [GC (Allocation Failure)  103708K->82860K(141312K), 0,0021754 secs]
250,572: [GC (Allocation Failure)  109484K->78108K(141312K), 0,0033103 secs]
250,602: [GC (Allocation Failure)  104732K->83916K(140288K), 0,0054073 secs]
250,640: [GC (Allocation Failure)  109516K->78084K(140800K), 0,0056582 secs]
250,674: [GC (Allocation Failure)  103684K->82836K(141312K), 0,0038067 secs]
250,710: [GC (Allocation Failure)  109460K->78052K(141312K), 0,0034976 secs]
250,736: [GC (Allocation Failure)  104676K->83860K(141312K), 0,0054568 secs]
250,777: [GC (Allocation Failure)  110484K->78852K(141312K), 0,0022943 secs]
250,802: [GC (Allocation Failure)  105476K->84660K(140288K), 0,0043807 secs]
250,839: [GC (Allocation Failure)  110260K->78828K(140800K), 0,0016165 secs]
250,863: [GC (Allocation Failure)  104428K->83612K(140288K), 0,0040743 secs]
250,901: [GC (Allocation Failure)  109212K->77756K(140800K), 0,0017711 secs]
250,928: [GC (Allocation Failure)  103356K->82548K(141312K), 0,0026110 secs]
250,964: [GC (Allocation Failure)  109172K->77764K(141312K), 0,0018509 secs]
250,991: [GC (Allocation Failure)  104388K->83580K(141312K), 0,0028256 secs]
251,029: [GC (Allocation Failure)  110204K->78764K(141312K), 0,0018515 secs]
251,055: [GC (Allocation Failure)  105388K->84540K(140288K), 0,0030725 secs]
251,096: [GC (Allocation Failure)  110140K->78732K(140800K), 0,0033520 secs]
251,127: [GC (Allocation Failure)  104332K->83484K(141312K), 0,0045998 secs]
251,167: [GC (Allocation Failure)  110108K->78700K(141312K), 0,0013770 secs]
251,192: [GC (Allocation Failure)  105324K->84540K(140288K), 0,0022790 secs]
251,227: [GC (Allocation Failure)  110140K->78700K(140800K), 0,0034984 secs]
251,253: [GC (Allocation Failure)  104300K->83524K(141312K), 0,0021087 secs]
251,286: [GC (Allocation Failure)  110148K->78644K(141312K), 0,0014540 secs]
251,313: [GC (Allocation Failure)  105268K->84492K(140288K), 0,0044922 secs]
251,349: [GC (Allocation Failure)  110092K->78652K(140800K), 0,0009161 secs]
251,371: [GC (Allocation Failure)  104252K->83444K(141312K), 0,0039505 secs]
251,408: [GC (Allocation Failure)  110068K->78628K(141312K), 0,0029045 secs]
251,437: [GC (Allocation Failure)  105252K->84476K(140288K), 0,0029216 secs]
251,475: [GC (Allocation Failure)  110076K->78636K(140800K), 0,0067118 secs]
251,505: [GC (Allocation Failure)  104236K->83396K(141312K), 0,0043492 secs]
251,542: [GC (Allocation Failure)  110020K->78596K(141312K), 0,0017365 secs]
251,568: [GC (Allocation Failure)  105220K->84468K(140288K), 0,0050052 secs]
251,610: [GC (Allocation Failure)  110068K->78564K(140800K), 0,0045873 secs]
251,639: [GC (Allocation Failure)  104164K->83380K(141312K), 0,0025627 secs]
251,674: [GC (Allocation Failure)  110004K->78564K(141312K), 0,0028987 secs]
251,703: [GC (Allocation Failure)  105188K->84404K(141312K), 0,0053718 secs]
251,747: [GC (Allocation Failure)  111028K->79588K(141312K), 0,0033326 secs]
251,778: [GC (Allocation Failure)  106212K->85396K(140288K), 0,0041656 secs]
251,817: [GC (Allocation Failure)  110996K->79564K(140800K), 0,0021756 secs]
251,844: [GC (Allocation Failure)  105164K->84348K(140288K), 0,0051977 secs]
251,886: [GC (Allocation Failure)  109948K->78484K(140800K), 0,0016443 secs]
251,913: [GC (Allocation Failure)  104084K->83300K(141312K), 0,0039201 secs]
251,950: [GC (Allocation Failure)  109924K->78452K(141312K), 0,0045731 secs]
251,977: [GC (Allocation Failure)  105076K->84292K(141312K), 0,0018285 secs]
252,012: [GC (Allocation Failure)  110916K->79476K(141312K), 0,0062093 secs]
252,047: [GC (Allocation Failure)  106100K->85284K(140288K), 0,0073055 secs]
252,087: [GC (Allocation Failure)  110884K->79476K(140800K), 0,0068137 secs]
252,119: [GC (Allocation Failure)  105076K->84268K(140288K), 0,0027504 secs]
252,155: [GC (Allocation Failure)  109868K->78444K(140800K), 0,0020367 secs]
252,183: [GC (Allocation Failure)  104044K->83196K(141312K), 0,0039502 secs]
252,221: [GC (Allocation Failure)  109820K->78412K(141312K), 0,0027164 secs]
252,248: [GC (Allocation Failure)  105036K->84220K(141312K), 0,0061406 secs]
252,290: [GC (Allocation Failure)  110844K->79372K(141312K), 0,0039097 secs]
252,316: [GC (Allocation Failure)  105996K->85220K(139776K), 0,0032971 secs]
252,352: [GC (Allocation Failure)  110820K->79412K(140800K), 0,0036074 secs]
252,384: [GC (Allocation Failure)  105012K->84204K(141312K), 0,0070981 secs]
252,426: [GC (Allocation Failure)  110828K->79388K(141312K), 0,0010611 secs]
252,452: [GC (Allocation Failure)  106012K->85196K(140288K), 0,0033804 secs]
252,490: [GC (Allocation Failure)  110796K->79356K(140800K), 0,0037197 secs]
252,522: [GC (Allocation Failure)  104956K->84148K(141312K), 0,0048894 secs]
252,564: [GC (Allocation Failure)  110772K->79364K(141312K), 0,0022467 secs]
252,591: [GC (Allocation Failure)  105988K->85140K(140288K), 0,0031294 secs]
252,629: [GC (Allocation Failure)  110740K->79308K(140800K), 0,0047030 secs]
252,657: [GC (Allocation Failure)  104908K->84092K(141312K), 0,0042034 secs]
252,694: [GC (Allocation Failure)  110716K->79308K(141312K), 0,0009612 secs]
252,717: [GC (Allocation Failure)  105932K->85124K(140288K), 0,0058741 secs]
252,756: [GC (Allocation Failure)  110724K->79252K(140800K), 0,0009345 secs]
252,779: [GC (Allocation Failure)  104852K->84100K(141312K), 0,0015564 secs]
252,812: [GC (Allocation Failure)  110724K->79252K(141312K), 0,0049040 secs]
252,839: [GC (Allocation Failure)  105876K->85100K(140288K), 0,0017232 secs]
252,874: [GC (Allocation Failure)  110700K->79196K(140800K), 0,0037849 secs]
252,900: [GC (Allocation Failure)  104796K->84044K(141312K), 0,0015262 secs]
252,934: [GC (Allocation Failure)  110668K->79228K(141312K), 0,0009182 secs]
252,957: [GC (Allocation Failure)  105852K->85012K(141312K), 0,0034725 secs]
252,993: [GC (Allocation Failure)  111636K->80228K(141312K), 0,0020208 secs]
253,017: [GC (Allocation Failure)  106852K->86068K(140288K), 0,0031878 secs]
253,053: [GC (Allocation Failure)  111668K->80196K(140800K), 0,0010317 secs]
253,076: [GC (Allocation Failure)  105796K->85012K(140288K), 0,0016803 secs]
253,110: [GC (Allocation Failure)  110612K->79172K(140800K), 0,0017879 secs]
253,134: [GC (Allocation Failure)  104772K->83932K(141312K), 0,0062030 secs]
253,173: [GC (Allocation Failure)  110556K->79148K(141312K), 0,0014142 secs]
253,196: [GC (Allocation Failure)  105772K->84956K(141312K), 0,0024207 secs]
253,231: [GC (Allocation Failure)  111580K->80140K(141312K), 0,0028690 secs]
253,256: [GC (Allocation Failure)  106764K->85956K(140288K), 0,0015786 secs]
253,289: [GC (Allocation Failure)  111556K->80156K(140800K), 0,0025616 secs]
253,312: [GC (Allocation Failure)  105756K->84908K(140288K), 0,0015602 secs]
253,346: [GC (Allocation Failure)  110508K->79068K(140800K), 0,0027968 secs]
253,370: [GC (Allocation Failure)  104668K->83852K(141312K), 0,0028045 secs]
253,410: [GC (Allocation Failure)  110476K->79044K(141312K), 0,0109312 secs]
253,445: [GC (Allocation Failure)  105668K->84820K(141312K), 0,0051286 secs]
253,483: [GC (Allocation Failure)  111444K->80068K(141312K), 0,0013351 secs]
253,508: [GC (Allocation Failure)  106692K->85844K(139776K), 0,0038665 secs]
253,544: [GC (Allocation Failure)  111444K->80068K(140800K), 0,0059547 secs]
253,572: [GC (Allocation Failure)  105668K->84820K(141312K), 0,0018138 secs]
253,607: [GC (Allocation Failure)  111444K->80004K(141312K), 0,0034230 secs]
253,632: [GC (Allocation Failure)  106628K->85812K(140288K), 0,0031088 secs]
253,668: [GC (Allocation Failure)  111412K->80004K(140800K), 0,0011569 secs]
253,691: [GC (Allocation Failure)  105604K->84788K(141312K), 0,0053524 secs]
253,729: [GC (Allocation Failure)  111412K->79940K(141312K), 0,0022994 secs]
253,753: [GC (Allocation Failure)  106564K->85820K(140288K), 0,0027943 secs]
253,788: [GC (Allocation Failure)  111420K->79948K(140800K), 0,0039417 secs]
253,818: [GC (Allocation Failure)  105548K->84772K(141312K), 0,0046179 secs]
253,860: [GC (Allocation Failure)  111396K->79924K(141312K), 0,0068069 secs]
253,892: [GC (Allocation Failure)  106548K->85732K(140288K), 0,0021738 secs]
253,927: [GC (Allocation Failure)  111332K->79892K(140800K), 0,0012850 secs]
253,951: [GC (Allocation Failure)  105492K->84676K(141312K), 0,0020554 secs]
253,986: [GC (Allocation Failure)  111300K->79892K(141312K), 0,0012869 secs]
254,011: [GC (Allocation Failure)  106516K->85700K(141312K), 0,0021745 secs]
254,045: [GC (Allocation Failure)  112324K->80884K(141312K), 0,0047166 secs]
254,073: [GC (Allocation Failure)  107508K->86660K(140288K), 0,0041924 secs]
254,110: [GC (Allocation Failure)  112260K->80852K(140800K), 0,0030435 secs]
254,136: [GC (Allocation Failure)  106452K->85636K(140288K), 0,0021007 secs]
254,170: [GC (Allocation Failure)  111236K->79828K(140800K), 0,0012598 secs]
254,194: [GC (Allocation Failure)  105428K->84580K(141312K), 0,0019679 secs]
254,229: [GC (Allocation Failure)  111204K->79764K(141312K), 0,0017728 secs]
254,254: [GC (Allocation Failure)  106388K->85580K(141312K), 0,0021627 secs]
254,293: [GC (Allocation Failure)  112204K->80796K(141312K), 0,0032903 secs]
254,324: [GC (Allocation Failure)  107420K->86604K(140288K), 0,0053277 secs]
254,362: [GC (Allocation Failure)  112204K->80764K(140800K), 0,0018970 secs]
254,386: [GC (Allocation Failure)  106364K->85548K(140288K), 0,0031592 secs]
254,422: [GC (Allocation Failure)  111148K->79708K(140800K), 0,0010495 secs]
254,445: [GC (Allocation Failure)  105308K->84468K(141312K), 0,0028556 secs]
254,481: [GC (Allocation Failure)  111092K->79652K(141312K), 0,0050073 secs]
254,508: [GC (Allocation Failure)  106276K->85492K(141312K), 0,0039942 secs]
254,548: [GC (Allocation Failure)  112116K->80708K(141312K), 0,0054472 secs]
254,579: [GC (Allocation Failure)  107332K->86516K(139776K), 0,0049610 secs]
254,617: [GC (Allocation Failure)  112116K->80724K(140800K), 0,0013786 secs]
254,640: [GC (Allocation Failure)  106324K->85476K(141312K), 0,0063370 secs]
254,681: [GC (Allocation Failure)  112100K->80700K(141312K), 0,0021334 secs]
254,705: [GC (Allocation Failure)  107324K->86476K(140288K), 0,0022599 secs]
254,744: [GC (Allocation Failure)  112076K->80636K(140800K), 0,0046531 secs]
254,773: [GC (Allocation Failure)  106236K->85324K(141312K), 0,0084402 secs]
254,814: [GC (Allocation Failure)  111948K->80412K(141312K), 0,0027936 secs]
254,839: [GC (Allocation Failure)  107036K->86292K(140288K), 0,0015616 secs]
254,876: [GC (Allocation Failure)  111892K->80420K(140800K), 0,0060429 secs]
254,905: [GC (Allocation Failure)  106020K->85172K(141312K), 0,0024857 secs]
254,943: [GC (Allocation Failure)  111796K->80436K(141312K), 0,0028378 secs]
254,971: [GC (Allocation Failure)  107060K->86180K(141312K), 0,0051199 secs]
255,013: [GC (Allocation Failure)  112804K->81396K(141312K), 0,0049486 secs]
255,042: [GC (Allocation Failure)  108020K->87204K(140288K), 0,0045774 secs]
255,081: [GC (Allocation Failure)  112804K->81364K(140800K), 0,0048466 secs]
255,111: [GC (Allocation Failure)  106964K->86212K(140288K), 0,0029056 secs]
255,149: [GC (Allocation Failure)  111812K->80316K(140800K), 0,0017982 secs]
255,175: [GC (Allocation Failure)  105916K->85132K(141312K), 0,0041317 secs]
255,212: [GC (Allocation Failure)  111756K->80284K(141312K), 0,0030615 secs]
255,243: [GC (Allocation Failure)  106908K->86156K(141312K), 0,0028762 secs]
255,281: [GC (Allocation Failure)  112780K->81340K(141312K), 0,0011193 secs]
255,305: [GC (Allocation Failure)  107964K->87148K(140288K), 0,0018399 secs]
255,341: [GC (Allocation Failure)  112748K->81340K(140800K), 0,0035617 secs]
255,373: [GC (Allocation Failure)  106940K->86060K(140288K), 0,0085640 secs]
255,416: [GC (Allocation Failure)  111660K->80252K(140800K), 0,0052020 secs]
255,444: [GC (Allocation Failure)  105852K->85036K(141312K), 0,0014840 secs]
255,476: [GC (Allocation Failure)  111660K->80220K(141312K), 0,0010435 secs]
255,502: [GC (Allocation Failure)  106844K->85996K(141312K), 0,0052316 secs]
255,541: [GC (Allocation Failure)  112620K->81244K(141312K), 0,0048781 secs]
255,574: [GC (Allocation Failure)  107868K->87068K(139776K), 0,0050881 secs]
255,617: [GC (Allocation Failure)  112668K->81228K(140800K), 0,0047662 secs]
255,648: [GC (Allocation Failure)  106828K->85980K(141312K), 0,0039038 secs]
255,685: [GC (Allocation Failure)  112604K->81204K(141312K), 0,0031421 secs]
255,711: [GC (Allocation Failure)  107828K->87012K(140288K), 0,0027933 secs]
255,746: [GC (Allocation Failure)  112612K->81204K(140800K), 0,0063622 secs]
255,776: [GC (Allocation Failure)  106804K->85956K(141312K), 0,0075451 secs]
255,816: [GC (Allocation Failure)  112580K->81140K(141312K), 0,0011845 secs]
255,839: [GC (Allocation Failure)  107764K->86980K(140288K), 0,0018745 secs]
255,874: [GC (Allocation Failure)  112580K->81172K(140800K), 0,0013448 secs]
255,897: [GC (Allocation Failure)  106772K->85932K(141312K), 0,0016809 secs]
255,936: [GC (Allocation Failure)  112556K->81084K(141312K), 0,0041461 secs]
255,969: [GC (Allocation Failure)  107708K->86924K(140288K), 0,0044391 secs]
256,006: [GC (Allocation Failure)  112524K->81052K(140800K), 0,0019383 secs]
256,035: [GC (Allocation Failure)  106652K->85868K(141312K), 0,0031506 secs]
256,072: [GC (Allocation Failure)  112492K->81020K(141312K), 0,0048324 secs]
256,098: [GC (Allocation Failure)  107644K->86860K(140288K), 0,0025697 secs]
256,132: [GC (Allocation Failure)  112460K->81020K(140800K), 0,0017855 secs]
256,155: [GC (Allocation Failure)  106620K->85804K(141312K), 0,0074608 secs]
256,193: [GC (Allocation Failure)  112428K->80988K(141312K), 0,0023079 secs]
256,217: [GC (Allocation Failure)  107612K->86796K(141312K), 0,0025012 secs]
256,250: [GC (Allocation Failure)  113420K->82012K(141312K), 0,0020282 secs]
256,273: [GC (Allocation Failure)  108636K->87852K(140288K), 0,0046896 secs]
256,308: [GC (Allocation Failure)  113452K->82012K(140800K), 0,0022714 secs]
256,331: [GC (Allocation Failure)  107612K->86732K(140288K), 0,0025125 secs]
256,364: [GC (Allocation Failure)  112332K->80924K(140800K), 0,0017187 secs]
256,386: [GC (Allocation Failure)  106524K->85708K(141312K), 0,0033131 secs]
256,420: [GC (Allocation Failure)  112332K->80892K(141312K), 0,0023429 secs]
256,443: [GC (Allocation Failure)  107516K->86732K(141312K), 0,0024027 secs]
256,476: [GC (Allocation Failure)  113356K->81916K(141312K), 0,0018525 secs]
256,498: [GC (Allocation Failure)  108540K->87724K(140288K), 0,0028266 secs]
256,532: [GC (Allocation Failure)  113324K->81916K(140800K), 0,0017930 secs]
256,554: [GC (Allocation Failure)  107516K->86668K(140288K), 0,0023000 secs]
256,589: [GC (Allocation Failure)  112268K->80860K(140800K), 0,0022968 secs]
256,614: [GC (Allocation Failure)  106460K->85644K(141312K), 0,0026157 secs]
256,649: [GC (Allocation Failure)  112268K->80804K(141312K), 0,0010181 secs]
256,675: [GC (Allocation Failure)  107428K->86612K(141312K), 0,0022090 secs]
256,710: [GC (Allocation Failure)  113236K->81828K(141312K), 0,0013224 secs]
256,733: [GC (Allocation Failure)  108452K->87636K(139776K), 0,0018903 secs]
256,772: [GC (Allocation Failure)  113236K->81796K(140800K), 0,0069212 secs]
256,806: [GC (Allocation Failure)  107396K->86580K(141312K), 0,0043241 secs]
256,847: [GC (Allocation Failure)  113204K->81796K(141312K), 0,0040546 secs]
256,879: [GC (Allocation Failure)  108420K->87612K(140288K), 0,0035090 secs]
256,915: [GC (Allocation Failure)  113212K->81772K(140800K), 0,0027045 secs]
256,943: [GC (Allocation Failure)  107372K->86532K(141312K), 0,0027937 secs]
256,980: [GC (Allocation Failure)  113156K->81716K(141312K), 0,0018312 secs]
257,006: [GC (Allocation Failure)  108340K->87556K(140288K), 0,0076045 secs]
257,046: [GC (Allocation Failure)  113156K->81756K(140800K), 0,0023263 secs]
257,074: [GC (Allocation Failure)  107356K->86540K(141312K), 0,0048754 secs]
257,116: [GC (Allocation Failure)  113164K->81756K(141312K), 0,0032130 secs]
257,148: [GC (Allocation Failure)  108380K->87508K(140288K), 0,0040820 secs]
257,186: [GC (Allocation Failure)  113108K->81700K(140800K), 0,0040740 secs]
257,213: [GC (Allocation Failure)  107300K->86484K(141312K), 0,0040099 secs]
257,250: [GC (Allocation Failure)  113108K->81636K(141312K), 0,0013369 secs]
257,275: [GC (Allocation Failure)  108260K->87476K(141312K), 0,0027903 secs]
257,310: [GC (Allocation Failure)  114100K->82660K(141312K), 0,0014396 secs]
257,335: [GC (Allocation Failure)  109284K->88476K(140288K), 0,0038729 secs]
257,371: [GC (Allocation Failure)  114076K->82668K(140800K), 0,0014516 secs]
257,399: [GC (Allocation Failure)  108268K->87452K(140288K), 0,0048936 secs]
257,441: [GC (Allocation Failure)  113052K->81588K(140800K), 0,0037349 secs]
257,466: [GC (Allocation Failure)  107188K->86340K(141312K), 0,0022385 secs]
257,499: [GC (Allocation Failure)  112964K->81556K(141312K), 0,0022915 secs]
257,524: [GC (Allocation Failure)  108180K->87364K(141312K), 0,0043725 secs]
257,562: [GC (Allocation Failure)  113988K->82588K(141312K), 0,0033139 secs]
257,589: [GC (Allocation Failure)  109212K->88428K(140288K), 0,0025988 secs]
257,624: [GC (Allocation Failure)  114028K->82556K(140800K), 0,0059383 secs]
257,652: [GC (Allocation Failure)  108156K->87340K(140288K), 0,0023704 secs]
257,685: [GC (Allocation Failure)  112940K->81500K(140800K), 0,0007825 secs]
257,706: [GC (Allocation Failure)  107100K->86284K(141312K), 0,0070083 secs]
257,746: [GC (Allocation Failure)  112908K->81468K(141312K), 0,0008002 secs]
257,767: [GC (Allocation Failure)  108092K->87316K(141312K), 0,0047627 secs]
257,804: [GC (Allocation Failure)  113940K->82500K(141312K), 0,0024850 secs]
257,827: [GC (Allocation Failure)  109124K->88340K(139776K), 0,0015930 secs]
257,861: [GC (Allocation Failure)  113940K->82476K(140800K), 0,0018964 secs]
257,885: [GC (Allocation Failure)  108076K->87260K(141312K), 0,0028041 secs]
257,921: [GC (Allocation Failure)  113884K->82476K(141312K), 0,0008767 secs]
257,944: [GC (Allocation Failure)  109100K->88284K(140288K), 0,0017312 secs]
257,979: [GC (Allocation Failure)  113884K->82476K(140800K), 0,0010460 secs]
258,002: [GC (Allocation Failure)  108076K->87260K(141312K), 0,0018152 secs]
258,037: [GC (Allocation Failure)  113884K->82444K(141312K), 0,0011149 secs]
258,062: [GC (Allocation Failure)  109068K->88252K(140288K), 0,0049428 secs]
258,104: [GC (Allocation Failure)  113852K->82420K(140800K), 0,0046634 secs]
258,132: [GC (Allocation Failure)  108020K->87172K(141312K), 0,0028895 secs]
258,168: [GC (Allocation Failure)  113796K->82388K(141312K), 0,0030778 secs]
258,193: [GC (Allocation Failure)  109012K->88196K(140288K), 0,0030151 secs]
258,229: [GC (Allocation Failure)  113796K->82324K(140800K), 0,0019563 secs]
258,253: [GC (Allocation Failure)  107924K->87116K(141312K), 0,0024790 secs]
258,287: [GC (Allocation Failure)  113740K->82332K(141312K), 0,0075117 secs]
258,316: [GC (Allocation Failure)  108956K->88140K(140288K), 0,0014565 secs]
258,349: [GC (Allocation Failure)  113740K->82332K(140800K), 0,0007889 secs]
258,371: [GC (Allocation Failure)  107932K->87124K(141312K), 0,0013971 secs]
258,404: [GC (Allocation Failure)  113748K->82308K(141312K), 0,0058589 secs]
258,431: [GC (Allocation Failure)  108932K->88084K(141312K), 0,0026336 secs]
258,465: [GC (Allocation Failure)  114708K->83300K(141312K), 0,0018375 secs]
258,488: [GC (Allocation Failure)  109924K->89076K(140288K), 0,0045842 secs]
258,525: [GC (Allocation Failure)  114676K->83268K(140800K), 0,0018195 secs]
258,547: [GC (Allocation Failure)  108868K->88060K(140288K), 0,0014461 secs]
258,585: [GC (Allocation Failure)  113660K->82220K(140800K), 0,0044797 secs]
258,618: [GC (Allocation Failure)  107820K->87036K(141312K), 0,0050621 secs]
258,661: [GC (Allocation Failure)  113660K->82220K(141312K), 0,0017296 secs]
258,688: [GC (Allocation Failure)  108844K->88044K(141312K), 0,0029561 secs]
258,726: [GC (Allocation Failure)  114668K->83236K(141312K), 0,0042222 secs]
258,754: [GC (Allocation Failure)  109860K->89076K(140288K), 0,0072417 secs]
258,792: [GC (Allocation Failure)  114676K->83044K(140800K), 0,0018826 secs]
258,815: [GC (Allocation Failure)  108644K->87804K(140288K), 0,0022364 secs]
258,849: [GC (Allocation Failure)  113404K->81964K(140800K), 0,0013865 secs]
258,872: [GC (Allocation Failure)  107564K->86716K(141312K), 0,0012903 secs]
258,906: [GC (Allocation Failure)  113340K->81932K(141312K), 0,0015025 secs]
258,929: [GC (Allocation Failure)  108556K->87740K(141312K), 0,0014393 secs]
258,963: [GC (Allocation Failure)  114364K->82956K(141312K), 0,0015946 secs]
258,986: [GC (Allocation Failure)  109580K->88764K(140800K), 0,0023124 secs]
259,019: [GC (Allocation Failure)  115388K->83980K(141312K), 0,0016597 secs]
259,046: [GC (Allocation Failure)  110604K->89820K(139776K), 0,0055782 secs]
259,088: [GC (Allocation Failure)  115420K->83948K(140800K), 0,0039178 secs]
259,115: [GC (Allocation Failure)  109548K->88732K(140288K), 0,0022208 secs]
259,149: [GC (Allocation Failure)  114332K->82900K(140800K), 0,0034417 secs]
259,175: [GC (Allocation Failure)  108500K->87684K(141312K), 0,0020028 secs]
259,210: [GC (Allocation Failure)  113796K->82388K(140800K), 0,0012344 secs]
259,234: [GC (Allocation Failure)  108500K->87652K(141312K), 0,0020183 secs]
259,269: [GC (Allocation Failure)  114276K->82836K(141312K), 0,0045763 secs]
259,297: [GC (Allocation Failure)  109460K->88676K(140288K), 0,0021672 secs]
259,331: [GC (Allocation Failure)  114276K->82836K(140800K), 0,0013453 secs]
259,355: [GC (Allocation Failure)  108436K->87596K(141312K), 0,0036054 secs]
259,392: [GC (Allocation Failure)  114220K->82812K(141312K), 0,0031590 secs]
259,422: [GC (Allocation Failure)  109436K->88628K(141312K), 0,0080812 secs]
259,463: [GC (Allocation Failure)  115252K->83812K(141312K), 0,0010539 secs]
259,486: [GC (Allocation Failure)  110436K->89660K(140288K), 0,0025305 secs]
259,521: [GC (Allocation Failure)  115260K->83820K(140800K), 0,0010585 secs]
259,544: [GC (Allocation Failure)  109420K->88604K(140288K), 0,0021947 secs]
259,579: [GC (Allocation Failure)  114204K->82732K(140800K), 0,0019270 secs]
259,603: [GC (Allocation Failure)  108332K->87516K(141312K), 0,0026262 secs]
259,638: [GC (Allocation Failure)  114140K->82708K(141312K), 0,0021645 secs]
259,662: [GC (Allocation Failure)  109332K->88580K(141312K), 0,0015637 secs]
259,696: [GC (Allocation Failure)  115204K->83732K(141312K), 0,0020896 secs]
259,720: [GC (Allocation Failure)  110356K->89540K(140288K), 0,0026539 secs]
259,755: [GC (Allocation Failure)  115140K->83700K(140800K), 0,0024360 secs]
259,779: [GC (Allocation Failure)  109300K->88492K(140288K), 0,0016796 secs]
259,814: [GC (Allocation Failure)  114092K->82652K(140800K), 0,0020577 secs]
259,838: [GC (Allocation Failure)  108252K->87468K(141312K), 0,0028340 secs]
259,874: [GC (Allocation Failure)  114092K->82652K(141312K), 0,0032353 secs]
259,899: [GC (Allocation Failure)  109276K->88468K(141312K), 0,0017841 secs]
259,934: [GC (Allocation Failure)  115092K->83620K(141312K), 0,0036917 secs]
259,960: [GC (Allocation Failure)  110244K->89500K(139776K), 0,0017842 secs]
259,995: [GC (Allocation Failure)  115100K->83596K(140800K), 0,0022114 secs]
260,019: [GC (Allocation Failure)  109196K->88412K(141312K), 0,0030318 secs]
260,055: [GC (Allocation Failure)  115036K->83604K(141312K), 0,0024448 secs]
260,079: [GC (Allocation Failure)  110228K->89476K(140288K), 0,0018166 secs]
260,114: [GC (Allocation Failure)  115076K->83612K(140800K), 0,0022209 secs]
260,138: [GC (Allocation Failure)  109212K->88332K(141312K), 0,0028991 secs]
260,174: [GC (Allocation Failure)  114956K->83548K(141312K), 0,0023155 secs]
260,198: [GC (Allocation Failure)  110172K->89428K(140288K), 0,0018145 secs]
260,233: [GC (Allocation Failure)  115028K->83524K(140800K), 0,0035651 secs]
260,259: [GC (Allocation Failure)  109124K->88340K(141312K), 0,0027533 secs]
260,295: [GC (Allocation Failure)  114964K->83524K(141312K), 0,0063607 secs]
260,327: [GC (Allocation Failure)  110148K->89380K(140288K), 0,0043701 secs]
260,365: [GC (Allocation Failure)  114980K->83540K(140800K), 0,0017702 secs]
260,392: [GC (Allocation Failure)  109140K->88300K(141312K), 0,0028013 secs]
260,429: [GC (Allocation Failure)  114924K->83556K(141312K), 0,0013702 secs]
260,452: [GC (Allocation Failure)  110180K->89364K(141312K), 0,0016034 secs]
260,486: [GC (Allocation Failure)  115988K->84484K(141312K), 0,0019524 secs]
260,510: [GC (Allocation Failure)  111108K->90364K(140288K), 0,0018058 secs]
260,545: [GC (Allocation Failure)  115964K->84500K(140800K), 0,0014006 secs]
260,568: [GC (Allocation Failure)  110100K->89316K(140288K), 0,0018118 secs]
260,603: [GC (Allocation Failure)  114916K->83476K(140800K), 0,0010624 secs]
260,626: [GC (Allocation Failure)  109076K->88228K(141312K), 0,0051769 secs]
260,664: [GC (Allocation Failure)  114852K->83420K(141312K), 0,0046464 secs]
260,691: [GC (Allocation Failure)  110044K->89260K(141312K), 0,0017502 secs]
260,726: [GC (Allocation Failure)  115884K->84492K(141312K), 0,0011341 secs]
260,749: [GC (Allocation Failure)  111116K->90276K(140288K), 0,0027161 secs]
260,785: [GC (Allocation Failure)  115876K->84468K(140800K), 0,0012145 secs]
260,808: [GC (Allocation Failure)  110068K->89220K(140288K), 0,0075091 secs]
260,847: [GC (Allocation Failure)  114820K->83380K(140800K), 0,0008260 secs]
260,870: [GC (Allocation Failure)  108980K->88164K(141312K), 0,0029806 secs]
260,906: [GC (Allocation Failure)  114788K->83348K(141312K), 0,0017729 secs]
260,930: [GC (Allocation Failure)  109972K->89188K(141312K), 0,0015906 secs]
260,964: [GC (Allocation Failure)  115812K->84404K(141312K), 0,0009103 secs]
260,987: [GC (Allocation Failure)  111028K->90212K(139776K), 0,0017638 secs]
261,022: [GC (Allocation Failure)  115812K->84340K(140800K), 0,0008957 secs]
261,044: [GC (Allocation Failure)  109940K->89124K(141312K), 0,0018300 secs]
261,079: [GC (Allocation Failure)  115748K->84372K(141312K), 0,0009864 secs]
261,102: [GC (Allocation Failure)  110996K->90180K(140288K), 0,0017439 secs]
261,137: [GC (Allocation Failure)  115780K->84316K(140800K), 0,0017854 secs]
261,161: [GC (Allocation Failure)  109916K->89100K(141312K), 0,0016454 secs]
261,196: [GC (Allocation Failure)  115724K->84316K(141312K), 0,0009782 secs]
261,219: [GC (Allocation Failure)  110940K->90092K(140288K), 0,0032432 secs]
261,255: [GC (Allocation Failure)  115692K->84292K(140800K), 0,0011662 secs]
261,278: [GC (Allocation Failure)  109892K->89044K(141312K), 0,0017643 secs]
261,314: [GC (Allocation Failure)  115668K->84228K(141312K), 0,0050646 secs]
261,341: [GC (Allocation Failure)  110852K->90036K(140288K), 0,0035408 secs]
261,378: [GC (Allocation Failure)  115636K->84260K(140800K), 0,0010998 secs]
261,401: [GC (Allocation Failure)  109860K->89012K(141312K), 0,0039748 secs]
261,438: [GC (Allocation Failure)  115636K->84196K(141312K), 0,0010933 secs]
261,461: [GC (Allocation Failure)  110820K->90044K(141312K), 0,0019156 secs]
261,501: [GC (Allocation Failure)  116668K->85196K(141312K), 0,0056353 secs]
261,532: [GC (Allocation Failure)  111820K->91044K(140288K), 0,0043459 secs]
261,570: [GC (Allocation Failure)  116644K->85172K(140800K), 0,0065377 secs]
261,599: [GC (Allocation Failure)  110772K->89956K(140288K), 0,0031973 secs]
261,635: [GC (Allocation Failure)  115556K->84116K(140800K), 0,0008587 secs]
261,658: [GC (Allocation Failure)  109716K->88932K(141312K), 0,0015765 secs]
261,693: [GC (Allocation Failure)  115044K->83604K(140800K), 0,0064080 secs]
261,721: [GC (Allocation Failure)  109716K->88844K(141312K), 0,0026464 secs]
261,757: [GC (Allocation Failure)  115468K->84092K(141312K), 0,0010080 secs]
261,780: [GC (Allocation Failure)  110716K->89876K(140800K), 0,0047566 secs]
261,818: [GC (Allocation Failure)  116500K->85100K(141312K), 0,0022084 secs]
261,842: [GC (Allocation Failure)  111724K->90948K(139776K), 0,0041660 secs]
261,879: [GC (Allocation Failure)  116548K->85108K(140800K), 0,0010511 secs]
261,902: [GC (Allocation Failure)  110708K->89892K(141312K), 0,0016862 secs]
261,937: [GC (Allocation Failure)  116516K->85084K(141312K), 0,0022437 secs]
261,961: [GC (Allocation Failure)  111708K->90892K(140288K), 0,0038160 secs]
261,998: [GC (Allocation Failure)  116492K->85052K(140800K), 0,0042031 secs]
262,024: [GC (Allocation Failure)  110652K->89876K(140288K), 0,0017971 secs]
262,059: [GC (Allocation Failure)  115476K->84004K(140800K), 0,0034145 secs]
262,090: [GC (Allocation Failure)  109604K->88788K(141312K), 0,0046936 secs]
262,133: [GC (Allocation Failure)  115412K->83972K(141312K), 0,0072566 secs]
262,163: [GC (Allocation Failure)  110596K->89812K(141312K), 0,0021771 secs]
262,198: [GC (Allocation Failure)  116436K->84996K(141312K), 0,0009792 secs]
262,221: [GC (Allocation Failure)  111620K->90804K(139776K), 0,0023581 secs]
262,256: [GC (Allocation Failure)  116404K->84996K(140800K), 0,0012000 secs]
262,279: [GC (Allocation Failure)  110596K->89748K(141312K), 0,0015977 secs]
262,317: [GC (Allocation Failure)  116372K->84980K(141312K), 0,0034460 secs]
262,346: [GC (Allocation Failure)  111604K->90788K(140288K), 0,0029064 secs]
262,382: [GC (Allocation Failure)  116388K->84948K(140800K), 0,0031609 secs]
262,407: [GC (Allocation Failure)  110548K->89700K(141312K), 0,0034901 secs]
262,443: [GC (Allocation Failure)  116324K->84916K(141312K), 0,0009414 secs]
262,466: [GC (Allocation Failure)  111540K->90756K(140288K), 0,0028104 secs]
262,502: [GC (Allocation Failure)  116356K->84884K(140800K), 0,0030388 secs]
262,527: [GC (Allocation Failure)  110484K->89668K(141312K), 0,0016224 secs]
262,561: [GC (Allocation Failure)  116292K->84852K(141312K), 0,0039685 secs]
262,587: [GC (Allocation Failure)  111476K->90692K(141312K), 0,0017850 secs]
262,622: [GC (Allocation Failure)  117316K->85876K(141312K), 0,0032195 secs]
262,647: [GC (Allocation Failure)  112500K->91724K(140288K), 0,0017516 secs]
262,682: [GC (Allocation Failure)  117324K->85884K(140800K), 0,0011786 secs]
262,705: [GC (Allocation Failure)  111484K->90636K(140288K), 0,0036559 secs]
262,742: [GC (Allocation Failure)  116236K->84764K(140800K), 0,0009572 secs]
262,765: [GC (Allocation Failure)  110364K->89580K(141312K), 0,0015735 secs]
262,801: [GC (Allocation Failure)  115692K->84060K(140800K), 0,0132430 secs]
262,839: [GC (Allocation Failure)  110172K->89356K(141312K), 0,0023507 secs]
262,874: [GC (Allocation Failure)  115980K->84540K(141312K), 0,0014326 secs]
262,897: [GC (Allocation Failure)  111164K->90380K(141312K), 0,0028353 secs]
262,932: [GC (Allocation Failure)  117003K->85500K(141312K), 0,0015849 secs]
262,955: [GC (Allocation Failure)  112124K->91308K(139776K), 0,0015710 secs]
262,987: [GC (Allocation Failure)  116908K->85444K(140800K), 0,0025980 secs]
263,011: [GC (Allocation Failure)  111044K->90204K(141312K), 0,0022878 secs]
263,045: [GC (Allocation Failure)  116828K->85388K(141312K), 0,0010908 secs]
263,068: [GC (Allocation Failure)  112012K->91228K(140288K), 0,0042912 secs]
263,105: [GC (Allocation Failure)  116828K->85396K(140800K), 0,0028913 secs]
263,129: [GC (Allocation Failure)  110996K->90228K(141312K), 0,0013954 secs]
263,162: [GC (Allocation Failure)  116852K->85380K(141312K), 0,0015640 secs]
263,185: [GC (Allocation Failure)  112004K->91220K(140288K), 0,0014718 secs]
263,218: [GC (Allocation Failure)  116820K->85348K(140800K), 0,0019109 secs]
263,241: [GC (Allocation Failure)  110948K->90132K(141312K), 0,0013774 secs]
263,274: [GC (Allocation Failure)  116756K->85380K(141312K), 0,0018033 secs]
263,297: [GC (Allocation Failure)  112004K->91188K(140288K), 0,0024691 secs]
263,332: [GC (Allocation Failure)  116788K->85316K(140800K), 0,0012154 secs]
263,354: [GC (Allocation Failure)  110916K->90068K(141312K), 0,0028316 secs]
263,389: [GC (Allocation Failure)  116692K->85316K(141312K), 0,0032142 secs]
263,421: [GC (Allocation Failure)  111940K->91132K(141312K), 0,0051331 secs]
263,465: [GC (Allocation Failure)  117756K->86348K(141312K), 0,0033688 secs]
263,496: [GC (Allocation Failure)  112972K->92124K(140288K), 0,0030690 secs]
263,533: [GC (Allocation Failure)  117724K->86316K(140800K), 0,0044043 secs]
263,562: [GC (Allocation Failure)  111916K->91068K(140288K), 0,0051174 secs]
263,600: [GC (Allocation Failure)  116668K->85260K(140800K), 0,0012858 secs]
263,623: [GC (Allocation Failure)  110860K->90044K(141312K), 0,0022669 secs]
263,659: [GC (Allocation Failure)  116668K->85260K(141312K), 0,0012818 secs]
263,684: [GC (Allocation Failure)  111884K->91036K(141312K), 0,0020933 secs]
263,723: [GC (Allocation Failure)  117660K->86220K(141312K), 0,0034701 secs]
263,754: [GC (Allocation Failure)  112844K->92060K(140288K), 0,0035286 secs]
263,792: [GC (Allocation Failure)  117660K->86188K(140800K), 0,0019264 secs]
263,817: [GC (Allocation Failure)  111788K->91044K(140288K), 0,0037424 secs]
263,854: [GC (Allocation Failure)  116644K->85188K(140800K), 0,0014088 secs]
263,878: [GC (Allocation Failure)  110788K->89972K(141312K), 0,0020067 secs]
263,913: [GC (Allocation Failure)  116596K->85132K(141312K), 0,0028689 secs]
263,939: [GC (Allocation Failure)  111756K->90972K(141312K), 0,0021434 secs]
263,973: [GC (Allocation Failure)  117596K->86156K(141312K), 0,0013512 secs]
263,998: [GC (Allocation Failure)  112780K->91996K(140288K), 0,0022694 secs]
264,033: [GC (Allocation Failure)  117596K->86124K(140800K), 0,0031154 secs]
264,060: [GC (Allocation Failure)  111724K->90948K(141312K), 0,0047674 secs]
264,102: [GC (Allocation Failure)  117572K->86100K(141312K), 0,0074986 secs]
264,137: [GC (Allocation Failure)  112724K->91916K(140288K), 0,0042821 secs]
264,174: [GC (Allocation Failure)  117516K->86108K(140800K), 0,0013263 secs]
264,198: [GC (Allocation Failure)  111708K->90900K(141312K), 0,0020993 secs]
264,234: [GC (Allocation Failure)  117524K->86084K(141312K), 0,0040289 secs]
264,261: [GC (Allocation Failure)  112708K->91892K(140288K), 0,0042707 secs]
264,298: [GC (Allocation Failure)  117492K->86052K(140800K), 0,0050046 secs]
264,325: [GC (Allocation Failure)  111652K->90868K(141312K), 0,0019259 secs]
264,360: [GC (Allocation Failure)  117492K->86052K(141312K), 0,0023745 secs]
264,384: [GC (Allocation Failure)  112676K->91860K(140288K), 0,0018694 secs]
264,419: [GC (Allocation Failure)  117460K->86020K(140800K), 0,0022612 secs]
264,443: [GC (Allocation Failure)  111620K->90804K(141312K), 0,0017310 secs]
264,482: [GC (Allocation Failure)  117428K->85988K(141312K), 0,0054413 secs]
264,512: [GC (Allocation Failure)  112612K->91796K(140288K), 0,0022317 secs]
264,546: [GC (Allocation Failure)  117396K->85956K(140800K), 0,0012834 secs]
264,570: [GC (Allocation Failure)  111556K->90740K(141312K), 0,0031097 secs]
264,606: [GC (Allocation Failure)  117364K->85956K(141312K), 0,0075153 secs]
264,636: [GC (Allocation Failure)  112580K->91732K(141312K), 0,0017754 secs]
264,671: [GC (Allocation Failure)  118356K->86916K(141312K), 0,0064028 secs]
264,699: [GC (Allocation Failure)  113540K->92764K(140288K), 0,0019774 secs]
264,734: [GC (Allocation Failure)  118364K->86932K(140800K), 0,0024917 secs]
264,758: [GC (Allocation Failure)  112532K->91756K(140288K), 0,0018169 secs]
264,793: [GC (Allocation Failure)  117356K->85892K(140800K), 0,0045193 secs]
264,819: [GC (Allocation Failure)  111492K->90676K(141312K), 0,0018267 secs]
264,854: [GC (Allocation Failure)  117300K->85892K(141312K), 0,0010924 secs]
264,877: [GC (Allocation Failure)  112516K->91700K(141312K), 0,0038231 secs]
264,914: [GC (Allocation Failure)  118324K->86892K(141312K), 0,0013232 secs]
264,938: [GC (Allocation Failure)  113516K->92732K(140288K), 0,0021778 secs]
264,972: [GC (Allocation Failure)  118332K->86860K(140800K), 0,0031573 secs]
264,997: [GC (Allocation Failure)  112460K->91644K(140288K), 0,0034581 secs]
265,034: [GC (Allocation Failure)  117244K->85772K(140800K), 0,0035807 secs]
265,061: [GC (Allocation Failure)  111372K->90564K(141312K), 0,0060344 secs]
265,105: [GC (Allocation Failure)  117188K->85780K(141312K), 0,0031950 secs]
265,137: [GC (Allocation Failure)  112404K->91620K(141312K), 0,0041840 secs]
265,176: [GC (Allocation Failure)  118244K->86804K(141312K), 0,0020165 secs]
265,203: [GC (Allocation Failure)  113428K->92612K(139776K), 0,0029601 secs]
265,240: [GC (Allocation Failure)  118212K->86772K(140800K), 0,0020229 secs]
265,266: [GC (Allocation Failure)  112372K->91556K(141312K), 0,0028500 secs]
265,303: [GC (Allocation Failure)  118180K->86772K(141312K), 0,0020449 secs]
265,329: [GC (Allocation Failure)  113396K->92556K(140288K), 0,0038350 secs]
265,367: [GC (Allocation Failure)  118156K->86716K(140800K), 0,0019818 secs]
265,394: [GC (Allocation Failure)  112316K->91500K(141312K), 0,0034792 secs]
265,432: [GC (Allocation Failure)  118124K->86716K(141312K), 0,0019231 secs]
265,459: [GC (Allocation Failure)  113340K->92532K(140288K), 0,0029763 secs]
265,496: [GC (Allocation Failure)  118132K->86692K(140800K), 0,0013900 secs]
265,520: [GC (Allocation Failure)  112292K->91476K(141312K), 0,0020370 secs]
265,555: [GC (Allocation Failure)  118100K->86692K(141312K), 0,0015486 secs]
265,580: [GC (Allocation Failure)  113316K->92468K(140288K), 0,0023955 secs]
265,615: [GC (Allocation Failure)  118068K->86636K(140800K), 0,0028871 secs]
265,640: [GC (Allocation Failure)  112236K->91420K(141312K), 0,0020771 secs]
265,675: [GC (Allocation Failure)  118044K->86636K(141312K), 0,0013689 secs]
265,700: [GC (Allocation Failure)  113260K->92444K(141312K), 0,0022069 secs]
265,735: [GC (Allocation Failure)  119068K->87628K(141312K), 0,0015752 secs]
265,760: [GC (Allocation Failure)  114252K->93468K(140288K), 0,0023789 secs]
265,795: [GC (Allocation Failure)  119068K->87596K(140800K), 0,0022854 secs]
265,821: [GC (Allocation Failure)  113196K->92412K(140288K), 0,0022693 secs]
265,856: [GC (Allocation Failure)  118012K->86588K(140800K), 0,0015340 secs]
265,880: [GC (Allocation Failure)  112188K->91340K(141312K), 0,0020399 secs]
265,915: [GC (Allocation Failure)  117452K->85980K(140800K), 0,0034262 secs]
265,941: [GC (Allocation Failure)  112092K->91308K(141312K), 0,0082455 secs]
265,983: [GC (Allocation Failure)  117932K->86492K(141312K), 0,0051957 secs]
266,010: [GC (Allocation Failure)  113116K->92340K(141312K), 0,0018216 secs]
266,049: [GC (Allocation Failure)  118964K->87524K(141312K), 0,0033931 secs]
266,081: [GC (Allocation Failure)  114148K->93332K(139776K), 0,0074557 secs]
266,121: [GC (Allocation Failure)  118932K->87524K(140800K), 0,0011333 secs]
266,144: [GC (Allocation Failure)  113124K->92276K(141312K), 0,0049044 secs]
266,182: [GC (Allocation Failure)  118900K->87460K(141312K), 0,0034529 secs]
266,207: [GC (Allocation Failure)  114084K->93300K(140288K), 0,0021113 secs]
266,242: [GC (Allocation Failure)  118900K->87428K(140800K), 0,0011011 secs]
266,265: [GC (Allocation Failure)  113028K->92276K(140288K), 0,0017802 secs]
266,300: [GC (Allocation Failure)  117876K->86372K(140800K), 0,0032518 secs]
266,329: [GC (Allocation Failure)  111972K->91156K(141312K), 0,0066360 secs]
266,369: [GC (Allocation Failure)  117780K->86404K(141312K), 0,0019172 secs]
266,393: [GC (Allocation Failure)  113028K->92180K(141312K), 0,0015112 secs]
266,427: [GC (Allocation Failure)  118804K->87396K(141312K), 0,0054822 secs]
266,456: [GC (Allocation Failure)  114020K->93236K(139776K), 0,0048939 secs]
266,495: [GC (Allocation Failure)  118836K->87364K(140800K), 0,0071815 secs]
266,524: [GC (Allocation Failure)  112964K->92148K(141312K), 0,0026340 secs]
266,559: [GC (Allocation Failure)  118772K->87332K(141312K), 0,0035119 secs]
266,591: [GC (Allocation Failure)  113956K->93172K(140288K), 0,0046564 secs]
266,630: [GC (Allocation Failure)  118772K->87300K(140800K), 0,0013157 secs]
266,654: [GC (Allocation Failure)  112900K->92092K(141312K), 0,0037678 secs]
266,691: [GC (Allocation Failure)  118716K->87276K(141312K), 0,0025837 secs]
266,717: [GC (Allocation Failure)  113900K->93092K(140288K), 0,0048576 secs]
266,757: [GC (Allocation Failure)  118692K->87316K(140800K), 0,0031117 secs]
266,783: [GC (Allocation Failure)  112916K->91844K(141312K), 0,0016971 secs]
266,815: [GC (Allocation Failure)  118468K->87060K(141312K), 0,0082654 secs]
266,844: [GC (Allocation Failure)  113684K->92868K(140800K), 0,0014169 secs]
266,876: [GC (Allocation Failure)  119492K->88052K(141312K), 0,0008430 secs]
266,898: [GC (Allocation Failure)  114676K->93836K(139776K), 0,0022591 secs]
266,932: [GC (Allocation Failure)  119436K->88028K(140800K), 0,0008386 secs]
266,955: [GC (Allocation Failure)  113628K->92748K(141312K), 0,0016848 secs]
266,988: [GC (Allocation Failure)  119372K->87932K(141312K), 0,0019452 secs]
267,011: [GC (Allocation Failure)  114556K->93772K(140288K), 0,0027186 secs]
267,047: [GC (Allocation Failure)  119372K->87964K(140800K), 0,0019134 secs]
267,075: [GC (Allocation Failure)  113564K->92716K(140288K), 0,0048014 secs]
267,117: [GC (Allocation Failure)  118316K->86852K(140800K), 0,0032475 secs]
267,149: [GC (Allocation Failure)  112452K->91668K(141312K), 0,0043921 secs]
267,191: [GC (Allocation Failure)  118292K->86852K(141312K), 0,0030484 secs]
267,223: [GC (Allocation Failure)  113476K->92660K(141312K), 0,0048227 secs]
267,262: [GC (Allocation Failure)  119284K->87884K(141312K), 0,0029778 secs]
267,288: [GC (Allocation Failure)  114508K->93700K(139776K), 0,0045344 secs]
267,325: [GC (Allocation Failure)  119300K->87860K(140800K), 0,0026560 secs]
267,350: [GC (Allocation Failure)  113460K->92652K(141312K), 0,0021638 secs]
267,385: [GC (Allocation Failure)  119276K->87836K(141312K), 0,0014098 secs]
267,410: [GC (Allocation Failure)  114460K->93676K(140288K), 0,0023597 secs]
267,449: [GC (Allocation Failure)  119276K->87836K(140800K), 0,0067933 secs]
267,481: [GC (Allocation Failure)  113436K->92588K(141312K), 0,0051335 secs]
267,521: [GC (Allocation Failure)  119212K->87836K(141312K), 0,0060065 secs]
267,552: [GC (Allocation Failure)  114460K->93580K(140288K), 0,0046752 secs]
267,589: [GC (Allocation Failure)  119180K->87748K(140800K), 0,0034541 secs]
267,615: [GC (Allocation Failure)  113348K->92572K(141312K), 0,0036544 secs]
267,652: [GC (Allocation Failure)  119196K->87756K(141312K), 0,0038873 secs]
267,679: [GC (Allocation Failure)  114380K->93564K(141312K), 0,0021416 secs]
267,713: [GC (Allocation Failure)  120188K->88788K(141312K), 0,0045588 secs]
267,741: [GC (Allocation Failure)  115412K->94604K(140288K), 0,0023737 secs]
267,776: [GC (Allocation Failure)  120204K->88772K(140800K), 0,0044455 secs]
267,807: [GC (Allocation Failure)  114372K->93556K(140288K), 0,0044044 secs]
267,844: [GC (Allocation Failure)  119156K->87748K(140800K), 0,0019217 secs]
267,870: [GC (Allocation Failure)  113348K->92500K(141312K), 0,0052008 secs]
267,908: [GC (Allocation Failure)  118612K->87140K(140800K), 0,0050338 secs]
267,935: [GC (Allocation Failure)  113252K->92436K(141312K), 0,0017226 secs]
267,967: [GC (Allocation Failure)  119060K->87652K(141312K), 0,0016469 secs]
267,990: [GC (Allocation Failure)  114276K->93492K(141312K), 0,0035044 secs]
268,026: [GC (Allocation Failure)  120116K->88676K(141312K), 0,0008857 secs]
268,049: [GC (Allocation Failure)  115300K->94516K(139776K), 0,0015850 secs]
268,083: [GC (Allocation Failure)  120116K->88684K(140800K), 0,0008543 secs]
268,105: [GC (Allocation Failure)  114284K->93404K(140288K), 0,0021666 secs]
268,139: [GC (Allocation Failure)  119004K->87596K(140800K), 0,0014833 secs]
268,161: [GC (Allocation Failure)  113196K->92348K(141312K), 0,0027004 secs]
268,196: [GC (Allocation Failure)  118972K->87564K(141312K), 0,0008750 secs]
268,219: [GC (Allocation Failure)  114188K->93372K(141312K), 0,0023345 secs]
268,253: [GC (Allocation Failure)  119996K->88604K(141312K), 0,0009112 secs]
268,276: [GC (Allocation Failure)  115228K->94380K(139776K), 0,0016024 secs]
268,309: [GC (Allocation Failure)  119980K->88572K(140800K), 0,0008422 secs]
268,331: [GC (Allocation Failure)  114172K->93388K(141312K), 0,0016263 secs]
268,365: [GC (Allocation Failure)  120012K->88540K(141312K), 0,0023846 secs]
268,389: [GC (Allocation Failure)  115164K->94380K(140288K), 0,0035749 secs]
268,425: [GC (Allocation Failure)  119980K->88540K(140800K), 0,0009543 secs]
268,448: [GC (Allocation Failure)  114140K->93364K(141312K), 0,0016736 secs]
268,482: [GC (Allocation Failure)  119988K->88484K(141312K), 0,0015787 secs]
268,505: [GC (Allocation Failure)  115108K->94324K(140288K), 0,0026863 secs]
268,541: [GC (Allocation Failure)  119924K->88484K(140800K), 0,0048760 secs]
268,567: [GC (Allocation Failure)  114084K->93268K(141312K), 0,0025179 secs]
268,602: [GC (Allocation Failure)  119892K->88428K(141312K), 0,0015259 secs]
268,625: [GC (Allocation Failure)  115052K->94268K(140288K), 0,0022479 secs]
268,660: [GC (Allocation Failure)  119868K->88428K(140800K), 0,0009315 secs]
268,682: [GC (Allocation Failure)  114028K->93244K(141312K), 0,0014397 secs]
268,714: [GC (Allocation Failure)  119868K->88428K(141312K), 0,0078166 secs]
268,747: [GC (Allocation Failure)  115052K->94236K(140288K), 0,0037261 secs]
268,783: [GC (Allocation Failure)  119836K->88396K(140800K), 0,0010785 secs]
268,806: [GC (Allocation Failure)  113996K->93148K(141312K), 0,0029950 secs]
268,842: [GC (Allocation Failure)  119772K->88364K(141312K), 0,0024212 secs]
268,866: [GC (Allocation Failure)  114988K->94204K(141312K), 0,0026472 secs]
268,902: [GC (Allocation Failure)  120828K->89356K(141312K), 0,0049174 secs]
268,929: [GC (Allocation Failure)  115980K->95164K(140288K), 0,0039826 secs]
268,966: [GC (Allocation Failure)  120764K->89356K(140800K), 0,0024049 secs]
268,990: [GC (Allocation Failure)  114956K->94108K(140288K), 0,0029725 secs]
269,026: [GC (Allocation Failure)  119708K->88300K(140800K), 0,0011441 secs]
269,049: [GC (Allocation Failure)  113900K->93084K(141312K), 0,0016092 secs]
269,084: [GC (Allocation Failure)  119708K->88276K(141312K), 0,0011668 secs]
269,107: [GC (Allocation Failure)  114900K->94116K(141312K), 0,0019120 secs]
269,142: [GC (Allocation Failure)  120740K->89300K(141312K), 0,0011215 secs]
269,165: [GC (Allocation Failure)  115924K->95108K(140288K), 0,0018737 secs]
269,200: [GC (Allocation Failure)  120708K->89268K(140800K), 0,0013486 secs]
269,228: [GC (Allocation Failure)  114868K->94020K(140288K), 0,0096816 secs]
269,271: [GC (Allocation Failure)  119620K->88180K(140800K), 0,0023465 secs]
269,295: [GC (Allocation Failure)  113780K->93004K(141312K), 0,0016254 secs]
269,330: [GC (Allocation Failure)  119628K->88188K(141312K), 0,0034351 secs]
269,355: [GC (Allocation Failure)  114812K->93996K(141312K), 0,0018994 secs]
269,390: [GC (Allocation Failure)  120620K->89220K(141312K), 0,0011764 secs]
269,413: [GC (Allocation Failure)  115844K->94996K(139776K), 0,0018839 secs]
269,453: [GC (Allocation Failure)  120596K->89188K(140800K), 0,0036454 secs]
269,484: [GC (Allocation Failure)  114788K->93972K(141312K), 0,0033491 secs]
269,521: [GC (Allocation Failure)  120596K->89156K(141312K), 0,0041851 secs]
269,550: [GC (Allocation Failure)  115780K->94972K(140288K), 0,0029859 secs]
269,587: [GC (Allocation Failure)  120572K->89164K(140800K), 0,0019170 secs]
269,614: [GC (Allocation Failure)  114764K->93916K(141312K), 0,0056584 secs]
269,654: [GC (Allocation Failure)  120540K->89132K(141312K), 0,0019810 secs]
269,681: [GC (Allocation Failure)  115756K->94940K(140288K), 0,0046163 secs]
269,721: [GC (Allocation Failure)  120540K->89100K(140800K), 0,0018465 secs]
269,748: [GC (Allocation Failure)  114700K->93884K(141312K), 0,0029075 secs]
269,785: [GC (Allocation Failure)  120508K->89036K(141312K), 0,0047903 secs]
269,815: [GC (Allocation Failure)  115660K->94844K(140288K), 0,0052875 secs]
269,853: [GC (Allocation Failure)  120444K->89044K(140800K), 0,0029410 secs]
269,878: [GC (Allocation Failure)  114644K->93804K(141312K), 0,0032762 secs]
269,915: [GC (Allocation Failure)  120428K->89052K(141312K), 0,0031545 secs]
269,941: [GC (Allocation Failure)  115676K->94868K(141312K), 0,0021797 secs]
269,975: [GC (Allocation Failure)  121492K->90052K(141312K), 0,0015042 secs]
270,000: [GC (Allocation Failure)  116676K->95868K(140288K), 0,0041672 secs]
270,042: [GC (Allocation Failure)  121468K->89996K(140800K), 0,0036442 secs]
270,073: [GC (Allocation Failure)  115596K->94812K(140288K), 0,0060907 secs]
270,112: [GC (Allocation Failure)  120412K->88940K(140800K), 0,0010594 secs]
270,135: [GC (Allocation Failure)  114540K->93724K(141312K), 0,0019015 secs]
270,170: [GC (Allocation Failure)  119836K->88396K(140800K), 0,0009862 secs]
270,193: [GC (Allocation Failure)  114508K->93692K(141312K), 0,0036885 secs]
270,230: [GC (Allocation Failure)  120316K->88916K(141312K), 0,0010005 secs]
270,253: [GC (Allocation Failure)  115540K->94756K(141312K), 0,0030098 secs]
270,289: [GC (Allocation Failure)  121380K->89940K(141312K), 0,0011853 secs]
270,312: [GC (Allocation Failure)  116564K->95716K(139776K), 0,0049271 secs]
270,350: [GC (Allocation Failure)  121316K->89908K(140800K), 0,0034344 secs]
270,375: [GC (Allocation Failure)  115508K->94660K(141312K), 0,0017105 secs]
270,410: [GC (Allocation Failure)  121284K->89876K(141312K), 0,0023705 secs]
270,434: [GC (Allocation Failure)  116500K->95684K(140288K), 0,0018921 secs]
270,469: [GC (Allocation Failure)  121284K->89852K(140800K), 0,0027531 secs]
270,494: [GC (Allocation Failure)  115452K->94636K(140288K), 0,0017995 secs]
270,529: [GC (Allocation Failure)  120236K->88828K(140800K), 0,0009976 secs]
270,552: [GC (Allocation Failure)  114428K->93580K(141312K), 0,0016164 secs]
270,591: [GC (Allocation Failure)  120204K->88764K(141312K), 0,0072314 secs]
270,627: [GC (Allocation Failure)  115388K->94636K(141312K), 0,0043258 secs]
270,664: [GC (Allocation Failure)  121260K->89788K(141312K), 0,0020015 secs]
270,691: [GC (Allocation Failure)  116412K->95604K(139776K), 0,0051745 secs]
270,729: [GC (Allocation Failure)  121204K->89764K(140800K), 0,0033491 secs]
270,756: [GC (Allocation Failure)  115364K->94580K(141312K), 0,0020324 secs]
270,790: [GC (Allocation Failure)  121204K->89572K(141312K), 0,0023888 secs]
270,814: [GC (Allocation Failure)  116196K->95380K(140288K), 0,0027654 secs]
270,849: [GC (Allocation Failure)  120980K->89540K(140800K), 0,0008023 secs]
270,871: [GC (Allocation Failure)  115140K->94324K(141312K), 0,0014545 secs]
270,904: [GC (Allocation Failure)  120948K->89508K(141312K), 0,0015913 secs]
270,927: [GC (Allocation Failure)  116132K->95324K(141312K), 0,0016020 secs]
270,961: [GC (Allocation Failure)  121948K->90564K(141312K), 0,0009636 secs]
270,984: [GC (Allocation Failure)  117188K->96372K(140288K), 0,0023691 secs]
271,018: [GC (Allocation Failure)  121972K->90532K(140800K), 0,0016331 secs]
271,041: [GC (Allocation Failure)  116132K->95284K(140288K), 0,0049033 secs]
271,078: [GC (Allocation Failure)  120884K->89444K(140800K), 0,0025032 secs]
271,101: [GC (Allocation Failure)  115044K->94260K(141312K), 0,0014349 secs]
271,134: [GC (Allocation Failure)  120884K->89444K(141312K), 0,0006966 secs]
271,156: [GC (Allocation Failure)  116068K->95284K(141312K), 0,0067025 secs]
271,194: [GC (Allocation Failure)  121908K->90468K(141312K), 0,0019447 secs]
271,217: [GC (Allocation Failure)  117092K->96276K(140288K), 0,0023413 secs]
271,252: [GC (Allocation Failure)  121876K->90436K(140800K), 0,0009369 secs]
271,275: [GC (Allocation Failure)  116036K->95228K(140288K), 0,0014891 secs]
271,308: [GC (Allocation Failure)  120828K->89356K(140800K), 0,0054431 secs]
271,334: [GC (Allocation Failure)  114956K->94180K(141312K), 0,0014154 secs]
271,367: [GC (Allocation Failure)  120804K->89372K(141312K), 0,0009268 secs]
271,390: [GC (Allocation Failure)  115996K->95148K(141312K), 0,0022220 secs]
271,425: [GC (Allocation Failure)  121772K->90364K(141312K), 0,0008618 secs]
271,447: [GC (Allocation Failure)  116988K->96212K(139776K), 0,0022640 secs]
271,480: [GC (Allocation Failure)  121812K->90372K(140800K), 0,0008103 secs]
271,503: [GC (Allocation Failure)  115972K->95124K(141312K), 0,0015476 secs]
271,536: [GC (Allocation Failure)  121748K->90348K(141312K), 0,0010504 secs]
271,561: [GC (Allocation Failure)  116972K->96156K(140288K), 0,0059750 secs]
271,604: [GC (Allocation Failure)  121756K->90316K(140800K), 0,0071518 secs]
271,635: [GC (Allocation Failure)  115916K->95100K(141312K), 0,0027624 secs]
271,673: [GC (Allocation Failure)  121724K->90316K(141312K), 0,0019553 secs]
271,701: [GC (Allocation Failure)  116940K->96124K(140288K), 0,0022720 secs]
271,736: [GC (Allocation Failure)  121724K->90284K(140800K), 0,0011549 secs]
271,759: [GC (Allocation Failure)  115884K->95068K(141312K), 0,0018641 secs]
271,794: [GC (Allocation Failure)  121692K->90252K(141312K), 0,0022374 secs]
271,818: [GC (Allocation Failure)  116876K->96092K(140288K), 0,0018856 secs]
271,853: [GC (Allocation Failure)  121692K->90252K(140800K), 0,0010545 secs]
271,876: [GC (Allocation Failure)  115852K->95004K(141312K), 0,0016935 secs]
271,911: [GC (Allocation Failure)  121628K->90220K(141312K), 0,0011063 secs]
271,934: [GC (Allocation Failure)  116844K->96060K(140288K), 0,0031442 secs]
271,972: [GC (Allocation Failure)  121660K->90188K(140800K), 0,0031390 secs]
272,001: [GC (Allocation Failure)  115788K->94948K(141312K), 0,0029377 secs]
272,038: [GC (Allocation Failure)  121572K->90196K(141312K), 0,0008831 secs]
272,061: [GC (Allocation Failure)  116820K->95972K(141312K), 0,0015564 secs]
272,094: [GC (Allocation Failure)  122596K->91156K(141312K), 0,0008520 secs]
272,120: [GC (Allocation Failure)  117780K->96964K(140288K), 0,0052416 secs]
272,159: [GC (Allocation Failure)  122564K->91156K(140800K), 0,0016862 secs]
272,186: [GC (Allocation Failure)  116756K->95908K(140288K), 0,0022213 secs]
272,221: [GC (Allocation Failure)  121508K->90076K(140800K), 0,0050299 secs]
272,248: [GC (Allocation Failure)  115676K->94860K(141312K), 0,0022697 secs]
272,284: [GC (Allocation Failure)  121484K->90044K(141312K), 0,0039710 secs]
272,313: [GC (Allocation Failure)  116668K->95892K(141312K), 0,0039254 secs]
272,350: [GC (Allocation Failure)  122516K->91076K(141312K), 0,0043743 secs]
272,379: [GC (Allocation Failure)  117700K->96892K(140288K), 0,0036712 secs]
272,415: [GC (Allocation Failure)  122492K->91116K(140800K), 0,0011081 secs]
272,441: [GC (Allocation Failure)  116716K->95876K(140288K), 0,0020960 secs]
272,478: [GC (Allocation Failure)  121476K->90004K(140800K), 0,0077924 secs]
272,514: [GC (Allocation Failure)  115604K->94788K(141312K), 0,0053956 secs]
272,553: [GC (Allocation Failure)  121412K->90020K(141312K), 0,0010337 secs]
272,575: [GC (Allocation Failure)  116644K->95836K(141312K), 0,0015091 secs]
272,613: [GC (Allocation Failure)  122460K->91020K(141312K), 0,0030950 secs]
272,639: [GC (Allocation Failure)  117644K->96860K(139776K), 0,0020374 secs]
272,675: [GC (Allocation Failure)  122460K->91020K(140800K), 0,0018938 secs]
272,701: [GC (Allocation Failure)  116620K->95820K(141312K), 0,0028408 secs]
272,741: [GC (Allocation Failure)  122444K->90972K(141312K), 0,0045005 secs]
272,773: [GC (Allocation Failure)  117596K->96820K(140288K), 0,0038403 secs]
272,810: [GC (Allocation Failure)  122420K->90980K(140800K), 0,0041467 secs]
272,840: [GC (Allocation Failure)  116580K->95764K(141312K), 0,0049815 secs]
272,882: [GC (Allocation Failure)  122388K->90948K(141312K), 0,0039092 secs]
272,914: [GC (Allocation Failure)  117572K->96756K(140288K), 0,0051381 secs]
272,956: [GC (Allocation Failure)  122356K->90948K(140800K), 0,0018860 secs]
272,985: [GC (Allocation Failure)  116548K->95700K(141312K), 0,0051265 secs]
273,023: [GC (Allocation Failure)  122324K->90916K(141312K), 0,0014138 secs]
273,048: [GC (Allocation Failure)  117540K->96692K(140288K), 0,0022397 secs]
273,082: [GC (Allocation Failure)  122292K->90884K(140800K), 0,0062506 secs]
273,115: [GC (Allocation Failure)  116484K->95668K(141312K), 0,0102637 secs]
273,163: [GC (Allocation Failure)  122292K->90820K(141312K), 0,0031808 secs]
273,195: [GC (Allocation Failure)  117444K->96668K(141312K), 0,0050553 secs]
273,237: [GC (Allocation Failure)  123292K->91852K(141312K), 0,0036282 secs]
273,264: [GC (Allocation Failure)  118476K->97660K(140288K), 0,0042253 secs]
273,301: [GC (Allocation Failure)  123260K->91852K(140800K), 0,0031740 secs]
273,326: [GC (Allocation Failure)  117452K->96572K(140288K), 0,0027188 secs]
273,359: [GC (Allocation Failure)  122172K->90764K(140800K), 0,0024059 secs]
273,382: [GC (Allocation Failure)  116364K->95548K(141312K), 0,0028378 secs]
273,416: [GC (Allocation Failure)  122172K->90764K(141312K), 0,0010729 secs]
273,439: [GC (Allocation Failure)  117388K->96580K(141312K), 0,0014872 secs]
273,473: [GC (Allocation Failure)  123204K->91764K(141312K), 0,0013883 secs]
273,496: [GC (Allocation Failure)  118388K->97572K(140288K), 0,0024531 secs]
273,529: [GC (Allocation Failure)  123172K->91740K(140800K), 0,0045797 secs]
273,559: [GC (Allocation Failure)  117340K->96556K(140288K), 0,0036374 secs]
273,595: [GC (Allocation Failure)  122156K->90724K(140800K), 0,0012607 secs]
273,618: [GC (Allocation Failure)  116324K->95516K(141312K), 0,0023171 secs]
273,653: [GC (Allocation Failure)  122140K->90668K(141312K), 0,0044286 secs]
273,680: [GC (Allocation Failure)  117292K->96476K(141312K), 0,0024516 secs]
273,716: [GC (Allocation Failure)  123100K->91732K(141312K), 0,0014595 secs]
273,741: [GC (Allocation Failure)  118356K->97516K(139776K), 0,0022796 secs]
273,776: [GC (Allocation Failure)  123116K->91676K(140800K), 0,0043802 secs]
273,804: [GC (Allocation Failure)  117276K->96492K(141312K), 0,0022167 secs]
273,839: [GC (Allocation Failure)  123116K->91684K(141312K), 0,0014636 secs]
273,864: [GC (Allocation Failure)  118308K->97500K(140288K), 0,0023030 secs]
273,899: [GC (Allocation Failure)  123100K->91660K(140800K), 0,0014692 secs]
273,924: [GC (Allocation Failure)  117260K->96476K(141312K), 0,0021717 secs]
273,959: [GC (Allocation Failure)  123100K->91628K(141312K), 0,0025532 secs]
273,985: [GC (Allocation Failure)  118252K->97436K(140288K), 0,0038196 secs]
274,021: [GC (Allocation Failure)  123036K->91596K(140800K), 0,0029837 secs]
274,046: [GC (Allocation Failure)  117196K->96380K(141312K), 0,0035693 secs]
274,083: [GC (Allocation Failure)  123004K->91596K(141312K), 0,0047000 secs]
274,111: [GC (Allocation Failure)  118220K->97404K(140288K), 0,0023991 secs]
274,146: [GC (Allocation Failure)  123004K->91564K(140800K), 0,0013227 secs]
274,170: [GC (Allocation Failure)  117164K->96356K(141312K), 0,0020792 secs]
274,205: [GC (Allocation Failure)  122980K->91580K(141312K), 0,0014405 secs]
274,230: [GC (Allocation Failure)  118204K->97356K(140288K), 0,0022647 secs]
274,265: [GC (Allocation Failure)  122956K->91516K(140800K), 0,0029612 secs]
274,290: [GC (Allocation Failure)  117116K->96300K(141312K), 0,0020341 secs]
274,325: [GC (Allocation Failure)  122924K->91516K(141312K), 0,0014280 secs]
274,350: [GC (Allocation Failure)  118140K->97324K(141312K), 0,0023932 secs]
274,385: [GC (Allocation Failure)  123948K->92516K(141312K), 0,0044199 secs]
274,413: [GC (Allocation Failure)  119140K->98356K(140288K), 0,0023012 secs]
274,448: [GC (Allocation Failure)  123956K->92484K(140800K), 0,0035450 secs]
274,475: [GC (Allocation Failure)  118084K->97268K(140288K), 0,0022244 secs]
274,510: [GC (Allocation Failure)  122868K->91460K(140800K), 0,0013793 secs]
274,534: [GC (Allocation Failure)  117060K->96212K(141312K), 0,0042644 secs]
274,572: [GC (Allocation Failure)  122836K->91428K(141312K), 0,0013541 secs]
274,597: [GC (Allocation Failure)  118052K->97204K(141312K), 0,0042404 secs]
274,633: [GC (Allocation Failure)  123828K->92420K(141312K), 0,0030484 secs]
274,659: [GC (Allocation Failure)  119044K->98228K(140288K), 0,0023500 secs]
274,694: [GC (Allocation Failure)  123828K->92420K(140800K), 0,0015618 secs]
274,719: [GC (Allocation Failure)  118020K->97172K(140288K), 0,0043050 secs]
274,756: [GC (Allocation Failure)  122772K->91332K(140800K), 0,0013423 secs]
274,780: [GC (Allocation Failure)  116932K->95956K(141312K), 0,0020036 secs]
274,819: [GC (Allocation Failure)  122580K->91148K(141312K), 0,0044222 secs]
274,846: [GC (Allocation Failure)  117772K->96924K(141312K), 0,0024719 secs]
274,880: [GC (Allocation Failure)  123548K->92140K(141312K), 0,0009058 secs]
274,903: [GC (Allocation Failure)  118764K->97916K(140800K), 0,0014995 secs]
274,936: [GC (Allocation Failure)  124540K->93068K(141312K), 0,0017415 secs]
274,959: [GC (Allocation Failure)  119692K->98908K(139776K), 0,0045323 secs]
274,995: [GC (Allocation Failure)  124508K->93076K(140800K), 0,0022986 secs]
275,018: [GC (Allocation Failure)  118676K->97860K(140288K), 0,0023823 secs]
275,052: [GC (Allocation Failure)  123460K->92052K(140800K), 0,0007940 secs]
275,074: [GC (Allocation Failure)  117652K->96804K(141312K), 0,0021811 secs]
275,108: [GC (Allocation Failure)  123428K->91988K(141312K), 0,0016350 secs]
275,130: [GC (Allocation Failure)  118612K->97828K(140288K), 0,0014891 secs]
275,164: [GC (Allocation Failure)  123428K->91956K(140800K), 0,0008227 secs]
275,186: [GC (Allocation Failure)  117556K->96772K(141312K), 0,0014616 secs]
275,220: [GC (Allocation Failure)  123396K->91924K(141312K), 0,0024320 secs]
275,244: [GC (Allocation Failure)  118548K->97732K(141312K), 0,0025536 secs]
275,278: [GC (Allocation Failure)  124356K->92988K(141312K), 0,0010004 secs]
275,301: [GC (Allocation Failure)  119612K->98764K(140288K), 0,0017536 secs]
275,335: [GC (Allocation Failure)  124364K->92956K(140800K), 0,0010674 secs]
275,358: [GC (Allocation Failure)  118556K->97708K(140288K), 0,0055532 secs]
275,396: [GC (Allocation Failure)  123308K->91908K(140800K), 0,0009462 secs]
275,419: [GC (Allocation Failure)  117508K->96660K(141312K), 0,0018912 secs]
275,458: [GC (Allocation Failure)  123284K->91908K(141312K), 0,0026010 secs]
275,485: [GC (Allocation Failure)  118532K->97724K(141312K), 0,0050350 secs]
275,525: [GC (Allocation Failure)  124348K->92908K(141312K), 0,0019358 secs]
275,551: [GC (Allocation Failure)  119532K->98716K(140288K), 0,0031802 secs]
275,588: [GC (Allocation Failure)  124316K->92876K(140800K), 0,0042449 secs]
275,616: [GC (Allocation Failure)  118476K->97628K(141312K), 0,0028032 secs]
275,654: [GC (Allocation Failure)  124252K->92812K(141312K), 0,0044844 secs]
275,682: [GC (Allocation Failure)  119436K->98652K(140288K), 0,0023600 secs]
275,717: [GC (Allocation Failure)  124252K->92828K(140800K), 0,0043879 secs]
275,744: [GC (Allocation Failure)  118428K->97612K(140288K), 0,0021568 secs]
275,779: [GC (Allocation Failure)  123212K->91772K(140800K), 0,0047990 secs]
275,806: [GC (Allocation Failure)  117372K->96532K(141312K), 0,0043440 secs]
275,847: [GC (Allocation Failure)  123156K->91780K(141312K), 0,0056798 secs]
275,876: [GC (Allocation Failure)  118404K->97588K(141312K), 0,0068412 secs]
275,916: [GC (Allocation Failure)  124212K->92748K(141312K), 0,0021546 secs]
275,942: [GC (Allocation Failure)  119372K->98588K(140800K), 0,0024978 secs]
275,977: [GC (Allocation Failure)  125212K->93780K(141312K), 0,0015931 secs]
276,002: [GC (Allocation Failure)  120404K->99588K(140288K), 0,0036429 secs]
276,038: [GC (Allocation Failure)  125188K->93748K(140800K), 0,0015605 secs]
276,063: [GC (Allocation Failure)  119348K->98564K(140288K), 0,0023735 secs]
276,098: [GC (Allocation Failure)  124164K->92692K(140800K), 0,0033001 secs]
276,125: [GC (Allocation Failure)  118292K->97508K(140800K), 0,0021270 secs]
276,160: [GC (Allocation Failure)  123108K->91668K(140800K), 0,0014133 secs]
276,184: [GC (Allocation Failure)  117268K->96420K(141312K), 0,0038327 secs]
276,221: [GC (Allocation Failure)  123044K->91644K(141312K), 0,0032224 secs]
276,247: [GC (Allocation Failure)  118268K->97420K(141312K), 0,0056817 secs]
276,286: [GC (Allocation Failure)  124044K->92604K(141312K), 0,0026770 secs]
276,312: [GC (Allocation Failure)  119228K->98476K(140800K), 0,0023967 secs]
276,347: [GC (Allocation Failure)  125100K->93628K(141312K), 0,0048030 secs]
276,375: [GC (Allocation Failure)  120252K->99468K(139776K), 0,0025736 secs]
276,412: [GC (Allocation Failure)  125068K->93596K(140800K), 0,0022285 secs]
276,438: [GC (Allocation Failure)  119196K->98444K(140288K), 0,0030000 secs]
276,475: [GC (Allocation Failure)  124044K->92604K(140800K), 0,0017943 secs]
276,502: [GC (Allocation Failure)  118204K->97356K(141312K), 0,0027845 secs]
276,540: [GC (Allocation Failure)  123980K->92508K(141312K), 0,0058926 secs]
276,571: [GC (Allocation Failure)  119132K->98380K(141312K), 0,0028185 secs]
276,608: [GC (Allocation Failure)  125004K->93564K(141312K), 0,0056590 secs]
276,637: [GC (Allocation Failure)  120188K->99372K(140288K), 0,0021954 secs]
276,672: [GC (Allocation Failure)  124972K->93564K(140800K), 0,0014338 secs]
276,697: [GC (Allocation Failure)  119164K->98348K(140288K), 0,0022023 secs]
276,731: [GC (Allocation Failure)  123948K->92476K(140800K), 0,0012447 secs]
276,755: [GC (Allocation Failure)  118076K->97292K(141312K), 0,0020527 secs]
276,790: [GC (Allocation Failure)  123916K->92444K(141312K), 0,0030285 secs]
276,816: [GC (Allocation Failure)  119068K->98252K(141312K), 0,0023579 secs]
276,851: [GC (Allocation Failure)  124876K->93468K(141312K), 0,0025288 secs]
276,877: [GC (Allocation Failure)  120092K->99252K(139776K), 0,0050237 secs]
276,917: [GC (Allocation Failure)  124852K->93444K(140800K), 0,0033190 secs]
276,948: [GC (Allocation Failure)  119044K->98228K(141312K), 0,0036750 secs]
276,987: [GC (Allocation Failure)  124852K->93444K(141312K), 0,0020254 secs]
277,013: [GC (Allocation Failure)  120068K->99220K(140288K), 0,0028647 secs]
277,050: [GC (Allocation Failure)  124820K->93380K(140800K), 0,0022979 secs]
277,076: [GC (Allocation Failure)  118980K->98164K(141312K), 0,0056114 secs]
277,118: [GC (Allocation Failure)  124788K->93380K(141312K), 0,0070764 secs]
277,150: [GC (Allocation Failure)  120004K->99188K(140288K), 0,0021975 secs]
277,185: [GC (Allocation Failure)  124788K->93316K(140800K), 0,0015043 secs]
277,209: [GC (Allocation Failure)  118916K->98108K(141312K), 0,0056670 secs]
277,248: [GC (Allocation Failure)  124732K->93332K(141312K), 0,0010920 secs]
277,271: [GC (Allocation Failure)  119956K->99140K(140288K), 0,0020392 secs]
277,306: [GC (Allocation Failure)  124740K->93332K(140800K), 0,0030717 secs]
277,331: [GC (Allocation Failure)  118932K->98084K(141312K), 0,0016824 secs]
277,366: [GC (Allocation Failure)  124708K->93268K(141312K), 0,0025933 secs]
277,391: [GC (Allocation Failure)  119892K->99108K(141312K), 0,0028696 secs]
277,427: [GC (Allocation Failure)  125732K->94292K(141312K), 0,0012948 secs]
277,454: [GC (Allocation Failure)  120916K->100100K(140288K), 0,0084150 secs]
277,495: [GC (Allocation Failure)  125700K->94260K(140800K), 0,0022326 secs]
277,520: [GC (Allocation Failure)  119860K->99076K(140288K), 0,0023082 secs]
277,555: [GC (Allocation Failure)  124676K->93236K(140800K), 0,0013151 secs]
277,579: [GC (Allocation Failure)  118836K->97956K(141312K), 0,0020132 secs]
277,614: [GC (Allocation Failure)  124068K->92692K(140800K), 0,0013264 secs]
277,638: [GC (Allocation Failure)  118804K->97924K(141312K), 0,0036518 secs]
277,679: [GC (Allocation Failure)  124548K->93140K(141312K), 0,0031364 secs]
277,708: [GC (Allocation Failure)  119764K->98988K(140800K), 0,0030108 secs]
277,746: [GC (Allocation Failure)  125612K->94172K(141312K), 0,0035686 secs]
277,773: [GC (Allocation Failure)  120796K->100012K(139776K), 0,0043554 secs]
277,810: [GC (Allocation Failure)  125612K->94140K(140800K), 0,0012070 secs]
277,833: [GC (Allocation Failure)  119740K->98932K(140288K), 0,0026109 secs]
277,869: [GC (Allocation Failure)  124532K->93092K(140800K), 0,0010166 secs]
277,892: [GC (Allocation Failure)  118692K->97876K(141312K), 0,0018986 secs]
277,927: [GC (Allocation Failure)  124500K->93060K(141312K), 0,0012570 secs]
277,951: [GC (Allocation Failure)  119684K->98900K(141312K), 0,0020975 secs]
277,986: [GC (Allocation Failure)  125524K->94084K(141312K), 0,0028382 secs]
278,012: [GC (Allocation Failure)  120708K->99924K(139776K), 0,0039246 secs]
278,048: [GC (Allocation Failure)  125524K->94052K(140800K), 0,0014205 secs]
278,076: [GC (Allocation Failure)  119652K->98836K(141312K), 0,0045222 secs]
278,114: [GC (Allocation Failure)  125460K->94052K(141312K), 0,0043476 secs]
278,142: [GC (Allocation Failure)  120676K->99860K(140288K), 0,0023135 secs]
278,176: [GC (Allocation Failure)  125460K->93988K(140800K), 0,0027986 secs]
278,201: [GC (Allocation Failure)  119588K->98836K(141312K), 0,0017840 secs]
278,236: [GC (Allocation Failure)  125460K->94020K(141312K), 0,0011849 secs]
278,259: [GC (Allocation Failure)  120644K->99796K(140288K), 0,0019342 secs]
278,294: [GC (Allocation Failure)  125396K->93988K(140800K), 0,0010793 secs]
278,317: [GC (Allocation Failure)  119588K->98740K(141312K), 0,0065319 secs]
278,357: [GC (Allocation Failure)  125364K->93924K(141312K), 0,0023426 secs]
278,381: [GC (Allocation Failure)  120548K->99732K(140288K), 0,0039359 secs]
278,418: [GC (Allocation Failure)  125332K->93892K(140800K), 0,0042167 secs]
278,444: [GC (Allocation Failure)  119492K->98708K(141312K), 0,0054851 secs]
278,481: [GC (Allocation Failure)  125332K->93892K(141312K), 0,0007809 secs]
278,503: [GC (Allocation Failure)  120516K->99732K(140288K), 0,0015217 secs]
278,537: [GC (Allocation Failure)  125332K->93892K(140800K), 0,0009843 secs]
278,560: [GC (Allocation Failure)  119492K->98644K(141312K), 0,0017673 secs]
278,595: [GC (Allocation Failure)  125268K->93828K(141312K), 0,0021151 secs]
278,619: [GC (Allocation Failure)  120452K->99636K(141312K), 0,0030124 secs]
278,655: [GC (Allocation Failure)  126260K->94852K(141312K), 0,0011557 secs]
278,678: [GC (Allocation Failure)  121476K->100660K(140288K), 0,0018525 secs]
278,713: [GC (Allocation Failure)  126260K->94820K(140800K), 0,0011423 secs]
278,736: [GC (Allocation Failure)  120420K->99604K(140288K), 0,0033086 secs]
278,772: [GC (Allocation Failure)  125204K->93572K(140800K), 0,0010218 secs]
278,798: [GC (Allocation Failure)  119172K->98356K(141312K), 0,0070317 secs]
278,838: [GC (Allocation Failure)  124980K->93540K(141312K), 0,0015062 secs]
278,861: [GC (Allocation Failure)  120164K->99316K(141312K), 0,0016280 secs]
278,893: [GC (Allocation Failure)  125940K->94508K(141312K), 0,0018377 secs]
278,916: [GC (Allocation Failure)  121132K->100284K(140288K), 0,0022937 secs]
278,950: [GC (Allocation Failure)  125884K->94444K(140800K), 0,0015848 secs]
278,973: [GC (Allocation Failure)  120044K->99164K(141312K), 0,0021512 secs]
279,007: [GC (Allocation Failure)  125788K->94348K(141312K), 0,0015661 secs]
279,030: [GC (Allocation Failure)  120972K->100188K(140288K), 0,0023347 secs]
279,063: [GC (Allocation Failure)  125788K->94380K(140800K), 0,0008006 secs]
279,085: [GC (Allocation Failure)  119980K->99164K(141312K), 0,0022558 secs]
279,119: [GC (Allocation Failure)  125788K->94380K(141312K), 0,0015676 secs]
279,141: [GC (Allocation Failure)  121004K->100164K(140288K), 0,0014799 secs]
279,174: [GC (Allocation Failure)  125764K->94356K(140800K), 0,0015851 secs]
279,197: [GC (Allocation Failure)  119956K->99084K(141312K), 0,0021650 secs]
279,232: [GC (Allocation Failure)  125708K->94300K(141312K), 0,0016126 secs]
279,254: [GC (Allocation Failure)  120924K->100108K(141312K), 0,0022427 secs]
279,294: [GC (Allocation Failure)  126732K->95324K(141312K), 0,0071525 secs]
279,324: [GC (Allocation Failure)  121948K->101132K(140288K), 0,0036769 secs]
279,364: [GC (Allocation Failure)  126732K->95292K(140800K), 0,0087251 secs]
279,394: [GC (Allocation Failure)  120892K->100076K(140288K), 0,0024086 secs]
279,428: [GC (Allocation Failure)  125676K->94244K(140800K), 0,0008085 secs]
279,451: [GC (Allocation Failure)  119844K->99028K(141312K), 0,0016607 secs]
279,489: [GC (Allocation Failure)  125652K->94212K(141312K), 0,0032996 secs]
279,521: [GC (Allocation Failure)  120836K->100052K(141312K), 0,0067931 secs]
279,562: [GC (Allocation Failure)  126676K->95236K(141312K), 0,0036730 secs]
279,591: [GC (Allocation Failure)  121860K->101044K(140288K), 0,0033162 secs]
279,628: [GC (Allocation Failure)  126644K->95236K(140800K), 0,0021887 secs]
279,655: [GC (Allocation Failure)  120836K->99988K(140288K), 0,0029332 secs]
279,693: [GC (Allocation Failure)  125588K->94148K(140800K), 0,0018401 secs]
279,720: [GC (Allocation Failure)  119748K->98932K(141312K), 0,0026780 secs]
279,756: [GC (Allocation Failure)  125556K->94116K(141312K), 0,0033614 secs]
279,783: [GC (Allocation Failure)  120740K->99956K(141312K), 0,0026577 secs]
279,818: [GC (Allocation Failure)  126580K->95156K(141312K), 0,0014648 secs]
279,843: [GC (Allocation Failure)  121780K->100996K(140288K), 0,0022360 secs]
279,878: [GC (Allocation Failure)  126596K->95124K(140800K), 0,0034103 secs]
279,904: [GC (Allocation Failure)  120724K->99908K(141312K), 0,0021411 secs]
279,939: [GC (Allocation Failure)  126532K->95108K(141312K), 0,0013903 secs]
279,964: [GC (Allocation Failure)  121732K->100948K(140288K), 0,0022664 secs]
279,999: [GC (Allocation Failure)  126548K->95108K(140800K), 0,0036585 secs]
280,026: [GC (Allocation Failure)  120708K->99892K(141312K), 0,0021070 secs]
280,060: [GC (Allocation Failure)  126516K->95076K(141312K), 0,0063285 secs]
280,093: [GC (Allocation Failure)  121700K->100884K(140288K), 0,0038394 secs]
280,133: [GC (Allocation Failure)  126484K->95044K(140800K), 0,0045918 secs]
280,160: [GC (Allocation Failure)  120644K->99828K(141312K), 0,0041144 secs]
280,197: [GC (Allocation Failure)  126452K->95044K(141312K), 0,0009062 secs]
280,220: [GC (Allocation Failure)  121668K->100820K(140288K), 0,0026550 secs]
280,255: [GC (Allocation Failure)  126420K->95012K(140800K), 0,0009138 secs]
280,278: [GC (Allocation Failure)  120612K->99796K(141312K), 0,0016963 secs]
280,313: [GC (Allocation Failure)  126420K->94988K(141312K), 0,0032619 secs]
280,338: [GC (Allocation Failure)  121612K->100796K(140288K), 0,0018270 secs]
280,373: [GC (Allocation Failure)  126396K->94956K(140800K), 0,0011658 secs]
280,396: [GC (Allocation Failure)  120556K->99708K(141312K), 0,0072865 secs]
280,436: [GC (Allocation Failure)  126332K->94924K(141312K), 0,0009390 secs]
280,459: [GC (Allocation Failure)  121548K->100740K(141312K), 0,0069021 secs]
280,499: [GC (Allocation Failure)  127364K->95956K(141312K), 0,0009816 secs]
280,527: [GC (Allocation Failure)  122580K->101764K(140288K), 0,0042433 secs]
280,564: [GC (Allocation Failure)  127364K->95932K(140800K), 0,0023842 secs]
280,590: [GC (Allocation Failure)  121532K->100716K(140288K), 0,0060504 secs]
280,629: [GC (Allocation Failure)  126316K->94876K(140800K), 0,0042806 secs]
280,656: [GC (Allocation Failure)  120476K->99660K(141312K), 0,0017593 secs]
280,691: [GC (Allocation Failure)  126284K->94812K(141312K), 0,0020344 secs]
280,715: [GC (Allocation Failure)  121436K->100692K(141312K), 0,0018861 secs]
280,754: [GC (Allocation Failure)  127316K->95844K(141312K), 0,0037564 secs]
280,783: [GC (Allocation Failure)  122468K->101652K(140288K), 0,0023262 secs]
280,818: [GC (Allocation Failure)  127252K->95852K(140800K), 0,0011536 secs]
280,841: [GC (Allocation Failure)  121452K->100636K(140288K), 0,0030199 secs]
280,877: [GC (Allocation Failure)  126236K->94796K(140800K), 0,0011026 secs]
280,900: [GC (Allocation Failure)  120396K->99548K(141312K), 0,0051484 secs]
280,938: [GC (Allocation Failure)  126172K->94732K(141312K), 0,0010516 secs]
280,961: [GC (Allocation Failure)  121356K->100540K(141312K), 0,0041249 secs]
280,998: [GC (Allocation Failure)  127164K->95756K(141312K), 0,0024098 secs]
281,022: [GC (Allocation Failure)  122380K->101596K(139776K), 0,0036461 secs]
281,062: [GC (Allocation Failure)  127196K->95756K(140800K), 0,0051190 secs]
281,091: [GC (Allocation Failure)  121356K->100540K(141312K), 0,0025355 secs]
281,126: [GC (Allocation Failure)  127164K->95724K(141312K), 0,0013657 secs]
281,151: [GC (Allocation Failure)  122348K->101532K(140288K), 0,0044064 secs]
281,188: [GC (Allocation Failure)  127132K->95692K(140800K), 0,0014743 secs]
281,212: [GC (Allocation Failure)  121292K->100476K(141312K), 0,0051710 secs]
281,250: [GC (Allocation Failure)  127100K->95692K(141312K), 0,0030690 secs]
281,277: [GC (Allocation Failure)  122316K->101540K(140288K), 0,0031978 secs]
281,313: [GC (Allocation Failure)  127140K->95668K(140800K), 0,0015765 secs]
281,338: [GC (Allocation Failure)  121268K->100420K(141312K), 0,0074416 secs]
281,378: [GC (Allocation Failure)  127044K->95644K(141312K), 0,0013243 secs]
281,401: [GC (Allocation Failure)  122268K->101484K(140288K), 0,0019047 secs]
281,436: [GC (Allocation Failure)  127084K->95620K(140800K), 0,0074108 secs]
281,466: [GC (Allocation Failure)  121220K->100436K(141312K), 0,0031500 secs]
281,502: [GC (Allocation Failure)  127060K->95588K(141312K), 0,0028343 secs]
281,527: [GC (Allocation Failure)  122212K->101428K(140288K), 0,0019198 secs]
281,562: [GC (Allocation Failure)  127028K->95588K(140800K), 0,0011925 secs]
281,585: [GC (Allocation Failure)  121188K->100380K(141312K), 0,0018723 secs]
281,620: [GC (Allocation Failure)  127004K->95596K(141312K), 0,0011253 secs]
281,643: [GC (Allocation Failure)  122220K->101404K(141312K), 0,0018907 secs]
281,678: [GC (Allocation Failure)  128028K->96588K(141312K), 0,0013065 secs]
281,701: [GC (Allocation Failure)  123212K->102396K(140288K), 0,0021404 secs]
281,736: [GC (Allocation Failure)  127996K->96556K(140800K), 0,0012458 secs]
281,759: [GC (Allocation Failure)  122156K->101340K(140288K), 0,0036125 secs]
281,796: [GC (Allocation Failure)  126940K->95532K(140800K), 0,0012351 secs]
281,819: [GC (Allocation Failure)  121132K->100284K(141312K), 0,0017359 secs]
281,854: [GC (Allocation Failure)  126908K->95436K(141312K), 0,0011404 secs]
281,877: [GC (Allocation Failure)  122060K->101244K(141312K), 0,0031927 secs]
281,913: [GC (Allocation Failure)  127868K->96460K(141312K), 0,0019314 secs]
281,937: [GC (Allocation Failure)  123084K->102300K(140288K), 0,0020199 secs]
281,972: [GC (Allocation Failure)  127900K->96460K(140800K), 0,0012769 secs]
281,999: [GC (Allocation Failure)  122060K->101252K(140288K), 0,0049626 secs]
282,041: [GC (Allocation Failure)  126852K->95380K(140800K), 0,0049723 secs]
282,070: [GC (Allocation Failure)  120980K->100164K(141312K), 0,0041479 secs]
282,107: [GC (Allocation Failure)  126788K->95380K(141312K), 0,0052698 secs]
282,134: [GC (Allocation Failure)  122004K->101188K(141312K), 0,0075460 secs]
282,175: [GC (Allocation Failure)  127812K->96372K(141312K), 0,0020978 secs]
282,199: [GC (Allocation Failure)  122996K->102180K(139776K), 0,0028238 secs]
282,235: [GC (Allocation Failure)  127780K->96308K(140800K), 0,0049388 secs]
282,262: [GC (Allocation Failure)  121908K->101156K(141312K), 0,0016676 secs]
282,297: [GC (Allocation Failure)  127780K->96340K(141312K), 0,0010670 secs]
282,324: [GC (Allocation Failure)  122964K->102148K(140288K), 0,0050644 secs]
282,363: [GC (Allocation Failure)  127748K->96340K(140800K), 0,0019168 secs]
282,390: [GC (Allocation Failure)  121940K->101092K(141312K), 0,0050499 secs]
282,428: [GC (Allocation Failure)  127716K->96276K(141312K), 0,0036940 secs]
282,458: [GC (Allocation Failure)  122900K->102124K(140288K), 0,0029573 secs]
282,496: [GC (Allocation Failure)  127724K->96252K(140800K), 0,0020690 secs]
282,522: [GC (Allocation Failure)  121852K->101076K(141312K), 0,0028788 secs]
282,558: [GC (Allocation Failure)  127700K->96260K(141312K), 0,0070624 secs]
282,590: [GC (Allocation Failure)  122884K->102068K(140288K), 0,0052011 secs]
282,628: [GC (Allocation Failure)  127668K->96260K(140800K), 0,0011482 secs]
282,651: [GC (Allocation Failure)  121860K->101012K(141312K), 0,0028903 secs]
282,687: [GC (Allocation Failure)  127636K->96196K(141312K), 0,0024547 secs]
282,711: [GC (Allocation Failure)  122820K->102036K(140288K), 0,0019119 secs]
282,750: [GC (Allocation Failure)  127636K->96196K(140800K), 0,0032768 secs]
282,781: [GC (Allocation Failure)  121796K->100820K(141312K), 0,0020759 secs]
282,815: [GC (Allocation Failure)  127444K->95940K(141312K), 0,0041894 secs]
282,840: [GC (Allocation Failure)  122564K->101748K(141312K), 0,0025793 secs]
282,873: [GC (Allocation Failure)  128372K->96940K(141312K), 0,0017067 secs]
282,896: [GC (Allocation Failure)  123563K->102756K(139776K), 0,0023635 secs]
282,930: [GC (Allocation Failure)  128356K->96884K(140800K), 0,0016492 secs]
282,953: [GC (Allocation Failure)  122484K->101668K(141312K), 0,0014233 secs]
282,986: [GC (Allocation Failure)  128292K->96852K(141312K), 0,0016305 secs]
283,009: [GC (Allocation Failure)  123476K->102660K(140288K), 0,0037772 secs]
283,044: [GC (Allocation Failure)  128260K->96852K(140800K), 0,0070461 secs]
283,075: [GC (Allocation Failure)  122452K->101636K(140288K), 0,0028694 secs]
283,113: [GC (Allocation Failure)  127236K->95796K(140800K), 0,0017564 secs]
283,140: [GC (Allocation Failure)  121396K->100580K(141312K), 0,0027213 secs]
283,177: [GC (Allocation Failure)  127204K->95732K(141312K), 0,0042434 secs]
283,206: [GC (Allocation Failure)  122356K->101572K(141312K), 0,0028335 secs]
283,242: [GC (Allocation Failure)  128196K->96764K(141312K), 0,0019013 secs]
283,269: [GC (Allocation Failure)  123388K->102604K(140800K), 0,0046632 secs]
283,307: [GC (Allocation Failure)  129228K->97788K(141312K), 0,0021800 secs]
283,332: [GC (Allocation Failure)  124412K->103628K(139776K), 0,0024262 secs]
283,372: [GC (Allocation Failure)  129228K->97820K(140800K), 0,0037264 secs]
283,403: [GC (Allocation Failure)  123420K->102572K(140288K), 0,0050685 secs]
283,446: [GC (Allocation Failure)  128172K->96700K(140800K), 0,0038109 secs]
283,478: [GC (Allocation Failure)  122300K->101484K(141312K), 0,0038673 secs]
283,515: [GC (Allocation Failure)  127596K->96164K(140800K), 0,0041262 secs]
283,543: [GC (Allocation Failure)  122276K->101460K(141312K), 0,0028358 secs]
283,581: [GC (Allocation Failure)  128084K->96644K(141312K), 0,0082232 secs]
283,613: [GC (Allocation Failure)  123268K->102460K(140288K), 0,0035396 secs]
283,649: [GC (Allocation Failure)  128060K->96620K(140800K), 0,0025605 secs]
283,674: [GC (Allocation Failure)  122220K->101404K(141312K), 0,0035669 secs]
283,710: [GC (Allocation Failure)  128028K->96652K(141312K), 0,0011107 secs]
283,733: [GC (Allocation Failure)  123276K->102428K(141312K), 0,0030745 secs]
283,769: [GC (Allocation Failure)  129052K->97644K(141312K), 0,0043156 secs]
283,795: [GC (Allocation Failure)  124268K->103420K(140288K), 0,0020273 secs]
283,835: [GC (Allocation Failure)  129020K->97612K(140800K), 0,0034905 secs]
283,866: [GC (Allocation Failure)  123212K->102372K(140288K), 0,0051456 secs]
283,908: [GC (Allocation Failure)  127972K->96564K(140800K), 0,0068468 secs]
283,938: [GC (Allocation Failure)  122164K->101316K(141312K), 0,0031565 secs]
283,974: [GC (Allocation Failure)  127940K->96500K(141312K), 0,0019987 secs]
283,998: [GC (Allocation Failure)  123124K->102340K(141312K), 0,0031292 secs]
284,034: [GC (Allocation Failure)  128964K->97556K(141312K), 0,0024012 secs]
284,058: [GC (Allocation Failure)  124180K->103364K(140288K), 0,0018536 secs]
284,093: [GC (Allocation Failure)  128964K->97524K(140800K), 0,0034375 secs]
284,118: [GC (Allocation Failure)  123124K->102276K(141312K), 0,0062718 secs]
284,157: [GC (Allocation Failure)  128900K->97492K(141312K), 0,0023917 secs]
284,181: [GC (Allocation Failure)  124116K->103308K(140288K), 0,0027409 secs]
284,221: [GC (Allocation Failure)  128908K->97468K(140800K), 0,0041217 secs]
284,250: [GC (Allocation Failure)  123068K->102228K(140288K), 0,0051939 secs]
284,288: [GC (Allocation Failure)  127828K->96428K(140800K), 0,0015105 secs]
284,312: [GC (Allocation Failure)  122028K->101220K(141312K), 0,0019630 secs]
284,347: [GC (Allocation Failure)  127844K->96468K(141312K), 0,0013763 secs]
284,372: [GC (Allocation Failure)  123092K->102252K(141312K), 0,0023099 secs]
284,407: [GC (Allocation Failure)  128876K->97436K(141312K), 0,0013810 secs]
284,432: [GC (Allocation Failure)  124060K->103244K(140800K), 0,0023175 secs]
284,467: [GC (Allocation Failure)  129868K->98460K(141312K), 0,0015749 secs]
284,492: [GC (Allocation Failure)  125084K->104236K(139776K), 0,0041944 secs]
284,528: [GC (Allocation Failure)  129836K->98460K(140800K), 0,0017061 secs]
284,553: [GC (Allocation Failure)  124060K->103212K(140288K), 0,0039099 secs]
284,591: [GC (Allocation Failure)  128812K->97340K(140800K), 0,0055977 secs]
284,620: [GC (Allocation Failure)  122940K->102132K(141312K), 0,0030772 secs]
284,656: [GC (Allocation Failure)  128244K->96812K(140800K), 0,0056896 secs]
284,684: [GC (Allocation Failure)  122924K->102140K(141312K), 0,0033201 secs]
284,720: [GC (Allocation Failure)  128764K->97356K(141312K), 0,0011750 secs]
284,743: [GC (Allocation Failure)  123980K->103164K(140288K), 0,0018414 secs]
284,778: [GC (Allocation Failure)  128764K->97324K(140800K), 0,0011226 secs]
284,801: [GC (Allocation Failure)  122924K->102076K(141312K), 0,0016908 secs]
284,836: [GC (Allocation Failure)  128700K->97292K(141312K), 0,0055777 secs]
284,864: [GC (Allocation Failure)  123916K->103068K(141312K), 0,0030991 secs]
284,900: [GC (Allocation Failure)  129692K->98284K(141312K), 0,0012261 secs]
284,923: [GC (Allocation Failure)  124908K->104060K(140288K), 0,0034762 secs]
284,959: [GC (Allocation Failure)  129660K->98252K(140800K), 0,0021145 secs]
284,983: [GC (Allocation Failure)  123852K->103068K(140288K), 0,0020167 secs]
285,018: [GC (Allocation Failure)  128668K->97228K(140800K), 0,0011074 secs]
285,041: [GC (Allocation Failure)  122828K->101948K(141312K), 0,0016867 secs]
285,076: [GC (Allocation Failure)  128572K->97180K(141312K), 0,0010421 secs]
285,099: [GC (Allocation Failure)  123804K->103028K(141312K), 0,0018055 secs]
285,134: [GC (Allocation Failure)  129652K->98244K(141312K), 0,0012380 secs]
285,157: [GC (Allocation Failure)  124868K->104020K(140288K), 0,0021476 secs]
285,192: [GC (Allocation Failure)  129620K->98180K(140800K), 0,0025468 secs]
285,217: [GC (Allocation Failure)  123780K->102964K(140288K), 0,0030811 secs]
285,253: [GC (Allocation Failure)  128564K->97124K(140800K), 0,0022511 secs]
285,277: [GC (Allocation Failure)  122724K->101948K(141312K), 0,0017863 secs]
285,312: [GC (Allocation Failure)  128572K->97100K(141312K), 0,0012514 secs]
285,335: [GC (Allocation Failure)  123724K->102940K(141312K), 0,0019314 secs]
285,370: [GC (Allocation Failure)  129564K->98124K(141312K), 0,0047532 secs]
285,397: [GC (Allocation Failure)  124748K->103964K(139776K), 0,0030545 secs]
285,433: [GC (Allocation Failure)  129564K->98108K(140800K), 0,0035200 secs]
285,465: [GC (Allocation Failure)  123708K->102892K(141312K), 0,0048207 secs]
285,507: [GC (Allocation Failure)  129516K->98148K(141312K), 0,0029767 secs]
285,536: [GC (Allocation Failure)  124772K->103892K(140288K), 0,0049355 secs]
285,575: [GC (Allocation Failure)  129492K->98124K(140800K), 0,0035323 secs]
285,607: [GC (Allocation Failure)  123724K->102852K(141312K), 0,0048774 secs]
285,647: [GC (Allocation Failure)  129476K->98036K(141312K), 0,0037438 secs]
285,674: [GC (Allocation Failure)  124660K->103908K(140288K), 0,0022615 secs]
285,712: [GC (Allocation Failure)  129508K->98036K(140800K), 0,0074166 secs]
285,742: [GC (Allocation Failure)  123636K->102788K(141312K), 0,0025985 secs]
285,777: [GC (Allocation Failure)  129412K->98012K(141312K), 0,0021648 secs]
285,805: [GC (Allocation Failure)  124636K->103852K(140288K), 0,0050369 secs]
285,848: [GC (Allocation Failure)  129452K->97980K(140800K), 0,0031669 secs]
285,880: [GC (Allocation Failure)  123580K->102796K(141312K), 0,0047257 secs]
285,922: [GC (Allocation Failure)  129420K->97980K(141312K), 0,0032030 secs]
285,954: [GC (Allocation Failure)  124604K->103788K(141312K), 0,0049261 secs]
285,997: [GC (Allocation Failure)  130412K->99004K(141312K), 0,0035279 secs]
286,028: [GC (Allocation Failure)  125628K->104812K(140288K), 0,0052563 secs]
286,071: [GC (Allocation Failure)  130412K->98972K(140800K), 0,0043826 secs]
286,102: [GC (Allocation Failure)  124572K->103764K(140288K), 0,0028807 secs]
286,138: [GC (Allocation Failure)  129364K->97892K(140800K), 0,0077463 secs]
286,168: [GC (Allocation Failure)  123492K->102684K(141312K), 0,0017277 secs]
286,203: [GC (Allocation Failure)  129308K->97876K(141312K), 0,0070629 secs]
286,231: [GC (Allocation Failure)  124500K->103756K(141312K), 0,0036676 secs]
286,268: [GC (Allocation Failure)  130380K->98940K(141312K), 0,0010633 secs]
286,291: [GC (Allocation Failure)  125564K->104748K(140288K), 0,0018437 secs]
286,332: [GC (Allocation Failure)  130348K->98876K(140800K), 0,0047120 secs]
286,364: [GC (Allocation Failure)  124476K->103628K(140288K), 0,0069243 secs]
286,405: [GC (Allocation Failure)  129228K->97820K(140800K), 0,0024254 secs]
286,429: [GC (Allocation Failure)  123420K->102604K(141312K), 0,0054975 secs]
286,467: [GC (Allocation Failure)  129228K->97788K(141312K), 0,0008562 secs]
286,490: [GC (Allocation Failure)  124412K->103596K(141312K), 0,0050301 secs]
286,528: [GC (Allocation Failure)  130220K->98812K(141312K), 0,0010508 secs]
286,551: [GC (Allocation Failure)  125436K->104660K(139776K), 0,0016747 secs]
286,589: [GC (Allocation Failure)  130260K->98820K(140800K), 0,0050749 secs]
286,623: [GC (Allocation Failure)  124420K->103572K(141312K), 0,0049792 secs]
286,667: [GC (Allocation Failure)  130196K->98796K(141312K), 0,0033545 secs]
286,698: [GC (Allocation Failure)  125420K->104572K(140288K), 0,0068533 secs]
286,738: [GC (Allocation Failure)  130172K->98764K(140800K), 0,0044579 secs]
286,766: [GC (Allocation Failure)  124364K->103580K(141312K), 0,0038944 secs]
286,802: [GC (Allocation Failure)  130204K->98540K(141312K), 0,0052644 secs]
286,830: [GC (Allocation Failure)  125164K->104380K(140288K), 0,0024902 secs]
286,865: [GC (Allocation Failure)  129980K->98516K(140800K), 0,0021767 secs]
286,889: [GC (Allocation Failure)  124116K->103300K(141312K), 0,0028173 secs]
286,924: [GC (Allocation Failure)  129924K->98484K(141312K), 0,0017152 secs]
286,951: [GC (Allocation Failure)  125108K->104324K(140288K), 0,0067140 secs]
286,991: [GC (Allocation Failure)  129924K->98516K(140800K), 0,0018980 secs]
287,018: [GC (Allocation Failure)  124116K->103268K(141312K), 0,0029237 secs]
287,055: [GC (Allocation Failure)  129892K->98500K(141312K), 0,0032209 secs]
287,087: [GC (Allocation Failure)  125124K->104308K(141312K), 0,0041984 secs]
287,125: [GC (Allocation Failure)  130932K->99524K(141312K), 0,0020251 secs]
287,152: [GC (Allocation Failure)  126148K->105332K(139776K), 0,0031251 secs]
287,190: [GC (Allocation Failure)  130932K->99492K(140800K), 0,0020572 secs]
287,217: [GC (Allocation Failure)  125092K->104212K(140288K), 0,0029689 secs]
287,254: [GC (Allocation Failure)  129812K->98404K(140800K), 0,0018244 secs]
287,281: [GC (Allocation Failure)  124004K->103156K(141312K), 0,0048468 secs]
287,318: [GC (Allocation Failure)  129780K->98340K(141312K), 0,0015422 secs]
287,343: [GC (Allocation Failure)  124964K->104188K(141312K), 0,0027630 secs]
287,378: [GC (Allocation Failure)  130812K->99372K(141312K), 0,0015799 secs]
287,403: [GC (Allocation Failure)  125996K->105212K(140288K), 0,0023319 secs]
287,438: [GC (Allocation Failure)  130812K->99340K(140800K), 0,0017165 secs]
287,462: [GC (Allocation Failure)  124940K->104156K(141312K), 0,0031221 secs]
287,498: [GC (Allocation Failure)  130780K->99340K(141312K), 0,0043858 secs]
287,526: [GC (Allocation Failure)  125964K->105148K(140288K), 0,0044412 secs]
287,563: [GC (Allocation Failure)  130748K->99340K(140800K), 0,0034185 secs]
287,595: [GC (Allocation Failure)  124940K->104100K(140288K), 0,0049768 secs]
287,635: [GC (Allocation Failure)  129700K->98260K(140800K), 0,0041015 secs]
287,663: [GC (Allocation Failure)  123860K->103084K(141312K), 0,0027133 secs]
287,701: [GC (Allocation Failure)  129708K->98236K(141312K), 0,0042314 secs]
287,728: [GC (Allocation Failure)  124860K->104084K(141312K), 0,0044184 secs]
287,768: [GC (Allocation Failure)  130708K->99300K(141312K), 0,0019706 secs]
287,794: [GC (Allocation Failure)  125924K->105052K(140800K), 0,0056874 secs]
287,832: [GC (Allocation Failure)  131676K->100332K(141312K), 0,0015044 secs]
287,857: [GC (Allocation Failure)  126956K->106108K(139776K), 0,0023775 secs]
287,892: [GC (Allocation Failure)  131708K->100268K(140800K), 0,0015157 secs]
287,917: [GC (Allocation Failure)  125868K->105052K(140288K), 0,0022448 secs]
287,952: [GC (Allocation Failure)  130652K->99220K(140800K), 0,0058894 secs]
287,980: [GC (Allocation Failure)  124820K->104004K(141312K), 0,0020352 secs]
288,015: [GC (Allocation Failure)  130116K->98676K(140800K), 0,0014396 secs]
288,039: [GC (Allocation Failure)  124788K->103972K(141312K), 0,0020265 secs]
288,076: [GC (Allocation Failure)  130596K->99156K(141312K), 0,0078714 secs]
288,112: [GC (Allocation Failure)  125780K->105004K(140288K), 0,0041744 secs]
288,150: [GC (Allocation Failure)  130604K->99132K(140800K), 0,0042318 secs]
288,177: [GC (Allocation Failure)  124732K->103916K(141312K), 0,0035355 secs]
288,216: [GC (Allocation Failure)  130540K->99132K(141312K), 0,0034120 secs]
288,249: [GC (Allocation Failure)  125756K->104908K(141312K), 0,0049640 secs]
288,292: [GC (Allocation Failure)  131532K->100156K(141312K), 0,0034643 secs]
288,323: [GC (Allocation Failure)  126780K->105932K(139776K), 0,0069127 secs]
288,364: [GC (Allocation Failure)  131532K->100092K(140800K), 0,0049355 secs]
288,394: [GC (Allocation Failure)  125692K->104844K(140288K), 0,0030061 secs]
288,434: [GC (Allocation Failure)  130444K->99036K(140800K), 0,0047862 secs]
288,462: [GC (Allocation Failure)  124636K->103820K(141312K), 0,0028515 secs]
288,500: [GC (Allocation Failure)  130444K->99004K(141312K), 0,0030416 secs]
288,527: [GC (Allocation Failure)  125628K->104844K(141312K), 0,0051594 secs]
288,570: [GC (Allocation Failure)  131468K->100068K(141312K), 0,0019982 secs]
288,599: [GC (Allocation Failure)  126692K->105908K(140288K), 0,0033883 secs]
288,636: [GC (Allocation Failure)  131508K->100036K(140800K), 0,0020544 secs]
288,663: [GC (Allocation Failure)  125636K->104788K(141312K), 0,0030372 secs]
288,702: [GC (Allocation Failure)  131412K->99972K(141312K), 0,0049131 secs]
288,731: [GC (Allocation Failure)  126596K->105852K(140288K), 0,0022502 secs]
288,766: [GC (Allocation Failure)  131452K->99948K(140800K), 0,0030894 secs]
288,791: [GC (Allocation Failure)  125548K->104740K(140288K), 0,0022302 secs]
288,826: [GC (Allocation Failure)  130340K->98900K(140800K), 0,0012733 secs]
288,850: [GC (Allocation Failure)  124500K->103716K(141312K), 0,0019533 secs]
288,885: [GC (Allocation Failure)  130340K->98884K(141312K), 0,0012561 secs]
288,909: [GC (Allocation Failure)  125508K->104724K(141312K), 0,0021404 secs]
288,943: [GC (Allocation Failure)  131348K->99948K(141312K), 0,0024055 secs]
288,969: [GC (Allocation Failure)  126572K->105724K(140800K), 0,0021978 secs]
289,006: [GC (Allocation Failure)  132348K->100940K(141312K), 0,0037398 secs]
289,037: [GC (Allocation Failure)  127564K->106748K(139776K), 0,0040734 secs]
289,077: [GC (Allocation Failure)  132348K->100916K(140800K), 0,0038906 secs]
289,108: [GC (Allocation Failure)  126516K->105700K(140288K), 0,0037032 secs]
289,146: [GC (Allocation Failure)  131300K->99860K(140800K), 0,0040553 secs]
289,174: [GC (Allocation Failure)  125460K->104612K(141312K), 0,0027655 secs]
289,211: [GC (Allocation Failure)  130724K->99316K(140800K), 0,0026091 secs]
289,238: [GC (Allocation Failure)  125428K->104612K(141312K), 0,0029322 secs]
289,274: [GC (Allocation Failure)  131236K->99796K(141312K), 0,0035126 secs]
289,301: [GC (Allocation Failure)  126420K->105636K(140288K), 0,0027867 secs]
289,336: [GC (Allocation Failure)  131236K->99764K(140800K), 0,0033555 secs]
289,362: [GC (Allocation Failure)  125364K->104548K(141312K), 0,0021281 secs]
289,397: [GC (Allocation Failure)  131172K->99732K(141312K), 0,0013397 secs]
289,422: [GC (Allocation Failure)  126356K->105604K(141312K), 0,0021838 secs]
289,456: [GC (Allocation Failure)  132228K->100788K(141312K), 0,0015401 secs]
289,481: [GC (Allocation Failure)  127412K->106604K(140288K), 0,0022626 secs]
289,516: [GC (Allocation Failure)  132204K->100732K(140800K), 0,0035881 secs]
289,546: [GC (Allocation Failure)  126332K->105548K(140288K), 0,0045726 secs]
289,587: [GC (Allocation Failure)  131148K->99676K(140800K), 0,0030667 secs]
289,614: [GC (Allocation Failure)  125276K->104468K(141312K), 0,0026704 secs]
289,652: [GC (Allocation Failure)  131092K->99652K(141312K), 0,0060839 secs]
289,682: [GC (Allocation Failure)  126276K->105492K(141312K), 0,0021446 secs]
289,716: [GC (Allocation Failure)  132116K->100676K(141312K), 0,0015737 secs]
289,741: [GC (Allocation Failure)  127300K->106516K(140288K), 0,0024350 secs]
289,776: [GC (Allocation Failure)  132116K->100676K(140800K), 0,0014607 secs]
289,801: [GC (Allocation Failure)  126276K->105460K(140288K), 0,0020873 secs]
289,835: [GC (Allocation Failure)  131060K->99588K(140800K), 0,0027595 secs]
289,860: [GC (Allocation Failure)  125188K->104404K(141312K), 0,0019386 secs]
289,895: [GC (Allocation Failure)  131028K->99588K(141312K), 0,0027053 secs]
289,920: [GC (Allocation Failure)  126212K->105404K(141312K), 0,0022298 secs]
289,955: [GC (Allocation Failure)  132028K->100588K(141312K), 0,0013640 secs]
289,980: [GC (Allocation Failure)  127212K->106396K(139776K), 0,0024311 secs]
290,015: [GC (Allocation Failure)  131996K->100588K(140800K), 0,0029648 secs]
290,041: [GC (Allocation Failure)  126188K->105340K(141312K), 0,0020773 secs]
290,075: [GC (Allocation Failure)  131964K->100556K(141312K), 0,0016180 secs]
290,100: [GC (Allocation Failure)  127180K->106364K(140288K), 0,0022711 secs]
290,135: [GC (Allocation Failure)  131964K->100524K(140800K), 0,0015434 secs]
290,159: [GC (Allocation Failure)  126124K->105308K(141312K), 0,0021116 secs]
290,198: [GC (Allocation Failure)  131932K->100524K(141312K), 0,0034785 secs]
290,230: [GC (Allocation Failure)  127148K->106340K(140288K), 0,0057098 secs]
290,270: [GC (Allocation Failure)  131940K->100468K(140800K), 0,0019806 secs]
290,294: [GC (Allocation Failure)  126068K->105260K(141312K), 0,0029275 secs]
290,334: [GC (Allocation Failure)  131884K->100484K(141312K), 0,0035246 secs]
290,366: [GC (Allocation Failure)  127108K->106300K(141312K), 0,0044512 secs]
290,404: [GC (Allocation Failure)  132924K->101484K(141312K), 0,0020635 secs]
290,431: [GC (Allocation Failure)  128108K->107300K(140288K), 0,0054678 secs]
290,469: [GC (Allocation Failure)  132900K->101468K(140800K), 0,0036943 secs]
290,496: [GC (Allocation Failure)  127068K->106252K(140288K), 0,0022460 secs]
290,531: [GC (Allocation Failure)  131852K->100444K(140800K), 0,0015550 secs]
290,557: [GC (Allocation Failure)  126044K->105236K(141312K), 0,0046747 secs]
290,599: [GC (Allocation Failure)  131348K->99876K(140800K), 0,0065524 secs]
290,633: [GC (Allocation Failure)  125988K->105204K(141312K), 0,0048950 secs]
290,676: [GC (Allocation Failure)  131828K->100388K(141312K), 0,0032427 secs]
290,708: [GC (Allocation Failure)  127012K->106196K(141312K), 0,0060885 secs]
290,747: [GC (Allocation Failure)  132820K->101380K(141312K), 0,0026854 secs]
290,773: [GC (Allocation Failure)  128004K->107068K(140288K), 0,0019059 secs]
290,806: [GC (Allocation Failure)  132668K->101204K(140800K), 0,0109188 secs]
290,839: [GC (Allocation Failure)  126804K->105956K(141312K), 0,0033579 secs]
290,873: [GC (Allocation Failure)  132580K->101140K(141312K), 0,0016264 secs]
290,895: [GC (Allocation Failure)  127763K->106956K(140288K), 0,0015353 secs]
290,928: [GC (Allocation Failure)  132556K->101092K(140800K), 0,0010525 secs]
290,951: [GC (Allocation Failure)  126692K->105844K(141312K), 0,0022269 secs]
290,985: [GC (Allocation Failure)  132468K->101028K(141312K), 0,0009079 secs]
291,007: [GC (Allocation Failure)  127652K->106836K(140288K), 0,0025681 secs]
291,042: [GC (Allocation Failure)  132436K->101028K(140800K), 0,0031977 secs]
291,071: [GC (Allocation Failure)  126628K->105812K(141312K), 0,0068825 secs]
291,111: [GC (Allocation Failure)  132436K->101028K(141312K), 0,0026703 secs]
291,136: [GC (Allocation Failure)  127652K->106836K(140288K), 0,0031302 secs]
291,172: [GC (Allocation Failure)  132436K->100996K(140800K), 0,0027008 secs]
291,197: [GC (Allocation Failure)  126596K->105756K(141312K), 0,0015668 secs]
291,231: [GC (Allocation Failure)  132380K->100972K(141312K), 0,0009724 secs]
291,255: [GC (Allocation Failure)  127596K->106812K(140288K), 0,0017899 secs]
291,290: [GC (Allocation Failure)  132412K->100972K(140800K), 0,0009812 secs]
291,313: [GC (Allocation Failure)  126572K->105732K(141312K), 0,0015127 secs]
291,349: [GC (Allocation Failure)  132356K->100916K(141312K), 0,0009636 secs]
291,372: [GC (Allocation Failure)  127540K->106724K(141312K), 0,0019141 secs]
291,407: [GC (Allocation Failure)  133348K->101940K(141312K), 0,0024065 secs]
291,431: [GC (Allocation Failure)  128564K->107780K(140288K), 0,0031296 secs]
291,467: [GC (Allocation Failure)  133380K->101908K(140800K), 0,0011950 secs]
291,490: [GC (Allocation Failure)  127508K->106692K(140288K), 0,0037342 secs]
291,527: [GC (Allocation Failure)  132292K->100884K(140800K), 0,0011008 secs]
291,550: [GC (Allocation Failure)  126484K->105636K(141312K), 0,0029114 secs]
291,586: [GC (Allocation Failure)  132260K->100820K(141312K), 0,0012772 secs]
291,609: [GC (Allocation Failure)  127444K->106628K(141312K), 0,0028441 secs]
291,645: [GC (Allocation Failure)  133252K->101844K(141312K), 0,0023562 secs]
291,673: [GC (Allocation Failure)  128468K->107652K(140288K), 0,0062270 secs]
291,712: [GC (Allocation Failure)  133252K->101820K(140800K), 0,0037150 secs]
291,738: [GC (Allocation Failure)  127420K->106604K(140288K), 0,0025583 secs]
291,773: [GC (Allocation Failure)  132204K->100764K(140800K), 0,0016065 secs]
291,796: [GC (Allocation Failure)  126364K->105548K(141312K), 0,0040221 secs]
291,832: [GC (Allocation Failure)  132172K->100700K(141312K), 0,0042322 secs]
291,858: [GC (Allocation Failure)  127324K->106548K(141312K), 0,0032425 secs]
291,894: [GC (Allocation Failure)  133172K->101796K(141312K), 0,0018976 secs]
291,917: [GC (Allocation Failure)  128420K->107572K(139776K), 0,0016188 secs]
291,950: [GC (Allocation Failure)  133172K->101732K(140800K), 0,0015596 secs]
291,972: [GC (Allocation Failure)  127332K->106484K(141312K), 0,0023271 secs]
292,006: [GC (Allocation Failure)  133108K->101700K(141312K), 0,0016636 secs]
292,029: [GC (Allocation Failure)  128324K->107508K(140288K), 0,0022974 secs]
292,062: [GC (Allocation Failure)  133108K->101700K(140800K), 0,0037661 secs]
292,094: [GC (Allocation Failure)  127300K->106484K(141312K), 0,0041801 secs]
292,131: [GC (Allocation Failure)  133108K->101668K(141312K), 0,0040935 secs]
292,157: [GC (Allocation Failure)  128292K->107444K(140288K), 0,0018291 secs]
292,192: [GC (Allocation Failure)  133044K->101604K(140800K), 0,0020970 secs]
292,216: [GC (Allocation Failure)  127204K->106420K(141312K), 0,0015304 secs]
292,250: [GC (Allocation Failure)  133044K->101604K(141312K), 0,0009913 secs]
292,273: [GC (Allocation Failure)  128228K->107444K(140288K), 0,0037719 secs]
292,310: [GC (Allocation Failure)  133044K->101572K(140800K), 0,0024647 secs]
292,334: [GC (Allocation Failure)  127172K->106396K(141312K), 0,0015557 secs]
292,368: [GC (Allocation Failure)  133020K->101556K(141312K), 0,0022148 secs]
292,392: [GC (Allocation Failure)  128180K->107404K(141312K), 0,0016290 secs]
292,425: [GC (Allocation Failure)  134028K->102588K(141312K), 0,0010111 secs]
292,448: [GC (Allocation Failure)  129212K->108396K(140288K), 0,0028984 secs]
292,484: [GC (Allocation Failure)  133996K->102588K(140800K), 0,0010175 secs]
292,507: [GC (Allocation Failure)  128188K->107340K(140288K), 0,0016741 secs]
292,541: [GC (Allocation Failure)  132940K->101532K(140800K), 0,0019292 secs]
292,565: [GC (Allocation Failure)  127132K->106284K(141312K), 0,0025777 secs]
292,600: [GC (Allocation Failure)  132908K->101468K(141312K), 0,0018722 secs]
292,623: [GC (Allocation Failure)  128092K->107276K(141312K), 0,0028476 secs]
292,659: [GC (Allocation Failure)  133900K->102500K(141312K), 0,0020503 secs]
292,683: [GC (Allocation Failure)  129124K->108340K(140288K), 0,0064800 secs]
292,721: [GC (Allocation Failure)  133940K->102500K(140800K), 0,0017973 secs]
292,744: [GC (Allocation Failure)  128100K->107252K(140288K), 0,0023847 secs]
292,783: [GC (Allocation Failure)  132852K->101412K(140800K), 0,0046449 secs]
292,814: [GC (Allocation Failure)  127012K->106196K(141312K), 0,0042684 secs]
292,851: [GC (Allocation Failure)  132820K->101380K(141312K), 0,0010208 secs]
292,874: [GC (Allocation Failure)  128004K->107188K(141312K), 0,0032236 secs]
292,910: [GC (Allocation Failure)  133812K->102404K(141312K), 0,0051899 secs]
292,937: [GC (Allocation Failure)  129028K->108220K(140288K), 0,0019305 secs]
292,972: [GC (Allocation Failure)  133820K->102428K(140800K), 0,0011692 secs]
292,995: [GC (Allocation Failure)  128028K->107156K(141312K), 0,0035234 secs]
293,032: [GC (Allocation Failure)  133780K->102404K(141312K), 0,0011566 secs]
293,057: [GC (Allocation Failure)  129028K->108220K(140288K), 0,0054367 secs]
293,100: [GC (Allocation Failure)  133820K->102380K(140800K), 0,0019818 secs]
293,127: [GC (Allocation Failure)  127980K->107132K(141312K), 0,0028513 secs]
293,164: [GC (Allocation Failure)  133756K->102348K(141312K), 0,0046349 secs]
293,192: [GC (Allocation Failure)  128972K->108156K(140288K), 0,0036958 secs]
293,228: [GC (Allocation Failure)  133756K->102324K(140800K), 0,0109988 secs]
293,261: [GC (Allocation Failure)  127924K->107108K(141312K), 0,0073992 secs]
293,301: [GC (Allocation Failure)  133732K->102324K(141312K), 0,0015717 secs]
293,324: [GC (Allocation Failure)  128948K->108100K(140288K), 0,0015629 secs]
293,356: [GC (Allocation Failure)  133700K->102324K(140800K), 0,0007946 secs]
293,379: [GC (Allocation Failure)  127924K->107076K(141312K), 0,0015196 secs]
293,413: [GC (Allocation Failure)  133700K->102268K(141312K), 0,0035949 secs]
293,438: [GC (Allocation Failure)  128892K->108116K(140288K), 0,0016671 secs]
293,471: [GC (Allocation Failure)  133716K->102276K(140800K), 0,0016595 secs]
293,494: [GC (Allocation Failure)  127876K->107028K(141312K), 0,0037232 secs]
293,530: [GC (Allocation Failure)  133652K->102220K(141312K), 0,0009000 secs]
293,555: [GC (Allocation Failure)  128844K->108068K(141312K), 0,0050214 secs]
293,593: [GC (Allocation Failure)  134692K->103252K(141312K), 0,0063384 secs]
293,623: [GC (Allocation Failure)  129876K->109092K(140288K), 0,0023763 secs]
293,661: [GC (Allocation Failure)  134692K->103220K(140800K), 0,0053115 secs]
293,689: [GC (Allocation Failure)  128820K->108004K(140288K), 0,0018416 secs]
293,724: [GC (Allocation Failure)  133604K->102164K(140800K), 0,0010357 secs]
293,747: [GC (Allocation Failure)  127764K->106948K(141312K), 0,0018116 secs]
293,782: [GC (Allocation Failure)  133572K->102164K(141312K), 0,0010157 secs]
293,805: [GC (Allocation Failure)  128788K->107948K(141312K), 0,0034199 secs]
293,841: [GC (Allocation Failure)  134572K->103164K(141312K), 0,0012189 secs]
293,864: [GC (Allocation Failure)  129788K->108980K(140288K), 0,0019615 secs]
293,899: [GC (Allocation Failure)  134580K->103108K(140800K), 0,0030463 secs]
293,924: [GC (Allocation Failure)  128708K->107892K(140288K), 0,0018274 secs]
293,959: [GC (Allocation Failure)  133492K->102052K(140800K), 0,0010036 secs]
293,982: [GC (Allocation Failure)  127652K->106900K(141312K), 0,0016374 secs]
294,017: [GC (Allocation Failure)  133524K->102060K(141312K), 0,0012037 secs]
294,041: [GC (Allocation Failure)  128684K->107868K(141312K), 0,0039625 secs]
294,081: [GC (Allocation Failure)  134492K->103052K(141312K), 0,0060030 secs]
294,115: [GC (Allocation Failure)  129676K->108924K(139776K), 0,0049428 secs]
294,157: [GC (Allocation Failure)  134524K->103052K(140800K), 0,0034775 secs]
294,189: [GC (Allocation Failure)  128652K->107812K(141312K), 0,0031418 secs]
294,227: [GC (Allocation Failure)  134436K->103028K(141312K), 0,0022339 secs]
294,253: [GC (Allocation Failure)  129652K->108836K(140288K), 0,0023326 secs]
294,288: [GC (Allocation Failure)  134436K->102996K(140800K), 0,0060558 secs]
294,316: [GC (Allocation Failure)  128596K->107780K(141312K), 0,0026120 secs]
294,351: [GC (Allocation Failure)  134404K->102996K(141312K), 0,0010362 secs]
294,374: [GC (Allocation Failure)  129620K->108772K(140288K), 0,0055899 secs]
294,412: [GC (Allocation Failure)  134372K->102932K(140800K), 0,0016215 secs]
294,434: [GC (Allocation Failure)  128532K->107716K(141312K), 0,0025020 secs]
294,469: [GC (Allocation Failure)  134340K->102932K(141312K), 0,0009790 secs]
294,492: [GC (Allocation Failure)  129556K->108740K(140288K), 0,0016473 secs]
294,526: [GC (Allocation Failure)  134340K->102932K(140800K), 0,0009525 secs]
294,549: [GC (Allocation Failure)  128532K->107660K(141312K), 0,0021905 secs]
294,584: [GC (Allocation Failure)  134284K->102876K(141312K), 0,0009092 secs]
294,606: [GC (Allocation Failure)  129500K->108716K(141312K), 0,0028352 secs]
294,642: [GC (Allocation Failure)  135340K->103868K(141312K), 0,0010997 secs]
294,665: [GC (Allocation Failure)  130492K->109708K(140288K), 0,0028119 secs]
294,700: [GC (Allocation Failure)  135308K->103868K(140800K), 0,0021048 secs]
294,724: [GC (Allocation Failure)  129468K->108652K(140288K), 0,0016138 secs]
294,757: [GC (Allocation Failure)  134252K->102820K(140800K), 0,0030950 secs]
294,782: [GC (Allocation Failure)  128420K->107412K(141312K), 0,0026337 secs]
294,817: [GC (Allocation Failure)  133524K->102084K(140800K), 0,0113540 secs]
294,849: [GC (Allocation Failure)  128196K->107348K(141312K), 0,0031182 secs]
294,884: [GC (Allocation Failure)  133972K->102596K(141312K), 0,0007836 secs]
294,906: [GC (Allocation Failure)  129220K->108372K(140800K), 0,0014773 secs]
294,939: [GC (Allocation Failure)  134996K->103588K(141312K), 0,0008340 secs]
294,962: [GC (Allocation Failure)  130212K->109404K(139776K), 0,0016290 secs]
295,000: [GC (Allocation Failure)  135004K->103596K(140800K), 0,0034106 secs]
295,032: [GC (Allocation Failure)  129196K->108356K(141312K), 0,0064834 secs]
295,073: [GC (Allocation Failure)  134980K->103540K(141312K), 0,0035556 secs]
295,102: [GC (Allocation Failure)  130164K->109356K(140288K), 0,0030118 secs]
295,137: [GC (Allocation Failure)  134956K->103548K(140800K), 0,0012267 secs]
295,160: [GC (Allocation Failure)  129148K->108308K(141312K), 0,0016985 secs]
295,195: [GC (Allocation Failure)  134932K->103572K(141312K), 0,0010984 secs]
295,218: [GC (Allocation Failure)  130196K->109380K(140288K), 0,0019122 secs]
295,253: [GC (Allocation Failure)  134980K->103508K(140800K), 0,0011399 secs]
295,276: [GC (Allocation Failure)  129108K->108268K(141312K), 0,0034619 secs]
295,312: [GC (Allocation Failure)  134892K->103484K(141312K), 0,0011012 secs]
295,335: [GC (Allocation Failure)  130108K->109292K(140288K), 0,0032351 secs]
295,371: [GC (Allocation Failure)  134892K->103452K(140800K), 0,0027850 secs]
295,396: [GC (Allocation Failure)  129052K->108268K(141312K), 0,0018317 secs]
295,431: [GC (Allocation Failure)  134892K->103452K(141312K), 0,0023442 secs]
295,455: [GC (Allocation Failure)  130076K->109228K(140288K), 0,0020856 secs]
295,490: [GC (Allocation Failure)  134828K->103388K(140800K), 0,0035757 secs]
295,516: [GC (Allocation Failure)  128988K->108204K(141312K), 0,0035699 secs]
295,553: [GC (Allocation Failure)  134828K->103396K(141312K), 0,0053320 secs]
295,580: [GC (Allocation Failure)  130020K->109204K(141312K), 0,0035315 secs]
295,616: [GC (Allocation Failure)  135828K->104388K(141312K), 0,0020937 secs]
295,640: [GC (Allocation Failure)  131012K->110260K(140288K), 0,0017430 secs]
295,680: [GC (Allocation Failure)  135860K->104388K(140800K), 0,0035935 secs]
295,711: [GC (Allocation Failure)  129988K->109180K(140288K), 0,0044459 secs]
295,752: [GC (Allocation Failure)  134780K->103340K(140800K), 0,0032351 secs]
295,780: [GC (Allocation Failure)  128940K->108092K(141312K), 0,0064925 secs]
295,820: [GC (Allocation Failure)  134716K->103308K(141312K), 0,0018672 secs]
295,842: [GC (Allocation Failure)  129932K->109084K(141312K), 0,0023344 secs]
295,877: [GC (Allocation Failure)  135708K->104332K(141312K), 0,0016864 secs]
295,900: [GC (Allocation Failure)  130956K->110140K(140288K), 0,0016319 secs]
295,934: [GC (Allocation Failure)  135740K->104300K(140800K), 0,0016763 secs]
295,957: [GC (Allocation Failure)  129900K->109084K(140288K), 0,0023941 secs]
295,990: [GC (Allocation Failure)  134684K->103244K(140800K), 0,0008289 secs]
296,013: [GC (Allocation Failure)  128844K->107996K(141312K), 0,0013434 secs]
296,046: [GC (Allocation Failure)  134620K->103212K(141312K), 0,0008812 secs]
296,073: [GC (Allocation Failure)  129836K->109020K(141312K), 0,0090949 secs]
296,119: [GC (Allocation Failure)  135644K->104236K(141312K), 0,0034005 secs]
296,151: [GC (Allocation Failure)  130860K->110044K(139776K), 0,0045598 secs]
296,192: [GC (Allocation Failure)  135644K->104236K(140800K), 0,0020457 secs]
296,218: [GC (Allocation Failure)  129836K->108956K(141312K), 0,0028579 secs]
296,256: [GC (Allocation Failure)  135580K->104172K(141312K), 0,0019420 secs]
296,283: [GC (Allocation Failure)  130796K->109948K(140288K), 0,0030886 secs]
296,320: [GC (Allocation Failure)  135548K->104180K(140800K), 0,0020456 secs]
296,347: [GC (Allocation Failure)  129780K->108932K(141312K), 0,0029133 secs]
296,385: [GC (Allocation Failure)  135556K->104084K(141312K), 0,0018879 secs]
296,412: [GC (Allocation Failure)  130708K->109924K(140288K), 0,0032815 secs]
296,449: [GC (Allocation Failure)  135524K->104116K(140800K), 0,0043765 secs]
296,477: [GC (Allocation Failure)  129716K->108868K(141312K), 0,0028710 secs]
296,515: [GC (Allocation Failure)  135492K->104084K(141312K), 0,0019418 secs]
296,542: [GC (Allocation Failure)  130708K->109892K(140288K), 0,0032512 secs]
296,579: [GC (Allocation Failure)  135492K->104052K(140800K), 0,0019247 secs]
296,606: [GC (Allocation Failure)  129652K->108836K(141312K), 0,0029633 secs]
296,643: [GC (Allocation Failure)  135460K->104052K(141312K), 0,0020962 secs]
296,670: [GC (Allocation Failure)  130676K->109828K(141312K), 0,0032987 secs]
296,707: [GC (Allocation Failure)  136452K->105044K(141312K), 0,0021247 secs]
296,734: [GC (Allocation Failure)  131668K->110860K(140288K), 0,0033133 secs]
296,771: [GC (Allocation Failure)  136460K->105020K(140800K), 0,0045195 secs]
296,799: [GC (Allocation Failure)  130620K->109772K(140288K), 0,0058602 secs]
296,805: [Full GC (Ergonomics)  109772K->18092K(140288K), 0,0477846 secs]
296,884: [GC (Allocation Failure)  43692K->22924K(140800K), 0,0046739 secs]
296,910: [GC (Allocation Failure)  48524K->28060K(141824K), 0,0042393 secs]
296,946: [GC (Allocation Failure)  55708K->24268K(141824K), 0,0014533 secs]
296,969: [GC (Allocation Failure)  51916K->31108K(139776K), 0,0023774 secs]
297,003: [GC (Allocation Failure)  56708K->25300K(140800K), 0,0031666 secs]
297,028: [GC (Allocation Failure)  50900K->30052K(140288K), 0,0021723 secs]
297,062: [GC (Allocation Failure)  55652K->24212K(140800K), 0,0013367 secs]
297,085: [GC (Allocation Failure)  49812K->29028K(140288K), 0,0013627 secs]
297,119: [GC (Allocation Failure)  54628K->23196K(140800K), 0,0006042 secs]
297,141: [GC (Allocation Failure)  48796K->27916K(141312K), 0,0011963 secs]
297,173: [GC (Allocation Failure)  54540K->23132K(141312K), 0,0006788 secs]
297,195: [GC (Allocation Failure)  49756K->29004K(141312K), 0,0013335 secs]
297,229: [GC (Allocation Failure)  55628K->24196K(141312K), 0,0006653 secs]
297,250: [GC (Allocation Failure)  50820K->29972K(140288K), 0,0022898 secs]
297,284: [GC (Allocation Failure)  55572K->24140K(140800K), 0,0058112 secs]
297,311: [GC (Allocation Failure)  49740K->28956K(141312K), 0,0016203 secs]
297,343: [GC (Allocation Failure)  55580K->24108K(141312K), 0,0006792 secs]
297,365: [GC (Allocation Failure)  50732K->29948K(140288K), 0,0023354 secs]
297,399: [GC (Allocation Failure)  55548K->24076K(140800K), 0,0017103 secs]
297,422: [GC (Allocation Failure)  49676K->28892K(141312K), 0,0014328 secs]
297,455: [GC (Allocation Failure)  55516K->24076K(141312K), 0,0015955 secs]
297,478: [GC (Allocation Failure)  50700K->29924K(140288K), 0,0014134 secs]
297,511: [GC (Allocation Failure)  55524K->24052K(140800K), 0,0034261 secs]
297,536: [GC (Allocation Failure)  49652K->28868K(141312K), 0,0013634 secs]
297,571: [GC (Allocation Failure)  55492K->24052K(141312K), 0,0027949 secs]
297,602: [GC (Allocation Failure)  50676K->29892K(140288K), 0,0035358 secs]
297,639: [GC (Allocation Failure)  55492K->24020K(140800K), 0,0029235 secs]
297,670: [GC (Allocation Failure)  49620K->28804K(141312K), 0,0068849 secs]
297,710: [GC (Allocation Failure)  55428K->23988K(141312K), 0,0015532 secs]
297,735: [GC (Allocation Failure)  50612K->29796K(140288K), 0,0025009 secs]
297,770: [GC (Allocation Failure)  55396K->23988K(140800K), 0,0023701 secs]
297,795: [GC (Allocation Failure)  49588K->28772K(141312K), 0,0019339 secs]
297,830: [GC (Allocation Failure)  55396K->23956K(141312K), 0,0011305 secs]
297,854: [GC (Allocation Failure)  50580K->29764K(141312K), 0,0018699 secs]
297,888: [GC (Allocation Failure)  56388K->24948K(141312K), 0,0012365 secs]
297,913: [GC (Allocation Failure)  51572K->30796K(140288K), 0,0020091 secs]
297,947: [GC (Allocation Failure)  56396K->24892K(140800K), 0,0025027 secs]
297,973: [GC (Allocation Failure)  50492K->29708K(140288K), 0,0036133 secs]
298,009: [GC (Allocation Failure)  55308K->23868K(140800K), 0,0028655 secs]
298,034: [GC (Allocation Failure)  49468K->28620K(141312K), 0,0034916 secs]
298,071: [GC (Allocation Failure)  54732K->23324K(140800K), 0,0026447 secs]
298,096: [GC (Allocation Failure)  49436K->28620K(141312K), 0,0022148 secs]
298,132: [GC (Allocation Failure)  55244K->23836K(141312K), 0,0011377 secs]
298,155: [GC (Allocation Failure)  50460K->29652K(140800K), 0,0019590 secs]
298,190: [GC (Allocation Failure)  56276K->24836K(141312K), 0,0030633 secs]
298,216: [GC (Allocation Failure)  51460K->30644K(139776K), 0,0055999 secs]
298,254: [GC (Allocation Failure)  56244K->24868K(140800K), 0,0012423 secs]
298,279: [GC (Allocation Failure)  50468K->29588K(141312K), 0,0019274 secs]
298,313: [GC (Allocation Failure)  56212K->24804K(141312K), 0,0011720 secs]
298,338: [GC (Allocation Failure)  51428K->30612K(140288K), 0,0022356 secs]
298,373: [GC (Allocation Failure)  56212K->24804K(140800K), 0,0012034 secs]
298,397: [GC (Allocation Failure)  50404K->29556K(141312K), 0,0064300 secs]
298,437: [GC (Allocation Failure)  56180K->24708K(141312K), 0,0044490 secs]
298,463: [GC (Allocation Failure)  51332K->30580K(140288K), 0,0017715 secs]
298,498: [GC (Allocation Failure)  56180K->24716K(140800K), 0,0022141 secs]
298,522: [GC (Allocation Failure)  50316K->29500K(140288K), 0,0015770 secs]
298,557: [GC (Allocation Failure)  55100K->23660K(140800K), 0,0051930 secs]
298,590: [GC (Allocation Failure)  49260K->28444K(141312K), 0,0043283 secs]
298,633: [GC (Allocation Failure)  55068K->23660K(141312K), 0,0024029 secs]
298,664: [GC (Allocation Failure)  50284K->29452K(141312K), 0,0050791 secs]
298,705: [GC (Allocation Failure)  56076K->24636K(141312K), 0,0027463 secs]
298,735: [GC (Allocation Failure)  51260K->30476K(140800K), 0,0020361 secs]
298,770: [GC (Allocation Failure)  57100K->25596K(141312K), 0,0032802 secs]
298,796: [GC (Allocation Failure)  52220K->31276K(139776K), 0,0017964 secs]
298,831: [GC (Allocation Failure)  56876K->25436K(140800K), 0,0030382 secs]
298,856: [GC (Allocation Failure)  51036K->30220K(140288K), 0,0014053 secs]
298,890: [GC (Allocation Failure)  55820K->24356K(140800K), 0,0006817 secs]
298,912: [GC (Allocation Failure)  49956K->29140K(141312K), 0,0021816 secs]
298,946: [GC (Allocation Failure)  55764K->24324K(141312K), 0,0006771 secs]
298,967: [GC (Allocation Failure)  50948K->30164K(141312K), 0,0013607 secs]
298,999: [GC (Allocation Failure)  56788K->25380K(141312K), 0,0007642 secs]
299,021: [GC (Allocation Failure)  52004K->31156K(140288K), 0,0014718 secs]
299,055: [GC (Allocation Failure)  56756K->25380K(140800K), 0,0007760 secs]
299,076: [GC (Allocation Failure)  50980K->30100K(140288K), 0,0022339 secs]
299,111: [GC (Allocation Failure)  55700K->24292K(140800K), 0,0006490 secs]
299,132: [GC (Allocation Failure)  49892K->29076K(141312K), 0,0012653 secs]
299,166: [GC (Allocation Failure)  55700K->24260K(141312K), 0,0016090 secs]
299,189: [GC (Allocation Failure)  50884K->30036K(141312K), 0,0014120 secs]
299,223: [GC (Allocation Failure)  56660K->25252K(141312K), 0,0008518 secs]
299,250: [GC (Allocation Failure)  51876K->31060K(139776K), 0,0045750 secs]
299,289: [GC (Allocation Failure)  56660K->25220K(140800K), 0,0073429 secs]
299,320: [GC (Allocation Failure)  50820K->30036K(141312K), 0,0019173 secs]
299,358: [GC (Allocation Failure)  56660K->25236K(141312K), 0,0029047 secs]
299,389: [GC (Allocation Failure)  51860K->31012K(140288K), 0,0032409 secs]
299,427: [GC (Allocation Failure)  56612K->25204K(140800K), 0,0041279 secs]
299,455: [GC (Allocation Failure)  50804K->29988K(141312K), 0,0026091 secs]
299,492: [GC (Allocation Failure)  56612K->25172K(141312K), 0,0052747 secs]
299,521: [GC (Allocation Failure)  51796K->30980K(140288K), 0,0035770 secs]
299,561: [GC (Allocation Failure)  56580K->25172K(140800K), 0,0027327 secs]
299,592: [GC (Allocation Failure)  50772K->29924K(141312K), 0,0074447 secs]
299,637: [GC (Allocation Failure)  56548K->25140K(141312K), 0,0026305 secs]
299,668: [GC (Allocation Failure)  51764K->30948K(140288K), 0,0032771 secs]
299,706: [GC (Allocation Failure)  56548K->25140K(140800K), 0,0016592 secs]
299,731: [GC (Allocation Failure)  50740K->29892K(141312K), 0,0025179 secs]
299,768: [GC (Allocation Failure)  56516K->25044K(141312K), 0,0015906 secs]
299,794: [GC (Allocation Failure)  51668K->30884K(140288K), 0,0026002 secs]
299,831: [GC (Allocation Failure)  56484K->25044K(140800K), 0,0021578 secs]
299,858: [GC (Allocation Failure)  50644K->29828K(141312K), 0,0024065 secs]
299,895: [GC (Allocation Failure)  56452K->25044K(141312K), 0,0014651 secs]
299,921: [GC (Allocation Failure)  51668K->30820K(141312K), 0,0046148 secs]
299,958: [GC (Allocation Failure)  57444K->26004K(141312K), 0,0041731 secs]
299,985: [GC (Allocation Failure)  52628K->31844K(140288K), 0,0021725 secs]
300,019: [GC (Allocation Failure)  57444K->26036K(140800K), 0,0012861 secs]
300,044: [GC (Allocation Failure)  51636K->30788K(140288K), 0,0030886 secs]
300,080: [GC (Allocation Failure)  56388K->24948K(140800K), 0,0034183 secs]
300,107: [GC (Allocation Failure)  50548K->29740K(141312K), 0,0024086 secs]
300,142: [GC (Allocation Failure)  56364K->24924K(141312K), 0,0013849 secs]
300,167: [GC (Allocation Failure)  51548K->30732K(141312K), 0,0045065 secs]
300,204: [GC (Allocation Failure)  57356K->25980K(141312K), 0,0015284 secs]
300,229: [GC (Allocation Failure)  52604K->31764K(140288K), 0,0053683 secs]
300,267: [GC (Allocation Failure)  57364K->25892K(140800K), 0,0020108 secs]
300,297: [GC (Allocation Failure)  51492K->30708K(140288K), 0,0042596 secs]
300,339: [GC (Allocation Failure)  56308K->24884K(140800K), 0,0025267 secs]
300,370: [GC (Allocation Failure)  50484K->29636K(141312K), 0,0040475 secs]
300,408: [GC (Allocation Failure)  56260K->24852K(141312K), 0,0037751 secs]
300,435: [GC (Allocation Failure)  51476K->30692K(141312K), 0,0034230 secs]
300,472: [GC (Allocation Failure)  57316K->25876K(141312K), 0,0022008 secs]
300,496: [GC (Allocation Failure)  52500K->31684K(139776K), 0,0029068 secs]
300,532: [GC (Allocation Failure)  57284K->25812K(140800K), 0,0042400 secs]
300,558: [GC (Allocation Failure)  51412K->30628K(141312K), 0,0029568 secs]
300,594: [GC (Allocation Failure)  57252K->25860K(141312K), 0,0009039 secs]
300,617: [GC (Allocation Failure)  52484K->31636K(140288K), 0,0017189 secs]
300,652: [GC (Allocation Failure)  57236K->25828K(140800K), 0,0009802 secs]
300,675: [GC (Allocation Failure)  51428K->30612K(141312K), 0,0014990 secs]
300,710: [GC (Allocation Failure)  57236K->25796K(141312K), 0,0017342 secs]
300,735: [GC (Allocation Failure)  52420K->31604K(140288K), 0,0019382 secs]
300,769: [GC (Allocation Failure)  57204K->25764K(140800K), 0,0031133 secs]
300,796: [GC (Allocation Failure)  51364K->30548K(141312K), 0,0021137 secs]
300,831: [GC (Allocation Failure)  57172K->25764K(141312K), 0,0013277 secs]
300,856: [GC (Allocation Failure)  52388K->31540K(140288K), 0,0023082 secs]
300,891: [GC (Allocation Failure)  57140K->25700K(140800K), 0,0025591 secs]
300,917: [GC (Allocation Failure)  51300K->30484K(141312K), 0,0040281 secs]
300,954: [GC (Allocation Failure)  57108K->25700K(141312K), 0,0013083 secs]
300,979: [GC (Allocation Failure)  52324K->31508K(141312K), 0,0021889 secs]
301,014: [GC (Allocation Failure)  58132K->26700K(141312K), 0,0064234 secs]
301,044: [GC (Allocation Failure)  53324K->32508K(140288K), 0,0028033 secs]
301,079: [GC (Allocation Failure)  58108K->26700K(140800K), 0,0011707 secs]
301,104: [GC (Allocation Failure)  52300K->31428K(140288K), 0,0065317 secs]
301,144: [GC (Allocation Failure)  57028K->25652K(140800K), 0,0015720 secs]
301,170: [GC (Allocation Failure)  51252K->30404K(141312K), 0,0040078 secs]
301,207: [GC (Allocation Failure)  57028K->25588K(141312K), 0,0010648 secs]
301,231: [GC (Allocation Failure)  52212K->31396K(141312K), 0,0040627 secs]
301,267: [GC (Allocation Failure)  58020K->26612K(141312K), 0,0022920 secs]
301,293: [GC (Allocation Failure)  53236K->32420K(140288K), 0,0036217 secs]
301,329: [GC (Allocation Failure)  58020K->26612K(140800K), 0,0046960 secs]
301,357: [GC (Allocation Failure)  52212K->31364K(140288K), 0,0018557 secs]
301,391: [GC (Allocation Failure)  56964K->25524K(140800K), 0,0010096 secs]
301,414: [GC (Allocation Failure)  51124K->30308K(141312K), 0,0017941 secs]
301,454: [GC (Allocation Failure)  56932K->25492K(141312K), 0,0062685 secs]
301,483: [GC (Allocation Failure)  52116K->31332K(141312K), 0,0016482 secs]
301,517: [GC (Allocation Failure)  57956K->26516K(141312K), 0,0036956 secs]
301,543: [GC (Allocation Failure)  53140K->32324K(140288K), 0,0025422 secs]
301,578: [GC (Allocation Failure)  57924K->26484K(140800K), 0,0034133 secs]
301,603: [GC (Allocation Failure)  52084K->31236K(141312K), 0,0070135 secs]
301,643: [GC (Allocation Failure)  57860K->26484K(141312K), 0,0008417 secs]
301,665: [GC (Allocation Failure)  53108K->32292K(140288K), 0,0015062 secs]
301,699: [GC (Allocation Failure)  57892K->26452K(140800K), 0,0006827 secs]
301,725: [GC (Allocation Failure)  52052K->31268K(141312K), 0,0042005 secs]
301,766: [GC (Allocation Failure)  57892K->26420K(141312K), 0,0080308 secs]
301,798: [GC (Allocation Failure)  53044K->32228K(140288K), 0,0032521 secs]
301,836: [GC (Allocation Failure)  57828K->26388K(140800K), 0,0054367 secs]
301,864: [GC (Allocation Failure)  51988K->31172K(141312K), 0,0015877 secs]
301,899: [GC (Allocation Failure)  57796K->26356K(141312K), 0,0023331 secs]
301,923: [GC (Allocation Failure)  52980K->32172K(140288K), 0,0030673 secs]
301,959: [GC (Allocation Failure)  57772K->26364K(140800K), 0,0008655 secs]
301,982: [GC (Allocation Failure)  51964K->31116K(141312K), 0,0015795 secs]
302,016: [GC (Allocation Failure)  57740K->26340K(141312K), 0,0009512 secs]
302,039: [GC (Allocation Failure)  52964K->32148K(140288K), 0,0032875 secs]
302,077: [GC (Allocation Failure)  57748K->26340K(140800K), 0,0026164 secs]
302,108: [GC (Allocation Failure)  51940K->31092K(141312K), 0,0072651 secs]
302,148: [GC (Allocation Failure)  57716K->26276K(141312K), 0,0032269 secs]
302,173: [GC (Allocation Failure)  52900K->32084K(141312K), 0,0028540 secs]
302,209: [GC (Allocation Failure)  58708K->27300K(141312K), 0,0021277 secs]
302,234: [GC (Allocation Failure)  53924K->33108K(140288K), 0,0032084 secs]
302,269: [GC (Allocation Failure)  58708K->27268K(140800K), 0,0036258 secs]
302,295: [GC (Allocation Failure)  52868K->32060K(140288K), 0,0016045 secs]
302,330: [GC (Allocation Failure)  57660K->26188K(140800K), 0,0023455 secs]
302,354: [GC (Allocation Failure)  51788K->31044K(141312K), 0,0017717 secs]
302,389: [GC (Allocation Failure)  57668K->26228K(141312K), 0,0008473 secs]
302,412: [GC (Allocation Failure)  52852K->32036K(141312K), 0,0074542 secs]
302,452: [GC (Allocation Failure)  58660K->27252K(141312K), 0,0009516 secs]
302,474: [GC (Allocation Failure)  53876K->33028K(140288K), 0,0015424 secs]
302,512: [GC (Allocation Failure)  58628K->27188K(140800K), 0,0042586 secs]
302,545: [GC (Allocation Failure)  52788K->31972K(140288K), 0,0050222 secs]
302,585: [GC (Allocation Failure)  57572K->26132K(140800K), 0,0040470 secs]
302,611: [GC (Allocation Failure)  51732K->30852K(141312K), 0,0045321 secs]
302,648: [GC (Allocation Failure)  57476K->26100K(141312K), 0,0009285 secs]
302,671: [GC (Allocation Failure)  52724K->31908K(141312K), 0,0016301 secs]
302,706: [GC (Allocation Failure)  58532K->27140K(141312K), 0,0021066 secs]
302,730: [GC (Allocation Failure)  53764K->32924K(139776K), 0,0016709 secs]
302,765: [GC (Allocation Failure)  58524K->27148K(140800K), 0,0021802 secs]
302,789: [GC (Allocation Failure)  52748K->31708K(141312K), 0,0020683 secs]
302,823: [GC (Allocation Failure)  58332K->26924K(141312K), 0,0041163 secs]
302,849: [GC (Allocation Failure)  53548K->32700K(140288K), 0,0021212 secs]
302,884: [GC (Allocation Failure)  58300K->26860K(140800K), 0,0033193 secs]
302,911: [GC (Allocation Failure)  52460K->31620K(141312K), 0,0040837 secs]
302,952: [GC (Allocation Failure)  58244K->26836K(141312K), 0,0026489 secs]
302,983: [GC (Allocation Failure)  53460K->32644K(141312K), 0,0047918 secs]
303,021: [GC (Allocation Failure)  59268K->27868K(141312K), 0,0029972 secs]
303,047: [GC (Allocation Failure)  54492K->33676K(140288K), 0,0027820 secs]
303,082: [GC (Allocation Failure)  59276K->27844K(140800K), 0,0012731 secs]
303,107: [GC (Allocation Failure)  53444K->32628K(140288K), 0,0035307 secs]
303,143: [GC (Allocation Failure)  58228K->26788K(140800K), 0,0027434 secs]
303,168: [GC (Allocation Failure)  52388K->31580K(141312K), 0,0063739 secs]
303,208: [GC (Allocation Failure)  58204K->26764K(141312K), 0,0010358 secs]
303,231: [GC (Allocation Failure)  53388K->32572K(140288K), 0,0025003 secs]
303,266: [GC (Allocation Failure)  58172K->26732K(140800K), 0,0008505 secs]
303,289: [GC (Allocation Failure)  52332K->31516K(141312K), 0,0015900 secs]
303,324: [GC (Allocation Failure)  58140K->26700K(141312K), 0,0009392 secs]
303,347: [GC (Allocation Failure)  53324K->32540K(141312K), 0,0016220 secs]
303,382: [GC (Allocation Failure)  59164K->27724K(141312K), 0,0021377 secs]
303,406: [GC (Allocation Failure)  54348K->33564K(139776K), 0,0018387 secs]
303,441: [GC (Allocation Failure)  59164K->27692K(140800K), 0,0021791 secs]
303,467: [GC (Allocation Failure)  53292K->32508K(140288K), 0,0046144 secs]
303,509: [GC (Allocation Failure)  58108K->26636K(140800K), 0,0051974 secs]
303,541: [GC (Allocation Failure)  52236K->31420K(141312K), 0,0045173 secs]
303,580: [GC (Allocation Failure)  58044K->26604K(141312K), 0,0010383 secs]
303,604: [GC (Allocation Failure)  53228K->32444K(141312K), 0,0019765 secs]
303,638: [GC (Allocation Failure)  59068K->27628K(141312K), 0,0037141 secs]
303,665: [GC (Allocation Failure)  54252K->33436K(139776K), 0,0037236 secs]
303,701: [GC (Allocation Failure)  59036K->27628K(140800K), 0,0042096 secs]
303,727: [GC (Allocation Failure)  53228K->32380K(141312K), 0,0019205 secs]
303,762: [GC (Allocation Failure)  59004K->27564K(141312K), 0,0027341 secs]
303,788: [GC (Allocation Failure)  54188K->33404K(140288K), 0,0037451 secs]
303,824: [GC (Allocation Failure)  59004K->27540K(140800K), 0,0043785 secs]
303,855: [GC (Allocation Failure)  53140K->32356K(141312K), 0,0091317 secs]
303,897: [GC (Allocation Failure)  58980K->27548K(141312K), 0,0027647 secs]
303,923: [GC (Allocation Failure)  54172K->33324K(140288K), 0,0067566 secs]
303,964: [GC (Allocation Failure)  58924K->27516K(140800K), 0,0027018 secs]
303,995: [GC (Allocation Failure)  53116K->32268K(141312K), 0,0041304 secs]
304,036: [GC (Allocation Failure)  58892K->27484K(141312K), 0,0051591 secs]
304,063: [GC (Allocation Failure)  54108K->33292K(140288K), 0,0030328 secs]
304,099: [GC (Allocation Failure)  58892K->27484K(140800K), 0,0022233 secs]
304,123: [GC (Allocation Failure)  53084K->32236K(141312K), 0,0030852 secs]
304,159: [GC (Allocation Failure)  58860K->27484K(141312K), 0,0009245 secs]
304,182: [GC (Allocation Failure)  54108K->33236K(141312K), 0,0029063 secs]
304,218: [GC (Allocation Failure)  59860K->28484K(141312K), 0,0033489 secs]
304,245: [GC (Allocation Failure)  55108K->34300K(140288K), 0,0017796 secs]
304,279: [GC (Allocation Failure)  59900K->28492K(140800K), 0,0010433 secs]
304,306: [GC (Allocation Failure)  54092K->33212K(140288K), 0,0044013 secs]
304,348: [GC (Allocation Failure)  58812K->27412K(140800K), 0,0026182 secs]
304,379: [GC (Allocation Failure)  53012K->32140K(141312K), 0,0040783 secs]
304,419: [GC (Allocation Failure)  58764K->27388K(141312K), 0,0015760 secs]
304,446: [GC (Allocation Failure)  54012K->33172K(141312K), 0,0061505 secs]
304,485: [GC (Allocation Failure)  59796K->28420K(141312K), 0,0013647 secs]
304,510: [GC (Allocation Failure)  55044K->34204K(140288K), 0,0068304 secs]
304,553: [GC (Allocation Failure)  59804K->28364K(140800K), 0,0029625 secs]
304,584: [GC (Allocation Failure)  53964K->33180K(140288K), 0,0055087 secs]
304,622: [GC (Allocation Failure)  58780K->27308K(140800K), 0,0010125 secs]
304,645: [GC (Allocation Failure)  52908K->32092K(141312K), 0,0017625 secs]
304,684: [GC (Allocation Failure)  58716K->27276K(141312K), 0,0069919 secs]
304,717: [GC (Allocation Failure)  53900K->33116K(141312K), 0,0024398 secs]
304,752: [GC (Allocation Failure)  59740K->28300K(141312K), 0,0029916 secs]
304,778: [GC (Allocation Failure)  54924K->34108K(140288K), 0,0037307 secs]
304,814: [GC (Allocation Failure)  59708K->28276K(140800K), 0,0027597 secs]
304,839: [GC (Allocation Failure)  53876K->33028K(141312K), 0,0036267 secs]
304,876: [GC (Allocation Failure)  59652K->28244K(141312K), 0,0022622 secs]
304,900: [GC (Allocation Failure)  54868K->34116K(140288K), 0,0017423 secs]
304,935: [GC (Allocation Failure)  59716K->28244K(140800K), 0,0033314 secs]
304,960: [GC (Allocation Failure)  53844K->33036K(141312K), 0,0028683 secs]
304,996: [GC (Allocation Failure)  59660K->28188K(141312K), 0,0032635 secs]
305,021: [GC (Allocation Failure)  54812K->33996K(140288K), 0,0028339 secs]
305,057: [GC (Allocation Failure)  59596K->28188K(140800K), 0,0029005 secs]
305,082: [GC (Allocation Failure)  53788K->32972K(141312K), 0,0024573 secs]
305,117: [GC (Allocation Failure)  59596K->28156K(141312K), 0,0021517 secs]
305,141: [GC (Allocation Failure)  54780K->33996K(140288K), 0,0019381 secs]
305,176: [GC (Allocation Failure)  59596K->28124K(140800K), 0,0045426 secs]
305,202: [GC (Allocation Failure)  53724K->32948K(141312K), 0,0031008 secs]
305,238: [GC (Allocation Failure)  59572K->28140K(141312K), 0,0008866 secs]
305,261: [GC (Allocation Failure)  54764K->33948K(140288K), 0,0029817 secs]
305,297: [GC (Allocation Failure)  59548K->28076K(140800K), 0,0021512 secs]
305,328: [GC (Allocation Failure)  53676K->32900K(141312K), 0,0055307 secs]
305,366: [GC (Allocation Failure)  59524K->28084K(141312K), 0,0026925 secs]
305,397: [GC (Allocation Failure)  54708K->33924K(141312K), 0,0044169 secs]
305,440: [GC (Allocation Failure)  60548K->29140K(141312K), 0,0029817 secs]
305,470: [GC (Allocation Failure)  55764K->34948K(140288K), 0,0031308 secs]
305,506: [GC (Allocation Failure)  60548K->29076K(140800K), 0,0034490 secs]
305,532: [GC (Allocation Failure)  54676K->33868K(140288K), 0,0016500 secs]
305,569: [GC (Allocation Failure)  59468K->28028K(140800K), 0,0025293 secs]
305,600: [GC (Allocation Failure)  53628K->32812K(141312K), 0,0067134 secs]
305,643: [GC (Allocation Failure)  59436K->27996K(141312K), 0,0036271 secs]
305,670: [GC (Allocation Failure)  54620K->33804K(141312K), 0,0026675 secs]
305,706: [GC (Allocation Failure)  60428K->29020K(141312K), 0,0012391 secs]
305,729: [GC (Allocation Failure)  55644K->34860K(140288K), 0,0018063 secs]
305,764: [GC (Allocation Failure)  60460K->29020K(140800K), 0,0010312 secs]
305,787: [GC (Allocation Failure)  54620K->33772K(140288K), 0,0016565 secs]
305,822: [GC (Allocation Failure)  59372K->27940K(140800K), 0,0012771 secs]
305,845: [GC (Allocation Failure)  53540K->32732K(141312K), 0,0014260 secs]
305,879: [GC (Allocation Failure)  59356K->27916K(141312K), 0,0021387 secs]
305,903: [GC (Allocation Failure)  54540K->33756K(141312K), 0,0016607 secs]
305,938: [GC (Allocation Failure)  60380K->28948K(141312K), 0,0011883 secs]
305,961: [GC (Allocation Failure)  55572K->34756K(139776K), 0,0016669 secs]
305,996: [GC (Allocation Failure)  60356K->28932K(140800K), 0,0009901 secs]
306,019: [GC (Allocation Failure)  54532K->33724K(141312K), 0,0016553 secs]
306,054: [GC (Allocation Failure)  60348K->28908K(141312K), 0,0020835 secs]
306,078: [GC (Allocation Failure)  55532K->34716K(140288K), 0,0029362 secs]
306,114: [GC (Allocation Failure)  60316K->28908K(140800K), 0,0020583 secs]
306,138: [GC (Allocation Failure)  54508K->33692K(141312K), 0,0015872 secs]
306,173: [GC (Allocation Failure)  60316K->28876K(141312K), 0,0010541 secs]
306,196: [GC (Allocation Failure)  55500K->34684K(140288K), 0,0016981 secs]
306,231: [GC (Allocation Failure)  60284K->28844K(140800K), 0,0030261 secs]
306,256: [GC (Allocation Failure)  54444K->33660K(141312K), 0,0015395 secs]
306,291: [GC (Allocation Failure)  60284K->28828K(141312K), 0,0008763 secs]
306,314: [GC (Allocation Failure)  55452K->34668K(140288K), 0,0024835 secs]
306,350: [GC (Allocation Failure)  60268K->28828K(140800K), 0,0009358 secs]
306,373: [GC (Allocation Failure)  54428K->33580K(141312K), 0,0016301 secs]
306,408: [GC (Allocation Failure)  60204K->28764K(141312K), 0,0020989 secs]
306,432: [GC (Allocation Failure)  55388K->34604K(140288K), 0,0016786 secs]
306,467: [GC (Allocation Failure)  60204K->28772K(140800K), 0,0008946 secs]
306,490: [GC (Allocation Failure)  54372K->33556K(141312K), 0,0017291 secs]
306,530: [GC (Allocation Failure)  60180K->28772K(141312K), 0,0026229 secs]
306,560: [GC (Allocation Failure)  55396K->34548K(141312K), 0,0044369 secs]
306,603: [GC (Allocation Failure)  61172K->29732K(141312K), 0,0048733 secs]
306,630: [GC (Allocation Failure)  56356K->35572K(140288K), 0,0025894 secs]
306,666: [GC (Allocation Failure)  61172K->29740K(140800K), 0,0016174 secs]
306,690: [GC (Allocation Failure)  55340K->34532K(140288K), 0,0015692 secs]
306,725: [GC (Allocation Failure)  60132K->28660K(140800K), 0,0014271 secs]
306,748: [GC (Allocation Failure)  54260K->33444K(141312K), 0,0033776 secs]
306,784: [GC (Allocation Failure)  60068K->28468K(141312K), 0,0014234 secs]
306,807: [GC (Allocation Failure)  55092K->34276K(141312K), 0,0029383 secs]
306,843: [GC (Allocation Failure)  60900K->29460K(141312K), 0,0006540 secs]
306,864: [GC (Allocation Failure)  56084K->35268K(140288K), 0,0014737 secs]
306,897: [GC (Allocation Failure)  60868K->29396K(140800K), 0,0014835 secs]
306,920: [GC (Allocation Failure)  54996K->34148K(141312K), 0,0020617 secs]
306,954: [GC (Allocation Failure)  60772K->29364K(141312K), 0,0014612 secs]
306,976: [GC (Allocation Failure)  55988K->35204K(140288K), 0,0014707 secs]
307,008: [GC (Allocation Failure)  60804K->29332K(140800K), 0,0011630 secs]
307,031: [GC (Allocation Failure)  54932K->34116K(141312K), 0,0026275 secs]
307,069: [GC (Allocation Failure)  60740K->29332K(141312K), 0,0042263 secs]
307,101: [GC (Allocation Failure)  55956K->35140K(140288K), 0,0038301 secs]
307,140: [GC (Allocation Failure)  60740K->29332K(140800K), 0,0015404 secs]
307,165: [GC (Allocation Failure)  54932K->34084K(141312K), 0,0049488 secs]
307,203: [GC (Allocation Failure)  60708K->29268K(141312K), 0,0037422 secs]
307,231: [GC (Allocation Failure)  55892K->35116K(140288K), 0,0039932 secs]
307,269: [GC (Allocation Failure)  60716K->29276K(140800K), 0,0019485 secs]
307,296: [GC (Allocation Failure)  54876K->34028K(141312K), 0,0024760 secs]
307,332: [GC (Allocation Failure)  60652K->29244K(141312K), 0,0015978 secs]
307,359: [GC (Allocation Failure)  55868K->35052K(141312K), 0,0026059 secs]
307,396: [GC (Allocation Failure)  61676K->30236K(141312K), 0,0017053 secs]
307,422: [GC (Allocation Failure)  56860K->36044K(140288K), 0,0028073 secs]
307,459: [GC (Allocation Failure)  61644K->30236K(140800K), 0,0018303 secs]
307,486: [GC (Allocation Failure)  55836K->34988K(140288K), 0,0026184 secs]
307,523: [GC (Allocation Failure)  60588K->29180K(140800K), 0,0015993 secs]
307,550: [GC (Allocation Failure)  54780K->33932K(141312K), 0,0023541 secs]
307,587: [GC (Allocation Failure)  60556K->29148K(141312K), 0,0015036 secs]
307,612: [GC (Allocation Failure)  55772K->34956K(141312K), 0,0050709 secs]
307,652: [GC (Allocation Failure)  61580K->30140K(141312K), 0,0029822 secs]
307,677: [GC (Allocation Failure)  56764K->35980K(140288K), 0,0018670 secs]
307,712: [GC (Allocation Failure)  61580K->30140K(140800K), 0,0008940 secs]
307,735: [GC (Allocation Failure)  55740K->34924K(140288K), 0,0024682 secs]
307,770: [GC (Allocation Failure)  60524K->29052K(140800K), 0,0013152 secs]
307,793: [GC (Allocation Failure)  54652K->33876K(141312K), 0,0020034 secs]
307,827: [GC (Allocation Failure)  60500K->29060K(141312K), 0,0008085 secs]
307,850: [GC (Allocation Failure)  55684K->34836K(141312K), 0,0026610 secs]
307,885: [GC (Allocation Failure)  61460K->30084K(141312K), 0,0007775 secs]
307,908: [GC (Allocation Failure)  56708K->35892K(139776K), 0,0026624 secs]
307,943: [GC (Allocation Failure)  61492K->30052K(140800K), 0,0010419 secs]
307,966: [GC (Allocation Failure)  55652K->34868K(141312K), 0,0015663 secs]
308,000: [GC (Allocation Failure)  61492K->30020K(141312K), 0,0008899 secs]
308,023: [GC (Allocation Failure)  56644K->35828K(140288K), 0,0016381 secs]
308,057: [GC (Allocation Failure)  61428K->29988K(140800K), 0,0033672 secs]
308,082: [GC (Allocation Failure)  55588K->34772K(141312K), 0,0015300 secs]
308,116: [GC (Allocation Failure)  61396K->29988K(141312K), 0,0009748 secs]
308,139: [GC (Allocation Failure)  56612K->35804K(140288K), 0,0017347 secs]
308,174: [GC (Allocation Failure)  61404K->29964K(140800K), 0,0008837 secs]
308,197: [GC (Allocation Failure)  55564K->34684K(141312K), 0,0024640 secs]
308,232: [GC (Allocation Failure)  61308K->29900K(141312K), 0,0022174 secs]
308,256: [GC (Allocation Failure)  56524K->35716K(140288K), 0,0027329 secs]
308,292: [GC (Allocation Failure)  61316K->29940K(140800K), 0,0010496 secs]
308,315: [GC (Allocation Failure)  55540K->34692K(141312K), 0,0015392 secs]
308,349: [GC (Allocation Failure)  61316K->29844K(141312K), 0,0017256 secs]
308,373: [GC (Allocation Failure)  56468K->35724K(140288K), 0,0016819 secs]
308,408: [GC (Allocation Failure)  61324K->29852K(140800K), 0,0019104 secs]
308,432: [GC (Allocation Failure)  55452K->34636K(141312K), 0,0037730 secs]
308,469: [GC (Allocation Failure)  61260K->29828K(141312K), 0,0020258 secs]
308,493: [GC (Allocation Failure)  56452K->35636K(141312K), 0,0037684 secs]
308,530: [GC (Allocation Failure)  62260K->30852K(141312K), 0,0031290 secs]
308,557: [GC (Allocation Failure)  57476K->36660K(140288K), 0,0053353 secs]
308,600: [GC (Allocation Failure)  62260K->30852K(140800K), 0,0017983 secs]
308,626: [GC (Allocation Failure)  56452K->35604K(140288K), 0,0026384 secs]
308,662: [GC (Allocation Failure)  61204K->29796K(140800K), 0,0016603 secs]
308,688: [GC (Allocation Failure)  55396K->34516K(141312K), 0,0024469 secs]
308,725: [GC (Allocation Failure)  61140K->29700K(141312K), 0,0031710 secs]
308,755: [GC (Allocation Failure)  56324K->35604K(141312K), 0,0043678 secs]
308,798: [GC (Allocation Failure)  62228K->30756K(141312K), 0,0028541 secs]
308,829: [GC (Allocation Failure)  57380K->36604K(140288K), 0,0046066 secs]
308,870: [GC (Allocation Failure)  62204K->30732K(140800K), 0,0077057 secs]
308,903: [GC (Allocation Failure)  56332K->35500K(140288K), 0,0030317 secs]
308,941: [GC (Allocation Failure)  61100K->29692K(140800K), 0,0041785 secs]
308,970: [GC (Allocation Failure)  55292K->34476K(141312K), 0,0023395 secs]
309,006: [GC (Allocation Failure)  61100K->29692K(141312K), 0,0038118 secs]
309,034: [GC (Allocation Failure)  56316K->35500K(141312K), 0,0025063 secs]
309,071: [GC (Allocation Failure)  62124K->30684K(141312K), 0,0035643 secs]
309,100: [GC (Allocation Failure)  57308K->36500K(139776K), 0,0048094 secs]
309,138: [GC (Allocation Failure)  62100K->30628K(140800K), 0,0037666 secs]
309,165: [GC (Allocation Failure)  56228K->35420K(141312K), 0,0020023 secs]
309,199: [GC (Allocation Failure)  62044K->30636K(141312K), 0,0011589 secs]
309,223: [GC (Allocation Failure)  57260K->36476K(140288K), 0,0024065 secs]
309,258: [GC (Allocation Failure)  62076K->30604K(140800K), 0,0014820 secs]
309,283: [GC (Allocation Failure)  56204K->35452K(141312K), 0,0022385 secs]
309,318: [GC (Allocation Failure)  62076K->30636K(141312K), 0,0014282 secs]
309,343: [GC (Allocation Failure)  57260K->36412K(140288K), 0,0026079 secs]
309,378: [GC (Allocation Failure)  62012K->30604K(140800K), 0,0014655 secs]
309,403: [GC (Allocation Failure)  56204K->35388K(141312K), 0,0023920 secs]
309,438: [GC (Allocation Failure)  62012K->30540K(141312K), 0,0035280 secs]
309,465: [GC (Allocation Failure)  57164K->36348K(140288K), 0,0045230 secs]
309,502: [GC (Allocation Failure)  61948K->30540K(140800K), 0,0026163 secs]
309,527: [GC (Allocation Failure)  56140K->35300K(141312K), 0,0052209 secs]
309,569: [GC (Allocation Failure)  61924K->30516K(141312K), 0,0015771 secs]
309,595: [GC (Allocation Failure)  57140K->36332K(141312K), 0,0028445 secs]
309,632: [GC (Allocation Failure)  62956K->31516K(141312K), 0,0042185 secs]
309,663: [GC (Allocation Failure)  58140K->37364K(140288K), 0,0047938 secs]
309,706: [GC (Allocation Failure)  62964K->31524K(140800K), 0,0079499 secs]
309,736: [GC (Allocation Failure)  57124K->36276K(140288K), 0,0028033 secs]
309,772: [GC (Allocation Failure)  61876K->30436K(140800K), 0,0008163 secs]
309,795: [GC (Allocation Failure)  56036K->35220K(141312K), 0,0013314 secs]
309,829: [GC (Allocation Failure)  61844K->30404K(141312K), 0,0017876 secs]
309,853: [GC (Allocation Failure)  57028K->36252K(141312K), 0,0056673 secs]
309,891: [GC (Allocation Failure)  62876K->31436K(141312K), 0,0019187 secs]
309,915: [GC (Allocation Failure)  58060K->37284K(140288K), 0,0016673 secs]
309,950: [GC (Allocation Failure)  62884K->31412K(140800K), 0,0032276 secs]
309,975: [GC (Allocation Failure)  57012K->36196K(140288K), 0,0016439 secs]
310,010: [GC (Allocation Failure)  61796K->30388K(140800K), 0,0008656 secs]
310,033: [GC (Allocation Failure)  55988K->35180K(141312K), 0,0015855 secs]
310,068: [GC (Allocation Failure)  61804K->30332K(141312K), 0,0009088 secs]
310,091: [GC (Allocation Failure)  56956K->36172K(141312K), 0,0016726 secs]
310,126: [GC (Allocation Failure)  62796K->31388K(141312K), 0,0020119 secs]
310,150: [GC (Allocation Failure)  58012K->37132K(140288K), 0,0030453 secs]
310,186: [GC (Allocation Failure)  62732K->31324K(140800K), 0,0022365 secs]
310,210: [GC (Allocation Failure)  56924K->36108K(141312K), 0,0060086 secs]
310,248: [GC (Allocation Failure)  62732K->31324K(141312K), 0,0008060 secs]
310,275: [GC (Allocation Failure)  57948K->37132K(140288K), 0,0046164 secs]
310,312: [GC (Allocation Failure)  62732K->31292K(140800K), 0,0036935 secs]
310,341: [GC (Allocation Failure)  56892K->36076K(141312K), 0,0024904 secs]
310,376: [GC (Allocation Failure)  62700K->31268K(141312K), 0,0024973 secs]
310,400: [GC (Allocation Failure)  57892K->37044K(140288K), 0,0047790 secs]
310,440: [GC (Allocation Failure)  62644K->31268K(140800K), 0,0028046 secs]
310,470: [GC (Allocation Failure)  56868K->36020K(141312K), 0,0090963 secs]
310,517: [GC (Allocation Failure)  62644K->31268K(141312K), 0,0023265 secs]
310,543: [GC (Allocation Failure)  57892K->37012K(140288K), 0,0022471 secs]
310,578: [GC (Allocation Failure)  62612K->31204K(140800K), 0,0026735 secs]
310,603: [GC (Allocation Failure)  56804K->35988K(141312K), 0,0018822 secs]
310,638: [GC (Allocation Failure)  62612K->31172K(141312K), 0,0010816 secs]
310,662: [GC (Allocation Failure)  57796K->36988K(140288K), 0,0036612 secs]
310,698: [GC (Allocation Failure)  62588K->31148K(140800K), 0,0023223 secs]
310,722: [GC (Allocation Failure)  56748K->35932K(141312K), 0,0019484 secs]
310,757: [GC (Allocation Failure)  62556K->31148K(141312K), 0,0020813 secs]
310,781: [GC (Allocation Failure)  57772K->36732K(141312K), 0,0036820 secs]
310,816: [GC (Allocation Failure)  63356K->31948K(141312K), 0,0123423 secs]
310,850: [GC (Allocation Failure)  58572K->37756K(140288K), 0,0014922 secs]
310,883: [GC (Allocation Failure)  63356K->31916K(140800K), 0,0014348 secs]
310,905: [GC (Allocation Failure)  57516K->36668K(140288K), 0,0042407 secs]
310,941: [GC (Allocation Failure)  62268K->30796K(140800K), 0,0019665 secs]
310,964: [GC (Allocation Failure)  56396K->35516K(141312K), 0,0024969 secs]
310,997: [GC (Allocation Failure)  62140K->30732K(141312K), 0,0025900 secs]
311,020: [GC (Allocation Failure)  57356K->36572K(141312K), 0,0023184 secs]
311,054: [GC (Allocation Failure)  63196K->31788K(141312K), 0,0014140 secs]
311,077: [GC (Allocation Failure)  58412K->37596K(139776K), 0,0024166 secs]
311,112: [GC (Allocation Failure)  63196K->31756K(140800K), 0,0007402 secs]
311,133: [GC (Allocation Failure)  57356K->36508K(141312K), 0,0020394 secs]
311,166: [GC (Allocation Failure)  63132K->31724K(141312K), 0,0015633 secs]
311,188: [GC (Allocation Failure)  58348K->37532K(140288K), 0,0019584 secs]
311,220: [GC (Allocation Failure)  63132K->31692K(140800K), 0,0014858 secs]
311,244: [GC (Allocation Failure)  57292K->36444K(141312K), 0,0019892 secs]
311,277: [GC (Allocation Failure)  63068K->31692K(141312K), 0,0014537 secs]
311,300: [GC (Allocation Failure)  58316K->37500K(140288K), 0,0014886 secs]
311,335: [GC (Allocation Failure)  63100K->31628K(140800K), 0,0033293 secs]
311,367: [GC (Allocation Failure)  57228K->36444K(141312K), 0,0033696 secs]
311,406: [GC (Allocation Failure)  63068K->31660K(141312K), 0,0017948 secs]
311,435: [GC (Allocation Failure)  58284K->37468K(140288K), 0,0045552 secs]
311,477: [GC (Allocation Failure)  63068K->31564K(140800K), 0,0048482 secs]
311,506: [GC (Allocation Failure)  57164K->36380K(141312K), 0,0023798 secs]
311,542: [GC (Allocation Failure)  63004K->31596K(141312K), 0,0023829 secs]
311,570: [GC (Allocation Failure)  58220K->37404K(141312K), 0,0021403 secs]
311,605: [GC (Allocation Failure)  64028K->32588K(141312K), 0,0017014 secs]
311,630: [GC (Allocation Failure)  59212K->38436K(140288K), 0,0017781 secs]
311,666: [GC (Allocation Failure)  64036K->32628K(140800K), 0,0031502 secs]
311,697: [GC (Allocation Failure)  58228K->37380K(140288K), 0,0043170 secs]
311,739: [GC (Allocation Failure)  62980K->31508K(140800K), 0,0028741 secs]
311,767: [GC (Allocation Failure)  57108K->36324K(141312K), 0,0024497 secs]
311,804: [GC (Allocation Failure)  62948K->31476K(141312K), 0,0037990 secs]
311,833: [GC (Allocation Failure)  58100K->37284K(141312K), 0,0049064 secs]
311,871: [GC (Allocation Failure)  63908K->32500K(141312K), 0,0023196 secs]
311,895: [GC (Allocation Failure)  59124K->38340K(140288K), 0,0018351 secs]
311,930: [GC (Allocation Failure)  63940K->32468K(140800K), 0,0047969 secs]
311,957: [GC (Allocation Failure)  58068K->37252K(140288K), 0,0015441 secs]
311,992: [GC (Allocation Failure)  62852K->31380K(140800K), 0,0009231 secs]
312,015: [GC (Allocation Failure)  56980K->36196K(141312K), 0,0017409 secs]
312,050: [GC (Allocation Failure)  62820K->31348K(141312K), 0,0024591 secs]
312,075: [GC (Allocation Failure)  57972K->37156K(141312K), 0,0033939 secs]
312,112: [GC (Allocation Failure)  63780K->32372K(141312K), 0,0030010 secs]
312,138: [GC (Allocation Failure)  58996K->38212K(140288K), 0,0035279 secs]
312,174: [GC (Allocation Failure)  63812K->32404K(140800K), 0,0012201 secs]
312,197: [GC (Allocation Failure)  58004K->37124K(141312K), 0,0024414 secs]
312,233: [GC (Allocation Failure)  63748K->32340K(141312K), 0,0060374 secs]
312,261: [GC (Allocation Failure)  58964K->38148K(140288K), 0,0027656 secs]
312,297: [GC (Allocation Failure)  63748K->32308K(140800K), 0,0008854 secs]
312,320: [GC (Allocation Failure)  57908K->37092K(141312K), 0,0048108 secs]
312,358: [GC (Allocation Failure)  63716K->32308K(141312K), 0,0008425 secs]
312,381: [GC (Allocation Failure)  58932K->38124K(140288K), 0,0050872 secs]
312,419: [GC (Allocation Failure)  63724K->32284K(140800K), 0,0019777 secs]
312,443: [GC (Allocation Failure)  57884K->37076K(141312K), 0,0016554 secs]
312,477: [GC (Allocation Failure)  63700K->32228K(141312K), 0,0020457 secs]
312,501: [GC (Allocation Failure)  58852K->38068K(140288K), 0,0016008 secs]
312,536: [GC (Allocation Failure)  63668K->32260K(140800K), 0,0010098 secs]
312,559: [GC (Allocation Failure)  57860K->37012K(141312K), 0,0015536 secs]
312,592: [GC (Allocation Failure)  63636K->32228K(141312K), 0,0007939 secs]
312,615: [GC (Allocation Failure)  58852K->38044K(140288K), 0,0015667 secs]
312,649: [GC (Allocation Failure)  63644K->32204K(140800K), 0,0007834 secs]
312,671: [GC (Allocation Failure)  57804K->36996K(141312K), 0,0014252 secs]
312,705: [GC (Allocation Failure)  63620K->32180K(141312K), 0,0031331 secs]
312,730: [GC (Allocation Failure)  58804K->38028K(141312K), 0,0019001 secs]
312,765: [GC (Allocation Failure)  64652K->33212K(141312K), 0,0010330 secs]
312,792: [GC (Allocation Failure)  59836K->39020K(140288K), 0,0050343 secs]
312,835: [GC (Allocation Failure)  64620K->33180K(140800K), 0,0072725 secs]
312,865: [GC (Allocation Failure)  58780K->37964K(140288K), 0,0015864 secs]
312,900: [GC (Allocation Failure)  63564K->32124K(140800K), 0,0009884 secs]
312,923: [GC (Allocation Failure)  57724K->36908K(141312K), 0,0027551 secs]
312,959: [GC (Allocation Failure)  63532K->32060K(141312K), 0,0021618 secs]
312,983: [GC (Allocation Failure)  58684K->37932K(141312K), 0,0017615 secs]
313,018: [GC (Allocation Failure)  64556K->33116K(141312K), 0,0010242 secs]
313,041: [GC (Allocation Failure)  59740K->38924K(140288K), 0,0017853 secs]
313,076: [GC (Allocation Failure)  64524K->33084K(140800K), 0,0009781 secs]
313,099: [GC (Allocation Failure)  58684K->37868K(140288K), 0,0016504 secs]
313,134: [GC (Allocation Failure)  63468K->32028K(140800K), 0,0020351 secs]
313,158: [GC (Allocation Failure)  57628K->36780K(141312K), 0,0027163 secs]
313,194: [GC (Allocation Failure)  63404K->31996K(141312K), 0,0010526 secs]
313,217: [GC (Allocation Failure)  58620K->37804K(141312K), 0,0041751 secs]
313,256: [GC (Allocation Failure)  64428K->33020K(141312K), 0,0069466 secs]
313,288: [GC (Allocation Failure)  59644K->38828K(139776K), 0,0033375 secs]
313,324: [GC (Allocation Failure)  64428K->32988K(140800K), 0,0028885 secs]
313,350: [GC (Allocation Failure)  58588K->37740K(141312K), 0,0036893 secs]
313,387: [GC (Allocation Failure)  64364K->32924K(141312K), 0,0020203 secs]
313,410: [GC (Allocation Failure)  59548K->38764K(140288K), 0,0021063 secs]
313,443: [GC (Allocation Failure)  64364K->32924K(140800K), 0,0027411 secs]
313,466: [GC (Allocation Failure)  58524K->37708K(141312K), 0,0020168 secs]
313,500: [GC (Allocation Failure)  64332K->32892K(141312K), 0,0026628 secs]
313,524: [GC (Allocation Failure)  59516K->38740K(140288K), 0,0013571 secs]
313,556: [GC (Allocation Failure)  64340K->32868K(140800K), 0,0012075 secs]
313,578: [GC (Allocation Failure)  58468K->37620K(141312K), 0,0027579 secs]
313,611: [GC (Allocation Failure)  64244K->32836K(141312K), 0,0007025 secs]
313,632: [GC (Allocation Failure)  59460K->38676K(140288K), 0,0014582 secs]
313,664: [GC (Allocation Failure)  64276K->32836K(140800K), 0,0013551 secs]
313,686: [GC (Allocation Failure)  58436K->37588K(141312K), 0,0019613 secs]
313,719: [GC (Allocation Failure)  64212K->32836K(141312K), 0,0007730 secs]
313,741: [GC (Allocation Failure)  59460K->38644K(141312K), 0,0021409 secs]
313,775: [GC (Allocation Failure)  65268K->33836K(141312K), 0,0015684 secs]
313,798: [GC (Allocation Failure)  60460K->39644K(140288K), 0,0022647 secs]
313,833: [GC (Allocation Failure)  65244K->33804K(140800K), 0,0016218 secs]
313,857: [GC (Allocation Failure)  59404K->38588K(140288K), 0,0044180 secs]
313,899: [GC (Allocation Failure)  64188K->32716K(140800K), 0,0046968 secs]
313,927: [GC (Allocation Failure)  58316K->37532K(141312K), 0,0015587 secs]
313,962: [GC (Allocation Failure)  63644K->32204K(140800K), 0,0021289 secs]
313,986: [GC (Allocation Failure)  58316K->37500K(141312K), 0,0014879 secs]
314,022: [GC (Allocation Failure)  64124K->32716K(141312K), 0,0026772 secs]
314,053: [GC (Allocation Failure)  59340K->38492K(141312K), 0,0044251 secs]
314,096: [GC (Allocation Failure)  65116K->33740K(141312K), 0,0029510 secs]
314,124: [GC (Allocation Failure)  60364K->39548K(139776K), 0,0028065 secs]
314,162: [GC (Allocation Failure)  65148K->33676K(140800K), 0,0031837 secs]
314,190: [GC (Allocation Failure)  59276K->38460K(140288K), 0,0025702 secs]
314,228: [GC (Allocation Failure)  64060K->32620K(140800K), 0,0071787 secs]
314,258: [GC (Allocation Failure)  58220K->37412K(141312K), 0,0028452 secs]
314,294: [GC (Allocation Failure)  64036K->32564K(141312K), 0,0032575 secs]
314,319: [GC (Allocation Failure)  59188K->38412K(141312K), 0,0044110 secs]
314,356: [GC (Allocation Failure)  65036K->33628K(141312K), 0,0009276 secs]
314,379: [GC (Allocation Failure)  60252K->39468K(139776K), 0,0015521 secs]
314,412: [GC (Allocation Failure)  65068K->33596K(140800K), 0,0064336 secs]
314,440: [GC (Allocation Failure)  59196K->38356K(141312K), 0,0033962 secs]
314,476: [GC (Allocation Failure)  64980K->33572K(141312K), 0,0008153 secs]
314,499: [GC (Allocation Failure)  60196K->39388K(140288K), 0,0022200 secs]
314,534: [GC (Allocation Failure)  64988K->33556K(140800K), 0,0024641 secs]
314,560: [GC (Allocation Failure)  59156K->38340K(141312K), 0,0042132 secs]
314,602: [GC (Allocation Failure)  64964K->33524K(141312K), 0,0077391 secs]
314,634: [GC (Allocation Failure)  60148K->39364K(140288K), 0,0021495 secs]
314,670: [GC (Allocation Failure)  64964K->33524K(140800K), 0,0028499 secs]
314,699: [GC (Allocation Failure)  59124K->38308K(141312K), 0,0024233 secs]
314,734: [GC (Allocation Failure)  64932K->33492K(141312K), 0,0020726 secs]
314,759: [GC (Allocation Failure)  60116K->39332K(140288K), 0,0020790 secs]
314,797: [GC (Allocation Failure)  64932K->33300K(140800K), 0,0011275 secs]
314,820: [GC (Allocation Failure)  58900K->38052K(141312K), 0,0026329 secs]
314,856: [GC (Allocation Failure)  64676K->33268K(141312K), 0,0014718 secs]
314,878: [GC (Allocation Failure)  59892K->39044K(141312K), 0,0021141 secs]
314,913: [GC (Allocation Failure)  65668K->34196K(141312K), 0,0015001 secs]
314,936: [GC (Allocation Failure)  60820K->40004K(140288K), 0,0021929 secs]
314,971: [GC (Allocation Failure)  65604K->34164K(140800K), 0,0006975 secs]
314,992: [GC (Allocation Failure)  59764K->38916K(140288K), 0,0021003 secs]
315,026: [GC (Allocation Failure)  64516K->33012K(140800K), 0,0006493 secs]
315,048: [GC (Allocation Failure)  58612K->37764K(141312K), 0,0019949 secs]
315,087: [GC (Allocation Failure)  64388K->33012K(141312K), 0,0054468 secs]
315,116: [GC (Allocation Failure)  59636K->38820K(141312K), 0,0015898 secs]
315,151: [GC (Allocation Failure)  65444K->34004K(141312K), 0,0034667 secs]
315,176: [GC (Allocation Failure)  60628K->39844K(139776K), 0,0042007 secs]
315,213: [GC (Allocation Failure)  65444K->34004K(140800K), 0,0010463 secs]
315,236: [GC (Allocation Failure)  59604K->38756K(141312K), 0,0016959 secs]
315,271: [GC (Allocation Failure)  65380K->33972K(141312K), 0,0009222 secs]
315,294: [GC (Allocation Failure)  60596K->39788K(140288K), 0,0017252 secs]
315,329: [GC (Allocation Failure)  65388K->33980K(140800K), 0,0031905 secs]
315,358: [GC (Allocation Failure)  59580K->38732K(141312K), 0,0047938 secs]
315,401: [GC (Allocation Failure)  65356K->33924K(141312K), 0,0051599 secs]
315,429: [GC (Allocation Failure)  60548K->39764K(140288K), 0,0020847 secs]
315,462: [GC (Allocation Failure)  65364K->33924K(140800K), 0,0015633 secs]
315,484: [GC (Allocation Failure)  59524K->38676K(141312K), 0,0034209 secs]
315,518: [GC (Allocation Failure)  65300K->33860K(141312K), 0,0013640 secs]
315,540: [GC (Allocation Failure)  60484K->39668K(140288K), 0,0027988 secs]
315,573: [GC (Allocation Failure)  65268K->33860K(140800K), 0,0014031 secs]
315,595: [GC (Allocation Failure)  59460K->38644K(141312K), 0,0017365 secs]
315,628: [GC (Allocation Failure)  65268K->33828K(141312K), 0,0032221 secs]
315,656: [GC (Allocation Failure)  60452K->39668K(141312K), 0,0030502 secs]
315,694: [GC (Allocation Failure)  66292K->34852K(141312K), 0,0053289 secs]
315,724: [GC (Allocation Failure)  61476K->40628K(140288K), 0,0041766 secs]
315,759: [GC (Allocation Failure)  66228K->34788K(140800K), 0,0043518 secs]
315,784: [GC (Allocation Failure)  60388K->39572K(140288K), 0,0038980 secs]
315,821: [GC (Allocation Failure)  65172K->33732K(140800K), 0,0016707 secs]
315,845: [GC (Allocation Failure)  59332K->38516K(141312K), 0,0035711 secs]
315,881: [GC (Allocation Failure)  65140K->33700K(141312K), 0,0027321 secs]
315,907: [GC (Allocation Failure)  60324K->39548K(141312K), 0,0016260 secs]
315,939: [GC (Allocation Failure)  66172K->34732K(141312K), 0,0015357 secs]
315,961: [GC (Allocation Failure)  61356K->40540K(140288K), 0,0022721 secs]
315,995: [GC (Allocation Failure)  66140K->34732K(140800K), 0,0011486 secs]
316,017: [GC (Allocation Failure)  60332K->39516K(140288K), 0,0031713 secs]
316,053: [GC (Allocation Failure)  65116K->33676K(140800K), 0,0013866 secs]
316,075: [GC (Allocation Failure)  59276K->38460K(141312K), 0,0012972 secs]
316,107: [GC (Allocation Failure)  65084K->33612K(141312K), 0,0006080 secs]
316,130: [GC (Allocation Failure)  60236K->39484K(141312K), 0,0044642 secs]
316,173: [GC (Allocation Failure)  66108K->34668K(141312K), 0,0072642 secs]
316,208: [GC (Allocation Failure)  61292K->40476K(140288K), 0,0081363 secs]
316,252: [GC (Allocation Failure)  66076K->34668K(140800K), 0,0016813 secs]
316,277: [GC (Allocation Failure)  60268K->39388K(141312K), 0,0047853 secs]
316,316: [GC (Allocation Failure)  66012K->34604K(141312K), 0,0016955 secs]
316,343: [GC (Allocation Failure)  61228K->40420K(140288K), 0,0026269 secs]
316,379: [GC (Allocation Failure)  66020K->34580K(140800K), 0,0016188 secs]
316,405: [GC (Allocation Failure)  60180K->39364K(141312K), 0,0024595 secs]
316,441: [GC (Allocation Failure)  65988K->34580K(141312K), 0,0015792 secs]
316,467: [GC (Allocation Failure)  61204K->40388K(140288K), 0,0029478 secs]
316,504: [GC (Allocation Failure)  65988K->34548K(140800K), 0,0016256 secs]
316,530: [GC (Allocation Failure)  60148K->39332K(141312K), 0,0045686 secs]
316,572: [GC (Allocation Failure)  65956K->34548K(141312K), 0,0071777 secs]
316,605: [GC (Allocation Failure)  61172K->40324K(140288K), 0,0024104 secs]
316,639: [GC (Allocation Failure)  65924K->34484K(140800K), 0,0022287 secs]
316,662: [GC (Allocation Failure)  60084K->39236K(141312K), 0,0039492 secs]
316,697: [GC (Allocation Failure)  65860K->34420K(141312K), 0,0021617 secs]
316,721: [GC (Allocation Failure)  61044K->40292K(140288K), 0,0020875 secs]
316,755: [GC (Allocation Failure)  65892K->34420K(140800K), 0,0020887 secs]
316,783: [GC (Allocation Failure)  60020K->39268K(141312K), 0,0087506 secs]
316,829: [GC (Allocation Failure)  65892K->34420K(141312K), 0,0030246 secs]
316,857: [GC (Allocation Failure)  61044K->40228K(141312K), 0,0020177 secs]
316,891: [GC (Allocation Failure)  66852K->35412K(141312K), 0,0023391 secs]
316,917: [GC (Allocation Failure)  62036K->41220K(140288K), 0,0037996 secs]
316,953: [GC (Allocation Failure)  66820K->35412K(140800K), 0,0009813 secs]
316,976: [GC (Allocation Failure)  61012K->40196K(140288K), 0,0028365 secs]
317,012: [GC (Allocation Failure)  65796K->34356K(140800K), 0,0024331 secs]
317,036: [GC (Allocation Failure)  59956K->39108K(141312K), 0,0068295 secs]
317,079: [GC (Allocation Failure)  65732K->34332K(141312K), 0,0048296 secs]
317,107: [GC (Allocation Failure)  60956K->40140K(141312K), 0,0016584 secs]
317,142: [GC (Allocation Failure)  66764K->35364K(141312K), 0,0022315 secs]
317,166: [GC (Allocation Failure)  61988K->41172K(140288K), 0,0018007 secs]
317,201: [GC (Allocation Failure)  66772K->35308K(140800K), 0,0057446 secs]
317,232: [GC (Allocation Failure)  60908K->40156K(140288K), 0,0056318 secs]
317,270: [GC (Allocation Failure)  65756K->34284K(140800K), 0,0011840 secs]
317,293: [GC (Allocation Failure)  59884K->39068K(141312K), 0,0030248 secs]
317,329: [GC (Allocation Failure)  65692K->34220K(141312K), 0,0026096 secs]
317,354: [GC (Allocation Failure)  60844K->40028K(141312K), 0,0019954 secs]
317,389: [GC (Allocation Failure)  66652K->35276K(141312K), 0,0011641 secs]
317,413: [GC (Allocation Failure)  61900K->41084K(139776K), 0,0022393 secs]
317,447: [GC (Allocation Failure)  66684K->35212K(140800K), 0,0012985 secs]
317,472: [GC (Allocation Failure)  60812K->40028K(141312K), 0,0018705 secs]
317,506: [GC (Allocation Failure)  66652K->35212K(141312K), 0,0028757 secs]
317,532: [GC (Allocation Failure)  61836K->40988K(140288K), 0,0036074 secs]
317,568: [GC (Allocation Failure)  66588K->35148K(140800K), 0,0011540 secs]
317,593: [GC (Allocation Failure)  60748K->39932K(141312K), 0,0034127 secs]
317,633: [GC (Allocation Failure)  66556K->35148K(141312K), 0,0029720 secs]
317,663: [GC (Allocation Failure)  61772K->40988K(140288K), 0,0047910 secs]
317,701: [GC (Allocation Failure)  66588K->35148K(140800K), 0,0012833 secs]
317,729: [GC (Allocation Failure)  60748K->39932K(141312K), 0,0054906 secs]
317,768: [GC (Allocation Failure)  66556K->35116K(141312K), 0,0029125 secs]
317,793: [GC (Allocation Failure)  61740K->40924K(140288K), 0,0028726 secs]
317,827: [GC (Allocation Failure)  66524K->35052K(140800K), 0,0021998 secs]
317,850: [GC (Allocation Failure)  60652K->39836K(141312K), 0,0058357 secs]
317,887: [GC (Allocation Failure)  66460K->35020K(141312K), 0,0013879 secs]
317,909: [GC (Allocation Failure)  61644K->40892K(140288K), 0,0013085 secs]
317,944: [GC (Allocation Failure)  66492K->35052K(140800K), 0,0073695 secs]
317,980: [GC (Allocation Failure)  60652K->39780K(141312K), 0,0057230 secs]
318,022: [GC (Allocation Failure)  66404K->35028K(141312K), 0,0017749 secs]
318,047: [GC (Allocation Failure)  61652K->40804K(141312K), 0,0029914 secs]
318,085: [GC (Allocation Failure)  67428K->36052K(141312K), 0,0029629 secs]
318,112: [GC (Allocation Failure)  62676K->41828K(139776K), 0,0021139 secs]
318,147: [GC (Allocation Failure)  67428K->35988K(140800K), 0,0034274 secs]
318,176: [GC (Allocation Failure)  61588K->40740K(140288K), 0,0039361 secs]
318,218: [GC (Allocation Failure)  66340K->34900K(140800K), 0,0030715 secs]
318,245: [GC (Allocation Failure)  60500K->39684K(141312K), 0,0030376 secs]
318,284: [GC (Allocation Failure)  66308K->34868K(141312K), 0,0035051 secs]
318,314: [GC (Allocation Failure)  61492K->40740K(141312K), 0,0023885 secs]
318,346: [GC (Allocation Failure)  67364K->35924K(141312K), 0,0023929 secs]
318,369: [GC (Allocation Failure)  62548K->41732K(140288K), 0,0022749 secs]
318,404: [GC (Allocation Failure)  67332K->35924K(140800K), 0,0007068 secs]
318,425: [GC (Allocation Failure)  61524K->40652K(141312K), 0,0020200 secs]
318,460: [GC (Allocation Failure)  67276K->35900K(141312K), 0,0014841 secs]
318,482: [GC (Allocation Failure)  62524K->41676K(140288K), 0,0021199 secs]
318,516: [GC (Allocation Failure)  67276K->35844K(140800K), 0,0016882 secs]
318,543: [GC (Allocation Failure)  61444K->40660K(140288K), 0,0059709 secs]
318,584: [GC (Allocation Failure)  66260K->34788K(140800K), 0,0042323 secs]
318,611: [GC (Allocation Failure)  60388K->39604K(141312K), 0,0017009 secs]
318,648: [GC (Allocation Failure)  66228K->34788K(141312K), 0,0017139 secs]
318,675: [GC (Allocation Failure)  61412K->40596K(141312K), 0,0027419 secs]
318,712: [GC (Allocation Failure)  67220K->35812K(141312K), 0,0012494 secs]
318,735: [GC (Allocation Failure)  62436K->41620K(140800K), 0,0015874 secs]
318,774: [GC (Allocation Failure)  68244K->36740K(141312K), 0,0043220 secs]
318,808: [GC (Allocation Failure)  63364K->42452K(140288K), 0,0087495 secs]
318,850: [GC (Allocation Failure)  68052K->36580K(140800K), 0,0019303 secs]
318,874: [GC (Allocation Failure)  62180K->41396K(140288K), 0,0016800 secs]
318,909: [GC (Allocation Failure)  66996K->35492K(140800K), 0,0008029 secs]
318,932: [GC (Allocation Failure)  61092K->40276K(141312K), 0,0014163 secs]
318,966: [GC (Allocation Failure)  66388K->34884K(140800K), 0,0008144 secs]
318,989: [GC (Allocation Failure)  60996K->40180K(141312K), 0,0025878 secs]
319,024: [GC (Allocation Failure)  66804K->35428K(141312K), 0,0026642 secs]
319,055: [GC (Allocation Failure)  62052K->41204K(141312K), 0,0044879 secs]
319,093: [GC (Allocation Failure)  67828K->36420K(141312K), 0,0009669 secs]
319,116: [GC (Allocation Failure)  63044K->42228K(139776K), 0,0036098 secs]
319,151: [GC (Allocation Failure)  67828K->36356K(140800K), 0,0015973 secs]
319,173: [GC (Allocation Failure)  61956K->41140K(140288K), 0,0030910 secs]
319,208: [GC (Allocation Failure)  66740K->35332K(140800K), 0,0006351 secs]
319,230: [GC (Allocation Failure)  60932K->40156K(141312K), 0,0013295 secs]
319,264: [GC (Allocation Failure)  66780K->35348K(141312K), 0,0016483 secs]
319,291: [GC (Allocation Failure)  61972K->41156K(141312K), 0,0041869 secs]
319,328: [GC (Allocation Failure)  67780K->36372K(141312K), 0,0017080 secs]
319,354: [GC (Allocation Failure)  62996K->42148K(139776K), 0,0034585 secs]
319,394: [GC (Allocation Failure)  67748K->36308K(140800K), 0,0041777 secs]
319,423: [GC (Allocation Failure)  61908K->41092K(141312K), 0,0029394 secs]
319,458: [GC (Allocation Failure)  67716K->36276K(141312K), 0,0011885 secs]
319,485: [GC (Allocation Failure)  62900K->42084K(140288K), 0,0046840 secs]
319,525: [GC (Allocation Failure)  67684K->36276K(140800K), 0,0026766 secs]
319,550: [GC (Allocation Failure)  61876K->41004K(141312K), 0,0015452 secs]
319,584: [GC (Allocation Failure)  67628K->36252K(141312K), 0,0023575 secs]
319,608: [GC (Allocation Failure)  62876K->42092K(140288K), 0,0016713 secs]
319,643: [GC (Allocation Failure)  67692K->36252K(140800K), 0,0009777 secs]
319,666: [GC (Allocation Failure)  61852K->41012K(141312K), 0,0015340 secs]
319,701: [GC (Allocation Failure)  67636K->36196K(141312K), 0,0024972 secs]
319,725: [GC (Allocation Failure)  62820K->42036K(140288K), 0,0029710 secs]
319,761: [GC (Allocation Failure)  67636K->36196K(140800K), 0,0021518 secs]
319,785: [GC (Allocation Failure)  61796K->40956K(141312K), 0,0040117 secs]
319,822: [GC (Allocation Failure)  67580K->36180K(141312K), 0,0023875 secs]
319,846: [GC (Allocation Failure)  62804K->41988K(140288K), 0,0029893 secs]
319,882: [GC (Allocation Failure)  67588K->36148K(140800K), 0,0035177 secs]
319,907: [GC (Allocation Failure)  61748K->40900K(141312K), 0,0051155 secs]
319,945: [GC (Allocation Failure)  67524K->36092K(141312K), 0,0032148 secs]
319,970: [GC (Allocation Failure)  62716K->41940K(141312K), 0,0016871 secs]
320,005: [GC (Allocation Failure)  68564K->37124K(141312K), 0,0021587 secs]
320,029: [GC (Allocation Failure)  63748K->42932K(140288K), 0,0017628 secs]
320,065: [GC (Allocation Failure)  68532K->37156K(140800K), 0,0030298 secs]
320,093: [GC (Allocation Failure)  62756K->41884K(140288K), 0,0042395 secs]
320,130: [GC (Allocation Failure)  67484K->36044K(140800K), 0,0011853 secs]
320,153: [GC (Allocation Failure)  61644K->40860K(141312K), 0,0017610 secs]
320,188: [GC (Allocation Failure)  67484K->36044K(141312K), 0,0052397 secs]
320,216: [GC (Allocation Failure)  62668K->41852K(141312K), 0,0015606 secs]
320,251: [GC (Allocation Failure)  68476K->37044K(141312K), 0,0039344 secs]
320,278: [GC (Allocation Failure)  63668K->42852K(140288K), 0,0029366 secs]
320,312: [GC (Allocation Failure)  68452K->37044K(140800K), 0,0010078 secs]
320,337: [GC (Allocation Failure)  62644K->41796K(140288K), 0,0043869 secs]
320,376: [GC (Allocation Failure)  67396K->36020K(140800K), 0,0025855 secs]
320,407: [GC (Allocation Failure)  61620K->40748K(141312K), 0,0043905 secs]
320,445: [GC (Allocation Failure)  67372K->35964K(141312K), 0,0014322 secs]
320,473: [GC (Allocation Failure)  62588K->41772K(141312K), 0,0043645 secs]
320,510: [GC (Allocation Failure)  68396K->36956K(141312K), 0,0013403 secs]
320,536: [GC (Allocation Failure)  63580K->42764K(139776K), 0,0066244 secs]
320,575: [GC (Allocation Failure)  68364K->36924K(140800K), 0,0018521 secs]
320,603: [GC (Allocation Failure)  62524K->41716K(141312K), 0,0046181 secs]
320,645: [GC (Allocation Failure)  68340K->36932K(141312K), 0,0062162 secs]
320,681: [GC (Allocation Failure)  63556K->42740K(140288K), 0,0058230 secs]
320,719: [GC (Allocation Failure)  68340K->36900K(140800K), 0,0020348 secs]
320,746: [GC (Allocation Failure)  62500K->41684K(141312K), 0,0020213 secs]
320,781: [GC (Allocation Failure)  68308K->36900K(141312K), 0,0031261 secs]
320,812: [GC (Allocation Failure)  63524K->42716K(140288K), 0,0038894 secs]
320,850: [GC (Allocation Failure)  68316K->36844K(140800K), 0,0026809 secs]
320,875: [GC (Allocation Failure)  62444K->41660K(141312K), 0,0018894 secs]
320,910: [GC (Allocation Failure)  68284K->36812K(141312K), 0,0026533 secs]
320,935: [GC (Allocation Failure)  63436K->42620K(140288K), 0,0033899 secs]
320,971: [GC (Allocation Failure)  68220K->36812K(140800K), 0,0010329 secs]
320,994: [GC (Allocation Failure)  62412K->41564K(141312K), 0,0029197 secs]
321,030: [GC (Allocation Failure)  68188K->36748K(141312K), 0,0033792 secs]
321,055: [GC (Allocation Failure)  63372K->42628K(141312K), 0,0016459 secs]
321,095: [GC (Allocation Failure)  69252K->37780K(141312K), 0,0035977 secs]
321,126: [GC (Allocation Failure)  64404K->43588K(140288K), 0,0031076 secs]
321,164: [GC (Allocation Failure)  69188K->37780K(140800K), 0,0050075 secs]
321,190: [GC (Allocation Failure)  63380K->42532K(140288K), 0,0023988 secs]
321,223: [GC (Allocation Failure)  68132K->36692K(140800K), 0,0056746 secs]
321,254: [GC (Allocation Failure)  62292K->41452K(141312K), 0,0052988 secs]
321,292: [GC (Allocation Failure)  67564K->36188K(140800K), 0,0023612 secs]
321,316: [GC (Allocation Failure)  62300K->41492K(141312K), 0,0015082 secs]
321,351: [GC (Allocation Failure)  68116K->36644K(141312K), 0,0023273 secs]
321,375: [GC (Allocation Failure)  63268K->42524K(140800K), 0,0028747 secs]
321,411: [GC (Allocation Failure)  69148K->37740K(141312K), 0,0011092 secs]
321,438: [GC (Allocation Failure)  64364K->43516K(139776K), 0,0039100 secs]
321,475: [GC (Allocation Failure)  69116K->37684K(140800K), 0,0021400 secs]
321,504: [GC (Allocation Failure)  63284K->42468K(141312K), 0,0053006 secs]
321,541: [GC (Allocation Failure)  69092K->37684K(141312K), 0,0007434 secs]
321,568: [GC (Allocation Failure)  64308K->43492K(140288K), 0,0039372 secs]
321,608: [GC (Allocation Failure)  69092K->37660K(140800K), 0,0031577 secs]
321,639: [GC (Allocation Failure)  63260K->42444K(140288K), 0,0030765 secs]
321,676: [GC (Allocation Failure)  68044K->36572K(140800K), 0,0050657 secs]
321,705: [GC (Allocation Failure)  62172K->41364K(141312K), 0,0017119 secs]
321,740: [GC (Allocation Failure)  67988K->36580K(141312K), 0,0026701 secs]
321,769: [GC (Allocation Failure)  63204K->42428K(141312K), 0,0046366 secs]
321,811: [GC (Allocation Failure)  69052K->37612K(141312K), 0,0024773 secs]
321,836: [GC (Allocation Failure)  64236K->43420K(139776K), 0,0018095 secs]
321,870: [GC (Allocation Failure)  69020K->37548K(140800K), 0,0007839 secs]
321,896: [GC (Allocation Failure)  63148K->42364K(141312K), 0,0018104 secs]
321,932: [GC (Allocation Failure)  68988K->37548K(141312K), 0,0028009 secs]
321,962: [GC (Allocation Failure)  64172K->43356K(140288K), 0,0037890 secs]
322,001: [GC (Allocation Failure)  68956K->37484K(140800K), 0,0018809 secs]
322,028: [GC (Allocation Failure)  63084K->42300K(141312K), 0,0060795 secs]
322,067: [GC (Allocation Failure)  68924K->37484K(141312K), 0,0030749 secs]
322,097: [GC (Allocation Failure)  64108K->43292K(140288K), 0,0090413 secs]
322,143: [GC (Allocation Failure)  68892K->37484K(140800K), 0,0023347 secs]
322,170: [GC (Allocation Failure)  63084K->42276K(141312K), 0,0043595 secs]
322,209: [GC (Allocation Failure)  68900K->37436K(141312K), 0,0077961 secs]
322,239: [GC (Allocation Failure)  64060K->43244K(141312K), 0,0013984 secs]
322,275: [GC (Allocation Failure)  69868K->38460K(141312K), 0,0079206 secs]
322,308: [GC (Allocation Failure)  65084K->44268K(140288K), 0,0035508 secs]
322,345: [GC (Allocation Failure)  69868K->38460K(140800K), 0,0031890 secs]
322,376: [GC (Allocation Failure)  64060K->43244K(140288K), 0,0043001 secs]
322,415: [GC (Allocation Failure)  68844K->37404K(140800K), 0,0027069 secs]
322,445: [GC (Allocation Failure)  63004K->42124K(141312K), 0,0079394 secs]
322,485: [GC (Allocation Failure)  68236K->36828K(140800K), 0,0027432 secs]
322,515: [GC (Allocation Failure)  62940K->42124K(141312K), 0,0025178 secs]
322,554: [GC (Allocation Failure)  68748K->37308K(141312K), 0,0034053 secs]
322,586: [GC (Allocation Failure)  63932K->43116K(141312K), 0,0043636 secs]
322,625: [GC (Allocation Failure)  69740K->38300K(141312K), 0,0028332 secs]
322,650: [GC (Allocation Failure)  64924K->44140K(139776K), 0,0016320 secs]
322,682: [GC (Allocation Failure)  69740K->38300K(140800K), 0,0007187 secs]
322,703: [GC (Allocation Failure)  63900K->43116K(140288K), 0,0027074 secs]
322,737: [GC (Allocation Failure)  68716K->37244K(140800K), 0,0029098 secs]
322,762: [GC (Allocation Failure)  62844K->42028K(141312K), 0,0017505 secs]
322,794: [GC (Allocation Failure)  68652K->37052K(141312K), 0,0013322 secs]
322,817: [GC (Allocation Failure)  63676K->42860K(141312K), 0,0019602 secs]
322,855: [GC (Allocation Failure)  69484K->38052K(141312K), 0,0010278 secs]
322,878: [GC (Allocation Failure)  64676K->43828K(140800K), 0,0021932 secs]
322,920: [GC (Allocation Failure)  70452K->39012K(141312K), 0,0022987 secs]
322,947: [GC (Allocation Failure)  65636K->44788K(140288K), 0,0032815 secs]
322,985: [GC (Allocation Failure)  70388K->38916K(140800K), 0,0027812 secs]
323,011: [GC (Allocation Failure)  64516K->43668K(140288K), 0,0053493 secs]
323,051: [GC (Allocation Failure)  69268K->37828K(140800K), 0,0020392 secs]
323,074: [GC (Allocation Failure)  63428K->42548K(141312K), 0,0026525 secs]
323,108: [GC (Allocation Failure)  68660K->37188K(140800K), 0,0020815 secs]
323,131: [GC (Allocation Failure)  63300K->42484K(141312K), 0,0029719 secs]
323,166: [GC (Allocation Failure)  69108K->37636K(141312K), 0,0026743 secs]
323,191: [GC (Allocation Failure)  64260K->43476K(141312K), 0,0045647 secs]
323,228: [GC (Allocation Failure)  70100K->38660K(141312K), 0,0032156 secs]
323,254: [GC (Allocation Failure)  65284K->44468K(140288K), 0,0034408 secs]
323,289: [GC (Allocation Failure)  70068K->38628K(140800K), 0,0023025 secs]
323,312: [GC (Allocation Failure)  64228K->43412K(140288K), 0,0020746 secs]
323,346: [GC (Allocation Failure)  69012K->37572K(140800K), 0,0006800 secs]
323,368: [GC (Allocation Failure)  63172K->42356K(141312K), 0,0012587 secs]
323,402: [GC (Allocation Failure)  68980K->37572K(141312K), 0,0019009 secs]
323,427: [GC (Allocation Failure)  64196K->43412K(141312K), 0,0029374 secs]
323,465: [GC (Allocation Failure)  70036K->38564K(141312K), 0,0036603 secs]
323,494: [GC (Allocation Failure)  65188K->44372K(139776K), 0,0085268 secs]
323,538: [GC (Allocation Failure)  69972K->38532K(140800K), 0,0020260 secs]
323,565: [GC (Allocation Failure)  64132K->43348K(141312K), 0,0078439 secs]
323,608: [GC (Allocation Failure)  69972K->38540K(141312K), 0,0058144 secs]
323,639: [GC (Allocation Failure)  65164K->44348K(140288K), 0,0031730 secs]
323,677: [GC (Allocation Failure)  69948K->38548K(140800K), 0,0046504 secs]
323,707: [GC (Allocation Failure)  64148K->43340K(141312K), 0,0031047 secs]
323,746: [GC (Allocation Failure)  69964K->38532K(141312K), 0,0048627 secs]
323,776: [GC (Allocation Failure)  65156K->44372K(140288K), 0,0035945 secs]
323,814: [GC (Allocation Failure)  69972K->38516K(140800K), 0,0013563 secs]
323,839: [GC (Allocation Failure)  64116K->43300K(141312K), 0,0025777 secs]
323,874: [GC (Allocation Failure)  69924K->38452K(141312K), 0,0025500 secs]
323,900: [GC (Allocation Failure)  65076K->44292K(140288K), 0,0022686 secs]
323,935: [GC (Allocation Failure)  69892K->38452K(140800K), 0,0014332 secs]
323,960: [GC (Allocation Failure)  64052K->43236K(141312K), 0,0043379 secs]
323,997: [GC (Allocation Failure)  69860K->38484K(141312K), 0,0013615 secs]
324,022: [GC (Allocation Failure)  65108K->44260K(140288K), 0,0022563 secs]
324,057: [GC (Allocation Failure)  69860K->38420K(140800K), 0,0019999 secs]
324,084: [GC (Allocation Failure)  64020K->43204K(141312K), 0,0030273 secs]
324,122: [GC (Allocation Failure)  69828K->38420K(141312K), 0,0020491 secs]
324,149: [GC (Allocation Failure)  65044K->44196K(141312K), 0,0032932 secs]
324,188: [GC (Allocation Failure)  70820K->39380K(141312K), 0,0065837 secs]
324,218: [GC (Allocation Failure)  66004K->45220K(140288K), 0,0018804 secs]
324,252: [GC (Allocation Failure)  70820K->39380K(140800K), 0,0011985 secs]
324,276: [GC (Allocation Failure)  64980K->44164K(140288K), 0,0027587 secs]
324,312: [GC (Allocation Failure)  69764K->38324K(140800K), 0,0014152 secs]
324,337: [GC (Allocation Failure)  63924K->43108K(141312K), 0,0053446 secs]
324,378: [GC (Allocation Failure)  69732K->38292K(141312K), 0,0033807 secs]
324,405: [GC (Allocation Failure)  64916K->44100K(141312K), 0,0048884 secs]
324,443: [GC (Allocation Failure)  70724K->39316K(141312K), 0,0052354 secs]
324,474: [GC (Allocation Failure)  65940K->45124K(140288K), 0,0022962 secs]
324,509: [GC (Allocation Failure)  70724K->39284K(140800K), 0,0015100 secs]
324,534: [GC (Allocation Failure)  64884K->44076K(140288K), 0,0034835 secs]
324,570: [GC (Allocation Failure)  69676K->38276K(140800K), 0,0012466 secs]
324,595: [GC (Allocation Failure)  63876K->42996K(141312K), 0,0030096 secs]
324,633: [GC (Allocation Failure)  69620K->38244K(141312K), 0,0053837 secs]
324,664: [GC (Allocation Failure)  64868K->44020K(141312K), 0,0022275 secs]
324,699: [GC (Allocation Failure)  70644K->39204K(141312K), 0,0025168 secs]
324,728: [GC (Allocation Failure)  65828K->45044K(139776K), 0,0041109 secs]
324,767: [GC (Allocation Failure)  70644K->39172K(140800K), 0,0020326 secs]
324,794: [GC (Allocation Failure)  64772K->43988K(141312K), 0,0036754 secs]
324,832: [GC (Allocation Failure)  70612K->39204K(141312K), 0,0015457 secs]
324,858: [GC (Allocation Failure)  65828K->44988K(140288K), 0,0025066 secs]
324,894: [GC (Allocation Failure)  70588K->39148K(140800K), 0,0065195 secs]
324,924: [GC (Allocation Failure)  64748K->43932K(141312K), 0,0044112 secs]
324,961: [GC (Allocation Failure)  70556K->39148K(141312K), 0,0011474 secs]
324,987: [GC (Allocation Failure)  65772K->44956K(140288K), 0,0033370 secs]
325,023: [GC (Allocation Failure)  70556K->39084K(140800K), 0,0023722 secs]
325,048: [GC (Allocation Failure)  64684K->43836K(141312K), 0,0049629 secs]
325,088: [GC (Allocation Failure)  70460K->39092K(141312K), 0,0031019 secs]
325,118: [GC (Allocation Failure)  65716K->44900K(140288K), 0,0042657 secs]
325,155: [GC (Allocation Failure)  70500K->39060K(140800K), 0,0034096 secs]
325,184: [GC (Allocation Failure)  64660K->43844K(141312K), 0,0046387 secs]
325,222: [GC (Allocation Failure)  70468K->39036K(141312K), 0,0036378 secs]
325,249: [GC (Allocation Failure)  65660K->44844K(141312K), 0,0018786 secs]
325,286: [GC (Allocation Failure)  71468K->40068K(141312K), 0,0054785 secs]
325,318: [GC (Allocation Failure)  66692K->45876K(140288K), 0,0025325 secs]
325,354: [GC (Allocation Failure)  71476K->40036K(140800K), 0,0055016 secs]
325,383: [GC (Allocation Failure)  65636K->44788K(140288K), 0,0018322 secs]
325,418: [GC (Allocation Failure)  70388K->38948K(140800K), 0,0111535 secs]
325,465: [GC (Allocation Failure)  64548K->43732K(141312K), 0,0037194 secs]
325,502: [GC (Allocation Failure)  69844K->38404K(140800K), 0,0042281 secs]
325,556: [GC (Allocation Failure)  64516K->43700K(141312K), 0,0062283 secs]
325,613: [GC (Allocation Failure)  70324K->38884K(141312K), 0,0035026 secs]
325,660: [GC (Allocation Failure)  65508K->44692K(140800K), 0,0055377 secs]
325,703: [GC (Allocation Failure)  71316K->39908K(141312K), 0,0036959 secs]
325,736: [GC (Allocation Failure)  66532K->45716K(139776K), 0,0050223 secs]
325,785: [GC (Allocation Failure)  71316K->39876K(140800K), 0,0038837 secs]
325,812: [GC (Allocation Failure)  65476K->44660K(141312K), 0,0047799 secs]
325,853: [GC (Allocation Failure)  71284K->39876K(141312K), 0,0040609 secs]
325,886: [GC (Allocation Failure)  66500K->45716K(140288K), 0,0074199 secs]
325,941: [GC (Allocation Failure)  71316K->39812K(140800K), 0,0042966 secs]
325,984: [GC (Allocation Failure)  65412K->44660K(140288K), 0,0059759 secs]
326,029: [GC (Allocation Failure)  70260K->38788K(140800K), 0,0028948 secs]
326,055: [GC (Allocation Failure)  64388K->43540K(141312K), 0,0039850 secs]
326,092: [GC (Allocation Failure)  70164K->38724K(141312K), 0,0026155 secs]
326,117: [GC (Allocation Failure)  65348K->44532K(141312K), 0,0046556 secs]
326,154: [GC (Allocation Failure)  71156K->39748K(141312K), 0,0037257 secs]
326,180: [GC (Allocation Failure)  66372K->45556K(140800K), 0,0049738 secs]
326,218: [GC (Allocation Failure)  72180K->40772K(141312K), 0,0024637 secs]
326,243: [GC (Allocation Failure)  67396K->46580K(140288K), 0,0050682 secs]
326,280: [GC (Allocation Failure)  72180K->40780K(140800K), 0,0021492 secs]
326,304: [GC (Allocation Failure)  66380K->45532K(140288K), 0,0032757 secs]
326,340: [GC (Allocation Failure)  71132K->39724K(140800K), 0,0026595 secs]
326,364: [GC (Allocation Failure)  65324K->44476K(140800K), 0,0046827 secs]
326,401: [GC (Allocation Failure)  70076K->38636K(140800K), 0,0014855 secs]
326,424: [GC (Allocation Failure)  64236K->43420K(141312K), 0,0012089 secs]
326,458: [GC (Allocation Failure)  70044K->38604K(141312K), 0,0008854 secs]
326,480: [GC (Allocation Failure)  65228K->44460K(141312K), 0,0013445 secs]
326,514: [GC (Allocation Failure)  71084K->39644K(141312K), 0,0017849 secs]
326,539: [GC (Allocation Failure)  66268K->45492K(140800K), 0,0026446 secs]
326,576: [GC (Allocation Failure)  72116K->40676K(141312K), 0,0019454 secs]
326,603: [GC (Allocation Failure)  67300K->46516K(139776K), 0,0031192 secs]
326,641: [GC (Allocation Failure)  72116K->40644K(140800K), 0,0039225 secs]
326,670: [GC (Allocation Failure)  66244K->45428K(140288K), 0,0028684 secs]
326,708: [GC (Allocation Failure)  71028K->39588K(140800K), 0,0018236 secs]
326,735: [GC (Allocation Failure)  65188K->44372K(141312K), 0,0030596 secs]
326,773: [GC (Allocation Failure)  70996K->39492K(141312K), 0,0028126 secs]
326,800: [GC (Allocation Failure)  66116K->45236K(141312K), 0,0045445 secs]
326,837: [GC (Allocation Failure)  71860K->40388K(141312K), 0,0009554 secs]
326,860: [GC (Allocation Failure)  67012K->46228K(140288K), 0,0014729 secs]
326,893: [GC (Allocation Failure)  71828K->40324K(140800K), 0,0014180 secs]
326,916: [GC (Allocation Failure)  65924K->45076K(141312K), 0,0021103 secs]
326,950: [GC (Allocation Failure)  71700K->40260K(141312K), 0,0014015 secs]
326,972: [GC (Allocation Failure)  66884K->46132K(140288K), 0,0014318 secs]
327,005: [GC (Allocation Failure)  71732K->40292K(140800K), 0,0018774 secs]
327,028: [GC (Allocation Failure)  65892K->45108K(140288K), 0,0013671 secs]
327,061: [GC (Allocation Failure)  70708K->39236K(140800K), 0,0006636 secs]
327,083: [GC (Allocation Failure)  64836K->44020K(141312K), 0,0020119 secs]
327,117: [GC (Allocation Failure)  70644K->39204K(141312K), 0,0041388 secs]
327,142: [GC (Allocation Failure)  65828K->45052K(141312K), 0,0013491 secs]
327,176: [GC (Allocation Failure)  71676K->40236K(141312K), 0,0043549 secs]
327,204: [GC (Allocation Failure)  66860K->46044K(140800K), 0,0029504 secs]
327,242: [GC (Allocation Failure)  72668K->41236K(141312K), 0,0028436 secs]
327,269: [GC (Allocation Failure)  67860K->47076K(139776K), 0,0019028 secs]
327,303: [GC (Allocation Failure)  72676K->41244K(140800K), 0,0010987 secs]
327,326: [GC (Allocation Failure)  66844K->46028K(140288K), 0,0032914 secs]
327,362: [GC (Allocation Failure)  71628K->40188K(140800K), 0,0009960 secs]
327,385: [GC (Allocation Failure)  65788K->44948K(141312K), 0,0033799 secs]
327,422: [GC (Allocation Failure)  71060K->39620K(140800K), 0,0026642 secs]
327,447: [GC (Allocation Failure)  65732K->44916K(141312K), 0,0035860 secs]
327,484: [GC (Allocation Failure)  71540K->40100K(141312K), 0,0015975 secs]
327,506: [GC (Allocation Failure)  66724K->45948K(141312K), 0,0028832 secs]
327,541: [GC (Allocation Failure)  72572K->41140K(141312K), 0,0037429 secs]
327,568: [GC (Allocation Failure)  67764K->46980K(140288K), 0,0058305 secs]
327,607: [GC (Allocation Failure)  72580K->41140K(140800K), 0,0015357 secs]
327,632: [GC (Allocation Failure)  66740K->45892K(140288K), 0,0022296 secs]
327,667: [GC (Allocation Failure)  71492K->40092K(140800K), 0,0013695 secs]
327,692: [GC (Allocation Failure)  65692K->44908K(141312K), 0,0020993 secs]
327,727: [GC (Allocation Failure)  71532K->40028K(141312K), 0,0013266 secs]
327,752: [GC (Allocation Failure)  66652K->45868K(141312K), 0,0024216 secs]
327,787: [GC (Allocation Failure)  72492K->41084K(141312K), 0,0035342 secs]
327,814: [GC (Allocation Failure)  67708K->46892K(140288K), 0,0035905 secs]
327,850: [GC (Allocation Failure)  72492K->41052K(140800K), 0,0021398 secs]
327,874: [GC (Allocation Failure)  66652K->45836K(140288K), 0,0017096 secs]
327,909: [GC (Allocation Failure)  71436K->39972K(140800K), 0,0025940 secs]
327,934: [GC (Allocation Failure)  65572K->44756K(141312K), 0,0058757 secs]
327,973: [GC (Allocation Failure)  71380K->39972K(141312K), 0,0023949 secs]
327,999: [GC (Allocation Failure)  66596K->45780K(141312K), 0,0031358 secs]
328,037: [GC (Allocation Failure)  72404K->41004K(141312K), 0,0022294 secs]
328,063: [GC (Allocation Failure)  67628K->46780K(139776K), 0,0032678 secs]
328,099: [GC (Allocation Failure)  72380K->40940K(140800K), 0,0019987 secs]
328,123: [GC (Allocation Failure)  66540K->45724K(141312K), 0,0026491 secs]
328,159: [GC (Allocation Failure)  72348K->40908K(141312K), 0,0022198 secs]
328,183: [GC (Allocation Failure)  67532K->46716K(140288K), 0,0028368 secs]
328,221: [GC (Allocation Failure)  72316K->40908K(140800K), 0,0024142 secs]
328,249: [GC (Allocation Failure)  66508K->45660K(141312K), 0,0044075 secs]
328,286: [GC (Allocation Failure)  72284K->40884K(141312K), 0,0026334 secs]
328,311: [GC (Allocation Failure)  67508K->46692K(140288K), 0,0049399 secs]
328,349: [GC (Allocation Failure)  72292K->40852K(140800K), 0,0025686 secs]
328,374: [GC (Allocation Failure)  66452K->45636K(141312K), 0,0017973 secs]
328,409: [GC (Allocation Failure)  72260K->40820K(141312K), 0,0066182 secs]
328,438: [GC (Allocation Failure)  67444K->46660K(140288K), 0,0018321 secs]
328,473: [GC (Allocation Failure)  72260K->40788K(140800K), 0,0023819 secs]
328,498: [GC (Allocation Failure)  66388K->45604K(141312K), 0,0040141 secs]
328,538: [GC (Allocation Failure)  72228K->40788K(141312K), 0,0009715 secs]
328,561: [GC (Allocation Failure)  67412K->46604K(141312K), 0,0013819 secs]
328,596: [GC (Allocation Failure)  73228K->41788K(141312K), 0,0032901 secs]
328,623: [GC (Allocation Failure)  68412K->47628K(140288K), 0,0045038 secs]
328,662: [GC (Allocation Failure)  73228K->41796K(140800K), 0,0032039 secs]
328,689: [GC (Allocation Failure)  67396K->46548K(140288K), 0,0065594 secs]
328,730: [GC (Allocation Failure)  72148K->40772K(140800K), 0,0023340 secs]
328,758: [GC (Allocation Failure)  66372K->45524K(141312K), 0,0022453 secs]
328,793: [GC (Allocation Failure)  72148K->40708K(141312K), 0,0026338 secs]
328,820: [GC (Allocation Failure)  67332K->46516K(141312K), 0,0026120 secs]
328,855: [GC (Allocation Failure)  73140K->41764K(141312K), 0,0011626 secs]
328,882: [GC (Allocation Failure)  68388K->47540K(140288K), 0,0040696 secs]
328,921: [GC (Allocation Failure)  73140K->41700K(140800K), 0,0059138 secs]
328,954: [GC (Allocation Failure)  67300K->46484K(140288K), 0,0025513 secs]
328,989: [GC (Allocation Failure)  72084K->40644K(140800K), 0,0015935 secs]
329,014: [GC (Allocation Failure)  66244K->45428K(141312K), 0,0041621 secs]
329,052: [GC (Allocation Failure)  72052K->40612K(141312K), 0,0016202 secs]
329,078: [GC (Allocation Failure)  67236K->46420K(141312K), 0,0052168 secs]
329,119: [GC (Allocation Failure)  73044K->41636K(141312K), 0,0041937 secs]
329,147: [GC (Allocation Failure)  68260K->47412K(140288K), 0,0023362 secs]
329,184: [GC (Allocation Failure)  73012K->41604K(140800K), 0,0037274 secs]
329,216: [GC (Allocation Failure)  67204K->46364K(141312K), 0,0034876 secs]
329,254: [GC (Allocation Failure)  72988K->41580K(141312K), 0,0047368 secs]
329,279: [GC (Allocation Failure)  68204K->47388K(140288K), 0,0023983 secs]
329,313: [GC (Allocation Failure)  72988K->41548K(140800K), 0,0007035 secs]
329,335: [GC (Allocation Failure)  67148K->46332K(141312K), 0,0014675 secs]
329,369: [GC (Allocation Failure)  72956K->41548K(141312K), 0,0011131 secs]
329,396: [GC (Allocation Failure)  68172K->47388K(140288K), 0,0052874 secs]
329,438: [GC (Allocation Failure)  72988K->41484K(140800K), 0,0038949 secs]
329,468: [GC (Allocation Failure)  67084K->46300K(141312K), 0,0018448 secs]
329,505: [GC (Allocation Failure)  72924K->41452K(141312K), 0,0036144 secs]
329,531: [GC (Allocation Failure)  68076K->47292K(140288K), 0,0030356 secs]
329,566: [GC (Allocation Failure)  72892K->41420K(140800K), 0,0017114 secs]
329,589: [GC (Allocation Failure)  67020K->46204K(141312K), 0,0014431 secs]
329,623: [GC (Allocation Failure)  72828K->41452K(141312K), 0,0024956 secs]
329,649: [GC (Allocation Failure)  68076K->47236K(140288K), 0,0016248 secs]
329,687: [GC (Allocation Failure)  72836K->41404K(140800K), 0,0030296 secs]
329,713: [GC (Allocation Failure)  67004K->46196K(141312K), 0,0032243 secs]
329,749: [GC (Allocation Failure)  72820K->41412K(141312K), 0,0017676 secs]
329,777: [GC (Allocation Failure)  68036K->47220K(141312K), 0,0052328 secs]
329,819: [GC (Allocation Failure)  73844K->42404K(141312K), 0,0031163 secs]
329,849: [GC (Allocation Failure)  69028K->48244K(140288K), 0,0029093 secs]
329,885: [GC (Allocation Failure)  73844K->42372K(140800K), 0,0023487 secs]
329,910: [GC (Allocation Failure)  67972K->47124K(140288K), 0,0042871 secs]
329,947: [GC (Allocation Failure)  72724K->41316K(140800K), 0,0028660 secs]
329,974: [GC (Allocation Failure)  66916K->46100K(141312K), 0,0048050 secs]
330,011: [GC (Allocation Failure)  72724K->41284K(141312K), 0,0010894 secs]
330,038: [GC (Allocation Failure)  67908K->47124K(141312K), 0,0025461 secs]
330,074: [GC (Allocation Failure)  73748K->42308K(141312K), 0,0029874 secs]
330,104: [GC (Allocation Failure)  68932K->48124K(140288K), 0,0021211 secs]
330,139: [GC (Allocation Failure)  73724K->42284K(140800K), 0,0054560 secs]
330,169: [GC (Allocation Failure)  67884K->47100K(140288K), 0,0026494 secs]
330,207: [GC (Allocation Failure)  72700K->41260K(140800K), 0,0023175 secs]
330,233: [GC (Allocation Failure)  66860K->46044K(141312K), 0,0094497 secs]
330,275: [GC (Allocation Failure)  72668K->41196K(141312K), 0,0018213 secs]
330,298: [GC (Allocation Failure)  67820K->47036K(141312K), 0,0013799 secs]
330,332: [GC (Allocation Failure)  73660K->42252K(141312K), 0,0007566 secs]
330,354: [GC (Allocation Failure)  68876K->48028K(140288K), 0,0015010 secs]
330,388: [GC (Allocation Failure)  73628K->42188K(140800K), 0,0022149 secs]
330,412: [GC (Allocation Failure)  67788K->46940K(141312K), 0,0048725 secs]
330,453: [GC (Allocation Failure)  73564K->42188K(141312K), 0,0043585 secs]
330,481: [GC (Allocation Failure)  68812K->48004K(140288K), 0,0034749 secs]
330,517: [GC (Allocation Failure)  73604K->42132K(140800K), 0,0130257 secs]
330,558: [GC (Allocation Failure)  67732K->46956K(141312K), 0,0018246 secs]
330,592: [GC (Allocation Failure)  73580K->42108K(141312K), 0,0011618 secs]
330,615: [GC (Allocation Failure)  68732K->47948K(140288K), 0,0022897 secs]
330,648: [GC (Allocation Failure)  73548K->42108K(140800K), 0,0015077 secs]
330,671: [GC (Allocation Failure)  67708K->46892K(141312K), 0,0019376 secs]
330,705: [GC (Allocation Failure)  73516K->42108K(141312K), 0,0019461 secs]
330,730: [GC (Allocation Failure)  68732K->47884K(140288K), 0,0028329 secs]
330,767: [GC (Allocation Failure)  73484K->42012K(140800K), 0,0042932 secs]
330,797: [GC (Allocation Failure)  67612K->46668K(141312K), 0,0049211 secs]
330,835: [GC (Allocation Failure)  73292K->41820K(141312K), 0,0036359 secs]
330,861: [GC (Allocation Failure)  68444K->47628K(141312K), 0,0049194 secs]
330,899: [GC (Allocation Failure)  74252K->42812K(141312K), 0,0038700 secs]
330,925: [GC (Allocation Failure)  69436K->48588K(140288K), 0,0048716 secs]
330,966: [GC (Allocation Failure)  74188K->42748K(140800K), 0,0062530 secs]
330,996: [GC (Allocation Failure)  68348K->47500K(140288K), 0,0045940 secs]
331,033: [GC (Allocation Failure)  73100K->41660K(140800K), 0,0035156 secs]
331,059: [GC (Allocation Failure)  67260K->46380K(141312K), 0,0066248 secs]
331,098: [GC (Allocation Failure)  73004K->41564K(141312K), 0,0034559 secs]
331,128: [GC (Allocation Failure)  68188K->47404K(141312K), 0,0043836 secs]
331,166: [GC (Allocation Failure)  74028K->42588K(141312K), 0,0037689 secs]
331,192: [GC (Allocation Failure)  69212K->48428K(139776K), 0,0022637 secs]
331,227: [GC (Allocation Failure)  74028K->42636K(140800K), 0,0007092 secs]
331,248: [GC (Allocation Failure)  68236K->47420K(141312K), 0,0025275 secs]
331,284: [GC (Allocation Failure)  74044K->42572K(141312K), 0,0029891 secs]
331,309: [GC (Allocation Failure)  69196K->48412K(140288K), 0,0032207 secs]
331,346: [GC (Allocation Failure)  74012K->42540K(140800K), 0,0029079 secs]
331,371: [GC (Allocation Failure)  68140K->47388K(141312K), 0,0027335 secs]
331,404: [GC (Allocation Failure)  74012K->42572K(141312K), 0,0007357 secs]
331,426: [GC (Allocation Failure)  69196K->48380K(140288K), 0,0021343 secs]
331,463: [GC (Allocation Failure)  73980K->42540K(140800K), 0,0026971 secs]
331,493: [GC (Allocation Failure)  68140K->47324K(141312K), 0,0052107 secs]
331,534: [GC (Allocation Failure)  73948K->42540K(141312K), 0,0028103 secs]
331,566: [GC (Allocation Failure)  69164K->48316K(140288K), 0,0076200 secs]
331,611: [GC (Allocation Failure)  73916K->42444K(140800K), 0,0082393 secs]
331,643: [GC (Allocation Failure)  68044K->47260K(141312K), 0,0026360 secs]
331,677: [GC (Allocation Failure)  73884K->42444K(141312K), 0,0014288 secs]
331,700: [GC (Allocation Failure)  69068K->48252K(141312K), 0,0029197 secs]
331,736: [GC (Allocation Failure)  74876K->43436K(141312K), 0,0027063 secs]
331,764: [GC (Allocation Failure)  70060K->49244K(140288K), 0,0140043 secs]
331,813: [GC (Allocation Failure)  74844K->43436K(140800K), 0,0038428 secs]
331,840: [GC (Allocation Failure)  69036K->48220K(140288K), 0,0069214 secs]
331,879: [GC (Allocation Failure)  73820K->42348K(140800K), 0,0027493 secs]
331,904: [GC (Allocation Failure)  67948K->47132K(141312K), 0,0025949 secs]
331,939: [GC (Allocation Failure)  73244K->41836K(140800K), 0,0021305 secs]
331,962: [GC (Allocation Failure)  67948K->47100K(141312K), 0,0031200 secs]
332,001: [GC (Allocation Failure)  73724K->42348K(141312K), 0,0017707 secs]
332,024: [GC (Allocation Failure)  68972K->48124K(140800K), 0,0048354 secs]
332,068: [GC (Allocation Failure)  74748K->43308K(141312K), 0,0038275 secs]
332,103: [GC (Allocation Failure)  69932K->49148K(139776K), 0,0029237 secs]
332,137: [GC (Allocation Failure)  74748K->43276K(140800K), 0,0025605 secs]
332,166: [GC (Allocation Failure)  68876K->48092K(141312K), 0,0033022 secs]
332,201: [GC (Allocation Failure)  74716K->43308K(141312K), 0,0016145 secs]
332,223: [GC (Allocation Failure)  69932K->49116K(140288K), 0,0028507 secs]
332,259: [GC (Allocation Failure)  74716K->43308K(140800K), 0,0009718 secs]
332,281: [GC (Allocation Failure)  68908K->48060K(140288K), 0,0018215 secs]
332,313: [GC (Allocation Failure)  73660K->42220K(140800K), 0,0006614 secs]
332,334: [GC (Allocation Failure)  67820K->47012K(141312K), 0,0012043 secs]
332,366: [GC (Allocation Failure)  73636K->42196K(141312K), 0,0048959 secs]
332,399: [GC (Allocation Failure)  68820K->48004K(141312K), 0,0048268 secs]
332,441: [GC (Allocation Failure)  74628K->43196K(141312K), 0,0043114 secs]
332,474: [GC (Allocation Failure)  69820K->49004K(139776K), 0,0049056 secs]
332,516: [GC (Allocation Failure)  74604K->43228K(140800K), 0,0029523 secs]
332,544: [GC (Allocation Failure)  68828K->47980K(141312K), 0,0036331 secs]
332,580: [GC (Allocation Failure)  74604K->43164K(141312K), 0,0031111 secs]
332,606: [GC (Allocation Failure)  69788K->48972K(140288K), 0,0020611 secs]
332,640: [GC (Allocation Failure)  74572K->43132K(140800K), 0,0060646 secs]
332,671: [GC (Allocation Failure)  68732K->47884K(141312K), 0,0030903 secs]
332,707: [GC (Allocation Failure)  74508K->43100K(141312K), 0,0019505 secs]
332,732: [GC (Allocation Failure)  69724K->48908K(140288K), 0,0051698 secs]
332,772: [GC (Allocation Failure)  74508K->43100K(140800K), 0,0013256 secs]
332,796: [GC (Allocation Failure)  68700K->47884K(141312K), 0,0013696 secs]
332,832: [GC (Allocation Failure)  74508K->43068K(141312K), 0,0019366 secs]
332,856: [GC (Allocation Failure)  69692K->48844K(141312K), 0,0015573 secs]
332,895: [GC (Allocation Failure)  75468K->44060K(141312K), 0,0027172 secs]
332,922: [GC (Allocation Failure)  70684K->49900K(140288K), 0,0029691 secs]
332,959: [GC (Allocation Failure)  75500K->44060K(140800K), 0,0022422 secs]
332,984: [GC (Allocation Failure)  69660K->48844K(140288K), 0,0017571 secs]
333,021: [GC (Allocation Failure)  74444K->42972K(140800K), 0,0064345 secs]
333,051: [GC (Allocation Failure)  68572K->47788K(141312K), 0,0013109 secs]
333,086: [GC (Allocation Failure)  73900K->42460K(140800K), 0,0017599 secs]
333,111: [GC (Allocation Failure)  68572K->47756K(141312K), 0,0019229 secs]
333,150: [GC (Allocation Failure)  74380K->42940K(141312K), 0,0022610 secs]
333,176: [GC (Allocation Failure)  69564K->48748K(141312K), 0,0054103 secs]
333,218: [GC (Allocation Failure)  75372K->43964K(141312K), 0,0033243 secs]
333,245: [GC (Allocation Failure)  70588K->49772K(139776K), 0,0018437 secs]
333,281: [GC (Allocation Failure)  75372K->43932K(140800K), 0,0010147 secs]
333,304: [GC (Allocation Failure)  69532K->48716K(140288K), 0,0042726 secs]
333,340: [GC (Allocation Failure)  74316K->42876K(140800K), 0,0007057 secs]
333,361: [GC (Allocation Failure)  68476K->47660K(141312K), 0,0024240 secs]
333,397: [GC (Allocation Failure)  74284K->42844K(141312K), 0,0031641 secs]
333,426: [GC (Allocation Failure)  69468K->48660K(141312K), 0,0029646 secs]
333,460: [GC (Allocation Failure)  75284K->43908K(141312K), 0,0007073 secs]
333,481: [GC (Allocation Failure)  70532K->49684K(139776K), 0,0014411 secs]
333,514: [GC (Allocation Failure)  75284K->43844K(140800K), 0,0014499 secs]
333,537: [GC (Allocation Failure)  69444K->48596K(141312K), 0,0028103 secs]
333,572: [GC (Allocation Failure)  75220K->43780K(141312K), 0,0046284 secs]
333,601: [GC (Allocation Failure)  70404K->49620K(140288K), 0,0022446 secs]
333,638: [GC (Allocation Failure)  75220K->43780K(140800K), 0,0081592 secs]
333,674: [GC (Allocation Failure)  69380K->48564K(141312K), 0,0126559 secs]
333,724: [GC (Allocation Failure)  75188K->43716K(141312K), 0,0088468 secs]
333,759: [GC (Allocation Failure)  70340K->49588K(140288K), 0,0040693 secs]
333,795: [GC (Allocation Failure)  75188K->43812K(140800K), 0,0010114 secs]
333,818: [GC (Allocation Failure)  69412K->48540K(141312K), 0,0015673 secs]
333,852: [GC (Allocation Failure)  75164K->43724K(141312K), 0,0010708 secs]
333,875: [GC (Allocation Failure)  70348K->49564K(140288K), 0,0018448 secs]
333,910: [GC (Allocation Failure)  75164K->43692K(140800K), 0,0009953 secs]
333,933: [GC (Allocation Failure)  69292K->48476K(141312K), 0,0016066 secs]
333,968: [GC (Allocation Failure)  75100K->43724K(141312K), 0,0009087 secs]
333,991: [GC (Allocation Failure)  70348K->49532K(140288K), 0,0017540 secs]
334,026: [GC (Allocation Failure)  75132K->43660K(140800K), 0,0023349 secs]
334,050: [GC (Allocation Failure)  69260K->48444K(141312K), 0,0027502 secs]
334,086: [GC (Allocation Failure)  75068K->43636K(141312K), 0,0008832 secs]
334,109: [GC (Allocation Failure)  70260K->49476K(141312K), 0,0032260 secs]
334,145: [GC (Allocation Failure)  76100K->44660K(141312K), 0,0010953 secs]
334,168: [GC (Allocation Failure)  71284K->50468K(140288K), 0,0020814 secs]
334,203: [GC (Allocation Failure)  76068K->44628K(140800K), 0,0048542 secs]
334,230: [GC (Allocation Failure)  70228K->49380K(140288K), 0,0081744 secs]
334,271: [GC (Allocation Failure)  74980K->43540K(140800K), 0,0009373 secs]
334,294: [GC (Allocation Failure)  69140K->48356K(141312K), 0,0019261 secs]
334,329: [GC (Allocation Failure)  74980K->43540K(141312K), 0,0056230 secs]
334,356: [GC (Allocation Failure)  70164K->49348K(141312K), 0,0018023 secs]
334,391: [GC (Allocation Failure)  75972K->44532K(141312K), 0,0010576 secs]
334,414: [GC (Allocation Failure)  71156K->50340K(140288K), 0,0018926 secs]
334,454: [GC (Allocation Failure)  75940K->44532K(140800K), 0,0031031 secs]
334,483: [GC (Allocation Failure)  70132K->49316K(140288K), 0,0023309 secs]
334,518: [GC (Allocation Failure)  74916K->43476K(140800K), 0,0031332 secs]
334,543: [GC (Allocation Failure)  69076K->48228K(141312K), 0,0017496 secs]
334,578: [GC (Allocation Failure)  74852K->43444K(141312K), 0,0036641 secs]
334,605: [GC (Allocation Failure)  70068K->49252K(141312K), 0,0039319 secs]
334,641: [GC (Allocation Failure)  75876K->44468K(141312K), 0,0011933 secs]
334,666: [GC (Allocation Failure)  71092K->50308K(139776K), 0,0020990 secs]
334,703: [GC (Allocation Failure)  75908K->44404K(140800K), 0,0034405 secs]
334,729: [GC (Allocation Failure)  70004K->49188K(141312K), 0,0044800 secs]
334,769: [GC (Allocation Failure)  75812K->44372K(141312K), 0,0022905 secs]
334,795: [GC (Allocation Failure)  70996K->50020K(140288K), 0,0024764 secs]
334,831: [GC (Allocation Failure)  75620K->44180K(140800K), 0,0033824 secs]
334,856: [GC (Allocation Failure)  69780K->48932K(141312K), 0,0027450 secs]
334,890: [GC (Allocation Failure)  75555K->44116K(141312K), 0,0014845 secs]
334,912: [GC (Allocation Failure)  70740K->49892K(141312K), 0,0024862 secs]
334,945: [GC (Allocation Failure)  76516K->45140K(141312K), 0,0014829 secs]
334,972: [GC (Allocation Failure)  71764K->50948K(140288K), 0,0078057 secs]
335,017: [GC (Allocation Failure)  76548K->45108K(140800K), 0,0041605 secs]
335,048: [GC (Allocation Failure)  70708K->49900K(140288K), 0,0102907 secs]
335,095: [GC (Allocation Failure)  75500K->44060K(140800K), 0,0030095 secs]
335,123: [GC (Allocation Failure)  69660K->48812K(141312K), 0,0028652 secs]
335,157: [GC (Allocation Failure)  75436K->44060K(141312K), 0,0071163 secs]
335,186: [GC (Allocation Failure)  70684K->49836K(141312K), 0,0030508 secs]
335,221: [GC (Allocation Failure)  76460K->45052K(141312K), 0,0023301 secs]
335,245: [GC (Allocation Failure)  71676K->50860K(140288K), 0,0043422 secs]
335,281: [GC (Allocation Failure)  76460K->45020K(140800K), 0,0017954 secs]
335,303: [GC (Allocation Failure)  70620K->49708K(140288K), 0,0066964 secs]
335,343: [GC (Allocation Failure)  75308K->43844K(140800K), 0,0037298 secs]
335,373: [GC (Allocation Failure)  69444K->48660K(141312K), 0,0019939 secs]
335,409: [GC (Allocation Failure)  75284K->43812K(141312K), 0,0042066 secs]
335,436: [GC (Allocation Failure)  70436K->49684K(141312K), 0,0017490 secs]
335,474: [GC (Allocation Failure)  76308K->44868K(141312K), 0,0033746 secs]
335,503: [GC (Allocation Failure)  71492K->50684K(139776K), 0,0020089 secs]
335,539: [GC (Allocation Failure)  76284K->44820K(140800K), 0,0025019 secs]
335,562: [GC (Allocation Failure)  70420K->49636K(141312K), 0,0053499 secs]
335,598: [GC (Allocation Failure)  76260K->44852K(141312K), 0,0031809 secs]
335,630: [GC (Allocation Failure)  71476K->50668K(140288K), 0,0039249 secs]
335,669: [GC (Allocation Failure)  76268K->44796K(140800K), 0,0045142 secs]
335,700: [GC (Allocation Failure)  70396K->49620K(141312K), 0,0037409 secs]
335,738: [GC (Allocation Failure)  76244K->44804K(141312K), 0,0034834 secs]
335,768: [GC (Allocation Failure)  71428K->50580K(140288K), 0,0030987 secs]
335,806: [GC (Allocation Failure)  76180K->44772K(140800K), 0,0065722 secs]
335,835: [GC (Allocation Failure)  70372K->49556K(141312K), 0,0034358 secs]
335,874: [GC (Allocation Failure)  76180K->44740K(141312K), 0,0029994 secs]
335,902: [GC (Allocation Failure)  71364K->50516K(140288K), 0,0027739 secs]
335,939: [GC (Allocation Failure)  76116K->44772K(140800K), 0,0011568 secs]
335,962: [GC (Allocation Failure)  70372K->49460K(141312K), 0,0031976 secs]
335,998: [GC (Allocation Failure)  76084K->44684K(141312K), 0,0012052 secs]
336,022: [GC (Allocation Failure)  71308K->50492K(141312K), 0,0035827 secs]
336,058: [GC (Allocation Failure)  77116K->45708K(141312K), 0,0028367 secs]
336,084: [GC (Allocation Failure)  72332K->51516K(140288K), 0,0022024 secs]
336,121: [GC (Allocation Failure)  77116K->45716K(140800K), 0,0033397 secs]
336,152: [GC (Allocation Failure)  71316K->50500K(140288K), 0,0046062 secs]
336,194: [GC (Allocation Failure)  76100K->44660K(140800K), 0,0028354 secs]
336,222: [GC (Allocation Failure)  70260K->49412K(141312K), 0,0020688 secs]
336,259: [GC (Allocation Failure)  76036K->44604K(141312K), 0,0011164 secs]
336,286: [GC (Allocation Failure)  71228K->50444K(141312K), 0,0032286 secs]
336,323: [GC (Allocation Failure)  77068K->45636K(141312K), 0,0010572 secs]
336,346: [GC (Allocation Failure)  72260K->51476K(140288K), 0,0028993 secs]
336,382: [GC (Allocation Failure)  77076K->45604K(140800K), 0,0028671 secs]
336,409: [GC (Allocation Failure)  71204K->50356K(140288K), 0,0067784 secs]
336,449: [GC (Allocation Failure)  75956K->44580K(140800K), 0,0066731 secs]
336,479: [GC (Allocation Failure)  70180K->49332K(141312K), 0,0014970 secs]
336,513: [GC (Allocation Failure)  75956K->44484K(141312K), 0,0037828 secs]
336,543: [GC (Allocation Failure)  71108K->50324K(141312K), 0,0053245 secs]
336,581: [GC (Allocation Failure)  76948K->45540K(141312K), 0,0021067 secs]
336,604: [GC (Allocation Failure)  72164K->51348K(140288K), 0,0014882 secs]
336,642: [GC (Allocation Failure)  76948K->45508K(140800K), 0,0041283 secs]
336,671: [GC (Allocation Failure)  71108K->50260K(141312K), 0,0027044 secs]
336,708: [GC (Allocation Failure)  76884K->45516K(141312K), 0,0013004 secs]
336,732: [GC (Allocation Failure)  72140K->51292K(140288K), 0,0042406 secs]
336,771: [GC (Allocation Failure)  76892K->45452K(140800K), 0,0029558 secs]
336,795: [GC (Allocation Failure)  71052K->50236K(141312K), 0,0015526 secs]
336,829: [GC (Allocation Failure)  76860K->45452K(141312K), 0,0060777 secs]
336,858: [GC (Allocation Failure)  72076K->51260K(140288K), 0,0014471 secs]
336,894: [GC (Allocation Failure)  76860K->45420K(140800K), 0,0036480 secs]
336,922: [GC (Allocation Failure)  71020K->50204K(141312K), 0,0029701 secs]
336,959: [GC (Allocation Failure)  76828K->45388K(141312K), 0,0016366 secs]
336,987: [GC (Allocation Failure)  72012K->51204K(140288K), 0,0026715 secs]
337,023: [GC (Allocation Failure)  76804K->45364K(140800K), 0,0008710 secs]
337,047: [GC (Allocation Failure)  70964K->50116K(141312K), 0,0051622 secs]
337,090: [GC (Allocation Failure)  76740K->45332K(141312K), 0,0030101 secs]
337,117: [GC (Allocation Failure)  71956K->51140K(140288K), 0,0031853 secs]
337,154: [GC (Allocation Failure)  76740K->45364K(140800K), 0,0015511 secs]
337,180: [GC (Allocation Failure)  70964K->50124K(141312K), 0,0031589 secs]
337,217: [GC (Allocation Failure)  76748K->45276K(141312K), 0,0038978 secs]
337,245: [GC (Allocation Failure)  71900K->51116K(141312K), 0,0035599 secs]
337,281: [GC (Allocation Failure)  77740K->46300K(141312K), 0,0041808 secs]
337,308: [GC (Allocation Failure)  72924K->52140K(140288K), 0,0017861 secs]
337,342: [GC (Allocation Failure)  77740K->46300K(140800K), 0,0011763 secs]
337,365: [GC (Allocation Failure)  71900K->51052K(140288K), 0,0040300 secs]
337,402: [GC (Allocation Failure)  76652K->45244K(140800K), 0,0011872 secs]
337,425: [GC (Allocation Failure)  70844K->49996K(141312K), 0,0027910 secs]
337,461: [GC (Allocation Failure)  76620K->45180K(141312K), 0,0008681 secs]
337,486: [GC (Allocation Failure)  71804K->51020K(141312K), 0,0033201 secs]
337,521: [GC (Allocation Failure)  77644K->46236K(141312K), 0,0040708 secs]
337,546: [GC (Allocation Failure)  72860K->52044K(140288K), 0,0024167 secs]
337,581: [GC (Allocation Failure)  77644K->46236K(140800K), 0,0017455 secs]
337,609: [GC (Allocation Failure)  71836K->50988K(140288K), 0,0026595 secs]
337,644: [GC (Allocation Failure)  76588K->45148K(140800K), 0,0011569 secs]
337,667: [GC (Allocation Failure)  70748K->49932K(141312K), 0,0017732 secs]
337,704: [GC (Allocation Failure)  76556K->45124K(141312K), 0,0026309 secs]
337,735: [GC (Allocation Failure)  71748K->50972K(141312K), 0,0045684 secs]
337,777: [GC (Allocation Failure)  77596K->46124K(141312K), 0,0030445 secs]
337,808: [GC (Allocation Failure)  72748K->51964K(139776K), 0,0054888 secs]
337,851: [GC (Allocation Failure)  77564K->46092K(140800K), 0,0045570 secs]
337,884: [GC (Allocation Failure)  71692K->50844K(141312K), 0,0045867 secs]
337,922: [GC (Allocation Failure)  77468K->46092K(141312K), 0,0033470 secs]
337,949: [GC (Allocation Failure)  72716K->51900K(140288K), 0,0026773 secs]
337,986: [GC (Allocation Failure)  77500K->46060K(140800K), 0,0062915 secs]
338,015: [GC (Allocation Failure)  71660K->50812K(141312K), 0,0019676 secs]
338,050: [GC (Allocation Failure)  77436K->46028K(141312K), 0,0011810 secs]
338,075: [GC (Allocation Failure)  72652K->51844K(140288K), 0,0044625 secs]
338,112: [GC (Allocation Failure)  77444K->46036K(140800K), 0,0013208 secs]
338,136: [GC (Allocation Failure)  71636K->50788K(141312K), 0,0022888 secs]
338,176: [GC (Allocation Failure)  77412K->46004K(141312K), 0,0028713 secs]
338,207: [GC (Allocation Failure)  72628K->51812K(140288K), 0,0070103 secs]
338,247: [GC (Allocation Failure)  77412K->45972K(140800K), 0,0010832 secs]
338,270: [GC (Allocation Failure)  71572K->50724K(141312K), 0,0015841 secs]
338,305: [GC (Allocation Failure)  77348K->45940K(141312K), 0,0008935 secs]
338,328: [GC (Allocation Failure)  72564K->51748K(141312K), 0,0029754 secs]
338,364: [GC (Allocation Failure)  78372K->46932K(141312K), 0,0035869 secs]
338,390: [GC (Allocation Failure)  73556K->52772K(140288K), 0,0038200 secs]
338,427: [GC (Allocation Failure)  78372K->46932K(140800K), 0,0011880 secs]
338,450: [GC (Allocation Failure)  72532K->51716K(140288K), 0,0017134 secs]
338,485: [GC (Allocation Failure)  77316K->45876K(140800K), 0,0034244 secs]
338,510: [GC (Allocation Failure)  71476K->50660K(141312K), 0,0028987 secs]
338,546: [GC (Allocation Failure)  76772K->45332K(140800K), 0,0008931 secs]
338,569: [GC (Allocation Failure)  71444K->50628K(141312K), 0,0015691 secs]
338,603: [GC (Allocation Failure)  77252K->45788K(141312K), 0,0020459 secs]
338,627: [GC (Allocation Failure)  72412K->51628K(141312K), 0,0029404 secs]
338,663: [GC (Allocation Failure)  78252K->46812K(141312K), 0,0011290 secs]
338,686: [GC (Allocation Failure)  73436K->52588K(139776K), 0,0047967 secs]
338,724: [GC (Allocation Failure)  78188K->46740K(140800K), 0,0011439 secs]
338,747: [GC (Allocation Failure)  72340K->51492K(141312K), 0,0016652 secs]
338,782: [GC (Allocation Failure)  78116K->46484K(141312K), 0,0018564 secs]
338,806: [GC (Allocation Failure)  73108K->52228K(140288K), 0,0083205 secs]
338,845: [GC (Allocation Failure)  77828K->46420K(140800K), 0,0022210 secs]
338,868: [GC (Allocation Failure)  72020K->51172K(141312K), 0,0021179 secs]
338,903: [GC (Allocation Failure)  77796K->46364K(141312K), 0,0006681 secs]
338,924: [GC (Allocation Failure)  72988K->52172K(140288K), 0,0022229 secs]
338,957: [GC (Allocation Failure)  77772K->46268K(140800K), 0,0007345 secs]
338,979: [GC (Allocation Failure)  71868K->51052K(141312K), 0,0021100 secs]
339,018: [GC (Allocation Failure)  77676K->46300K(141312K), 0,0069282 secs]
339,053: [GC (Allocation Failure)  72924K->52108K(141312K), 0,0044427 secs]
339,095: [GC (Allocation Failure)  78732K->47260K(141312K), 0,0013271 secs]
339,119: [GC (Allocation Failure)  73884K->53100K(140288K), 0,0016884 secs]
339,154: [GC (Allocation Failure)  78700K->47292K(140800K), 0,0031600 secs]
339,184: [GC (Allocation Failure)  72892K->52084K(140288K), 0,0041385 secs]
339,222: [GC (Allocation Failure)  77684K->46212K(140800K), 0,0030732 secs]
339,249: [GC (Allocation Failure)  71812K->51036K(141312K), 0,0023987 secs]
339,284: [GC (Allocation Failure)  77660K->46188K(141312K), 0,0075233 secs]
339,319: [GC (Allocation Failure)  72812K->51996K(141312K), 0,0021560 secs]
339,355: [GC (Allocation Failure)  78620K->47244K(141312K), 0,0021854 secs]
339,384: [GC (Allocation Failure)  73868K->53052K(140288K), 0,0050554 secs]
339,428: [GC (Allocation Failure)  78652K->47188K(140800K), 0,0061143 secs]
339,458: [GC (Allocation Failure)  72788K->51972K(140288K), 0,0036208 secs]
339,496: [GC (Allocation Failure)  77572K->46164K(140800K), 0,0017361 secs]
339,523: [GC (Allocation Failure)  71764K->50916K(141312K), 0,0027460 secs]
339,561: [GC (Allocation Failure)  77540K->46100K(141312K), 0,0033739 secs]
339,587: [GC (Allocation Failure)  72724K->51940K(141312K), 0,0024945 secs]
339,624: [GC (Allocation Failure)  78564K->47156K(141312K), 0,0019212 secs]
339,650: [GC (Allocation Failure)  73780K->52964K(139776K), 0,0032848 secs]
339,688: [GC (Allocation Failure)  78564K->47092K(140800K), 0,0035895 secs]
339,722: [GC (Allocation Failure)  72692K->51844K(141312K), 0,0044965 secs]
339,759: [GC (Allocation Failure)  78468K->47060K(141312K), 0,0017147 secs]
339,785: [GC (Allocation Failure)  73684K->52900K(140288K), 0,0030417 secs]
339,823: [GC (Allocation Failure)  78500K->47060K(140800K), 0,0030349 secs]
339,849: [GC (Allocation Failure)  72660K->51812K(141312K), 0,0026245 secs]
339,884: [GC (Allocation Failure)  78436K->46996K(141312K), 0,0023296 secs]
339,910: [GC (Allocation Failure)  73620K->52836K(140288K), 0,0043531 secs]
339,949: [GC (Allocation Failure)  78436K->46996K(140800K), 0,0028271 secs]
339,980: [GC (Allocation Failure)  72596K->51780K(141312K), 0,0036070 secs]
340,018: [GC (Allocation Failure)  78404K->46996K(141312K), 0,0018167 secs]
340,047: [GC (Allocation Failure)  73620K->52772K(140288K), 0,0046907 secs]
340,087: [GC (Allocation Failure)  78372K->46932K(140800K), 0,0075159 secs]
340,123: [GC (Allocation Failure)  72532K->51692K(141312K), 0,0025165 secs]
340,160: [GC (Allocation Failure)  78316K->46948K(141312K), 0,0053340 secs]
340,190: [GC (Allocation Failure)  73572K->52724K(141312K), 0,0065615 secs]
340,232: [GC (Allocation Failure)  79348K->47940K(141312K), 0,0062444 secs]
340,260: [GC (Allocation Failure)  74564K->53788K(140288K), 0,0016162 secs]
340,294: [GC (Allocation Failure)  79388K->47916K(140800K), 0,0032009 secs]
340,320: [GC (Allocation Failure)  73516K->52732K(140288K), 0,0042406 secs]
340,358: [GC (Allocation Failure)  78332K->46892K(140800K), 0,0015833 secs]
340,385: [GC (Allocation Failure)  72492K->51644K(141312K), 0,0037627 secs]
340,422: [GC (Allocation Failure)  78268K->46828K(141312K), 0,0068605 secs]
340,451: [GC (Allocation Failure)  73452K->52636K(141312K), 0,0020736 secs]
340,486: [GC (Allocation Failure)  79260K->47852K(141312K), 0,0010082 secs]
340,509: [GC (Allocation Failure)  74476K->53660K(140288K), 0,0066307 secs]
340,549: [GC (Allocation Failure)  79260K->47820K(140800K), 0,0022461 secs]
340,575: [GC (Allocation Failure)  73420K->52604K(140288K), 0,0050966 secs]
340,617: [GC (Allocation Failure)  78204K->46796K(140800K), 0,0027266 secs]
340,648: [GC (Allocation Failure)  72396K->51588K(141312K), 0,0044477 secs]
340,687: [GC (Allocation Failure)  78212K->46740K(141312K), 0,0043576 secs]
340,718: [GC (Allocation Failure)  73364K->52548K(141312K), 0,0026219 secs]
340,753: [GC (Allocation Failure)  79172K->47764K(141312K), 0,0050231 secs]
340,783: [GC (Allocation Failure)  74388K->53572K(140288K), 0,0040965 secs]
340,820: [GC (Allocation Failure)  79172K->47732K(140800K), 0,0047996 secs]
340,850: [GC (Allocation Failure)  73332K->52556K(141312K), 0,0038157 secs]
340,889: [GC (Allocation Failure)  79180K->47708K(141312K), 0,0038806 secs]
340,915: [GC (Allocation Failure)  74332K->53548K(140288K), 0,0017961 secs]
340,950: [GC (Allocation Failure)  79148K->47676K(140800K), 0,0014311 secs]
340,975: [GC (Allocation Failure)  73276K->52460K(141312K), 0,0048327 secs]
341,016: [GC (Allocation Failure)  79084K->47644K(141312K), 0,0026727 secs]
341,042: [GC (Allocation Failure)  74268K->53548K(140288K), 0,0018047 secs]
341,079: [GC (Allocation Failure)  79148K->47612K(140800K), 0,0056233 secs]
341,108: [GC (Allocation Failure)  73212K->52396K(141312K), 0,0016663 secs]
341,146: [GC (Allocation Failure)  79020K->47612K(141312K), 0,0023047 secs]
341,175: [GC (Allocation Failure)  74236K->53452K(140288K), 0,0039404 secs]
341,213: [GC (Allocation Failure)  79052K->47612K(140800K), 0,0045486 secs]
341,243: [GC (Allocation Failure)  73212K->52332K(141312K), 0,0024981 secs]
341,277: [GC (Allocation Failure)  78956K->47580K(141312K), 0,0014674 secs]
341,305: [GC (Allocation Failure)  74204K->53388K(140288K), 0,0061787 secs]
341,344: [GC (Allocation Failure)  78988K->47548K(140800K), 0,0010140 secs]
341,371: [GC (Allocation Failure)  73148K->52332K(141312K), 0,0046623 secs]
341,414: [GC (Allocation Failure)  78956K->47556K(141312K), 0,0012136 secs]
341,438: [GC (Allocation Failure)  74180K->53364K(141312K), 0,0041484 secs]
341,479: [GC (Allocation Failure)  79988K->48548K(141312K), 0,0030827 secs]
341,510: [GC (Allocation Failure)  75172K->54324K(140288K), 0,0065960 secs]
341,551: [GC (Allocation Failure)  79924K->48484K(140800K), 0,0016851 secs]
341,574: [GC (Allocation Failure)  74084K->53300K(140288K), 0,0023986 secs]
341,607: [GC (Allocation Failure)  78900K->47460K(140800K), 0,0014110 secs]
341,629: [GC (Allocation Failure)  73060K->52212K(141312K), 0,0029875 secs]
341,664: [GC (Allocation Failure)  78836K->47428K(141312K), 0,0021511 secs]
341,687: [GC (Allocation Failure)  74052K->53236K(141312K), 0,0030189 secs]
341,722: [GC (Allocation Failure)  79860K->48420K(141312K), 0,0023863 secs]
341,746: [GC (Allocation Failure)  75044K->54228K(140288K), 0,0033193 secs]
341,782: [GC (Allocation Failure)  79828K->48420K(140800K), 0,0015505 secs]
341,805: [GC (Allocation Failure)  74020K->53204K(140288K), 0,0022772 secs]
341,838: [GC (Allocation Failure)  78804K->47364K(140800K), 0,0007157 secs]
341,859: [GC (Allocation Failure)  72964K->52116K(141312K), 0,0012065 secs]
341,892: [GC (Allocation Failure)  78740K->47340K(141312K), 0,0006405 secs]
341,914: [GC (Allocation Failure)  73964K->53148K(141312K), 0,0021562 secs]
341,949: [GC (Allocation Failure)  79772K->48396K(141312K), 0,0007160 secs]
341,970: [GC (Allocation Failure)  75020K->54140K(139776K), 0,0021626 secs]
342,010: [GC (Allocation Failure)  79740K->48308K(140800K), 0,0025167 secs]
342,036: [GC (Allocation Failure)  73908K->53092K(141312K), 0,0039945 secs]
342,073: [GC (Allocation Failure)  79716K->48308K(141312K), 0,0036727 secs]
342,099: [GC (Allocation Failure)  74932K->54148K(140288K), 0,0015945 secs]
342,136: [GC (Allocation Failure)  79748K->48276K(140800K), 0,0014325 secs]
342,161: [GC (Allocation Failure)  73876K->53060K(141312K), 0,0021817 secs]
342,197: [GC (Allocation Failure)  79684K->48276K(141312K), 0,0010185 secs]
342,222: [GC (Allocation Failure)  74900K->54052K(140288K), 0,0030101 secs]
342,259: [GC (Allocation Failure)  79652K->48252K(140800K), 0,0022782 secs]
342,285: [GC (Allocation Failure)  73852K->53068K(141312K), 0,0038346 secs]
342,322: [GC (Allocation Failure)  79692K->48220K(141312K), 0,0052327 secs]
342,351: [GC (Allocation Failure)  74844K->54060K(140288K), 0,0044212 secs]
342,391: [GC (Allocation Failure)  79660K->48220K(140800K), 0,0033710 secs]
342,422: [GC (Allocation Failure)  73820K->53012K(141312K), 0,0024568 secs]
342,457: [GC (Allocation Failure)  79636K->48164K(141312K), 0,0047729 secs]
342,486: [GC (Allocation Failure)  74788K->53980K(140288K), 0,0014824 secs]
342,522: [GC (Allocation Failure)  79580K->48188K(140800K), 0,0013566 secs]
342,546: [GC (Allocation Failure)  73788K->52972K(141312K), 0,0024776 secs]
342,582: [GC (Allocation Failure)  79596K->48156K(141312K), 0,0071154 secs]
342,612: [GC (Allocation Failure)  74780K->53964K(141312K), 0,0043447 secs]
342,650: [GC (Allocation Failure)  80588K->49148K(141312K), 0,0050540 secs]
342,679: [GC (Allocation Failure)  75772K->54988K(140288K), 0,0024126 secs]
342,714: [GC (Allocation Failure)  80588K->49116K(140800K), 0,0019314 secs]
342,741: [GC (Allocation Failure)  74716K->53932K(140288K), 0,0030886 secs]
342,777: [GC (Allocation Failure)  79532K->47900K(140800K), 0,0007047 secs]
342,802: [GC (Allocation Failure)  73500K->52684K(141312K), 0,0112018 secs]
342,845: [GC (Allocation Failure)  79308K->47836K(141312K), 0,0051057 secs]
342,871: [GC (Allocation Failure)  74460K->53644K(141312K), 0,0013631 secs]
342,906: [GC (Allocation Failure)  80268K->48860K(141312K), 0,0030428 secs]
342,937: [GC (Allocation Failure)  75484K->54636K(140288K), 0,0029831 secs]
342,973: [GC (Allocation Failure)  80236K->48764K(140800K), 0,0009937 secs]
342,996: [GC (Allocation Failure)  74364K->53516K(141312K), 0,0025879 secs]
343,036: [GC (Allocation Failure)  80140K->48668K(141312K), 0,0047065 secs]
343,064: [GC (Allocation Failure)  75292K->54572K(140288K), 0,0026472 secs]
343,101: [GC (Allocation Failure)  80172K->48700K(140800K), 0,0054404 secs]
343,134: [GC (Allocation Failure)  74300K->53452K(141312K), 0,0037743 secs]
343,170: [GC (Allocation Failure)  80076K->48668K(141312K), 0,0032792 secs]
343,202: [GC (Allocation Failure)  75292K->54484K(140288K), 0,0028366 secs]
343,240: [GC (Allocation Failure)  80084K->48676K(140800K), 0,0021267 secs]
343,267: [GC (Allocation Failure)  74276K->53436K(141312K), 0,0043618 secs]
343,309: [GC (Allocation Failure)  80060K->48620K(141312K), 0,0025216 secs]
343,339: [GC (Allocation Failure)  75244K->54460K(141312K), 0,0036538 secs]
343,376: [GC (Allocation Failure)  81084K->49644K(141312K), 0,0012575 secs]
343,402: [GC (Allocation Failure)  76268K->55460K(140288K), 0,0070161 secs]
343,440: [GC (Allocation Failure)  81060K->49620K(140800K), 0,0009838 secs]
343,462: [GC (Allocation Failure)  75220K->54444K(140288K), 0,0013201 secs]
343,498: [GC (Allocation Failure)  80044K->48604K(140800K), 0,0018138 secs]
343,527: [GC (Allocation Failure)  74204K->53388K(141312K), 0,0068244 secs]
343,566: [GC (Allocation Failure)  79500K->48060K(140800K), 0,0034923 secs]
343,591: [GC (Allocation Failure)  74172K->53324K(141312K), 0,0068394 secs]
343,630: [GC (Allocation Failure)  79948K->48540K(141312K), 0,0014260 secs]
343,658: [GC (Allocation Failure)  75164K->54380K(141312K), 0,0052940 secs]
343,701: [GC (Allocation Failure)  81004K->49564K(141312K), 0,0013717 secs]
343,726: [GC (Allocation Failure)  76188K->55340K(139776K), 0,0023117 secs]
343,766: [GC (Allocation Failure)  80940K->49532K(140800K), 0,0018760 secs]
343,792: [GC (Allocation Failure)  75132K->54316K(140288K), 0,0022193 secs]
343,828: [GC (Allocation Failure)  79916K->48444K(140800K), 0,0036285 secs]
343,858: [GC (Allocation Failure)  74044K->53268K(141312K), 0,0024216 secs]
343,895: [GC (Allocation Failure)  79892K->48452K(141312K), 0,0016681 secs]
343,922: [GC (Allocation Failure)  75076K->54260K(141312K), 0,0015930 secs]
343,956: [GC (Allocation Failure)  80884K->49444K(141312K), 0,0052694 secs]
343,984: [GC (Allocation Failure)  76068K->55284K(139776K), 0,0016914 secs]
344,019: [GC (Allocation Failure)  80884K->49476K(140800K), 0,0027521 secs]
344,046: [GC (Allocation Failure)  75076K->54196K(141312K), 0,0029993 secs]
344,083: [GC (Allocation Failure)  80820K->49412K(141312K), 0,0034806 secs]
344,115: [GC (Allocation Failure)  76036K->55228K(140288K), 0,0052081 secs]
344,156: [GC (Allocation Failure)  80828K->49388K(140800K), 0,0043277 secs]
344,185: [GC (Allocation Failure)  74988K->54148K(141312K), 0,0053690 secs]
344,223: [GC (Allocation Failure)  80772K->49364K(141312K), 0,0024153 secs]
344,250: [GC (Allocation Failure)  75988K->55212K(140288K), 0,0023967 secs]
344,287: [GC (Allocation Failure)  80812K->49340K(140800K), 0,0030289 secs]
344,319: [GC (Allocation Failure)  74940K->54124K(141312K), 0,0045977 secs]
344,356: [GC (Allocation Failure)  80748K->49340K(141312K), 0,0017913 secs]
344,385: [GC (Allocation Failure)  75964K->55180K(140288K), 0,0032810 secs]
344,421: [GC (Allocation Failure)  80780K->49308K(140800K), 0,0027071 secs]
344,450: [GC (Allocation Failure)  74908K->54092K(141312K), 0,0034061 secs]
344,490: [GC (Allocation Failure)  80716K->49316K(141312K), 0,0020477 secs]
344,517: [GC (Allocation Failure)  75940K->55092K(140288K), 0,0031173 secs]
344,553: [GC (Allocation Failure)  80692K->49220K(140800K), 0,0028177 secs]
344,580: [GC (Allocation Failure)  74820K->54036K(141312K), 0,0043020 secs]
344,621: [GC (Allocation Failure)  80660K->49220K(141312K), 0,0031014 secs]
344,647: [GC (Allocation Failure)  75844K->55060K(141312K), 0,0060654 secs]
344,685: [GC (Allocation Failure)  81684K->50220K(141312K), 0,0024851 secs]
344,708: [GC (Allocation Failure)  76844K->56092K(140288K), 0,0016082 secs]
344,741: [GC (Allocation Failure)  81692K->50252K(140800K), 0,0033010 secs]
344,772: [GC (Allocation Failure)  75852K->54972K(140288K), 0,0032312 secs]
344,808: [GC (Allocation Failure)  80572K->49164K(140800K), 0,0038735 secs]
344,837: [GC (Allocation Failure)  74764K->53948K(141312K), 0,0024226 secs]
344,873: [GC (Allocation Failure)  80572K->49132K(141312K), 0,0016403 secs]
344,899: [GC (Allocation Failure)  75756K->54972K(141312K), 0,0044129 secs]
344,936: [GC (Allocation Failure)  81596K->50188K(141312K), 0,0028690 secs]
344,962: [GC (Allocation Failure)  76812K->55996K(140288K), 0,0022426 secs]
344,996: [GC (Allocation Failure)  81596K->50164K(140800K), 0,0012892 secs]
345,021: [GC (Allocation Failure)  75764K->54948K(140288K), 0,0019879 secs]
345,055: [GC (Allocation Failure)  80548K->49044K(140800K), 0,0027855 secs]
345,086: [GC (Allocation Failure)  74644K->53892K(141312K), 0,0042687 secs]
345,127: [GC (Allocation Failure)  80516K->49076K(141312K), 0,0015552 secs]
345,153: [GC (Allocation Failure)  75700K->54852K(141312K), 0,0044829 secs]
345,190: [GC (Allocation Failure)  81476K->50068K(141312K), 0,0032808 secs]
345,215: [GC (Allocation Failure)  76692K->55908K(139776K), 0,0015747 secs]
345,251: [GC (Allocation Failure)  81508K->50068K(140800K), 0,0020065 secs]
345,278: [GC (Allocation Failure)  75668K->54788K(141312K), 0,0036452 secs]
345,318: [GC (Allocation Failure)  81412K->50044K(141312K), 0,0012794 secs]
345,344: [GC (Allocation Failure)  76668K->55820K(140288K), 0,0060866 secs]
345,388: [GC (Allocation Failure)  81420K->50012K(140800K), 0,0020453 secs]
345,416: [GC (Allocation Failure)  75612K->54764K(141312K), 0,0042439 secs]
345,454: [GC (Allocation Failure)  81388K->49948K(141312K), 0,0034193 secs]
345,483: [GC (Allocation Failure)  76572K->55796K(140288K), 0,0051981 secs]
345,522: [GC (Allocation Failure)  81396K->49956K(140800K), 0,0009234 secs]
345,545: [GC (Allocation Failure)  75556K->54740K(141312K), 0,0021817 secs]
345,579: [GC (Allocation Failure)  81364K->49924K(141312K), 0,0017611 secs]
345,601: [GC (Allocation Failure)  76548K->55764K(140288K), 0,0024764 secs]
345,635: [GC (Allocation Failure)  81364K->49892K(140800K), 0,0021066 secs]
345,658: [GC (Allocation Failure)  75492K->54676K(141312K), 0,0023234 secs]
345,691: [GC (Allocation Failure)  81300K->49860K(141312K), 0,0013781 secs]
345,715: [GC (Allocation Failure)  76484K->55700K(141312K), 0,0048815 secs]
345,758: [GC (Allocation Failure)  82324K->50916K(141312K), 0,0032570 secs]
345,789: [GC (Allocation Failure)  77540K->56692K(140288K), 0,0049438 secs]
345,830: [GC (Allocation Failure)  82292K->50884K(140800K), 0,0020959 secs]
345,856: [GC (Allocation Failure)  76484K->55636K(140288K), 0,0030750 secs]
345,894: [GC (Allocation Failure)  81236K->49796K(140800K), 0,0040173 secs]
345,921: [GC (Allocation Failure)  75396K->54580K(141312K), 0,0017250 secs]
345,959: [GC (Allocation Failure)  81204K->49796K(141312K), 0,0022860 secs]
345,986: [GC (Allocation Failure)  76420K->55636K(141312K), 0,0024077 secs]
346,025: [GC (Allocation Failure)  82260K->50820K(141312K), 0,0020268 secs]
346,051: [GC (Allocation Failure)  77444K->56628K(140288K), 0,0021704 secs]
346,086: [GC (Allocation Failure)  82228K->50756K(140800K), 0,0013641 secs]
346,111: [GC (Allocation Failure)  76356K->55572K(140288K), 0,0021275 secs]
346,145: [GC (Allocation Failure)  81172K->49700K(140800K), 0,0035065 secs]
346,175: [GC (Allocation Failure)  75300K->54484K(141312K), 0,0062891 secs]
346,215: [GC (Allocation Failure)  81108K->49700K(141312K), 0,0029107 secs]
346,245: [GC (Allocation Failure)  76324K->55540K(141312K), 0,0018731 secs]
346,279: [GC (Allocation Failure)  82164K->50724K(141312K), 0,0017762 secs]
346,304: [GC (Allocation Failure)  77348K->56532K(140288K), 0,0020620 secs]
346,341: [GC (Allocation Failure)  82132K->50692K(140800K), 0,0012576 secs]
346,367: [GC (Allocation Failure)  76292K->55444K(141312K), 0,0028248 secs]
346,404: [GC (Allocation Failure)  82068K->50636K(141312K), 0,0023857 secs]
346,433: [GC (Allocation Failure)  77260K->56476K(140288K), 0,0039120 secs]
346,471: [GC (Allocation Failure)  82076K->50612K(140800K), 0,0012540 secs]
346,495: [GC (Allocation Failure)  76212K->55396K(141312K), 0,0017045 secs]
346,531: [GC (Allocation Failure)  82020K->50612K(141312K), 0,0023986 secs]
346,556: [GC (Allocation Failure)  77236K->56484K(140288K), 0,0016726 secs]
346,595: [GC (Allocation Failure)  82084K->50580K(140800K), 0,0031030 secs]
346,627: [GC (Allocation Failure)  76180K->55404K(141312K), 0,0039240 secs]
346,667: [GC (Allocation Failure)  82028K->50588K(141312K), 0,0008978 secs]
346,690: [GC (Allocation Failure)  77212K->56396K(140288K), 0,0023821 secs]
346,725: [GC (Allocation Failure)  81996K->50556K(140800K), 0,0064093 secs]
346,757: [GC (Allocation Failure)  76156K->55340K(141312K), 0,0067313 secs]
346,797: [GC (Allocation Failure)  81964K->50332K(141312K), 0,0082056 secs]
346,827: [GC (Allocation Failure)  76956K->56140K(140288K), 0,0023444 secs]
346,860: [GC (Allocation Failure)  81740K->50300K(140800K), 0,0058943 secs]
346,887: [GC (Allocation Failure)  75900K->55052K(141312K), 0,0032435 secs]
346,926: [GC (Allocation Failure)  81676K->50308K(141312K), 0,0025304 secs]
346,953: [GC (Allocation Failure)  76932K->56084K(141312K), 0,0045666 secs]
346,995: [GC (Allocation Failure)  82708K->51300K(141312K), 0,0030211 secs]
347,026: [GC (Allocation Failure)  77924K->57140K(139776K), 0,0049315 secs]
347,069: [GC (Allocation Failure)  82740K->51300K(140800K), 0,0030210 secs]
347,100: [GC (Allocation Failure)  76900K->56092K(140288K), 0,0045193 secs]
347,142: [GC (Allocation Failure)  81692K->50220K(140800K), 0,0059962 secs]
347,173: [GC (Allocation Failure)  75820K->55004K(141312K), 0,0025623 secs]
347,210: [GC (Allocation Failure)  81628K->50188K(141312K), 0,0040553 secs]
347,239: [GC (Allocation Failure)  76812K->56028K(141312K), 0,0027546 secs]
347,277: [GC (Allocation Failure)  82652K->51244K(141312K), 0,0018122 secs]
347,303: [GC (Allocation Failure)  77868K->57052K(139776K), 0,0033481 secs]
347,342: [GC (Allocation Failure)  82652K->51180K(140800K), 0,0020485 secs]
347,368: [GC (Allocation Failure)  76780K->56004K(141312K), 0,0044175 secs]
347,405: [GC (Allocation Failure)  82628K->51156K(141312K), 0,0018995 secs]
347,431: [GC (Allocation Failure)  77780K->57004K(140288K), 0,0020577 secs]
347,465: [GC (Allocation Failure)  82604K->51132K(140800K), 0,0025332 secs]
347,489: [GC (Allocation Failure)  76732K->55956K(141312K), 0,0014479 secs]
347,523: [GC (Allocation Failure)  82580K->51140K(141312K), 0,0011255 secs]
347,549: [GC (Allocation Failure)  77764K->56956K(140288K), 0,0048600 secs]
347,587: [GC (Allocation Failure)  82556K->51116K(140800K), 0,0027795 secs]
347,613: [GC (Allocation Failure)  76716K->55900K(141312K), 0,0029286 secs]
347,651: [GC (Allocation Failure)  82524K->51084K(141312K), 0,0020596 secs]
347,677: [GC (Allocation Failure)  77708K->56892K(140288K), 0,0044004 secs]
347,717: [GC (Allocation Failure)  82492K->51084K(140800K), 0,0012481 secs]
347,743: [GC (Allocation Failure)  76684K->55844K(141312K), 0,0029602 secs]
347,781: [GC (Allocation Failure)  82468K->51028K(141312K), 0,0076811 secs]
347,811: [GC (Allocation Failure)  77652K->56868K(140288K), 0,0015298 secs]
347,844: [GC (Allocation Failure)  82468K->50996K(140800K), 0,0016754 secs]
347,867: [GC (Allocation Failure)  76596K->55812K(141312K), 0,0016738 secs]
347,902: [GC (Allocation Failure)  82436K->51028K(141312K), 0,0013201 secs]
347,930: [GC (Allocation Failure)  77652K->56804K(141312K), 0,0069242 secs]
347,970: [GC (Allocation Failure)  83428K->52020K(141312K), 0,0016896 secs]
347,994: [GC (Allocation Failure)  78644K->57828K(140288K), 0,0042923 secs]
348,034: [GC (Allocation Failure)  83428K->51988K(140800K), 0,0044642 secs]
348,062: [GC (Allocation Failure)  77588K->56772K(140288K), 0,0032269 secs]
348,097: [GC (Allocation Failure)  82372K->50932K(140800K), 0,0008984 secs]
348,120: [GC (Allocation Failure)  76532K->55716K(141312K), 0,0014786 secs]
348,154: [GC (Allocation Failure)  82340K->50900K(141312K), 0,0008608 secs]
348,177: [GC (Allocation Failure)  77524K->56708K(141312K), 0,0039320 secs]
348,214: [GC (Allocation Failure)  83332K->51892K(141312K), 0,0041115 secs]
348,240: [GC (Allocation Failure)  78516K->57700K(140288K), 0,0027764 secs]
348,276: [GC (Allocation Failure)  83300K->51892K(140800K), 0,0052597 secs]
348,303: [GC (Allocation Failure)  77492K->56676K(140288K), 0,0015878 secs]
348,337: [GC (Allocation Failure)  82276K->50836K(140800K), 0,0008262 secs]
348,362: [GC (Allocation Failure)  76436K->55620K(141312K), 0,0041457 secs]
348,404: [GC (Allocation Failure)  82244K->50820K(141312K), 0,0027961 secs]
348,434: [GC (Allocation Failure)  77444K->56628K(141312K), 0,0025975 secs]
348,471: [GC (Allocation Failure)  83252K->51820K(141312K), 0,0020913 secs]
348,499: [GC (Allocation Failure)  78444K->57660K(139776K), 0,0039830 secs]
348,541: [GC (Allocation Failure)  83260K->51852K(140800K), 0,0031242 secs]
348,572: [GC (Allocation Failure)  77452K->56604K(141312K), 0,0043832 secs]
348,610: [GC (Allocation Failure)  83228K->51788K(141312K), 0,0045226 secs]
348,641: [GC (Allocation Failure)  78412K->57604K(140288K), 0,0033246 secs]
348,679: [GC (Allocation Failure)  83204K->51764K(140800K), 0,0025379 secs]
348,707: [GC (Allocation Failure)  77364K->56548K(141312K), 0,0025994 secs]
348,744: [GC (Allocation Failure)  83172K->51764K(141312K), 0,0017560 secs]
348,770: [GC (Allocation Failure)  78388K->57540K(140288K), 0,0028269 secs]
348,807: [GC (Allocation Failure)  83140K->51732K(140800K), 0,0024098 secs]
348,834: [GC (Allocation Failure)  77332K->56516K(141312K), 0,0026819 secs]
348,869: [GC (Allocation Failure)  83140K->51732K(141312K), 0,0063790 secs]
348,903: [GC (Allocation Failure)  78356K->57508K(140288K), 0,0091656 secs]
348,945: [GC (Allocation Failure)  83108K->51676K(140800K), 0,0009912 secs]
348,968: [GC (Allocation Failure)  77276K->56460K(141312K), 0,0039453 secs]
349,005: [GC (Allocation Failure)  83084K->51676K(141312K), 0,0009385 secs]
349,028: [GC (Allocation Failure)  78300K->57484K(141312K), 0,0029454 secs]
349,064: [GC (Allocation Failure)  84108K->52708K(141312K), 0,0025339 secs]
349,090: [GC (Allocation Failure)  79332K->58492K(140288K), 0,0035728 secs]
349,126: [GC (Allocation Failure)  84092K->52652K(140800K), 0,0035103 secs]
349,152: [GC (Allocation Failure)  78252K->57436K(140288K), 0,0028673 secs]
349,188: [GC (Allocation Failure)  83036K->51628K(140800K), 0,0009274 secs]
349,211: [GC (Allocation Failure)  77228K->56412K(141312K), 0,0015859 secs]
349,250: [GC (Allocation Failure)  82524K->51084K(140800K), 0,0052114 secs]
349,281: [GC (Allocation Failure)  77196K->56348K(141312K), 0,0061563 secs]
349,320: [GC (Allocation Failure)  82972K->51564K(141312K), 0,0012199 secs]
349,343: [GC (Allocation Failure)  78188K->57372K(141312K), 0,0020653 secs]
349,382: [GC (Allocation Failure)  83996K->52556K(141312K), 0,0038569 secs]
349,410: [GC (Allocation Failure)  79180K->58364K(139776K), 0,0021753 secs]
349,444: [GC (Allocation Failure)  83964K->52564K(140800K), 0,0022967 secs]
349,472: [GC (Allocation Failure)  78164K->57316K(141312K), 0,0028969 secs]
349,508: [GC (Allocation Failure)  83940K->52532K(141312K), 0,0027661 secs]
349,531: [GC (Allocation Failure)  79156K->58308K(140288K), 0,0039483 secs]
349,566: [GC (Allocation Failure)  83908K->52532K(140800K), 0,0007455 secs]
349,587: [GC (Allocation Failure)  78132K->57252K(140288K), 0,0016058 secs]
349,619: [GC (Allocation Failure)  82852K->51444K(140800K), 0,0013569 secs]
349,643: [GC (Allocation Failure)  77044K->56228K(141312K), 0,0043390 secs]
349,683: [GC (Allocation Failure)  82852K->51412K(141312K), 0,0030824 secs]
349,712: [GC (Allocation Failure)  78036K->57220K(141312K), 0,0028443 secs]
349,749: [GC (Allocation Failure)  83844K->52404K(141312K), 0,0032042 secs]
349,776: [GC (Allocation Failure)  79028K->58212K(139776K), 0,0033702 secs]
349,812: [GC (Allocation Failure)  83812K->52372K(140800K), 0,0043780 secs]
349,839: [GC (Allocation Failure)  77972K->57188K(141312K), 0,0015254 secs]
349,872: [GC (Allocation Failure)  83812K->52372K(141312K), 0,0010136 secs]
349,899: [GC (Allocation Failure)  78996K->58212K(140288K), 0,0047663 secs]
349,941: [GC (Allocation Failure)  83812K->52340K(140800K), 0,0029088 secs]
349,972: [GC (Allocation Failure)  77940K->57124K(141312K), 0,0046015 secs]
350,014: [GC (Allocation Failure)  83748K->52308K(141312K), 0,0032457 secs]
350,046: [GC (Allocation Failure)  78932K->58180K(140288K), 0,0040616 secs]
350,081: [GC (Allocation Failure)  83780K->52276K(140800K), 0,0022870 secs]
350,105: [GC (Allocation Failure)  77876K->57028K(141312K), 0,0075439 secs]
350,145: [GC (Allocation Failure)  83652K->52308K(141312K), 0,0008446 secs]
350,167: [GC (Allocation Failure)  78932K->58084K(141312K), 0,0014533 secs]
350,203: [GC (Allocation Failure)  84708K->53300K(141312K), 0,0031716 secs]
350,231: [GC (Allocation Failure)  79924K->59108K(140288K), 0,0058679 secs]
350,270: [GC (Allocation Failure)  84708K->53268K(140800K), 0,0025690 secs]
350,296: [GC (Allocation Failure)  78868K->58052K(140288K), 0,0020705 secs]
350,330: [GC (Allocation Failure)  83652K->52180K(140800K), 0,0012168 secs]
350,353: [GC (Allocation Failure)  77780K->56996K(141312K), 0,0018970 secs]
350,392: [GC (Allocation Failure)  83108K->51668K(140800K), 0,0062990 secs]
350,423: [GC (Allocation Failure)  77780K->56932K(141312K), 0,0029580 secs]
350,461: [GC (Allocation Failure)  83556K->52116K(141312K), 0,0041352 secs]
350,488: [GC (Allocation Failure)  78740K->57956K(141312K), 0,0026475 secs]
350,524: [GC (Allocation Failure)  84580K->53180K(141312K), 0,0026177 secs]
350,552: [GC (Allocation Failure)  79804K->58988K(139776K), 0,0034013 secs]
350,588: [GC (Allocation Failure)  84588K->53148K(140800K), 0,0027408 secs]
350,613: [GC (Allocation Failure)  78748K->57932K(140288K), 0,0022416 secs]
350,650: [GC (Allocation Failure)  83532K->52060K(140800K), 0,0055905 secs]
350,679: [GC (Allocation Failure)  77660K->56876K(141312K), 0,0061764 secs]
350,717: [GC (Allocation Failure)  83500K->52060K(141312K), 0,0038195 secs]
350,749: [GC (Allocation Failure)  78684K->57836K(141312K), 0,0052315 secs]
350,790: [GC (Allocation Failure)  84460K->52860K(141312K), 0,0030389 secs]
350,817: [GC (Allocation Failure)  79484K->58700K(139776K), 0,0032196 secs]
350,851: [GC (Allocation Failure)  84300K->52860K(140800K), 0,0017273 secs]
350,874: [GC (Allocation Failure)  78460K->57580K(141312K), 0,0013239 secs]
350,906: [GC (Allocation Failure)  84204K->52828K(141312K), 0,0014069 secs]
350,932: [GC (Allocation Failure)  79452K->58676K(140288K), 0,0021089 secs]
350,968: [GC (Allocation Failure)  84276K->52876K(140800K), 0,0021382 secs]
351,005: [GC (Allocation Failure)  78476K->57564K(141312K), 0,0054876 secs]
351,043: [GC (Allocation Failure)  84188K->52780K(141312K), 0,0015405 secs]
351,066: [GC (Allocation Failure)  79404K->58588K(141312K), 0,0039663 secs]
351,102: [GC (Allocation Failure)  85212K->53772K(141312K), 0,0020504 secs]
351,127: [GC (Allocation Failure)  80396K->59644K(140288K), 0,0090111 secs]
351,168: [GC (Allocation Failure)  85244K->53772K(140800K), 0,0208431 secs]
351,211: [GC (Allocation Failure)  79372K->58556K(140288K), 0,0024047 secs]
351,250: [GC (Allocation Failure)  84156K->52684K(140800K), 0,0023950 secs]
351,276: [GC (Allocation Failure)  78284K->57468K(141312K), 0,0045264 secs]
351,316: [GC (Allocation Failure)  83580K->52172K(140800K), 0,0025617 secs]
351,340: [GC (Allocation Failure)  78284K->57468K(141312K), 0,0028741 secs]
351,373: [GC (Allocation Failure)  84092K->52652K(141312K), 0,0024021 secs]
351,398: [GC (Allocation Failure)  79276K->58460K(141312K), 0,0040884 secs]
351,433: [GC (Allocation Failure)  85084K->53644K(141312K), 0,0021838 secs]
351,458: [GC (Allocation Failure)  80268K->59484K(140288K), 0,0022639 secs]
351,492: [GC (Allocation Failure)  85084K->53676K(140800K), 0,0008109 secs]
351,513: [GC (Allocation Failure)  79276K->58428K(140288K), 0,0018258 secs]
351,546: [GC (Allocation Failure)  84028K->52588K(140800K), 0,0006632 secs]
351,567: [GC (Allocation Failure)  78188K->57436K(141312K), 0,0012017 secs]
351,600: [GC (Allocation Failure)  84060K->52588K(141312K), 0,0013682 secs]
351,622: [GC (Allocation Failure)  79212K->58396K(141312K), 0,0020792 secs]
351,657: [GC (Allocation Failure)  85020K->53588K(141312K), 0,0024275 secs]
351,680: [GC (Allocation Failure)  80212K->59428K(140288K), 0,0023559 secs]
351,714: [GC (Allocation Failure)  85028K->53556K(140800K), 0,0007889 secs]
351,736: [GC (Allocation Failure)  79156K->58372K(141312K), 0,0013468 secs]
351,769: [GC (Allocation Failure)  84996K->53588K(141312K), 0,0009332 secs]
351,792: [GC (Allocation Failure)  80212K->59364K(140288K), 0,0026044 secs]
351,827: [GC (Allocation Failure)  84964K->53524K(140800K), 0,0046551 secs]
351,853: [GC (Allocation Failure)  79124K->58276K(141312K), 0,0024598 secs]
351,888: [GC (Allocation Failure)  84900K->53524K(141312K), 0,0008453 secs]
351,911: [GC (Allocation Failure)  80148K->59300K(140288K), 0,0028668 secs]
351,951: [GC (Allocation Failure)  84900K->53500K(140800K), 0,0036561 secs]
351,983: [GC (Allocation Failure)  79100K->58284K(141312K), 0,0039083 secs]
352,021: [GC (Allocation Failure)  84908K->53468K(141312K), 0,0016422 secs]
352,047: [GC (Allocation Failure)  80092K->59276K(140288K), 0,0030766 secs]
352,085: [GC (Allocation Failure)  84876K->53436K(140800K), 0,0017956 secs]
352,112: [GC (Allocation Failure)  79036K->58220K(141312K), 0,0057216 secs]
352,150: [GC (Allocation Failure)  84844K->53436K(141312K), 0,0027611 secs]
352,176: [GC (Allocation Failure)  80060K->59212K(140288K), 0,0021027 secs]
352,210: [GC (Allocation Failure)  84812K->53380K(140800K), 0,0038032 secs]
352,237: [GC (Allocation Failure)  78980K->58164K(141312K), 0,0037955 secs]
352,273: [GC (Allocation Failure)  84788K->53412K(141312K), 0,0013087 secs]
352,298: [GC (Allocation Failure)  80036K->59164K(141312K), 0,0035928 secs]
352,334: [GC (Allocation Failure)  85788K->54380K(141312K), 0,0013477 secs]
352,359: [GC (Allocation Failure)  81004K->60228K(140288K), 0,0022091 secs]
352,394: [GC (Allocation Failure)  85828K->54388K(140800K), 0,0014077 secs]
352,419: [GC (Allocation Failure)  79988K->59140K(140288K), 0,0021146 secs]
352,453: [GC (Allocation Failure)  84740K->53268K(140800K), 0,0057831 secs]
352,485: [GC (Allocation Failure)  78868K->58084K(141312K), 0,0073791 secs]
352,528: [GC (Allocation Failure)  84196K->52756K(140800K), 0,0048867 secs]
352,557: [GC (Allocation Failure)  78868K->58020K(141312K), 0,0047323 secs]
352,599: [GC (Allocation Failure)  84644K->53236K(141312K), 0,0034348 secs]
352,631: [GC (Allocation Failure)  79860K->59108K(140800K), 0,0045413 secs]
352,674: [GC (Allocation Failure)  85732K->54268K(141312K), 0,0063167 secs]
352,707: [GC (Allocation Failure)  80892K->60108K(139776K), 0,0031736 secs]
352,743: [GC (Allocation Failure)  85708K->54268K(140800K), 0,0013526 secs]
352,767: [GC (Allocation Failure)  79868K->59052K(141312K), 0,0022037 secs]
352,803: [GC (Allocation Failure)  85676K->54276K(141312K), 0,0013252 secs]
352,828: [GC (Allocation Failure)  80900K->60052K(140288K), 0,0021195 secs]
352,865: [GC (Allocation Failure)  85652K->54180K(140800K), 0,0030609 secs]
352,891: [GC (Allocation Failure)  79780K->58964K(140288K), 0,0023054 secs]
352,928: [GC (Allocation Failure)  84564K->53156K(140800K), 0,0015723 secs]
352,954: [GC (Allocation Failure)  78756K->57908K(141312K), 0,0035028 secs]
352,994: [GC (Allocation Failure)  84532K->53132K(141312K), 0,0030611 secs]
353,025: [GC (Allocation Failure)  79756K->58940K(141312K), 0,0047531 secs]
353,067: [GC (Allocation Failure)  85564K->54124K(141312K), 0,0012543 secs]
353,091: [GC (Allocation Failure)  80748K->59972K(139776K), 0,0015447 secs]
353,127: [GC (Allocation Failure)  85572K->54100K(140800K), 0,0059365 secs]
353,159: [GC (Allocation Failure)  79700K->58884K(141312K), 0,0057442 secs]
353,197: [GC (Allocation Failure)  85508K->54100K(141312K), 0,0064857 secs]
353,226: [GC (Allocation Failure)  80724K->59940K(140288K), 0,0020321 secs]
353,261: [GC (Allocation Failure)  85540K->54036K(140800K), 0,0070662 secs]
353,290: [GC (Allocation Failure)  79636K->58820K(141312K), 0,0022305 secs]
353,324: [GC (Allocation Failure)  85444K->54068K(141312K), 0,0018295 secs]
353,348: [GC (Allocation Failure)  80692K->59876K(140288K), 0,0050731 secs]
353,394: [GC (Allocation Failure)  85476K->54004K(140800K), 0,0015296 secs]
353,416: [GC (Allocation Failure)  79604K->58788K(141312K), 0,0022941 secs]
353,449: [GC (Allocation Failure)  85412K->53972K(141312K), 0,0018737 secs]
353,472: [GC (Allocation Failure)  80596K->59812K(141312K), 0,0021382 secs]
353,507: [GC (Allocation Failure)  86436K->54996K(141312K), 0,0021157 secs]
353,532: [GC (Allocation Failure)  81620K->60772K(140288K), 0,0049872 secs]
353,569: [GC (Allocation Failure)  86372K->54932K(140800K), 0,0018488 secs]
353,591: [GC (Allocation Failure)  80532K->59748K(140288K), 0,0022038 secs]
353,624: [GC (Allocation Failure)  85348K->53908K(140800K), 0,0014703 secs]
353,646: [GC (Allocation Failure)  79508K->58724K(141312K), 0,0020778 secs]
353,679: [GC (Allocation Failure)  85348K->53876K(141312K), 0,0014907 secs]
353,701: [GC (Allocation Failure)  80500K->59684K(141312K), 0,0030552 secs]
353,736: [GC (Allocation Failure)  86308K->54900K(141312K), 0,0024124 secs]
353,760: [GC (Allocation Failure)  81524K->60708K(140288K), 0,0025464 secs]
353,793: [GC (Allocation Failure)  86308K->54868K(140800K), 0,0019897 secs]
353,816: [GC (Allocation Failure)  80468K->59652K(140288K), 0,0021288 secs]
353,849: [GC (Allocation Failure)  85252K->53780K(140800K), 0,0023190 secs]
353,874: [GC (Allocation Failure)  79380K->58596K(141312K), 0,0041064 secs]
353,916: [GC (Allocation Failure)  85220K->53812K(141312K), 0,0038441 secs]
353,947: [GC (Allocation Failure)  80436K->59620K(141312K), 0,0029877 secs]
353,982: [GC (Allocation Failure)  86244K->54804K(141312K), 0,0017959 secs]
354,008: [GC (Allocation Failure)  81428K->60644K(140288K), 0,0038670 secs]
354,045: [GC (Allocation Failure)  86244K->54772K(140800K), 0,0012482 secs]
354,072: [GC (Allocation Failure)  80372K->59596K(141312K), 0,0049264 secs]
354,113: [GC (Allocation Failure)  86220K->54780K(141312K), 0,0056085 secs]
354,142: [GC (Allocation Failure)  81404K->60620K(140288K), 0,0018057 secs]
354,177: [GC (Allocation Failure)  86220K->54748K(140800K), 0,0029700 secs]
354,202: [GC (Allocation Failure)  80348K->59532K(141312K), 0,0028163 secs]
354,238: [GC (Allocation Failure)  86156K->54748K(141312K), 0,0010250 secs]
354,261: [GC (Allocation Failure)  81372K->60524K(140288K), 0,0037779 secs]
354,298: [GC (Allocation Failure)  86124K->54652K(140800K), 0,0021961 secs]
354,322: [GC (Allocation Failure)  80252K->59468K(141312K), 0,0042114 secs]
354,359: [GC (Allocation Failure)  86092K->54652K(141312K), 0,0021596 secs]
354,383: [GC (Allocation Failure)  81276K->60492K(140288K), 0,0016126 secs]
354,417: [GC (Allocation Failure)  86092K->54620K(140800K), 0,0018419 secs]
354,440: [GC (Allocation Failure)  80220K->59404K(141312K), 0,0024524 secs]
354,475: [GC (Allocation Failure)  86028K->54620K(141312K), 0,0018286 secs]
354,499: [GC (Allocation Failure)  81244K->60428K(140288K), 0,0016224 secs]
354,533: [GC (Allocation Failure)  86028K->54588K(140800K), 0,0018176 secs]
354,559: [GC (Allocation Failure)  80188K->59372K(141312K), 0,0065478 secs]
354,598: [GC (Allocation Failure)  85996K->54588K(141312K), 0,0021174 secs]
354,622: [GC (Allocation Failure)  81212K->60364K(141312K), 0,0053744 secs]
354,665: [GC (Allocation Failure)  86988K->55580K(141312K), 0,0028312 secs]
354,691: [GC (Allocation Failure)  82204K->61388K(140288K), 0,0030896 secs]
354,728: [GC (Allocation Failure)  86988K->55556K(140800K), 0,0018680 secs]
354,755: [GC (Allocation Failure)  81156K->60372K(140288K), 0,0027381 secs]
354,792: [GC (Allocation Failure)  85972K->54308K(140800K), 0,0028177 secs]
354,817: [GC (Allocation Failure)  79908K->59092K(141312K), 0,0021135 secs]
354,852: [GC (Allocation Failure)  85204K->53764K(140800K), 0,0021182 secs]
354,876: [GC (Allocation Failure)  79876K->59028K(141312K), 0,0023697 secs]
354,910: [GC (Allocation Failure)  85652K->54244K(141312K), 0,0019478 secs]
354,933: [GC (Allocation Failure)  80868K->60084K(140800K), 0,0021172 secs]
354,967: [GC (Allocation Failure)  86708K->55300K(141312K), 0,0016546 secs]
354,989: [GC (Allocation Failure)  81924K->61108K(140800K), 0,0023371 secs]
355,022: [GC (Allocation Failure)  87732K->56300K(141312K), 0,0016397 secs]
355,044: [GC (Allocation Failure)  82924K->62108K(139776K), 0,0016912 secs]
355,080: [GC (Allocation Failure)  87708K->56268K(140800K), 0,0023679 secs]
355,107: [GC (Allocation Failure)  81868K->61084K(140288K), 0,0053890 secs]
355,147: [GC (Allocation Failure)  86684K->55212K(140800K), 0,0022201 secs]
355,170: [GC (Allocation Failure)  80812K->59996K(140800K), 0,0020646 secs]
355,205: [GC (Allocation Failure)  85596K->54124K(140800K), 0,0046350 secs]
355,235: [GC (Allocation Failure)  79724K->58972K(141312K), 0,0045768 secs]
355,277: [GC (Allocation Failure)  85084K->53588K(140800K), 0,0011015 secs]
355,300: [GC (Allocation Failure)  79700K->58884K(141824K), 0,0017244 secs]
355,333: [GC (Allocation Failure)  86020K->54612K(141312K), 0,0013575 secs]
355,355: [GC (Allocation Failure)  81748K->60972K(140800K), 0,0014504 secs]
355,387: [GC (Allocation Failure)  87596K->56156K(141312K), 0,0008396 secs]
355,414: [GC (Allocation Failure)  82780K->61996K(139776K), 0,0053855 secs]
355,456: [GC (Allocation Failure)  87596K->56188K(140800K), 0,0033644 secs]
355,483: [GC (Allocation Failure)  81788K->60908K(140288K), 0,0020645 secs]
355,519: [GC (Allocation Failure)  86508K->55068K(140800K), 0,0018726 secs]
355,547: [GC (Allocation Failure)  80668K->59852K(141312K), 0,0060467 secs]
355,586: [GC (Allocation Failure)  86476K->55068K(141312K), 0,0035841 secs]
355,616: [GC (Allocation Failure)  81692K->60876K(141312K), 0,0032019 secs]
355,652: [GC (Allocation Failure)  87500K->56060K(141312K), 0,0021638 secs]
355,677: [GC (Allocation Failure)  82684K->61868K(140288K), 0,0026546 secs]
355,712: [GC (Allocation Failure)  87468K->56028K(140800K), 0,0071907 secs]
355,740: [GC (Allocation Failure)  81628K->60844K(140288K), 0,0022039 secs]
355,776: [GC (Allocation Failure)  86444K->54972K(140800K), 0,0026269 secs]
355,804: [GC (Allocation Failure)  80572K->59756K(141312K), 0,0020068 secs]
355,837: [GC (Allocation Failure)  86380K->54908K(141312K), 0,0028188 secs]
355,862: [GC (Allocation Failure)  81532K->60788K(141312K), 0,0015052 secs]
355,896: [GC (Allocation Failure)  87412K->55972K(141312K), 0,0008814 secs]
355,917: [GC (Allocation Failure)  82596K->61780K(140288K), 0,0022581 secs]
355,950: [GC (Allocation Failure)  87380K->55972K(140800K), 0,0008283 secs]
355,972: [GC (Allocation Failure)  81572K->60756K(140288K), 0,0013986 secs]
356,005: [GC (Allocation Failure)  86356K->54852K(140800K), 0,0061324 secs]
356,036: [GC (Allocation Failure)  80452K->59668K(141312K), 0,0106997 secs]
356,079: [GC (Allocation Failure)  86292K->54892K(141312K), 0,0038421 secs]
356,104: [GC (Allocation Failure)  81516K->60668K(141312K), 0,0014905 secs]
356,141: [GC (Allocation Failure)  87292K->55884K(141312K), 0,0035712 secs]
356,171: [GC (Allocation Failure)  82508K->61724K(139776K), 0,0042619 secs]
356,210: [GC (Allocation Failure)  87324K->55852K(140800K), 0,0070258 secs]
356,241: [GC (Allocation Failure)  81452K->60636K(141312K), 0,0022789 secs]
356,276: [GC (Allocation Failure)  87260K->55852K(141312K), 0,0012760 secs]
356,299: [GC (Allocation Failure)  82476K->61660K(140288K), 0,0018387 secs]
356,334: [GC (Allocation Failure)  87260K->55788K(140800K), 0,0010241 secs]
356,357: [GC (Allocation Failure)  81388K->60604K(141312K), 0,0025471 secs]
356,396: [GC (Allocation Failure)  87228K->55756K(141312K), 0,0050467 secs]
356,425: [GC (Allocation Failure)  82380K->61604K(140288K), 0,0033159 secs]
356,465: [GC (Allocation Failure)  87204K->55796K(140800K), 0,0061237 secs]
356,499: [GC (Allocation Failure)  81396K->60548K(141312K), 0,0044699 secs]
356,538: [GC (Allocation Failure)  87172K->55732K(141312K), 0,0030272 secs]
356,569: [GC (Allocation Failure)  82356K->61572K(140288K), 0,0053172 secs]
356,611: [GC (Allocation Failure)  87172K->55700K(140800K), 0,0015006 secs]
356,635: [GC (Allocation Failure)  81300K->60516K(141312K), 0,0021742 secs]
356,672: [GC (Allocation Failure)  87140K->55700K(141312K), 0,0026229 secs]
356,699: [GC (Allocation Failure)  82324K->61508K(141312K), 0,0041195 secs]
356,738: [GC (Allocation Failure)  88132K->56692K(141312K), 0,0013227 secs]
356,763: [GC (Allocation Failure)  83316K->62500K(140288K), 0,0047275 secs]
356,801: [GC (Allocation Failure)  88100K->56692K(140800K), 0,0015910 secs]
356,824: [GC (Allocation Failure)  82292K->61444K(140288K), 0,0016998 secs]
356,859: [GC (Allocation Failure)  87044K->55644K(140800K), 0,0028325 secs]
356,885: [GC (Allocation Failure)  81244K->60396K(141312K), 0,0027346 secs]
356,923: [GC (Allocation Failure)  87020K->55612K(141312K), 0,0010362 secs]
356,946: [GC (Allocation Failure)  82236K->61388K(141312K), 0,0029266 secs]
356,982: [GC (Allocation Failure)  88012K->56604K(141312K), 0,0078504 secs]
357,016: [GC (Allocation Failure)  83228K->62412K(140288K), 0,0029573 secs]
357,052: [GC (Allocation Failure)  88012K->56604K(140800K), 0,0029897 secs]
357,080: [GC (Allocation Failure)  82204K->61356K(140288K), 0,0072396 secs]
357,122: [GC (Allocation Failure)  86956K->55516K(140800K), 0,0027580 secs]
357,152: [GC (Allocation Failure)  81116K->60268K(141312K), 0,0024694 secs]
357,189: [GC (Allocation Failure)  86892K->55516K(141312K), 0,0057098 secs]
357,221: [GC (Allocation Failure)  82140K->61324K(141312K), 0,0058960 secs]
357,263: [GC (Allocation Failure)  87948K->56540K(141312K), 0,0017857 secs]
357,289: [GC (Allocation Failure)  83164K->62348K(139776K), 0,0022088 secs]
357,324: [GC (Allocation Failure)  87948K->56476K(140800K), 0,0011024 secs]
357,351: [GC (Allocation Failure)  82076K->61276K(141312K), 0,0053685 secs]
357,393: [GC (Allocation Failure)  87900K->56492K(141312K), 0,0030454 secs]
357,423: [GC (Allocation Failure)  83116K->62300K(140288K), 0,0021928 secs]
357,459: [GC (Allocation Failure)  87900K->56460K(140800K), 0,0036084 secs]
357,492: [GC (Allocation Failure)  82060K->61276K(141312K), 0,0052942 secs]
357,532: [GC (Allocation Failure)  87900K->56396K(141312K), 0,0033233 secs]
357,557: [GC (Allocation Failure)  83020K->62236K(140288K), 0,0043540 secs]
357,595: [GC (Allocation Failure)  87836K->56396K(140800K), 0,0061719 secs]
357,622: [GC (Allocation Failure)  81996K->61148K(141312K), 0,0037836 secs]
357,657: [GC (Allocation Failure)  87772K->56396K(141312K), 0,0087969 secs]
357,686: [GC (Allocation Failure)  83020K->62172K(140288K), 0,0025728 secs]
357,721: [GC (Allocation Failure)  87772K->56332K(140800K), 0,0041968 secs]
357,746: [GC (Allocation Failure)  81932K->61148K(141312K), 0,0014358 secs]
357,778: [GC (Allocation Failure)  87772K->56332K(141312K), 0,0019070 secs]
357,806: [GC (Allocation Failure)  82956K->62140K(140288K), 0,0052526 secs]
357,849: [GC (Allocation Failure)  87740K->56348K(140800K), 0,0029381 secs]
357,880: [GC (Allocation Failure)  81948K->61068K(141312K), 0,0110342 secs]
357,928: [GC (Allocation Failure)  87692K->56316K(141312K), 0,0012087 secs]
357,951: [GC (Allocation Failure)  82940K->62092K(141312K), 0,0026286 secs]
357,984: [GC (Allocation Failure)  88716K->57276K(141312K), 0,0015938 secs]
358,006: [GC (Allocation Failure)  83900K->63116K(140288K), 0,0023068 secs]
358,039: [GC (Allocation Failure)  88716K->57308K(140800K), 0,0014903 secs]
358,061: [GC (Allocation Failure)  82908K->62060K(140288K), 0,0019370 secs]
358,094: [GC (Allocation Failure)  87660K->56220K(140800K), 0,0013150 secs]
358,116: [GC (Allocation Failure)  81820K->61012K(141312K), 0,0018992 secs]
358,148: [GC (Allocation Failure)  87636K->56228K(141312K), 0,0013191 secs]
358,170: [GC (Allocation Failure)  82852K->62036K(141312K), 0,0060667 secs]
358,207: [GC (Allocation Failure)  88660K->57188K(141312K), 0,0019819 secs]
358,229: [GC (Allocation Failure)  83812K->63028K(140288K), 0,0021686 secs]
358,262: [GC (Allocation Failure)  88628K->57188K(140800K), 0,0015613 secs]
358,284: [GC (Allocation Failure)  82788K->61972K(140288K), 0,0020362 secs]
358,317: [GC (Allocation Failure)  87572K->56132K(140800K), 0,0014831 secs]
358,342: [GC (Allocation Failure)  81732K->60884K(141312K), 0,0055542 secs]
358,383: [GC (Allocation Failure)  87508K->56108K(141312K), 0,0035053 secs]
358,409: [GC (Allocation Failure)  82732K->61884K(141312K), 0,0024237 secs]
358,443: [GC (Allocation Failure)  88508K->57100K(141312K), 0,0016650 secs]
358,465: [GC (Allocation Failure)  83724K->62908K(139776K), 0,0025311 secs]
358,500: [GC (Allocation Failure)  88508K->57100K(140800K), 0,0016208 secs]
358,522: [GC (Allocation Failure)  82700K->61884K(141312K), 0,0021109 secs]
358,556: [GC (Allocation Failure)  88508K->57100K(141312K), 0,0015912 secs]
358,579: [GC (Allocation Failure)  83724K->62876K(140288K), 0,0022390 secs]
358,612: [GC (Allocation Failure)  88476K->57036K(140800K), 0,0014910 secs]
358,634: [GC (Allocation Failure)  82636K->61820K(141312K), 0,0070375 secs]
358,672: [GC (Allocation Failure)  88444K->57036K(141312K), 0,0070702 secs]
358,700: [GC (Allocation Failure)  83660K->62844K(140288K), 0,0023433 secs]
358,733: [GC (Allocation Failure)  88444K->57004K(140800K), 0,0013441 secs]
358,755: [GC (Allocation Failure)  82604K->61756K(141312K), 0,0018524 secs]
358,789: [GC (Allocation Failure)  88380K->56812K(141312K), 0,0174063 secs]
358,828: [GC (Allocation Failure)  83436K->62588K(141312K), 0,0032770 secs]
358,864: [GC (Allocation Failure)  89212K->57772K(141312K), 0,0051292 secs]
358,890: [GC (Allocation Failure)  84396K->63548K(140288K), 0,0033248 secs]
358,925: [GC (Allocation Failure)  89148K->57740K(140800K), 0,0034298 secs]
358,949: [GC (Allocation Failure)  83340K->62460K(140288K), 0,0029137 secs]
358,983: [GC (Allocation Failure)  88060K->56588K(140800K), 0,0015999 secs]
359,005: [GC (Allocation Failure)  82188K->61372K(141312K), 0,0035689 secs]
359,040: [GC (Allocation Failure)  87996K->56556K(141312K), 0,0073244 secs]
359,069: [GC (Allocation Failure)  83180K->62396K(141312K), 0,0021711 secs]
359,102: [GC (Allocation Failure)  89020K->57612K(141312K), 0,0015860 secs]
359,125: [GC (Allocation Failure)  84236K->63388K(140288K), 0,0031605 secs]
359,160: [GC (Allocation Failure)  88988K->57580K(140800K), 0,0015140 secs]
359,183: [GC (Allocation Failure)  83180K->62364K(141312K), 0,0014623 secs]
359,217: [GC (Allocation Failure)  88988K->57548K(141312K), 0,0041995 secs]
359,243: [GC (Allocation Failure)  84172K->63388K(140288K), 0,0015349 secs]
359,276: [GC (Allocation Failure)  88988K->57516K(140800K), 0,0009170 secs]
359,299: [GC (Allocation Failure)  83116K->62300K(141312K), 0,0014603 secs]
359,333: [GC (Allocation Failure)  88924K->57516K(141312K), 0,0045517 secs]
359,359: [GC (Allocation Failure)  84140K->63356K(140288K), 0,0015563 secs]
359,393: [GC (Allocation Failure)  88956K->57484K(140800K), 0,0037324 secs]
359,419: [GC (Allocation Failure)  83084K->62268K(141312K), 0,0016358 secs]
359,453: [GC (Allocation Failure)  88892K->57460K(141312K), 0,0008746 secs]
359,476: [GC (Allocation Failure)  84084K->63268K(140288K), 0,0017480 secs]
359,512: [GC (Allocation Failure)  88868K->57460K(140800K), 0,0018624 secs]
359,539: [GC (Allocation Failure)  83060K->62244K(141312K), 0,0054731 secs]
359,578: [GC (Allocation Failure)  88868K->57428K(141312K), 0,0024936 secs]
359,603: [GC (Allocation Failure)  84052K->63236K(140288K), 0,0018428 secs]
359,638: [GC (Allocation Failure)  88836K->57396K(140800K), 0,0038899 secs]
359,664: [GC (Allocation Failure)  82996K->62148K(141312K), 0,0030290 secs]
359,700: [GC (Allocation Failure)  88772K->57364K(141312K), 0,0023120 secs]
359,724: [GC (Allocation Failure)  83988K->63172K(140288K), 0,0034999 secs]
359,762: [GC (Allocation Failure)  88772K->57300K(140800K), 0,0043741 secs]
359,789: [GC (Allocation Failure)  82900K->62116K(141312K), 0,0044428 secs]
359,827: [GC (Allocation Failure)  88740K->57332K(141312K), 0,0008471 secs]
359,850: [GC (Allocation Failure)  83956K->63108K(141312K), 0,0017147 secs]
359,885: [GC (Allocation Failure)  89732K->58324K(141312K), 0,0021538 secs]
359,909: [GC (Allocation Failure)  84948K->64132K(140288K), 0,0017211 secs]
359,944: [GC (Allocation Failure)  89732K->58332K(140800K), 0,0009193 secs]
359,967: [GC (Allocation Failure)  83932K->63084K(140288K), 0,0064331 secs]
360,007: [GC (Allocation Failure)  88684K->57244K(140800K), 0,0020953 secs]
360,034: [GC (Allocation Failure)  82844K->62028K(141312K), 0,0025434 secs]
360,069: [GC (Allocation Failure)  88652K->57212K(141312K), 0,0051303 secs]
360,095: [GC (Allocation Failure)  83836K->63052K(141312K), 0,0014296 secs]
360,131: [GC (Allocation Failure)  89676K->58204K(141312K), 0,0028066 secs]
360,157: [GC (Allocation Failure)  84828K->64044K(140288K), 0,0084132 secs]
360,199: [GC (Allocation Failure)  89644K->58204K(140800K), 0,0030894 secs]
360,226: [GC (Allocation Failure)  83804K->62956K(140288K), 0,0059073 secs]
360,264: [GC (Allocation Failure)  88556K->57116K(140800K), 0,0019446 secs]
360,291: [GC (Allocation Failure)  82716K->61900K(141312K), 0,0057059 secs]
360,328: [GC (Allocation Failure)  88524K->57116K(141312K), 0,0014374 secs]
360,350: [GC (Allocation Failure)  83740K->62924K(141312K), 0,0021450 secs]
360,383: [GC (Allocation Failure)  89548K->58108K(141312K), 0,0015922 secs]
360,405: [GC (Allocation Failure)  84732K->63948K(139776K), 0,0016801 secs]
360,438: [GC (Allocation Failure)  89548K->58108K(140800K), 0,0014739 secs]
360,460: [GC (Allocation Failure)  83708K->62860K(141312K), 0,0021450 secs]
360,495: [GC (Allocation Failure)  89484K->58076K(141312K), 0,0014741 secs]
360,517: [GC (Allocation Failure)  84700K->63884K(140288K), 0,0022004 secs]
360,552: [GC (Allocation Failure)  89484K->58076K(140800K), 0,0024421 secs]
360,580: [GC (Allocation Failure)  83676K->62828K(141312K), 0,0028083 secs]
360,618: [GC (Allocation Failure)  89452K->58020K(141312K), 0,0028435 secs]
360,645: [GC (Allocation Failure)  84644K->63868K(140288K), 0,0038037 secs]
360,683: [GC (Allocation Failure)  89468K->58028K(140800K), 0,0024875 secs]
360,711: [GC (Allocation Failure)  83628K->62780K(141312K), 0,0057226 secs]
360,751: [GC (Allocation Failure)  89404K->57996K(141312K), 0,0031056 secs]
360,776: [GC (Allocation Failure)  84620K->63804K(141312K), 0,0018203 secs]
360,813: [GC (Allocation Failure)  90428K->58988K(141312K), 0,0044030 secs]
360,841: [GC (Allocation Failure)  85612K->64828K(140288K), 0,0045899 secs]
360,878: [GC (Allocation Failure)  90428K->58956K(140800K), 0,0013937 secs]
360,901: [GC (Allocation Failure)  84556K->63772K(140288K), 0,0023914 secs]
360,938: [GC (Allocation Failure)  89372K->57940K(140800K), 0,0030097 secs]
360,965: [GC (Allocation Failure)  83540K->62724K(141312K), 0,0036216 secs]
361,003: [GC (Allocation Failure)  88836K->57396K(140800K), 0,0015072 secs]
361,028: [GC (Allocation Failure)  83508K->62724K(141312K), 0,0031379 secs]
361,066: [GC (Allocation Failure)  89348K->57884K(141312K), 0,0021010 secs]
361,092: [GC (Allocation Failure)  84508K->63692K(141312K), 0,0042912 secs]
361,131: [GC (Allocation Failure)  90316K->58940K(141312K), 0,0023181 secs]
361,159: [GC (Allocation Failure)  85564K->64716K(140288K), 0,0035235 secs]
361,197: [GC (Allocation Failure)  90316K->58876K(140800K), 0,0021898 secs]
361,225: [GC (Allocation Failure)  84476K->63628K(140288K), 0,0024522 secs]
361,261: [GC (Allocation Failure)  89228K->57820K(140800K), 0,0010133 secs]
361,286: [GC (Allocation Failure)  83420K->62604K(141312K), 0,0032513 secs]
361,325: [GC (Allocation Failure)  89228K->57788K(141312K), 0,0042104 secs]
361,354: [GC (Allocation Failure)  84412K->63572K(141312K), 0,0039017 secs]
361,396: [GC (Allocation Failure)  90196K->58788K(141312K), 0,0039337 secs]
361,424: [GC (Allocation Failure)  85412K->64596K(139776K), 0,0050088 secs]
361,462: [GC (Allocation Failure)  90196K->58788K(140800K), 0,0026643 secs]
361,489: [GC (Allocation Failure)  84388K->63604K(141312K), 0,0141003 secs]
361,535: [GC (Allocation Failure)  90228K->58756K(141312K), 0,0032622 secs]
361,559: [GC (Allocation Failure)  85380K->64532K(140288K), 0,0023573 secs]
361,592: [GC (Allocation Failure)  90132K->58764K(140800K), 0,0026446 secs]
361,621: [GC (Allocation Failure)  84364K->63548K(141312K), 0,0038247 secs]
361,660: [GC (Allocation Failure)  90172K->58700K(141312K), 0,0059333 secs]
361,690: [GC (Allocation Failure)  85324K->64540K(140288K), 0,0035914 secs]
361,726: [GC (Allocation Failure)  90140K->58732K(140800K), 0,0014740 secs]
361,751: [GC (Allocation Failure)  84332K->63452K(141312K), 0,0075845 secs]
361,792: [GC (Allocation Failure)  90076K->58668K(141312K), 0,0015705 secs]
361,817: [GC (Allocation Failure)  85292K->64476K(140288K), 0,0025571 secs]
361,852: [GC (Allocation Failure)  90076K->58636K(140800K), 0,0016252 secs]
361,877: [GC (Allocation Failure)  84236K->63420K(141312K), 0,0049669 secs]
361,915: [GC (Allocation Failure)  90044K->58572K(141312K), 0,0073801 secs]
361,946: [GC (Allocation Failure)  85196K->64412K(140288K), 0,0020611 secs]
361,980: [GC (Allocation Failure)  90012K->58580K(140800K), 0,0022073 secs]
362,004: [GC (Allocation Failure)  84180K->63396K(141312K), 0,0018342 secs]
362,039: [GC (Allocation Failure)  90020K->58548K(141312K), 0,0027640 secs]
362,065: [GC (Allocation Failure)  85172K->64388K(141312K), 0,0023139 secs]
362,102: [GC (Allocation Failure)  91012K->59604K(141312K), 0,0059455 secs]
362,135: [GC (Allocation Failure)  86228K->65412K(140288K), 0,0044730 secs]
362,174: [GC (Allocation Failure)  91012K->59540K(140800K), 0,0037813 secs]
362,205: [GC (Allocation Failure)  85140K->64356K(140288K), 0,0039011 secs]
362,245: [GC (Allocation Failure)  89956K->58516K(140800K), 0,0013922 secs]
362,269: [GC (Allocation Failure)  84116K->63268K(141312K), 0,0029736 secs]
362,304: [GC (Allocation Failure)  89892K->58452K(141312K), 0,0007458 secs]
362,326: [GC (Allocation Failure)  85076K->64292K(141312K), 0,0027999 secs]
362,361: [GC (Allocation Failure)  90916K->59476K(141312K), 0,0016446 secs]
362,383: [GC (Allocation Failure)  86100K->65284K(140288K), 0,0025266 secs]
362,417: [GC (Allocation Failure)  90884K->59476K(140800K), 0,0019106 secs]
362,441: [GC (Allocation Failure)  85076K->64260K(140288K), 0,0014514 secs]
362,475: [GC (Allocation Failure)  89860K->58388K(140800K), 0,0007827 secs]
362,498: [GC (Allocation Failure)  83988K->63204K(141312K), 0,0047847 secs]
362,536: [GC (Allocation Failure)  89828K->58356K(141312K), 0,0007765 secs]
362,559: [GC (Allocation Failure)  84980K->64196K(141312K), 0,0068772 secs]
362,599: [GC (Allocation Failure)  90820K->59380K(141312K), 0,0036183 secs]
362,626: [GC (Allocation Failure)  86004K->65188K(140288K), 0,0049415 secs]
362,663: [GC (Allocation Failure)  90788K->59380K(140800K), 0,0076332 secs]
362,693: [GC (Allocation Failure)  84980K->64132K(141312K), 0,0027066 secs]
362,729: [GC (Allocation Failure)  90756K->59316K(141312K), 0,0017320 secs]
362,753: [GC (Allocation Failure)  85940K->65188K(140288K), 0,0016040 secs]
362,792: [GC (Allocation Failure)  90788K->59124K(140800K), 0,0012488 secs]
362,816: [GC (Allocation Failure)  84724K->63908K(141312K), 0,0042612 secs]
362,853: [GC (Allocation Failure)  90532K->59092K(141312K), 0,0014522 secs]
362,875: [GC (Allocation Failure)  85716K->64900K(140288K), 0,0014988 secs]
362,909: [GC (Allocation Failure)  90500K->59028K(140800K), 0,0014987 secs]
362,932: [GC (Allocation Failure)  84628K->63788K(141312K), 0,0013768 secs]
362,965: [GC (Allocation Failure)  90412K->58980K(141312K), 0,0007529 secs]
362,986: [GC (Allocation Failure)  85604K->64828K(141312K), 0,0014918 secs]
363,020: [GC (Allocation Failure)  91452K->60044K(141312K), 0,0009485 secs]
363,044: [GC (Allocation Failure)  86668K->65852K(140288K), 0,0027519 secs]
363,079: [GC (Allocation Failure)  91452K->60012K(140800K), 0,0012464 secs]
363,102: [GC (Allocation Failure)  85612K->64796K(140288K), 0,0032144 secs]
363,138: [GC (Allocation Failure)  90396K->58956K(140800K), 0,0010321 secs]
363,161: [GC (Allocation Failure)  84556K->63740K(141312K), 0,0015952 secs]
363,196: [GC (Allocation Failure)  90364K->58892K(141312K), 0,0011323 secs]
363,219: [GC (Allocation Failure)  85516K->64732K(141312K), 0,0018797 secs]
363,254: [GC (Allocation Failure)  91356K->59948K(141312K), 0,0032900 secs]
363,283: [GC (Allocation Failure)  86572K->65788K(140288K), 0,0047393 secs]
363,320: [GC (Allocation Failure)  91388K->59916K(140800K), 0,0013883 secs]
363,345: [GC (Allocation Failure)  85516K->64700K(140288K), 0,0043932 secs]
363,382: [GC (Allocation Failure)  90300K->58828K(140800K), 0,0030337 secs]
363,407: [GC (Allocation Failure)  84428K->63612K(141312K), 0,0052164 secs]
363,445: [GC (Allocation Failure)  90236K->58876K(141312K), 0,0010958 secs]
363,468: [GC (Allocation Failure)  85500K->64652K(141312K), 0,0060718 secs]
363,507: [GC (Allocation Failure)  91276K->59884K(141312K), 0,0022026 secs]
363,533: [GC (Allocation Failure)  86508K->65692K(139776K), 0,0039844 secs]
363,569: [GC (Allocation Failure)  91292K->59852K(140800K), 0,0060760 secs]
363,598: [GC (Allocation Failure)  85452K->64604K(141312K), 0,0025172 secs]
363,633: [GC (Allocation Failure)  91228K->59884K(141312K), 0,0014881 secs]
363,658: [GC (Allocation Failure)  86508K->65628K(140288K), 0,0039062 secs]
363,694: [GC (Allocation Failure)  91228K->59788K(140800K), 0,0011852 secs]
363,717: [GC (Allocation Failure)  85388K->64572K(141312K), 0,0038235 secs]
363,758: [GC (Allocation Failure)  91196K->59788K(141312K), 0,0028118 secs]
363,786: [GC (Allocation Failure)  86412K->65596K(140288K), 0,0037209 secs]
363,823: [GC (Allocation Failure)  91196K->59756K(140800K), 0,0037167 secs]
363,849: [GC (Allocation Failure)  85356K->64540K(141312K), 0,0019043 secs]
363,884: [GC (Allocation Failure)  91164K->59724K(141312K), 0,0028176 secs]
363,910: [GC (Allocation Failure)  86348K->65532K(140288K), 0,0020478 secs]
363,945: [GC (Allocation Failure)  91132K->59724K(140800K), 0,0011617 secs]
363,968: [GC (Allocation Failure)  85324K->64508K(141312K), 0,0019577 secs]
364,003: [GC (Allocation Failure)  91132K->59692K(141312K), 0,0030230 secs]
364,032: [GC (Allocation Failure)  86316K->65500K(141312K), 0,0044530 secs]
364,070: [GC (Allocation Failure)  92124K->60684K(141312K), 0,0040342 secs]
364,099: [GC (Allocation Failure)  87308K->66532K(140288K), 0,0028745 secs]
364,137: [GC (Allocation Failure)  92132K->60692K(140800K), 0,0019868 secs]
364,164: [GC (Allocation Failure)  86292K->65420K(140288K), 0,0051286 secs]
364,202: [GC (Allocation Failure)  91020K->59644K(140800K), 0,0029399 secs]
364,232: [GC (Allocation Failure)  85244K->64396K(141312K), 0,0049380 secs]
364,269: [GC (Allocation Failure)  91020K->59580K(141312K), 0,0011990 secs]
364,293: [GC (Allocation Failure)  86204K->65420K(141312K), 0,0038595 secs]
364,329: [GC (Allocation Failure)  92044K->60604K(141312K), 0,0013050 secs]
364,354: [GC (Allocation Failure)  87228K->66412K(140288K), 0,0021304 secs]
364,388: [GC (Allocation Failure)  92012K->60572K(140800K), 0,0015253 secs]
364,413: [GC (Allocation Failure)  86172K->65356K(140288K), 0,0019850 secs]
364,447: [GC (Allocation Failure)  90956K->59516K(140800K), 0,0058320 secs]
364,475: [GC (Allocation Failure)  85116K->64332K(141312K), 0,0020087 secs]
364,510: [GC (Allocation Failure)  90956K->59516K(141312K), 0,0027633 secs]
364,535: [GC (Allocation Failure)  86140K->65324K(141312K), 0,0022009 secs]
364,572: [GC (Allocation Failure)  91948K->60516K(141312K), 0,0077211 secs]
364,603: [GC (Allocation Failure)  87140K->66364K(140288K), 0,0017630 secs]
364,637: [GC (Allocation Failure)  91964K->60492K(140800K), 0,0020544 secs]
364,661: [GC (Allocation Failure)  86092K->65276K(141312K), 0,0015524 secs]
364,695: [GC (Allocation Failure)  91900K->60460K(141312K), 0,0022440 secs]
364,719: [GC (Allocation Failure)  87084K->66268K(140288K), 0,0053182 secs]
364,757: [GC (Allocation Failure)  91868K->60428K(140800K), 0,0018479 secs]
364,781: [GC (Allocation Failure)  86028K->65284K(141312K), 0,0015051 secs]
364,815: [GC (Allocation Failure)  91908K->60468K(141312K), 0,0009667 secs]
364,838: [GC (Allocation Failure)  87092K->66276K(140288K), 0,0016914 secs]
364,872: [GC (Allocation Failure)  91876K->60436K(140800K), 0,0008487 secs]
364,895: [GC (Allocation Failure)  86036K->65188K(141312K), 0,0015168 secs]
364,929: [GC (Allocation Failure)  91812K->60404K(141312K), 0,0008303 secs]
364,952: [GC (Allocation Failure)  87028K->66212K(140288K), 0,0019224 secs]
364,987: [GC (Allocation Failure)  91812K->60340K(140800K), 0,0020483 secs]
365,011: [GC (Allocation Failure)  85940K->65124K(141312K), 0,0027562 secs]
365,051: [GC (Allocation Failure)  91748K->60348K(141312K), 0,0061186 secs]
365,082: [GC (Allocation Failure)  86972K->66156K(140288K), 0,0023454 secs]
365,117: [GC (Allocation Failure)  91756K->60316K(140800K), 0,0039986 secs]
365,143: [GC (Allocation Failure)  85916K->65100K(141312K), 0,0019774 secs]
365,178: [GC (Allocation Failure)  91724K->60284K(141312K), 0,0029211 secs]
365,204: [GC (Allocation Failure)  86908K->66124K(141312K), 0,0023564 secs]
365,239: [GC (Allocation Failure)  92748K->61308K(141312K), 0,0014028 secs]
365,264: [GC (Allocation Failure)  87932K->67156K(140288K), 0,0024019 secs]
365,299: [GC (Allocation Failure)  92756K->61284K(140800K), 0,0049991 secs]
365,326: [GC (Allocation Failure)  86884K->66068K(140288K), 0,0033317 secs]
365,362: [GC (Allocation Failure)  91668K->60228K(140800K), 0,0021689 secs]
365,386: [GC (Allocation Failure)  85828K->64980K(141312K), 0,0015539 secs]
365,421: [GC (Allocation Failure)  91604K->60164K(141312K), 0,0047695 secs]
365,448: [GC (Allocation Failure)  86788K->66004K(141312K), 0,0038854 secs]
365,485: [GC (Allocation Failure)  92628K->61220K(141312K), 0,0019907 secs]
365,515: [GC (Allocation Failure)  87844K->67060K(140288K), 0,0015860 secs]
365,550: [GC (Allocation Failure)  92660K->61156K(140800K), 0,0088062 secs]
365,581: [GC (Allocation Failure)  86756K->65972K(140288K), 0,0095681 secs]
365,622: [GC (Allocation Failure)  91572K->60172K(140800K), 0,0016680 secs]
365,645: [GC (Allocation Failure)  85772K->64892K(141312K), 0,0020696 secs]
365,679: [GC (Allocation Failure)  91516K->60108K(141312K), 0,0014124 secs]
365,702: [GC (Allocation Failure)  86732K->65956K(141312K), 0,0013768 secs]
365,735: [GC (Allocation Failure)  92580K->61108K(141312K), 0,0016238 secs]
365,757: [GC (Allocation Failure)  87732K->66948K(139776K), 0,0034424 secs]
365,798: [GC (Allocation Failure)  92548K->61108K(140800K), 0,0030848 secs]
365,829: [GC (Allocation Failure)  86708K->65924K(141312K), 0,0045911 secs]
365,870: [GC (Allocation Failure)  92548K->61076K(141312K), 0,0034222 secs]
365,898: [GC (Allocation Failure)  87700K->66884K(140288K), 0,0039152 secs]
365,937: [GC (Allocation Failure)  92484K->61076K(140800K), 0,0035941 secs]
365,963: [GC (Allocation Failure)  86676K->65828K(141312K), 0,0018840 secs]
365,998: [GC (Allocation Failure)  92452K->61052K(141312K), 0,0029495 secs]
366,024: [GC (Allocation Failure)  87676K->66860K(140288K), 0,0020776 secs]
366,058: [GC (Allocation Failure)  92460K->61020K(140800K), 0,0029044 secs]
366,089: [GC (Allocation Failure)  86620K->65804K(141312K), 0,0044522 secs]
366,131: [GC (Allocation Failure)  92428K->60956K(141312K), 0,0030559 secs]
366,158: [GC (Allocation Failure)  87580K->66796K(140288K), 0,0043478 secs]
366,195: [GC (Allocation Failure)  92396K->60956K(140800K), 0,0017191 secs]
366,219: [GC (Allocation Failure)  86556K->65708K(141312K), 0,0037978 secs]
366,256: [GC (Allocation Failure)  92332K->60924K(141312K), 0,0042443 secs]
366,284: [GC (Allocation Failure)  87548K->66764K(140288K), 0,0022095 secs]
366,318: [GC (Allocation Failure)  92364K->60892K(140800K), 0,0012557 secs]
366,342: [GC (Allocation Failure)  86492K->65708K(141312K), 0,0035025 secs]
366,379: [GC (Allocation Failure)  92332K->60868K(141312K), 0,0022217 secs]
366,404: [GC (Allocation Failure)  87492K->66708K(141312K), 0,0068289 secs]
366,443: [GC (Allocation Failure)  93332K->61924K(141312K), 0,0011199 secs]
366,466: [GC (Allocation Failure)  88548K->67732K(140288K), 0,0019793 secs]
366,501: [GC (Allocation Failure)  93332K->61892K(140800K), 0,0010416 secs]
366,524: [GC (Allocation Failure)  87492K->66644K(140288K), 0,0029115 secs]
366,560: [GC (Allocation Failure)  92244K->60812K(140800K), 0,0018711 secs]
366,584: [GC (Allocation Failure)  86412K->65564K(141312K), 0,0059801 secs]
366,622: [GC (Allocation Failure)  92188K->60812K(141312K), 0,0024304 secs]
366,645: [GC (Allocation Failure)  87436K->66620K(141312K), 0,0014026 secs]
366,678: [GC (Allocation Failure)  93244K->61804K(141312K), 0,0007869 secs]
366,700: [GC (Allocation Failure)  88428K->67612K(140288K), 0,0053180 secs]
366,738: [GC (Allocation Failure)  93212K->61772K(140800K), 0,0041386 secs]
366,764: [GC (Allocation Failure)  87372K->66556K(140288K), 0,0015642 secs]
366,798: [GC (Allocation Failure)  92156K->60564K(140800K), 0,0021485 secs]
366,821: [GC (Allocation Failure)  86164K->65348K(141312K), 0,0019696 secs]
366,855: [GC (Allocation Failure)  91972K->60532K(141312K), 0,0022361 secs]
366,878: [GC (Allocation Failure)  87156K->66340K(141312K), 0,0012822 secs]
366,911: [GC (Allocation Failure)  92964K->61460K(141312K), 0,0022283 secs]
366,935: [GC (Allocation Failure)  88084K->67268K(140800K), 0,0015164 secs]
366,969: [GC (Allocation Failure)  93892K->62484K(141312K), 0,0009162 secs]
366,992: [GC (Allocation Failure)  89108K->68332K(139776K), 0,0016377 secs]
367,031: [GC (Allocation Failure)  93932K->62460K(140800K), 0,0046783 secs]
367,063: [GC (Allocation Failure)  88060K->67252K(140288K), 0,0062748 secs]
367,106: [GC (Allocation Failure)  92852K->61412K(140800K), 0,0069627 secs]
367,141: [GC (Allocation Failure)  87012K->66228K(141312K), 0,0043844 secs]
367,183: [GC (Allocation Failure)  92852K->61380K(141312K), 0,0030575 secs]
367,215: [GC (Allocation Failure)  88004K->67228K(140288K), 0,0048577 secs]
367,253: [GC (Allocation Failure)  92828K->61396K(140800K), 0,0007948 secs]
367,276: [GC (Allocation Failure)  86996K->66148K(141312K), 0,0024293 secs]
367,311: [GC (Allocation Failure)  92772K->61404K(141312K), 0,0008628 secs]
367,334: [GC (Allocation Failure)  88028K->67180K(141312K), 0,0017747 secs]
367,369: [GC (Allocation Failure)  93804K->62372K(141312K), 0,0018007 secs]
367,393: [GC (Allocation Failure)  88996K->68244K(140288K), 0,0017246 secs]
367,428: [GC (Allocation Failure)  93844K->62388K(140800K), 0,0009735 secs]
367,451: [GC (Allocation Failure)  87988K->67140K(140288K), 0,0015421 secs]
367,485: [GC (Allocation Failure)  92740K->61332K(140800K), 0,0008476 secs]
367,508: [GC (Allocation Failure)  86932K->66116K(141312K), 0,0025482 secs]
367,542: [GC (Allocation Failure)  92740K->61276K(141312K), 0,0008405 secs]
367,564: [GC (Allocation Failure)  87900K->67084K(141312K), 0,0014808 secs]
367,601: [GC (Allocation Failure)  93708K->62332K(141312K), 0,0032481 secs]
367,631: [GC (Allocation Failure)  88956K->68140K(140288K), 0,0049914 secs]
367,669: [GC (Allocation Failure)  93740K->62300K(140800K), 0,0012686 secs]
367,693: [GC (Allocation Failure)  87900K->67084K(141312K), 0,0037235 secs]
367,730: [GC (Allocation Failure)  93708K->62236K(141312K), 0,0040187 secs]
367,757: [GC (Allocation Failure)  88860K->68076K(140288K), 0,0021458 secs]
367,792: [GC (Allocation Failure)  93676K->62236K(140800K), 0,0038735 secs]
367,818: [GC (Allocation Failure)  87836K->67052K(140288K), 0,0036826 secs]
367,855: [GC (Allocation Failure)  92652K->61180K(140800K), 0,0011574 secs]
367,878: [GC (Allocation Failure)  86780K->65964K(141312K), 0,0017933 secs]
367,913: [GC (Allocation Failure)  92588K->61148K(141312K), 0,0013586 secs]
367,938: [GC (Allocation Failure)  87772K->66988K(141312K), 0,0036466 secs]
367,974: [GC (Allocation Failure)  93612K->62172K(141312K), 0,0013007 secs]
367,999: [GC (Allocation Failure)  88796K->67980K(140800K), 0,0021224 secs]
368,033: [GC (Allocation Failure)  94604K->63204K(141312K), 0,0075856 secs]
368,064: [GC (Allocation Failure)  89828K->68988K(139776K), 0,0019500 secs]
368,098: [GC (Allocation Failure)  94588K->63180K(140800K), 0,0009932 secs]
368,121: [GC (Allocation Failure)  88780K->67972K(140288K), 0,0015612 secs]
368,155: [GC (Allocation Failure)  93572K->62132K(140800K), 0,0008840 secs]
368,178: [GC (Allocation Failure)  87732K->66948K(141312K), 0,0014073 secs]
368,211: [GC (Allocation Failure)  93060K->61588K(140800K), 0,0029195 secs]
368,242: [GC (Allocation Failure)  87700K->66884K(141312K), 0,0040340 secs]
368,279: [GC (Allocation Failure)  93508K->62068K(141312K), 0,0029602 secs]
368,309: [GC (Allocation Failure)  88692K->67884K(140288K), 0,0039513 secs]
368,349: [GC (Allocation Failure)  93484K->62084K(140800K), 0,0080010 secs]
368,385: [GC (Allocation Failure)  87684K->66836K(141312K), 0,0047546 secs]
368,423: [GC (Allocation Failure)  93460K->62052K(141312K), 0,0017158 secs]
368,448: [GC (Allocation Failure)  88676K->67860K(141312K), 0,0028934 secs]
368,485: [GC (Allocation Failure)  94484K->63044K(141312K), 0,0091209 secs]
368,520: [GC (Allocation Failure)  89668K->68884K(140288K), 0,0052141 secs]
368,563: [GC (Allocation Failure)  94484K->63044K(140800K), 0,0019043 secs]
368,590: [GC (Allocation Failure)  88644K->67796K(140288K), 0,0023119 secs]
368,628: [GC (Allocation Failure)  93396K->61956K(140800K), 0,0056469 secs]
368,661: [GC (Allocation Failure)  87556K->66740K(141312K), 0,0047180 secs]
368,698: [GC (Allocation Failure)  93364K->61988K(141312K), 0,0012681 secs]
368,723: [GC (Allocation Failure)  88612K->67732K(141312K), 0,0043258 secs]
368,760: [GC (Allocation Failure)  94356K->62980K(141312K), 0,0055126 secs]
368,789: [GC (Allocation Failure)  89604K->68756K(140288K), 0,0031837 secs]
368,828: [GC (Allocation Failure)  94356K->62916K(140800K), 0,0029522 secs]
368,857: [GC (Allocation Failure)  88516K->67732K(141312K), 0,0039418 secs]
368,899: [GC (Allocation Failure)  94356K->62916K(141312K), 0,0032170 secs]
368,927: [GC (Allocation Failure)  89540K->68724K(140288K), 0,0029211 secs]
368,966: [GC (Allocation Failure)  94324K->62852K(140800K), 0,0061477 secs]
368,995: [GC (Allocation Failure)  88452K->67708K(140288K), 0,0016429 secs]
369,031: [GC (Allocation Failure)  93308K->61836K(140800K), 0,0029006 secs]
369,057: [GC (Allocation Failure)  87436K->66620K(141312K), 0,0019637 secs]
369,094: [GC (Allocation Failure)  93244K->61804K(141312K), 0,0029609 secs]
369,124: [GC (Allocation Failure)  88428K->67580K(141312K), 0,0030679 secs]
369,160: [GC (Allocation Failure)  94204K->62860K(141312K), 0,0032021 secs]
369,190: [GC (Allocation Failure)  89484K->68604K(140800K), 0,0041935 secs]
369,232: [GC (Allocation Failure)  95228K->63820K(141312K), 0,0066391 secs]
369,265: [GC (Allocation Failure)  90444K->69668K(139776K), 0,0030923 secs]
369,301: [GC (Allocation Failure)  95268K->63828K(140800K), 0,0026251 secs]
369,326: [GC (Allocation Failure)  89428K->68588K(140288K), 0,0016742 secs]
369,360: [GC (Allocation Failure)  94188K->62748K(140800K), 0,0031015 secs]
369,385: [GC (Allocation Failure)  88348K->67540K(141312K), 0,0014894 secs]
369,423: [GC (Allocation Failure)  93652K->62284K(140800K), 0,0028118 secs]
369,450: [GC (Allocation Failure)  88396K->67516K(141312K), 0,0049705 secs]
369,488: [GC (Allocation Failure)  94140K->62732K(141312K), 0,0084754 secs]
369,518: [GC (Allocation Failure)  89356K->68540K(141312K), 0,0022516 secs]
369,552: [GC (Allocation Failure)  95164K->63724K(141312K), 0,0008977 secs]
369,573: [GC (Allocation Failure)  90348K->69532K(140288K), 0,0025512 secs]
369,606: [GC (Allocation Failure)  95132K->63692K(140800K), 0,0009292 secs]
369,633: [GC (Allocation Failure)  89292K->68508K(140288K), 0,0034246 secs]
369,671: [GC (Allocation Failure)  94108K->62636K(140800K), 0,0016452 secs]
369,695: [GC (Allocation Failure)  88236K->67452K(141312K), 0,0036080 secs]
369,732: [GC (Allocation Failure)  93564K->62092K(140800K), 0,0026335 secs]
369,757: [GC (Allocation Failure)  88204K->67388K(141312K), 0,0035020 secs]
369,794: [GC (Allocation Failure)  94012K->62636K(141312K), 0,0014485 secs]
369,819: [GC (Allocation Failure)  89260K->68412K(141312K), 0,0020714 secs]
369,853: [GC (Allocation Failure)  95036K->63628K(141312K), 0,0012960 secs]
369,878: [GC (Allocation Failure)  90252K->69404K(139776K), 0,0026821 secs]
369,913: [GC (Allocation Failure)  95004K->63604K(140800K), 0,0036525 secs]
369,940: [GC (Allocation Failure)  89204K->68388K(141312K), 0,0045079 secs]
369,977: [GC (Allocation Failure)  95012K->63572K(141312K), 0,0016640 secs]
370,002: [GC (Allocation Failure)  90196K->69380K(140288K), 0,0047908 secs]
370,039: [GC (Allocation Failure)  94980K->63540K(140800K), 0,0038547 secs]
370,067: [GC (Allocation Failure)  89140K->68324K(140288K), 0,0061103 secs]
370,106: [GC (Allocation Failure)  93924K->62484K(140800K), 0,0043263 secs]
370,139: [GC (Allocation Failure)  88084K->67276K(141312K), 0,0029486 secs]
370,176: [GC (Allocation Failure)  93900K->62428K(141312K), 0,0059100 secs]
370,205: [GC (Allocation Failure)  89052K->68308K(141312K), 0,0016830 secs]
370,240: [GC (Allocation Failure)  94932K->63460K(141312K), 0,0024063 secs]
370,264: [GC (Allocation Failure)  90084K->69308K(139776K), 0,0017604 secs]
370,303: [GC (Allocation Failure)  94908K->63468K(140800K), 0,0041775 secs]
370,331: [GC (Allocation Failure)  89068K->68220K(141312K), 0,0019865 secs]
370,365: [GC (Allocation Failure)  94844K->63436K(141312K), 0,0041797 secs]
370,393: [GC (Allocation Failure)  90060K->69276K(140288K), 0,0041184 secs]
370,429: [GC (Allocation Failure)  94876K->63444K(140800K), 0,0013326 secs]
370,453: [GC (Allocation Failure)  89044K->68204K(141312K), 0,0034982 secs]
370,490: [GC (Allocation Failure)  94828K->63420K(141312K), 0,0013044 secs]
370,514: [GC (Allocation Failure)  90044K->69228K(140288K), 0,0024064 secs]
370,549: [GC (Allocation Failure)  94828K->63388K(140800K), 0,0011987 secs]
370,576: [GC (Allocation Failure)  88988K->68172K(141312K), 0,0041992 secs]
370,615: [GC (Allocation Failure)  94796K->63356K(141312K), 0,0043205 secs]
370,643: [GC (Allocation Failure)  89980K->69164K(141312K), 0,0032827 secs]
370,678: [GC (Allocation Failure)  95788K->64380K(141312K), 0,0012025 secs]
370,701: [GC (Allocation Failure)  91004K->70188K(140288K), 0,0033839 secs]
370,737: [GC (Allocation Failure)  95788K->64348K(140800K), 0,0041390 secs]
370,763: [GC (Allocation Failure)  89948K->69132K(140288K), 0,0016994 secs]
370,798: [GC (Allocation Failure)  94732K->63100K(140800K), 0,0057694 secs]
370,825: [GC (Allocation Failure)  88700K->67884K(141312K), 0,0019372 secs]
370,860: [GC (Allocation Failure)  93996K->62556K(140800K), 0,0016320 secs]
370,882: [GC (Allocation Failure)  88668K->67852K(141312K), 0,0020804 secs]
370,916: [GC (Allocation Failure)  94476K->62972K(141312K), 0,0006585 secs]
370,937: [GC (Allocation Failure)  89596K->68780K(140800K), 0,0014077 secs]
370,971: [GC (Allocation Failure)  95404K->64028K(141312K), 0,0021340 secs]
370,995: [GC (Allocation Failure)  90652K->69836K(139776K), 0,0027314 secs]
371,030: [GC (Allocation Failure)  95436K->64004K(140800K), 0,0020612 secs]
371,053: [GC (Allocation Failure)  89604K->68820K(141312K), 0,0014114 secs]
371,086: [GC (Allocation Failure)  95444K->64004K(141312K), 0,0009883 secs]
371,109: [GC (Allocation Failure)  90628K->69812K(140288K), 0,0017391 secs]
371,144: [GC (Allocation Failure)  95412K->63972K(140800K), 0,0020867 secs]
371,172: [GC (Allocation Failure)  89572K->68732K(141312K), 0,0044815 secs]
371,214: [GC (Allocation Failure)  95356K->63948K(141312K), 0,0030304 secs]
371,245: [GC (Allocation Failure)  90572K->69764K(140288K), 0,0037768 secs]
371,281: [GC (Allocation Failure)  95364K->63924K(140800K), 0,0020656 secs]
371,305: [GC (Allocation Failure)  89524K->68708K(141312K), 0,0024853 secs]
371,340: [GC (Allocation Failure)  95332K->63956K(141312K), 0,0008843 secs]
371,363: [GC (Allocation Failure)  90580K->69764K(140288K), 0,0016960 secs]
371,401: [GC (Allocation Failure)  95364K->63892K(140800K), 0,0078649 secs]
371,432: [GC (Allocation Failure)  89492K->68676K(141312K), 0,0017455 secs]
371,467: [GC (Allocation Failure)  95300K->63860K(141312K), 0,0008222 secs]
371,490: [GC (Allocation Failure)  90484K->69668K(140288K), 0,0025936 secs]
371,525: [GC (Allocation Failure)  95268K->63828K(140800K), 0,0008817 secs]
371,548: [GC (Allocation Failure)  89428K->68580K(141312K), 0,0023864 secs]
371,583: [GC (Allocation Failure)  95204K->63796K(141312K), 0,0018381 secs]
371,607: [GC (Allocation Failure)  90420K->69636K(141312K), 0,0053767 secs]
371,644: [GC (Allocation Failure)  96260K->64820K(141312K), 0,0020999 secs]
371,668: [GC (Allocation Failure)  91444K->70628K(140288K), 0,0045726 secs]
371,705: [GC (Allocation Failure)  96228K->64788K(140800K), 0,0019081 secs]
371,729: [GC (Allocation Failure)  90388K->69604K(140288K), 0,0016430 secs]
371,764: [GC (Allocation Failure)  95204K->63732K(140800K), 0,0008096 secs]
371,787: [GC (Allocation Failure)  89332K->68484K(141312K), 0,0014736 secs]
371,821: [GC (Allocation Failure)  95108K->63668K(141312K), 0,0020292 secs]
371,844: [GC (Allocation Failure)  90292K->69540K(141312K), 0,0015159 secs]
371,878: [GC (Allocation Failure)  96164K->64692K(141312K), 0,0018799 secs]
371,902: [GC (Allocation Failure)  91316K->70564K(140288K), 0,0016399 secs]
371,937: [GC (Allocation Failure)  96164K->64732K(140800K), 0,0009725 secs]
371,960: [GC (Allocation Failure)  90332K->69484K(140288K), 0,0015120 secs]
371,994: [GC (Allocation Failure)  95084K->63644K(140800K), 0,0049831 secs]
372,021: [GC (Allocation Failure)  89244K->68396K(141312K), 0,0023522 secs]
372,056: [GC (Allocation Failure)  95020K->63652K(141312K), 0,0027682 secs]
372,087: [GC (Allocation Failure)  90276K->69468K(141312K), 0,0078506 secs]
372,127: [GC (Allocation Failure)  96092K->64652K(141312K), 0,0023252 secs]
372,153: [GC (Allocation Failure)  91276K->70428K(139776K), 0,0036895 secs]
372,189: [GC (Allocation Failure)  96028K->64628K(140800K), 0,0013555 secs]
372,213: [GC (Allocation Failure)  90228K->69380K(141312K), 0,0019823 secs]
372,248: [GC (Allocation Failure)  96004K->64596K(141312K), 0,0066334 secs]
372,277: [GC (Allocation Failure)  91220K->70444K(140288K), 0,0019052 secs]
372,312: [GC (Allocation Failure)  96044K->64604K(140800K), 0,0025681 secs]
372,336: [GC (Allocation Failure)  90204K->69396K(141312K), 0,0016779 secs]
372,371: [GC (Allocation Failure)  96020K->64548K(141312K), 0,0021753 secs]
372,395: [GC (Allocation Failure)  91172K->70356K(140288K), 0,0027538 secs]
372,431: [GC (Allocation Failure)  95956K->64516K(140800K), 0,0022488 secs]
372,455: [GC (Allocation Failure)  90116K->69300K(141312K), 0,0015706 secs]
372,489: [GC (Allocation Failure)  95924K->64484K(141312K), 0,0018638 secs]
372,513: [GC (Allocation Failure)  91108K->70364K(140288K), 0,0017619 secs]
372,548: [GC (Allocation Failure)  95964K->64492K(140800K), 0,0009489 secs]
372,575: [GC (Allocation Failure)  90092K->69276K(141312K), 0,0044213 secs]
372,617: [GC (Allocation Failure)  95900K->64476K(141312K), 0,0026447 secs]
372,645: [GC (Allocation Failure)  91100K->70316K(141312K), 0,0028267 secs]
372,681: [GC (Allocation Failure)  96940K->65468K(141312K), 0,0027006 secs]
372,708: [GC (Allocation Failure)  92092K->71340K(140288K), 0,0028948 secs]
372,744: [GC (Allocation Failure)  96940K->65468K(140800K), 0,0020231 secs]
372,770: [GC (Allocation Failure)  91068K->70252K(140288K), 0,0028946 secs]
372,807: [GC (Allocation Failure)  95852K->64420K(140800K), 0,0024073 secs]
372,833: [GC (Allocation Failure)  90020K->69236K(141312K), 0,0047612 secs]
372,871: [GC (Allocation Failure)  95348K->63876K(140800K), 0,0080249 secs]
372,902: [GC (Allocation Failure)  89988K->69172K(141312K), 0,0033002 secs]
372,938: [GC (Allocation Failure)  95796K->64388K(141312K), 0,0032831 secs]
372,963: [GC (Allocation Failure)  91012K->70196K(141312K), 0,0017639 secs]
373,003: [GC (Allocation Failure)  96820K->65412K(141312K), 0,0032075 secs]
373,034: [GC (Allocation Failure)  92036K->71188K(139776K), 0,0075343 secs]
373,074: [GC (Allocation Failure)  96788K->65348K(140800K), 0,0011104 secs]
373,097: [GC (Allocation Failure)  90948K->70172K(141312K), 0,0016676 secs]
373,132: [GC (Allocation Failure)  96796K->65388K(141312K), 0,0011614 secs]
373,155: [GC (Allocation Failure)  92012K->71164K(140288K), 0,0079520 secs]
373,196: [GC (Allocation Failure)  96764K->65324K(140800K), 0,0012062 secs]
373,219: [GC (Allocation Failure)  90924K->70076K(140288K), 0,0029302 secs]
373,255: [GC (Allocation Failure)  95676K->64268K(140800K), 0,0044383 secs]
373,281: [GC (Allocation Failure)  89868K->69020K(141312K), 0,0039725 secs]
373,318: [GC (Allocation Failure)  95644K->64236K(141312K), 0,0009784 secs]
373,341: [GC (Allocation Failure)  90860K->70044K(141312K), 0,0017082 secs]
373,376: [GC (Allocation Failure)  96668K->65260K(141312K), 0,0011005 secs]
373,399: [GC (Allocation Failure)  91884K->71108K(139776K), 0,0017448 secs]
373,434: [GC (Allocation Failure)  96708K->65236K(140800K), 0,0010234 secs]
373,457: [GC (Allocation Failure)  90836K->70020K(141312K), 0,0017188 secs]
373,492: [GC (Allocation Failure)  96644K->65204K(141312K), 0,0046499 secs]
373,519: [GC (Allocation Failure)  91828K->71020K(140288K), 0,0015253 secs]
373,553: [GC (Allocation Failure)  96620K->65220K(140800K), 0,0013469 secs]
373,575: [GC (Allocation Failure)  90820K->69972K(141312K), 0,0014294 secs]
373,608: [GC (Allocation Failure)  96596K->65196K(141312K), 0,0014635 secs]
373,631: [GC (Allocation Failure)  91820K->71004K(140288K), 0,0024868 secs]
373,666: [GC (Allocation Failure)  96604K->65196K(140800K), 0,0007553 secs]
373,688: [GC (Allocation Failure)  90796K->69916K(141312K), 0,0021120 secs]
373,722: [GC (Allocation Failure)  96540K->65132K(141312K), 0,0008310 secs]
373,744: [GC (Allocation Failure)  91756K->70916K(141312K), 0,0023309 secs]
373,778: [GC (Allocation Failure)  97540K->66132K(141312K), 0,0015973 secs]
373,800: [GC (Allocation Failure)  92756K->71972K(140288K), 0,0026583 secs]
373,834: [GC (Allocation Failure)  97572K->66132K(140800K), 0,0008645 secs]
373,857: [GC (Allocation Failure)  91732K->70916K(140288K), 0,0024489 secs]
373,891: [GC (Allocation Failure)  96516K->65044K(140800K), 0,0016164 secs]
373,913: [GC (Allocation Failure)  90644K->69860K(141312K), 0,0013670 secs]
373,947: [GC (Allocation Failure)  96484K->65044K(141312K), 0,0018292 secs]
373,971: [GC (Allocation Failure)  91668K->70852K(141312K), 0,0017756 secs]
374,006: [GC (Allocation Failure)  97476K->66068K(141312K), 0,0008696 secs]
374,029: [GC (Allocation Failure)  92692K->71876K(140288K), 0,0026673 secs]
374,065: [GC (Allocation Failure)  97476K->66004K(140800K), 0,0019280 secs]
374,089: [GC (Allocation Failure)  91604K->70788K(140288K), 0,0027878 secs]
374,125: [GC (Allocation Failure)  96388K->64948K(140800K), 0,0031721 secs]
374,150: [GC (Allocation Failure)  90548K->69772K(141312K), 0,0028344 secs]
374,186: [GC (Allocation Failure)  96396K->64932K(141312K), 0,0019989 secs]
374,210: [GC (Allocation Failure)  91556K->70780K(141312K), 0,0017410 secs]
374,245: [GC (Allocation Failure)  97404K->65964K(141312K), 0,0010037 secs]
374,268: [GC (Allocation Failure)  92588K->71772K(140288K), 0,0029592 secs]
374,309: [GC (Allocation Failure)  97372K->65932K(140800K), 0,0074721 secs]
374,344: [GC (Allocation Failure)  91532K->70716K(141312K), 0,0046035 secs]
374,385: [GC (Allocation Failure)  97340K->65908K(141312K), 0,0023174 secs]
374,414: [GC (Allocation Failure)  92532K->71748K(140288K), 0,0053714 secs]
374,452: [GC (Allocation Failure)  97348K->65940K(140800K), 0,0013024 secs]
374,477: [GC (Allocation Failure)  91540K->70668K(141312K), 0,0046212 secs]
374,514: [GC (Allocation Failure)  97292K->65916K(141312K), 0,0013017 secs]
374,539: [GC (Allocation Failure)  92540K->71692K(140288K), 0,0023866 secs]
374,576: [GC (Allocation Failure)  97292K->65884K(140800K), 0,0030829 secs]
374,608: [GC (Allocation Failure)  91484K->70636K(141312K), 0,0057033 secs]
374,651: [GC (Allocation Failure)  97260K->65820K(141312K), 0,0056456 secs]
374,681: [GC (Allocation Failure)  92444K->71660K(140288K), 0,0021301 secs]
374,715: [GC (Allocation Failure)  97260K->65820K(140800K), 0,0030047 secs]
374,740: [GC (Allocation Failure)  91420K->70572K(141312K), 0,0020480 secs]
374,775: [GC (Allocation Failure)  97196K->65668K(141312K), 0,0022905 secs]
374,800: [GC (Allocation Failure)  92292K->71420K(141312K), 0,0031111 secs]
374,836: [GC (Allocation Failure)  98044K->66604K(141312K), 0,0008895 secs]
374,859: [GC (Allocation Failure)  93228K->72444K(140288K), 0,0015449 secs]
374,892: [GC (Allocation Failure)  98044K->66572K(140800K), 0,0043833 secs]
374,918: [GC (Allocation Failure)  92172K->71292K(140288K), 0,0022339 secs]
374,953: [GC (Allocation Failure)  96892K->65420K(140800K), 0,0042235 secs]
374,978: [GC (Allocation Failure)  91020K->70204K(141312K), 0,0019771 secs]
375,013: [GC (Allocation Failure)  96828K->65356K(141312K), 0,0006757 secs]
375,035: [GC (Allocation Failure)  91980K->71260K(141312K), 0,0014206 secs]
375,069: [GC (Allocation Failure)  97884K->66444K(141312K), 0,0007678 secs]
375,091: [GC (Allocation Failure)  93068K->72260K(140288K), 0,0016355 secs]
375,124: [GC (Allocation Failure)  97860K->66420K(140800K), 0,0008600 secs]
375,147: [GC (Allocation Failure)  92020K->71204K(141312K), 0,0014867 secs]
375,180: [GC (Allocation Failure)  97828K->66420K(141312K), 0,0018971 secs]
375,204: [GC (Allocation Failure)  93044K->72228K(140288K), 0,0016507 secs]
375,238: [GC (Allocation Failure)  97828K->66356K(140800K), 0,0017387 secs]
375,262: [GC (Allocation Failure)  91956K->71148K(141312K), 0,0044646 secs]
375,304: [GC (Allocation Failure)  97772K->66332K(141312K), 0,0064050 secs]
375,334: [GC (Allocation Failure)  92956K->72172K(140288K), 0,0018719 secs]
375,369: [GC (Allocation Failure)  97772K->66332K(140800K), 0,0012791 secs]
375,392: [GC (Allocation Failure)  91932K->71116K(141312K), 0,0016053 secs]
375,427: [GC (Allocation Failure)  97740K->66300K(141312K), 0,0010685 secs]
375,450: [GC (Allocation Failure)  92924K->72108K(140288K), 0,0025417 secs]
375,485: [GC (Allocation Failure)  97708K->66268K(140800K), 0,0021580 secs]
375,509: [GC (Allocation Failure)  91868K->71084K(141312K), 0,0025326 secs]
375,545: [GC (Allocation Failure)  97708K->66268K(141312K), 0,0024846 secs]
375,570: [GC (Allocation Failure)  92892K->72044K(140288K), 0,0026049 secs]
375,606: [GC (Allocation Failure)  97644K->66236K(140800K), 0,0010172 secs]
375,629: [GC (Allocation Failure)  91836K->70996K(141312K), 0,0015949 secs]
375,664: [GC (Allocation Failure)  97620K->66212K(141312K), 0,0011115 secs]
375,687: [GC (Allocation Failure)  92836K->71988K(141312K), 0,0029629 secs]
375,723: [GC (Allocation Failure)  98612K->67236K(141312K), 0,0011712 secs]
375,746: [GC (Allocation Failure)  93860K->73044K(140288K), 0,0019220 secs]
375,781: [GC (Allocation Failure)  98644K->67236K(140800K), 0,0012369 secs]
375,804: [GC (Allocation Failure)  92836K->71988K(140288K), 0,0017405 secs]
375,839: [GC (Allocation Failure)  97588K->66148K(140800K), 0,0009998 secs]
375,862: [GC (Allocation Failure)  91748K->70900K(141312K), 0,0015883 secs]
375,897: [GC (Allocation Failure)  97524K->66116K(141312K), 0,0009511 secs]
375,920: [GC (Allocation Failure)  92740K->71924K(141312K), 0,0030704 secs]
375,956: [GC (Allocation Failure)  98548K->67140K(141312K), 0,0011528 secs]
375,979: [GC (Allocation Failure)  93764K->72948K(140288K), 0,0032667 secs]
376,019: [GC (Allocation Failure)  98548K->67108K(140800K), 0,0033168 secs]
376,047: [GC (Allocation Failure)  92708K->71828K(140288K), 0,0043585 secs]
376,087: [GC (Allocation Failure)  97428K->66028K(140800K), 0,0038049 secs]
376,113: [GC (Allocation Failure)  91628K->70876K(141312K), 0,0019759 secs]
376,148: [GC (Allocation Failure)  97500K->66028K(141312K), 0,0012288 secs]
376,172: [GC (Allocation Failure)  92652K->71844K(141312K), 0,0020081 secs]
376,207: [GC (Allocation Failure)  98468K->67060K(141312K), 0,0012399 secs]
376,232: [GC (Allocation Failure)  93684K->72868K(139776K), 0,0031028 secs]
376,267: [GC (Allocation Failure)  98468K->66996K(140800K), 0,0029195 secs]
376,293: [GC (Allocation Failure)  92596K->71780K(141312K), 0,0043317 secs]
376,334: [GC (Allocation Failure)  98404K->66996K(141312K), 0,0014671 secs]
376,359: [GC (Allocation Failure)  93620K->72772K(140288K), 0,0037615 secs]
376,395: [GC (Allocation Failure)  98372K->66996K(140800K), 0,0013188 secs]
376,419: [GC (Allocation Failure)  92596K->71748K(141312K), 0,0019657 secs]
376,454: [GC (Allocation Failure)  98372K->66932K(141312K), 0,0027773 secs]
376,480: [GC (Allocation Failure)  93556K->72780K(140288K), 0,0021480 secs]
376,515: [GC (Allocation Failure)  98380K->66940K(140800K), 0,0012323 secs]
376,539: [GC (Allocation Failure)  92540K->71692K(141312K), 0,0019407 secs]
376,576: [GC (Allocation Failure)  98316K->66908K(141312K), 0,0029700 secs]
376,608: [GC (Allocation Failure)  93532K->72716K(140288K), 0,0057729 secs]
376,647: [GC (Allocation Failure)  98316K->66908K(140800K), 0,0009559 secs]
376,670: [GC (Allocation Failure)  92508K->71668K(141312K), 0,0030023 secs]
376,706: [GC (Allocation Failure)  98292K->66884K(141312K), 0,0033588 secs]
376,731: [GC (Allocation Failure)  93508K->72700K(140288K), 0,0018084 secs]
376,766: [GC (Allocation Failure)  98300K->66860K(140800K), 0,0010360 secs]
376,789: [GC (Allocation Failure)  92460K->71612K(141312K), 0,0044795 secs]
376,826: [GC (Allocation Failure)  98236K->66828K(141312K), 0,0010307 secs]
376,849: [GC (Allocation Failure)  93452K->72604K(141312K), 0,0044661 secs]
376,886: [GC (Allocation Failure)  99228K->67852K(141312K), 0,0011401 secs]
376,909: [GC (Allocation Failure)  94476K->73636K(140288K), 0,0018519 secs]
376,944: [GC (Allocation Failure)  99236K->67796K(140800K), 0,0026112 secs]
376,969: [GC (Allocation Failure)  93396K->72620K(140288K), 0,0017380 secs]
377,004: [GC (Allocation Failure)  98220K->66780K(140800K), 0,0009880 secs]
377,027: [GC (Allocation Failure)  92380K->71532K(141312K), 0,0015925 secs]
377,062: [GC (Allocation Failure)  98156K->66748K(141312K), 0,0028511 secs]
377,093: [GC (Allocation Failure)  93372K->72588K(141312K), 0,0057905 secs]
377,132: [GC (Allocation Failure)  99212K->67708K(141312K), 0,0072406 secs]
377,160: [GC (Allocation Failure)  94332K->73548K(140288K), 0,0024420 secs]
377,194: [GC (Allocation Failure)  99148K->67756K(140800K), 0,0009890 secs]
377,217: [GC (Allocation Failure)  93356K->72476K(140288K), 0,0023347 secs]
377,250: [GC (Allocation Failure)  98076K->66668K(140800K), 0,0007140 secs]
377,272: [GC (Allocation Failure)  92268K->71452K(141312K), 0,0012989 secs]
377,305: [GC (Allocation Failure)  98076K->66636K(141312K), 0,0015401 secs]
377,328: [GC (Allocation Failure)  93260K->72484K(141312K), 0,0016997 secs]
377,363: [GC (Allocation Failure)  99108K->67636K(141312K), 0,0021986 secs]
377,387: [GC (Allocation Failure)  94260K->73484K(139776K), 0,0018105 secs]
377,422: [GC (Allocation Failure)  99084K->67644K(140800K), 0,0031017 secs]
377,447: [GC (Allocation Failure)  93244K->72428K(141312K), 0,0016064 secs]
377,482: [GC (Allocation Failure)  99052K->67612K(141312K), 0,0021361 secs]
377,506: [GC (Allocation Failure)  94236K->73420K(140288K), 0,0029785 secs]
377,546: [GC (Allocation Failure)  99020K->67612K(140800K), 0,0015067 secs]
377,570: [GC (Allocation Failure)  93212K->72332K(141312K), 0,0022597 secs]
377,605: [GC (Allocation Failure)  98956K->67580K(141312K), 0,0007715 secs]
377,626: [GC (Allocation Failure)  94204K->73388K(140288K), 0,0014009 secs]
377,659: [GC (Allocation Failure)  98988K->67548K(140800K), 0,0015095 secs]
377,682: [GC (Allocation Failure)  93148K->72332K(141312K), 0,0013576 secs]
377,716: [GC (Allocation Failure)  98956K->67516K(141312K), 0,0007816 secs]
377,737: [GC (Allocation Failure)  94140K->73324K(140288K), 0,0022348 secs]
377,771: [GC (Allocation Failure)  98924K->67516K(140800K), 0,0007748 secs]
377,792: [GC (Allocation Failure)  93116K->72300K(141312K), 0,0013326 secs]
377,826: [GC (Allocation Failure)  98924K->67484K(141312K), 0,0024408 secs]
377,850: [GC (Allocation Failure)  94108K->73300K(141312K), 0,0015104 secs]
377,882: [GC (Allocation Failure)  99924K->68484K(141312K), 0,0018458 secs]
377,906: [GC (Allocation Failure)  95108K->74324K(140288K), 0,0026691 secs]
377,940: [GC (Allocation Failure)  99924K->68484K(140800K), 0,0020041 secs]
377,968: [GC (Allocation Failure)  94084K->73236K(140288K), 0,0080893 secs]
378,011: [GC (Allocation Failure)  98836K->67396K(140800K), 0,0017664 secs]
378,038: [GC (Allocation Failure)  92996K->72188K(141312K), 0,0024479 secs]
378,075: [GC (Allocation Failure)  98812K->67404K(141312K), 0,0025140 secs]
378,100: [GC (Allocation Failure)  94028K->73220K(141312K), 0,0043847 secs]
378,137: [GC (Allocation Failure)  99844K->68412K(141312K), 0,0019346 secs]
378,161: [GC (Allocation Failure)  95036K->74252K(140288K), 0,0016841 secs]
378,196: [GC (Allocation Failure)  99852K->68380K(140800K), 0,0043679 secs]
378,222: [GC (Allocation Failure)  93980K->73164K(140288K), 0,0015934 secs]
378,256: [GC (Allocation Failure)  98764K->67324K(140800K), 0,0021744 secs]
378,283: [GC (Allocation Failure)  92924K->72108K(141312K), 0,0047168 secs]
378,323: [GC (Allocation Failure)  98732K->67324K(141312K), 0,0024964 secs]
378,350: [GC (Allocation Failure)  93948K->73108K(141312K), 0,0027786 secs]
378,387: [GC (Allocation Failure)  99732K->68324K(141312K), 0,0017975 secs]
378,413: [GC (Allocation Failure)  94948K->74132K(140288K), 0,0047585 secs]
378,453: [GC (Allocation Failure)  99732K->68324K(140800K), 0,0018820 secs]
378,480: [GC (Allocation Failure)  93924K->73076K(141312K), 0,0029510 secs]
378,517: [GC (Allocation Failure)  99700K->68292K(141312K), 0,0019252 secs]
378,543: [GC (Allocation Failure)  94916K->74108K(140288K), 0,0044284 secs]
378,581: [GC (Allocation Failure)  99708K->68300K(140800K), 0,0019054 secs]
378,608: [GC (Allocation Failure)  93900K->73052K(141312K), 0,0027154 secs]
378,646: [GC (Allocation Failure)  99676K->68236K(141312K), 0,0017384 secs]
378,673: [GC (Allocation Failure)  94860K->74076K(140288K), 0,0028237 secs]
378,711: [GC (Allocation Failure)  99676K->68204K(140800K), 0,0025680 secs]
378,737: [GC (Allocation Failure)  93804K->73036K(141312K), 0,0027457 secs]
378,775: [GC (Allocation Failure)  99660K->68124K(141312K), 0,0028623 secs]
378,801: [GC (Allocation Failure)  94748K->73780K(140288K), 0,0022475 secs]
378,835: [GC (Allocation Failure)  99380K->67980K(140800K), 0,0020092 secs]
378,858: [GC (Allocation Failure)  93580K->72740K(141312K), 0,0013454 secs]
378,892: [GC (Allocation Failure)  99364K->67924K(141312K), 0,0006977 secs]
378,914: [GC (Allocation Failure)  94548K->73732K(141312K), 0,0014046 secs]
378,947: [GC (Allocation Failure)  100356K->68884K(141312K), 0,0019144 secs]
378,970: [GC (Allocation Failure)  95508K->74692K(140288K), 0,0040246 secs]
379,006: [GC (Allocation Failure)  100292K->68916K(140800K), 0,0031694 secs]
379,036: [GC (Allocation Failure)  94516K->73700K(140288K), 0,0028259 secs]
379,072: [GC (Allocation Failure)  99300K->67828K(140800K), 0,0011708 secs]
379,096: [GC (Allocation Failure)  93428K->72644K(141312K), 0,0019182 secs]
379,131: [GC (Allocation Failure)  99268K->67860K(141312K), 0,0012207 secs]
379,154: [GC (Allocation Failure)  94484K->73636K(141312K), 0,0030766 secs]
379,190: [GC (Allocation Failure)  100260K->68820K(141312K), 0,0035657 secs]
379,217: [GC (Allocation Failure)  95444K->74628K(140288K), 0,0055158 secs]
379,255: [GC (Allocation Failure)  100228K->68828K(140800K), 0,0013623 secs]
379,280: [GC (Allocation Failure)  94428K->73612K(141312K), 0,0020058 secs]
379,314: [GC (Allocation Failure)  100236K->68796K(141312K), 0,0012793 secs]
379,343: [GC (Allocation Failure)  95420K->74604K(140288K), 0,0057293 secs]
379,382: [GC (Allocation Failure)  100204K->68732K(140800K), 0,0014971 secs]
379,405: [GC (Allocation Failure)  94332K->73548K(141312K), 0,0028539 secs]
379,443: [GC (Allocation Failure)  100172K->68732K(141312K), 0,0051689 secs]
379,476: [GC (Allocation Failure)  95356K->74540K(140288K), 0,0042038 secs]
379,515: [GC (Allocation Failure)  100140K->68748K(140800K), 0,0017972 secs]
379,541: [GC (Allocation Failure)  94348K->73500K(141312K), 0,0021618 secs]
379,576: [GC (Allocation Failure)  100124K->68684K(141312K), 0,0012829 secs]
379,599: [GC (Allocation Failure)  95308K->74492K(140288K), 0,0018395 secs]
379,636: [GC (Allocation Failure)  100092K->68684K(140800K), 0,0032406 secs]
379,665: [GC (Allocation Failure)  94284K->73436K(141312K), 0,0037334 secs]
379,701: [GC (Allocation Failure)  100060K->68652K(141312K), 0,0029047 secs]
379,732: [GC (Allocation Failure)  95276K->74460K(140288K), 0,0062306 secs]
379,771: [GC (Allocation Failure)  100060K->68588K(140800K), 0,0030469 secs]
379,798: [GC (Allocation Failure)  94188K->73404K(141312K), 0,0026064 secs]
379,835: [GC (Allocation Failure)  100028K->68556K(141312K), 0,0024537 secs]
379,862: [GC (Allocation Failure)  95180K->74460K(140288K), 0,0039042 secs]
379,900: [GC (Allocation Failure)  100060K->68588K(140800K), 0,0017907 secs]
379,926: [GC (Allocation Failure)  94188K->73372K(141312K), 0,0025643 secs]
379,961: [GC (Allocation Failure)  99996K->68556K(141312K), 0,0022818 secs]
379,987: [GC (Allocation Failure)  95180K->74396K(141312K), 0,0021155 secs]
380,021: [GC (Allocation Failure)  101020K->69580K(141312K), 0,0013561 secs]
380,046: [GC (Allocation Failure)  96204K->75356K(140288K), 0,0021682 secs]
380,086: [GC (Allocation Failure)  100956K->69548K(140800K), 0,0038080 secs]
380,115: [GC (Allocation Failure)  95148K->74332K(140288K), 0,0032180 secs]
380,151: [GC (Allocation Failure)  99932K->68500K(140800K), 0,0035637 secs]
380,178: [GC (Allocation Failure)  94100K->73284K(141312K), 0,0013880 secs]
380,212: [GC (Allocation Failure)  99908K->68500K(141312K), 0,0013548 secs]
380,238: [GC (Allocation Failure)  95124K->74276K(141312K), 0,0052052 secs]
380,282: [GC (Allocation Failure)  100900K->69460K(141312K), 0,0043756 secs]
380,314: [GC (Allocation Failure)  96084K->75268K(140288K), 0,0031044 secs]
380,350: [GC (Allocation Failure)  100868K->69428K(140800K), 0,0020363 secs]
380,374: [GC (Allocation Failure)  95028K->74212K(141312K), 0,0016522 secs]
380,409: [GC (Allocation Failure)  100836K->69396K(141312K), 0,0023604 secs]
380,433: [GC (Allocation Failure)  96020K->75236K(140288K), 0,0032281 secs]
380,469: [GC (Allocation Failure)  100836K->69364K(140800K), 0,0022651 secs]
380,493: [GC (Allocation Failure)  94964K->74180K(140288K), 0,0030990 secs]
380,533: [GC (Allocation Failure)  99780K->68356K(140800K), 0,0029333 secs]
380,564: [GC (Allocation Failure)  93956K->73140K(141312K), 0,0045020 secs]
380,601: [GC (Allocation Failure)  99764K->68332K(141312K), 0,0016405 secs]
380,627: [GC (Allocation Failure)  94956K->74172K(141312K), 0,0044243 secs]
380,664: [GC (Allocation Failure)  100796K->69324K(141312K), 0,0013442 secs]
380,692: [GC (Allocation Failure)  95948K->75172K(140800K), 0,0039610 secs]
380,734: [GC (Allocation Failure)  101796K->70356K(141312K), 0,0039122 secs]
380,760: [GC (Allocation Failure)  96980K->76196K(140288K), 0,0024252 secs]
380,798: [GC (Allocation Failure)  101796K->70324K(140800K), 0,0052392 secs]
380,825: [GC (Allocation Failure)  95924K->75140K(140288K), 0,0017859 secs]
380,863: [GC (Allocation Failure)  100740K->69300K(140800K), 0,0023632 secs]
380,890: [GC (Allocation Failure)  94900K->74052K(140800K), 0,0048823 secs]
380,930: [GC (Allocation Failure)  99652K->68212K(140800K), 0,0014239 secs]
380,953: [GC (Allocation Failure)  93812K->72964K(141312K), 0,0034878 secs]
380,991: [GC (Allocation Failure)  99588K->68148K(141312K), 0,0021142 secs]
381,015: [GC (Allocation Failure)  94772K->73988K(141312K), 0,0034310 secs]
381,051: [GC (Allocation Failure)  100612K->69180K(141312K), 0,0040517 secs]
381,077: [GC (Allocation Failure)  95804K->74988K(140800K), 0,0043157 secs]
381,114: [GC (Allocation Failure)  101612K->70204K(141312K), 0,0044332 secs]
381,142: [GC (Allocation Failure)  96828K->76012K(139776K), 0,0032241 secs]
381,177: [GC (Allocation Failure)  101612K->70172K(140800K), 0,0026602 secs]
381,201: [GC (Allocation Failure)  95772K->74924K(140288K), 0,0042087 secs]
381,238: [GC (Allocation Failure)  100524K->69116K(140800K), 0,0014661 secs]
381,261: [GC (Allocation Failure)  94716K->73868K(141312K), 0,0030557 secs]
381,296: [GC (Allocation Failure)  100492K->69116K(141312K), 0,0014112 secs]
381,318: [GC (Allocation Failure)  95740K->74924K(141312K), 0,0029254 secs]
381,355: [GC (Allocation Failure)  101548K->70076K(141312K), 0,0019407 secs]
381,378: [GC (Allocation Failure)  96700K->75948K(139776K), 0,0042568 secs]
381,413: [GC (Allocation Failure)  101548K->70076K(140800K), 0,0020489 secs]
381,437: [GC (Allocation Failure)  95676K->74860K(140288K), 0,0026006 secs]
381,474: [GC (Allocation Failure)  100460K->69052K(140800K), 0,0046325 secs]
381,504: [GC (Allocation Failure)  94652K->73852K(141312K), 0,0045799 secs]
381,544: [GC (Allocation Failure)  100476K->69004K(141312K), 0,0048297 secs]
381,574: [GC (Allocation Failure)  95628K->74844K(141312K), 0,0048729 secs]
381,612: [GC (Allocation Failure)  101468K->70028K(141312K), 0,0017587 secs]
381,636: [GC (Allocation Failure)  96652K->75868K(139776K), 0,0022971 secs]
381,671: [GC (Allocation Failure)  101468K->70060K(140800K), 0,0008058 secs]
381,693: [GC (Allocation Failure)  95660K->74780K(141312K), 0,0039025 secs]
381,730: [GC (Allocation Failure)  101404K->70004K(141312K), 0,0033413 secs]
381,755: [GC (Allocation Failure)  96628K->75820K(140288K), 0,0023884 secs]
381,790: [GC (Allocation Failure)  101420K->69980K(140800K), 0,0016617 secs]
381,815: [GC (Allocation Failure)  95580K->74764K(141312K), 0,0041282 secs]
381,854: [GC (Allocation Failure)  101388K->69916K(141312K), 0,0097233 secs]
381,885: [GC (Allocation Failure)  96540K->75788K(140288K), 0,0038007 secs]
381,924: [GC (Allocation Failure)  101388K->69948K(140800K), 0,0037396 secs]
381,954: [GC (Allocation Failure)  95548K->74732K(141312K), 0,0020350 secs]
381,990: [GC (Allocation Failure)  101356K->69884K(141312K), 0,0015143 secs]
382,015: [GC (Allocation Failure)  96508K->75724K(140288K), 0,0042825 secs]
382,051: [GC (Allocation Failure)  101324K->69924K(140800K), 0,0033710 secs]
382,083: [GC (Allocation Failure)  95524K->74676K(141312K), 0,0059859 secs]
382,123: [GC (Allocation Failure)  101300K->69860K(141312K), 0,0009216 secs]
382,148: [GC (Allocation Failure)  96484K->75668K(141312K), 0,0029977 secs]
382,186: [GC (Allocation Failure)  102292K->70900K(141312K), 0,0024466 secs]
382,215: [GC (Allocation Failure)  97524K->76716K(140288K), 0,0055475 secs]
382,255: [GC (Allocation Failure)  102316K->70876K(140800K), 0,0020233 secs]
382,278: [GC (Allocation Failure)  96476K->75660K(140288K), 0,0024914 secs]
382,317: [GC (Allocation Failure)  101260K->69820K(140800K), 0,0032062 secs]
382,349: [GC (Allocation Failure)  95420K->74612K(141312K), 0,0044612 secs]
382,391: [GC (Allocation Failure)  100724K->69252K(140800K), 0,0028009 secs]
382,422: [GC (Allocation Failure)  95364K->74612K(141312K), 0,0043548 secs]
382,464: [GC (Allocation Failure)  101236K->69764K(141312K), 0,0060921 secs]
382,495: [GC (Allocation Failure)  96388K->75572K(141312K), 0,0017497 secs]
382,530: [GC (Allocation Failure)  102196K->70788K(141312K), 0,0014671 secs]
382,557: [GC (Allocation Failure)  97412K->76604K(139776K), 0,0059548 secs]
382,602: [GC (Allocation Failure)  102204K->70796K(140800K), 0,0041559 secs]
382,634: [GC (Allocation Failure)  96396K->75564K(140288K), 0,0047135 secs]
382,674: [GC (Allocation Failure)  101164K->69724K(140800K), 0,0023967 secs]
382,700: [GC (Allocation Failure)  95324K->74516K(141312K), 0,0020515 secs]
382,739: [GC (Allocation Failure)  101140K->69700K(141312K), 0,0017195 secs]
382,764: [GC (Allocation Failure)  96324K->75540K(141312K), 0,0017841 secs]
382,804: [GC (Allocation Failure)  102164K->70500K(141312K), 0,0027523 secs]
382,829: [GC (Allocation Failure)  97124K->76340K(139776K), 0,0029516 secs]
382,864: [GC (Allocation Failure)  101940K->70468K(140800K), 0,0016152 secs]
382,886: [GC (Allocation Failure)  96068K->75220K(141312K), 0,0028592 secs]
382,921: [GC (Allocation Failure)  101844K->70436K(141312K), 0,0027171 secs]
382,944: [GC (Allocation Failure)  97060K->76316K(140288K), 0,0023611 secs]
382,978: [GC (Allocation Failure)  101916K->70444K(140800K), 0,0024147 secs]
383,002: [GC (Allocation Failure)  96044K->75228K(141312K), 0,0023305 secs]
383,035: [GC (Allocation Failure)  101852K->70412K(141312K), 0,0028106 secs]
383,060: [GC (Allocation Failure)  97036K->76252K(141312K), 0,0053489 secs]
383,104: [GC (Allocation Failure)  102876K->71436K(141312K), 0,0053145 secs]
383,139: [GC (Allocation Failure)  98060K->77276K(140288K), 0,0052470 secs]
383,183: [GC (Allocation Failure)  102876K->71444K(140800K), 0,0034596 secs]
383,213: [GC (Allocation Failure)  97044K->76236K(140288K), 0,0026171 secs]
383,252: [GC (Allocation Failure)  101836K->70396K(140800K), 0,0053675 secs]
383,286: [GC (Allocation Failure)  95996K->75148K(141312K), 0,0028639 secs]
383,324: [GC (Allocation Failure)  101260K->69852K(140800K), 0,0027390 secs]
383,348: [GC (Allocation Failure)  95964K->75116K(141312K), 0,0028297 secs]
383,382: [GC (Allocation Failure)  101740K->70300K(141312K), 0,0029950 secs]
383,407: [GC (Allocation Failure)  96924K->76108K(141312K), 0,0024059 secs]
383,444: [GC (Allocation Failure)  102732K->71324K(141312K), 0,0073305 secs]
383,480: [GC (Allocation Failure)  97948K->77132K(139776K), 0,0076166 secs]
383,520: [GC (Allocation Failure)  102732K->71292K(140800K), 0,0037389 secs]
383,544: [GC (Allocation Failure)  96892K->76116K(140288K), 0,0016752 secs]
383,577: [GC (Allocation Failure)  101716K->70276K(140800K), 0,0007565 secs]
383,599: [GC (Allocation Failure)  95876K->75028K(141312K), 0,0018253 secs]
383,632: [GC (Allocation Failure)  101652K->70212K(141312K), 0,0012939 secs]
383,654: [GC (Allocation Failure)  96836K->76020K(141312K), 0,0016334 secs]
383,688: [GC (Allocation Failure)  102644K->71268K(141312K), 0,0008358 secs]
383,711: [GC (Allocation Failure)  97892K->77076K(139776K), 0,0032682 secs]
383,747: [GC (Allocation Failure)  102676K->71236K(140800K), 0,0015781 secs]
383,770: [GC (Allocation Failure)  96836K->76020K(141312K), 0,0023213 secs]
383,806: [GC (Allocation Failure)  102644K->71204K(141312K), 0,0070410 secs]
383,841: [GC (Allocation Failure)  97828K->77012K(140288K), 0,0033526 secs]
383,878: [GC (Allocation Failure)  102612K->71148K(140800K), 0,0043658 secs]
383,909: [GC (Allocation Failure)  96748K->75964K(141312K), 0,0026143 secs]
383,950: [GC (Allocation Failure)  102588K->71180K(141312K), 0,0031636 secs]
383,976: [GC (Allocation Failure)  97804K->76996K(140288K), 0,0017025 secs]
384,013: [GC (Allocation Failure)  102596K->71124K(140800K), 0,0010514 secs]
384,038: [GC (Allocation Failure)  96724K->75908K(141312K), 0,0025658 secs]
384,073: [GC (Allocation Failure)  102532K->71092K(141312K), 0,0009864 secs]
384,095: [GC (Allocation Failure)  97716K->76940K(140288K), 0,0017645 secs]
384,129: [GC (Allocation Failure)  102540K->71100K(140800K), 0,0042562 secs]
384,162: [GC (Allocation Failure)  96700K->75916K(141312K), 0,0046277 secs]
384,200: [GC (Allocation Failure)  102540K->71068K(141312K), 0,0034232 secs]
384,232: [GC (Allocation Failure)  97692K->76876K(140288K), 0,0070755 secs]
384,273: [GC (Allocation Failure)  102476K->71068K(140800K), 0,0045120 secs]
384,304: [GC (Allocation Failure)  96668K->75860K(141312K), 0,0025404 secs]
384,339: [GC (Allocation Failure)  102484K->71044K(141312K), 0,0021902 secs]
384,366: [GC (Allocation Failure)  97668K->76820K(141312K), 0,0094180 secs]
384,413: [GC (Allocation Failure)  103444K->72004K(141312K), 0,0050059 secs]
384,442: [GC (Allocation Failure)  98628K->77876K(140288K), 0,0029536 secs]
384,479: [GC (Allocation Failure)  103476K->72044K(140800K), 0,0032041 secs]
384,509: [GC (Allocation Failure)  97644K->76796K(140288K), 0,0045701 secs]
384,548: [GC (Allocation Failure)  102396K->70956K(140800K), 0,0081278 secs]
384,580: [GC (Allocation Failure)  96556K->75772K(141312K), 0,0036108 secs]
384,618: [GC (Allocation Failure)  102396K->70932K(141312K), 0,0011947 secs]
384,643: [GC (Allocation Failure)  97556K->76748K(141312K), 0,0054922 secs]
384,686: [GC (Allocation Failure)  103372K->71996K(141312K), 0,0045177 secs]
384,719: [GC (Allocation Failure)  98620K->77772K(140288K), 0,0028913 secs]
384,754: [GC (Allocation Failure)  103372K->71932K(140800K), 0,0024294 secs]
384,780: [GC (Allocation Failure)  97532K->76716K(140288K), 0,0057069 secs]
384,821: [GC (Allocation Failure)  102316K->70876K(140800K), 0,0075000 secs]
384,851: [GC (Allocation Failure)  96476K->75660K(141312K), 0,0013577 secs]
384,889: [GC (Allocation Failure)  102284K->70852K(141312K), 0,0057110 secs]
384,921: [GC (Allocation Failure)  97476K->76692K(141312K), 0,0039064 secs]
384,958: [GC (Allocation Failure)  103316K->71876K(141312K), 0,0018575 secs]
384,984: [GC (Allocation Failure)  98500K->77684K(139776K), 0,0045063 secs]
385,026: [GC (Allocation Failure)  103284K->71844K(140800K), 0,0073380 secs]
385,060: [GC (Allocation Failure)  97444K->76628K(141312K), 0,0050451 secs]
385,098: [GC (Allocation Failure)  103252K->71876K(141312K), 0,0014609 secs]
385,125: [GC (Allocation Failure)  98500K->77652K(140288K), 0,0039513 secs]
385,162: [GC (Allocation Failure)  103252K->71812K(140800K), 0,0032038 secs]
385,187: [GC (Allocation Failure)  97412K->76596K(141312K), 0,0016001 secs]
385,224: [GC (Allocation Failure)  103220K->71788K(141312K), 0,0030117 secs]
385,256: [GC (Allocation Failure)  98412K->77628K(140288K), 0,0049709 secs]
385,298: [GC (Allocation Failure)  103228K->71756K(140800K), 0,0038230 secs]
385,325: [GC (Allocation Failure)  97356K->76548K(141312K), 0,0019124 secs]
385,362: [GC (Allocation Failure)  103172K->71732K(141312K), 0,0031204 secs]
385,388: [GC (Allocation Failure)  98356K->77580K(140288K), 0,0047969 secs]
385,427: [GC (Allocation Failure)  103180K->71772K(140800K), 0,0028550 secs]
385,452: [GC (Allocation Failure)  97372K->76524K(141312K), 0,0015287 secs]
385,489: [GC (Allocation Failure)  103148K->71740K(141312K), 0,0016890 secs]
385,514: [GC (Allocation Failure)  98364K->77484K(140288K), 0,0050166 secs]
385,550: [GC (Allocation Failure)  103084K->71644K(140800K), 0,0024925 secs]
385,573: [GC (Allocation Failure)  97244K->76428K(141312K), 0,0023049 secs]
385,606: [GC (Allocation Failure)  103052K->71676K(141312K), 0,0018510 secs]
385,635: [GC (Allocation Failure)  98300K->77484K(141312K), 0,0063343 secs]
385,674: [GC (Allocation Failure)  104108K->72676K(141312K), 0,0023214 secs]
385,700: [GC (Allocation Failure)  99300K->78484K(140288K), 0,0082077 secs]
385,743: [GC (Allocation Failure)  104084K->72612K(140800K), 0,0044887 secs]
385,775: [GC (Allocation Failure)  98212K->77460K(140288K), 0,0051091 secs]
385,816: [GC (Allocation Failure)  103060K->71588K(140800K), 0,0008213 secs]
385,839: [GC (Allocation Failure)  97188K->76372K(141312K), 0,0048438 secs]
385,879: [GC (Allocation Failure)  102996K->71564K(141312K), 0,0040132 secs]
385,907: [GC (Allocation Failure)  98188K->77380K(141312K), 0,0048875 secs]
385,949: [GC (Allocation Failure)  104004K->72604K(141312K), 0,0038877 secs]
385,981: [GC (Allocation Failure)  99228K->78412K(140288K), 0,0049660 secs]
386,019: [GC (Allocation Failure)  104012K->72572K(140800K), 0,0021824 secs]
386,046: [GC (Allocation Failure)  98172K->77356K(140288K), 0,0050590 secs]
386,086: [GC (Allocation Failure)  102956K->71484K(140800K), 0,0037822 secs]
386,115: [GC (Allocation Failure)  97084K->76268K(141312K), 0,0027516 secs]
386,152: [GC (Allocation Failure)  102892K->71516K(141312K), 0,0016051 secs]
386,178: [GC (Allocation Failure)  98140K->77300K(141312K), 0,0045076 secs]
386,215: [GC (Allocation Failure)  103924K->72516K(141312K), 0,0032194 secs]
386,241: [GC (Allocation Failure)  99140K->78324K(139776K), 0,0048491 secs]
386,277: [GC (Allocation Failure)  103924K->72484K(140800K), 0,0034481 secs]
386,302: [GC (Allocation Failure)  98084K->77268K(141312K), 0,0013830 secs]
386,335: [GC (Allocation Failure)  103892K->72452K(141312K), 0,0008712 secs]
386,362: [GC (Allocation Failure)  99076K->78260K(140288K), 0,0050026 secs]
386,404: [GC (Allocation Failure)  103860K->72452K(140800K), 0,0032505 secs]
386,436: [GC (Allocation Failure)  98052K->77204K(141312K), 0,0045078 secs]
386,478: [GC (Allocation Failure)  103828K->72388K(141312K), 0,0056498 secs]
386,507: [GC (Allocation Failure)  99012K->78236K(140288K), 0,0016887 secs]
386,542: [GC (Allocation Failure)  103836K->72404K(140800K), 0,0009070 secs]
386,569: [GC (Allocation Failure)  98004K->77164K(141312K), 0,0086582 secs]
386,610: [GC (Allocation Failure)  103788K->72348K(141312K), 0,0022257 secs]
386,634: [GC (Allocation Failure)  98972K->78188K(140288K), 0,0054868 secs]
386,672: [GC (Allocation Failure)  103788K->72364K(140800K), 0,0018853 secs]
386,696: [GC (Allocation Failure)  97964K->77188K(141312K), 0,0015146 secs]
386,730: [GC (Allocation Failure)  103812K->72372K(141312K), 0,0008921 secs]
386,753: [GC (Allocation Failure)  98996K->78188K(141312K), 0,0017113 secs]
386,787: [GC (Allocation Failure)  104812K->73148K(141312K), 0,0027221 secs]
386,811: [GC (Allocation Failure)  99772K->79052K(140288K), 0,0025830 secs]
386,845: [GC (Allocation Failure)  104652K->73180K(140800K), 0,0007692 secs]
386,867: [GC (Allocation Failure)  98780K->77932K(140288K), 0,0023215 secs]
386,900: [GC (Allocation Failure)  103532K->72092K(140800K), 0,0007470 secs]
386,922: [GC (Allocation Failure)  97692K->76852K(141312K), 0,0013431 secs]
386,955: [GC (Allocation Failure)  103476K->72036K(141312K), 0,0016782 secs]
386,977: [GC (Allocation Failure)  98660K->77844K(141312K), 0,0016332 secs]
387,011: [GC (Allocation Failure)  104468K->73060K(141312K), 0,0010149 secs]
387,034: [GC (Allocation Failure)  99684K->78836K(140288K), 0,0028712 secs]
387,070: [GC (Allocation Failure)  104436K->73060K(140800K), 0,0020312 secs]
387,094: [GC (Allocation Failure)  98660K->77852K(141312K), 0,0015955 secs]
387,128: [GC (Allocation Failure)  104476K->73012K(141312K), 0,0036317 secs]
387,153: [GC (Allocation Failure)  99636K->78852K(140288K), 0,0017434 secs]
387,188: [GC (Allocation Failure)  104452K->72980K(140800K), 0,0024128 secs]
387,212: [GC (Allocation Failure)  98580K->77732K(141312K), 0,0077185 secs]
387,253: [GC (Allocation Failure)  104356K->72980K(141312K), 0,0017662 secs]
387,275: [GC (Allocation Failure)  99604K->78796K(140288K), 0,0015544 secs]
387,309: [GC (Allocation Failure)  104396K->72956K(140800K), 0,0009432 secs]
387,336: [GC (Allocation Failure)  98556K->77772K(141312K), 0,0045480 secs]
387,378: [GC (Allocation Failure)  104396K->72932K(141312K), 0,0072287 secs]
387,411: [GC (Allocation Failure)  99556K->78780K(140288K), 0,0029522 secs]
387,448: [GC (Allocation Failure)  104380K->72940K(140800K), 0,0018173 secs]
387,474: [GC (Allocation Failure)  98540K->77732K(141312K), 0,0026385 secs]
387,512: [GC (Allocation Failure)  104356K->72916K(141312K), 0,0018918 secs]
387,539: [GC (Allocation Failure)  99540K->78724K(140288K), 0,0028806 secs]
387,575: [GC (Allocation Failure)  104324K->72916K(140800K), 0,0012364 secs]
387,599: [GC (Allocation Failure)  98516K->77636K(141312K), 0,0019975 secs]
387,634: [GC (Allocation Failure)  104260K->72852K(141312K), 0,0028195 secs]
387,660: [GC (Allocation Failure)  99476K->78692K(141312K), 0,0020705 secs]
387,694: [GC (Allocation Failure)  105316K->73876K(141312K), 0,0014133 secs]
387,719: [GC (Allocation Failure)  100500K->79716K(140288K), 0,0024118 secs]
387,754: [GC (Allocation Failure)  105316K->73876K(140800K), 0,0015333 secs]
387,779: [GC (Allocation Failure)  99476K->78628K(140288K), 0,0037048 secs]
387,815: [GC (Allocation Failure)  104228K->72788K(140800K), 0,0012464 secs]
387,839: [GC (Allocation Failure)  98388K->77548K(141312K), 0,0019778 secs]
387,874: [GC (Allocation Failure)  104172K->72732K(141312K), 0,0011841 secs]
387,899: [GC (Allocation Failure)  99356K->78612K(141312K), 0,0021371 secs]
387,933: [GC (Allocation Failure)  105236K->73764K(141312K), 0,0044666 secs]
387,961: [GC (Allocation Failure)  100388K->79604K(140288K), 0,0023609 secs]
387,996: [GC (Allocation Failure)  105204K->73764K(140800K), 0,0029405 secs]
388,022: [GC (Allocation Failure)  99364K->78516K(140288K), 0,0019708 secs]
388,056: [GC (Allocation Failure)  104116K->72708K(140800K), 0,0031697 secs]
388,081: [GC (Allocation Failure)  98308K->77492K(141312K), 0,0018776 secs]
388,116: [GC (Allocation Failure)  104116K->72676K(141312K), 0,0013359 secs]
388,141: [GC (Allocation Failure)  99300K->78452K(141312K), 0,0050399 secs]
388,178: [GC (Allocation Failure)  105076K->73700K(141312K), 0,0012819 secs]
388,203: [GC (Allocation Failure)  100324K->79508K(139776K), 0,0023208 secs]
388,238: [GC (Allocation Failure)  105108K->73668K(140800K), 0,0014331 secs]
388,262: [GC (Allocation Failure)  99268K->78420K(141312K), 0,0086991 secs]
388,304: [GC (Allocation Failure)  105044K->73604K(141312K), 0,0012500 secs]
388,326: [GC (Allocation Failure)  100228K->79444K(140288K), 0,0016534 secs]
388,361: [GC (Allocation Failure)  105044K->73604K(140800K), 0,0019053 secs]
388,385: [GC (Allocation Failure)  99204K->78356K(141312K), 0,0024627 secs]
388,419: [GC (Allocation Failure)  104980K->73604K(141312K), 0,0021746 secs]
388,443: [GC (Allocation Failure)  100228K->79420K(140288K), 0,0018281 secs]
388,478: [GC (Allocation Failure)  105020K->73580K(140800K), 0,0012877 secs]
388,501: [GC (Allocation Failure)  99180K->78364K(141312K), 0,0016582 secs]
388,536: [GC (Allocation Failure)  104988K->73516K(141312K), 0,0023381 secs]
388,560: [GC (Allocation Failure)  100140K->79324K(140288K), 0,0026915 secs]
388,595: [GC (Allocation Failure)  104924K->73524K(140800K), 0,0037005 secs]
388,620: [GC (Allocation Failure)  99124K->78340K(141312K), 0,0015621 secs]
388,653: [GC (Allocation Failure)  104964K->73492K(141312K), 0,0018783 secs]
388,677: [GC (Allocation Failure)  100116K->79300K(141312K), 0,0015460 secs]
388,711: [GC (Allocation Failure)  105924K->74484K(141312K), 0,0019092 secs]
388,735: [GC (Allocation Failure)  101108K->80324K(140288K), 0,0018697 secs]
388,769: [GC (Allocation Failure)  105924K->74452K(140800K), 0,0031076 secs]
388,794: [GC (Allocation Failure)  100052K->79268K(140288K), 0,0015732 secs]
388,828: [GC (Allocation Failure)  104868K->73428K(140800K), 0,0045183 secs]
388,854: [GC (Allocation Failure)  99028K->78188K(141312K), 0,0023984 secs]
388,889: [GC (Allocation Failure)  104300K->72860K(140800K), 0,0016374 secs]
388,912: [GC (Allocation Failure)  98972K->78188K(141312K), 0,0030205 secs]
388,948: [GC (Allocation Failure)  104812K->73372K(141312K), 0,0008576 secs]
388,971: [GC (Allocation Failure)  99996K->79180K(141312K), 0,0016836 secs]
389,005: [GC (Allocation Failure)  105804K->74364K(141312K), 0,0009544 secs]
389,027: [GC (Allocation Failure)  100988K->80204K(139776K), 0,0016755 secs]
389,061: [GC (Allocation Failure)  105804K->74396K(140800K), 0,0010175 secs]
389,084: [GC (Allocation Failure)  99996K->79156K(140288K), 0,0015964 secs]
389,119: [GC (Allocation Failure)  104756K->73284K(140800K), 0,0023371 secs]
389,143: [GC (Allocation Failure)  98884K->78068K(141312K), 0,0075912 secs]
389,183: [GC (Allocation Failure)  104692K->73316K(141312K), 0,0051734 secs]
389,212: [GC (Allocation Failure)  99940K->79132K(141312K), 0,0044998 secs]
389,253: [GC (Allocation Failure)  105756K->74284K(141312K), 0,0044860 secs]
389,281: [GC (Allocation Failure)  100908K->80092K(139776K), 0,0021263 secs]
389,315: [GC (Allocation Failure)  105692K->74284K(140800K), 0,0023450 secs]
389,341: [GC (Allocation Failure)  99884K->79076K(141312K), 0,0021284 secs]
389,376: [GC (Allocation Failure)  105700K->74300K(141312K), 0,0013935 secs]
389,401: [GC (Allocation Failure)  100924K->80044K(140288K), 0,0037977 secs]
389,437: [GC (Allocation Failure)  105644K->74236K(140800K), 0,0013424 secs]
389,462: [GC (Allocation Failure)  99836K->79052K(141312K), 0,0020450 secs]
389,496: [GC (Allocation Failure)  105676K->74244K(141312K), 0,0042999 secs]
389,523: [GC (Allocation Failure)  100868K->80052K(140288K), 0,0038376 secs]
389,560: [GC (Allocation Failure)  105652K->74180K(140800K), 0,0019104 secs]
389,584: [GC (Allocation Failure)  99780K->79028K(141312K), 0,0016143 secs]
389,617: [GC (Allocation Failure)  105652K->74212K(141312K), 0,0009057 secs]
389,644: [GC (Allocation Failure)  100836K->79996K(140288K), 0,0079256 secs]
389,685: [GC (Allocation Failure)  105596K->74156K(140800K), 0,0028658 secs]
389,710: [GC (Allocation Failure)  99756K->78972K(141312K), 0,0030011 secs]
389,746: [GC (Allocation Failure)  105596K->74132K(141312K), 0,0034400 secs]
389,773: [GC (Allocation Failure)  100756K->79972K(140288K), 0,0040664 secs]
389,809: [GC (Allocation Failure)  105572K->74100K(140800K), 0,0032749 secs]
389,835: [GC (Allocation Failure)  99700K->78916K(141312K), 0,0019866 secs]
389,870: [GC (Allocation Failure)  105540K->74100K(141312K), 0,0037978 secs]
389,897: [GC (Allocation Failure)  100724K->79884K(141312K), 0,0037736 secs]
389,933: [GC (Allocation Failure)  106508K->75100K(141312K), 0,0077516 secs]
389,963: [GC (Allocation Failure)  101724K->80940K(140288K), 0,0020326 secs]
389,998: [GC (Allocation Failure)  106540K->75068K(140800K), 0,0025936 secs]
390,023: [GC (Allocation Failure)  100668K->79884K(140288K), 0,0017786 secs]
390,058: [GC (Allocation Failure)  105484K->74012K(140800K), 0,0029518 secs]
390,089: [GC (Allocation Failure)  99612K->78828K(141312K), 0,0084459 secs]
390,130: [GC (Allocation Failure)  105452K->74012K(141312K), 0,0016811 secs]
390,155: [GC (Allocation Failure)  100636K->79820K(141312K), 0,0081268 secs]
390,195: [GC (Allocation Failure)  106444K->75012K(141312K), 0,0034526 secs]
390,221: [GC (Allocation Failure)  101636K->80820K(140288K), 0,0035798 secs]
390,258: [GC (Allocation Failure)  106420K->75012K(140800K), 0,0032188 secs]
390,283: [GC (Allocation Failure)  100612K->79796K(140288K), 0,0027488 secs]
390,319: [GC (Allocation Failure)  105396K->73924K(140800K), 0,0022520 secs]
390,343: [GC (Allocation Failure)  99524K->78708K(141312K), 0,0015269 secs]
390,378: [GC (Allocation Failure)  105332K->73892K(141312K), 0,0068516 secs]
390,407: [GC (Allocation Failure)  100516K->79732K(141312K), 0,0047207 secs]
390,445: [GC (Allocation Failure)  106356K->74916K(141312K), 0,0008907 secs]
390,468: [GC (Allocation Failure)  101540K->80756K(139776K), 0,0049682 secs]
390,506: [GC (Allocation Failure)  106356K->74948K(140800K), 0,0009278 secs]
390,529: [GC (Allocation Failure)  100548K->79700K(141312K), 0,0015437 secs]
390,563: [GC (Allocation Failure)  106324K->74916K(141312K), 0,0031508 secs]
390,595: [GC (Allocation Failure)  101540K->80692K(140288K), 0,0039977 secs]
390,634: [GC (Allocation Failure)  106292K->74852K(140800K), 0,0017486 secs]
390,661: [GC (Allocation Failure)  100452K->79636K(141312K), 0,0031769 secs]
390,701: [GC (Allocation Failure)  106260K->74820K(141312K), 0,0064979 secs]
390,733: [GC (Allocation Failure)  101444K->80596K(140288K), 0,0047995 secs]
390,773: [GC (Allocation Failure)  106196K->74772K(140800K), 0,0018889 secs]
390,798: [GC (Allocation Failure)  100372K->79428K(141312K), 0,0020157 secs]
390,833: [GC (Allocation Failure)  106052K->74612K(141312K), 0,0013162 secs]
390,856: [GC (Allocation Failure)  101236K->80420K(141312K), 0,0015119 secs]
390,889: [GC (Allocation Failure)  107044K->75604K(141312K), 0,0008238 secs]
390,912: [GC (Allocation Failure)  102228K->81348K(140288K), 0,0015757 secs]
390,946: [GC (Allocation Failure)  106948K->75476K(140800K), 0,0016814 secs]
390,969: [GC (Allocation Failure)  101076K->80228K(140288K), 0,0025745 secs]
391,008: [GC (Allocation Failure)  105828K->74388K(140800K), 0,0029953 secs]
391,039: [GC (Allocation Failure)  99988K->79148K(141312K), 0,0066842 secs]
391,083: [GC (Allocation Failure)  105772K->74332K(141312K), 0,0029059 secs]
391,114: [GC (Allocation Failure)  100956K->80172K(141312K), 0,0046435 secs]
391,157: [GC (Allocation Failure)  106796K->75324K(141312K), 0,0033921 secs]
391,188: [GC (Allocation Failure)  101948K->81196K(139776K), 0,0046751 secs]
391,227: [GC (Allocation Failure)  106796K->75324K(140800K), 0,0026560 secs]
391,255: [GC (Allocation Failure)  100924K->80108K(141312K), 0,0025476 secs]
391,290: [GC (Allocation Failure)  106732K->75324K(141312K), 0,0013935 secs]
391,315: [GC (Allocation Failure)  101948K->81132K(140288K), 0,0021772 secs]
391,349: [GC (Allocation Failure)  106732K->75292K(140800K), 0,0012709 secs]
391,374: [GC (Allocation Failure)  100892K->80084K(141312K), 0,0019679 secs]
391,408: [GC (Allocation Failure)  106708K->75268K(141312K), 0,0037726 secs]
391,435: [GC (Allocation Failure)  101892K->81108K(140288K), 0,0021620 secs]
391,473: [GC (Allocation Failure)  106708K->75276K(140800K), 0,0029910 secs]
391,504: [GC (Allocation Failure)  100876K->80028K(141312K), 0,0092198 secs]
391,548: [GC (Allocation Failure)  106652K->75244K(141312K), 0,0018247 secs]
391,577: [GC (Allocation Failure)  101868K->81052K(140288K), 0,0047860 secs]
391,619: [GC (Allocation Failure)  106652K->75212K(140800K), 0,0030763 secs]
391,651: [GC (Allocation Failure)  100812K->79996K(141312K), 0,0036241 secs]
391,688: [GC (Allocation Failure)  106620K->75180K(141312K), 0,0034431 secs]
391,714: [GC (Allocation Failure)  101804K->81020K(140288K), 0,0018029 secs]
391,749: [GC (Allocation Failure)  106620K->75148K(140800K), 0,0021735 secs]
391,773: [GC (Allocation Failure)  100748K->79900K(141312K), 0,0051579 secs]
391,811: [GC (Allocation Failure)  106524K->75116K(141312K), 0,0024663 secs]
391,835: [GC (Allocation Failure)  101740K->80956K(141312K), 0,0041192 secs]
391,872: [GC (Allocation Failure)  107580K->76140K(141312K), 0,0038195 secs]
391,898: [GC (Allocation Failure)  102764K->82012K(140288K), 0,0018955 secs]
391,933: [GC (Allocation Failure)  107612K->76140K(140800K), 0,0011614 secs]
391,956: [GC (Allocation Failure)  101740K->80892K(140288K), 0,0029434 secs]
391,992: [GC (Allocation Failure)  106492K->75084K(140800K), 0,0009515 secs]
392,015: [GC (Allocation Failure)  100684K->79868K(141312K), 0,0019747 secs]
392,050: [GC (Allocation Failure)  106492K->75052K(141312K), 0,0025999 secs]
392,075: [GC (Allocation Failure)  101676K->80892K(141312K), 0,0019125 secs]
392,110: [GC (Allocation Failure)  107516K->76044K(141312K), 0,0027768 secs]
392,136: [GC (Allocation Failure)  102668K->81884K(140288K), 0,0035896 secs]
392,172: [GC (Allocation Failure)  107484K->76044K(140800K), 0,0012902 secs]
392,199: [GC (Allocation Failure)  101644K->80796K(140288K), 0,0040403 secs]
392,237: [GC (Allocation Failure)  106396K->74956K(140800K), 0,0033906 secs]
392,265: [GC (Allocation Failure)  100556K->79780K(141312K), 0,0050479 secs]
392,304: [GC (Allocation Failure)  106404K->74932K(141312K), 0,0016275 secs]
392,329: [GC (Allocation Failure)  101556K->80748K(141312K), 0,0050172 secs]
392,367: [GC (Allocation Failure)  107372K->75964K(141312K), 0,0028968 secs]
392,391: [GC (Allocation Failure)  102588K->81804K(139776K), 0,0015445 secs]
392,425: [GC (Allocation Failure)  107404K->75964K(140800K), 0,0016625 secs]
392,447: [GC (Allocation Failure)  101564K->80748K(141312K), 0,0027292 secs]
392,482: [GC (Allocation Failure)  107372K->75964K(141312K), 0,0008521 secs]
392,505: [GC (Allocation Failure)  102588K->81748K(140288K), 0,0015024 secs]
392,538: [GC (Allocation Failure)  107348K->75908K(140800K), 0,0008422 secs]
392,562: [GC (Allocation Failure)  101508K->80692K(141312K), 0,0045995 secs]
392,604: [GC (Allocation Failure)  107316K->75876K(141312K), 0,0056752 secs]
392,638: [GC (Allocation Failure)  102500K->81716K(140288K), 0,0044497 secs]
392,676: [GC (Allocation Failure)  107316K->75844K(140800K), 0,0012722 secs]
392,700: [GC (Allocation Failure)  101444K->80636K(141312K), 0,0036319 secs]
392,737: [GC (Allocation Failure)  107260K->75788K(141312K), 0,0032501 secs]
392,767: [GC (Allocation Failure)  102412K->81628K(140288K), 0,0054147 secs]
392,810: [GC (Allocation Failure)  107228K->75788K(140800K), 0,0030201 secs]
392,841: [GC (Allocation Failure)  101388K->80604K(141312K), 0,0044824 secs]
392,883: [GC (Allocation Failure)  107228K->75788K(141312K), 0,0030939 secs]
392,915: [GC (Allocation Failure)  102412K->81596K(141312K), 0,0074172 secs]
392,955: [GC (Allocation Failure)  108220K->76748K(141312K), 0,0020629 secs]
392,983: [GC (Allocation Failure)  103372K->82628K(140288K), 0,0029133 secs]
393,019: [GC (Allocation Failure)  108228K->76820K(140800K), 0,0014094 secs]
393,044: [GC (Allocation Failure)  102420K->81572K(140288K), 0,0022356 secs]
393,082: [GC (Allocation Failure)  107172K->75700K(140800K), 0,0035529 secs]
393,114: [GC (Allocation Failure)  101300K->80516K(141312K), 0,0045125 secs]
393,151: [GC (Allocation Failure)  106628K->75156K(140800K), 0,0076665 secs]
393,180: [GC (Allocation Failure)  101268K->80452K(141312K), 0,0023928 secs]
393,215: [GC (Allocation Failure)  107076K->75636K(141312K), 0,0047340 secs]
393,241: [GC (Allocation Failure)  102260K->81444K(141312K), 0,0025188 secs]
393,276: [GC (Allocation Failure)  108068K->76660K(141312K), 0,0008382 secs]
393,303: [GC (Allocation Failure)  103284K->82500K(139776K), 0,0089724 secs]
393,349: [GC (Allocation Failure)  108100K->76660K(140800K), 0,0034813 secs]
393,381: [GC (Allocation Failure)  102260K->81412K(141312K), 0,0050285 secs]
393,420: [GC (Allocation Failure)  108036K->76628K(141312K), 0,0018597 secs]
393,447: [GC (Allocation Failure)  103252K->82468K(140288K), 0,0031605 secs]
393,483: [GC (Allocation Failure)  108068K->76596K(140800K), 0,0047353 secs]
393,511: [GC (Allocation Failure)  102196K->81380K(140288K), 0,0016538 secs]
393,546: [GC (Allocation Failure)  106980K->75548K(140800K), 0,0017445 secs]
393,569: [GC (Allocation Failure)  101148K->80340K(141312K), 0,0014312 secs]
393,603: [GC (Allocation Failure)  106964K->75524K(141312K), 0,0008189 secs]
393,626: [GC (Allocation Failure)  102148K->81364K(141312K), 0,0015485 secs]
393,660: [GC (Allocation Failure)  107988K->76580K(141312K), 0,0011233 secs]
393,683: [GC (Allocation Failure)  103204K->82364K(139776K), 0,0016536 secs]
393,717: [GC (Allocation Failure)  107964K->76572K(140800K), 0,0009432 secs]
393,740: [GC (Allocation Failure)  102172K->81324K(141312K), 0,0024592 secs]
393,775: [GC (Allocation Failure)  107948K->76548K(141312K), 0,0018979 secs]
393,799: [GC (Allocation Failure)  103172K->82356K(140288K), 0,0025672 secs]
393,834: [GC (Allocation Failure)  107956K->76516K(140800K), 0,0018888 secs]
393,857: [GC (Allocation Failure)  102116K->81268K(141312K), 0,0038017 secs]
393,894: [GC (Allocation Failure)  107892K->76524K(141312K), 0,0009243 secs]
393,917: [GC (Allocation Failure)  103148K->82268K(141312K), 0,0028494 secs]
393,953: [GC (Allocation Failure)  108892K->77516K(141312K), 0,0010382 secs]
393,976: [GC (Allocation Failure)  104140K->83292K(140288K), 0,0045833 secs]
394,013: [GC (Allocation Failure)  108892K->77452K(140800K), 0,0020974 secs]
394,037: [GC (Allocation Failure)  103052K->82268K(140288K), 0,0016330 secs]
394,071: [GC (Allocation Failure)  107868K->76428K(140800K), 0,0008989 secs]
394,094: [GC (Allocation Failure)  102028K->81180K(141312K), 0,0055881 secs]
394,132: [GC (Allocation Failure)  107292K->75892K(140800K), 0,0012157 secs]
394,155: [GC (Allocation Failure)  102004K->81188K(141312K), 0,0044106 secs]
394,192: [GC (Allocation Failure)  107812K->76380K(141312K), 0,0039126 secs]
394,218: [GC (Allocation Failure)  103004K->82196K(141312K), 0,0015772 secs]
394,252: [GC (Allocation Failure)  108820K->77412K(141312K), 0,0019789 secs]
394,278: [GC (Allocation Failure)  104036K->83188K(140288K), 0,0074697 secs]
394,319: [GC (Allocation Failure)  108788K->77380K(140800K), 0,0055224 secs]
394,349: [GC (Allocation Failure)  102980K->82164K(140288K), 0,0038286 secs]
394,385: [GC (Allocation Failure)  107764K->76324K(140800K), 0,0043659 secs]
394,411: [GC (Allocation Failure)  101924K->81108K(141312K), 0,0041444 secs]
394,448: [GC (Allocation Failure)  107732K->76292K(141312K), 0,0012706 secs]
394,471: [GC (Allocation Failure)  102916K->82068K(141312K), 0,0064907 secs]
394,510: [GC (Allocation Failure)  108692K->77284K(141312K), 0,0020142 secs]
394,533: [GC (Allocation Failure)  103908K->83132K(140288K), 0,0016788 secs]
394,570: [GC (Allocation Failure)  108732K->77268K(140800K), 0,0036878 secs]
394,600: [GC (Allocation Failure)  102868K->82020K(141312K), 0,0042356 secs]
394,637: [GC (Allocation Failure)  108644K->77244K(141312K), 0,0071128 secs]
394,666: [GC (Allocation Failure)  103868K->83084K(140288K), 0,0026812 secs]
394,700: [GC (Allocation Failure)  108684K->77276K(140800K), 0,0009554 secs]
394,723: [GC (Allocation Failure)  102876K->82060K(140288K), 0,0015162 secs]
394,757: [GC (Allocation Failure)  107660K->76188K(140800K), 0,0020432 secs]
394,781: [GC (Allocation Failure)  101788K->80748K(141312K), 0,0024965 secs]
394,816: [GC (Allocation Failure)  107372K->75964K(141312K), 0,0072453 secs]
394,844: [GC (Allocation Failure)  102588K->81772K(140800K), 0,0022753 secs]
394,878: [GC (Allocation Failure)  108396K->76956K(141312K), 0,0023662 secs]
394,902: [GC (Allocation Failure)  103580K->82764K(140800K), 0,0015232 secs]
394,935: [GC (Allocation Failure)  109388K->77948K(141312K), 0,0008923 secs]
394,962: [GC (Allocation Failure)  104572K->83756K(139776K), 0,0049785 secs]
395,005: [GC (Allocation Failure)  109356K->77916K(140800K), 0,0033883 secs]
395,036: [GC (Allocation Failure)  103516K->82668K(140288K), 0,0076719 secs]
395,081: [GC (Allocation Failure)  108268K->76860K(140800K), 0,0029442 secs]
395,113: [GC (Allocation Failure)  102460K->81644K(141312K), 0,0044986 secs]
395,155: [GC (Allocation Failure)  108268K->76892K(141312K), 0,0030385 secs]
395,183: [GC (Allocation Failure)  103516K->82636K(141312K), 0,0021145 secs]
395,217: [GC (Allocation Failure)  109260K->77852K(141312K), 0,0047425 secs]
395,245: [GC (Allocation Failure)  104476K->83660K(140288K), 0,0021645 secs]
395,279: [GC (Allocation Failure)  109260K->77820K(140800K), 0,0063724 secs]
395,307: [GC (Allocation Failure)  103420K->82604K(140288K), 0,0059675 secs]
395,345: [GC (Allocation Failure)  108204K->76732K(140800K), 0,0044105 secs]
395,370: [GC (Allocation Failure)  102332K->81524K(141312K), 0,0030197 secs]
395,406: [GC (Allocation Failure)  108148K->76740K(141312K), 0,0015551 secs]
395,429: [GC (Allocation Failure)  103364K->82580K(141312K), 0,0015450 secs]
395,463: [GC (Allocation Failure)  109204K->77732K(141312K), 0,0017498 secs]
395,486: [GC (Allocation Failure)  104356K->83580K(139776K), 0,0026344 secs]
395,521: [GC (Allocation Failure)  109180K->77740K(140800K), 0,0007741 secs]
395,544: [GC (Allocation Failure)  103340K->82524K(141312K), 0,0069614 secs]
395,582: [GC (Allocation Failure)  109148K->77708K(141312K), 0,0045496 secs]
395,608: [GC (Allocation Failure)  104332K->83516K(140288K), 0,0023909 secs]
395,642: [GC (Allocation Failure)  109116K->77676K(140800K), 0,0017156 secs]
395,664: [GC (Allocation Failure)  103276K->82492K(141312K), 0,0014695 secs]
395,698: [GC (Allocation Failure)  109116K->77676K(141312K), 0,0009069 secs]
395,720: [GC (Allocation Failure)  104300K->83516K(140288K), 0,0015472 secs]
395,754: [GC (Allocation Failure)  109116K->77676K(140800K), 0,0009073 secs]
395,777: [GC (Allocation Failure)  103276K->82428K(141312K), 0,0014668 secs]
395,811: [GC (Allocation Failure)  109052K->77612K(141312K), 0,0009769 secs]
395,834: [GC (Allocation Failure)  104236K->83420K(140288K), 0,0016187 secs]
395,868: [GC (Allocation Failure)  109020K->77580K(140800K), 0,0029000 secs]
395,893: [GC (Allocation Failure)  103180K->82396K(141312K), 0,0014186 secs]
395,927: [GC (Allocation Failure)  109020K->77580K(141312K), 0,0014787 secs]
395,951: [GC (Allocation Failure)  104204K->83428K(140288K), 0,0047572 secs]
395,993: [GC (Allocation Failure)  109028K->77596K(140800K), 0,0031062 secs]
396,025: [GC (Allocation Failure)  103196K->82316K(141312K), 0,0082021 secs]
396,066: [GC (Allocation Failure)  108940K->77572K(141312K), 0,0013016 secs]
396,091: [GC (Allocation Failure)  104196K->83348K(141312K), 0,0020556 secs]
396,125: [GC (Allocation Failure)  109972K->78564K(141312K), 0,0014430 secs]
396,150: [GC (Allocation Failure)  105188K->84372K(140288K), 0,0038434 secs]
396,186: [GC (Allocation Failure)  109972K->78564K(140800K), 0,0059028 secs]
396,215: [GC (Allocation Failure)  104164K->83316K(140288K), 0,0020176 secs]
396,249: [GC (Allocation Failure)  108916K->77476K(140800K), 0,0047892 secs]
396,276: [GC (Allocation Failure)  103076K->82260K(141312K), 0,0035662 secs]
396,313: [GC (Allocation Failure)  108884K->77484K(141312K), 0,0028269 secs]
396,339: [GC (Allocation Failure)  104108K->83292K(141312K), 0,0021324 secs]
396,373: [GC (Allocation Failure)  109916K->78444K(141312K), 0,0045496 secs]
396,404: [GC (Allocation Failure)  105068K->84284K(140288K), 0,0066234 secs]
396,444: [GC (Allocation Failure)  109884K->78444K(140800K), 0,0045227 secs]
396,474: [GC (Allocation Failure)  104044K->83236K(140288K), 0,0039876 secs]
396,512: [GC (Allocation Failure)  108836K->77412K(140800K), 0,0018698 secs]
396,539: [GC (Allocation Failure)  103012K->82164K(141312K), 0,0039598 secs]
396,580: [GC (Allocation Failure)  108788K->77380K(141312K), 0,0068654 secs]
396,612: [GC (Allocation Failure)  104004K->83196K(141312K), 0,0037788 secs]
396,648: [GC (Allocation Failure)  109820K->78412K(141312K), 0,0009817 secs]
396,671: [GC (Allocation Failure)  105036K->84252K(140288K), 0,0016463 secs]
396,709: [GC (Allocation Failure)  109852K->78348K(140800K), 0,0046228 secs]
396,738: [GC (Allocation Failure)  103948K->83132K(141312K), 0,0053725 secs]
396,777: [GC (Allocation Failure)  109756K->78348K(141312K), 0,0022290 secs]
396,801: [GC (Allocation Failure)  104972K->84188K(140288K), 0,0017794 secs]
396,836: [GC (Allocation Failure)  109788K->78348K(140800K), 0,0011134 secs]
396,859: [GC (Allocation Failure)  103948K->83132K(141312K), 0,0017304 secs]
396,894: [GC (Allocation Failure)  109756K->78316K(141312K), 0,0023816 secs]
396,918: [GC (Allocation Failure)  104940K->84124K(140288K), 0,0018086 secs]
396,953: [GC (Allocation Failure)  109724K->78284K(140800K), 0,0013216 secs]
396,976: [GC (Allocation Failure)  103884K->83076K(141312K), 0,0016599 secs]
397,011: [GC (Allocation Failure)  109700K->78260K(141312K), 0,0022785 secs]
397,035: [GC (Allocation Failure)  104884K->84068K(140288K), 0,0027705 secs]
397,073: [GC (Allocation Failure)  109668K->78228K(140800K), 0,0029647 secs]
397,104: [GC (Allocation Failure)  103828K->83052K(141312K), 0,0045405 secs]
397,146: [GC (Allocation Failure)  109676K->78236K(141312K), 0,0030518 secs]
397,177: [GC (Allocation Failure)  104860K->84044K(140288K), 0,0076606 secs]
397,222: [GC (Allocation Failure)  109644K->78204K(140800K), 0,0033136 secs]
397,251: [GC (Allocation Failure)  103804K->82988K(141312K), 0,0026820 secs]
397,289: [GC (Allocation Failure)  109612K->78172K(141312K), 0,0040892 secs]
397,317: [GC (Allocation Failure)  104796K->83980K(141312K), 0,0051918 secs]
397,356: [GC (Allocation Failure)  110604K->79196K(141312K), 0,0044332 secs]
397,384: [GC (Allocation Failure)  105820K->85004K(140288K), 0,0022612 secs]
397,419: [GC (Allocation Failure)  110604K->79164K(140800K), 0,0062749 secs]
397,449: [GC (Allocation Failure)  104764K->83948K(140288K), 0,0036526 secs]
397,485: [GC (Allocation Failure)  109548K->78108K(140800K), 0,0012133 secs]
397,508: [GC (Allocation Failure)  103708K->82860K(141312K), 0,0045235 secs]
397,546: [GC (Allocation Failure)  109484K->78076K(141312K), 0,0012828 secs]
397,569: [GC (Allocation Failure)  104700K->83884K(141312K), 0,0026336 secs]
397,604: [GC (Allocation Failure)  110508K->79100K(141312K), 0,0008711 secs]
397,627: [GC (Allocation Failure)  105724K->84940K(140288K), 0,0016451 secs]
397,660: [GC (Allocation Failure)  110540K->79100K(140800K), 0,0009122 secs]
397,683: [GC (Allocation Failure)  104700K->83852K(140288K), 0,0028159 secs]
397,722: [GC (Allocation Failure)  109452K->78012K(140800K), 0,0090594 secs]
397,754: [GC (Allocation Failure)  103612K->82796K(141312K), 0,0019230 secs]
397,789: [GC (Allocation Failure)  109420K->77980K(141312K), 0,0012653 secs]
397,812: [GC (Allocation Failure)  104604K->83788K(141312K), 0,0051267 secs]
397,850: [GC (Allocation Failure)  110412K->79004K(141312K), 0,0012893 secs]
397,874: [GC (Allocation Failure)  105628K->84820K(139776K), 0,0038030 secs]
397,910: [GC (Allocation Failure)  110420K->78948K(140800K), 0,0033984 secs]
397,936: [GC (Allocation Failure)  104548K->83732K(141312K), 0,0039215 secs]
397,973: [GC (Allocation Failure)  110356K->78956K(141312K), 0,0046358 secs]
398,001: [GC (Allocation Failure)  105580K->84764K(140288K), 0,0022206 secs]
398,035: [GC (Allocation Failure)  110364K->78956K(140800K), 0,0013410 secs]
398,061: [GC (Allocation Failure)  104556K->83676K(141312K), 0,0080692 secs]
398,102: [GC (Allocation Failure)  110300K->78892K(141312K), 0,0009170 secs]
398,129: [GC (Allocation Failure)  105516K->84732K(140288K), 0,0040360 secs]
398,166: [GC (Allocation Failure)  110332K->78860K(140800K), 0,0019258 secs]
398,192: [GC (Allocation Failure)  104460K->83644K(141312K), 0,0026288 secs]
398,229: [GC (Allocation Failure)  110268K->78828K(141312K), 0,0047165 secs]
398,257: [GC (Allocation Failure)  105452K->84644K(140288K), 0,0040387 secs]
398,294: [GC (Allocation Failure)  110244K->78804K(140800K), 0,0032481 secs]
398,319: [GC (Allocation Failure)  104404K->83588K(141312K), 0,0039477 secs]
398,356: [GC (Allocation Failure)  110212K->78804K(141312K), 0,0025959 secs]
398,380: [GC (Allocation Failure)  105428K->84644K(141312K), 0,0060003 secs]
398,419: [GC (Allocation Failure)  111268K->79828K(141312K), 0,0049801 secs]
398,446: [GC (Allocation Failure)  106452K->85604K(140288K), 0,0024650 secs]
398,481: [GC (Allocation Failure)  111204K->79764K(140800K), 0,0018028 secs]
398,504: [GC (Allocation Failure)  105364K->84580K(140288K), 0,0025764 secs]
398,537: [GC (Allocation Failure)  110180K->78740K(140800K), 0,0007877 secs]
398,559: [GC (Allocation Failure)  104340K->83492K(141312K), 0,0015898 secs]
398,593: [GC (Allocation Failure)  109604K->78164K(140800K), 0,0042220 secs]
398,619: [GC (Allocation Failure)  104276K->83460K(141312K), 0,0017679 secs]
398,654: [GC (Allocation Failure)  110084K->78676K(141312K), 0,0008288 secs]
398,677: [GC (Allocation Failure)  105300K->84484K(140800K), 0,0035923 secs]
398,713: [GC (Allocation Failure)  111108K->79668K(141312K), 0,0009336 secs]
398,736: [GC (Allocation Failure)  106292K->85508K(139776K), 0,0056785 secs]
398,774: [GC (Allocation Failure)  111108K->79476K(140800K), 0,0039298 secs]
398,803: [GC (Allocation Failure)  105076K->84260K(141312K), 0,0038194 secs]
398,838: [GC (Allocation Failure)  110884K->79444K(141312K), 0,0015206 secs]
398,860: [GC (Allocation Failure)  106068K->85252K(140288K), 0,0015257 secs]
398,894: [GC (Allocation Failure)  110852K->79388K(140800K), 0,0014550 secs]
398,917: [GC (Allocation Failure)  104988K->84140K(141312K), 0,0021274 secs]
398,951: [GC (Allocation Failure)  110764K->79356K(141312K), 0,0007977 secs]
398,972: [GC (Allocation Failure)  105980K->85164K(140288K), 0,0044274 secs]
399,009: [GC (Allocation Failure)  110764K->79356K(140800K), 0,0008162 secs]
399,031: [GC (Allocation Failure)  104956K->84108K(141312K), 0,0017374 secs]
399,066: [GC (Allocation Failure)  110732K->79292K(141312K), 0,0044415 secs]
399,099: [GC (Allocation Failure)  105916K->85132K(140288K), 0,0043693 secs]
399,137: [GC (Allocation Failure)  110732K->79292K(140800K), 0,0013105 secs]
399,161: [GC (Allocation Failure)  104892K->84044K(141312K), 0,0063520 secs]
399,200: [GC (Allocation Failure)  110668K->79228K(141312K), 0,0032302 secs]
399,225: [GC (Allocation Failure)  105852K->85076K(141312K), 0,0019324 secs]
399,260: [GC (Allocation Failure)  111700K->80292K(141312K), 0,0024746 secs]
399,285: [GC (Allocation Failure)  106916K->86100K(140288K), 0,0019340 secs]
399,319: [GC (Allocation Failure)  111700K->80260K(140800K), 0,0010971 secs]
399,342: [GC (Allocation Failure)  105860K->85044K(140288K), 0,0044544 secs]
399,379: [GC (Allocation Failure)  110644K->79204K(140800K), 0,0022056 secs]
399,404: [GC (Allocation Failure)  104804K->83956K(141312K), 0,0015733 secs]
399,439: [GC (Allocation Failure)  110068K->78628K(140800K), 0,0046831 secs]
399,466: [GC (Allocation Failure)  104740K->83924K(141312K), 0,0045728 secs]
399,504: [GC (Allocation Failure)  110548K->79140K(141312K), 0,0009452 secs]
399,527: [GC (Allocation Failure)  105764K->84948K(141312K), 0,0018345 secs]
399,562: [GC (Allocation Failure)  111572K->80132K(141312K), 0,0033065 secs]
399,594: [GC (Allocation Failure)  106756K->85980K(139776K), 0,0064113 secs]
399,633: [GC (Allocation Failure)  111580K->80148K(140800K), 0,0023227 secs]
399,657: [GC (Allocation Failure)  105748K->84940K(141312K), 0,0017822 secs]
399,692: [GC (Allocation Failure)  111564K->80124K(141312K), 0,0011989 secs]
399,715: [GC (Allocation Failure)  106748K->85932K(140288K), 0,0032264 secs]
399,751: [GC (Allocation Failure)  111532K->80092K(140800K), 0,0023495 secs]
399,775: [GC (Allocation Failure)  105692K->84844K(140288K), 0,0017458 secs]
399,810: [GC (Allocation Failure)  110444K->79036K(140800K), 0,0021522 secs]
399,837: [GC (Allocation Failure)  104636K->83852K(141312K), 0,0068033 secs]
399,877: [GC (Allocation Failure)  110476K->79004K(141312K), 0,0013226 secs]
399,901: [GC (Allocation Failure)  105628K->84844K(141312K), 0,0019713 secs]
399,936: [GC (Allocation Failure)  111468K->80028K(141312K), 0,0014024 secs]
399,961: [GC (Allocation Failure)  106652K->85844K(139776K), 0,0025085 secs]
399,996: [GC (Allocation Failure)  111444K->80036K(140800K), 0,0014311 secs]
400,020: [GC (Allocation Failure)  105636K->84788K(141312K), 0,0019946 secs]
400,055: [GC (Allocation Failure)  111412K->80012K(141312K), 0,0012990 secs]
400,080: [GC (Allocation Failure)  106636K->85788K(140288K), 0,0026050 secs]
400,119: [GC (Allocation Failure)  111388K->79948K(140800K), 0,0051273 secs]
400,147: [GC (Allocation Failure)  105548K->84764K(141312K), 0,0017098 secs]
400,182: [GC (Allocation Failure)  111388K->79916K(141312K), 0,0033116 secs]
400,207: [GC (Allocation Failure)  106540K->85788K(140288K), 0,0017462 secs]
400,242: [GC (Allocation Failure)  111388K->79948K(140800K), 0,0011937 secs]
400,265: [GC (Allocation Failure)  105548K->84676K(141312K), 0,0018434 secs]
400,300: [GC (Allocation Failure)  111300K->79956K(141312K), 0,0013143 secs]
400,323: [GC (Allocation Failure)  106580K->85764K(141312K), 0,0034517 secs]
400,360: [GC (Allocation Failure)  112388K->80916K(141312K), 0,0019222 secs]
400,385: [GC (Allocation Failure)  107540K->86724K(140288K), 0,0036632 secs]
400,421: [GC (Allocation Failure)  112324K->80892K(140800K), 0,0034508 secs]
400,452: [GC (Allocation Failure)  106492K->85684K(140288K), 0,0049622 secs]
400,494: [GC (Allocation Failure)  111284K->79812K(140800K), 0,0033341 secs]
400,522: [GC (Allocation Failure)  105412K->84628K(141312K), 0,0025209 secs]
400,558: [GC (Allocation Failure)  110740K->79300K(140800K), 0,0018605 secs]
400,584: [GC (Allocation Failure)  105412K->84596K(141312K), 0,0063758 secs]
400,623: [GC (Allocation Failure)  111220K->79780K(141312K), 0,0028732 secs]
400,648: [GC (Allocation Failure)  106404K->85588K(141312K), 0,0018377 secs]
400,683: [GC (Allocation Failure)  112212K->80812K(141312K), 0,0021328 secs]
400,707: [GC (Allocation Failure)  107436K->86652K(139776K), 0,0019327 secs]
400,742: [GC (Allocation Failure)  112252K->80812K(140800K), 0,0035115 secs]
400,768: [GC (Allocation Failure)  106412K->85572K(140288K), 0,0031159 secs]
400,804: [GC (Allocation Failure)  111172K->79700K(140800K), 0,0010306 secs]
400,827: [GC (Allocation Failure)  105300K->84516K(141312K), 0,0071833 secs]
400,867: [GC (Allocation Failure)  111140K->79700K(141312K), 0,0008822 secs]
400,890: [GC (Allocation Failure)  106324K->85540K(141312K), 0,0027797 secs]
400,926: [GC (Allocation Failure)  112164K->80724K(141312K), 0,0020861 secs]
400,950: [GC (Allocation Failure)  107348K->86540K(139776K), 0,0051893 secs]
400,988: [GC (Allocation Failure)  112140K->80732K(140800K), 0,0039486 secs]
401,014: [GC (Allocation Failure)  106332K->85484K(141312K), 0,0030626 secs]
401,050: [GC (Allocation Failure)  112108K->80668K(141312K), 0,0022576 secs]
401,074: [GC (Allocation Failure)  107292K->86508K(140288K), 0,0077556 secs]
401,117: [GC (Allocation Failure)  112108K->80636K(140800K), 0,0032861 secs]
401,143: [GC (Allocation Failure)  106236K->85420K(141312K), 0,0016206 secs]
401,177: [GC (Allocation Failure)  112044K->80604K(141312K), 0,0058701 secs]
401,204: [GC (Allocation Failure)  107228K->86412K(140288K), 0,0025108 secs]
401,237: [GC (Allocation Failure)  112012K->80604K(140800K), 0,0033399 secs]
401,262: [GC (Allocation Failure)  106204K->85428K(141312K), 0,0014714 secs]
401,296: [GC (Allocation Failure)  112052K->80580K(141312K), 0,0054778 secs]
401,323: [GC (Allocation Failure)  107204K->86420K(140288K), 0,0025763 secs]
401,358: [GC (Allocation Failure)  112020K->80548K(140800K), 0,0031444 secs]
401,383: [GC (Allocation Failure)  106148K->85332K(141312K), 0,0049837 secs]
401,421: [GC (Allocation Failure)  111956K->80548K(141312K), 0,0008988 secs]
401,444: [GC (Allocation Failure)  107172K->86388K(140288K), 0,0016333 secs]
401,478: [GC (Allocation Failure)  111988K->80516K(140800K), 0,0048517 secs]
401,505: [GC (Allocation Failure)  106116K->85300K(141312K), 0,0023218 secs]
401,538: [GC (Allocation Failure)  111924K->80484K(141312K), 0,0033418 secs]
401,567: [GC (Allocation Failure)  107108K->86292K(141312K), 0,0049376 secs]
401,610: [GC (Allocation Failure)  112916K->81508K(141312K), 0,0072693 secs]
401,642: [GC (Allocation Failure)  108132K->87316K(140288K), 0,0029303 secs]
401,680: [GC (Allocation Failure)  112916K->81476K(140800K), 0,0020142 secs]
401,707: [GC (Allocation Failure)  107076K->86268K(140288K), 0,0028409 secs]
401,743: [GC (Allocation Failure)  111868K->80396K(140800K), 0,0016965 secs]
401,769: [GC (Allocation Failure)  105996K->85212K(141312K), 0,0026180 secs]
401,805: [GC (Allocation Failure)  111836K->80396K(141312K), 0,0046850 secs]
401,833: [GC (Allocation Failure)  107020K->86204K(141312K), 0,0036869 secs]
401,869: [GC (Allocation Failure)  112828K->81388K(141312K), 0,0048222 secs]
401,899: [GC (Allocation Failure)  108012K->87228K(140288K), 0,0046440 secs]
401,936: [GC (Allocation Failure)  112828K->81388K(140800K), 0,0014060 secs]
401,960: [GC (Allocation Failure)  106988K->86180K(140288K), 0,0040855 secs]
401,997: [GC (Allocation Failure)  111780K->80308K(140800K), 0,0070269 secs]
402,026: [GC (Allocation Failure)  105908K->85092K(141312K), 0,0028637 secs]
402,062: [GC (Allocation Failure)  111716K->80308K(141312K), 0,0053119 secs]
402,092: [GC (Allocation Failure)  106932K->86148K(141312K), 0,0027547 secs]
402,128: [GC (Allocation Failure)  112772K->81332K(141312K), 0,0010502 secs]
402,151: [GC (Allocation Failure)  107956K->87140K(139776K), 0,0074246 secs]
402,191: [GC (Allocation Failure)  112740K->81300K(140800K), 0,0020873 secs]
402,215: [GC (Allocation Failure)  106900K->86052K(141312K), 0,0018729 secs]
402,250: [GC (Allocation Failure)  112676K->81236K(141312K), 0,0018306 secs]
402,274: [GC (Allocation Failure)  107860K->87084K(140288K), 0,0016237 secs]
402,309: [GC (Allocation Failure)  112684K->81244K(140800K), 0,0021919 secs]
402,333: [GC (Allocation Failure)  106844K->86028K(141312K), 0,0017588 secs]
402,368: [GC (Allocation Failure)  112652K->81252K(141312K), 0,0010391 secs]
402,391: [GC (Allocation Failure)  107876K->87060K(140288K), 0,0030637 secs]
402,427: [GC (Allocation Failure)  112660K->81252K(140800K), 0,0010414 secs]
402,450: [GC (Allocation Failure)  106852K->86012K(141312K), 0,0016510 secs]
402,485: [GC (Allocation Failure)  112636K->81196K(141312K), 0,0020671 secs]
402,509: [GC (Allocation Failure)  107820K->87004K(140288K), 0,0031757 secs]
402,545: [GC (Allocation Failure)  112604K->81164K(140800K), 0,0014119 secs]
402,568: [GC (Allocation Failure)  106764K->85948K(141312K), 0,0028736 secs]
402,604: [GC (Allocation Failure)  112572K->81132K(141312K), 0,0010766 secs]
402,627: [GC (Allocation Failure)  107756K->86972K(141312K), 0,0016829 secs]
402,662: [GC (Allocation Failure)  113596K->82156K(141312K), 0,0036969 secs]
402,688: [GC (Allocation Failure)  108780K->87996K(140288K), 0,0030379 secs]
402,724: [GC (Allocation Failure)  113596K->82124K(140800K), 0,0011847 secs]
402,747: [GC (Allocation Failure)  107724K->86908K(140288K), 0,0018157 secs]
402,782: [GC (Allocation Failure)  112508K->80844K(140800K), 0,0066468 secs]
402,809: [GC (Allocation Failure)  106444K->85660K(141312K), 0,0041007 secs]
402,844: [GC (Allocation Failure)  111772K->80300K(140800K), 0,0029520 secs]
402,868: [GC (Allocation Failure)  106411K->85628K(141312K), 0,0013181 secs]
402,900: [GC (Allocation Failure)  112252K->80780K(141312K), 0,0007762 secs]
402,922: [GC (Allocation Failure)  107404K->86620K(140800K), 0,0013710 secs]
402,956: [GC (Allocation Failure)  113244K->81772K(141312K), 0,0007914 secs]
402,978: [GC (Allocation Failure)  108396K->87644K(139776K), 0,0049353 secs]
403,015: [GC (Allocation Failure)  113244K->81780K(140800K), 0,0023560 secs]
403,039: [GC (Allocation Failure)  107380K->86564K(141312K), 0,0021620 secs]
403,074: [GC (Allocation Failure)  113188K->81812K(141312K), 0,0007778 secs]
403,096: [GC (Allocation Failure)  108436K->87556K(140288K), 0,0027722 secs]
403,131: [GC (Allocation Failure)  113156K->81780K(140800K), 0,0008502 secs]
403,154: [GC (Allocation Failure)  107380K->86564K(141312K), 0,0014121 secs]
403,188: [GC (Allocation Failure)  113188K->81724K(141312K), 0,0016479 secs]
403,211: [GC (Allocation Failure)  108348K->87532K(140288K), 0,0016790 secs]
403,245: [GC (Allocation Failure)  113132K->81692K(140800K), 0,0015802 secs]
403,268: [GC (Allocation Failure)  107292K->86516K(141312K), 0,0014569 secs]
403,302: [GC (Allocation Failure)  113140K->81700K(141312K), 0,0020087 secs]
403,326: [GC (Allocation Failure)  108324K->87508K(140288K), 0,0024414 secs]
403,365: [GC (Allocation Failure)  113108K->81636K(140800K), 0,0031279 secs]
403,394: [GC (Allocation Failure)  107236K->86452K(141312K), 0,0038289 secs]
403,431: [GC (Allocation Failure)  113076K->81636K(141312K), 0,0012947 secs]
403,455: [GC (Allocation Failure)  108260K->87444K(141312K), 0,0026609 secs]
403,490: [GC (Allocation Failure)  114068K->82692K(141312K), 0,0014128 secs]
403,515: [GC (Allocation Failure)  109316K->88468K(140288K), 0,0038959 secs]
403,551: [GC (Allocation Failure)  114068K->82628K(140800K), 0,0014683 secs]
403,576: [GC (Allocation Failure)  108228K->87412K(140288K), 0,0021516 secs]
403,614: [GC (Allocation Failure)  113012K->81572K(140800K), 0,0031186 secs]
403,645: [GC (Allocation Failure)  107172K->86324K(141312K), 0,0054218 secs]
403,688: [GC (Allocation Failure)  112436K->81004K(140800K), 0,0016126 secs]
403,714: [GC (Allocation Failure)  107116K->86332K(141312K), 0,0066403 secs]
403,754: [GC (Allocation Failure)  112956K->81516K(141312K), 0,0040619 secs]
403,782: [GC (Allocation Failure)  108140K->87396K(141312K), 0,0028056 secs]
403,823: [GC (Allocation Failure)  114020K->82580K(141312K), 0,0034319 secs]
403,854: [GC (Allocation Failure)  109204K->88356K(139776K), 0,0041374 secs]
403,893: [GC (Allocation Failure)  113956K->82516K(140800K), 0,0018902 secs]
403,920: [GC (Allocation Failure)  108116K->87300K(140288K), 0,0042191 secs]
403,957: [GC (Allocation Failure)  112900K->81468K(140800K), 0,0012362 secs]
403,980: [GC (Allocation Failure)  107068K->86252K(141312K), 0,0034910 secs]
404,017: [GC (Allocation Failure)  112876K->81436K(141312K), 0,0070218 secs]
404,046: [GC (Allocation Failure)  108060K->87244K(141312K), 0,0041130 secs]
404,082: [GC (Allocation Failure)  113868K->82460K(141312K), 0,0017667 secs]
404,105: [GC (Allocation Failure)  109084K->88308K(139776K), 0,0014960 secs]
404,138: [GC (Allocation Failure)  113908K->82436K(140800K), 0,0008060 secs]
404,160: [GC (Allocation Failure)  108036K->87188K(141312K), 0,0040733 secs]
404,197: [GC (Allocation Failure)  113812K->82404K(141312K), 0,0008386 secs]
404,219: [GC (Allocation Failure)  109028K->88244K(140288K), 0,0023040 secs]
404,254: [GC (Allocation Failure)  113844K->82380K(140800K), 0,0008616 secs]
404,277: [GC (Allocation Failure)  107980K->87196K(141312K), 0,0014514 secs]
404,310: [GC (Allocation Failure)  113820K->82412K(141312K), 0,0030409 secs]
404,335: [GC (Allocation Failure)  109036K->88196K(140288K), 0,0015735 secs]
404,368: [GC (Allocation Failure)  113796K->82324K(140800K), 0,0044266 secs]
404,394: [GC (Allocation Failure)  107924K->87148K(141312K), 0,0015463 secs]
404,432: [GC (Allocation Failure)  113772K->82340K(141312K), 0,0059166 secs]
404,463: [GC (Allocation Failure)  108964K->88180K(140288K), 0,0024319 secs]
404,498: [GC (Allocation Failure)  113780K->82316K(140800K), 0,0066877 secs]
404,527: [GC (Allocation Failure)  107916K->87100K(141312K), 0,0042833 secs]
404,566: [GC (Allocation Failure)  113724K->82284K(141312K), 0,0069038 secs]
404,596: [GC (Allocation Failure)  108908K->88132K(140288K), 0,0030300 secs]
404,632: [GC (Allocation Failure)  113732K->82292K(140800K), 0,0057149 secs]
404,660: [GC (Allocation Failure)  107892K->87076K(141312K), 0,0050697 secs]
404,698: [GC (Allocation Failure)  113700K->82292K(141312K), 0,0011137 secs]
404,721: [GC (Allocation Failure)  108916K->88100K(141312K), 0,0018386 secs]
404,756: [GC (Allocation Failure)  114724K->83316K(141312K), 0,0013361 secs]
404,779: [GC (Allocation Failure)  109940K->89068K(140288K), 0,0019669 secs]
404,814: [GC (Allocation Failure)  114668K->83260K(140800K), 0,0010788 secs]
404,841: [GC (Allocation Failure)  108860K->88012K(140288K), 0,0047758 secs]
404,883: [GC (Allocation Failure)  113612K->82204K(140800K), 0,0030062 secs]
404,914: [GC (Allocation Failure)  107804K->86956K(141312K), 0,0069279 secs]
404,954: [GC (Allocation Failure)  113580K->82140K(141312K), 0,0021987 secs]
404,978: [GC (Allocation Failure)  108764K->87980K(141312K), 0,0016920 secs]
405,013: [GC (Allocation Failure)  114604K->83172K(141312K), 0,0012547 secs]
405,036: [GC (Allocation Failure)  109796K->89052K(140288K), 0,0020611 secs]
405,073: [GC (Allocation Failure)  114652K->83212K(140800K), 0,0032757 secs]
405,104: [GC (Allocation Failure)  108812K->87964K(140288K), 0,0027888 secs]
405,139: [GC (Allocation Failure)  113564K->82092K(140800K), 0,0030638 secs]
405,164: [GC (Allocation Failure)  107692K->86908K(141312K), 0,0019135 secs]
405,199: [GC (Allocation Failure)  113532K->82092K(141312K), 0,0031303 secs]
405,225: [GC (Allocation Failure)  108716K->87900K(141312K), 0,0019828 secs]
405,259: [GC (Allocation Failure)  114524K->83116K(141312K), 0,0028904 secs]
405,285: [GC (Allocation Failure)  109740K->88900K(139776K), 0,0038315 secs]
405,321: [GC (Allocation Failure)  114500K->83100K(140800K), 0,0026526 secs]
405,346: [GC (Allocation Failure)  108700K->87852K(141312K), 0,0014992 secs]
405,380: [GC (Allocation Failure)  114476K->83036K(141312K), 0,0040484 secs]
405,410: [GC (Allocation Failure)  109660K->88916K(140288K), 0,0060224 secs]
405,449: [GC (Allocation Failure)  114516K->83076K(140800K), 0,0012797 secs]
405,474: [GC (Allocation Failure)  108676K->87828K(141312K), 0,0021115 secs]
405,508: [GC (Allocation Failure)  114452K->83012K(141312K), 0,0055245 secs]
405,534: [GC (Allocation Failure)  109636K->88820K(140288K), 0,0067470 secs]
405,572: [GC (Allocation Failure)  114420K->82980K(140800K), 0,0015333 secs]
405,594: [GC (Allocation Failure)  108580K->87764K(141312K), 0,0021507 secs]
405,627: [GC (Allocation Failure)  114388K->82948K(141312K), 0,0021010 secs]
405,651: [GC (Allocation Failure)  109572K->88788K(140288K), 0,0045593 secs]
405,688: [GC (Allocation Failure)  114388K->82916K(140800K), 0,0009104 secs]
405,710: [GC (Allocation Failure)  108516K->87700K(141312K), 0,0028372 secs]
405,745: [GC (Allocation Failure)  114324K->82916K(141312K), 0,0021566 secs]
405,768: [GC (Allocation Failure)  109540K->88764K(141312K), 0,0014377 secs]
405,801: [GC (Allocation Failure)  115388K->83980K(141312K), 0,0009251 secs]
405,824: [GC (Allocation Failure)  110604K->89756K(140288K), 0,0015667 secs]
405,858: [GC (Allocation Failure)  115356K->83916K(140800K), 0,0009435 secs]
405,881: [GC (Allocation Failure)  109516K->88668K(140288K), 0,0014962 secs]
405,914: [GC (Allocation Failure)  114268K->82860K(140800K), 0,0007635 secs]
405,937: [GC (Allocation Failure)  108460K->87612K(141312K), 0,0024233 secs]
405,971: [GC (Allocation Failure)  114236K->82828K(141312K), 0,0008892 secs]
405,994: [GC (Allocation Failure)  109452K->88636K(141312K), 0,0028413 secs]
406,030: [GC (Allocation Failure)  115260K->83828K(141312K), 0,0022175 secs]
406,054: [GC (Allocation Failure)  110452K->89636K(140288K), 0,0017741 secs]
406,094: [GC (Allocation Failure)  115236K->83860K(140800K), 0,0033786 secs]
406,125: [GC (Allocation Failure)  109460K->88612K(140288K), 0,0046233 secs]
406,167: [GC (Allocation Failure)  114212K->82788K(140800K), 0,0029631 secs]
406,198: [GC (Allocation Failure)  108388K->87540K(141312K), 0,0071141 secs]
406,238: [GC (Allocation Failure)  114164K->82788K(141312K), 0,0010530 secs]
406,261: [GC (Allocation Failure)  109412K->88564K(141312K), 0,0017457 secs]
406,296: [GC (Allocation Failure)  115188K->83788K(141312K), 0,0011571 secs]
406,323: [GC (Allocation Failure)  110412K->89628K(139776K), 0,0043810 secs]
406,361: [GC (Allocation Failure)  115228K->83756K(140800K), 0,0066883 secs]
406,391: [GC (Allocation Failure)  109356K->88540K(141312K), 0,0032902 secs]
406,427: [GC (Allocation Failure)  115164K->83724K(141312K), 0,0030141 secs]
406,453: [GC (Allocation Failure)  110348K->89564K(140288K), 0,0023445 secs]
406,488: [GC (Allocation Failure)  115164K->83740K(140800K), 0,0014108 secs]
406,512: [GC (Allocation Failure)  109340K->88500K(141312K), 0,0047962 secs]
406,550: [GC (Allocation Failure)  115124K->83716K(141312K), 0,0012867 secs]
406,575: [GC (Allocation Failure)  110340K->89524K(140288K), 0,0036541 secs]
406,611: [GC (Allocation Failure)  115124K->83652K(140800K), 0,0023532 secs]
406,636: [GC (Allocation Failure)  109252K->88468K(141312K), 0,0019318 secs]
406,671: [GC (Allocation Failure)  115092K->83628K(141312K), 0,0025134 secs]
406,697: [GC (Allocation Failure)  110252K->89468K(140288K), 0,0022511 secs]
406,732: [GC (Allocation Failure)  115068K->83628K(140800K), 0,0033191 secs]
406,758: [GC (Allocation Failure)  109228K->88412K(141312K), 0,0036131 secs]
406,795: [GC (Allocation Failure)  115036K->83436K(141312K), 0,0010029 secs]
406,818: [GC (Allocation Failure)  110060K->89244K(140288K), 0,0015097 secs]
406,851: [GC (Allocation Failure)  114844K->83404K(140800K), 0,0010729 secs]
406,874: [GC (Allocation Failure)  109004K->88156K(141312K), 0,0021290 secs]
406,907: [GC (Allocation Failure)  114780K->83308K(141312K), 0,0015649 secs]
406,929: [GC (Allocation Failure)  109932K->89148K(141312K), 0,0014640 secs]
406,963: [GC (Allocation Failure)  115772K->84364K(141312K), 0,0009199 secs]
406,986: [GC (Allocation Failure)  110988K->90180K(139776K), 0,0023719 secs]
407,021: [GC (Allocation Failure)  115780K->84372K(140800K), 0,0010032 secs]
407,044: [GC (Allocation Failure)  109972K->89156K(140288K), 0,0019976 secs]
407,079: [GC (Allocation Failure)  114756K->83292K(140800K), 0,0008843 secs]
407,102: [GC (Allocation Failure)  108892K->88076K(141312K), 0,0015367 secs]
407,136: [GC (Allocation Failure)  114700K->83236K(141312K), 0,0008353 secs]
407,159: [GC (Allocation Failure)  109860K->89052K(141312K), 0,0017837 secs]
407,193: [GC (Allocation Failure)  115676K->84332K(141312K), 0,0012880 secs]
407,216: [GC (Allocation Failure)  110956K->90108K(139776K), 0,0031720 secs]
407,252: [GC (Allocation Failure)  115708K->84300K(140800K), 0,0011496 secs]
407,275: [GC (Allocation Failure)  109900K->89052K(141312K), 0,0019949 secs]
407,310: [GC (Allocation Failure)  115676K->84236K(141312K), 0,0025884 secs]
407,336: [GC (Allocation Failure)  110860K->90044K(140288K), 0,0021928 secs]
407,370: [GC (Allocation Failure)  115644K->84252K(140800K), 0,0012997 secs]
407,393: [GC (Allocation Failure)  109852K->89036K(141312K), 0,0020683 secs]
407,428: [GC (Allocation Failure)  115660K->84188K(141312K), 0,0014724 secs]
407,453: [GC (Allocation Failure)  110812K->90036K(140288K), 0,0022821 secs]
407,488: [GC (Allocation Failure)  115636K->84196K(140800K), 0,0032020 secs]
407,515: [GC (Allocation Failure)  109796K->88980K(141312K), 0,0021818 secs]
407,550: [GC (Allocation Failure)  115604K->84164K(141312K), 0,0013554 secs]
407,575: [GC (Allocation Failure)  110788K->89980K(140288K), 0,0022617 secs]
407,610: [GC (Allocation Failure)  115580K->84180K(140800K), 0,0051470 secs]
407,639: [GC (Allocation Failure)  109780K->88964K(141312K), 0,0020954 secs]
407,673: [GC (Allocation Failure)  115588K->84148K(141312K), 0,0013378 secs]
407,698: [GC (Allocation Failure)  110772K->89924K(141312K), 0,0038628 secs]
407,734: [GC (Allocation Failure)  116548K->85140K(141312K), 0,0014394 secs]
407,759: [GC (Allocation Failure)  111764K->90988K(140288K), 0,0023802 secs]
407,794: [GC (Allocation Failure)  116588K->85116K(140800K), 0,0015893 secs]
407,819: [GC (Allocation Failure)  110716K->89932K(140288K), 0,0024880 secs]
407,854: [GC (Allocation Failure)  115532K->84060K(140800K), 0,0015080 secs]
407,879: [GC (Allocation Failure)  109660K->88844K(141312K), 0,0020600 secs]
407,913: [GC (Allocation Failure)  114956K->83516K(140800K), 0,0077046 secs]
407,943: [GC (Allocation Failure)  109628K->88812K(141312K), 0,0029932 secs]
407,979: [GC (Allocation Failure)  115436K->84028K(141312K), 0,0018725 secs]
408,003: [GC (Allocation Failure)  110652K->89836K(141312K), 0,0016765 secs]
408,037: [GC (Allocation Failure)  116460K->85020K(141312K), 0,0039295 secs]
408,063: [GC (Allocation Failure)  111644K->90860K(139776K), 0,0059283 secs]
408,102: [GC (Allocation Failure)  116460K->85020K(140800K), 0,0010279 secs]
408,125: [GC (Allocation Failure)  110620K->89804K(140288K), 0,0018011 secs]
408,160: [GC (Allocation Failure)  115404K->83940K(140800K), 0,0008909 secs]
408,183: [GC (Allocation Failure)  109540K->88724K(141312K), 0,0015959 secs]
408,216: [GC (Allocation Failure)  115348K->83916K(141312K), 0,0010449 secs]
408,239: [GC (Allocation Failure)  110540K->89724K(141312K), 0,0019723 secs]
408,274: [GC (Allocation Failure)  116348K->84940K(141312K), 0,0010539 secs]
408,297: [GC (Allocation Failure)  111564K->90748K(139776K), 0,0021278 secs]
408,332: [GC (Allocation Failure)  116348K->84940K(140800K), 0,0012123 secs]
408,355: [GC (Allocation Failure)  110540K->89724K(141312K), 0,0018565 secs]
408,390: [GC (Allocation Failure)  116348K->84876K(141312K), 0,0015452 secs]
408,414: [GC (Allocation Failure)  111500K->90684K(140288K), 0,0026174 secs]
408,450: [GC (Allocation Failure)  116284K->84844K(140800K), 0,0010222 secs]
408,473: [GC (Allocation Failure)  110444K->89660K(141312K), 0,0017265 secs]
408,508: [GC (Allocation Failure)  116284K->84844K(141312K), 0,0011757 secs]
408,531: [GC (Allocation Failure)  111468K->90684K(140288K), 0,0018808 secs]
408,568: [GC (Allocation Failure)  116284K->84844K(140800K), 0,0030854 secs]
408,600: [GC (Allocation Failure)  110444K->89596K(141312K), 0,0035691 secs]
408,637: [GC (Allocation Failure)  116220K->84788K(141312K), 0,0044661 secs]
408,665: [GC (Allocation Failure)  111412K->90628K(140288K), 0,0021280 secs]
408,699: [GC (Allocation Failure)  116228K->84796K(140800K), 0,0013469 secs]
408,723: [GC (Allocation Failure)  110396K->89580K(141312K), 0,0019483 secs]
408,758: [GC (Allocation Failure)  116204K->84796K(141312K), 0,0013061 secs]
408,783: [GC (Allocation Failure)  111420K->90572K(140288K), 0,0023194 secs]
408,818: [GC (Allocation Failure)  116172K->84740K(140800K), 0,0035116 secs]
408,844: [GC (Allocation Failure)  110340K->89524K(141312K), 0,0020133 secs]
408,879: [GC (Allocation Failure)  116148K->84708K(141312K), 0,0023557 secs]
408,905: [GC (Allocation Failure)  111332K->90548K(141312K), 0,0021026 secs]
408,939: [GC (Allocation Failure)  117172K->85732K(141312K), 0,0016562 secs]
408,964: [GC (Allocation Failure)  112356K->91548K(140288K), 0,0023095 secs]
408,999: [GC (Allocation Failure)  117148K->85716K(140800K), 0,0031132 secs]
409,025: [GC (Allocation Failure)  111316K->90500K(140288K), 0,0039478 secs]
409,061: [GC (Allocation Failure)  116100K->84660K(140800K), 0,0034279 secs]
409,093: [GC (Allocation Failure)  110260K->89412K(141312K), 0,0073652 secs]
409,133: [GC (Allocation Failure)  116036K->84628K(141312K), 0,0010597 secs]
409,156: [GC (Allocation Failure)  111252K->90468K(141312K), 0,0017338 secs]
409,191: [GC (Allocation Failure)  117092K->85652K(141312K), 0,0023612 secs]
409,215: [GC (Allocation Failure)  112276K->91460K(140288K), 0,0019155 secs]
409,250: [GC (Allocation Failure)  117060K->85620K(140800K), 0,0011447 secs]
409,273: [GC (Allocation Failure)  111220K->90404K(140288K), 0,0018331 secs]
409,308: [GC (Allocation Failure)  116004K->84604K(140800K), 0,0012559 secs]
409,332: [GC (Allocation Failure)  110204K->89356K(141312K), 0,0032126 secs]
409,372: [GC (Allocation Failure)  115980K->84572K(141312K), 0,0028719 secs]
409,403: [GC (Allocation Failure)  111196K->90356K(141312K), 0,0044629 secs]
409,441: [GC (Allocation Failure)  116980K->85580K(141312K), 0,0019940 secs]
409,468: [GC (Allocation Failure)  112204K->91420K(139776K), 0,0029267 secs]
409,506: [GC (Allocation Failure)  117020K->85548K(140800K), 0,0025457 secs]
409,530: [GC (Allocation Failure)  111148K->90332K(141312K), 0,0023918 secs]
409,563: [GC (Allocation Failure)  116956K->85524K(141312K), 0,0019408 secs]
409,586: [GC (Allocation Failure)  112148K->91364K(140288K), 0,0014763 secs]
409,620: [GC (Allocation Failure)  116964K->85540K(140800K), 0,0007892 secs]
409,641: [GC (Allocation Failure)  111140K->90364K(141312K), 0,0014103 secs]
409,674: [GC (Allocation Failure)  116988K->85484K(141312K), 0,0015799 secs]
409,696: [GC (Allocation Failure)  112108K->91332K(140288K), 0,0015465 secs]
409,734: [GC (Allocation Failure)  116932K->85460K(140800K), 0,0044734 secs]
409,767: [GC (Allocation Failure)  111060K->90276K(141312K), 0,0046993 secs]
409,809: [GC (Allocation Failure)  116900K->85460K(141312K), 0,0032077 secs]
409,841: [GC (Allocation Failure)  112084K->91300K(140288K), 0,0048766 secs]
409,881: [GC (Allocation Failure)  116900K->85460K(140800K), 0,0046975 secs]
409,908: [GC (Allocation Failure)  111060K->90212K(141312K), 0,0070837 secs]
409,948: [GC (Allocation Failure)  116836K->85428K(141312K), 0,0009294 secs]
409,971: [GC (Allocation Failure)  112052K->91204K(141312K), 0,0016940 secs]
410,006: [GC (Allocation Failure)  117828K->86420K(141312K), 0,0010270 secs]
410,029: [GC (Allocation Failure)  113044K->92268K(140288K), 0,0016860 secs]
410,067: [GC (Allocation Failure)  117868K->86396K(140800K), 0,0067635 secs]
410,101: [GC (Allocation Failure)  111996K->91180K(140288K), 0,0047980 secs]
410,139: [GC (Allocation Failure)  116780K->85372K(140800K), 0,0075642 secs]
410,169: [GC (Allocation Failure)  110972K->90124K(141312K), 0,0039763 secs]
410,206: [GC (Allocation Failure)  116748K->85340K(141312K), 0,0009630 secs]
410,229: [GC (Allocation Failure)  111964K->91116K(141312K), 0,0017863 secs]
410,269: [GC (Allocation Failure)  117740K->86364K(141312K), 0,0032956 secs]
410,298: [GC (Allocation Failure)  112988K->92172K(140288K), 0,0029685 secs]
410,336: [GC (Allocation Failure)  117772K->86268K(140800K), 0,0040815 secs]
410,365: [GC (Allocation Failure)  111868K->91084K(140288K), 0,0032031 secs]
410,402: [GC (Allocation Failure)  116684K->85244K(140800K), 0,0038651 secs]
410,431: [GC (Allocation Failure)  110844K->90028K(141312K), 0,0026375 secs]
410,468: [GC (Allocation Failure)  116652K->85244K(141312K), 0,0018084 secs]
410,495: [GC (Allocation Failure)  111868K->91052K(141312K), 0,0028410 secs]
410,533: [GC (Allocation Failure)  117676K->86244K(141312K), 0,0043299 secs]
410,562: [GC (Allocation Failure)  112868K->92020K(140288K), 0,0048214 secs]
410,602: [GC (Allocation Failure)  117620K->86180K(140800K), 0,0032656 secs]
410,628: [GC (Allocation Failure)  111780K->91004K(141312K), 0,0017898 secs]
410,663: [GC (Allocation Failure)  117628K->86188K(141312K), 0,0011170 secs]
410,686: [GC (Allocation Failure)  112812K->91996K(140288K), 0,0073978 secs]
410,726: [GC (Allocation Failure)  117596K->86156K(140800K), 0,0019370 secs]
410,750: [GC (Allocation Failure)  111756K->90940K(141312K), 0,0028261 secs]
410,790: [GC (Allocation Failure)  117564K->85964K(141312K), 0,0017866 secs]
410,814: [GC (Allocation Failure)  112588K->91804K(140288K), 0,0027981 secs]
410,849: [GC (Allocation Failure)  117404K->85940K(140800K), 0,0024554 secs]
410,872: [GC (Allocation Failure)  111540K->90692K(141312K), 0,0014173 secs]
410,906: [GC (Allocation Failure)  117316K->85908K(141312K), 0,0007896 secs]
410,928: [GC (Allocation Failure)  112532K->91716K(140288K), 0,0021886 secs]
410,963: [GC (Allocation Failure)  117316K->85908K(140800K), 0,0007348 secs]
410,985: [GC (Allocation Failure)  111508K->90724K(141312K), 0,0013374 secs]
411,019: [GC (Allocation Failure)  117348K->85876K(141312K), 0,0021780 secs]
411,043: [GC (Allocation Failure)  112500K->91724K(141312K), 0,0018011 secs]
411,083: [GC (Allocation Failure)  118348K->86908K(141312K), 0,0033797 secs]
411,111: [GC (Allocation Failure)  113532K->92684K(140288K), 0,0037058 secs]
411,147: [GC (Allocation Failure)  118284K->86844K(140800K), 0,0026434 secs]
411,173: [GC (Allocation Failure)  112444K->91660K(140288K), 0,0050476 secs]
411,210: [GC (Allocation Failure)  117260K->85828K(140800K), 0,0009567 secs]
411,233: [GC (Allocation Failure)  111428K->90580K(141312K), 0,0015978 secs]
411,268: [GC (Allocation Failure)  117204K->85764K(141312K), 0,0024152 secs]
411,292: [GC (Allocation Failure)  112388K->91572K(141312K), 0,0057204 secs]
411,331: [GC (Allocation Failure)  118196K->86820K(141312K), 0,0011566 secs]
411,354: [GC (Allocation Failure)  113444K->92628K(140288K), 0,0019082 secs]
411,389: [GC (Allocation Failure)  118228K->86756K(140800K), 0,0011125 secs]
411,412: [GC (Allocation Failure)  112356K->91548K(141312K), 0,0033750 secs]
411,448: [GC (Allocation Failure)  118172K->86796K(141312K), 0,0013571 secs]
411,471: [GC (Allocation Failure)  113420K->92604K(140288K), 0,0019808 secs]
411,506: [GC (Allocation Failure)  118204K->86732K(140800K), 0,0034865 secs]
411,531: [GC (Allocation Failure)  112332K->91524K(140288K), 0,0040666 secs]
411,568: [GC (Allocation Failure)  117124K->85684K(140800K), 0,0010497 secs]
411,595: [GC (Allocation Failure)  111284K->90436K(141312K), 0,0068608 secs]
411,639: [GC (Allocation Failure)  117060K->85652K(141312K), 0,0036128 secs]
411,671: [GC (Allocation Failure)  112276K->91492K(141312K), 0,0031643 secs]
411,707: [GC (Allocation Failure)  118116K->86644K(141312K), 0,0040690 secs]
411,736: [GC (Allocation Failure)  113268K->92516K(140800K), 0,0028831 secs]
411,773: [GC (Allocation Failure)  119140K->87700K(141312K), 0,0040914 secs]
411,801: [GC (Allocation Failure)  114324K->93508K(140288K), 0,0023598 secs]
411,836: [GC (Allocation Failure)  119108K->87668K(140800K), 0,0051973 secs]
411,863: [GC (Allocation Failure)  113268K->92452K(140288K), 0,0018515 secs]
411,898: [GC (Allocation Failure)  118052K->86580K(140800K), 0,0029120 secs]
411,923: [GC (Allocation Failure)  112180K->91372K(140800K), 0,0016315 secs]
411,958: [GC (Allocation Failure)  116972K->85532K(140800K), 0,0010399 secs]
411,981: [GC (Allocation Failure)  111132K->90316K(141312K), 0,0015689 secs]
412,016: [GC (Allocation Failure)  116940K->85508K(141312K), 0,0010095 secs]
412,039: [GC (Allocation Failure)  112132K->91348K(141312K), 0,0018230 secs]
412,078: [GC (Allocation Failure)  117972K->86564K(141312K), 0,0031121 secs]
412,108: [GC (Allocation Failure)  113188K->92372K(140800K), 0,0028575 secs]
412,144: [GC (Allocation Failure)  118996K->87524K(141312K), 0,0034472 secs]
412,171: [GC (Allocation Failure)  114148K->93364K(139776K), 0,0024723 secs]
412,206: [GC (Allocation Failure)  118964K->87524K(140800K), 0,0013681 secs]
412,231: [GC (Allocation Failure)  113124K->92308K(140288K), 0,0035124 secs]
412,267: [GC (Allocation Failure)  117908K->86500K(140800K), 0,0017274 secs]
412,291: [GC (Allocation Failure)  112100K->91252K(141312K), 0,0021413 secs]
412,330: [GC (Allocation Failure)  117876K->86468K(141312K), 0,0031824 secs]
412,362: [GC (Allocation Failure)  113092K->92276K(141312K), 0,0048496 secs]
412,403: [GC (Allocation Failure)  118900K->87460K(141312K), 0,0026295 secs]
412,430: [GC (Allocation Failure)  114084K->93268K(140288K), 0,0030132 secs]
412,468: [GC (Allocation Failure)  118868K->87428K(140800K), 0,0042348 secs]
412,497: [GC (Allocation Failure)  113028K->92212K(140288K), 0,0041287 secs]
412,534: [GC (Allocation Failure)  117812K->86388K(140800K), 0,0017020 secs]
412,560: [GC (Allocation Failure)  111988K->91172K(141312K), 0,0044273 secs]
412,601: [GC (Allocation Failure)  117796K->86388K(141312K), 0,0016436 secs]
412,626: [GC (Allocation Failure)  113012K->92164K(141312K), 0,0051836 secs]
412,664: [GC (Allocation Failure)  118788K->87348K(141312K), 0,0014718 secs]
412,689: [GC (Allocation Failure)  113972K->93188K(139776K), 0,0038282 secs]
412,725: [GC (Allocation Failure)  118788K->87348K(140800K), 0,0028815 secs]
412,751: [GC (Allocation Failure)  112948K->92132K(141312K), 0,0031321 secs]
412,786: [GC (Allocation Failure)  118756K->87332K(141312K), 0,0029321 secs]
412,812: [GC (Allocation Failure)  113956K->93140K(140288K), 0,0078089 secs]
412,852: [GC (Allocation Failure)  118740K->87332K(140800K), 0,0012019 secs]
412,875: [GC (Allocation Failure)  112932K->92084K(141312K), 0,0017938 secs]
412,910: [GC (Allocation Failure)  118708K->87268K(141312K), 0,0010591 secs]
412,933: [GC (Allocation Failure)  113892K->93076K(140288K), 0,0029822 secs]
412,969: [GC (Allocation Failure)  118676K->87236K(140800K), 0,0024336 secs]
412,993: [GC (Allocation Failure)  112836K->92052K(141312K), 0,0021519 secs]
413,028: [GC (Allocation Failure)  118676K->87268K(141312K), 0,0010134 secs]
413,051: [GC (Allocation Failure)  113892K->93076K(140288K), 0,0018437 secs]
413,086: [GC (Allocation Failure)  118676K->87204K(140800K), 0,0048049 secs]
413,113: [GC (Allocation Failure)  112804K->91988K(141312K), 0,0022405 secs]
413,147: [GC (Allocation Failure)  118612K->87172K(141312K), 0,0025744 secs]
413,171: [GC (Allocation Failure)  113796K->93020K(140288K), 0,0015505 secs]
413,204: [GC (Allocation Failure)  118620K->87180K(140800K), 0,0039108 secs]
413,229: [GC (Allocation Failure)  112780K->91964K(141312K), 0,0013291 secs]
413,261: [GC (Allocation Failure)  118588K->87148K(141312K), 0,0016792 secs]
413,284: [GC (Allocation Failure)  113772K->92956K(141312K), 0,0015367 secs]
413,318: [GC (Allocation Failure)  119580K->88172K(141312K), 0,0009237 secs]
413,341: [GC (Allocation Failure)  114796K->93980K(140288K), 0,0026699 secs]
413,374: [GC (Allocation Failure)  119580K->88148K(140800K), 0,0026879 secs]
413,398: [GC (Allocation Failure)  113748K->92900K(140288K), 0,0024839 secs]
413,433: [GC (Allocation Failure)  118500K->87060K(140800K), 0,0007835 secs]
413,455: [GC (Allocation Failure)  112660K->91844K(141312K), 0,0021799 secs]
413,489: [GC (Allocation Failure)  118468K->87068K(141312K), 0,0012727 secs]
413,512: [GC (Allocation Failure)  113692K->92844K(141312K), 0,0023926 secs]
413,547: [GC (Allocation Failure)  119468K->88060K(141312K), 0,0008836 secs]
413,569: [GC (Allocation Failure)  114684K->93908K(140288K), 0,0015649 secs]
413,603: [GC (Allocation Failure)  119508K->88108K(140800K), 0,0009920 secs]
413,625: [GC (Allocation Failure)  113708K->92860K(140288K), 0,0023315 secs]
413,660: [GC (Allocation Failure)  118460K->86996K(140800K), 0,0031052 secs]
413,685: [GC (Allocation Failure)  112596K->91812K(141312K), 0,0021780 secs]
413,721: [GC (Allocation Failure)  118436K->86996K(141312K), 0,0081290 secs]
413,758: [GC (Allocation Failure)  113620K->92836K(141312K), 0,0047383 secs]
413,801: [GC (Allocation Failure)  119460K->88020K(141312K), 0,0032417 secs]
413,832: [GC (Allocation Failure)  114644K->93828K(139776K), 0,0048497 secs]
413,872: [GC (Allocation Failure)  119428K->87988K(140800K), 0,0018664 secs]
413,899: [GC (Allocation Failure)  113588K->92708K(141312K), 0,0051334 secs]
413,939: [GC (Allocation Failure)  119332K->87956K(141312K), 0,0020115 secs]
413,966: [GC (Allocation Failure)  114580K->93804K(140288K), 0,0028305 secs]
414,002: [GC (Allocation Failure)  119404K->87932K(140800K), 0,0019543 secs]
414,029: [GC (Allocation Failure)  113532K->92716K(141312K), 0,0077439 secs]
414,072: [GC (Allocation Failure)  119340K->87916K(141312K), 0,0031002 secs]
414,104: [GC (Allocation Failure)  114540K->93796K(140288K), 0,0039009 secs]
414,143: [GC (Allocation Failure)  119396K->87932K(140800K), 0,0018320 secs]
414,170: [GC (Allocation Failure)  113532K->92684K(141312K), 0,0027110 secs]
414,209: [GC (Allocation Failure)  119308K->87900K(141312K), 0,0059225 secs]
414,242: [GC (Allocation Failure)  114524K->93716K(140288K), 0,0028890 secs]
414,278: [GC (Allocation Failure)  119316K->87876K(140800K), 0,0010579 secs]
414,301: [GC (Allocation Failure)  113476K->92628K(141312K), 0,0017103 secs]
414,336: [GC (Allocation Failure)  119252K->87844K(141312K), 0,0011452 secs]
414,359: [GC (Allocation Failure)  114468K->93652K(141312K), 0,0017700 secs]
414,394: [GC (Allocation Failure)  120276K->88836K(141312K), 0,0070495 secs]
414,423: [GC (Allocation Failure)  115460K->94676K(140288K), 0,0017664 secs]
414,457: [GC (Allocation Failure)  120276K->88836K(140800K), 0,0044414 secs]
414,483: [GC (Allocation Failure)  114436K->93620K(140288K), 0,0026263 secs]
414,518: [GC (Allocation Failure)  119220K->87748K(140800K), 0,0019763 secs]
414,542: [GC (Allocation Failure)  113348K->92532K(141312K), 0,0024791 secs]
414,581: [GC (Allocation Failure)  119156K->87748K(141312K), 0,0067449 secs]
414,612: [GC (Allocation Failure)  114372K->93556K(141312K), 0,0021342 secs]
414,647: [GC (Allocation Failure)  120180K->88780K(141312K), 0,0034675 secs]
414,674: [GC (Allocation Failure)  115404K->94596K(140288K), 0,0023615 secs]
414,709: [GC (Allocation Failure)  120196K->88756K(140800K), 0,0013558 secs]
414,734: [GC (Allocation Failure)  114356K->93540K(140288K), 0,0020967 secs]
414,768: [GC (Allocation Failure)  119140K->87716K(140800K), 0,0014340 secs]
414,792: [GC (Allocation Failure)  113316K->92348K(141312K), 0,0016021 secs]
414,827: [GC (Allocation Failure)  118972K->87532K(141312K), 0,0017023 secs]
414,849: [GC (Allocation Failure)  114156K->93308K(141312K), 0,0014851 secs]
414,883: [GC (Allocation Failure)  119932K->88492K(141312K), 0,0016744 secs]
414,906: [GC (Allocation Failure)  115116K->94268K(140800K), 0,0025395 secs]
414,941: [GC (Allocation Failure)  120892K->89460K(141312K), 0,0010624 secs]
414,964: [GC (Allocation Failure)  116084K->95300K(140288K), 0,0017451 secs]
414,999: [GC (Allocation Failure)  120900K->89396K(140800K), 0,0021083 secs]
415,027: [GC (Allocation Failure)  114996K->94148K(140288K), 0,0047642 secs]
415,068: [GC (Allocation Failure)  119748K->88276K(140800K), 0,0018689 secs]
415,094: [GC (Allocation Failure)  113876K->93036K(141312K), 0,0055142 secs]
415,135: [GC (Allocation Failure)  119148K->87676K(140800K), 0,0043657 secs]
415,164: [GC (Allocation Failure)  113788K->92940K(141312K), 0,0050913 secs]
415,204: [GC (Allocation Failure)  119563K->88124K(141312K), 0,0043357 secs]
415,232: [GC (Allocation Failure)  114748K->93900K(141312K), 0,0081821 secs]
415,273: [GC (Allocation Failure)  120524K->89084K(141312K), 0,0016981 secs]
415,295: [GC (Allocation Failure)  115708K->94956K(140288K), 0,0016026 secs]
415,328: [GC (Allocation Failure)  120556K->89092K(140800K), 0,0008354 secs]
415,351: [GC (Allocation Failure)  114692K->93876K(140288K), 0,0015744 secs]
415,389: [GC (Allocation Failure)  119476K->88036K(140800K), 0,0071673 secs]
415,421: [GC (Allocation Failure)  113636K->92820K(141312K), 0,0049265 secs]
415,459: [GC (Allocation Failure)  119444K->88004K(141312K), 0,0027158 secs]
415,485: [GC (Allocation Failure)  114628K->93852K(141312K), 0,0020719 secs]
415,519: [GC (Allocation Failure)  120476K->89036K(141312K), 0,0076060 secs]
415,549: [GC (Allocation Failure)  115660K->94884K(139776K), 0,0018392 secs]
415,589: [GC (Allocation Failure)  120484K->89044K(140800K), 0,0036057 secs]
415,620: [GC (Allocation Failure)  114644K->93796K(141312K), 0,0081731 secs]
415,661: [GC (Allocation Failure)  120420K->89012K(141312K), 0,0014237 secs]
415,686: [GC (Allocation Failure)  115636K->94820K(140288K), 0,0021648 secs]
415,720: [GC (Allocation Failure)  120420K->89012K(140800K), 0,0014368 secs]
415,745: [GC (Allocation Failure)  114612K->93764K(141312K), 0,0020232 secs]
415,779: [GC (Allocation Failure)  120388K->88948K(141312K), 0,0023668 secs]
415,805: [GC (Allocation Failure)  115572K->94724K(140288K), 0,0070009 secs]
415,845: [GC (Allocation Failure)  120324K->88916K(140800K), 0,0016901 secs]
415,869: [GC (Allocation Failure)  114516K->93700K(141312K), 0,0016736 secs]
415,904: [GC (Allocation Failure)  120324K->88892K(141312K), 0,0045815 secs]
415,930: [GC (Allocation Failure)  115516K->94740K(140288K), 0,0018554 secs]
415,965: [GC (Allocation Failure)  120340K->88868K(140800K), 0,0044485 secs]
415,991: [GC (Allocation Failure)  114468K->93652K(141312K), 0,0017251 secs]
416,026: [GC (Allocation Failure)  120276K->88868K(141312K), 0,0021923 secs]
416,050: [GC (Allocation Failure)  115492K->94676K(140288K), 0,0017671 secs]
416,085: [GC (Allocation Failure)  120276K->88836K(140800K), 0,0023404 secs]
416,109: [GC (Allocation Failure)  114436K->93596K(141312K), 0,0029590 secs]
416,145: [GC (Allocation Failure)  120220K->88812K(141312K), 0,0021686 secs]
416,169: [GC (Allocation Failure)  115436K->94588K(141312K), 0,0034182 secs]
416,205: [GC (Allocation Failure)  121212K->89836K(141312K), 0,0039061 secs]
416,231: [GC (Allocation Failure)  116460K->95684K(139776K), 0,0040748 secs]
416,268: [GC (Allocation Failure)  121284K->89844K(140800K), 0,0013039 secs]
416,291: [GC (Allocation Failure)  115444K->94628K(140288K), 0,0018935 secs]
416,326: [GC (Allocation Failure)  120228K->88820K(140800K), 0,0009753 secs]
416,349: [GC (Allocation Failure)  114420K->93540K(141312K), 0,0018648 secs]
416,384: [GC (Allocation Failure)  120164K->88732K(141312K), 0,0011714 secs]
416,407: [GC (Allocation Failure)  115356K->94572K(141312K), 0,0065637 secs]
416,447: [GC (Allocation Failure)  121196K->89756K(141312K), 0,0023202 secs]
416,472: [GC (Allocation Failure)  116380K->95532K(140288K), 0,0032725 secs]
416,507: [GC (Allocation Failure)  121132K->89724K(140800K), 0,0028343 secs]
416,532: [GC (Allocation Failure)  115324K->94516K(140288K), 0,0019897 secs]
416,569: [GC (Allocation Failure)  120116K->88716K(140800K), 0,0030144 secs]
416,599: [GC (Allocation Failure)  114316K->93436K(141312K), 0,0057619 secs]
416,638: [GC (Allocation Failure)  120060K->88628K(141312K), 0,0037254 secs]
416,664: [GC (Allocation Failure)  115252K->94500K(141312K), 0,0020761 secs]
416,699: [GC (Allocation Failure)  121124K->89652K(141312K), 0,0073765 secs]
416,728: [GC (Allocation Failure)  116276K->95492K(139776K), 0,0028033 secs]
416,764: [GC (Allocation Failure)  121092K->89620K(140800K), 0,0022274 secs]
416,792: [GC (Allocation Failure)  115220K->94412K(141312K), 0,0047070 secs]
416,834: [GC (Allocation Failure)  121036K->89636K(141312K), 0,0073131 secs]
416,867: [GC (Allocation Failure)  116260K->95444K(140288K), 0,0030806 secs]
416,903: [GC (Allocation Failure)  121044K->89644K(140800K), 0,0019406 secs]
416,930: [GC (Allocation Failure)  115244K->94396K(141312K), 0,0034612 secs]
416,966: [GC (Allocation Failure)  121020K->89612K(141312K), 0,0013543 secs]
416,991: [GC (Allocation Failure)  116236K->95420K(140288K), 0,0042138 secs]
417,028: [GC (Allocation Failure)  121020K->89612K(140800K), 0,0013226 secs]
417,054: [GC (Allocation Failure)  115212K->94364K(141312K), 0,0047668 secs]
417,096: [GC (Allocation Failure)  120988K->89548K(141312K), 0,0047936 secs]
417,125: [GC (Allocation Failure)  116172K->95356K(140288K), 0,0059664 secs]
417,166: [GC (Allocation Failure)  120956K->89516K(140800K), 0,0033820 secs]
417,194: [GC (Allocation Failure)  115116K->94308K(141312K), 0,0026820 secs]
417,232: [GC (Allocation Failure)  120932K->89524K(141312K), 0,0024238 secs]
417,258: [GC (Allocation Failure)  116148K->95332K(141312K), 0,0029044 secs]
417,296: [GC (Allocation Failure)  121956K->90516K(141312K), 0,0043454 secs]
417,325: [GC (Allocation Failure)  117140K->96356K(140288K), 0,0029581 secs]
417,363: [GC (Allocation Failure)  121956K->90484K(140800K), 0,0027023 secs]
417,391: [GC (Allocation Failure)  116084K->95276K(140288K), 0,0028675 secs]
417,428: [GC (Allocation Failure)  120876K->89468K(140800K), 0,0017666 secs]
417,455: [GC (Allocation Failure)  115068K->94220K(141312K), 0,0025823 secs]
417,492: [GC (Allocation Failure)  120844K->89436K(141312K), 0,0045345 secs]
417,519: [GC (Allocation Failure)  116060K->95212K(141312K), 0,0023911 secs]
417,552: [GC (Allocation Failure)  121836K->90444K(141312K), 0,0015508 secs]
417,576: [GC (Allocation Failure)  117068K->96284K(140288K), 0,0016229 secs]
417,610: [GC (Allocation Failure)  121884K->90412K(140800K), 0,0037893 secs]
417,635: [GC (Allocation Failure)  116012K->95164K(140288K), 0,0015393 secs]
417,669: [GC (Allocation Failure)  120764K->89356K(140800K), 0,0007575 secs]
417,691: [GC (Allocation Failure)  114956K->94180K(141312K), 0,0013866 secs]
417,723: [GC (Allocation Failure)  120804K->89364K(141312K), 0,0008508 secs]
417,750: [GC (Allocation Failure)  115988K->95172K(141312K), 0,0047254 secs]
417,792: [GC (Allocation Failure)  121796K->90356K(141312K), 0,0034699 secs]
417,820: [GC (Allocation Failure)  116980K->96196K(140288K), 0,0028912 secs]
417,859: [GC (Allocation Failure)  121796K->90356K(140800K), 0,0018889 secs]
417,886: [GC (Allocation Failure)  115956K->95108K(141312K), 0,0028327 secs]
417,924: [GC (Allocation Failure)  121732K->90292K(141312K), 0,0018202 secs]
417,949: [GC (Allocation Failure)  116916K->96100K(140288K), 0,0058211 secs]
417,987: [GC (Allocation Failure)  121700K->90292K(140800K), 0,0013996 secs]
418,012: [GC (Allocation Failure)  115892K->95076K(141312K), 0,0020079 secs]
418,046: [GC (Allocation Failure)  121700K->90292K(141312K), 0,0013517 secs]
418,071: [GC (Allocation Failure)  116916K->96068K(140288K), 0,0021448 secs]
418,105: [GC (Allocation Failure)  121668K->90228K(140800K), 0,0014505 secs]
418,129: [GC (Allocation Failure)  115828K->94980K(141312K), 0,0036631 secs]
418,169: [GC (Allocation Failure)  121604K->90196K(141312K), 0,0032968 secs]
418,196: [GC (Allocation Failure)  116820K->96036K(140288K), 0,0022884 secs]
418,231: [GC (Allocation Failure)  121636K->90236K(140800K), 0,0012715 secs]
418,255: [GC (Allocation Failure)  115836K->95020K(141312K), 0,0022399 secs]
418,290: [GC (Allocation Failure)  121644K->90204K(141312K), 0,0013075 secs]
418,315: [GC (Allocation Failure)  116828K->95948K(140288K), 0,0070639 secs]
418,354: [GC (Allocation Failure)  121548K->90148K(140800K), 0,0038195 secs]
418,380: [GC (Allocation Failure)  115748K->94900K(141312K), 0,0033958 secs]
418,417: [GC (Allocation Failure)  121524K->90148K(141312K), 0,0013090 secs]
418,442: [GC (Allocation Failure)  116772K->95924K(141312K), 0,0039905 secs]
418,482: [GC (Allocation Failure)  122548K->91140K(141312K), 0,0020250 secs]
418,508: [GC (Allocation Failure)  117764K->96948K(140288K), 0,0032233 secs]
418,544: [GC (Allocation Failure)  122548K->91108K(140800K), 0,0034165 secs]
418,572: [GC (Allocation Failure)  116708K->95908K(140288K), 0,0029509 secs]
418,609: [GC (Allocation Failure)  121508K->90100K(140800K), 0,0017037 secs]
418,635: [GC (Allocation Failure)  115700K->94852K(141312K), 0,0026961 secs]
418,672: [GC (Allocation Failure)  121476K->90044K(141312K), 0,0018538 secs]
418,698: [GC (Allocation Failure)  116668K->95852K(141312K), 0,0054186 secs]
418,738: [GC (Allocation Failure)  122476K->91068K(141312K), 0,0027191 secs]
418,766: [GC (Allocation Failure)  117692K->96876K(140288K), 0,0042575 secs]
418,803: [GC (Allocation Failure)  122476K->90844K(140800K), 0,0016574 secs]
418,826: [GC (Allocation Failure)  116444K->95628K(140288K), 0,0031626 secs]
418,860: [GC (Allocation Failure)  121228K->89756K(140800K), 0,0016676 secs]
418,882: [GC (Allocation Failure)  115356K->94508K(141312K), 0,0019979 secs]
418,916: [GC (Allocation Failure)  121132K->89756K(141312K), 0,0013733 secs]
418,938: [GC (Allocation Failure)  116380K->95564K(141312K), 0,0029777 secs]
418,972: [GC (Allocation Failure)  122188K->90748K(141312K), 0,0019811 secs]
418,996: [GC (Allocation Failure)  117372K->96588K(140800K), 0,0027470 secs]
419,030: [GC (Allocation Failure)  123212K->91772K(141312K), 0,0009163 secs]
419,052: [GC (Allocation Failure)  118396K->97612K(139776K), 0,0023614 secs]
419,087: [GC (Allocation Failure)  123212K->91772K(140800K), 0,0017173 secs]
419,110: [GC (Allocation Failure)  117372K->96556K(140288K), 0,0024797 secs]
419,145: [GC (Allocation Failure)  122156K->90684K(140800K), 0,0014946 secs]
419,167: [GC (Allocation Failure)  116284K->95500K(140800K), 0,0013986 secs]
419,201: [GC (Allocation Failure)  121100K->89628K(140800K), 0,0029838 secs]
419,226: [GC (Allocation Failure)  115228K->94412K(141312K), 0,0020207 secs]
419,262: [GC (Allocation Failure)  121036K->89604K(141312K), 0,0012257 secs]
419,284: [GC (Allocation Failure)  116228K->95444K(141312K), 0,0014172 secs]
419,319: [GC (Allocation Failure)  122068K->90628K(141312K), 0,0033269 secs]
419,351: [GC (Allocation Failure)  117252K->96468K(140800K), 0,0043776 secs]
419,388: [GC (Allocation Failure)  123092K->91652K(141312K), 0,0043349 secs]
419,417: [GC (Allocation Failure)  118276K->97428K(139776K), 0,0061263 secs]
419,458: [GC (Allocation Failure)  123028K->91620K(140800K), 0,0019251 secs]
419,485: [GC (Allocation Failure)  117220K->96372K(140288K), 0,0048632 secs]
419,522: [GC (Allocation Failure)  121972K->90564K(140800K), 0,0027796 secs]
419,547: [GC (Allocation Failure)  116164K->95348K(141312K), 0,0054211 secs]
419,586: [GC (Allocation Failure)  121972K->90532K(141312K), 0,0017892 secs]
419,610: [GC (Allocation Failure)  117156K->96340K(141312K), 0,0037360 secs]
419,647: [GC (Allocation Failure)  122964K->91524K(141312K), 0,0020097 secs]
419,671: [GC (Allocation Failure)  118148K->97340K(140288K), 0,0017084 secs]
419,704: [GC (Allocation Failure)  122940K->91532K(140800K), 0,0010795 secs]
419,727: [GC (Allocation Failure)  117132K->96316K(140288K), 0,0015633 secs]
419,761: [GC (Allocation Failure)  121916K->90444K(140800K), 0,0009311 secs]
419,784: [GC (Allocation Failure)  116044K->95260K(141312K), 0,0015843 secs]
419,818: [GC (Allocation Failure)  121884K->90444K(141312K), 0,0009462 secs]
419,841: [GC (Allocation Failure)  117068K->96252K(141312K), 0,0035421 secs]
419,878: [GC (Allocation Failure)  122876K->91468K(141312K), 0,0012482 secs]
419,902: [GC (Allocation Failure)  118092K->97276K(139776K), 0,0040385 secs]
419,938: [GC (Allocation Failure)  122876K->91436K(140800K), 0,0047665 secs]
419,966: [GC (Allocation Failure)  117036K->96220K(141312K), 0,0021705 secs]
420,001: [GC (Allocation Failure)  122844K->91404K(141312K), 0,0030797 secs]
420,027: [GC (Allocation Failure)  118028K->97220K(140288K), 0,0056608 secs]
420,065: [GC (Allocation Failure)  122820K->91380K(140800K), 0,0034540 secs]
420,091: [GC (Allocation Failure)  116980K->96164K(141312K), 0,0030829 secs]
420,127: [GC (Allocation Failure)  122788K->91380K(141312K), 0,0009770 secs]
420,150: [GC (Allocation Failure)  118004K->97188K(140288K), 0,0017202 secs]
420,185: [GC (Allocation Failure)  122788K->91380K(140800K), 0,0009137 secs]
420,208: [GC (Allocation Failure)  116980K->96100K(141312K), 0,0027296 secs]
420,244: [GC (Allocation Failure)  122724K->91316K(141312K), 0,0009713 secs]
420,271: [GC (Allocation Failure)  117940K->97124K(140288K), 0,0092288 secs]
420,313: [GC (Allocation Failure)  122724K->91284K(140800K), 0,0034164 secs]
420,339: [GC (Allocation Failure)  116884K->96076K(141312K), 0,0021497 secs]
420,374: [GC (Allocation Failure)  122700K->91260K(141312K), 0,0013467 secs]
420,400: [GC (Allocation Failure)  117884K->97068K(141312K), 0,0070358 secs]
420,439: [GC (Allocation Failure)  123692K->92316K(141312K), 0,0022887 secs]
420,465: [GC (Allocation Failure)  118940K->98092K(140288K), 0,0023954 secs]
420,500: [GC (Allocation Failure)  123692K->92284K(140800K), 0,0045842 secs]
420,528: [GC (Allocation Failure)  117884K->97068K(140288K), 0,0037209 secs]
420,564: [GC (Allocation Failure)  122668K->91196K(140800K), 0,0033870 secs]
420,595: [GC (Allocation Failure)  116796K->95980K(141312K), 0,0027267 secs]
420,631: [GC (Allocation Failure)  122092K->90652K(140800K), 0,0012529 secs]
420,654: [GC (Allocation Failure)  116764K->95948K(141312K), 0,0029698 secs]
420,690: [GC (Allocation Failure)  122572K->91164K(141312K), 0,0023184 secs]
420,719: [GC (Allocation Failure)  117788K->97012K(141312K), 0,0047330 secs]
420,762: [GC (Allocation Failure)  123636K->92196K(141312K), 0,0034396 secs]
420,793: [GC (Allocation Failure)  118820K->98012K(139776K), 0,0036012 secs]
420,830: [GC (Allocation Failure)  123612K->92140K(140800K), 0,0032468 secs]
420,857: [GC (Allocation Failure)  117740K->96924K(140288K), 0,0082232 secs]
420,897: [GC (Allocation Failure)  122524K->91084K(140800K), 0,0010522 secs]
420,920: [GC (Allocation Failure)  116684K->95868K(141312K), 0,0051101 secs]
420,958: [GC (Allocation Failure)  122492K->91052K(141312K), 0,0009621 secs]
420,981: [GC (Allocation Failure)  117676K->96892K(141312K), 0,0017697 secs]
421,016: [GC (Allocation Failure)  123516K->92044K(141312K), 0,0023606 secs]
421,040: [GC (Allocation Failure)  118668K->97884K(139776K), 0,0031217 secs]
421,078: [GC (Allocation Failure)  123484K->92076K(140800K), 0,0045055 secs]
421,111: [GC (Allocation Failure)  117676K->96860K(141312K), 0,0046298 secs]
421,153: [GC (Allocation Failure)  123484K->92012K(141312K), 0,0033720 secs]
421,185: [GC (Allocation Failure)  118636K->97860K(140288K), 0,0047127 secs]
421,224: [GC (Allocation Failure)  123460K->92052K(140800K), 0,0018514 secs]
421,251: [GC (Allocation Failure)  117652K->96804K(141312K), 0,0027762 secs]
421,288: [GC (Allocation Failure)  123428K->92020K(141312K), 0,0019776 secs]
421,315: [GC (Allocation Failure)  118644K->97804K(140288K), 0,0030344 secs]
421,353: [GC (Allocation Failure)  123404K->91964K(140800K), 0,0018950 secs]
421,380: [GC (Allocation Failure)  117564K->96756K(141312K), 0,0027704 secs]
421,418: [GC (Allocation Failure)  123380K->91940K(141312K), 0,0033761 secs]
421,446: [GC (Allocation Failure)  118564K->97756K(140288K), 0,0029340 secs]
421,484: [GC (Allocation Failure)  123356K->91948K(140800K), 0,0021524 secs]
421,512: [GC (Allocation Failure)  117548K->96732K(141312K), 0,0036800 secs]
421,548: [GC (Allocation Failure)  123356K->91884K(141312K), 0,0017008 secs]
421,571: [GC (Allocation Failure)  118508K->97756K(140288K), 0,0015460 secs]
421,604: [GC (Allocation Failure)  123356K->91892K(140800K), 0,0007471 secs]
421,625: [GC (Allocation Failure)  117492K->96708K(141312K), 0,0020643 secs]
421,659: [GC (Allocation Failure)  123332K->91860K(141312K), 0,0008571 secs]
421,681: [GC (Allocation Failure)  118484K->97668K(141312K), 0,0015010 secs]
421,715: [GC (Allocation Failure)  124292K->92916K(141312K), 0,0008297 secs]
421,737: [GC (Allocation Failure)  119540K->98724K(140288K), 0,0016007 secs]
421,771: [GC (Allocation Failure)  124324K->92852K(140800K), 0,0009076 secs]
421,793: [GC (Allocation Failure)  118452K->97636K(140288K), 0,0015098 secs]
421,827: [GC (Allocation Failure)  123236K->91764K(140800K), 0,0016127 secs]
421,849: [GC (Allocation Failure)  117364K->96580K(141312K), 0,0013465 secs]
421,882: [GC (Allocation Failure)  123204K->91796K(141312K), 0,0017223 secs]
421,905: [GC (Allocation Failure)  118420K->97572K(141312K), 0,0057154 secs]
421,943: [GC (Allocation Failure)  124196K->92756K(141312K), 0,0008463 secs]
421,970: [GC (Allocation Failure)  119380K->98596K(140288K), 0,0052647 secs]
422,011: [GC (Allocation Failure)  124196K->92724K(140800K), 0,0024676 secs]
422,037: [GC (Allocation Failure)  118324K->97508K(140288K), 0,0082801 secs]
422,080: [GC (Allocation Failure)  123108K->91708K(140800K), 0,0041389 secs]
422,107: [GC (Allocation Failure)  117308K->96492K(141312K), 0,0035798 secs]
422,144: [GC (Allocation Failure)  123116K->91676K(141312K), 0,0012607 secs]
422,169: [GC (Allocation Failure)  118300K->97484K(141312K), 0,0029632 secs]
422,204: [GC (Allocation Failure)  124108K->92700K(141312K), 0,0015035 secs]
422,229: [GC (Allocation Failure)  119324K->98540K(139776K), 0,0022753 secs]
422,263: [GC (Allocation Failure)  124140K->92684K(140800K), 0,0056516 secs]
422,291: [GC (Allocation Failure)  118284K->97468K(141312K), 0,0017453 secs]
422,326: [GC (Allocation Failure)  124092K->92652K(141312K), 0,0033028 secs]
422,351: [GC (Allocation Failure)  119276K->98492K(140288K), 0,0018884 secs]
422,386: [GC (Allocation Failure)  124092K->92652K(140800K), 0,0022825 secs]
422,410: [GC (Allocation Failure)  118252K->97436K(141312K), 0,0029630 secs]
422,446: [GC (Allocation Failure)  124060K->92588K(141312K), 0,0024818 secs]
422,474: [GC (Allocation Failure)  119212K->98396K(140288K), 0,0081498 secs]
422,515: [GC (Allocation Failure)  123996K->92588K(140800K), 0,0026501 secs]
422,540: [GC (Allocation Failure)  118188K->97380K(141312K), 0,0016535 secs]
422,575: [GC (Allocation Failure)  124004K->92572K(141312K), 0,0023058 secs]
422,599: [GC (Allocation Failure)  119196K->98412K(140288K), 0,0047817 secs]
422,637: [GC (Allocation Failure)  124012K->92540K(140800K), 0,0022383 secs]
422,661: [GC (Allocation Failure)  118140K->97356K(141312K), 0,0017006 secs]
422,696: [GC (Allocation Failure)  123980K->92508K(141312K), 0,0011895 secs]
422,719: [GC (Allocation Failure)  119132K->98348K(141312K), 0,0019466 secs]
422,754: [GC (Allocation Failure)  124972K->93596K(141312K), 0,0011610 secs]
422,777: [GC (Allocation Failure)  120220K->99148K(140288K), 0,0058821 secs]
422,816: [GC (Allocation Failure)  124748K->93340K(140800K), 0,0033613 secs]
422,841: [GC (Allocation Failure)  118940K->98092K(140288K), 0,0023808 secs]
422,876: [GC (Allocation Failure)  123692K->92220K(140800K), 0,0015801 secs]
422,899: [GC (Allocation Failure)  117820K->96972K(141312K), 0,0025193 secs]
422,935: [GC (Allocation Failure)  123596K->92204K(141312K), 0,0033568 secs]
422,967: [GC (Allocation Failure)  118828K->98044K(141312K), 0,0037662 secs]
423,004: [GC (Allocation Failure)  124668K->93228K(141312K), 0,0020733 secs]
423,030: [GC (Allocation Failure)  119852K->99068K(139776K), 0,0041275 secs]
423,069: [GC (Allocation Failure)  124668K->93228K(140800K), 0,0032764 secs]
423,101: [GC (Allocation Failure)  118828K->97980K(141312K), 0,0092662 secs]
423,145: [GC (Allocation Failure)  124604K->93212K(141312K), 0,0045785 secs]
423,175: [GC (Allocation Failure)  119836K->99020K(140288K), 0,0030651 secs]
423,213: [GC (Allocation Failure)  124620K->93180K(140800K), 0,0019107 secs]
423,239: [GC (Allocation Failure)  118780K->97964K(141312K), 0,0028091 secs]
423,275: [GC (Allocation Failure)  124588K->93180K(141312K), 0,0013185 secs]
423,300: [GC (Allocation Failure)  119804K->98996K(140288K), 0,0021979 secs]
423,335: [GC (Allocation Failure)  124596K->93124K(140800K), 0,0024196 secs]
423,360: [GC (Allocation Failure)  118724K->97908K(141312K), 0,0019636 secs]
423,395: [GC (Allocation Failure)  124532K->93124K(141312K), 0,0023725 secs]
423,421: [GC (Allocation Failure)  119748K->98932K(140288K), 0,0024631 secs]
423,456: [GC (Allocation Failure)  124532K->93124K(140800K), 0,0013457 secs]
423,480: [GC (Allocation Failure)  118724K->97884K(141312K), 0,0020338 secs]
423,515: [GC (Allocation Failure)  124508K->93036K(141312K), 0,0028971 secs]
423,541: [GC (Allocation Failure)  119660K->98876K(140288K), 0,0041951 secs]
423,581: [GC (Allocation Failure)  124476K->93068K(140800K), 0,0031490 secs]
423,608: [GC (Allocation Failure)  118668K->97820K(141312K), 0,0024648 secs]
423,647: [GC (Allocation Failure)  124444K->93036K(141312K), 0,0031466 secs]
423,678: [GC (Allocation Failure)  119660K->98844K(141312K), 0,0084734 secs]
423,720: [GC (Allocation Failure)  125468K->93996K(141312K), 0,0063573 secs]
423,751: [GC (Allocation Failure)  120620K->99836K(140288K), 0,0037392 secs]
423,787: [GC (Allocation Failure)  125436K->93996K(140800K), 0,0028518 secs]
423,812: [GC (Allocation Failure)  119596K->98780K(140288K), 0,0032401 secs]
423,848: [GC (Allocation Failure)  124380K->92940K(140800K), 0,0062006 secs]
423,876: [GC (Allocation Failure)  118540K->97724K(141312K), 0,0043052 secs]
423,913: [GC (Allocation Failure)  124348K->92940K(141312K), 0,0009438 secs]
423,936: [GC (Allocation Failure)  119564K->98716K(141312K), 0,0026675 secs]
423,972: [GC (Allocation Failure)  125340K->93932K(141312K), 0,0039189 secs]
423,998: [GC (Allocation Failure)  120556K->99780K(140288K), 0,0017439 secs]
424,038: [GC (Allocation Failure)  125380K->93908K(140800K), 0,0034144 secs]
424,067: [GC (Allocation Failure)  119508K->98692K(140288K), 0,0028409 secs]
424,102: [GC (Allocation Failure)  124292K->92820K(140800K), 0,0028149 secs]
424,127: [GC (Allocation Failure)  118420K->97636K(141312K), 0,0020944 secs]
424,162: [GC (Allocation Failure)  124260K->92820K(141312K), 0,0012207 secs]
424,187: [GC (Allocation Failure)  119444K->98668K(141312K), 0,0020123 secs]
424,221: [GC (Allocation Failure)  125292K->93852K(141312K), 0,0043891 secs]
424,249: [GC (Allocation Failure)  120476K->99692K(139776K), 0,0021901 secs]
424,283: [GC (Allocation Failure)  125292K->93852K(140800K), 0,0013214 secs]
424,308: [GC (Allocation Failure)  119452K->98636K(141312K), 0,0020283 secs]
424,342: [GC (Allocation Failure)  125260K->93788K(141312K), 0,0029209 secs]
424,368: [GC (Allocation Failure)  120412K->99628K(140288K), 0,0024315 secs]
424,403: [GC (Allocation Failure)  125228K->93788K(140800K), 0,0012908 secs]
424,430: [GC (Allocation Failure)  119388K->98540K(141312K), 0,0048151 secs]
424,470: [GC (Allocation Failure)  125164K->93756K(141312K), 0,0021729 secs]
424,496: [GC (Allocation Failure)  120380K->99564K(140288K), 0,0057613 secs]
424,534: [GC (Allocation Failure)  125164K->93724K(140800K), 0,0069597 secs]
424,565: [GC (Allocation Failure)  119324K->98508K(141312K), 0,0054584 secs]
424,605: [GC (Allocation Failure)  125132K->93732K(141312K), 0,0017879 secs]
424,632: [GC (Allocation Failure)  120356K->99548K(140288K), 0,0030093 secs]
424,668: [GC (Allocation Failure)  125148K->93708K(140800K), 0,0029372 secs]
424,693: [GC (Allocation Failure)  119308K->98492K(141312K), 0,0041890 secs]
424,730: [GC (Allocation Failure)  125116K->93644K(141312K), 0,0029238 secs]
424,755: [GC (Allocation Failure)  120268K->99484K(140288K), 0,0051566 secs]
424,793: [GC (Allocation Failure)  125084K->93652K(140800K), 0,0043769 secs]
424,819: [GC (Allocation Failure)  119252K->98444K(141312K), 0,0017491 secs]
424,854: [GC (Allocation Failure)  125068K->93628K(141312K), 0,0008488 secs]
424,877: [GC (Allocation Failure)  120252K->99468K(141312K), 0,0016403 secs]
424,912: [GC (Allocation Failure)  126092K->94652K(141312K), 0,0010700 secs]
424,939: [GC (Allocation Failure)  121276K->100460K(140288K), 0,0075333 secs]
424,979: [GC (Allocation Failure)  126060K->94620K(140800K), 0,0072516 secs]
425,008: [GC (Allocation Failure)  120220K->99404K(140288K), 0,0027077 secs]
425,044: [GC (Allocation Failure)  125004K->93572K(140800K), 0,0022693 secs]
425,068: [GC (Allocation Failure)  119172K->98356K(141312K), 0,0016138 secs]
425,103: [GC (Allocation Failure)  124980K->93580K(141312K), 0,0009695 secs]
425,126: [GC (Allocation Failure)  120204K->99388K(141312K), 0,0070083 secs]
425,166: [GC (Allocation Failure)  126012K->94572K(141312K), 0,0011054 secs]
425,189: [GC (Allocation Failure)  121196K->100380K(140288K), 0,0018568 secs]
425,224: [GC (Allocation Failure)  125980K->94540K(140800K), 0,0011435 secs]
425,247: [GC (Allocation Failure)  120140K->99324K(140288K), 0,0017153 secs]
425,282: [GC (Allocation Failure)  124924K->93484K(140800K), 0,0010603 secs]
425,305: [GC (Allocation Failure)  119084K->98268K(141312K), 0,0015613 secs]
425,340: [GC (Allocation Failure)  124892K->93428K(141312K), 0,0009856 secs]
425,363: [GC (Allocation Failure)  120052K->99276K(141312K), 0,0019389 secs]
425,398: [GC (Allocation Failure)  125900K->94492K(141312K), 0,0012748 secs]
425,424: [GC (Allocation Failure)  121116K->100332K(139776K), 0,0021542 secs]
425,458: [GC (Allocation Failure)  125932K->94508K(140800K), 0,0016542 secs]
425,483: [GC (Allocation Failure)  120108K->99228K(141312K), 0,0066272 secs]
425,523: [GC (Allocation Failure)  125852K->94444K(141312K), 0,0012024 secs]
425,546: [GC (Allocation Failure)  121068K->100252K(140288K), 0,0051321 secs]
425,583: [GC (Allocation Failure)  125852K->94412K(140800K), 0,0014870 secs]
425,606: [GC (Allocation Failure)  120012K->99196K(141312K), 0,0013520 secs]
425,639: [GC (Allocation Failure)  125820K->94412K(141312K), 0,0007324 secs]
425,661: [GC (Allocation Failure)  121036K->100220K(140288K), 0,0032036 secs]
425,696: [GC (Allocation Failure)  125820K->94380K(140800K), 0,0007628 secs]
425,718: [GC (Allocation Failure)  119980K->99164K(141312K), 0,0013813 secs]
425,752: [GC (Allocation Failure)  125788K->94380K(141312K), 0,0008370 secs]
425,774: [GC (Allocation Failure)  121004K->100156K(140288K), 0,0014949 secs]
425,808: [GC (Allocation Failure)  125756K->94316K(140800K), 0,0010421 secs]
425,831: [GC (Allocation Failure)  119916K->99132K(141312K), 0,0014549 secs]
425,865: [GC (Allocation Failure)  125756K->94348K(141312K), 0,0008556 secs]
425,888: [GC (Allocation Failure)  120972K->100124K(141312K), 0,0023860 secs]
425,923: [GC (Allocation Failure)  126748K->95308K(141312K), 0,0016486 secs]
425,945: [GC (Allocation Failure)  121932K->101180K(140288K), 0,0026926 secs]
425,981: [GC (Allocation Failure)  126780K->95308K(140800K), 0,0010735 secs]
426,004: [GC (Allocation Failure)  120908K->100060K(140288K), 0,0026737 secs]
426,040: [GC (Allocation Failure)  125660K->94252K(140800K), 0,0008491 secs]
426,065: [GC (Allocation Failure)  119852K->99004K(141312K), 0,0047190 secs]
426,107: [GC (Allocation Failure)  125628K->94236K(141312K), 0,0031254 secs]
426,139: [GC (Allocation Failure)  120860K->100044K(141312K), 0,0049292 secs]
426,181: [GC (Allocation Failure)  126668K->95228K(141312K), 0,0031645 secs]
426,210: [GC (Allocation Failure)  121852K->101076K(140288K), 0,0030438 secs]
426,246: [GC (Allocation Failure)  126676K->95204K(140800K), 0,0023136 secs]
426,270: [GC (Allocation Failure)  120804K->100028K(140288K), 0,0015924 secs]
426,304: [GC (Allocation Failure)  125628K->94188K(140800K), 0,0009150 secs]
426,327: [GC (Allocation Failure)  119788K->98940K(141312K), 0,0026739 secs]
426,366: [GC (Allocation Failure)  125564K->94092K(141312K), 0,0046937 secs]
426,394: [GC (Allocation Failure)  120716K->99964K(141312K), 0,0027559 secs]
426,430: [GC (Allocation Failure)  126588K->95148K(141312K), 0,0029406 secs]
426,456: [GC (Allocation Failure)  121772K->100988K(140288K), 0,0041394 secs]
426,492: [GC (Allocation Failure)  126588K->95148K(140800K), 0,0022342 secs]
426,516: [GC (Allocation Failure)  120748K->99900K(141312K), 0,0036532 secs]
426,553: [GC (Allocation Failure)  126524K->95084K(141312K), 0,0033972 secs]
426,580: [GC (Allocation Failure)  121708K->100924K(140288K), 0,0022866 secs]
426,615: [GC (Allocation Failure)  126524K->95084K(140800K), 0,0043816 secs]
426,642: [GC (Allocation Failure)  120684K->99836K(141312K), 0,0033432 secs]
426,678: [GC (Allocation Failure)  126460K->95020K(141312K), 0,0024593 secs]
426,702: [GC (Allocation Failure)  121644K->100836K(140288K), 0,0056878 secs]
426,743: [GC (Allocation Failure)  126436K->95044K(140800K), 0,0021381 secs]
426,770: [GC (Allocation Failure)  120644K->99796K(141312K), 0,0051442 secs]
426,807: [GC (Allocation Failure)  126420K->94828K(141312K), 0,0099806 secs]
426,839: [GC (Allocation Failure)  121452K->100636K(140288K), 0,0037640 secs]
426,875: [GC (Allocation Failure)  126236K->94828K(140800K), 0,0015329 secs]
426,897: [GC (Allocation Failure)  120428K->99580K(141312K), 0,0014046 secs]
426,929: [GC (Allocation Failure)  126204K->94804K(141312K), 0,0014841 secs]
426,951: [GC (Allocation Failure)  121428K->100612K(141312K), 0,0023212 secs]
426,985: [GC (Allocation Failure)  127236K->95796K(141312K), 0,0016201 secs]
427,007: [GC (Allocation Failure)  122420K->101612K(140288K), 0,0015616 secs]
427,041: [GC (Allocation Failure)  127212K->95804K(140800K), 0,0016359 secs]
427,065: [GC (Allocation Failure)  121404K->100620K(140288K), 0,0047090 secs]
427,107: [GC (Allocation Failure)  126220K->94764K(140800K), 0,0032699 secs]
427,139: [GC (Allocation Failure)  120364K->99556K(141312K), 0,0045703 secs]
427,181: [GC (Allocation Failure)  126180K->94780K(141312K), 0,0034903 secs]
427,211: [GC (Allocation Failure)  121404K->100556K(141312K), 0,0037780 secs]
427,247: [GC (Allocation Failure)  127180K->95772K(141312K), 0,0011259 secs]
427,270: [GC (Allocation Failure)  122396K->101588K(140288K), 0,0019161 secs]
427,305: [GC (Allocation Failure)  127188K->95748K(140800K), 0,0036379 secs]
427,331: [GC (Allocation Failure)  121348K->100500K(141312K), 0,0031859 secs]
427,367: [GC (Allocation Failure)  127124K->95716K(141312K), 0,0034610 secs]
427,392: [GC (Allocation Failure)  122340K->101524K(140288K), 0,0031588 secs]
427,428: [GC (Allocation Failure)  127124K->95692K(140800K), 0,0040191 secs]
427,454: [GC (Allocation Failure)  121292K->100476K(140288K), 0,0030783 secs]
427,490: [GC (Allocation Failure)  126076K->94636K(140800K), 0,0022808 secs]
427,514: [GC (Allocation Failure)  120236K->99428K(141312K), 0,0016314 secs]
427,549: [GC (Allocation Failure)  126052K->94644K(141312K), 0,0021354 secs]
427,573: [GC (Allocation Failure)  121268K->100452K(141312K), 0,0017948 secs]
427,608: [GC (Allocation Failure)  127076K->95636K(141312K), 0,0018541 secs]
427,633: [GC (Allocation Failure)  122260K->101412K(140800K), 0,0039213 secs]
427,669: [GC (Allocation Failure)  128036K->96660K(141312K), 0,0013560 secs]
427,694: [GC (Allocation Failure)  123284K->102436K(139776K), 0,0041070 secs]
427,730: [GC (Allocation Failure)  128036K->96628K(140800K), 0,0015022 secs]
427,754: [GC (Allocation Failure)  122228K->101412K(140288K), 0,0049454 secs]
427,792: [GC (Allocation Failure)  127012K->95604K(140800K), 0,0010989 secs]
427,815: [GC (Allocation Failure)  121204K->100324K(141312K), 0,0075660 secs]
427,855: [GC (Allocation Failure)  126436K->94996K(140800K), 0,0007923 secs]
427,878: [GC (Allocation Failure)  121108K->100324K(141312K), 0,0025285 secs]
427,912: [GC (Allocation Failure)  126948K->95476K(141312K), 0,0009070 secs]
427,935: [GC (Allocation Failure)  122100K->101348K(140288K), 0,0016323 secs]
427,969: [GC (Allocation Failure)  126948K->95508K(140800K), 0,0043884 secs]
427,995: [GC (Allocation Failure)  121108K->100260K(141312K), 0,0016594 secs]
428,029: [GC (Allocation Failure)  126884K->95444K(141312K), 0,0008817 secs]
428,052: [GC (Allocation Failure)  122068K->101252K(141312K), 0,0042953 secs]
428,089: [GC (Allocation Failure)  127876K->96468K(141312K), 0,0010487 secs]
428,112: [GC (Allocation Failure)  123092K->102284K(140288K), 0,0018434 secs]
428,147: [GC (Allocation Failure)  127884K->96444K(140800K), 0,0042606 secs]
428,173: [GC (Allocation Failure)  122044K->101228K(140288K), 0,0027741 secs]
428,209: [GC (Allocation Failure)  126828K->95356K(140800K), 0,0010851 secs]
428,232: [GC (Allocation Failure)  120956K->100140K(141312K), 0,0031633 secs]
428,268: [GC (Allocation Failure)  126764K->95356K(141312K), 0,0010235 secs]
428,291: [GC (Allocation Failure)  121980K->101196K(141312K), 0,0027114 secs]
428,327: [GC (Allocation Failure)  127820K->96380K(141312K), 0,0010508 secs]
428,350: [GC (Allocation Failure)  123004K->102220K(140288K), 0,0019400 secs]
428,385: [GC (Allocation Failure)  127820K->96348K(140800K), 0,0022888 secs]
428,409: [GC (Allocation Failure)  121948K->101164K(140288K), 0,0017508 secs]
428,444: [GC (Allocation Failure)  126764K->95292K(140800K), 0,0009773 secs]
428,467: [GC (Allocation Failure)  120892K->100076K(141312K), 0,0015423 secs]
428,501: [GC (Allocation Failure)  126700K->95292K(141312K), 0,0073643 secs]
428,530: [GC (Allocation Failure)  121916K->101068K(141312K), 0,0015210 secs]
428,564: [GC (Allocation Failure)  127692K->96284K(141312K), 0,0018936 secs]
428,587: [GC (Allocation Failure)  122908K->102100K(139776K), 0,0016683 secs]
428,621: [GC (Allocation Failure)  127700K->96292K(140800K), 0,0019412 secs]
428,646: [GC (Allocation Failure)  121892K->101076K(141312K), 0,0015208 secs]
428,679: [GC (Allocation Failure)  127700K->96292K(141312K), 0,0008913 secs]
428,706: [GC (Allocation Failure)  122916K->102036K(140288K), 0,0068461 secs]
428,746: [GC (Allocation Failure)  127636K->96228K(140800K), 0,0013770 secs]
428,770: [GC (Allocation Failure)  121828K->101044K(141312K), 0,0020077 secs]
428,805: [GC (Allocation Failure)  127668K->96228K(141312K), 0,0012812 secs]
428,830: [GC (Allocation Failure)  122852K->101980K(140288K), 0,0070082 secs]
428,869: [GC (Allocation Failure)  127580K->96180K(140800K), 0,0016071 secs]
428,893: [GC (Allocation Failure)  121780K->100964K(141312K), 0,0021935 secs]
428,929: [GC (Allocation Failure)  127588K->96148K(141312K), 0,0013192 secs]
428,954: [GC (Allocation Failure)  122772K->101956K(140288K), 0,0022088 secs]
428,989: [GC (Allocation Failure)  127556K->96116K(140800K), 0,0016326 secs]
429,014: [GC (Allocation Failure)  121716K->100900K(141312K), 0,0040227 secs]
429,051: [GC (Allocation Failure)  127524K->96116K(141312K), 0,0016081 secs]
429,076: [GC (Allocation Failure)  122740K->101956K(141312K), 0,0027542 secs]
429,111: [GC (Allocation Failure)  128580K->97076K(141312K), 0,0026281 secs]
429,137: [GC (Allocation Failure)  123700K->102916K(140288K), 0,0028479 secs]
429,173: [GC (Allocation Failure)  128516K->97076K(140800K), 0,0038613 secs]
429,200: [GC (Allocation Failure)  122676K->101860K(140288K), 0,0046017 secs]
429,237: [GC (Allocation Failure)  127460K->96028K(140800K), 0,0030379 secs]
429,262: [GC (Allocation Failure)  121628K->100844K(141312K), 0,0019022 secs]
429,297: [GC (Allocation Failure)  127468K->96028K(141312K), 0,0039068 secs]
429,323: [GC (Allocation Failure)  122652K->101844K(141312K), 0,0020348 secs]
429,358: [GC (Allocation Failure)  128468K->97028K(141312K), 0,0013624 secs]
429,382: [GC (Allocation Failure)  123652K->102836K(140288K), 0,0040712 secs]
429,418: [GC (Allocation Failure)  128436K->96996K(140800K), 0,0033347 secs]
429,443: [GC (Allocation Failure)  122596K->101780K(140288K), 0,0055119 secs]
429,482: [GC (Allocation Failure)  127380K->95940K(140800K), 0,0014502 secs]
429,506: [GC (Allocation Failure)  121540K->100724K(141312K), 0,0016118 secs]
429,540: [GC (Allocation Failure)  127348K->95908K(141312K), 0,0033667 secs]
429,565: [GC (Allocation Failure)  122532K->101716K(141312K), 0,0021803 secs]
429,598: [GC (Allocation Failure)  128340K->96932K(141312K), 0,0007820 secs]
429,619: [GC (Allocation Failure)  123556K->102772K(139776K), 0,0016015 secs]
429,652: [GC (Allocation Failure)  128372K->96900K(140800K), 0,0015362 secs]
429,675: [GC (Allocation Failure)  122500K->101684K(141312K), 0,0015541 secs]
429,709: [GC (Allocation Failure)  128308K->96868K(141312K), 0,0007705 secs]
429,731: [GC (Allocation Failure)  123492K->102708K(140288K), 0,0023392 secs]
429,764: [GC (Allocation Failure)  128308K->96836K(140800K), 0,0026077 secs]
429,788: [GC (Allocation Failure)  122436K->101652K(141312K), 0,0013512 secs]
429,822: [GC (Allocation Failure)  128276K->96868K(141312K), 0,0007752 secs]
429,845: [GC (Allocation Failure)  123492K->102676K(140288K), 0,0014955 secs]
429,879: [GC (Allocation Failure)  128276K->96804K(140800K), 0,0016608 secs]
429,902: [GC (Allocation Failure)  122404K->101588K(141312K), 0,0023110 secs]
429,937: [GC (Allocation Failure)  128212K->96740K(141312K), 0,0008627 secs]
429,960: [GC (Allocation Failure)  123364K->102612K(140288K), 0,0015991 secs]
429,994: [GC (Allocation Failure)  128212K->96772K(140800K), 0,0010013 secs]
430,017: [GC (Allocation Failure)  122372K->101524K(141312K), 0,0022506 secs]
430,050: [GC (Allocation Failure)  128148K->96708K(141312K), 0,0023381 secs]
430,074: [GC (Allocation Failure)  123332K->102580K(140288K), 0,0018676 secs]
430,109: [GC (Allocation Failure)  128180K->96708K(140800K), 0,0021139 secs]
430,133: [GC (Allocation Failure)  122308K->101492K(141312K), 0,0027303 secs]
430,169: [GC (Allocation Failure)  128116K->96708K(141312K), 0,0010305 secs]
430,192: [GC (Allocation Failure)  123332K->102516K(141312K), 0,0021446 secs]
430,227: [GC (Allocation Failure)  129140K->97700K(141312K), 0,0022243 secs]
430,251: [GC (Allocation Failure)  124324K->103508K(140288K), 0,0018505 secs]
430,286: [GC (Allocation Failure)  129108K->97636K(140800K), 0,0028514 secs]
430,311: [GC (Allocation Failure)  123236K->102452K(140288K), 0,0031420 secs]
430,347: [GC (Allocation Failure)  128052K->96612K(140800K), 0,0021012 secs]
430,371: [GC (Allocation Failure)  122212K->101404K(141312K), 0,0016411 secs]
430,405: [GC (Allocation Failure)  128028K->96620K(141312K), 0,0010215 secs]
430,429: [GC (Allocation Failure)  123244K->102428K(141312K), 0,0029225 secs]
430,469: [GC (Allocation Failure)  129052K->97612K(141312K), 0,0040072 secs]
430,500: [GC (Allocation Failure)  124236K->103388K(140288K), 0,0034187 secs]
430,537: [GC (Allocation Failure)  128988K->97612K(140800K), 0,0033521 secs]
430,564: [GC (Allocation Failure)  123212K->102404K(140288K), 0,0022126 secs]
430,600: [GC (Allocation Failure)  128004K->96500K(140800K), 0,0013596 secs]
430,624: [GC (Allocation Failure)  122100K->101292K(141312K), 0,0032099 secs]
430,659: [GC (Allocation Failure)  127916K->96540K(141312K), 0,0037321 secs]
430,691: [GC (Allocation Failure)  123164K->102348K(141312K), 0,0045001 secs]
430,730: [GC (Allocation Failure)  128972K->97532K(141312K), 0,0034068 secs]
430,757: [GC (Allocation Failure)  124156K->103372K(139776K), 0,0024745 secs]
430,792: [GC (Allocation Failure)  128972K->97308K(140800K), 0,0016494 secs]
430,816: [GC (Allocation Failure)  122908K->102092K(141312K), 0,0034665 secs]
430,850: [GC (Allocation Failure)  128716K->97276K(141312K), 0,0008124 secs]
430,872: [GC (Allocation Failure)  123900K->103052K(140288K), 0,0023686 secs]
430,907: [GC (Allocation Failure)  128652K->97212K(140800K), 0,0007763 secs]
430,928: [GC (Allocation Failure)  122812K->101964K(141312K), 0,0024566 secs]
430,961: [GC (Allocation Failure)  128588K->97180K(141312K), 0,0007988 secs]
430,982: [GC (Allocation Failure)  123804K->102988K(141312K), 0,0023061 secs]
431,016: [GC (Allocation Failure)  129612K->98204K(141312K), 0,0008371 secs]
431,038: [GC (Allocation Failure)  124828K->104044K(140288K), 0,0016077 secs]
431,071: [GC (Allocation Failure)  129644K->98172K(140800K), 0,0009062 secs]
431,093: [GC (Allocation Failure)  123772K->102956K(140288K), 0,0015829 secs]
431,126: [GC (Allocation Failure)  128556K->97132K(140800K), 0,0007759 secs]
431,149: [GC (Allocation Failure)  122732K->101916K(141312K), 0,0022138 secs]
431,183: [GC (Allocation Failure)  128540K->97100K(141312K), 0,0007564 secs]
431,206: [GC (Allocation Failure)  123724K->102908K(141312K), 0,0053491 secs]
431,245: [GC (Allocation Failure)  129532K->98124K(141312K), 0,0044379 secs]
431,274: [GC (Allocation Failure)  124748K->103964K(140288K), 0,0058936 secs]
431,314: [GC (Allocation Failure)  129564K->98092K(140800K), 0,0047918 secs]
431,347: [GC (Allocation Failure)  123692K->102876K(140288K), 0,0058223 secs]
431,386: [GC (Allocation Failure)  128476K->97044K(140800K), 0,0023057 secs]
431,412: [GC (Allocation Failure)  122644K->101828K(141312K), 0,0037537 secs]
431,448: [GC (Allocation Failure)  128452K->96980K(141312K), 0,0017748 secs]
431,475: [GC (Allocation Failure)  123604K->102860K(141312K), 0,0045842 secs]
431,515: [GC (Allocation Failure)  129484K->98012K(141312K), 0,0040244 secs]
431,547: [GC (Allocation Failure)  124636K->103852K(140288K), 0,0038925 secs]
431,585: [GC (Allocation Failure)  129452K->98012K(140800K), 0,0060847 secs]
431,615: [GC (Allocation Failure)  123612K->102796K(141312K), 0,0021391 secs]
431,653: [GC (Allocation Failure)  129420K->97980K(141312K), 0,0018265 secs]
431,680: [GC (Allocation Failure)  124604K->103796K(140288K), 0,0024931 secs]
431,716: [GC (Allocation Failure)  129396K->97996K(140800K), 0,0016112 secs]
431,743: [GC (Allocation Failure)  123596K->102788K(141312K), 0,0025205 secs]
431,778: [GC (Allocation Failure)  129412K->97972K(141312K), 0,0033194 secs]
431,810: [GC (Allocation Failure)  124596K->103780K(140288K), 0,0106920 secs]
431,858: [GC (Allocation Failure)  129380K->97956K(140800K), 0,0008407 secs]
431,879: [GC (Allocation Failure)  123556K->102716K(141312K), 0,0024485 secs]
431,912: [GC (Allocation Failure)  129340K->97932K(141312K), 0,0019884 secs]
431,935: [GC (Allocation Failure)  124556K->103772K(140288K), 0,0053427 secs]
431,973: [GC (Allocation Failure)  129372K->97900K(140800K), 0,0008326 secs]
431,994: [GC (Allocation Failure)  123500K->102724K(141312K), 0,0014034 secs]
432,026: [GC (Allocation Failure)  129348K->97876K(141312K), 0,0019972 secs]
432,049: [GC (Allocation Failure)  124500K->103684K(140288K), 0,0044127 secs]
432,090: [GC (Allocation Failure)  129284K->97844K(140800K), 0,0059310 secs]
432,120: [GC (Allocation Failure)  123444K->102660K(141312K), 0,0016889 secs]
432,155: [GC (Allocation Failure)  129284K->97852K(141312K), 0,0010061 secs]
432,178: [GC (Allocation Failure)  124476K->103660K(141312K), 0,0030172 secs]
432,217: [GC (Allocation Failure)  130284K->98852K(141312K), 0,0055004 secs]
432,246: [GC (Allocation Failure)  125476K->104692K(140288K), 0,0038482 secs]
432,285: [GC (Allocation Failure)  130292K->98852K(140800K), 0,0042800 secs]
432,314: [GC (Allocation Failure)  124452K->103644K(140288K), 0,0028127 secs]
432,352: [GC (Allocation Failure)  129244K->97804K(140800K), 0,0032910 secs]
432,384: [GC (Allocation Failure)  123404K->102588K(141312K), 0,0044377 secs]
432,424: [GC (Allocation Failure)  129212K->97780K(141312K), 0,0021234 secs]
432,451: [GC (Allocation Failure)  124404K->103620K(141312K), 0,0033478 secs]
432,490: [GC (Allocation Failure)  130244K->98772K(141312K), 0,0059096 secs]
432,520: [GC (Allocation Failure)  125396K->104612K(140288K), 0,0026722 secs]
432,556: [GC (Allocation Failure)  130212K->98804K(140800K), 0,0036769 secs]
432,587: [GC (Allocation Failure)  124404K->103588K(140288K), 0,0056033 secs]
432,632: [GC (Allocation Failure)  129188K->97724K(140800K), 0,0010399 secs]
432,654: [GC (Allocation Failure)  123324K->102476K(141312K), 0,0012984 secs]
432,689: [GC (Allocation Failure)  129100K->97692K(141312K), 0,0016324 secs]
432,713: [GC (Allocation Failure)  124316K->103500K(141312K), 0,0042187 secs]
432,750: [GC (Allocation Failure)  130124K->98684K(141312K), 0,0033040 secs]
432,782: [GC (Allocation Failure)  125308K->104532K(139776K), 0,0077030 secs]
432,824: [GC (Allocation Failure)  130132K->98692K(140800K), 0,0019109 secs]
432,851: [GC (Allocation Failure)  124292K->103476K(141312K), 0,0029041 secs]
432,888: [GC (Allocation Failure)  130100K->98660K(141312K), 0,0019761 secs]
432,914: [GC (Allocation Failure)  125284K->104476K(140288K), 0,0037305 secs]
432,952: [GC (Allocation Failure)  130076K->98604K(140800K), 0,0024277 secs]
432,979: [GC (Allocation Failure)  124204K->103420K(141312K), 0,0028966 secs]
433,016: [GC (Allocation Failure)  130044K->98604K(141312K), 0,0020233 secs]
433,042: [GC (Allocation Failure)  125228K->104380K(140288K), 0,0027515 secs]
433,082: [GC (Allocation Failure)  129980K->98572K(140800K), 0,0072518 secs]
433,114: [GC (Allocation Failure)  124172K->103324K(141312K), 0,0044069 secs]
433,151: [GC (Allocation Failure)  129948K->98540K(141312K), 0,0042724 secs]
433,180: [GC (Allocation Failure)  125164K->104420K(140288K), 0,0051704 secs]
433,224: [GC (Allocation Failure)  130020K->98516K(140800K), 0,0080210 secs]
433,258: [GC (Allocation Failure)  124116K->103332K(141312K), 0,0043220 secs]
433,295: [GC (Allocation Failure)  129956K->98516K(141312K), 0,0024696 secs]
433,322: [GC (Allocation Failure)  125140K->104356K(140288K), 0,0037424 secs]
433,361: [GC (Allocation Failure)  129956K->98516K(140800K), 0,0022929 secs]
433,388: [GC (Allocation Failure)  124116K->103300K(141312K), 0,0033406 secs]
433,425: [GC (Allocation Failure)  129924K->98484K(141312K), 0,0054776 secs]
433,452: [GC (Allocation Failure)  125108K->104260K(141312K), 0,0014916 secs]
433,486: [GC (Allocation Failure)  130884K->99508K(141312K), 0,0082032 secs]
433,515: [GC (Allocation Failure)  126132K->105284K(140288K), 0,0015289 secs]
433,547: [GC (Allocation Failure)  130884K->99444K(140800K), 0,0017634 secs]
433,570: [GC (Allocation Failure)  125044K->104236K(140288K), 0,0015270 secs]
433,603: [GC (Allocation Failure)  129836K->98396K(140800K), 0,0022670 secs]
433,626: [GC (Allocation Failure)  123996K->103188K(141312K), 0,0028783 secs]
433,660: [GC (Allocation Failure)  129812K->98412K(141312K), 0,0010952 secs]
433,682: [GC (Allocation Failure)  125036K->104220K(141312K), 0,0023787 secs]
433,716: [GC (Allocation Failure)  130844K->99412K(141312K), 0,0073786 secs]
433,752: [GC (Allocation Failure)  126036K->105252K(140288K), 0,0039028 secs]
433,791: [GC (Allocation Failure)  130852K->99380K(140800K), 0,0042578 secs]
433,822: [GC (Allocation Failure)  124980K->104164K(140288K), 0,0052530 secs]
433,861: [GC (Allocation Failure)  129764K->98324K(140800K), 0,0030217 secs]
433,886: [GC (Allocation Failure)  123924K->103076K(141312K), 0,0022516 secs]
433,919: [GC (Allocation Failure)  129700K->98308K(141312K), 0,0031550 secs]
433,951: [GC (Allocation Failure)  124932K->104124K(141312K), 0,0047756 secs]
433,991: [GC (Allocation Failure)  130748K->99308K(141312K), 0,0059263 secs]
434,019: [GC (Allocation Failure)  125932K->105188K(139776K), 0,0020226 secs]
434,054: [GC (Allocation Failure)  130788K->99316K(140800K), 0,0011240 secs]
434,079: [GC (Allocation Failure)  124916K->104100K(141312K), 0,0051734 secs]
434,121: [GC (Allocation Failure)  130724K->99316K(141312K), 0,0036762 secs]
434,153: [GC (Allocation Failure)  125940K->105132K(140288K), 0,0053917 secs]
434,196: [GC (Allocation Failure)  130732K->99260K(140800K), 0,0055836 secs]
434,225: [GC (Allocation Failure)  124860K->104076K(141312K), 0,0027503 secs]
434,265: [GC (Allocation Failure)  130700K->99260K(141312K), 0,0010966 secs]
434,288: [GC (Allocation Failure)  125884K->105068K(140288K), 0,0031211 secs]
434,325: [GC (Allocation Failure)  130668K->99236K(140800K), 0,0036468 secs]
434,352: [GC (Allocation Failure)  124836K->103996K(141312K), 0,0019994 secs]
434,389: [GC (Allocation Failure)  130620K->99212K(141312K), 0,0023068 secs]
434,416: [GC (Allocation Failure)  125836K->105020K(140288K), 0,0051308 secs]
434,458: [GC (Allocation Failure)  130620K->99180K(140800K), 0,0032017 secs]
434,487: [GC (Allocation Failure)  124780K->103972K(141312K), 0,0039115 secs]
434,526: [GC (Allocation Failure)  130596K->99188K(141312K), 0,0018057 secs]
434,552: [GC (Allocation Failure)  125812K->104996K(141312K), 0,0022727 secs]
434,587: [GC (Allocation Failure)  131620K->100156K(141312K), 0,0020988 secs]
434,613: [GC (Allocation Failure)  126780K->106036K(140288K), 0,0051767 secs]
434,657: [GC (Allocation Failure)  131636K->100196K(140800K), 0,0031371 secs]
434,684: [GC (Allocation Failure)  125796K->104956K(140288K), 0,0028973 secs]
434,722: [GC (Allocation Failure)  130556K->99156K(140800K), 0,0032674 secs]
434,753: [GC (Allocation Failure)  124756K->103908K(141312K), 0,0047688 secs]
434,794: [GC (Allocation Failure)  130532K->98900K(141312K), 0,0031565 secs]
434,819: [GC (Allocation Failure)  125524K->104780K(141312K), 0,0024170 secs]
434,854: [GC (Allocation Failure)  131404K->99932K(141312K), 0,0020764 secs]
434,877: [GC (Allocation Failure)  126556K->105740K(140288K), 0,0030022 secs]
434,912: [GC (Allocation Failure)  131340K->99908K(140800K), 0,0016993 secs]
434,934: [GC (Allocation Failure)  125508K->104596K(141312K), 0,0028214 secs]
434,967: [GC (Allocation Failure)  131220K->99812K(141312K), 0,0021515 secs]
434,990: [GC (Allocation Failure)  126436K->105652K(140288K), 0,0030976 secs]
435,024: [GC (Allocation Failure)  131252K->99812K(140800K), 0,0059077 secs]
435,051: [GC (Allocation Failure)  125412K->104596K(141312K), 0,0022792 secs]
435,085: [GC (Allocation Failure)  131220K->99780K(141312K), 0,0015647 secs]
435,108: [GC (Allocation Failure)  126404K->105620K(140288K), 0,0023062 secs]
435,142: [GC (Allocation Failure)  131220K->99780K(140800K), 0,0037672 secs]
435,167: [GC (Allocation Failure)  125380K->104532K(141312K), 0,0047510 secs]
435,205: [GC (Allocation Failure)  131156K->99756K(141312K), 0,0034484 secs]
435,238: [GC (Allocation Failure)  126380K->105612K(140288K), 0,0050543 secs]
435,281: [GC (Allocation Failure)  131212K->99748K(140800K), 0,0058839 secs]
435,315: [GC (Allocation Failure)  125348K->104532K(141312K), 0,0078592 secs]
435,361: [GC (Allocation Failure)  131156K->99756K(141312K), 0,0034104 secs]
435,392: [GC (Allocation Failure)  126380K->105564K(140288K), 0,0053672 secs]
435,435: [GC (Allocation Failure)  131164K->99732K(140800K), 0,0026355 secs]
435,462: [GC (Allocation Failure)  125332K->104516K(141312K), 0,0038448 secs]
435,502: [GC (Allocation Failure)  131140K->99700K(141312K), 0,0051757 secs]
435,532: [GC (Allocation Failure)  126324K->105540K(141312K), 0,0024580 secs]
435,568: [GC (Allocation Failure)  132164K->100692K(141312K), 0,0056539 secs]
435,598: [GC (Allocation Failure)  127316K->106500K(140288K), 0,0052061 secs]
435,638: [GC (Allocation Failure)  132100K->100724K(140800K), 0,0116195 secs]
435,673: [GC (Allocation Failure)  126324K->105444K(140288K), 0,0025695 secs]
435,706: [GC (Allocation Failure)  131044K->99604K(140800K), 0,0022376 secs]
435,729: [GC (Allocation Failure)  125204K->104388K(141312K), 0,0025331 secs]
435,762: [GC (Allocation Failure)  131012K->99572K(141312K), 0,0016644 secs]
435,784: [GC (Allocation Failure)  126196K->105412K(141312K), 0,0023229 secs]
435,819: [GC (Allocation Failure)  132036K->100596K(141312K), 0,0026559 secs]
435,842: [GC (Allocation Failure)  127220K->106404K(140288K), 0,0022943 secs]
435,877: [GC (Allocation Failure)  132004K->100564K(140800K), 0,0062383 secs]
435,907: [GC (Allocation Failure)  126164K->105316K(140288K), 0,0036323 secs]
435,947: [GC (Allocation Failure)  130916K->99508K(140800K), 0,0022214 secs]
435,971: [GC (Allocation Failure)  125108K->104292K(141312K), 0,0046611 secs]
436,006: [GC (Allocation Failure)  130916K->99476K(141312K), 0,0037022 secs]
436,030: [GC (Allocation Failure)  126100K->105284K(141312K), 0,0033562 secs]
436,065: [GC (Allocation Failure)  131908K->100500K(141312K), 0,0015608 secs]
436,087: [GC (Allocation Failure)  127124K->106308K(139776K), 0,0019211 secs]
436,121: [GC (Allocation Failure)  131908K->100516K(140800K), 0,0008325 secs]
436,144: [GC (Allocation Failure)  126116K->105300K(141312K), 0,0014187 secs]
436,177: [GC (Allocation Failure)  131924K->100484K(141312K), 0,0018838 secs]
436,201: [GC (Allocation Failure)  127108K->106292K(140288K), 0,0026899 secs]
436,236: [GC (Allocation Failure)  131892K->100452K(140800K), 0,0016289 secs]
436,259: [GC (Allocation Failure)  126052K->105276K(141312K), 0,0016744 secs]
436,297: [GC (Allocation Failure)  131900K->100460K(141312K), 0,0033119 secs]
436,329: [GC (Allocation Failure)  127084K->106268K(140288K), 0,0043192 secs]
436,368: [GC (Allocation Failure)  131868K->100396K(140800K), 0,0037291 secs]
436,400: [GC (Allocation Failure)  125996K->105212K(141312K), 0,0046979 secs]
436,442: [GC (Allocation Failure)  131836K->100396K(141312K), 0,0045883 secs]
436,475: [GC (Allocation Failure)  127020K->106204K(140288K), 0,0052805 secs]
436,515: [GC (Allocation Failure)  131804K->100396K(140800K), 0,0034012 secs]
436,547: [GC (Allocation Failure)  125996K->105156K(141312K), 0,0055495 secs]
436,588: [GC (Allocation Failure)  131780K->100340K(141312K), 0,0023373 secs]
436,614: [GC (Allocation Failure)  126964K->106148K(141312K), 0,0050885 secs]
436,652: [GC (Allocation Failure)  132772K->101364K(141312K), 0,0033739 secs]
436,680: [GC (Allocation Failure)  127988K->107172K(140288K), 0,0066357 secs]
436,719: [GC (Allocation Failure)  132772K->101300K(140800K), 0,0056751 secs]
436,747: [GC (Allocation Failure)  126900K->106116K(140288K), 0,0023174 secs]
436,781: [GC (Allocation Failure)  131716K->100276K(140800K), 0,0008200 secs]
436,802: [GC (Allocation Failure)  125876K->105068K(141312K), 0,0014675 secs]
436,835: [GC (Allocation Failure)  131692K->100220K(141312K), 0,0016930 secs]
436,858: [GC (Allocation Failure)  126844K->106068K(141312K), 0,0015112 secs]
436,896: [GC (Allocation Failure)  132692K->101324K(141312K), 0,0018354 secs]
436,921: [GC (Allocation Failure)  127948K->107100K(140288K), 0,0033654 secs]
436,960: [GC (Allocation Failure)  132700K->101260K(140800K), 0,0033987 secs]
436,991: [GC (Allocation Failure)  126860K->106076K(140288K), 0,0040217 secs]
437,031: [GC (Allocation Failure)  131676K->100172K(140800K), 0,0029356 secs]
437,056: [GC (Allocation Failure)  125772K->104988K(141312K), 0,0024914 secs]
437,093: [GC (Allocation Failure)  131612K->100220K(141312K), 0,0013528 secs]
437,121: [GC (Allocation Failure)  126844K->106004K(141312K), 0,0050717 secs]
437,163: [GC (Allocation Failure)  132628K->101220K(141312K), 0,0033773 secs]
437,195: [GC (Allocation Failure)  127844K->107028K(140288K), 0,0053453 secs]
437,236: [GC (Allocation Failure)  132628K->101220K(140800K), 0,0017118 secs]
437,260: [GC (Allocation Failure)  126820K->105972K(141312K), 0,0019657 secs]
437,298: [GC (Allocation Failure)  132596K->101196K(141312K), 0,0013885 secs]
437,325: [GC (Allocation Failure)  127820K->107004K(140288K), 0,0042036 secs]
437,364: [GC (Allocation Failure)  132604K->101140K(140800K), 0,0060312 secs]
437,398: [GC (Allocation Failure)  126740K->105924K(141312K), 0,0027399 secs]
437,433: [GC (Allocation Failure)  132548K->101140K(141312K), 0,0033065 secs]
437,465: [GC (Allocation Failure)  127764K->106948K(140288K), 0,0038687 secs]
437,506: [GC (Allocation Failure)  132548K->101076K(140800K), 0,0075393 secs]
437,536: [GC (Allocation Failure)  126676K->105908K(141312K), 0,0031286 secs]
437,571: [GC (Allocation Failure)  132532K->101092K(141312K), 0,0016230 secs]
437,595: [GC (Allocation Failure)  127716K->106900K(140288K), 0,0038508 secs]
437,634: [GC (Allocation Failure)  132500K->101060K(140800K), 0,0078584 secs]
437,667: [GC (Allocation Failure)  126660K->105844K(141312K), 0,0032485 secs]
437,705: [GC (Allocation Failure)  132468K->101028K(141312K), 0,0034937 secs]
437,735: [GC (Allocation Failure)  127652K->106908K(140288K), 0,0043475 secs]
437,772: [GC (Allocation Failure)  132508K->101004K(140800K), 0,0016193 secs]
437,798: [GC (Allocation Failure)  126604K->105820K(141312K), 0,0032780 secs]
437,834: [GC (Allocation Failure)  132444K->100972K(141312K), 0,0051861 secs]
437,862: [GC (Allocation Failure)  127596K->106820K(141312K), 0,0020080 secs]
437,897: [GC (Allocation Failure)  133444K->102004K(141312K), 0,0042839 secs]
437,924: [GC (Allocation Failure)  128628K->107820K(140288K), 0,0019686 secs]
437,958: [GC (Allocation Failure)  133420K->102044K(140800K), 0,0012662 secs]
437,981: [GC (Allocation Failure)  127644K->106796K(140288K), 0,0068689 secs]
438,023: [GC (Allocation Failure)  132396K->100956K(140800K), 0,0019287 secs]
438,053: [GC (Allocation Failure)  126556K->105708K(141312K), 0,0032845 secs]
438,090: [GC (Allocation Failure)  132332K->100932K(141312K), 0,0008219 secs]
438,114: [GC (Allocation Failure)  127556K->106740K(141312K), 0,0054250 secs]
438,155: [GC (Allocation Failure)  133364K->101956K(141312K), 0,0031263 secs]
438,181: [GC (Allocation Failure)  128580K->107764K(140288K), 0,0025983 secs]
438,219: [GC (Allocation Failure)  133364K->101924K(140800K), 0,0041969 secs]
438,253: [GC (Allocation Failure)  127524K->106676K(140288K), 0,0054018 secs]
438,293: [GC (Allocation Failure)  132276K->100836K(140800K), 0,0028102 secs]
438,318: [GC (Allocation Failure)  126436K->105652K(141312K), 0,0014328 secs]
438,354: [GC (Allocation Failure)  132276K->100804K(141312K), 0,0037015 secs]
438,382: [GC (Allocation Failure)  127428K->106644K(141312K), 0,0052227 secs]
438,425: [GC (Allocation Failure)  133268K->101828K(141312K), 0,0037275 secs]
438,457: [GC (Allocation Failure)  128452K->107676K(139776K), 0,0033597 secs]
438,497: [GC (Allocation Failure)  133276K->101836K(140800K), 0,0037489 secs]
438,526: [GC (Allocation Failure)  127436K->106620K(141312K), 0,0033859 secs]
438,563: [GC (Allocation Failure)  133244K->101804K(141312K), 0,0036975 secs]
438,594: [GC (Allocation Failure)  128428K->107612K(140288K), 0,0063186 secs]
438,632: [GC (Allocation Failure)  133212K->101804K(140800K), 0,0014622 secs]
438,658: [GC (Allocation Failure)  127404K->106556K(141312K), 0,0022486 secs]
438,693: [GC (Allocation Failure)  133180K->101772K(141312K), 0,0034306 secs]
438,723: [GC (Allocation Failure)  128396K->107556K(140288K), 0,0019024 secs]
438,758: [GC (Allocation Failure)  133156K->101724K(140800K), 0,0009414 secs]
438,781: [GC (Allocation Failure)  127324K->106348K(141312K), 0,0023048 secs]
438,815: [GC (Allocation Failure)  132972K->101532K(141312K), 0,0015810 secs]
438,837: [GC (Allocation Failure)  128156K->107308K(141312K), 0,0047657 secs]
438,874: [GC (Allocation Failure)  133932K->102492K(141312K), 0,0023301 secs]
438,898: [GC (Allocation Failure)  129116K->108300K(140288K), 0,0035236 secs]
438,933: [GC (Allocation Failure)  133900K->102428K(140800K), 0,0069341 secs]
438,961: [GC (Allocation Failure)  128028K->107212K(140288K), 0,0026774 secs]
438,996: [GC (Allocation Failure)  132812K->101388K(140800K), 0,0008325 secs]
439,018: [GC (Allocation Failure)  126988K->106108K(141312K), 0,0013589 secs]
439,051: [GC (Allocation Failure)  132732K->101292K(141312K), 0,0023270 secs]
439,074: [GC (Allocation Failure)  127916K->107172K(141312K), 0,0015714 secs]
439,108: [GC (Allocation Failure)  133796K->102356K(141312K), 0,0009782 secs]
439,131: [GC (Allocation Failure)  128980K->108164K(140288K), 0,0016185 secs]
439,165: [GC (Allocation Failure)  133764K->102324K(140800K), 0,0019939 secs]
439,189: [GC (Allocation Failure)  127924K->107076K(141312K), 0,0036941 secs]
439,225: [GC (Allocation Failure)  133700K->102292K(141312K), 0,0053773 secs]
439,261: [GC (Allocation Failure)  128916K->108132K(140288K), 0,0052114 secs]
439,301: [GC (Allocation Failure)  133732K->102292K(140800K), 0,0040502 secs]
439,330: [GC (Allocation Failure)  127892K->107044K(141312K), 0,0028345 secs]
439,371: [GC (Allocation Failure)  133668K->102260K(141312K), 0,0036594 secs]
439,401: [GC (Allocation Failure)  128884K->108076K(140288K), 0,0041004 secs]
439,437: [GC (Allocation Failure)  133676K->102236K(140800K), 0,0029998 secs]
439,466: [GC (Allocation Failure)  127836K->107020K(141312K), 0,0049515 secs]
439,508: [GC (Allocation Failure)  133644K->102172K(141312K), 0,0036346 secs]
439,540: [GC (Allocation Failure)  128796K->108012K(140288K), 0,0037796 secs]
439,579: [GC (Allocation Failure)  133612K->102172K(140800K), 0,0030056 secs]
439,607: [GC (Allocation Failure)  127772K->106956K(141312K), 0,0022084 secs]
439,643: [GC (Allocation Failure)  133580K->102140K(141312K), 0,0035846 secs]
439,671: [GC (Allocation Failure)  128764K->107980K(140288K), 0,0022325 secs]
439,705: [GC (Allocation Failure)  133580K->102140K(140800K), 0,0027790 secs]
439,734: [GC (Allocation Failure)  127740K->106924K(141312K), 0,0045470 secs]
439,771: [GC (Allocation Failure)  133548K->102076K(141312K), 0,0045644 secs]
439,804: [GC (Allocation Failure)  128700K->107924K(140288K), 0,0041670 secs]
439,845: [GC (Allocation Failure)  133524K->102052K(140800K), 0,0059892 secs]
439,879: [GC (Allocation Failure)  127652K->106868K(141312K), 0,0029219 secs]
439,915: [GC (Allocation Failure)  133492K->102052K(141312K), 0,0055141 secs]
439,947: [GC (Allocation Failure)  128676K->107924K(141312K), 0,0052174 secs]
439,987: [GC (Allocation Failure)  134548K->103076K(141312K), 0,0015182 secs]
440,012: [GC (Allocation Failure)  129700K->108924K(140288K), 0,0023776 secs]
440,051: [GC (Allocation Failure)  134524K->103052K(140800K), 0,0048976 secs]
440,079: [GC (Allocation Failure)  128652K->107836K(140288K), 0,0023700 secs]
440,114: [GC (Allocation Failure)  133436K->102004K(140800K), 0,0039830 secs]
440,142: [GC (Allocation Failure)  127604K->106756K(141312K), 0,0041020 secs]
440,181: [GC (Allocation Failure)  133380K->101940K(141312K), 0,0017823 secs]
440,208: [GC (Allocation Failure)  128564K->107812K(141312K), 0,0030696 secs]
440,245: [GC (Allocation Failure)  134436K->102996K(141312K), 0,0030275 secs]
440,273: [GC (Allocation Failure)  129620K->108772K(140288K), 0,0038902 secs]
440,311: [GC (Allocation Failure)  134372K->102964K(140800K), 0,0017775 secs]
440,338: [GC (Allocation Failure)  128564K->107716K(140288K), 0,0033811 secs]
440,374: [GC (Allocation Failure)  133316K->101876K(140800K), 0,0044476 secs]
440,402: [GC (Allocation Failure)  127476K->106692K(141312K), 0,0016894 secs]
440,442: [GC (Allocation Failure)  133316K->101876K(141312K), 0,0033031 secs]
440,470: [GC (Allocation Failure)  128500K->107684K(141312K), 0,0022889 secs]
440,506: [GC (Allocation Failure)  134308K->102868K(141312K), 0,0021531 secs]
440,531: [GC (Allocation Failure)  129492K->108676K(139776K), 0,0062963 secs]
440,573: [GC (Allocation Failure)  134276K->102836K(140800K), 0,0029298 secs]
440,598: [GC (Allocation Failure)  128436K->107620K(141312K), 0,0033502 secs]
440,634: [GC (Allocation Failure)  134244K->102836K(141312K), 0,0011536 secs]
440,657: [GC (Allocation Failure)  129460K->108676K(140288K), 0,0015137 secs]
440,693: [GC (Allocation Failure)  134276K->102804K(140800K), 0,0026791 secs]
440,720: [GC (Allocation Failure)  128404K->107588K(141312K), 0,0038515 secs]
440,757: [GC (Allocation Failure)  134212K->102772K(141312K), 0,0015508 secs]
440,781: [GC (Allocation Failure)  129396K->108580K(140288K), 0,0019441 secs]
440,814: [GC (Allocation Failure)  134180K->102772K(140800K), 0,0032593 secs]
440,846: [GC (Allocation Failure)  128372K->107564K(141312K), 0,0049266 secs]
440,888: [GC (Allocation Failure)  134188K->102780K(141312K), 0,0031879 secs]
440,920: [GC (Allocation Failure)  129404K->108532K(141312K), 0,0077928 secs]
440,962: [GC (Allocation Failure)  135156K->103716K(141312K), 0,0066519 secs]
440,991: [GC (Allocation Failure)  130340K->109588K(140288K), 0,0016462 secs]
441,024: [GC (Allocation Failure)  135188K->103748K(140800K), 0,0022589 secs]
441,048: [GC (Allocation Failure)  129348K->108500K(140288K), 0,0015606 secs]
441,086: [GC (Allocation Failure)  134100K->102660K(140800K), 0,0033025 secs]
441,118: [GC (Allocation Failure)  128260K->107484K(141312K), 0,0050748 secs]
441,157: [GC (Allocation Failure)  133596K->102124K(140800K), 0,0018804 secs]
441,184: [GC (Allocation Failure)  128236K->107460K(141312K), 0,0027210 secs]
441,219: [GC (Allocation Failure)  134084K->102644K(141312K), 0,0031923 secs]
441,245: [GC (Allocation Failure)  129268K->108452K(141312K), 0,0033619 secs]
441,281: [GC (Allocation Failure)  135076K->103668K(141312K), 0,0034905 secs]
441,308: [GC (Allocation Failure)  130292K->109476K(140288K), 0,0039429 secs]
441,344: [GC (Allocation Failure)  135076K->103668K(140800K), 0,0014900 secs]
441,368: [GC (Allocation Failure)  129268K->108388K(140288K), 0,0044575 secs]
441,406: [GC (Allocation Failure)  133988K->102588K(140800K), 0,0013226 secs]
441,430: [GC (Allocation Failure)  128188K->107340K(141312K), 0,0029496 secs]
441,466: [GC (Allocation Failure)  133964K->102556K(141312K), 0,0028095 secs]
441,492: [GC (Allocation Failure)  129180K->108364K(141312K), 0,0064923 secs]
441,531: [GC (Allocation Failure)  134988K->103516K(141312K), 0,0223183 secs]
441,574: [GC (Allocation Failure)  130140K->109388K(139776K), 0,0023928 secs]
441,608: [GC (Allocation Failure)  134988K->103548K(140800K), 0,0009433 secs]
441,630: [GC (Allocation Failure)  129148K->108332K(141312K), 0,0014334 secs]
441,664: [GC (Allocation Failure)  134956K->103516K(141312K), 0,0009102 secs]
441,687: [GC (Allocation Failure)  130140K->109324K(140288K), 0,0015793 secs]
441,719: [GC (Allocation Failure)  134924K->103484K(140800K), 0,0023968 secs]
441,743: [GC (Allocation Failure)  129084K->108268K(141312K), 0,0015707 secs]
441,777: [GC (Allocation Failure)  134892K->103452K(141312K), 0,0008339 secs]
441,800: [GC (Allocation Failure)  130076K->109292K(140288K), 0,0016204 secs]
441,834: [GC (Allocation Failure)  134892K->103452K(140800K), 0,0009035 secs]
441,856: [GC (Allocation Failure)  129052K->108204K(141312K), 0,0023895 secs]
441,890: [GC (Allocation Failure)  134828K->103388K(141312K), 0,0014798 secs]
441,912: [GC (Allocation Failure)  130012K->109260K(140288K), 0,0015340 secs]
441,945: [GC (Allocation Failure)  134860K->103388K(140800K), 0,0043515 secs]
441,971: [GC (Allocation Failure)  128988K->108172K(141312K), 0,0015800 secs]
442,005: [GC (Allocation Failure)  134796K->103428K(141312K), 0,0008922 secs]
442,028: [GC (Allocation Failure)  130052K->109212K(140288K), 0,0017322 secs]
442,065: [GC (Allocation Failure)  134812K->103340K(140800K), 0,0032925 secs]
442,097: [GC (Allocation Failure)  128940K->108124K(141312K), 0,0055389 secs]
442,137: [GC (Allocation Failure)  134748K->103340K(141312K), 0,0018643 secs]
442,164: [GC (Allocation Failure)  129964K->109180K(141312K), 0,0029490 secs]
442,201: [GC (Allocation Failure)  135804K->104372K(141312K), 0,0019750 secs]
442,228: [GC (Allocation Failure)  130996K->110148K(140288K), 0,0071774 secs]
442,269: [GC (Allocation Failure)  135748K->104308K(140800K), 0,0049260 secs]
442,298: [GC (Allocation Failure)  129908K->109092K(140288K), 0,0021126 secs]
442,332: [GC (Allocation Failure)  134692K->103252K(140800K), 0,0024247 secs]
442,357: [GC (Allocation Failure)  128852K->108036K(141312K), 0,0037746 secs]
442,394: [GC (Allocation Failure)  134660K->103292K(141312K), 0,0012982 secs]
442,419: [GC (Allocation Failure)  129916K->109068K(141312K), 0,0022031 secs]
442,454: [GC (Allocation Failure)  135692K->104252K(141312K), 0,0046573 secs]
442,482: [GC (Allocation Failure)  130876K->110028K(140288K), 0,0034041 secs]
442,518: [GC (Allocation Failure)  135628K->104220K(140800K), 0,0014018 secs]
442,542: [GC (Allocation Failure)  129820K->109004K(140288K), 0,0044457 secs]
442,580: [GC (Allocation Failure)  134604K->103164K(140800K), 0,0030633 secs]
442,605: [GC (Allocation Failure)  128764K->107948K(141312K), 0,0019214 secs]
442,640: [GC (Allocation Failure)  134572K->103132K(141312K), 0,0061512 secs]
442,668: [GC (Allocation Failure)  129756K->108972K(141312K), 0,0017307 secs]
442,703: [GC (Allocation Failure)  135596K->104156K(141312K), 0,0025486 secs]
442,728: [GC (Allocation Failure)  130780K->109964K(139776K), 0,0024008 secs]
442,763: [GC (Allocation Failure)  135564K->104132K(140800K), 0,0022686 secs]
442,787: [GC (Allocation Failure)  129732K->108764K(141312K), 0,0023642 secs]
442,822: [GC (Allocation Failure)  135388K->103948K(141312K), 0,0018956 secs]
442,846: [GC (Allocation Failure)  130572K->109788K(140288K), 0,0016401 secs]
442,880: [GC (Allocation Failure)  135388K->103884K(140800K), 0,0017179 secs]
442,902: [GC (Allocation Failure)  129484K->108668K(141312K), 0,0014050 secs]
442,935: [GC (Allocation Failure)  135292K->103852K(141312K), 0,0014858 secs]
442,960: [GC (Allocation Failure)  130476K->109660K(140288K), 0,0024187 secs]
442,993: [GC (Allocation Failure)  135260K->103820K(140800K), 0,0016271 secs]
443,015: [GC (Allocation Failure)  129420K->108612K(141312K), 0,0013513 secs]
443,048: [GC (Allocation Failure)  135236K->103828K(141312K), 0,0015304 secs]
443,071: [GC (Allocation Failure)  130452K->109668K(141312K), 0,0016023 secs]
443,104: [GC (Allocation Failure)  136292K->104820K(141312K), 0,0025533 secs]
443,127: [GC (Allocation Failure)  131444K->110700K(140288K), 0,0016835 secs]
443,161: [GC (Allocation Failure)  136300K->104860K(140800K), 0,0008557 secs]
443,183: [GC (Allocation Failure)  130460K->109580K(140288K), 0,0016897 secs]
443,217: [GC (Allocation Failure)  135180K->103772K(140800K), 0,0044753 secs]
443,243: [GC (Allocation Failure)  129372K->108524K(141312K), 0,0051163 secs]
443,281: [GC (Allocation Failure)  135148K->103708K(141312K), 0,0020674 secs]
443,306: [GC (Allocation Failure)  130332K->109548K(141312K), 0,0080694 secs]
443,353: [GC (Allocation Failure)  136172K->104764K(141312K), 0,0035071 secs]
443,384: [GC (Allocation Failure)  131388K->110572K(140288K), 0,0050359 secs]
443,426: [GC (Allocation Failure)  136172K->104732K(140800K), 0,0019183 secs]
443,453: [GC (Allocation Failure)  130332K->109492K(140288K), 0,0028713 secs]
443,456: [Full GC (Ergonomics)  109492K->17304K(140288K), 0,0581780 secs]
443,546: [GC (Allocation Failure)  42904K->22136K(140800K), 0,0053414 secs]
443,572: [GC (Allocation Failure)  47736K->27280K(141824K), 0,0016675 secs]
443,604: [GC (Allocation Failure)  54928K->23488K(141824K), 0,0008909 secs]
443,626: [GC (Allocation Failure)  51136K->30360K(140288K), 0,0015310 secs]
443,658: [GC (Allocation Failure)  56984K->25584K(141312K), 0,0012478 secs]
443,680: [GC (Allocation Failure)  52208K->31392K(139776K), 0,0016880 secs]
443,714: [GC (Allocation Failure)  56992K->25552K(140800K), 0,0016464 secs]
443,736: [GC (Allocation Failure)  51152K->30368K(139776K), 0,0015946 secs]
443,769: [GC (Allocation Failure)  54944K->23440K(140288K), 0,0014884 secs]
443,792: [GC (Allocation Failure)  48016K->27200K(141312K), 0,0020406 secs]
443,815: [GC (Allocation Failure)  52800K->31992K(138752K), 0,0017910 secs]
443,850: [GC (Allocation Failure)  57592K->26120K(140288K), 0,0025709 secs]
443,874: [GC (Allocation Failure)  50184K->29400K(139776K), 0,0023686 secs]
443,908: [GC (Allocation Failure)  53464K->21992K(140288K), 0,0013629 secs]
443,930: [GC (Allocation Failure)  46568K->25728K(140288K), 0,0043780 secs]
443,956: [GC (Allocation Failure)  50304K->29456K(139776K), 0,0022577 secs]
443,990: [GC (Allocation Failure)  54032K->22568K(140288K), 0,0007695 secs]
444,011: [GC (Allocation Failure)  47144K->26336K(141312K), 0,0019903 secs]
444,036: [GC (Allocation Failure)  51936K->31120K(140288K), 0,0019071 secs]
444,073: [GC (Allocation Failure)  56720K->25280K(140800K), 0,0031133 secs]
444,104: [GC (Allocation Failure)  50368K->29520K(140288K), 0,0064922 secs]
444,145: [GC (Allocation Failure)  54608K->23200K(140288K), 0,0014710 secs]
444,171: [GC (Allocation Failure)  47776K->26936K(140288K), 0,0022262 secs]
444,197: [GC (Allocation Failure)  51512K->30664K(139264K), 0,0049125 secs]
444,235: [GC (Allocation Failure)  55240K->23776K(140288K), 0,0041288 secs]
444,261: [GC (Allocation Failure)  48352K->27536K(141312K), 0,0016968 secs]
444,296: [GC (Allocation Failure)  53648K->22216K(140800K), 0,0011265 secs]
444,323: [GC (Allocation Failure)  48328K->27512K(141312K), 0,0080134 secs]
444,367: [GC (Allocation Failure)  53624K->22184K(140800K), 0,0037135 secs]
444,393: [GC (Allocation Failure)  48296K->27480K(141824K), 0,0078330 secs]
444,434: [GC (Allocation Failure)  54616K->23208K(141312K), 0,0014630 secs]
444,457: [GC (Allocation Failure)  50344K->29528K(140800K), 0,0022402 secs]
444,492: [GC (Allocation Failure)  56152K->24776K(141312K), 0,0037988 secs]
444,517: [GC (Allocation Failure)  51400K->30552K(139776K), 0,0037657 secs]
444,552: [GC (Allocation Failure)  56152K->24712K(140800K), 0,0008642 secs]
444,575: [GC (Allocation Failure)  50312K->29496K(140288K), 0,0014571 secs]
444,609: [GC (Allocation Failure)  55096K->23688K(140800K), 0,0007622 secs]
444,633: [GC (Allocation Failure)  49288K->28440K(141312K), 0,0040789 secs]
444,675: [GC (Allocation Failure)  55064K->23672K(141312K), 0,0017375 secs]
444,702: [GC (Allocation Failure)  50296K->29456K(140288K), 0,0033677 secs]
444,739: [GC (Allocation Failure)  55056K->23616K(140800K), 0,0038870 secs]
444,766: [GC (Allocation Failure)  49216K->28400K(141312K), 0,0030039 secs]
444,802: [GC (Allocation Failure)  55024K->23584K(141312K), 0,0037538 secs]
444,829: [GC (Allocation Failure)  50208K->29392K(141312K), 0,0037901 secs]
444,865: [GC (Allocation Failure)  56016K->24608K(141312K), 0,0043183 secs]
444,893: [GC (Allocation Failure)  51232K->30416K(140288K), 0,0035652 secs]
444,929: [GC (Allocation Failure)  56016K->24608K(140800K), 0,0022162 secs]
444,953: [GC (Allocation Failure)  50208K->29392K(140288K), 0,0024369 secs]
444,988: [GC (Allocation Failure)  54992K->23552K(140800K), 0,0018166 secs]
445,012: [GC (Allocation Failure)  49152K->28336K(141312K), 0,0013874 secs]
445,046: [GC (Allocation Failure)  54960K->23520K(141312K), 0,0025482 secs]
445,070: [GC (Allocation Failure)  50144K->29296K(141312K), 0,0027720 secs]
445,106: [GC (Allocation Failure)  55920K->24544K(141312K), 0,0009590 secs]
445,133: [GC (Allocation Failure)  51168K->30352K(140288K), 0,0037905 secs]
445,171: [GC (Allocation Failure)  55952K->24512K(140800K), 0,0015942 secs]
445,197: [GC (Allocation Failure)  50112K->29264K(141312K), 0,0048196 secs]
445,237: [GC (Allocation Failure)  55888K->24480K(141312K), 0,0016434 secs]
445,264: [GC (Allocation Failure)  51104K->30320K(140288K), 0,0052121 secs]
445,303: [GC (Allocation Failure)  55920K->24448K(140800K), 0,0038307 secs]
445,332: [GC (Allocation Failure)  50048K->29200K(140288K), 0,0027059 secs]
445,368: [GC (Allocation Failure)  54800K->23360K(140800K), 0,0050109 secs]
445,398: [GC (Allocation Failure)  48960K->28176K(141312K), 0,0022291 secs]
445,435: [GC (Allocation Failure)  54800K->23360K(141312K), 0,0014261 secs]
445,460: [GC (Allocation Failure)  49984K->29168K(141312K), 0,0026260 secs]
445,497: [GC (Allocation Failure)  55792K->24352K(141312K), 0,0088047 secs]
445,528: [GC (Allocation Failure)  50976K->30160K(140800K), 0,0082795 secs]
445,568: [GC (Allocation Failure)  56784K->25376K(141312K), 0,0049891 secs]
445,594: [GC (Allocation Failure)  52000K->31184K(139776K), 0,0022945 secs]
445,628: [GC (Allocation Failure)  56784K->25376K(140800K), 0,0008523 secs]
445,650: [GC (Allocation Failure)  50976K->30128K(140288K), 0,0021973 secs]
445,683: [GC (Allocation Failure)  55728K->24352K(140800K), 0,0006435 secs]
445,704: [GC (Allocation Failure)  49952K->29104K(141312K), 0,0051411 secs]
445,742: [GC (Allocation Failure)  55216K->23712K(140800K), 0,0021508 secs]
445,765: [GC (Allocation Failure)  49824K->29040K(141312K), 0,0012880 secs]
445,799: [GC (Allocation Failure)  55664K->24256K(141312K), 0,0016341 secs]
445,823: [GC (Allocation Failure)  50880K->30064K(140288K), 0,0083257 secs]
445,865: [GC (Allocation Failure)  55664K->24224K(140800K), 0,0029851 secs]
445,893: [GC (Allocation Failure)  49824K->29016K(141312K), 0,0023026 secs]
445,928: [GC (Allocation Failure)  55640K->24248K(141312K), 0,0011996 secs]
445,952: [GC (Allocation Failure)  50872K->30056K(141312K), 0,0019701 secs]
445,986: [GC (Allocation Failure)  56680K->25240K(141312K), 0,0012776 secs]
446,011: [GC (Allocation Failure)  51864K->31048K(140288K), 0,0022091 secs]
446,046: [GC (Allocation Failure)  56648K->25176K(140800K), 0,0027936 secs]
446,073: [GC (Allocation Failure)  50776K->29960K(140288K), 0,0060513 secs]
446,112: [GC (Allocation Failure)  55560K->24152K(140800K), 0,0021280 secs]
446,136: [GC (Allocation Failure)  49752K->28936K(141312K), 0,0017497 secs]
446,171: [GC (Allocation Failure)  55560K->24120K(141312K), 0,0027503 secs]
446,197: [GC (Allocation Failure)  50744K->29960K(141312K), 0,0034305 secs]
446,233: [GC (Allocation Failure)  56584K->25112K(141312K), 0,0023232 secs]
446,259: [GC (Allocation Failure)  51736K->30952K(140288K), 0,0021736 secs]
446,293: [GC (Allocation Failure)  56552K->25080K(140800K), 0,0028164 secs]
446,318: [GC (Allocation Failure)  50680K->29864K(140288K), 0,0029749 secs]
446,354: [GC (Allocation Failure)  55464K->24056K(140800K), 0,0025715 secs]
446,378: [GC (Allocation Failure)  49656K->28840K(141312K), 0,0013856 secs]
446,411: [GC (Allocation Failure)  55464K->23992K(141312K), 0,0014925 secs]
446,434: [GC (Allocation Failure)  50616K->29872K(141312K), 0,0014668 secs]
446,468: [GC (Allocation Failure)  56496K->25024K(141312K), 0,0017664 secs]
446,492: [GC (Allocation Failure)  51648K->30832K(139776K), 0,0015693 secs]
446,525: [GC (Allocation Failure)  56432K->24992K(140800K), 0,0017418 secs]
446,549: [GC (Allocation Failure)  50592K->29776K(141312K), 0,0023258 secs]
446,584: [GC (Allocation Failure)  56400K->24992K(141312K), 0,0018140 secs]
446,608: [GC (Allocation Failure)  51616K->30832K(140288K), 0,0025381 secs]
446,643: [GC (Allocation Failure)  56432K->24960K(140800K), 0,0017350 secs]
446,667: [GC (Allocation Failure)  50560K->29776K(141312K), 0,0060714 secs]
446,706: [GC (Allocation Failure)  56400K->24960K(141312K), 0,0008322 secs]
446,729: [GC (Allocation Failure)  51584K->30768K(140288K), 0,0024757 secs]
446,764: [GC (Allocation Failure)  56368K->24928K(140800K), 0,0054854 secs]
446,790: [GC (Allocation Failure)  50528K->29488K(141312K), 0,0022409 secs]
446,823: [GC (Allocation Failure)  56112K->24736K(141312K), 0,0075626 secs]
446,852: [GC (Allocation Failure)  51360K->30512K(141312K), 0,0021707 secs]
446,887: [GC (Allocation Failure)  57136K->25696K(141312K), 0,0014916 secs]
446,909: [GC (Allocation Failure)  52320K->31472K(140288K), 0,0022871 secs]
446,942: [GC (Allocation Failure)  57072K->25640K(140800K), 0,0014200 secs]
446,964: [GC (Allocation Failure)  51240K->30392K(140288K), 0,0013682 secs]
446,998: [GC (Allocation Failure)  55992K->24552K(140800K), 0,0006403 secs]
447,020: [GC (Allocation Failure)  50152K->29280K(141312K), 0,0012084 secs]
447,054: [GC (Allocation Failure)  55904K->24464K(141312K), 0,0014177 secs]
447,076: [GC (Allocation Failure)  51088K->30280K(141312K), 0,0021333 secs]
447,110: [GC (Allocation Failure)  56904K->25496K(141312K), 0,0014044 secs]
447,132: [GC (Allocation Failure)  52120K->31376K(139776K), 0,0014140 secs]
447,166: [GC (Allocation Failure)  56976K->25536K(140800K), 0,0007687 secs]
447,188: [GC (Allocation Failure)  51136K->30288K(141312K), 0,0013842 secs]
447,222: [GC (Allocation Failure)  56912K->25504K(141312K), 0,0008321 secs]
447,244: [GC (Allocation Failure)  52128K->31280K(140288K), 0,0016265 secs]
447,278: [GC (Allocation Failure)  56880K->25440K(140800K), 0,0025917 secs]
447,302: [GC (Allocation Failure)  51040K->30256K(141312K), 0,0025040 secs]
447,337: [GC (Allocation Failure)  56880K->25416K(141312K), 0,0011862 secs]
447,360: [GC (Allocation Failure)  52040K->31256K(140288K), 0,0033424 secs]
447,396: [GC (Allocation Failure)  56856K->25416K(140800K), 0,0017210 secs]
447,418: [GC (Allocation Failure)  51016K->30168K(141312K), 0,0022907 secs]
447,452: [GC (Allocation Failure)  56792K->25384K(141312K), 0,0018957 secs]
447,476: [GC (Allocation Failure)  52008K->31224K(140288K), 0,0025193 secs]
447,511: [GC (Allocation Failure)  56824K->25352K(140800K), 0,0008835 secs]
447,534: [GC (Allocation Failure)  50952K->30104K(141312K), 0,0013321 secs]
447,570: [GC (Allocation Failure)  56728K->25320K(141312K), 0,0026743 secs]
447,601: [GC (Allocation Failure)  51944K->31128K(140288K), 0,0047434 secs]
447,643: [GC (Allocation Failure)  56728K->25328K(140800K), 0,0030543 secs]
447,671: [GC (Allocation Failure)  50928K->30112K(141312K), 0,0021425 secs]
447,706: [GC (Allocation Failure)  56736K->25304K(141312K), 0,0027137 secs]
447,734: [GC (Allocation Failure)  51928K->31144K(141312K), 0,0024928 secs]
447,769: [GC (Allocation Failure)  57768K->26328K(141312K), 0,0010737 secs]
447,792: [GC (Allocation Failure)  52952K->32144K(140288K), 0,0017098 secs]
447,827: [GC (Allocation Failure)  57744K->26280K(140800K), 0,0022840 secs]
447,851: [GC (Allocation Failure)  51880K->31096K(140288K), 0,0017406 secs]
447,886: [GC (Allocation Failure)  56696K->25256K(140800K), 0,0009034 secs]
447,909: [GC (Allocation Failure)  50856K->30040K(141312K), 0,0014818 secs]
447,944: [GC (Allocation Failure)  56664K->25224K(141312K), 0,0021642 secs]
447,968: [GC (Allocation Failure)  51848K->31032K(141312K), 0,0029191 secs]
448,009: [GC (Allocation Failure)  57656K->26248K(141312K), 0,0027762 secs]
448,039: [GC (Allocation Failure)  52872K->32088K(140288K), 0,0035233 secs]
448,077: [GC (Allocation Failure)  57688K->26184K(140800K), 0,0045789 secs]
448,106: [GC (Allocation Failure)  51784K->31000K(140288K), 0,0020271 secs]
448,141: [GC (Allocation Failure)  56600K->25168K(140800K), 0,0010668 secs]
448,164: [GC (Allocation Failure)  50768K->29952K(141312K), 0,0018776 secs]
448,199: [GC (Allocation Failure)  56576K->25104K(141312K), 0,0069081 secs]
448,228: [GC (Allocation Failure)  51728K->30944K(141312K), 0,0015220 secs]
448,262: [GC (Allocation Failure)  57568K->26168K(141312K), 0,0045194 secs]
448,288: [GC (Allocation Failure)  52792K->31976K(139776K), 0,0029488 secs]
448,324: [GC (Allocation Failure)  57576K->26104K(140800K), 0,0034590 secs]
448,349: [GC (Allocation Failure)  51704K->30864K(141312K), 0,0039235 secs]
448,386: [GC (Allocation Failure)  57488K->26144K(141312K), 0,0009788 secs]
448,410: [GC (Allocation Failure)  52768K->31888K(140288K), 0,0036489 secs]
448,446: [GC (Allocation Failure)  57488K->26080K(140800K), 0,0031578 secs]
448,471: [GC (Allocation Failure)  51680K->30864K(141312K), 0,0019412 secs]
448,510: [GC (Allocation Failure)  57488K->26016K(141312K), 0,0047437 secs]
448,543: [GC (Allocation Failure)  52640K->31888K(140288K), 0,0069354 secs]
448,583: [GC (Allocation Failure)  57488K->26056K(140800K), 0,0017851 secs]
448,606: [GC (Allocation Failure)  51656K->30808K(141312K), 0,0044466 secs]
448,643: [GC (Allocation Failure)  57432K->26000K(141312K), 0,0014292 secs]
448,665: [GC (Allocation Failure)  52624K->31840K(140288K), 0,0014211 secs]
448,698: [GC (Allocation Failure)  57440K->26000K(140800K), 0,0043576 secs]
448,723: [GC (Allocation Failure)  51600K->30784K(141312K), 0,0012251 secs]
448,757: [GC (Allocation Failure)  57408K->25944K(141312K), 0,0058535 secs]
448,785: [GC (Allocation Failure)  52568K->31816K(140288K), 0,0014413 secs]
448,818: [GC (Allocation Failure)  57416K->25944K(140800K), 0,0034955 secs]
448,843: [GC (Allocation Failure)  51544K->30760K(141312K), 0,0012052 secs]
448,877: [GC (Allocation Failure)  57384K->25920K(141312K), 0,0013478 secs]
448,900: [GC (Allocation Failure)  52544K->31728K(141312K), 0,0030015 secs]
448,935: [GC (Allocation Failure)  58352K->26976K(141312K), 0,0007337 secs]
448,956: [GC (Allocation Failure)  53600K->32752K(140288K), 0,0014691 secs]
448,989: [GC (Allocation Failure)  58352K->26880K(140800K), 0,0016221 secs]
449,011: [GC (Allocation Failure)  52480K->31696K(140288K), 0,0023790 secs]
449,045: [GC (Allocation Failure)  57296K->25856K(140800K), 0,0012197 secs]
449,067: [GC (Allocation Failure)  51456K->30640K(141312K), 0,0013233 secs]
449,101: [GC (Allocation Failure)  57264K->25856K(141312K), 0,0010990 secs]
449,124: [GC (Allocation Failure)  52480K->31664K(141312K), 0,0025888 secs]
449,161: [GC (Allocation Failure)  58288K->26848K(141312K), 0,0056470 secs]
449,193: [GC (Allocation Failure)  53472K->32696K(140288K), 0,0018064 secs]
449,227: [GC (Allocation Failure)  58296K->26824K(140800K), 0,0020550 secs]
449,251: [GC (Allocation Failure)  52424K->31608K(140288K), 0,0013805 secs]
449,287: [GC (Allocation Failure)  57208K->25736K(140800K), 0,0022796 secs]
449,312: [GC (Allocation Failure)  51336K->30552K(141312K), 0,0026080 secs]
449,348: [GC (Allocation Failure)  57176K->25776K(141312K), 0,0045256 secs]
449,377: [GC (Allocation Failure)  52400K->31584K(141312K), 0,0025898 secs]
449,413: [GC (Allocation Failure)  58208K->26768K(141312K), 0,0061280 secs]
449,443: [GC (Allocation Failure)  53392K->32576K(139776K), 0,0034000 secs]
449,479: [GC (Allocation Failure)  58176K->26736K(140800K), 0,0013931 secs]
449,501: [GC (Allocation Failure)  52336K->31488K(141312K), 0,0052072 secs]
449,538: [GC (Allocation Failure)  58112K->26704K(141312K), 0,0033389 secs]
449,562: [GC (Allocation Failure)  53328K->32512K(140288K), 0,0022408 secs]
449,595: [GC (Allocation Failure)  58112K->26672K(140800K), 0,0014909 secs]
449,622: [GC (Allocation Failure)  52272K->31488K(141312K), 0,0028367 secs]
449,657: [GC (Allocation Failure)  58112K->26672K(141312K), 0,0013418 secs]
449,685: [GC (Allocation Failure)  53296K->32480K(140288K), 0,0056837 secs]
449,726: [GC (Allocation Failure)  58080K->26608K(140800K), 0,0012224 secs]
449,752: [GC (Allocation Failure)  52208K->31392K(141312K), 0,0044529 secs]
449,789: [GC (Allocation Failure)  58016K->26672K(141312K), 0,0026378 secs]
449,814: [GC (Allocation Failure)  53296K->32416K(141312K), 0,0025193 secs]
449,855: [GC (Allocation Failure)  59040K->27632K(141312K), 0,0022023 secs]
449,881: [GC (Allocation Failure)  54256K->33448K(140288K), 0,0028470 secs]
449,919: [GC (Allocation Failure)  59048K->27640K(140800K), 0,0017653 secs]
449,945: [GC (Allocation Failure)  53240K->32392K(140288K), 0,0025056 secs]
449,984: [GC (Allocation Failure)  57992K->26552K(140800K), 0,0026191 secs]
450,015: [GC (Allocation Failure)  52152K->31336K(141312K), 0,0041260 secs]
450,057: [GC (Allocation Failure)  57448K->26008K(140800K), 0,0067208 secs]
450,092: [GC (Allocation Failure)  52120K->31304K(141312K), 0,0091376 secs]
450,134: [GC (Allocation Failure)  57928K->26496K(141312K), 0,0017815 secs]
450,158: [GC (Allocation Failure)  53120K->32336K(141312K), 0,0027876 secs]
450,194: [GC (Allocation Failure)  58960K->27520K(141312K), 0,0022737 secs]
450,218: [GC (Allocation Failure)  54144K->33328K(140288K), 0,0026607 secs]
450,259: [GC (Allocation Failure)  58928K->27520K(140800K), 0,0009535 secs]
450,282: [GC (Allocation Failure)  53120K->32240K(140288K), 0,0024260 secs]
450,317: [GC (Allocation Failure)  57840K->26432K(140800K), 0,0007768 secs]
450,340: [GC (Allocation Failure)  52032K->31216K(141312K), 0,0022661 secs]
450,374: [GC (Allocation Failure)  57840K->26400K(141312K), 0,0008768 secs]
450,397: [GC (Allocation Failure)  53024K->32208K(141312K), 0,0026527 secs]
450,433: [GC (Allocation Failure)  58832K->27392K(141312K), 0,0032947 secs]
450,458: [GC (Allocation Failure)  54016K->33232K(139776K), 0,0030634 secs]
450,498: [GC (Allocation Failure)  58832K->27392K(140800K), 0,0048014 secs]
450,526: [GC (Allocation Failure)  52992K->32176K(141312K), 0,0016100 secs]
450,561: [GC (Allocation Failure)  58800K->27424K(141312K), 0,0009705 secs]
450,584: [GC (Allocation Failure)  54048K->33168K(140288K), 0,0063481 secs]
450,624: [GC (Allocation Failure)  58768K->27328K(140800K), 0,0073503 secs]
450,657: [GC (Allocation Failure)  52928K->32144K(141312K), 0,0019255 secs]
450,691: [GC (Allocation Failure)  58768K->27360K(141312K), 0,0011956 secs]
450,716: [GC (Allocation Failure)  53984K->33168K(140288K), 0,0021268 secs]
450,750: [GC (Allocation Failure)  58768K->27328K(140800K), 0,0011282 secs]
450,773: [GC (Allocation Failure)  52928K->32016K(141312K), 0,0052871 secs]
450,811: [GC (Allocation Failure)  58640K->27104K(141312K), 0,0020785 secs]
450,834: [GC (Allocation Failure)  53728K->32912K(140288K), 0,0021326 secs]
450,869: [GC (Allocation Failure)  58512K->27040K(140800K), 0,0013057 secs]
450,892: [GC (Allocation Failure)  52640K->31824K(141312K), 0,0013977 secs]
450,925: [GC (Allocation Failure)  58448K->27008K(141312K), 0,0013456 secs]
450,947: [GC (Allocation Failure)  53632K->32816K(141312K), 0,0017515 secs]
450,980: [GC (Allocation Failure)  59440K->28032K(141312K), 0,0008640 secs]
451,001: [GC (Allocation Failure)  54656K->33840K(140288K), 0,0021746 secs]
451,035: [GC (Allocation Failure)  59440K->28000K(140800K), 0,0007579 secs]
451,058: [GC (Allocation Failure)  53600K->32816K(140288K), 0,0043445 secs]
451,100: [GC (Allocation Failure)  58416K->26976K(140800K), 0,0068491 secs]
451,135: [GC (Allocation Failure)  52576K->31728K(141312K), 0,0041226 secs]
451,176: [GC (Allocation Failure)  58352K->26952K(141312K), 0,0057026 secs]
451,205: [GC (Allocation Failure)  53576K->32760K(141312K), 0,0074983 secs]
451,245: [GC (Allocation Failure)  59384K->27944K(141312K), 0,0021097 secs]
451,269: [GC (Allocation Failure)  54568K->33784K(140288K), 0,0017501 secs]
451,304: [GC (Allocation Failure)  59384K->27912K(140800K), 0,0040002 secs]
451,330: [GC (Allocation Failure)  53512K->32696K(140288K), 0,0029071 secs]
451,366: [GC (Allocation Failure)  58296K->26856K(140800K), 0,0019541 secs]
451,390: [GC (Allocation Failure)  52456K->31640K(141312K), 0,0026450 secs]
451,426: [GC (Allocation Failure)  58264K->26824K(141312K), 0,0020410 secs]
451,450: [GC (Allocation Failure)  53448K->32632K(141312K), 0,0016169 secs]
451,485: [GC (Allocation Failure)  59256K->27856K(141312K), 0,0022066 secs]
451,509: [GC (Allocation Failure)  54480K->33664K(139776K), 0,0029511 secs]
451,545: [GC (Allocation Failure)  59264K->27824K(140800K), 0,0013910 secs]
451,568: [GC (Allocation Failure)  53424K->32608K(141312K), 0,0015163 secs]
451,603: [GC (Allocation Failure)  59232K->27832K(141312K), 0,0009920 secs]
451,626: [GC (Allocation Failure)  54456K->33640K(140288K), 0,0030771 secs]
451,662: [GC (Allocation Failure)  59240K->27800K(140800K), 0,0023390 secs]
451,686: [GC (Allocation Failure)  53400K->32584K(141312K), 0,0015274 secs]
451,721: [GC (Allocation Failure)  59208K->27768K(141312K), 0,0008670 secs]
451,745: [GC (Allocation Failure)  54392K->33608K(140288K), 0,0034024 secs]
451,781: [GC (Allocation Failure)  59208K->27768K(140800K), 0,0010203 secs]
451,804: [GC (Allocation Failure)  53368K->32552K(141312K), 0,0017370 secs]
451,839: [GC (Allocation Failure)  59176K->27736K(141312K), 0,0011069 secs]
451,863: [GC (Allocation Failure)  54360K->33512K(140288K), 0,0025123 secs]
451,898: [GC (Allocation Failure)  59112K->27712K(140800K), 0,0024689 secs]
451,923: [GC (Allocation Failure)  53312K->32472K(141312K), 0,0018464 secs]
451,958: [GC (Allocation Failure)  59096K->27736K(141312K), 0,0010222 secs]
451,981: [GC (Allocation Failure)  54360K->33520K(141312K), 0,0023328 secs]
452,016: [GC (Allocation Failure)  60144K->28736K(141312K), 0,0027054 secs]
452,042: [GC (Allocation Failure)  55360K->34512K(140288K), 0,0036616 secs]
452,083: [GC (Allocation Failure)  60112K->28672K(140800K), 0,0056233 secs]
452,112: [GC (Allocation Failure)  54272K->33456K(140288K), 0,0019190 secs]
452,146: [GC (Allocation Failure)  59056K->27624K(140800K), 0,0037057 secs]
452,172: [GC (Allocation Failure)  53224K->32448K(141312K), 0,0018943 secs]
452,207: [GC (Allocation Failure)  59072K->27680K(141312K), 0,0010382 secs]
452,235: [GC (Allocation Failure)  54304K->33496K(141312K), 0,0050120 secs]
452,279: [GC (Allocation Failure)  60120K->28680K(141312K), 0,0029886 secs]
452,310: [GC (Allocation Failure)  55304K->34496K(140288K), 0,0029365 secs]
452,346: [GC (Allocation Failure)  60096K->28688K(140800K), 0,0018048 secs]
452,373: [GC (Allocation Failure)  54288K->33472K(140288K), 0,0027618 secs]
452,409: [GC (Allocation Failure)  59072K->27600K(140800K), 0,0014187 secs]
452,434: [GC (Allocation Failure)  53200K->32352K(141312K), 0,0047181 secs]
452,472: [GC (Allocation Failure)  58976K->27568K(141312K), 0,0036967 secs]
452,498: [GC (Allocation Failure)  54192K->33416K(141312K), 0,0019322 secs]
452,533: [GC (Allocation Failure)  60040K->28576K(141312K), 0,0012167 secs]
452,558: [GC (Allocation Failure)  55200K->34392K(140288K), 0,0037146 secs]
452,594: [GC (Allocation Failure)  59992K->28592K(140800K), 0,0011433 secs]
452,617: [GC (Allocation Failure)  54192K->33344K(141312K), 0,0019382 secs]
452,652: [GC (Allocation Failure)  59968K->28560K(141312K), 0,0027699 secs]
452,678: [GC (Allocation Failure)  55184K->34368K(140288K), 0,0037615 secs]
452,714: [GC (Allocation Failure)  59968K->28568K(140800K), 0,0011492 secs]
452,738: [GC (Allocation Failure)  54168K->33352K(141312K), 0,0018545 secs]
452,774: [GC (Allocation Failure)  59976K->28504K(141312K), 0,0029006 secs]
452,802: [GC (Allocation Failure)  55128K->34344K(140288K), 0,0076758 secs]
452,842: [GC (Allocation Failure)  59944K->28504K(140800K), 0,0009662 secs]
452,865: [GC (Allocation Failure)  54104K->33224K(141312K), 0,0027749 secs]
452,901: [GC (Allocation Failure)  59848K->28472K(141312K), 0,0021565 secs]
452,925: [GC (Allocation Failure)  55096K->34256K(140288K), 0,0036064 secs]
452,962: [GC (Allocation Failure)  59856K->28512K(140800K), 0,0008780 secs]
452,985: [GC (Allocation Failure)  54112K->33208K(141312K), 0,0027446 secs]
453,021: [GC (Allocation Failure)  59832K->28456K(141312K), 0,0009509 secs]
453,044: [GC (Allocation Failure)  55080K->34232K(141312K), 0,0019547 secs]
453,079: [GC (Allocation Failure)  60856K->29424K(141312K), 0,0010051 secs]
453,103: [GC (Allocation Failure)  56048K->35296K(140288K), 0,0018857 secs]
453,137: [GC (Allocation Failure)  60896K->29456K(140800K), 0,0010475 secs]
453,160: [GC (Allocation Failure)  55056K->34184K(140288K), 0,0039524 secs]
453,197: [GC (Allocation Failure)  59784K->28376K(140800K), 0,0020559 secs]
453,225: [GC (Allocation Failure)  53976K->33160K(141312K), 0,0066597 secs]
453,267: [GC (Allocation Failure)  59272K->27832K(140800K), 0,0024747 secs]
453,292: [GC (Allocation Failure)  53944K->33128K(141312K), 0,0014196 secs]
453,328: [GC (Allocation Failure)  59752K->28312K(141312K), 0,0037441 secs]
453,358: [GC (Allocation Failure)  54936K->34120K(141312K), 0,0036930 secs]
453,395: [GC (Allocation Failure)  60744K->29336K(141312K), 0,0042725 secs]
453,423: [GC (Allocation Failure)  55960K->35144K(139776K), 0,0020443 secs]
453,457: [GC (Allocation Failure)  60744K->29304K(140800K), 0,0041974 secs]
453,485: [GC (Allocation Failure)  54904K->34088K(140288K), 0,0018545 secs]
453,519: [GC (Allocation Failure)  59688K->28248K(140800K), 0,0026811 secs]
453,544: [GC (Allocation Failure)  53848K->33032K(141312K), 0,0055272 secs]
453,581: [GC (Allocation Failure)  59656K->28216K(141312K), 0,0006428 secs]
453,602: [GC (Allocation Failure)  54840K->34024K(141312K), 0,0019836 secs]
453,636: [GC (Allocation Failure)  60648K->29248K(141312K), 0,0013826 secs]
453,659: [GC (Allocation Failure)  55872K->35056K(139776K), 0,0015384 secs]
453,692: [GC (Allocation Failure)  60656K->29216K(140800K), 0,0018024 secs]
453,715: [GC (Allocation Failure)  54816K->34032K(141312K), 0,0014146 secs]
453,749: [GC (Allocation Failure)  60656K->29216K(141312K), 0,0015788 secs]
453,771: [GC (Allocation Failure)  55840K->35024K(140288K), 0,0015917 secs]
453,805: [GC (Allocation Failure)  60624K->29152K(140800K), 0,0029767 secs]
453,830: [GC (Allocation Failure)  54752K->33904K(141312K), 0,0023892 secs]
453,865: [GC (Allocation Failure)  60528K->29120K(141312K), 0,0036799 secs]
453,890: [GC (Allocation Failure)  55744K->34960K(140288K), 0,0024646 secs]
453,925: [GC (Allocation Failure)  60560K->29088K(140800K), 0,0012553 secs]
453,948: [GC (Allocation Failure)  54688K->33904K(141312K), 0,0015433 secs]
453,982: [GC (Allocation Failure)  60528K->29128K(141312K), 0,0009224 secs]
454,005: [GC (Allocation Failure)  55752K->34904K(140288K), 0,0016635 secs]
454,040: [GC (Allocation Failure)  60504K->29128K(140800K), 0,0011372 secs]
454,063: [GC (Allocation Failure)  54728K->33848K(141312K), 0,0021764 secs]
454,098: [GC (Allocation Failure)  60472K->29064K(141312K), 0,0023173 secs]
454,122: [GC (Allocation Failure)  55688K->34872K(140288K), 0,0018987 secs]
454,157: [GC (Allocation Failure)  60472K->29032K(140800K), 0,0023801 secs]
454,181: [GC (Allocation Failure)  54632K->33816K(141312K), 0,0016821 secs]
454,216: [GC (Allocation Failure)  60440K->29008K(141312K), 0,0010353 secs]
454,239: [GC (Allocation Failure)  55632K->34816K(141312K), 0,0018094 secs]
454,274: [GC (Allocation Failure)  61440K->30000K(141312K), 0,0024019 secs]
454,300: [GC (Allocation Failure)  56624K->35840K(140288K), 0,0022264 secs]
454,339: [GC (Allocation Failure)  61440K->30008K(140800K), 0,0030056 secs]
454,370: [GC (Allocation Failure)  55608K->34792K(140288K), 0,0046558 secs]
454,412: [GC (Allocation Failure)  60392K->28952K(140800K), 0,0025709 secs]
454,443: [GC (Allocation Failure)  54552K->33736K(141312K), 0,0040896 secs]
454,484: [GC (Allocation Failure)  60360K->28920K(141312K), 0,0025839 secs]
454,515: [GC (Allocation Failure)  55544K->34696K(141312K), 0,0054956 secs]
454,555: [GC (Allocation Failure)  61320K->29976K(141312K), 0,0014173 secs]
454,580: [GC (Allocation Failure)  56600K->35752K(140288K), 0,0021193 secs]
454,614: [GC (Allocation Failure)  61352K->29880K(140800K), 0,0027947 secs]
454,639: [GC (Allocation Failure)  55480K->34664K(140288K), 0,0021648 secs]
454,674: [GC (Allocation Failure)  60264K->28824K(140800K), 0,0026902 secs]
454,699: [GC (Allocation Failure)  54424K->33640K(141312K), 0,0018448 secs]
454,734: [GC (Allocation Failure)  60264K->28824K(141312K), 0,0010155 secs]
454,758: [GC (Allocation Failure)  55448K->34632K(141312K), 0,0037288 secs]
454,795: [GC (Allocation Failure)  61256K->29656K(141312K), 0,0021426 secs]
454,819: [GC (Allocation Failure)  56280K->35432K(139776K), 0,0038295 secs]
454,855: [GC (Allocation Failure)  61032K->29624K(140800K), 0,0013798 secs]
454,877: [GC (Allocation Failure)  55224K->34376K(141312K), 0,0012884 secs]
454,910: [GC (Allocation Failure)  61000K->29560K(141312K), 0,0006239 secs]
454,933: [GC (Allocation Failure)  56184K->35432K(140288K), 0,0045313 secs]
454,975: [GC (Allocation Failure)  61032K->29592K(140800K), 0,0027153 secs]
455,006: [GC (Allocation Failure)  55192K->34344K(141312K), 0,0041386 secs]
455,048: [GC (Allocation Failure)  60968K->29560K(141312K), 0,0025547 secs]
455,077: [GC (Allocation Failure)  56184K->35368K(141312K), 0,0026441 secs]
455,113: [GC (Allocation Failure)  61992K->30584K(141312K), 0,0012141 secs]
455,138: [GC (Allocation Failure)  57208K->36392K(140288K), 0,0021085 secs]
455,172: [GC (Allocation Failure)  61992K->30552K(140800K), 0,0013125 secs]
455,197: [GC (Allocation Failure)  56152K->35304K(140288K), 0,0018868 secs]
455,231: [GC (Allocation Failure)  60904K->29464K(140800K), 0,0044354 secs]
455,258: [GC (Allocation Failure)  55064K->34280K(141312K), 0,0018295 secs]
455,293: [GC (Allocation Failure)  60392K->28920K(140800K), 0,0022760 secs]
455,318: [GC (Allocation Failure)  55032K->34216K(141312K), 0,0028501 secs]
455,354: [GC (Allocation Failure)  60840K->29464K(141312K), 0,0010403 secs]
455,378: [GC (Allocation Failure)  56088K->35240K(141312K), 0,0029327 secs]
455,413: [GC (Allocation Failure)  61864K->30424K(141312K), 0,0072929 secs]
455,444: [GC (Allocation Failure)  57048K->36272K(139776K), 0,0020859 secs]
455,478: [GC (Allocation Failure)  61872K->30432K(140800K), 0,0012183 secs]
455,506: [GC (Allocation Failure)  56032K->35184K(140288K), 0,0045943 secs]
455,548: [GC (Allocation Failure)  60784K->29352K(140800K), 0,0026452 secs]
455,577: [GC (Allocation Failure)  54952K->34136K(141312K), 0,0025499 secs]
455,613: [GC (Allocation Failure)  60760K->29360K(141312K), 0,0015595 secs]
455,638: [GC (Allocation Failure)  55984K->35168K(141312K), 0,0027571 secs]
455,675: [GC (Allocation Failure)  61792K->30360K(141312K), 0,0039911 secs]
455,704: [GC (Allocation Failure)  56984K->36200K(139776K), 0,0028238 secs]
455,742: [GC (Allocation Failure)  61800K->30328K(140800K), 0,0081044 secs]
455,774: [GC (Allocation Failure)  55928K->35112K(141312K), 0,0035641 secs]
455,814: [GC (Allocation Failure)  61736K->30296K(141312K), 0,0035192 secs]
455,846: [GC (Allocation Failure)  56920K->36136K(140288K), 0,0045896 secs]
455,888: [GC (Allocation Failure)  61736K->30296K(140800K), 0,0067427 secs]
455,918: [GC (Allocation Failure)  55896K->35048K(141312K), 0,0032611 secs]
455,954: [GC (Allocation Failure)  61672K->30264K(141312K), 0,0045163 secs]
455,980: [GC (Allocation Failure)  56888K->36072K(140288K), 0,0058927 secs]
456,019: [GC (Allocation Failure)  61672K->30264K(140800K), 0,0022951 secs]
456,043: [GC (Allocation Failure)  55864K->35056K(141312K), 0,0016681 secs]
456,082: [GC (Allocation Failure)  61680K->30240K(141312K), 0,0027722 secs]
456,113: [GC (Allocation Failure)  56864K->36080K(140288K), 0,0036456 secs]
456,152: [GC (Allocation Failure)  61680K->30184K(140800K), 0,0016240 secs]
456,178: [GC (Allocation Failure)  55784K->35000K(141312K), 0,0024578 secs]
456,215: [GC (Allocation Failure)  61624K->30216K(141312K), 0,0015399 secs]
456,240: [GC (Allocation Failure)  56840K->35992K(140288K), 0,0051442 secs]
456,279: [GC (Allocation Failure)  61592K->30152K(140800K), 0,0015384 secs]
456,305: [GC (Allocation Failure)  55752K->34968K(141312K), 0,0024765 secs]
456,341: [GC (Allocation Failure)  61592K->30120K(141312K), 0,0014869 secs]
456,367: [GC (Allocation Failure)  56744K->35992K(141312K), 0,0027874 secs]
456,404: [GC (Allocation Failure)  62616K->31112K(141312K), 0,0041410 secs]
456,432: [GC (Allocation Failure)  57736K->36984K(140288K), 0,0029512 secs]
456,469: [GC (Allocation Failure)  62584K->31080K(140800K), 0,0041673 secs]
456,497: [GC (Allocation Failure)  56680K->35896K(140288K), 0,0018693 secs]
456,531: [GC (Allocation Failure)  61496K->30024K(140800K), 0,0010426 secs]
456,554: [GC (Allocation Failure)  55624K->34840K(141312K), 0,0017018 secs]
456,593: [GC (Allocation Failure)  60952K->29480K(140800K), 0,0092733 secs]
456,625: [GC (Allocation Failure)  55592K->34816K(141312K), 0,0014914 secs]
456,660: [GC (Allocation Failure)  61440K->30000K(141312K), 0,0033185 secs]
456,685: [GC (Allocation Failure)  56624K->35840K(141312K), 0,0018497 secs]
456,720: [GC (Allocation Failure)  62464K->30992K(141312K), 0,0011123 secs]
456,743: [GC (Allocation Failure)  57616K->36832K(139776K), 0,0018506 secs]
456,778: [GC (Allocation Failure)  62432K->30992K(140800K), 0,0029669 secs]
456,803: [GC (Allocation Failure)  56592K->35808K(141312K), 0,0016044 secs]
456,838: [GC (Allocation Failure)  62432K->30992K(141312K), 0,0023557 secs]
456,862: [GC (Allocation Failure)  57616K->36768K(140288K), 0,0030257 secs]
456,902: [GC (Allocation Failure)  62368K->30960K(140800K), 0,0028575 secs]
456,932: [GC (Allocation Failure)  56560K->35752K(140288K), 0,0018774 secs]
456,966: [GC (Allocation Failure)  61352K->29944K(140800K), 0,0010253 secs]
456,989: [GC (Allocation Failure)  55544K->34696K(141312K), 0,0017852 secs]
457,024: [GC (Allocation Failure)  61320K->29848K(141312K), 0,0027353 secs]
457,049: [GC (Allocation Failure)  56472K->35720K(141312K), 0,0018364 secs]
457,084: [GC (Allocation Failure)  62344K->30872K(141312K), 0,0011567 secs]
457,108: [GC (Allocation Failure)  57496K->36752K(139776K), 0,0019717 secs]
457,142: [GC (Allocation Failure)  62352K->30880K(140800K), 0,0012056 secs]
457,166: [GC (Allocation Failure)  56480K->35632K(141312K), 0,0023584 secs]
457,201: [GC (Allocation Failure)  62256K->30816K(141312K), 0,0014218 secs]
457,226: [GC (Allocation Failure)  57440K->36656K(140288K), 0,0067964 secs]
457,268: [GC (Allocation Failure)  62256K->30816K(140800K), 0,0048740 secs]
457,297: [GC (Allocation Failure)  56416K->35568K(141312K), 0,0039887 secs]
457,333: [GC (Allocation Failure)  62192K->30784K(141312K), 0,0019546 secs]
457,357: [GC (Allocation Failure)  57408K->36592K(141312K), 0,0018146 secs]
457,392: [GC (Allocation Failure)  63216K->31808K(141312K), 0,0028353 secs]
457,418: [GC (Allocation Failure)  58432K->37648K(140288K), 0,0019206 secs]
457,452: [GC (Allocation Failure)  63248K->31744K(140800K), 0,0025692 secs]
457,477: [GC (Allocation Failure)  57344K->36568K(140288K), 0,0033798 secs]
457,513: [GC (Allocation Failure)  62168K->30760K(140800K), 0,0009597 secs]
457,536: [GC (Allocation Failure)  56360K->35480K(141312K), 0,0036135 secs]
457,572: [GC (Allocation Failure)  61592K->30184K(140800K), 0,0011415 secs]
457,594: [GC (Allocation Failure)  56296K->35480K(141312K), 0,0012752 secs]
457,627: [GC (Allocation Failure)  62104K->30664K(141312K), 0,0012996 secs]
457,649: [GC (Allocation Failure)  57288K->36472K(141312K), 0,0019950 secs]
457,686: [GC (Allocation Failure)  63096K->31720K(141312K), 0,0029465 secs]
457,716: [GC (Allocation Failure)  58344K->37496K(139776K), 0,0047152 secs]
457,754: [GC (Allocation Failure)  63096K->31656K(140800K), 0,0038674 secs]
457,782: [GC (Allocation Failure)  57256K->36440K(140288K), 0,0025346 secs]
457,818: [GC (Allocation Failure)  62040K->30632K(140800K), 0,0014429 secs]
457,843: [GC (Allocation Failure)  56232K->35384K(141312K), 0,0024298 secs]
457,879: [GC (Allocation Failure)  62008K->30568K(141312K), 0,0015469 secs]
457,905: [GC (Allocation Failure)  57192K->36416K(141312K), 0,0050470 secs]
457,943: [GC (Allocation Failure)  63040K->31608K(141312K), 0,0034191 secs]
457,971: [GC (Allocation Failure)  58232K->37416K(139776K), 0,0028506 secs]
458,008: [GC (Allocation Failure)  63016K->31576K(140800K), 0,0017564 secs]
458,035: [GC (Allocation Failure)  57176K->36360K(141312K), 0,0026855 secs]
458,072: [GC (Allocation Failure)  62984K->31576K(141312K), 0,0054152 secs]
458,101: [GC (Allocation Failure)  58200K->37384K(140288K), 0,0041331 secs]
458,138: [GC (Allocation Failure)  62984K->31544K(140800K), 0,0018660 secs]
458,162: [GC (Allocation Failure)  57144K->36296K(141312K), 0,0013686 secs]
458,195: [GC (Allocation Failure)  62920K->31512K(141312K), 0,0007543 secs]
458,218: [GC (Allocation Failure)  58136K->37352K(140288K), 0,0023023 secs]
458,252: [GC (Allocation Failure)  62952K->31512K(140800K), 0,0007618 secs]
458,274: [GC (Allocation Failure)  57112K->36264K(141312K), 0,0013069 secs]
458,307: [GC (Allocation Failure)  62888K->31416K(141312K), 0,0017247 secs]
458,330: [GC (Allocation Failure)  58040K->37256K(140288K), 0,0027130 secs]
458,369: [GC (Allocation Failure)  62856K->31416K(140800K), 0,0027691 secs]
458,400: [GC (Allocation Failure)  57016K->36240K(141312K), 0,0041690 secs]
458,442: [GC (Allocation Failure)  62864K->31392K(141312K), 0,0054122 secs]
458,473: [GC (Allocation Failure)  58016K->37232K(140288K), 0,0045677 secs]
458,515: [GC (Allocation Failure)  62832K->31392K(140800K), 0,0029407 secs]
458,546: [GC (Allocation Failure)  56992K->36144K(141312K), 0,0045137 secs]
458,586: [GC (Allocation Failure)  62768K->31360K(141312K), 0,0016085 secs]
458,612: [GC (Allocation Failure)  57984K->37200K(141312K), 0,0026491 secs]
458,649: [GC (Allocation Failure)  63824K->32384K(141312K), 0,0017680 secs]
458,676: [GC (Allocation Failure)  59008K->38200K(140288K), 0,0029889 secs]
458,714: [GC (Allocation Failure)  63800K->32392K(140800K), 0,0017387 secs]
458,741: [GC (Allocation Failure)  57992K->37112K(140288K), 0,0025043 secs]
458,777: [GC (Allocation Failure)  62712K->31216K(140800K), 0,0015272 secs]
458,804: [GC (Allocation Failure)  56816K->35872K(141312K), 0,0049048 secs]
458,842: [GC (Allocation Failure)  61984K->30544K(140800K), 0,0018485 secs]
458,866: [GC (Allocation Failure)  56656K->35840K(141312K), 0,0020036 secs]
458,901: [GC (Allocation Failure)  62464K->31032K(141312K), 0,0006542 secs]
458,923: [GC (Allocation Failure)  57655K->36816K(140800K), 0,0014512 secs]
458,955: [GC (Allocation Failure)  63440K->32000K(141312K), 0,0019392 secs]
458,979: [GC (Allocation Failure)  58624K->37816K(140800K), 0,0022664 secs]
459,014: [GC (Allocation Failure)  64440K->33040K(141312K), 0,0008739 secs]
459,036: [GC (Allocation Failure)  59664K->38848K(139776K), 0,0025393 secs]
459,070: [GC (Allocation Failure)  64448K->33040K(140800K), 0,0015933 secs]
459,092: [GC (Allocation Failure)  58640K->37800K(140288K), 0,0015219 secs]
459,126: [GC (Allocation Failure)  63400K->31992K(140800K), 0,0008592 secs]
459,149: [GC (Allocation Failure)  57592K->36744K(140800K), 0,0014078 secs]
459,183: [GC (Allocation Failure)  62344K->30904K(140800K), 0,0007839 secs]
459,206: [GC (Allocation Failure)  56504K->35688K(141312K), 0,0013082 secs]
459,239: [GC (Allocation Failure)  62312K->30872K(141312K), 0,0045649 secs]
459,265: [GC (Allocation Failure)  57496K->36712K(141312K), 0,0013671 secs]
459,299: [GC (Allocation Failure)  63336K->31896K(141312K), 0,0024966 secs]
459,323: [GC (Allocation Failure)  58520K->37712K(140800K), 0,0027196 secs]
459,358: [GC (Allocation Failure)  64336K->32928K(141312K), 0,0008990 secs]
459,381: [GC (Allocation Failure)  59552K->38736K(139776K), 0,0016677 secs]
459,415: [GC (Allocation Failure)  64336K->32896K(140800K), 0,0020823 secs]
459,439: [GC (Allocation Failure)  58496K->37680K(140288K), 0,0015654 secs]
459,472: [GC (Allocation Failure)  63280K->31848K(140800K), 0,0010481 secs]
459,495: [GC (Allocation Failure)  57448K->36632K(141312K), 0,0015150 secs]
459,530: [GC (Allocation Failure)  63256K->31816K(141312K), 0,0008297 secs]
459,553: [GC (Allocation Failure)  58440K->37656K(141312K), 0,0016373 secs]
459,588: [GC (Allocation Failure)  64280K->32808K(141312K), 0,0021773 secs]
459,613: [GC (Allocation Failure)  59432K->38656K(140288K), 0,0016876 secs]
459,647: [GC (Allocation Failure)  64256K->32816K(140800K), 0,0009367 secs]
459,670: [GC (Allocation Failure)  58416K->37568K(140288K), 0,0027817 secs]
459,706: [GC (Allocation Failure)  63168K->31744K(140800K), 0,0008838 secs]
459,729: [GC (Allocation Failure)  57344K->36528K(141312K), 0,0015617 secs]
459,763: [GC (Allocation Failure)  63152K->31712K(141312K), 0,0008150 secs]
459,786: [GC (Allocation Failure)  58336K->37520K(141312K), 0,0030760 secs]
459,822: [GC (Allocation Failure)  64144K->32768K(141312K), 0,0009753 secs]
459,845: [GC (Allocation Failure)  59392K->38544K(140288K), 0,0043074 secs]
459,882: [GC (Allocation Failure)  64144K->32704K(140800K), 0,0020047 secs]
459,910: [GC (Allocation Failure)  58304K->37520K(141312K), 0,0042912 secs]
459,951: [GC (Allocation Failure)  64144K->32712K(141312K), 0,0016767 secs]
459,977: [GC (Allocation Failure)  59336K->38520K(140288K), 0,0045157 secs]
460,014: [GC (Allocation Failure)  64120K->32680K(140800K), 0,0027635 secs]
460,039: [GC (Allocation Failure)  58280K->37464K(140288K), 0,0035399 secs]
460,078: [GC (Allocation Failure)  63064K->31624K(140800K), 0,0042896 secs]
460,107: [GC (Allocation Failure)  57224K->36408K(141312K), 0,0025905 secs]
460,142: [GC (Allocation Failure)  63032K->31608K(141312K), 0,0010752 secs]
460,165: [GC (Allocation Failure)  58232K->37416K(141312K), 0,0018655 secs]
460,200: [GC (Allocation Failure)  64040K->32632K(141312K), 0,0058900 secs]
460,228: [GC (Allocation Failure)  59256K->38472K(140800K), 0,0017077 secs]
460,263: [GC (Allocation Failure)  65096K->33624K(141312K), 0,0010277 secs]
460,287: [GC (Allocation Failure)  60248K->39440K(139776K), 0,0054867 secs]
460,325: [GC (Allocation Failure)  65040K->33600K(140800K), 0,0019318 secs]
460,349: [GC (Allocation Failure)  59200K->38416K(140288K), 0,0017922 secs]
460,384: [GC (Allocation Failure)  64016K->32576K(140800K), 0,0032967 secs]
460,409: [GC (Allocation Failure)  58176K->37360K(141312K), 0,0028550 secs]
460,445: [GC (Allocation Failure)  63472K->32032K(140800K), 0,0021353 secs]
460,469: [GC (Allocation Failure)  58144K->37296K(141312K), 0,0027758 secs]
460,505: [GC (Allocation Failure)  63920K->32512K(141312K), 0,0008585 secs]
460,528: [GC (Allocation Failure)  59136K->38288K(141312K), 0,0033611 secs]
460,564: [GC (Allocation Failure)  64912K->33504K(141312K), 0,0068755 secs]
460,593: [GC (Allocation Failure)  60128K->39312K(140288K), 0,0030881 secs]
460,629: [GC (Allocation Failure)  64912K->33504K(140800K), 0,0022110 secs]
460,653: [GC (Allocation Failure)  59104K->38256K(140288K), 0,0047268 secs]
460,691: [GC (Allocation Failure)  63856K->32416K(140800K), 0,0023306 secs]
460,715: [GC (Allocation Failure)  58016K->37200K(141312K), 0,0026700 secs]
460,751: [GC (Allocation Failure)  63824K->32392K(141312K), 0,0018157 secs]
460,775: [GC (Allocation Failure)  59016K->38280K(141312K), 0,0040609 secs]
460,812: [GC (Allocation Failure)  64904K->33440K(141312K), 0,0068983 secs]
460,840: [GC (Allocation Failure)  60064K->39312K(140288K), 0,0023455 secs]
460,880: [GC (Allocation Failure)  64912K->33440K(140800K), 0,0029019 secs]
460,910: [GC (Allocation Failure)  59040K->38192K(140288K), 0,0045428 secs]
460,950: [GC (Allocation Failure)  63792K->32384K(140800K), 0,0039560 secs]
460,979: [GC (Allocation Failure)  57984K->37136K(141312K), 0,0024088 secs]
461,015: [GC (Allocation Failure)  63760K->32360K(141312K), 0,0015399 secs]
461,041: [GC (Allocation Failure)  58984K->38176K(141312K), 0,0027243 secs]
461,076: [GC (Allocation Failure)  64800K->33328K(141312K), 0,0058510 secs]
461,107: [GC (Allocation Failure)  59952K->39200K(140288K), 0,0028700 secs]
461,145: [GC (Allocation Failure)  64800K->33328K(140800K), 0,0046097 secs]
461,172: [GC (Allocation Failure)  58928K->38112K(141312K), 0,0034075 secs]
461,209: [GC (Allocation Failure)  64736K->33328K(141312K), 0,0021686 secs]
461,234: [GC (Allocation Failure)  59952K->39104K(140288K), 0,0034147 secs]
461,269: [GC (Allocation Failure)  64704K->33328K(140800K), 0,0046433 secs]
461,295: [GC (Allocation Failure)  58928K->38048K(141312K), 0,0027238 secs]
461,331: [GC (Allocation Failure)  64672K->33264K(141312K), 0,0009724 secs]
461,354: [GC (Allocation Failure)  59888K->39104K(140288K), 0,0017085 secs]
461,389: [GC (Allocation Failure)  64704K->33232K(140800K), 0,0021273 secs]
461,413: [GC (Allocation Failure)  58832K->38016K(141312K), 0,0016140 secs]
461,448: [GC (Allocation Failure)  64640K->33232K(141312K), 0,0021673 secs]
461,472: [GC (Allocation Failure)  59856K->39016K(140288K), 0,0017485 secs]
461,507: [GC (Allocation Failure)  64616K->33224K(140800K), 0,0009697 secs]
461,530: [GC (Allocation Failure)  58824K->37976K(141312K), 0,0082556 secs]
461,569: [GC (Allocation Failure)  64600K->33256K(141312K), 0,0006470 secs]
461,590: [GC (Allocation Failure)  59880K->39008K(141312K), 0,0020920 secs]
461,624: [GC (Allocation Failure)  65632K->34232K(141312K), 0,0045061 secs]
461,649: [GC (Allocation Failure)  60856K->40040K(140288K), 0,0022844 secs]
461,684: [GC (Allocation Failure)  65640K->34200K(140800K), 0,0008323 secs]
461,705: [GC (Allocation Failure)  59800K->38952K(140288K), 0,0038155 secs]
461,742: [GC (Allocation Failure)  64552K->33144K(140800K), 0,0008236 secs]
461,764: [GC (Allocation Failure)  58744K->37904K(141312K), 0,0013262 secs]
461,796: [GC (Allocation Failure)  64016K->32576K(140800K), 0,0006474 secs]
461,818: [GC (Allocation Failure)  58688K->37904K(141312K), 0,0053600 secs]
461,856: [GC (Allocation Failure)  64528K->33088K(141312K), 0,0007284 secs]
461,879: [GC (Allocation Failure)  59712K->38928K(141312K), 0,0014911 secs]
461,913: [GC (Allocation Failure)  65552K->34080K(141312K), 0,0040215 secs]
461,939: [GC (Allocation Failure)  60704K->39920K(139776K), 0,0023788 secs]
461,974: [GC (Allocation Failure)  65520K->34112K(140800K), 0,0008303 secs]
461,996: [GC (Allocation Failure)  59712K->38896K(140288K), 0,0013619 secs]
462,029: [GC (Allocation Failure)  64496K->33024K(140800K), 0,0006656 secs]
462,050: [GC (Allocation Failure)  58624K->37776K(141312K), 0,0015386 secs]
462,083: [GC (Allocation Failure)  64400K->33000K(141312K), 0,0007410 secs]
462,105: [GC (Allocation Failure)  59624K->38840K(141312K), 0,0022469 secs]
462,140: [GC (Allocation Failure)  65464K->34040K(141312K), 0,0007721 secs]
462,163: [GC (Allocation Failure)  60664K->39824K(139776K), 0,0015524 secs]
462,196: [GC (Allocation Failure)  65424K->33984K(140800K), 0,0009807 secs]
462,219: [GC (Allocation Failure)  59584K->38768K(141312K), 0,0024623 secs]
462,254: [GC (Allocation Failure)  65392K->33984K(141312K), 0,0008514 secs]
462,277: [GC (Allocation Failure)  60608K->39824K(140288K), 0,0027437 secs]
462,313: [GC (Allocation Failure)  65424K->33952K(140800K), 0,0019653 secs]
462,337: [GC (Allocation Failure)  59552K->38768K(141312K), 0,0029810 secs]
462,373: [GC (Allocation Failure)  65392K->33960K(141312K), 0,0009284 secs]
462,396: [GC (Allocation Failure)  60584K->39768K(140288K), 0,0017576 secs]
462,431: [GC (Allocation Failure)  65368K->33928K(140800K), 0,0019971 secs]
462,455: [GC (Allocation Failure)  59528K->38712K(141312K), 0,0038475 secs]
462,492: [GC (Allocation Failure)  65336K->33864K(141312K), 0,0028895 secs]
462,517: [GC (Allocation Failure)  60488K->39736K(140288K), 0,0060439 secs]
462,556: [GC (Allocation Failure)  65336K->33864K(140800K), 0,0067896 secs]
462,591: [GC (Allocation Failure)  59464K->38656K(141312K), 0,0042116 secs]
462,630: [GC (Allocation Failure)  65280K->33840K(141312K), 0,0015699 secs]
462,656: [GC (Allocation Failure)  60464K->39712K(140288K), 0,0027703 secs]
462,693: [GC (Allocation Failure)  65312K->33840K(140800K), 0,0046243 secs]
462,723: [GC (Allocation Failure)  59440K->38592K(141312K), 0,0025065 secs]
462,759: [GC (Allocation Failure)  65216K->33808K(141312K), 0,0016260 secs]
462,784: [GC (Allocation Failure)  60432K->39432K(141312K), 0,0019885 secs]
462,818: [GC (Allocation Failure)  66056K->34648K(141312K), 0,0016457 secs]
462,840: [GC (Allocation Failure)  61272K->40456K(140288K), 0,0023899 secs]
462,875: [GC (Allocation Failure)  66056K->34584K(140800K), 0,0016646 secs]
462,897: [GC (Allocation Failure)  60184K->39400K(140288K), 0,0013302 secs]
462,931: [GC (Allocation Failure)  65000K->33496K(140800K), 0,0006671 secs]
462,953: [GC (Allocation Failure)  59096K->38216K(141312K), 0,0011902 secs]
462,986: [GC (Allocation Failure)  64840K->33432K(141312K), 0,0032807 secs]
463,011: [GC (Allocation Failure)  60056K->39272K(141312K), 0,0012648 secs]
463,044: [GC (Allocation Failure)  65896K->34456K(141312K), 0,0011192 secs]
463,067: [GC (Allocation Failure)  61080K->40296K(139776K), 0,0014680 secs]
463,101: [GC (Allocation Failure)  65896K->34456K(140800K), 0,0008351 secs]
463,123: [GC (Allocation Failure)  60056K->39208K(141312K), 0,0013714 secs]
463,156: [GC (Allocation Failure)  65832K->34464K(141312K), 0,0008422 secs]
463,179: [GC (Allocation Failure)  61088K->40272K(140288K), 0,0014968 secs]
463,212: [GC (Allocation Failure)  65872K->34400K(140800K), 0,0057762 secs]
463,240: [GC (Allocation Failure)  60000K->39184K(141312K), 0,0015495 secs]
463,274: [GC (Allocation Failure)  65808K->34400K(141312K), 0,0009011 secs]
463,297: [GC (Allocation Failure)  61024K->40176K(140288K), 0,0035812 secs]
463,335: [GC (Allocation Failure)  65776K->34368K(140800K), 0,0028794 secs]
463,366: [GC (Allocation Failure)  59968K->39152K(141312K), 0,0041437 secs]
463,407: [GC (Allocation Failure)  65776K->34336K(141312K), 0,0016171 secs]
463,434: [GC (Allocation Failure)  60960K->40176K(140288K), 0,0026096 secs]
463,471: [GC (Allocation Failure)  65776K->34304K(140800K), 0,0023677 secs]
463,498: [GC (Allocation Failure)  59904K->39056K(141312K), 0,0041805 secs]
463,535: [GC (Allocation Failure)  65680K->34304K(141312K), 0,0010612 secs]
463,559: [GC (Allocation Failure)  60928K->40080K(141312K), 0,0020792 secs]
463,593: [GC (Allocation Failure)  66704K->35296K(141312K), 0,0044289 secs]
463,621: [GC (Allocation Failure)  61920K->41072K(140288K), 0,0037504 secs]
463,657: [GC (Allocation Failure)  66672K->35232K(140800K), 0,0012720 secs]
463,681: [GC (Allocation Failure)  60832K->40048K(140288K), 0,0035161 secs]
463,717: [GC (Allocation Failure)  65648K->34184K(140800K), 0,0011764 secs]
463,740: [GC (Allocation Failure)  59784K->39008K(141312K), 0,0018082 secs]
463,775: [GC (Allocation Failure)  65632K->34224K(141312K), 0,0014183 secs]
463,800: [GC (Allocation Failure)  60848K->40032K(141312K), 0,0046514 secs]
463,837: [GC (Allocation Failure)  66656K->35216K(141312K), 0,0015323 secs]
463,862: [GC (Allocation Failure)  61840K->40992K(140288K), 0,0025771 secs]
463,897: [GC (Allocation Failure)  66592K->35184K(140800K), 0,0015564 secs]
463,922: [GC (Allocation Failure)  60784K->39976K(140288K), 0,0022704 secs]
463,957: [GC (Allocation Failure)  65576K->34104K(140800K), 0,0033441 secs]
463,984: [GC (Allocation Failure)  59704K->38896K(141312K), 0,0022950 secs]
464,019: [GC (Allocation Failure)  65520K->34112K(141312K), 0,0070824 secs]
464,051: [GC (Allocation Failure)  60736K->39920K(141312K), 0,0058792 secs]
464,090: [GC (Allocation Failure)  66544K->35104K(141312K), 0,0031208 secs]
464,116: [GC (Allocation Failure)  61728K->40912K(139776K), 0,0035442 secs]
464,152: [GC (Allocation Failure)  66512K->35072K(140800K), 0,0016459 secs]
464,177: [GC (Allocation Failure)  60672K->39856K(141312K), 0,0037432 secs]
464,213: [GC (Allocation Failure)  66480K->35104K(141312K), 0,0010364 secs]
464,236: [GC (Allocation Failure)  61728K->40848K(140288K), 0,0032518 secs]
464,272: [GC (Allocation Failure)  66448K->35056K(140800K), 0,0007678 secs]
464,294: [GC (Allocation Failure)  60656K->39848K(141312K), 0,0014756 secs]
464,328: [GC (Allocation Failure)  66472K->35032K(141312K), 0,0014159 secs]
464,351: [GC (Allocation Failure)  61656K->40840K(140288K), 0,0014867 secs]
464,384: [GC (Allocation Failure)  66440K->35008K(140800K), 0,0013921 secs]
464,407: [GC (Allocation Failure)  60608K->39792K(141312K), 0,0013548 secs]
464,441: [GC (Allocation Failure)  66416K->35008K(141312K), 0,0006936 secs]
464,462: [GC (Allocation Failure)  61632K->40856K(140288K), 0,0015141 secs]
464,496: [GC (Allocation Failure)  66456K->34984K(140800K), 0,0008247 secs]
464,519: [GC (Allocation Failure)  60584K->39736K(141312K), 0,0017645 secs]
464,554: [GC (Allocation Failure)  66360K->34952K(141312K), 0,0023232 secs]
464,578: [GC (Allocation Failure)  61576K->40760K(140288K), 0,0027343 secs]
464,614: [GC (Allocation Failure)  66360K->34952K(140800K), 0,0052057 secs]
464,641: [GC (Allocation Failure)  60552K->39672K(141312K), 0,0032067 secs]
464,677: [GC (Allocation Failure)  66296K->34920K(141312K), 0,0010487 secs]
464,700: [GC (Allocation Failure)  61544K->40728K(141312K), 0,0018047 secs]
464,735: [GC (Allocation Failure)  67352K->35944K(141312K), 0,0062600 secs]
464,763: [GC (Allocation Failure)  62568K->41752K(140288K), 0,0017743 secs]
464,798: [GC (Allocation Failure)  67352K->35880K(140800K), 0,0030560 secs]
464,823: [GC (Allocation Failure)  61480K->40664K(140288K), 0,0027448 secs]
464,859: [GC (Allocation Failure)  66264K->34856K(140800K), 0,0009061 secs]
464,882: [GC (Allocation Failure)  60456K->39576K(141312K), 0,0046004 secs]
464,919: [GC (Allocation Failure)  66200K->34792K(141312K), 0,0018318 secs]
464,943: [GC (Allocation Failure)  61416K->40600K(141312K), 0,0029462 secs]
464,979: [GC (Allocation Failure)  67224K->35816K(141312K), 0,0009881 secs]
465,003: [GC (Allocation Failure)  62440K->41592K(140288K), 0,0027915 secs]
465,038: [GC (Allocation Failure)  67192K->35816K(140800K), 0,0010153 secs]
465,061: [GC (Allocation Failure)  61416K->40536K(141312K), 0,0036671 secs]
465,098: [GC (Allocation Failure)  67160K->35792K(141312K), 0,0037770 secs]
465,125: [GC (Allocation Failure)  62416K->41600K(140288K), 0,0025891 secs]
465,160: [GC (Allocation Failure)  67200K->35760K(140800K), 0,0028459 secs]
465,186: [GC (Allocation Failure)  61360K->40512K(140288K), 0,0035474 secs]
465,222: [GC (Allocation Failure)  66112K->34712K(140800K), 0,0026253 secs]
465,247: [GC (Allocation Failure)  60312K->39464K(141312K), 0,0019741 secs]
465,282: [GC (Allocation Failure)  66088K->34680K(141312K), 0,0026628 secs]
465,307: [GC (Allocation Failure)  61304K->40456K(141312K), 0,0050962 secs]
465,345: [GC (Allocation Failure)  67080K->35680K(141312K), 0,0012923 secs]
465,369: [GC (Allocation Failure)  62304K->41488K(140800K), 0,0054845 secs]
465,407: [GC (Allocation Failure)  68112K->36704K(141312K), 0,0013832 secs]
465,432: [GC (Allocation Failure)  63328K->42512K(140288K), 0,0040181 secs]
465,468: [GC (Allocation Failure)  68112K->36720K(140800K), 0,0015080 secs]
465,493: [GC (Allocation Failure)  62320K->41440K(140288K), 0,0039176 secs]
465,529: [GC (Allocation Failure)  67040K->35664K(140800K), 0,0052830 secs]
465,556: [GC (Allocation Failure)  61264K->40384K(141312K), 0,0071098 secs]
465,594: [GC (Allocation Failure)  66496K->35088K(140800K), 0,0006708 secs]
465,615: [GC (Allocation Failure)  61200K->40384K(141312K), 0,0013185 secs]
465,649: [GC (Allocation Failure)  67008K->35600K(141312K), 0,0037614 secs]
465,674: [GC (Allocation Failure)  62224K->41416K(140288K), 0,0027408 secs]
465,709: [GC (Allocation Failure)  67016K->35544K(140800K), 0,0007001 secs]
465,731: [GC (Allocation Failure)  61144K->40360K(141312K), 0,0020379 secs]
465,765: [GC (Allocation Failure)  66984K->35544K(141312K), 0,0014198 secs]
465,787: [GC (Allocation Failure)  62168K->41360K(141312K), 0,0014182 secs]
465,820: [GC (Allocation Failure)  67984K->36576K(141312K), 0,0008927 secs]
465,842: [GC (Allocation Failure)  63200K->42384K(140288K), 0,0016151 secs]
465,875: [GC (Allocation Failure)  67984K->36544K(140800K), 0,0007868 secs]
465,897: [GC (Allocation Failure)  62144K->41360K(140288K), 0,0014111 secs]
465,931: [GC (Allocation Failure)  66960K->35496K(140800K), 0,0015742 secs]
465,954: [GC (Allocation Failure)  61096K->40248K(141312K), 0,0013246 secs]
465,987: [GC (Allocation Failure)  66872K->35432K(141312K), 0,0025075 secs]
466,015: [GC (Allocation Failure)  62056K->41272K(141312K), 0,0045501 secs]
466,057: [GC (Allocation Failure)  67896K->36456K(141312K), 0,0031514 secs]
466,089: [GC (Allocation Failure)  63080K->42264K(140288K), 0,0047598 secs]
466,127: [GC (Allocation Failure)  67864K->36424K(140800K), 0,0031148 secs]
466,153: [GC (Allocation Failure)  62024K->41240K(140288K), 0,0024837 secs]
466,188: [GC (Allocation Failure)  66840K->35384K(140800K), 0,0011541 secs]
466,211: [GC (Allocation Failure)  60984K->40168K(141312K), 0,0057809 secs]
466,250: [GC (Allocation Failure)  66792K->35384K(141312K), 0,0039396 secs]
466,282: [GC (Allocation Failure)  62008K->41192K(141312K), 0,0043179 secs]
466,324: [GC (Allocation Failure)  67816K->36384K(141312K), 0,0060778 secs]
466,357: [GC (Allocation Failure)  63008K->42224K(139776K), 0,0027929 secs]
466,393: [GC (Allocation Failure)  67824K->36392K(140800K), 0,0011770 secs]
466,416: [GC (Allocation Failure)  61992K->41144K(141312K), 0,0034998 secs]
466,453: [GC (Allocation Failure)  67768K->36360K(141312K), 0,0023380 secs]
466,479: [GC (Allocation Failure)  62984K->42168K(140288K), 0,0035598 secs]
466,515: [GC (Allocation Failure)  67768K->36296K(140800K), 0,0028803 secs]
466,540: [GC (Allocation Failure)  61896K->41080K(141312K), 0,0034621 secs]
466,577: [GC (Allocation Failure)  67704K->36328K(141312K), 0,0027210 secs]
466,608: [GC (Allocation Failure)  62952K->42104K(140288K), 0,0036905 secs]
466,646: [GC (Allocation Failure)  67704K->36296K(140800K), 0,0054631 secs]
466,673: [GC (Allocation Failure)  61896K->41048K(141312K), 0,0027976 secs]
466,709: [GC (Allocation Failure)  67672K->36232K(141312K), 0,0026887 secs]
466,733: [GC (Allocation Failure)  62856K->42072K(140288K), 0,0015701 secs]
466,767: [GC (Allocation Failure)  67672K->36232K(140800K), 0,0028156 secs]
466,792: [GC (Allocation Failure)  61832K->40824K(141312K), 0,0013412 secs]
466,825: [GC (Allocation Failure)  67448K->36008K(141312K), 0,0054449 secs]
466,852: [GC (Allocation Failure)  62632K->41784K(141312K), 0,0021199 secs]
466,887: [GC (Allocation Failure)  68408K->37000K(141312K), 0,0007198 secs]
466,909: [GC (Allocation Failure)  63624K->42776K(139776K), 0,0022010 secs]
466,943: [GC (Allocation Failure)  68376K->36936K(140800K), 0,0014757 secs]
466,966: [GC (Allocation Failure)  62536K->41688K(140288K), 0,0021059 secs]
467,000: [GC (Allocation Failure)  67288K->35816K(140800K), 0,0007502 secs]
467,023: [GC (Allocation Failure)  61416K->40608K(141312K), 0,0013307 secs]
467,057: [GC (Allocation Failure)  67232K->35768K(141312K), 0,0029626 secs]
467,089: [GC (Allocation Failure)  62392K->41608K(141312K), 0,0052443 secs]
467,132: [GC (Allocation Failure)  68232K->36824K(141312K), 0,0031306 secs]
467,160: [GC (Allocation Failure)  63448K->42632K(139776K), 0,0044819 secs]
467,197: [GC (Allocation Failure)  68232K->36792K(140800K), 0,0042733 secs]
467,224: [GC (Allocation Failure)  62392K->41576K(141312K), 0,0035512 secs]
467,261: [GC (Allocation Failure)  68200K->36760K(141312K), 0,0009857 secs]
467,284: [GC (Allocation Failure)  63384K->42600K(140288K), 0,0029981 secs]
467,320: [GC (Allocation Failure)  68200K->36760K(140800K), 0,0034311 secs]
467,345: [GC (Allocation Failure)  62360K->41512K(141312K), 0,0025397 secs]
467,381: [GC (Allocation Failure)  68136K->36696K(141312K), 0,0078955 secs]
467,411: [GC (Allocation Failure)  63320K->42536K(140288K), 0,0023045 secs]
467,445: [GC (Allocation Failure)  68136K->36696K(140800K), 0,0007622 secs]
467,467: [GC (Allocation Failure)  62296K->41480K(141312K), 0,0021657 secs]
467,502: [GC (Allocation Failure)  68104K->36664K(141312K), 0,0031931 secs]
467,526: [GC (Allocation Failure)  63288K->42472K(140288K), 0,0013822 secs]
467,558: [GC (Allocation Failure)  68072K->36640K(140800K), 0,0067799 secs]
467,589: [GC (Allocation Failure)  62240K->41432K(141312K), 0,0024196 secs]
467,625: [GC (Allocation Failure)  68056K->36624K(141312K), 0,0016039 secs]
467,650: [GC (Allocation Failure)  63248K->42464K(141312K), 0,0027017 secs]
467,687: [GC (Allocation Failure)  69088K->37648K(141312K), 0,0018258 secs]
467,714: [GC (Allocation Failure)  64272K->43488K(140288K), 0,0029576 secs]
467,752: [GC (Allocation Failure)  69088K->37616K(140800K), 0,0058472 secs]
467,781: [GC (Allocation Failure)  63216K->42400K(140288K), 0,0027916 secs]
467,817: [GC (Allocation Failure)  68000K->36592K(140800K), 0,0017811 secs]
467,841: [GC (Allocation Failure)  62192K->41344K(141312K), 0,0025708 secs]
467,876: [GC (Allocation Failure)  67968K->36536K(141312K), 0,0008617 secs]
467,903: [GC (Allocation Failure)  63160K->42344K(141312K), 0,0043468 secs]
467,946: [GC (Allocation Failure)  68968K->37528K(141312K), 0,0061456 secs]
467,976: [GC (Allocation Failure)  64152K->43368K(140288K), 0,0026710 secs]
468,011: [GC (Allocation Failure)  68968K->37560K(140800K), 0,0023971 secs]
468,037: [GC (Allocation Failure)  63160K->42280K(140288K), 0,0039162 secs]
468,075: [GC (Allocation Failure)  67880K->36504K(140800K), 0,0028879 secs]
468,106: [GC (Allocation Failure)  62104K->41256K(141312K), 0,0043053 secs]
468,148: [GC (Allocation Failure)  67880K->36520K(141312K), 0,0025771 secs]
468,179: [GC (Allocation Failure)  63144K->42296K(141312K), 0,0031858 secs]
468,216: [GC (Allocation Failure)  68920K->37480K(141312K), 0,0044168 secs]
468,243: [GC (Allocation Failure)  64104K->43320K(139776K), 0,0017205 secs]
468,282: [GC (Allocation Failure)  68920K->37456K(140800K), 0,0071373 secs]
468,317: [GC (Allocation Failure)  63056K->42248K(141312K), 0,0041673 secs]
468,356: [GC (Allocation Failure)  68872K->37472K(141312K), 0,0012662 secs]
468,381: [GC (Allocation Failure)  64096K->43320K(140288K), 0,0019917 secs]
468,415: [GC (Allocation Failure)  68920K->37448K(140800K), 0,0023836 secs]
468,440: [GC (Allocation Failure)  63048K->42200K(141312K), 0,0036629 secs]
468,477: [GC (Allocation Failure)  68824K->37416K(141312K), 0,0029398 secs]
468,503: [GC (Allocation Failure)  64040K->43232K(140288K), 0,0021619 secs]
468,537: [GC (Allocation Failure)  68832K->37360K(140800K), 0,0042936 secs]
468,564: [GC (Allocation Failure)  62960K->42144K(141312K), 0,0031785 secs]
468,600: [GC (Allocation Failure)  68768K->37360K(141312K), 0,0044544 secs]
468,628: [GC (Allocation Failure)  63984K->43232K(140288K), 0,0020994 secs]
468,662: [GC (Allocation Failure)  68832K->37336K(140800K), 0,0030539 secs]
468,687: [GC (Allocation Failure)  62936K->42152K(141312K), 0,0018223 secs]
468,722: [GC (Allocation Failure)  68776K->37368K(141312K), 0,0011107 secs]
468,749: [GC (Allocation Failure)  63992K->43144K(140288K), 0,0046491 secs]
468,791: [GC (Allocation Failure)  68744K->37336K(140800K), 0,0017283 secs]
468,816: [GC (Allocation Failure)  62936K->42088K(141312K), 0,0018769 secs]
468,851: [GC (Allocation Failure)  68712K->37272K(141312K), 0,0011700 secs]
468,875: [GC (Allocation Failure)  63896K->43080K(141312K), 0,0020207 secs]
468,909: [GC (Allocation Failure)  69704K->38264K(141312K), 0,0022961 secs]
468,935: [GC (Allocation Failure)  64888K->44104K(140288K), 0,0037841 secs]
468,971: [GC (Allocation Failure)  69704K->38264K(140800K), 0,0012988 secs]
468,996: [GC (Allocation Failure)  63864K->43048K(140288K), 0,0020236 secs]
469,030: [GC (Allocation Failure)  68648K->37176K(140800K), 0,0022458 secs]
469,055: [GC (Allocation Failure)  62776K->42024K(141312K), 0,0019762 secs]
469,090: [GC (Allocation Failure)  68648K->37208K(141312K), 0,0027429 secs]
469,116: [GC (Allocation Failure)  63832K->42992K(141312K), 0,0019152 secs]
469,150: [GC (Allocation Failure)  69616K->38184K(141312K), 0,0028737 secs]
469,176: [GC (Allocation Failure)  64808K->44064K(140288K), 0,0021443 secs]
469,211: [GC (Allocation Failure)  69664K->38160K(140800K), 0,0028005 secs]
469,237: [GC (Allocation Failure)  63760K->43008K(140288K), 0,0019702 secs]
469,271: [GC (Allocation Failure)  68608K->37136K(140800K), 0,0010512 secs]
469,294: [GC (Allocation Failure)  62736K->41888K(141312K), 0,0017565 secs]
469,329: [GC (Allocation Failure)  68512K->37104K(141312K), 0,0033418 secs]
469,356: [GC (Allocation Failure)  63728K->42912K(141312K), 0,0046888 secs]
469,393: [GC (Allocation Failure)  69536K->38104K(141312K), 0,0037707 secs]
469,420: [GC (Allocation Failure)  64728K->43944K(139776K), 0,0025458 secs]
469,455: [GC (Allocation Failure)  69544K->38072K(140800K), 0,0082575 secs]
469,486: [GC (Allocation Failure)  63672K->42856K(141312K), 0,0024087 secs]
469,520: [GC (Allocation Failure)  69480K->38040K(141312K), 0,0083602 secs]
469,550: [GC (Allocation Failure)  64664K->43880K(140288K), 0,0022530 secs]
469,584: [GC (Allocation Failure)  69480K->38040K(140800K), 0,0007288 secs]
469,605: [GC (Allocation Failure)  63640K->42824K(141312K), 0,0013046 secs]
469,638: [GC (Allocation Failure)  69448K->38016K(141312K), 0,0015630 secs]
469,660: [GC (Allocation Failure)  64640K->43824K(140288K), 0,0045474 secs]
469,697: [GC (Allocation Failure)  69424K->37992K(140800K), 0,0022851 secs]
469,720: [GC (Allocation Failure)  63592K->42808K(141312K), 0,0023148 secs]
469,754: [GC (Allocation Failure)  69432K->37992K(141312K), 0,0007119 secs]
469,775: [GC (Allocation Failure)  64616K->43800K(140288K), 0,0015434 secs]
469,808: [GC (Allocation Failure)  69400K->37992K(140800K), 0,0008119 secs]
469,835: [GC (Allocation Failure)  63592K->42744K(141312K), 0,0043088 secs]
469,877: [GC (Allocation Failure)  69368K->37960K(141312K), 0,0027485 secs]
469,908: [GC (Allocation Failure)  64584K->43776K(140288K), 0,0037690 secs]
469,946: [GC (Allocation Failure)  69376K->37904K(140800K), 0,0039570 secs]
469,975: [GC (Allocation Failure)  63504K->42760K(141312K), 0,0026510 secs]
470,012: [GC (Allocation Failure)  69384K->37912K(141312K), 0,0041690 secs]
470,045: [GC (Allocation Failure)  64536K->43720K(141312K), 0,0083837 secs]
470,085: [GC (Allocation Failure)  70344K->38872K(141312K), 0,0031777 secs]
470,110: [GC (Allocation Failure)  65496K->44744K(140288K), 0,0014772 secs]
470,143: [GC (Allocation Failure)  70344K->38936K(140800K), 0,0008340 secs]
470,166: [GC (Allocation Failure)  64536K->43696K(140288K), 0,0014159 secs]
470,199: [GC (Allocation Failure)  69296K->37856K(140800K), 0,0007632 secs]
470,221: [GC (Allocation Failure)  63456K->42640K(141312K), 0,0013488 secs]
470,255: [GC (Allocation Failure)  69264K->37792K(141312K), 0,0007802 secs]
470,282: [GC (Allocation Failure)  64416K->43600K(141312K), 0,0046417 secs]
470,325: [GC (Allocation Failure)  70224K->38816K(141312K), 0,0070272 secs]
470,357: [GC (Allocation Failure)  65440K->44624K(140288K), 0,0020580 secs]
470,391: [GC (Allocation Failure)  70224K->38784K(140800K), 0,0013521 secs]
470,416: [GC (Allocation Failure)  64384K->43600K(140288K), 0,0019804 secs]
470,450: [GC (Allocation Failure)  69200K->37760K(140800K), 0,0011358 secs]
470,473: [GC (Allocation Failure)  63360K->42544K(141312K), 0,0017937 secs]
470,508: [GC (Allocation Failure)  69168K->37696K(141312K), 0,0011396 secs]
470,532: [GC (Allocation Failure)  64320K->43536K(141312K), 0,0059477 secs]
470,571: [GC (Allocation Failure)  70160K->38688K(141312K), 0,0039637 secs]
470,599: [GC (Allocation Failure)  65312K->44528K(139776K), 0,0038990 secs]
470,635: [GC (Allocation Failure)  70128K->38728K(140800K), 0,0015016 secs]
470,660: [GC (Allocation Failure)  64328K->43480K(141312K), 0,0043011 secs]
470,697: [GC (Allocation Failure)  70104K->38672K(141312K), 0,0011546 secs]
470,721: [GC (Allocation Failure)  65296K->44480K(140288K), 0,0027200 secs]
470,756: [GC (Allocation Failure)  70080K->38672K(140800K), 0,0026407 secs]
470,782: [GC (Allocation Failure)  64272K->43264K(141312K), 0,0021154 secs]
470,817: [GC (Allocation Failure)  69888K->38448K(141312K), 0,0037413 secs]
470,842: [GC (Allocation Failure)  65072K->44288K(141312K), 0,0029553 secs]
470,878: [GC (Allocation Failure)  70912K->39440K(141312K), 0,0014600 secs]
470,902: [GC (Allocation Failure)  66064K->45248K(140288K), 0,0018309 secs]
470,936: [GC (Allocation Failure)  70848K->39352K(140800K), 0,0011183 secs]
470,959: [GC (Allocation Failure)  64952K->44104K(140288K), 0,0023407 secs]
470,994: [GC (Allocation Failure)  69704K->38296K(140800K), 0,0025749 secs]
471,019: [GC (Allocation Failure)  63896K->43016K(141312K), 0,0015347 secs]
471,054: [GC (Allocation Failure)  69640K->38200K(141312K), 0,0022875 secs]
471,078: [GC (Allocation Failure)  64824K->44040K(141312K), 0,0017051 secs]
471,113: [GC (Allocation Failure)  70664K->39224K(141312K), 0,0023582 secs]
471,137: [GC (Allocation Failure)  65848K->45104K(140288K), 0,0017905 secs]
471,172: [GC (Allocation Failure)  70704K->39264K(140800K), 0,0011019 secs]
471,195: [GC (Allocation Failure)  64864K->44016K(140288K), 0,0018601 secs]
471,230: [GC (Allocation Failure)  69616K->38176K(140800K), 0,0009400 secs]
471,253: [GC (Allocation Failure)  63776K->42960K(141312K), 0,0015693 secs]
471,288: [GC (Allocation Failure)  69584K->38152K(141312K), 0,0022725 secs]
471,312: [GC (Allocation Failure)  64776K->43992K(141312K), 0,0017041 secs]
471,347: [GC (Allocation Failure)  70616K->39184K(141312K), 0,0010038 secs]
471,371: [GC (Allocation Failure)  65808K->44992K(139776K), 0,0023695 secs]
471,406: [GC (Allocation Failure)  70592K->39152K(140800K), 0,0027750 secs]
471,432: [GC (Allocation Failure)  64752K->43936K(141312K), 0,0053207 secs]
471,470: [GC (Allocation Failure)  70560K->39160K(141312K), 0,0012642 secs]
471,495: [GC (Allocation Failure)  65784K->44936K(140288K), 0,0020771 secs]
471,533: [GC (Allocation Failure)  70536K->39136K(140800K), 0,0067651 secs]
471,565: [GC (Allocation Failure)  64736K->43888K(141312K), 0,0056441 secs]
471,608: [GC (Allocation Failure)  70512K->39104K(141312K), 0,0046475 secs]
471,636: [GC (Allocation Failure)  65728K->44912K(140288K), 0,0016805 secs]
471,671: [GC (Allocation Failure)  70512K->39072K(140800K), 0,0021360 secs]
471,695: [GC (Allocation Failure)  64672K->43824K(141312K), 0,0016824 secs]
471,730: [GC (Allocation Failure)  70448K->39072K(141312K), 0,0009691 secs]
471,753: [GC (Allocation Failure)  65696K->44848K(141312K), 0,0028575 secs]
471,789: [GC (Allocation Failure)  71472K->40032K(141312K), 0,0019597 secs]
471,813: [GC (Allocation Failure)  66656K->45872K(140288K), 0,0065929 secs]
471,852: [GC (Allocation Failure)  71472K->40040K(140800K), 0,0019223 secs]
471,876: [GC (Allocation Failure)  65640K->44824K(140288K), 0,0060582 secs]
471,915: [GC (Allocation Failure)  70424K->38984K(140800K), 0,0012800 secs]
471,937: [GC (Allocation Failure)  64584K->43768K(141312K), 0,0039730 secs]
471,978: [GC (Allocation Failure)  69880K->38448K(140800K), 0,0070064 secs]
472,008: [GC (Allocation Failure)  64560K->43744K(141312K), 0,0049925 secs]
472,046: [GC (Allocation Failure)  70368K->38928K(141312K), 0,0020528 secs]
472,070: [GC (Allocation Failure)  65552K->44704K(141312K), 0,0022930 secs]
472,105: [GC (Allocation Failure)  71328K->39920K(141312K), 0,0013257 secs]
472,128: [GC (Allocation Failure)  66544K->45760K(140288K), 0,0030003 secs]
472,164: [GC (Allocation Failure)  71360K->39888K(140800K), 0,0044600 secs]
472,190: [GC (Allocation Failure)  65488K->44704K(140288K), 0,0040174 secs]
472,227: [GC (Allocation Failure)  70304K->38832K(140800K), 0,0009182 secs]
472,250: [GC (Allocation Failure)  64432K->43648K(141312K), 0,0027512 secs]
472,286: [GC (Allocation Failure)  70272K->38800K(141312K), 0,0024020 secs]
472,310: [GC (Allocation Failure)  65424K->44640K(141312K), 0,0017193 secs]
472,345: [GC (Allocation Failure)  71264K->39824K(141312K), 0,0009838 secs]
472,368: [GC (Allocation Failure)  66448K->45664K(139776K), 0,0053269 secs]
472,406: [GC (Allocation Failure)  71264K->39800K(140800K), 0,0009761 secs]
472,429: [GC (Allocation Failure)  65400K->44584K(141312K), 0,0031615 secs]
472,465: [GC (Allocation Failure)  71208K->39808K(141312K), 0,0021656 secs]
472,489: [GC (Allocation Failure)  66432K->45616K(140288K), 0,0037249 secs]
472,526: [GC (Allocation Failure)  71216K->39776K(140800K), 0,0010262 secs]
472,549: [GC (Allocation Failure)  65376K->44592K(141312K), 0,0028339 secs]
472,589: [GC (Allocation Failure)  71216K->39776K(141312K), 0,0059627 secs]
472,622: [GC (Allocation Failure)  66400K->45584K(140288K), 0,0027771 secs]
472,658: [GC (Allocation Failure)  71184K->39744K(140800K), 0,0037429 secs]
472,684: [GC (Allocation Failure)  65344K->44528K(141312K), 0,0018947 secs]
472,719: [GC (Allocation Failure)  71152K->39712K(141312K), 0,0012001 secs]
472,743: [GC (Allocation Failure)  66336K->45520K(140288K), 0,0020105 secs]
472,777: [GC (Allocation Failure)  71120K->39744K(140800K), 0,0012471 secs]
472,801: [GC (Allocation Failure)  65344K->44464K(141312K), 0,0018866 secs]
472,836: [GC (Allocation Failure)  71088K->39648K(141312K), 0,0044573 secs]
472,864: [GC (Allocation Failure)  66272K->45456K(140288K), 0,0019737 secs]
472,898: [GC (Allocation Failure)  71056K->39648K(140800K), 0,0011383 secs]
472,921: [GC (Allocation Failure)  65248K->44440K(141312K), 0,0023545 secs]
472,957: [GC (Allocation Failure)  71064K->39672K(141312K), 0,0011123 secs]
472,981: [GC (Allocation Failure)  66296K->45480K(141312K), 0,0020079 secs]
473,015: [GC (Allocation Failure)  72104K->40696K(141312K), 0,0013064 secs]
473,040: [GC (Allocation Failure)  67320K->46480K(140288K), 0,0021007 secs]
473,077: [GC (Allocation Failure)  72080K->40608K(140800K), 0,0029907 secs]
473,108: [GC (Allocation Failure)  66208K->45424K(140288K), 0,0045185 secs]
473,150: [GC (Allocation Failure)  71024K->39568K(140800K), 0,0028078 secs]
473,178: [GC (Allocation Failure)  65168K->44352K(141312K), 0,0024147 secs]
473,214: [GC (Allocation Failure)  70464K->39056K(140800K), 0,0058889 secs]
473,245: [GC (Allocation Failure)  65168K->44320K(141312K), 0,0040295 secs]
473,283: [GC (Allocation Failure)  70944K->39544K(141312K), 0,0017131 secs]
473,310: [GC (Allocation Failure)  66168K->45384K(140800K), 0,0027296 secs]
473,347: [GC (Allocation Failure)  72008K->40576K(141312K), 0,0022215 secs]
473,374: [GC (Allocation Failure)  67200K->46392K(139776K), 0,0042931 secs]
473,413: [GC (Allocation Failure)  71992K->40552K(140800K), 0,0042306 secs]
473,441: [GC (Allocation Failure)  66152K->45304K(141312K), 0,0059088 secs]
473,480: [GC (Allocation Failure)  71928K->40520K(141312K), 0,0017833 secs]
473,510: [GC (Allocation Failure)  67144K->46328K(140288K), 0,0033041 secs]
473,547: [GC (Allocation Failure)  71928K->40456K(140800K), 0,0021863 secs]
473,571: [GC (Allocation Failure)  66056K->45240K(140288K), 0,0018262 secs]
473,614: [GC (Allocation Failure)  70840K->39400K(140800K), 0,0041590 secs]
473,639: [GC (Allocation Failure)  65000K->44216K(141312K), 0,0021254 secs]
473,673: [GC (Allocation Failure)  70840K->39400K(141312K), 0,0015011 secs]
473,696: [GC (Allocation Failure)  66024K->45240K(141312K), 0,0013838 secs]
473,729: [GC (Allocation Failure)  71864K->40424K(141312K), 0,0007422 secs]
473,751: [GC (Allocation Failure)  67048K->46240K(140800K), 0,0013887 secs]
473,784: [GC (Allocation Failure)  72864K->41456K(141312K), 0,0017589 secs]
473,807: [GC (Allocation Failure)  68080K->47232K(140288K), 0,0016388 secs]
473,840: [GC (Allocation Failure)  72832K->41432K(140800K), 0,0008562 secs]
473,863: [GC (Allocation Failure)  67032K->46224K(140288K), 0,0014040 secs]
473,897: [GC (Allocation Failure)  71824K->40392K(140800K), 0,0009868 secs]
473,920: [GC (Allocation Failure)  65992K->45176K(140800K), 0,0013151 secs]
473,954: [GC (Allocation Failure)  70776K->39336K(140800K), 0,0006274 secs]
473,975: [GC (Allocation Failure)  64936K->44120K(141312K), 0,0012956 secs]
474,009: [GC (Allocation Failure)  70744K->39240K(141312K), 0,0016272 secs]
474,031: [GC (Allocation Failure)  65864K->45080K(141312K), 0,0065439 secs]
474,070: [GC (Allocation Failure)  71704K->40296K(141312K), 0,0007459 secs]
474,092: [GC (Allocation Failure)  66920K->46072K(140800K), 0,0023370 secs]
474,125: [GC (Allocation Failure)  72696K->41320K(141312K), 0,0008911 secs]
474,148: [GC (Allocation Failure)  67944K->47136K(139776K), 0,0024488 secs]
474,183: [GC (Allocation Failure)  72736K->41336K(140800K), 0,0010884 secs]
474,206: [GC (Allocation Failure)  66936K->46088K(140288K), 0,0025477 secs]
474,241: [GC (Allocation Failure)  71688K->40248K(140800K), 0,0017920 secs]
474,264: [GC (Allocation Failure)  65848K->45032K(141312K), 0,0014727 secs]
474,298: [GC (Allocation Failure)  71656K->40224K(141312K), 0,0016883 secs]
474,322: [GC (Allocation Failure)  66848K->46032K(141312K), 0,0014664 secs]
474,356: [GC (Allocation Failure)  72656K->41248K(141312K), 0,0009530 secs]
474,379: [GC (Allocation Failure)  67872K->47056K(140288K), 0,0019356 secs]
474,414: [GC (Allocation Failure)  72656K->41248K(140800K), 0,0010114 secs]
474,437: [GC (Allocation Failure)  66848K->46000K(140288K), 0,0031084 secs]
474,473: [GC (Allocation Failure)  71600K->40192K(140800K), 0,0027265 secs]
474,504: [GC (Allocation Failure)  65792K->44920K(141312K), 0,0067573 secs]
474,547: [GC (Allocation Failure)  71544K->40136K(141312K), 0,0014932 secs]
474,572: [GC (Allocation Failure)  66760K->45944K(141312K), 0,0051110 secs]
474,611: [GC (Allocation Failure)  72568K->41136K(141312K), 0,0019824 secs]
474,638: [GC (Allocation Failure)  67760K->46984K(139776K), 0,0027796 secs]
474,675: [GC (Allocation Failure)  72584K->41144K(140800K), 0,0017593 secs]
474,702: [GC (Allocation Failure)  66744K->45896K(141312K), 0,0036664 secs]
474,741: [GC (Allocation Failure)  72520K->41112K(141312K), 0,0017056 secs]
474,768: [GC (Allocation Failure)  67736K->46952K(140288K), 0,0031050 secs]
474,804: [GC (Allocation Failure)  72552K->40920K(140800K), 0,0070374 secs]
474,833: [GC (Allocation Failure)  66520K->45704K(141312K), 0,0020401 secs]
474,867: [GC (Allocation Failure)  72328K->40888K(141312K), 0,0006458 secs]
474,888: [GC (Allocation Failure)  67512K->46704K(140288K), 0,0014709 secs]
474,921: [GC (Allocation Failure)  72304K->40800K(140800K), 0,0007067 secs]
474,942: [GC (Allocation Failure)  66400K->45552K(141312K), 0,0020187 secs]
474,977: [GC (Allocation Failure)  72176K->40736K(141312K), 0,0022049 secs]
475,001: [GC (Allocation Failure)  67360K->46608K(141312K), 0,0014025 secs]
475,034: [GC (Allocation Failure)  73232K->41792K(141312K), 0,0015652 secs]
475,058: [GC (Allocation Failure)  68416K->47632K(140288K), 0,0063284 secs]
475,103: [GC (Allocation Failure)  73232K->41792K(140800K), 0,0030265 secs]
475,133: [GC (Allocation Failure)  67392K->46544K(140288K), 0,0039677 secs]
475,172: [GC (Allocation Failure)  72144K->40736K(140800K), 0,0061156 secs]
475,201: [GC (Allocation Failure)  66336K->45520K(141312K), 0,0031324 secs]
475,237: [GC (Allocation Failure)  72144K->40704K(141312K), 0,0026459 secs]
475,263: [GC (Allocation Failure)  67328K->46488K(141312K), 0,0019859 secs]
475,297: [GC (Allocation Failure)  73112K->41704K(141312K), 0,0023895 secs]
475,326: [GC (Allocation Failure)  68328K->47512K(140288K), 0,0049812 secs]
475,366: [GC (Allocation Failure)  73112K->41672K(140800K), 0,0019412 secs]
475,392: [GC (Allocation Failure)  67272K->46456K(140288K), 0,0027297 secs]
475,429: [GC (Allocation Failure)  72056K->40616K(140800K), 0,0040092 secs]
475,458: [GC (Allocation Failure)  66216K->45400K(141312K), 0,0025199 secs]
475,495: [GC (Allocation Failure)  72024K->40584K(141312K), 0,0111027 secs]
475,528: [GC (Allocation Failure)  67208K->46392K(141312K), 0,0035563 secs]
475,565: [GC (Allocation Failure)  73016K->41608K(141312K), 0,0029150 secs]
475,591: [GC (Allocation Failure)  68232K->47416K(139776K), 0,0020799 secs]
475,625: [GC (Allocation Failure)  73016K->41584K(140800K), 0,0044126 secs]
475,653: [GC (Allocation Failure)  67184K->46400K(141312K), 0,0035372 secs]
475,689: [GC (Allocation Failure)  73024K->41552K(141312K), 0,0038271 secs]
475,716: [GC (Allocation Failure)  68176K->47392K(140288K), 0,0036440 secs]
475,752: [GC (Allocation Failure)  72992K->41568K(140800K), 0,0010032 secs]
475,775: [GC (Allocation Failure)  67168K->46320K(141312K), 0,0077150 secs]
475,816: [GC (Allocation Failure)  72944K->41568K(141312K), 0,0008425 secs]
475,842: [GC (Allocation Failure)  68192K->47344K(140288K), 0,0045179 secs]
475,883: [GC (Allocation Failure)  72944K->41536K(140800K), 0,0029495 secs]
475,914: [GC (Allocation Failure)  67136K->46288K(141312K), 0,0045738 secs]
475,952: [GC (Allocation Failure)  72912K->41472K(141312K), 0,0079249 secs]
475,982: [GC (Allocation Failure)  68096K->47312K(140288K), 0,0063938 secs]
476,020: [GC (Allocation Failure)  72912K->41472K(140800K), 0,0026621 secs]
476,044: [GC (Allocation Failure)  67072K->46200K(141312K), 0,0018657 secs]
476,077: [GC (Allocation Failure)  72824K->41456K(141312K), 0,0006780 secs]
476,098: [GC (Allocation Failure)  68080K->47232K(141312K), 0,0023442 secs]
476,138: [GC (Allocation Failure)  73856K->42448K(141312K), 0,0035968 secs]
476,169: [GC (Allocation Failure)  69072K->48256K(140288K), 0,0053682 secs]
476,213: [GC (Allocation Failure)  73856K->42448K(140800K), 0,0028190 secs]
476,239: [GC (Allocation Failure)  68048K->47200K(140288K), 0,0052107 secs]
476,278: [GC (Allocation Failure)  72800K->41392K(140800K), 0,0041427 secs]
476,307: [GC (Allocation Failure)  66992K->46144K(141312K), 0,0047246 secs]
476,346: [GC (Allocation Failure)  72768K->41328K(141312K), 0,0038068 secs]
476,373: [GC (Allocation Failure)  67952K->47176K(141312K), 0,0019770 secs]
476,407: [GC (Allocation Failure)  73800K->42400K(141312K), 0,0013061 secs]
476,432: [GC (Allocation Failure)  69024K->48208K(140288K), 0,0021253 secs]
476,467: [GC (Allocation Failure)  73808K->42336K(140800K), 0,0038181 secs]
476,497: [GC (Allocation Failure)  67936K->47152K(140288K), 0,0043986 secs]
476,534: [GC (Allocation Failure)  72752K->41344K(140800K), 0,0010962 secs]
476,557: [GC (Allocation Failure)  66944K->46104K(141312K), 0,0017978 secs]
476,592: [GC (Allocation Failure)  72728K->41256K(141312K), 0,0010923 secs]
476,616: [GC (Allocation Failure)  67880K->47064K(141312K), 0,0029438 secs]
476,651: [GC (Allocation Failure)  73688K->42280K(141312K), 0,0012858 secs]
476,676: [GC (Allocation Failure)  68904K->48120K(140288K), 0,0072349 secs]
476,715: [GC (Allocation Failure)  73720K->42248K(140800K), 0,0022574 secs]
476,743: [GC (Allocation Failure)  67848K->47032K(141312K), 0,0036882 secs]
476,781: [GC (Allocation Failure)  73656K->42248K(141312K), 0,0017055 secs]
476,806: [GC (Allocation Failure)  68872K->48064K(140288K), 0,0035892 secs]
476,843: [GC (Allocation Failure)  73664K->42224K(140800K), 0,0024668 secs]
476,870: [GC (Allocation Failure)  67824K->46976K(141312K), 0,0052439 secs]
476,910: [GC (Allocation Failure)  73600K->42224K(141312K), 0,0015906 secs]
476,936: [GC (Allocation Failure)  68848K->48000K(140288K), 0,0049879 secs]
476,978: [GC (Allocation Failure)  73600K->42160K(140800K), 0,0036509 secs]
477,010: [GC (Allocation Failure)  67760K->46976K(141312K), 0,0027273 secs]
477,046: [GC (Allocation Failure)  73600K->42128K(141312K), 0,0040604 secs]
477,072: [GC (Allocation Failure)  68752K->47968K(140288K), 0,0027949 secs]
477,107: [GC (Allocation Failure)  73568K->42160K(140800K), 0,0007880 secs]
477,130: [GC (Allocation Failure)  67760K->46912K(141312K), 0,0013829 secs]
477,164: [GC (Allocation Failure)  73536K->42096K(141312K), 0,0007852 secs]
477,187: [GC (Allocation Failure)  68720K->47936K(140288K), 0,0017136 secs]
477,222: [GC (Allocation Failure)  73536K->42064K(140800K), 0,0020271 secs]
477,246: [GC (Allocation Failure)  67664K->46856K(141312K), 0,0049420 secs]
477,284: [GC (Allocation Failure)  73480K->42040K(141312K), 0,0020660 secs]
477,308: [GC (Allocation Failure)  68664K->47848K(141312K), 0,0016222 secs]
477,343: [GC (Allocation Failure)  74472K->43064K(141312K), 0,0022146 secs]
477,367: [GC (Allocation Failure)  69688K->48872K(140288K), 0,0030908 secs]
477,403: [GC (Allocation Failure)  74472K->43064K(140800K), 0,0009712 secs]
477,426: [GC (Allocation Failure)  68664K->47848K(140288K), 0,0029657 secs]
477,462: [GC (Allocation Failure)  73448K->41992K(140800K), 0,0008435 secs]
477,485: [GC (Allocation Failure)  67592K->46776K(141312K), 0,0025586 secs]
477,521: [GC (Allocation Failure)  73400K->41960K(141312K), 0,0019392 secs]
477,545: [GC (Allocation Failure)  68584K->47800K(141312K), 0,0015257 secs]
477,577: [GC (Allocation Failure)  74424K->42984K(141312K), 0,0016350 secs]
477,600: [GC (Allocation Failure)  69608K->48792K(140288K), 0,0014460 secs]
477,634: [GC (Allocation Failure)  74392K->42984K(140800K), 0,0007424 secs]
477,656: [GC (Allocation Failure)  68584K->47744K(140288K), 0,0014006 secs]
477,690: [GC (Allocation Failure)  73344K->41936K(140800K), 0,0015277 secs]
477,713: [GC (Allocation Failure)  67536K->46720K(141312K), 0,0012424 secs]
477,746: [GC (Allocation Failure)  73344K->41872K(141312K), 0,0014751 secs]
477,769: [GC (Allocation Failure)  68496K->47712K(141312K), 0,0025047 secs]
477,803: [GC (Allocation Failure)  74336K->42896K(141312K), 0,0007924 secs]
477,825: [GC (Allocation Failure)  69520K->48736K(140288K), 0,0015524 secs]
477,858: [GC (Allocation Failure)  74336K->42864K(140800K), 0,0033743 secs]
477,883: [GC (Allocation Failure)  68464K->47624K(141312K), 0,0022469 secs]
477,918: [GC (Allocation Failure)  74248K->42840K(141312K), 0,0026250 secs]
477,941: [GC (Allocation Failure)  69464K->48680K(140288K), 0,0014829 secs]
477,975: [GC (Allocation Failure)  74280K->42808K(140800K), 0,0008780 secs]
477,998: [GC (Allocation Failure)  68408K->47592K(141312K), 0,0024462 secs]
478,033: [GC (Allocation Failure)  74216K->42776K(141312K), 0,0017520 secs]
478,059: [GC (Allocation Failure)  69400K->48648K(140288K), 0,0045614 secs]
478,101: [GC (Allocation Failure)  74248K->42744K(140800K), 0,0057979 secs]
478,133: [GC (Allocation Failure)  68344K->47560K(141312K), 0,0028559 secs]
478,168: [GC (Allocation Failure)  74184K->42744K(141312K), 0,0037486 secs]
478,194: [GC (Allocation Failure)  69368K->48584K(140288K), 0,0028704 secs]
478,230: [GC (Allocation Failure)  74184K->42744K(140800K), 0,0021446 secs]
478,254: [GC (Allocation Failure)  68344K->47496K(141312K), 0,0030692 secs]
478,290: [GC (Allocation Failure)  74120K->42712K(141312K), 0,0022466 secs]
478,314: [GC (Allocation Failure)  69336K->48552K(140288K), 0,0017091 secs]
478,349: [GC (Allocation Failure)  74152K->42680K(140800K), 0,0009867 secs]
478,372: [GC (Allocation Failure)  68280K->47464K(141312K), 0,0016947 secs]
478,407: [GC (Allocation Failure)  74088K->42648K(141312K), 0,0022968 secs]
478,431: [GC (Allocation Failure)  69272K->48456K(141312K), 0,0031482 secs]
478,467: [GC (Allocation Failure)  75080K->43672K(141312K), 0,0055629 secs]
478,495: [GC (Allocation Failure)  70296K->49480K(140288K), 0,0029975 secs]
478,531: [GC (Allocation Failure)  75080K->43608K(140800K), 0,0023821 secs]
478,555: [GC (Allocation Failure)  69208K->48432K(140288K), 0,0016405 secs]
478,590: [GC (Allocation Failure)  74032K->42560K(140800K), 0,0057833 secs]
478,618: [GC (Allocation Failure)  68160K->47376K(141312K), 0,0024647 secs]
478,653: [GC (Allocation Failure)  74000K->42560K(141312K), 0,0020126 secs]
478,677: [GC (Allocation Failure)  69184K->48368K(141312K), 0,0039569 secs]
478,714: [GC (Allocation Failure)  74992K->43600K(141312K), 0,0022953 secs]
478,738: [GC (Allocation Failure)  70224K->49408K(140288K), 0,0031266 secs]
478,774: [GC (Allocation Failure)  75008K->43440K(140800K), 0,0022158 secs]
478,798: [GC (Allocation Failure)  69040K->48136K(141312K), 0,0028759 secs]
478,833: [GC (Allocation Failure)  74760K->43352K(141312K), 0,0015625 secs]
478,855: [GC (Allocation Failure)  69976K->49160K(140288K), 0,0022717 secs]
478,889: [GC (Allocation Failure)  74760K->43288K(140800K), 0,0015144 secs]
478,912: [GC (Allocation Failure)  68888K->48072K(141312K), 0,0013801 secs]
478,945: [GC (Allocation Failure)  74696K->43256K(141312K), 0,0016427 secs]
478,968: [GC (Allocation Failure)  69880K->49064K(140288K), 0,0023392 secs]
479,002: [GC (Allocation Failure)  74664K->43256K(140800K), 0,0007541 secs]
479,025: [GC (Allocation Failure)  68856K->48008K(141312K), 0,0018547 secs]
479,060: [GC (Allocation Failure)  74632K->43224K(141312K), 0,0016888 secs]
479,083: [GC (Allocation Failure)  69848K->49064K(140288K), 0,0024607 secs]
479,118: [GC (Allocation Failure)  74664K->43192K(140800K), 0,0018016 secs]
479,142: [GC (Allocation Failure)  68792K->47976K(141312K), 0,0014504 secs]
479,175: [GC (Allocation Failure)  74600K->43192K(141312K), 0,0007621 secs]
479,198: [GC (Allocation Failure)  69816K->49000K(141312K), 0,0015167 secs]
479,232: [GC (Allocation Failure)  75624K->44184K(141312K), 0,0017682 secs]
479,257: [GC (Allocation Failure)  70808K->50032K(140288K), 0,0031615 secs]
479,292: [GC (Allocation Failure)  75632K->44192K(140800K), 0,0010994 secs]
479,315: [GC (Allocation Failure)  69792K->48976K(140288K), 0,0018924 secs]
479,351: [GC (Allocation Failure)  74576K->43104K(140800K), 0,0009682 secs]
479,374: [GC (Allocation Failure)  68704K->47888K(141312K), 0,0016066 secs]
479,409: [GC (Allocation Failure)  74000K->42592K(140800K), 0,0017807 secs]
479,433: [GC (Allocation Failure)  68704K->47856K(141312K), 0,0015989 secs]
479,472: [GC (Allocation Failure)  74480K->43088K(141312K), 0,0027589 secs]
479,502: [GC (Allocation Failure)  69712K->48928K(141312K), 0,0027662 secs]
479,539: [GC (Allocation Failure)  75552K->44088K(141312K), 0,0044210 secs]
479,570: [GC (Allocation Failure)  70712K->49968K(139776K), 0,0027741 secs]
479,606: [GC (Allocation Failure)  75568K->44064K(140800K), 0,0024255 secs]
479,631: [GC (Allocation Failure)  69664K->48856K(140288K), 0,0017071 secs]
479,666: [GC (Allocation Failure)  74456K->43032K(140800K), 0,0009124 secs]
479,689: [GC (Allocation Failure)  68632K->47824K(141312K), 0,0014572 secs]
479,723: [GC (Allocation Failure)  74448K->43040K(141312K), 0,0008791 secs]
479,746: [GC (Allocation Failure)  69664K->48816K(141312K), 0,0029828 secs]
479,782: [GC (Allocation Failure)  75440K->44000K(141312K), 0,0051290 secs]
479,813: [GC (Allocation Failure)  70624K->49840K(139776K), 0,0089405 secs]
479,857: [GC (Allocation Failure)  75440K->44000K(140800K), 0,0022545 secs]
479,880: [GC (Allocation Failure)  69600K->48752K(141312K), 0,0013653 secs]
479,914: [GC (Allocation Failure)  75376K->44040K(141312K), 0,0007349 secs]
479,938: [GC (Allocation Failure)  70664K->49824K(140288K), 0,0047633 secs]
479,980: [GC (Allocation Failure)  75424K->43952K(140800K), 0,0069033 secs]
480,012: [GC (Allocation Failure)  69552K->48768K(141312K), 0,0025257 secs]
480,047: [GC (Allocation Failure)  75392K->43984K(141312K), 0,0011957 secs]
480,071: [GC (Allocation Failure)  70608K->49728K(140288K), 0,0075835 secs]
480,111: [GC (Allocation Failure)  75328K->43928K(140800K), 0,0008249 secs]
480,134: [GC (Allocation Failure)  69528K->48712K(141312K), 0,0028016 secs]
480,170: [GC (Allocation Failure)  75336K->43928K(141312K), 0,0028641 secs]
480,201: [GC (Allocation Failure)  70552K->49736K(140288K), 0,0045525 secs]
480,239: [GC (Allocation Failure)  75336K->43904K(140800K), 0,0024110 secs]
480,264: [GC (Allocation Failure)  69504K->48656K(141312K), 0,0037771 secs]
480,301: [GC (Allocation Failure)  75280K->43872K(141312K), 0,0011877 secs]
480,325: [GC (Allocation Failure)  70496K->49680K(141312K), 0,0066477 secs]
480,364: [GC (Allocation Failure)  76304K->44896K(141312K), 0,0025768 secs]
480,389: [GC (Allocation Failure)  71520K->50736K(140288K), 0,0017604 secs]
480,423: [GC (Allocation Failure)  76336K->44864K(140800K), 0,0056470 secs]
480,451: [GC (Allocation Failure)  70464K->49648K(140288K), 0,0026582 secs]
480,486: [GC (Allocation Failure)  75248K->43776K(140800K), 0,0064729 secs]
480,514: [GC (Allocation Failure)  69376K->48560K(141312K), 0,0031676 secs]
480,552: [GC (Allocation Failure)  74672K->43264K(140800K), 0,0016161 secs]
480,577: [GC (Allocation Failure)  69376K->48560K(141312K), 0,0024758 secs]
480,613: [GC (Allocation Failure)  75184K->43720K(141312K), 0,0063108 secs]
480,643: [GC (Allocation Failure)  70344K->49624K(141312K), 0,0027197 secs]
480,681: [GC (Allocation Failure)  76248K->44760K(141312K), 0,0050319 secs]
480,709: [GC (Allocation Failure)  71384K->50568K(139776K), 0,0032989 secs]
480,744: [GC (Allocation Failure)  76168K->44760K(140800K), 0,0023621 secs]
480,768: [GC (Allocation Failure)  70360K->49544K(140288K), 0,0028576 secs]
480,804: [GC (Allocation Failure)  75144K->43704K(140800K), 0,0009019 secs]
480,827: [GC (Allocation Failure)  69304K->48496K(141312K), 0,0016725 secs]
480,862: [GC (Allocation Failure)  75120K->43648K(141312K), 0,0024522 secs]
480,886: [GC (Allocation Failure)  70272K->49496K(141312K), 0,0016492 secs]
480,921: [GC (Allocation Failure)  76120K->44656K(141312K), 0,0022891 secs]
480,946: [GC (Allocation Failure)  71280K->50496K(139776K), 0,0029071 secs]
480,981: [GC (Allocation Failure)  76096K->44656K(140800K), 0,0010118 secs]
481,004: [GC (Allocation Failure)  70256K->49448K(141312K), 0,0016561 secs]
481,039: [GC (Allocation Failure)  76072K->44696K(141312K), 0,0010151 secs]
481,065: [GC (Allocation Failure)  71320K->50480K(140288K), 0,0051009 secs]
481,107: [GC (Allocation Failure)  76080K->44608K(140800K), 0,0027151 secs]
481,132: [GC (Allocation Failure)  70208K->49424K(141312K), 0,0016486 secs]
481,167: [GC (Allocation Failure)  76048K->44672K(141312K), 0,0009370 secs]
481,191: [GC (Allocation Failure)  71296K->50416K(140288K), 0,0029277 secs]
481,226: [GC (Allocation Failure)  76016K->44576K(140800K), 0,0025478 secs]
481,251: [GC (Allocation Failure)  70176K->49432K(141312K), 0,0018326 secs]
481,286: [GC (Allocation Failure)  76056K->44592K(141312K), 0,0036055 secs]
481,313: [GC (Allocation Failure)  71216K->50432K(140288K), 0,0019102 secs]
481,347: [GC (Allocation Failure)  76032K->44560K(140800K), 0,0051652 secs]
481,374: [GC (Allocation Failure)  70160K->49344K(141312K), 0,0026953 secs]
481,410: [GC (Allocation Failure)  75968K->44536K(141312K), 0,0024721 secs]
481,435: [GC (Allocation Failure)  71160K->50344K(141312K), 0,0034535 secs]
481,472: [GC (Allocation Failure)  76968K->45528K(141312K), 0,0012556 secs]
481,496: [GC (Allocation Failure)  72152K->51368K(140288K), 0,0054955 secs]
481,539: [GC (Allocation Failure)  76968K->45560K(140800K), 0,0073523 secs]
481,569: [GC (Allocation Failure)  71160K->50312K(140288K), 0,0023104 secs]
481,603: [GC (Allocation Failure)  75912K->44472K(140800K), 0,0032258 secs]
481,628: [GC (Allocation Failure)  70072K->49224K(141312K), 0,0020450 secs]
481,662: [GC (Allocation Failure)  75336K->43928K(140800K), 0,0015573 secs]
481,685: [GC (Allocation Failure)  70040K->49256K(141312K), 0,0013239 secs]
481,719: [GC (Allocation Failure)  75880K->44440K(141312K), 0,0015793 secs]
481,742: [GC (Allocation Failure)  71064K->50248K(141312K), 0,0015186 secs]
481,776: [GC (Allocation Failure)  76872K->45432K(141312K), 0,0010743 secs]
481,799: [GC (Allocation Failure)  72056K->51272K(139776K), 0,0017021 secs]
481,833: [GC (Allocation Failure)  76872K->45400K(140800K), 0,0018641 secs]
481,857: [GC (Allocation Failure)  71000K->50152K(140288K), 0,0025393 secs]
481,892: [GC (Allocation Failure)  75752K->44344K(140800K), 0,0007379 secs]
481,914: [GC (Allocation Failure)  69944K->49160K(141312K), 0,0014178 secs]
481,950: [GC (Allocation Failure)  75784K->44312K(141312K), 0,0028520 secs]
481,981: [GC (Allocation Failure)  70936K->50152K(141312K), 0,0059356 secs]
482,021: [GC (Allocation Failure)  76776K->45344K(141312K), 0,0075758 secs]
482,053: [GC (Allocation Failure)  71968K->51160K(139776K), 0,0045955 secs]
482,090: [GC (Allocation Failure)  76760K->45320K(140800K), 0,0012851 secs]
482,115: [GC (Allocation Failure)  70920K->50136K(141312K), 0,0018635 secs]
482,149: [GC (Allocation Failure)  76760K->45288K(141312K), 0,0018240 secs]
482,177: [GC (Allocation Failure)  71912K->51128K(140288K), 0,0046586 secs]
482,219: [GC (Allocation Failure)  76728K->45296K(140800K), 0,0028580 secs]
482,246: [GC (Allocation Failure)  70896K->50048K(141312K), 0,0046853 secs]
482,284: [GC (Allocation Failure)  76672K->45232K(141312K), 0,0068865 secs]
482,315: [GC (Allocation Failure)  71856K->51040K(140288K), 0,0035877 secs]
482,351: [GC (Allocation Failure)  76640K->45200K(140800K), 0,0023170 secs]
482,376: [GC (Allocation Failure)  70800K->50016K(141312K), 0,0018985 secs]
482,411: [GC (Allocation Failure)  76640K->45200K(141312K), 0,0011766 secs]
482,435: [GC (Allocation Failure)  71824K->51048K(140288K), 0,0020876 secs]
482,469: [GC (Allocation Failure)  76648K->45208K(140800K), 0,0013052 secs]
482,493: [GC (Allocation Failure)  70808K->49960K(141312K), 0,0019546 secs]
482,528: [GC (Allocation Failure)  76584K->45176K(141312K), 0,0027608 secs]
482,554: [GC (Allocation Failure)  71800K->50952K(141312K), 0,0037946 secs]
482,593: [GC (Allocation Failure)  77576K->46168K(141312K), 0,0035901 secs]
482,621: [GC (Allocation Failure)  72792K->51984K(140288K), 0,0067074 secs]
482,660: [GC (Allocation Failure)  77584K->46144K(140800K), 0,0026342 secs]
482,689: [GC (Allocation Failure)  71744K->50936K(140288K), 0,0044391 secs]
482,731: [GC (Allocation Failure)  76536K->45128K(140800K), 0,0059736 secs]
482,760: [GC (Allocation Failure)  70728K->49920K(141312K), 0,0031745 secs]
482,796: [GC (Allocation Failure)  76032K->44400K(140800K), 0,0010940 secs]
482,819: [GC (Allocation Failure)  70512K->49696K(141312K), 0,0012805 secs]
482,852: [GC (Allocation Failure)  76320K->44880K(141312K), 0,0007620 secs]
482,875: [GC (Allocation Failure)  71504K->50656K(141312K), 0,0021461 secs]
482,910: [GC (Allocation Failure)  77280K->45880K(141312K), 0,0009815 secs]
482,933: [GC (Allocation Failure)  72504K->51656K(139776K), 0,0014609 secs]
482,966: [GC (Allocation Failure)  77256K->45784K(140800K), 0,0032734 secs]
482,991: [GC (Allocation Failure)  71384K->50536K(141312K), 0,0013361 secs]
483,025: [GC (Allocation Failure)  77160K->45752K(141312K), 0,0007492 secs]
483,047: [GC (Allocation Failure)  72376K->51592K(140288K), 0,0015066 secs]
483,079: [GC (Allocation Failure)  77192K->45696K(140800K), 0,0016612 secs]
483,102: [GC (Allocation Failure)  71296K->50512K(141312K), 0,0013655 secs]
483,135: [GC (Allocation Failure)  77136K->45728K(141312K), 0,0007010 secs]
483,156: [GC (Allocation Failure)  72352K->51504K(140288K), 0,0023571 secs]
483,191: [GC (Allocation Failure)  77104K->45696K(140800K), 0,0015620 secs]
483,214: [GC (Allocation Failure)  71296K->50448K(141312K), 0,0022507 secs]
483,249: [GC (Allocation Failure)  77072K->45632K(141312K), 0,0015395 secs]
483,274: [GC (Allocation Failure)  72256K->51480K(140288K), 0,0045428 secs]
483,316: [GC (Allocation Failure)  77080K->45672K(140800K), 0,0028998 secs]
483,347: [GC (Allocation Failure)  71272K->50424K(141312K), 0,0040164 secs]
483,384: [GC (Allocation Failure)  77048K->45608K(141312K), 0,0030629 secs]
483,412: [GC (Allocation Failure)  72232K->51448K(141312K), 0,0028681 secs]
483,448: [GC (Allocation Failure)  78072K->46640K(141312K), 0,0031464 secs]
483,474: [GC (Allocation Failure)  73264K->52488K(140288K), 0,0039141 secs]
483,510: [GC (Allocation Failure)  78088K->46648K(140800K), 0,0044448 secs]
483,538: [GC (Allocation Failure)  72248K->51408K(140288K), 0,0019321 secs]
483,574: [GC (Allocation Failure)  77008K->45568K(140800K), 0,0031819 secs]
483,605: [GC (Allocation Failure)  71168K->50352K(141312K), 0,0056126 secs]
483,644: [GC (Allocation Failure)  76976K->45568K(141312K), 0,0040763 secs]
483,672: [GC (Allocation Failure)  72192K->51344K(141312K), 0,0019378 secs]
483,706: [GC (Allocation Failure)  77968K->46528K(141312K), 0,0028857 secs]
483,732: [GC (Allocation Failure)  73152K->52336K(140288K), 0,0027314 secs]
483,767: [GC (Allocation Failure)  77936K->46528K(140800K), 0,0028310 secs]
483,792: [GC (Allocation Failure)  72128K->51312K(140288K), 0,0019562 secs]
483,827: [GC (Allocation Failure)  76912K->45472K(140800K), 0,0012416 secs]
483,850: [GC (Allocation Failure)  71072K->50256K(141312K), 0,0036182 secs]
483,887: [GC (Allocation Failure)  76880K->45472K(141312K), 0,0018753 secs]
483,911: [GC (Allocation Failure)  72096K->51248K(141312K), 0,0035447 secs]
483,948: [GC (Allocation Failure)  77872K->46432K(141312K), 0,0053125 secs]
483,977: [GC (Allocation Failure)  73056K->52272K(140288K), 0,0021646 secs]
484,012: [GC (Allocation Failure)  77872K->46464K(140800K), 0,0012440 secs]
484,037: [GC (Allocation Failure)  72064K->51216K(141312K), 0,0080977 secs]
484,081: [GC (Allocation Failure)  77840K->46408K(141312K), 0,0043345 secs]
484,114: [GC (Allocation Failure)  73032K->52216K(140288K), 0,0032584 secs]
484,152: [GC (Allocation Failure)  77816K->46376K(140800K), 0,0024661 secs]
484,179: [GC (Allocation Failure)  71976K->51192K(141312K), 0,0049218 secs]
484,217: [GC (Allocation Failure)  77816K->46344K(141312K), 0,0042861 secs]
484,245: [GC (Allocation Failure)  72968K->52184K(140288K), 0,0019552 secs]
484,279: [GC (Allocation Failure)  77784K->46312K(140800K), 0,0023776 secs]
484,304: [GC (Allocation Failure)  71912K->51128K(141312K), 0,0020815 secs]
484,339: [GC (Allocation Failure)  77752K->46312K(141312K), 0,0011877 secs]
484,368: [GC (Allocation Failure)  72936K->52120K(140288K), 0,0046382 secs]
484,410: [GC (Allocation Failure)  77720K->46280K(140800K), 0,0039312 secs]
484,438: [GC (Allocation Failure)  71880K->51064K(141312K), 0,0018916 secs]
484,472: [GC (Allocation Failure)  77688K->46248K(141312K), 0,0070176 secs]
484,505: [GC (Allocation Failure)  72872K->52064K(140288K), 0,0026656 secs]
484,542: [GC (Allocation Failure)  77664K->46256K(140800K), 0,0041439 secs]
484,573: [GC (Allocation Failure)  71856K->51008K(141312K), 0,0042821 secs]
484,615: [GC (Allocation Failure)  77632K->46192K(141312K), 0,0030204 secs]
484,646: [GC (Allocation Failure)  72816K->52032K(141312K), 0,0042661 secs]
484,684: [GC (Allocation Failure)  78656K->47248K(141312K), 0,0025174 secs]
484,710: [GC (Allocation Failure)  73872K->53064K(140288K), 0,0028691 secs]
484,748: [GC (Allocation Failure)  78664K->47200K(140800K), 0,0043863 secs]
484,776: [GC (Allocation Failure)  72800K->52024K(140288K), 0,0052424 secs]
484,816: [GC (Allocation Failure)  77624K->46152K(140800K), 0,0059571 secs]
484,845: [GC (Allocation Failure)  71752K->50936K(141312K), 0,0019011 secs]
484,880: [GC (Allocation Failure)  77560K->46152K(141312K), 0,0034366 secs]
484,907: [GC (Allocation Failure)  72776K->51992K(141312K), 0,0022284 secs]
484,941: [GC (Allocation Failure)  78616K->47144K(141312K), 0,0012534 secs]
484,965: [GC (Allocation Failure)  73768K->52952K(140288K), 0,0037909 secs]
485,001: [GC (Allocation Failure)  78552K->47112K(140800K), 0,0012844 secs]
485,024: [GC (Allocation Failure)  72712K->51896K(140288K), 0,0036845 secs]
485,061: [GC (Allocation Failure)  77496K->46088K(140800K), 0,0019276 secs]
485,085: [GC (Allocation Failure)  71688K->50880K(141312K), 0,0019200 secs]
485,120: [GC (Allocation Failure)  77504K->46064K(141312K), 0,0037219 secs]
485,146: [GC (Allocation Failure)  72688K->51872K(141312K), 0,0019146 secs]
485,181: [GC (Allocation Failure)  78496K->47088K(141312K), 0,0037530 secs]
485,208: [GC (Allocation Failure)  73712K->52928K(139776K), 0,0021013 secs]
485,242: [GC (Allocation Failure)  78528K->47056K(140800K), 0,0012748 secs]
485,267: [GC (Allocation Failure)  72656K->51848K(141312K), 0,0019015 secs]
485,305: [GC (Allocation Failure)  78472K->47032K(141312K), 0,0029631 secs]
485,336: [GC (Allocation Failure)  73656K->52872K(140288K), 0,0043648 secs]
485,375: [GC (Allocation Failure)  78472K->47032K(140800K), 0,0017029 secs]
485,401: [GC (Allocation Failure)  72632K->51784K(141312K), 0,0046319 secs]
485,438: [GC (Allocation Failure)  78408K->46968K(141312K), 0,0023128 secs]
485,462: [GC (Allocation Failure)  73592K->52784K(140288K), 0,0017130 secs]
485,497: [GC (Allocation Failure)  78384K->46944K(140800K), 0,0057504 secs]
485,525: [GC (Allocation Failure)  72544K->51728K(141312K), 0,0033757 secs]
485,561: [GC (Allocation Failure)  78352K->46944K(141312K), 0,0013912 secs]
485,585: [GC (Allocation Failure)  73568K->52752K(140288K), 0,0045904 secs]
485,627: [GC (Allocation Failure)  78352K->46912K(140800K), 0,0071428 secs]
485,662: [GC (Allocation Failure)  72512K->51696K(141312K), 0,0045176 secs]
485,699: [GC (Allocation Failure)  78320K->46912K(141312K), 0,0012107 secs]
485,723: [GC (Allocation Failure)  73536K->52688K(141312K), 0,0039412 secs]
485,764: [GC (Allocation Failure)  79312K->47936K(141312K), 0,0031063 secs]
485,795: [GC (Allocation Failure)  74560K->53712K(140288K), 0,0049911 secs]
485,838: [GC (Allocation Failure)  79312K->47872K(140800K), 0,0061018 secs]
485,872: [GC (Allocation Failure)  73472K->52632K(140288K), 0,0061562 secs]
485,911: [GC (Allocation Failure)  78232K->46800K(140800K), 0,0009597 secs]
485,934: [GC (Allocation Failure)  72400K->51616K(141312K), 0,0015752 secs]
485,968: [GC (Allocation Failure)  78240K->46800K(141312K), 0,0008889 secs]
485,991: [GC (Allocation Failure)  73424K->52640K(140288K), 0,0017370 secs]
486,026: [GC (Allocation Failure)  78240K->46800K(140800K), 0,0032994 secs]
486,051: [GC (Allocation Failure)  72400K->51520K(141312K), 0,0028843 secs]
486,087: [GC (Allocation Failure)  78144K->46768K(141312K), 0,0008991 secs]
486,110: [GC (Allocation Failure)  73392K->52576K(141312K), 0,0031157 secs]
486,146: [GC (Allocation Failure)  79200K->47760K(141312K), 0,0022139 secs]
486,170: [GC (Allocation Failure)  74384K->53568K(139776K), 0,0017556 secs]
486,205: [GC (Allocation Failure)  79168K->47768K(140800K), 0,0010688 secs]
486,228: [GC (Allocation Failure)  73368K->52520K(141312K), 0,0028554 secs]
486,264: [GC (Allocation Failure)  79144K->47704K(141312K), 0,0058060 secs]
486,292: [GC (Allocation Failure)  74328K->53552K(140288K), 0,0028384 secs]
486,328: [GC (Allocation Failure)  79152K->47712K(140800K), 0,0009138 secs]
486,351: [GC (Allocation Failure)  73312K->52496K(140288K), 0,0024555 secs]
486,386: [GC (Allocation Failure)  78096K->46656K(140800K), 0,0026233 secs]
486,411: [GC (Allocation Failure)  72256K->51440K(141312K), 0,0013282 secs]
486,445: [GC (Allocation Failure)  78064K->46632K(141312K), 0,0007876 secs]
486,468: [GC (Allocation Failure)  73256K->52408K(141312K), 0,0023277 secs]
486,503: [GC (Allocation Failure)  79032K->47624K(141312K), 0,0009137 secs]
486,526: [GC (Allocation Failure)  74248K->53464K(140800K), 0,0026021 secs]
486,566: [GC (Allocation Failure)  80088K->48680K(141312K), 0,0033039 secs]
486,598: [GC (Allocation Failure)  75304K->54496K(139776K), 0,0049040 secs]
486,640: [GC (Allocation Failure)  80096K->48656K(140800K), 0,0048772 secs]
486,671: [GC (Allocation Failure)  74256K->53408K(140288K), 0,0027915 secs]
486,707: [GC (Allocation Failure)  79008K->47536K(140800K), 0,0024436 secs]
486,734: [GC (Allocation Failure)  73136K->52352K(140800K), 0,0036956 secs]
486,773: [GC (Allocation Failure)  77952K->46448K(140800K), 0,0009116 secs]
486,796: [GC (Allocation Failure)  72048K->51104K(141312K), 0,0012915 secs]
486,830: [GC (Allocation Failure)  77728K->46320K(141312K), 0,0018158 secs]
486,854: [GC (Allocation Failure)  72944K->52096K(140800K), 0,0013785 secs]
486,888: [GC (Allocation Failure)  78720K->47248K(141312K), 0,0019100 secs]
486,912: [GC (Allocation Failure)  73872K->53056K(140800K), 0,0025206 secs]
486,947: [GC (Allocation Failure)  79680K->48240K(141312K), 0,0019748 secs]
486,971: [GC (Allocation Failure)  74864K->54016K(139776K), 0,0027805 secs]
487,007: [GC (Allocation Failure)  79616K->48208K(140800K), 0,0019044 secs]
487,035: [GC (Allocation Failure)  73808K->52992K(141312K), 0,0049255 secs]
487,075: [GC (Allocation Failure)  79616K->48216K(141312K), 0,0018377 secs]
487,102: [GC (Allocation Failure)  74840K->54024K(140288K), 0,0033042 secs]
487,139: [GC (Allocation Failure)  79624K->48184K(140800K), 0,0016986 secs]
487,165: [GC (Allocation Failure)  73784K->52968K(141312K), 0,0026487 secs]
487,202: [GC (Allocation Failure)  79592K->48184K(141312K), 0,0058928 secs]
487,232: [GC (Allocation Failure)  74808K->53960K(140288K), 0,0054081 secs]
487,270: [GC (Allocation Failure)  79560K->48152K(140800K), 0,0036889 secs]
487,299: [GC (Allocation Failure)  73752K->52912K(141312K), 0,0054487 secs]
487,340: [GC (Allocation Failure)  79536K->48128K(141312K), 0,0019999 secs]
487,368: [GC (Allocation Failure)  74752K->53944K(140288K), 0,0028914 secs]
487,403: [GC (Allocation Failure)  79544K->48112K(140800K), 0,0029523 secs]
487,429: [GC (Allocation Failure)  73712K->52896K(141312K), 0,0020288 secs]
487,463: [GC (Allocation Failure)  79520K->48096K(141312K), 0,0012858 secs]
487,488: [GC (Allocation Failure)  74720K->53904K(140288K), 0,0022536 secs]
487,523: [GC (Allocation Failure)  79504K->48096K(140800K), 0,0012436 secs]
487,548: [GC (Allocation Failure)  73696K->52848K(141312K), 0,0020861 secs]
487,586: [GC (Allocation Failure)  79472K->48064K(141312K), 0,0028991 secs]
487,617: [GC (Allocation Failure)  74688K->53904K(140288K), 0,0039109 secs]
487,656: [GC (Allocation Failure)  79504K->48032K(140800K), 0,0028981 secs]
487,684: [GC (Allocation Failure)  73632K->52816K(141312K), 0,0048341 secs]
487,722: [GC (Allocation Failure)  79440K->48000K(141312K), 0,0008855 secs]
487,745: [GC (Allocation Failure)  74624K->53808K(140288K), 0,0017310 secs]
487,780: [GC (Allocation Failure)  79408K->47968K(140800K), 0,0009299 secs]
487,803: [GC (Allocation Failure)  73568K->52784K(141312K), 0,0015775 secs]
487,838: [GC (Allocation Failure)  79408K->47944K(141312K), 0,0021858 secs]
487,862: [GC (Allocation Failure)  74568K->53752K(141312K), 0,0028947 secs]
487,898: [GC (Allocation Failure)  80376K->48968K(141312K), 0,0011028 secs]
487,921: [GC (Allocation Failure)  75592K->54808K(140288K), 0,0022641 secs]
487,956: [GC (Allocation Failure)  80408K->48936K(140800K), 0,0052772 secs]
487,983: [GC (Allocation Failure)  74536K->53688K(140288K), 0,0017677 secs]
488,018: [GC (Allocation Failure)  79288K->47912K(140800K), 0,0008993 secs]
488,041: [GC (Allocation Failure)  73512K->52632K(141312K), 0,0027751 secs]
488,077: [GC (Allocation Failure)  79256K->47880K(141312K), 0,0021457 secs]
488,101: [GC (Allocation Failure)  74504K->53656K(141312K), 0,0030115 secs]
488,137: [GC (Allocation Failure)  80280K->48848K(141312K), 0,0022092 secs]
488,161: [GC (Allocation Failure)  75472K->54688K(140288K), 0,0030011 secs]
488,197: [GC (Allocation Failure)  80288K->48848K(140800K), 0,0022290 secs]
488,221: [GC (Allocation Failure)  74448K->53640K(141312K), 0,0032557 secs]
488,257: [GC (Allocation Failure)  80264K->48856K(141312K), 0,0010709 secs]
488,280: [GC (Allocation Failure)  75480K->54664K(140288K), 0,0025916 secs]
488,315: [GC (Allocation Failure)  80264K->48792K(140800K), 0,0019655 secs]
488,339: [GC (Allocation Failure)  74392K->53576K(140288K), 0,0027956 secs]
488,375: [GC (Allocation Failure)  79176K->47736K(140800K), 0,0009418 secs]
488,398: [GC (Allocation Failure)  73336K->52552K(141312K), 0,0028083 secs]
488,434: [GC (Allocation Failure)  79176K->47736K(141312K), 0,0008779 secs]
488,457: [GC (Allocation Failure)  74360K->53512K(141312K), 0,0076320 secs]
488,497: [GC (Allocation Failure)  80136K->48736K(141312K), 0,0036669 secs]
488,522: [GC (Allocation Failure)  75360K->54552K(140800K), 0,0026814 secs]
488,558: [GC (Allocation Failure)  81176K->49736K(141312K), 0,0010091 secs]
488,580: [GC (Allocation Failure)  76360K->55576K(140288K), 0,0018326 secs]
488,615: [GC (Allocation Failure)  81176K->49768K(140800K), 0,0025526 secs]
488,639: [GC (Allocation Failure)  75368K->54488K(140288K), 0,0025916 secs]
488,674: [GC (Allocation Failure)  80088K->48680K(140800K), 0,0008565 secs]
488,697: [GC (Allocation Failure)  74280K->53432K(141312K), 0,0014938 secs]
488,731: [GC (Allocation Failure)  79544K->48144K(140800K), 0,0008652 secs]
488,754: [GC (Allocation Failure)  74256K->53440K(141312K), 0,0027795 secs]
488,790: [GC (Allocation Failure)  80064K->48656K(141312K), 0,0010877 secs]
488,813: [GC (Allocation Failure)  75280K->54472K(140288K), 0,0032849 secs]
488,849: [GC (Allocation Failure)  80072K->48600K(140800K), 0,0025384 secs]
488,874: [GC (Allocation Failure)  74200K->53416K(141312K), 0,0031999 secs]
488,910: [GC (Allocation Failure)  80040K->48600K(141312K), 0,0010414 secs]
488,933: [GC (Allocation Failure)  75224K->54408K(141312K), 0,0031433 secs]
488,969: [GC (Allocation Failure)  81032K->49600K(141312K), 0,0034234 secs]
488,996: [GC (Allocation Failure)  76224K->55440K(140288K), 0,0034652 secs]
489,031: [GC (Allocation Failure)  81040K->49608K(140800K), 0,0027376 secs]
489,058: [GC (Allocation Failure)  75208K->54368K(140288K), 0,0065642 secs]
489,098: [GC (Allocation Failure)  79968K->48560K(140800K), 0,0038449 secs]
489,124: [GC (Allocation Failure)  74160K->53344K(141312K), 0,0034594 secs]
489,161: [GC (Allocation Failure)  79968K->48528K(141312K), 0,0027573 secs]
489,186: [GC (Allocation Failure)  75152K->54368K(141312K), 0,0016944 secs]
489,221: [GC (Allocation Failure)  80992K->49528K(141312K), 0,0024386 secs]
489,245: [GC (Allocation Failure)  76152K->55336K(140288K), 0,0018790 secs]
489,280: [GC (Allocation Failure)  80936K->49528K(140800K), 0,0030677 secs]
489,305: [GC (Allocation Failure)  75128K->54280K(140288K), 0,0021578 secs]
489,340: [GC (Allocation Failure)  79880K->48440K(140800K), 0,0023121 secs]
489,365: [GC (Allocation Failure)  74040K->53224K(141312K), 0,0039374 secs]
489,402: [GC (Allocation Failure)  79848K->48440K(141312K), 0,0026154 secs]
489,427: [GC (Allocation Failure)  75064K->54256K(141312K), 0,0017341 secs]
489,462: [GC (Allocation Failure)  80880K->49440K(141312K), 0,0054732 secs]
489,490: [GC (Allocation Failure)  76064K->55280K(139776K), 0,0017336 secs]
489,525: [GC (Allocation Failure)  80880K->49448K(140800K), 0,0086890 secs]
489,557: [GC (Allocation Failure)  75048K->54232K(141312K), 0,0013328 secs]
489,591: [GC (Allocation Failure)  80856K->49384K(141312K), 0,0021891 secs]
489,614: [GC (Allocation Failure)  76008K->55224K(140288K), 0,0021972 secs]
489,649: [GC (Allocation Failure)  80824K->49384K(140800K), 0,0006766 secs]
489,670: [GC (Allocation Failure)  74984K->54168K(141312K), 0,0020308 secs]
489,704: [GC (Allocation Failure)  80792K->49320K(141312K), 0,0007600 secs]
489,725: [GC (Allocation Failure)  75944K->55160K(140288K), 0,0023628 secs]
489,760: [GC (Allocation Failure)  80760K->49352K(140800K), 0,0007321 secs]
489,783: [GC (Allocation Failure)  74952K->54104K(141312K), 0,0070716 secs]
489,823: [GC (Allocation Failure)  80728K->49288K(141312K), 0,0040612 secs]
489,852: [GC (Allocation Failure)  75912K->55096K(140288K), 0,0027879 secs]
489,889: [GC (Allocation Failure)  80696K->49288K(140800K), 0,0038197 secs]
489,918: [GC (Allocation Failure)  74888K->54072K(141312K), 0,0026439 secs]
489,957: [GC (Allocation Failure)  80696K->49232K(141312K), 0,0041916 secs]
489,986: [GC (Allocation Failure)  75856K->55080K(141312K), 0,0026412 secs]
490,022: [GC (Allocation Failure)  81704K->50296K(141312K), 0,0017622 secs]
490,048: [GC (Allocation Failure)  76920K->56104K(140288K), 0,0053707 secs]
490,090: [GC (Allocation Failure)  81704K->50232K(140800K), 0,0017248 secs]
490,116: [GC (Allocation Failure)  75832K->55048K(140288K), 0,0028045 secs]
490,153: [GC (Allocation Failure)  80648K->49176K(140800K), 0,0032975 secs]
490,181: [GC (Allocation Failure)  74776K->53960K(141312K), 0,0024775 secs]
490,217: [GC (Allocation Failure)  80584K->49144K(141312K), 0,0038216 secs]
490,246: [GC (Allocation Failure)  75768K->54984K(141312K), 0,0060182 secs]
490,284: [GC (Allocation Failure)  81608K->50168K(141312K), 0,0024847 secs]
490,309: [GC (Allocation Failure)  76792K->55976K(140288K), 0,0037413 secs]
490,346: [GC (Allocation Failure)  81576K->50168K(140800K), 0,0010763 secs]
490,369: [GC (Allocation Failure)  75768K->54960K(140288K), 0,0016394 secs]
490,404: [GC (Allocation Failure)  80560K->49088K(140800K), 0,0023154 secs]
490,428: [GC (Allocation Failure)  74688K->53904K(141312K), 0,0015758 secs]
490,463: [GC (Allocation Failure)  80528K->49056K(141312K), 0,0022276 secs]
490,487: [GC (Allocation Failure)  75680K->54864K(141312K), 0,0031062 secs]
490,523: [GC (Allocation Failure)  81488K->50080K(141312K), 0,0022746 secs]
490,547: [GC (Allocation Failure)  76704K->55920K(140288K), 0,0029934 secs]
490,583: [GC (Allocation Failure)  81520K->50080K(140800K), 0,0011048 secs]
490,610: [GC (Allocation Failure)  75680K->54832K(141312K), 0,0062740 secs]
490,650: [GC (Allocation Failure)  81456K->50016K(141312K), 0,0041402 secs]
490,678: [GC (Allocation Failure)  76640K->55856K(140288K), 0,0044487 secs]
490,715: [GC (Allocation Failure)  81456K->49984K(140800K), 0,0022477 secs]
490,739: [GC (Allocation Failure)  75584K->54800K(141312K), 0,0017161 secs]
490,774: [GC (Allocation Failure)  81424K->49888K(141312K), 0,0032542 secs]
490,799: [GC (Allocation Failure)  76512K->55568K(140288K), 0,0016764 secs]
490,833: [GC (Allocation Failure)  81168K->49792K(140800K), 0,0006676 secs]
490,854: [GC (Allocation Failure)  75392K->54544K(141312K), 0,0049810 secs]
490,891: [GC (Allocation Failure)  81168K->49696K(141312K), 0,0024209 secs]
490,914: [GC (Allocation Failure)  76320K->55504K(141312K), 0,0041965 secs]
490,950: [GC (Allocation Failure)  82128K->50720K(141312K), 0,0007627 secs]
490,971: [GC (Allocation Failure)  77344K->56528K(140288K), 0,0015378 secs]
491,005: [GC (Allocation Failure)  82128K->50688K(140800K), 0,0008286 secs]
491,027: [GC (Allocation Failure)  76288K->55472K(140288K), 0,0015006 secs]
491,061: [GC (Allocation Failure)  81072K->49640K(140800K), 0,0015610 secs]
491,083: [GC (Allocation Failure)  75240K->54424K(141312K), 0,0022644 secs]
491,117: [GC (Allocation Failure)  81048K->49608K(141312K), 0,0028661 secs]
491,142: [GC (Allocation Failure)  76232K->55448K(141312K), 0,0015429 secs]
491,176: [GC (Allocation Failure)  82072K->50600K(141312K), 0,0009452 secs]
491,199: [GC (Allocation Failure)  77224K->56448K(140288K), 0,0017336 secs]
491,234: [GC (Allocation Failure)  82048K->50608K(140800K), 0,0021058 secs]
491,258: [GC (Allocation Failure)  76208K->55360K(140288K), 0,0024370 secs]
491,293: [GC (Allocation Failure)  80960K->49552K(140800K), 0,0008375 secs]
491,316: [GC (Allocation Failure)  75152K->54336K(141312K), 0,0023055 secs]
491,351: [GC (Allocation Failure)  80960K->49520K(141312K), 0,0009780 secs]
491,374: [GC (Allocation Failure)  76144K->55304K(141312K), 0,0032681 secs]
491,410: [GC (Allocation Failure)  81928K->50520K(141312K), 0,0020255 secs]
491,434: [GC (Allocation Failure)  77144K->56392K(139776K), 0,0016656 secs]
491,468: [GC (Allocation Failure)  81992K->50520K(140800K), 0,0066040 secs]
491,496: [GC (Allocation Failure)  76120K->55272K(141312K), 0,0013383 secs]
491,530: [GC (Allocation Failure)  81896K->50488K(141312K), 0,0009534 secs]
491,552: [GC (Allocation Failure)  77112K->56336K(140288K), 0,0014531 secs]
491,586: [GC (Allocation Failure)  81936K->50496K(140800K), 0,0008528 secs]
491,609: [GC (Allocation Failure)  76096K->55280K(141312K), 0,0014660 secs]
491,643: [GC (Allocation Failure)  81904K->50432K(141312K), 0,0017108 secs]
491,666: [GC (Allocation Failure)  77056K->56272K(140288K), 0,0062321 secs]
491,705: [GC (Allocation Failure)  81872K->50432K(140800K), 0,0007443 secs]
491,727: [GC (Allocation Failure)  76032K->55216K(141312K), 0,0024619 secs]
491,762: [GC (Allocation Failure)  81840K->50400K(141312K), 0,0044057 secs]
491,788: [GC (Allocation Failure)  77024K->56240K(140288K), 0,0014889 secs]
491,822: [GC (Allocation Failure)  81840K->50336K(140800K), 0,0045134 secs]
491,847: [GC (Allocation Failure)  75936K->55120K(141312K), 0,0015647 secs]
491,881: [GC (Allocation Failure)  81744K->50336K(141312K), 0,0007512 secs]
491,903: [GC (Allocation Failure)  76960K->56144K(141312K), 0,0060773 secs]
491,942: [GC (Allocation Failure)  82768K->51360K(141312K), 0,0008711 secs]
491,965: [GC (Allocation Failure)  77984K->57176K(140288K), 0,0016801 secs]
491,999: [GC (Allocation Failure)  82776K->51368K(140800K), 0,0054953 secs]
492,026: [GC (Allocation Failure)  76968K->56120K(140288K), 0,0024857 secs]
492,060: [GC (Allocation Failure)  81720K->50280K(140800K), 0,0077354 secs]
492,096: [GC (Allocation Failure)  75880K->55064K(141312K), 0,0042951 secs]
492,134: [GC (Allocation Failure)  81688K->50248K(141312K), 0,0017743 secs]
492,161: [GC (Allocation Failure)  76872K->56056K(141312K), 0,0045924 secs]
492,198: [GC (Allocation Failure)  82680K->51272K(141312K), 0,0030853 secs]
492,224: [GC (Allocation Failure)  77896K->57080K(140288K), 0,0021900 secs]
492,258: [GC (Allocation Failure)  82680K->51272K(140800K), 0,0012572 secs]
492,283: [GC (Allocation Failure)  76872K->56056K(140288K), 0,0025403 secs]
492,318: [GC (Allocation Failure)  81656K->50184K(140800K), 0,0036110 secs]
492,344: [GC (Allocation Failure)  75784K->54968K(141312K), 0,0034086 secs]
492,381: [GC (Allocation Failure)  81592K->50152K(141312K), 0,0011067 secs]
492,405: [GC (Allocation Failure)  76776K->55992K(141312K), 0,0019393 secs]
492,439: [GC (Allocation Failure)  82616K->51176K(141312K), 0,0012342 secs]
492,464: [GC (Allocation Failure)  77800K->56984K(140288K), 0,0020622 secs]
492,498: [GC (Allocation Failure)  82584K->51176K(140800K), 0,0011910 secs]
492,521: [GC (Allocation Failure)  76776K->55928K(141312K), 0,0019974 secs]
492,557: [GC (Allocation Failure)  82552K->51112K(141312K), 0,0028984 secs]
492,583: [GC (Allocation Failure)  77736K->56952K(140288K), 0,0026207 secs]
492,618: [GC (Allocation Failure)  82552K->51128K(140800K), 0,0012305 secs]
492,642: [GC (Allocation Failure)  76728K->55880K(141312K), 0,0029958 secs]
492,678: [GC (Allocation Failure)  82504K->51064K(141312K), 0,0027857 secs]
492,704: [GC (Allocation Failure)  77688K->56936K(140288K), 0,0020137 secs]
492,740: [GC (Allocation Failure)  82536K->51064K(140800K), 0,0028120 secs]
492,771: [GC (Allocation Failure)  76664K->55816K(141312K), 0,0050858 secs]
492,810: [GC (Allocation Failure)  82440K->51032K(141312K), 0,0046350 secs]
492,837: [GC (Allocation Failure)  77656K->56840K(140288K), 0,0028220 secs]
492,873: [GC (Allocation Failure)  82440K->51032K(140800K), 0,0015812 secs]
492,896: [GC (Allocation Failure)  76632K->55784K(141312K), 0,0012948 secs]
492,929: [GC (Allocation Failure)  82408K->50968K(141312K), 0,0007889 secs]
492,951: [GC (Allocation Failure)  77592K->56776K(140288K), 0,0022792 secs]
492,986: [GC (Allocation Failure)  82376K->51008K(140800K), 0,0007230 secs]
493,012: [GC (Allocation Failure)  76608K->55760K(141312K), 0,0069001 secs]
493,055: [GC (Allocation Failure)  82384K->50944K(141312K), 0,0028966 secs]
493,083: [GC (Allocation Failure)  77568K->56784K(141312K), 0,0027771 secs]
493,119: [GC (Allocation Failure)  83408K->51936K(141312K), 0,0022608 secs]
493,145: [GC (Allocation Failure)  78560K->57808K(140288K), 0,0028224 secs]
493,186: [GC (Allocation Failure)  83408K->51968K(140800K), 0,0030586 secs]
493,216: [GC (Allocation Failure)  77568K->56728K(140288K), 0,0042579 secs]
493,255: [GC (Allocation Failure)  82328K->50856K(140800K), 0,0027733 secs]
493,280: [GC (Allocation Failure)  76456K->55640K(141312K), 0,0027942 secs]
493,316: [GC (Allocation Failure)  82264K->50824K(141312K), 0,0035275 secs]
493,341: [GC (Allocation Failure)  77448K->56664K(141312K), 0,0016352 secs]
493,376: [GC (Allocation Failure)  83288K->51880K(141312K), 0,0019697 secs]
493,400: [GC (Allocation Failure)  78504K->57656K(140288K), 0,0033052 secs]
493,436: [GC (Allocation Failure)  83256K->51848K(140800K), 0,0056451 secs]
493,464: [GC (Allocation Failure)  77448K->56600K(140288K), 0,0030364 secs]
493,500: [GC (Allocation Failure)  82200K->50760K(140800K), 0,0054711 secs]
493,527: [GC (Allocation Failure)  76360K->55576K(141312K), 0,0014340 secs]
493,559: [GC (Allocation Failure)  82200K->50728K(141312K), 0,0068302 secs]
493,587: [GC (Allocation Failure)  77352K->56568K(141312K), 0,0024542 secs]
493,620: [GC (Allocation Failure)  83192K->51752K(141312K), 0,0049615 secs]
493,647: [GC (Allocation Failure)  78376K->57600K(139776K), 0,0015673 secs]
493,679: [GC (Allocation Failure)  83200K->51760K(140800K), 0,0007768 secs]
493,701: [GC (Allocation Failure)  77360K->56512K(141312K), 0,0013027 secs]
493,734: [GC (Allocation Failure)  83136K->51696K(141312K), 0,0071708 secs]
493,763: [GC (Allocation Failure)  78320K->57536K(140288K), 0,0015781 secs]
493,796: [GC (Allocation Failure)  83136K->51712K(140800K), 0,0007826 secs]
493,817: [GC (Allocation Failure)  77312K->56496K(141312K), 0,0035187 secs]
493,852: [GC (Allocation Failure)  83120K->51680K(141312K), 0,0016046 secs]
493,875: [GC (Allocation Failure)  78304K->57520K(140288K), 0,0015633 secs]
493,909: [GC (Allocation Failure)  83120K->51680K(140800K), 0,0007852 secs]
493,931: [GC (Allocation Failure)  77280K->56464K(141312K), 0,0013472 secs]
493,965: [GC (Allocation Failure)  83088K->51656K(141312K), 0,0007522 secs]
493,987: [GC (Allocation Failure)  78280K->57464K(140288K), 0,0015072 secs]
494,021: [GC (Allocation Failure)  83064K->51624K(140800K), 0,0016230 secs]
494,044: [GC (Allocation Failure)  77224K->56408K(141312K), 0,0019532 secs]
494,079: [GC (Allocation Failure)  83032K->51592K(141312K), 0,0012997 secs]
494,102: [GC (Allocation Failure)  78216K->57408K(141312K), 0,0016826 secs]
494,137: [GC (Allocation Failure)  84032K->52592K(141312K), 0,0022234 secs]
494,161: [GC (Allocation Failure)  79216K->58432K(140288K), 0,0017376 secs]
494,196: [GC (Allocation Failure)  84032K->52624K(140800K), 0,0010059 secs]
494,219: [GC (Allocation Failure)  78224K->57376K(140288K), 0,0016442 secs]
494,254: [GC (Allocation Failure)  82976K->51536K(140800K), 0,0009425 secs]
494,277: [GC (Allocation Failure)  77136K->56288K(141312K), 0,0015658 secs]
494,312: [GC (Allocation Failure)  82400K->51000K(140800K), 0,0035382 secs]
494,337: [GC (Allocation Failure)  77112K->56264K(141312K), 0,0027013 secs]
494,373: [GC (Allocation Failure)  82888K->51512K(141312K), 0,0008842 secs]
494,404: [GC (Allocation Failure)  78136K->57288K(140800K), 0,0074271 secs]
494,444: [GC (Allocation Failure)  83912K->52504K(141312K), 0,0012855 secs]
494,469: [GC (Allocation Failure)  79128K->58344K(139776K), 0,0021009 secs]
494,503: [GC (Allocation Failure)  83944K->52472K(140800K), 0,0013194 secs]
494,526: [GC (Allocation Failure)  78072K->57288K(140288K), 0,0019157 secs]
494,561: [GC (Allocation Failure)  82888K->51384K(140800K), 0,0011167 secs]
494,584: [GC (Allocation Failure)  76984K->56176K(141312K), 0,0019401 secs]
494,619: [GC (Allocation Failure)  82800K->51360K(141312K), 0,0011834 secs]
494,643: [GC (Allocation Failure)  77984K->57240K(141312K), 0,0020052 secs]
494,678: [GC (Allocation Failure)  83864K->52392K(141312K), 0,0025000 secs]
494,704: [GC (Allocation Failure)  79016K->58200K(139776K), 0,0037518 secs]
494,740: [GC (Allocation Failure)  83800K->52392K(140800K), 0,0013061 secs]
494,764: [GC (Allocation Failure)  77992K->57144K(141312K), 0,0035143 secs]
494,801: [GC (Allocation Failure)  83768K->52200K(141312K), 0,0007856 secs]
494,823: [GC (Allocation Failure)  78824K->58008K(140288K), 0,0023962 secs]
494,857: [GC (Allocation Failure)  83608K->52168K(140800K), 0,0014400 secs]
494,880: [GC (Allocation Failure)  77768K->56888K(141312K), 0,0022946 secs]
494,914: [GC (Allocation Failure)  83512K->52104K(141312K), 0,0018145 secs]
494,937: [GC (Allocation Failure)  78728K->57912K(141312K), 0,0030473 secs]
494,972: [GC (Allocation Failure)  84536K->53128K(141312K), 0,0017217 secs]
494,994: [GC (Allocation Failure)  79752K->58936K(140288K), 0,0059776 secs]
495,032: [GC (Allocation Failure)  84536K->53096K(140800K), 0,0007999 secs]
495,053: [GC (Allocation Failure)  78696K->57880K(140288K), 0,0021900 secs]
495,086: [GC (Allocation Failure)  83480K->52040K(140800K), 0,0015805 secs]
495,108: [GC (Allocation Failure)  77640K->56824K(141312K), 0,0012517 secs]
495,141: [GC (Allocation Failure)  82936K->51496K(140800K), 0,0027054 secs]
495,165: [GC (Allocation Failure)  77608K->56824K(141312K), 0,0012408 secs]
495,197: [GC (Allocation Failure)  83448K->52008K(141312K), 0,0014383 secs]
495,220: [GC (Allocation Failure)  78632K->57848K(141312K), 0,0013626 secs]
495,254: [GC (Allocation Failure)  84472K->53048K(141312K), 0,0007794 secs]
495,276: [GC (Allocation Failure)  79672K->58888K(140288K), 0,0014965 secs]
495,309: [GC (Allocation Failure)  84488K->53056K(140800K), 0,0008152 secs]
495,330: [GC (Allocation Failure)  78656K->57808K(140288K), 0,0023028 secs]
495,365: [GC (Allocation Failure)  83408K->51976K(140800K), 0,0016933 secs]
495,387: [GC (Allocation Failure)  77576K->56760K(141312K), 0,0016450 secs]
495,421: [GC (Allocation Failure)  83384K->51912K(141312K), 0,0014765 secs]
495,444: [GC (Allocation Failure)  78536K->57752K(141312K), 0,0025144 secs]
495,479: [GC (Allocation Failure)  84376K->52968K(141312K), 0,0009348 secs]
495,502: [GC (Allocation Failure)  79592K->58824K(139776K), 0,0029999 secs]
495,540: [GC (Allocation Failure)  84424K->52952K(140800K), 0,0029417 secs]
495,569: [GC (Allocation Failure)  78552K->57736K(141312K), 0,0034857 secs]
495,606: [GC (Allocation Failure)  84360K->52920K(141312K), 0,0008985 secs]
495,629: [GC (Allocation Failure)  79544K->58728K(140288K), 0,0026747 secs]
495,664: [GC (Allocation Failure)  84328K->52920K(140800K), 0,0009012 secs]
495,687: [GC (Allocation Failure)  78520K->57672K(141312K), 0,0016518 secs]
495,720: [GC (Allocation Failure)  84296K->52888K(141312K), 0,0017843 secs]
495,745: [GC (Allocation Failure)  79512K->58696K(140288K), 0,0045931 secs]
495,787: [GC (Allocation Failure)  84296K->52824K(140800K), 0,0028781 secs]
495,815: [GC (Allocation Failure)  78424K->57608K(141312K), 0,0043509 secs]
495,852: [GC (Allocation Failure)  84232K->52832K(141312K), 0,0014061 secs]
495,877: [GC (Allocation Failure)  79456K->58608K(140288K), 0,0031002 secs]
495,912: [GC (Allocation Failure)  84208K->52800K(140800K), 0,0012584 secs]
495,935: [GC (Allocation Failure)  78400K->57584K(141312K), 0,0066394 secs]
495,975: [GC (Allocation Failure)  84208K->52768K(141312K), 0,0022944 secs]
495,999: [GC (Allocation Failure)  79392K->58576K(140288K), 0,0031548 secs]
496,035: [GC (Allocation Failure)  84176K->52736K(140800K), 0,0080223 secs]
496,068: [GC (Allocation Failure)  78336K->57520K(141312K), 0,0038137 secs]
496,104: [GC (Allocation Failure)  84144K->52704K(141312K), 0,0010561 secs]
496,127: [GC (Allocation Failure)  79328K->58544K(141312K), 0,0016786 secs]
496,164: [GC (Allocation Failure)  85168K->53728K(141312K), 0,0031410 secs]
496,195: [GC (Allocation Failure)  80352K->59568K(140288K), 0,0049100 secs]
496,238: [GC (Allocation Failure)  85168K->53728K(140800K), 0,0066718 secs]
496,268: [GC (Allocation Failure)  79328K->58480K(140288K), 0,0021537 secs]
496,305: [GC (Allocation Failure)  84080K->52640K(140800K), 0,0037418 secs]
496,334: [GC (Allocation Failure)  78240K->57424K(141312K), 0,0038428 secs]
496,371: [GC (Allocation Failure)  84048K->52640K(141312K), 0,0023516 secs]
496,397: [GC (Allocation Failure)  79264K->58416K(141312K), 0,0046436 secs]
496,434: [GC (Allocation Failure)  85040K->53664K(141312K), 0,0020687 secs]
496,458: [GC (Allocation Failure)  80288K->59440K(140288K), 0,0016631 secs]
496,493: [GC (Allocation Failure)  85040K->53664K(140800K), 0,0009425 secs]
496,516: [GC (Allocation Failure)  79264K->58384K(140288K), 0,0024955 secs]
496,550: [GC (Allocation Failure)  83984K->52544K(140800K), 0,0045679 secs]
496,579: [GC (Allocation Failure)  78144K->57360K(141312K), 0,0046108 secs]
496,618: [GC (Allocation Failure)  83984K->52512K(141312K), 0,0032889 secs]
496,644: [GC (Allocation Failure)  79136K->58352K(141312K), 0,0070575 secs]
496,684: [GC (Allocation Failure)  84976K->53536K(141312K), 0,0008902 secs]
496,705: [GC (Allocation Failure)  80160K->59376K(139776K), 0,0015738 secs]
496,738: [GC (Allocation Failure)  84976K->53504K(140800K), 0,0007799 secs]
496,759: [GC (Allocation Failure)  79104K->58288K(141312K), 0,0016036 secs]
496,791: [GC (Allocation Failure)  84912K->53472K(141312K), 0,0021095 secs]
496,815: [GC (Allocation Failure)  80096K->59312K(140288K), 0,0014738 secs]
496,848: [GC (Allocation Failure)  84912K->53440K(140800K), 0,0029609 secs]
496,873: [GC (Allocation Failure)  79040K->58256K(141312K), 0,0021894 secs]
496,908: [GC (Allocation Failure)  84880K->53472K(141312K), 0,0008073 secs]
496,931: [GC (Allocation Failure)  80096K->59216K(140288K), 0,0015785 secs]
496,965: [GC (Allocation Failure)  84816K->53408K(140800K), 0,0015333 secs]
496,988: [GC (Allocation Failure)  79008K->58192K(141312K), 0,0014504 secs]
497,021: [GC (Allocation Failure)  84816K->53408K(141312K), 0,0015099 secs]
497,044: [GC (Allocation Failure)  80032K->59184K(140288K), 0,0018573 secs]
497,079: [GC (Allocation Failure)  84784K->53384K(140800K), 0,0015703 secs]
497,102: [GC (Allocation Failure)  78984K->58176K(141312K), 0,0013006 secs]
497,136: [GC (Allocation Failure)  84800K->53328K(141312K), 0,0017203 secs]
497,159: [GC (Allocation Failure)  79952K->59200K(140288K), 0,0014763 secs]
497,192: [GC (Allocation Failure)  84800K->53360K(140800K), 0,0007195 secs]
497,215: [GC (Allocation Failure)  78960K->58112K(141312K), 0,0022391 secs]
497,253: [GC (Allocation Failure)  84736K->53296K(141312K), 0,0011396 secs]
497,277: [GC (Allocation Failure)  79920K->59136K(141312K), 0,0035535 secs]
497,313: [GC (Allocation Failure)  85760K->54320K(141312K), 0,0043220 secs]
497,341: [GC (Allocation Failure)  80944K->60168K(140288K), 0,0021381 secs]
497,375: [GC (Allocation Failure)  85768K->54328K(140800K), 0,0012806 secs]
497,400: [GC (Allocation Failure)  79928K->59112K(140288K), 0,0035735 secs]
497,436: [GC (Allocation Failure)  84712K->53280K(140800K), 0,0030067 secs]
497,468: [GC (Allocation Failure)  78880K->58000K(141312K), 0,0043805 secs]
497,508: [GC (Allocation Failure)  84624K->53216K(141312K), 0,0049960 secs]
497,534: [GC (Allocation Failure)  79840K->59024K(141312K), 0,0092240 secs]
497,576: [GC (Allocation Failure)  85648K->54208K(141312K), 0,0009320 secs]
497,598: [GC (Allocation Failure)  80832K->60056K(140288K), 0,0015076 secs]
497,632: [GC (Allocation Failure)  85656K->54216K(140800K), 0,0008371 secs]
497,654: [GC (Allocation Failure)  79816K->59000K(140288K), 0,0014980 secs]
497,692: [GC (Allocation Failure)  84600K->53168K(140800K), 0,0027686 secs]
497,723: [GC (Allocation Failure)  78768K->57920K(141312K), 0,0083234 secs]
497,769: [GC (Allocation Failure)  84544K->53136K(141312K), 0,0046538 secs]
497,797: [GC (Allocation Failure)  79760K->58944K(141312K), 0,0019393 secs]
497,832: [GC (Allocation Failure)  85568K->54160K(141312K), 0,0041561 secs]
497,858: [GC (Allocation Failure)  80784K->59968K(139776K), 0,0017827 secs]
497,893: [GC (Allocation Failure)  85568K->54128K(140800K), 0,0010633 secs]
497,916: [GC (Allocation Failure)  79728K->58912K(141312K), 0,0015778 secs]
497,951: [GC (Allocation Failure)  85536K->54128K(141312K), 0,0011516 secs]
497,974: [GC (Allocation Failure)  80752K->59904K(140288K), 0,0033705 secs]
498,010: [GC (Allocation Failure)  85504K->54064K(140800K), 0,0023705 secs]
498,034: [GC (Allocation Failure)  79664K->58848K(141312K), 0,0029422 secs]
498,072: [GC (Allocation Failure)  85472K->54064K(141312K), 0,0029159 secs]
498,103: [GC (Allocation Failure)  80688K->59912K(140288K), 0,0047891 secs]
498,143: [GC (Allocation Failure)  85512K->54040K(140800K), 0,0025415 secs]
498,170: [GC (Allocation Failure)  79640K->58792K(141312K), 0,0026220 secs]
498,206: [GC (Allocation Failure)  85416K->54008K(141312K), 0,0016454 secs]
498,234: [GC (Allocation Failure)  80632K->59848K(140288K), 0,0038259 secs]
498,270: [GC (Allocation Failure)  85448K->53976K(140800K), 0,0024708 secs]
498,295: [GC (Allocation Failure)  79576K->58768K(141312K), 0,0053334 secs]
498,334: [GC (Allocation Failure)  85392K->53952K(141312K), 0,0030299 secs]
498,360: [GC (Allocation Failure)  80576K->59792K(141312K), 0,0022254 secs]
498,394: [GC (Allocation Failure)  86416K->54976K(141312K), 0,0029631 secs]
498,420: [GC (Allocation Failure)  81600K->60752K(140288K), 0,0039358 secs]
498,456: [GC (Allocation Failure)  86352K->54976K(140800K), 0,0013108 secs]
498,481: [GC (Allocation Failure)  80576K->59760K(140288K), 0,0021055 secs]
498,515: [GC (Allocation Failure)  85360K->53920K(140800K), 0,0018346 secs]
498,539: [GC (Allocation Failure)  79520K->58672K(141312K), 0,0024620 secs]
498,578: [GC (Allocation Failure)  85296K->53856K(141312K), 0,0029265 secs]
498,610: [GC (Allocation Failure)  80480K->59664K(141312K), 0,0047419 secs]
498,652: [GC (Allocation Failure)  86288K->54912K(141312K), 0,0017412 secs]
498,676: [GC (Allocation Failure)  81536K->60720K(140288K), 0,0018367 secs]
498,711: [GC (Allocation Failure)  86320K->54848K(140800K), 0,0010790 secs]
498,734: [GC (Allocation Failure)  80448K->59632K(140288K), 0,0032232 secs]
498,770: [GC (Allocation Failure)  85232K->53824K(140800K), 0,0021590 secs]
498,795: [GC (Allocation Failure)  79424K->58384K(141312K), 0,0017706 secs]
498,828: [GC (Allocation Failure)  85008K->53568K(141312K), 0,0017669 secs]
498,850: [GC (Allocation Failure)  80192K->59376K(141312K), 0,0027266 secs]
498,884: [GC (Allocation Failure)  86000K->54592K(141312K), 0,0008989 secs]
498,907: [GC (Allocation Failure)  81216K->60368K(140800K), 0,0014665 secs]
498,939: [GC (Allocation Failure)  86992K->55552K(141312K), 0,0016575 secs]
498,962: [GC (Allocation Failure)  82176K->61328K(140288K), 0,0023788 secs]
498,996: [GC (Allocation Failure)  86928K->55552K(140800K), 0,0009632 secs]
499,019: [GC (Allocation Failure)  81152K->60336K(140288K), 0,0014515 secs]
499,057: [GC (Allocation Failure)  85936K->54464K(140800K), 0,0063760 secs]
499,088: [GC (Allocation Failure)  80064K->59280K(140800K), 0,0019308 secs]
499,123: [GC (Allocation Failure)  84880K->53408K(140800K), 0,0011530 secs]
499,147: [GC (Allocation Failure)  79008K->58224K(141312K), 0,0018625 secs]
499,182: [GC (Allocation Failure)  84848K->53376K(141312K), 0,0012507 secs]
499,206: [GC (Allocation Failure)  80000K->59184K(141312K), 0,0019594 secs]
499,241: [GC (Allocation Failure)  85808K->54400K(141312K), 0,0012201 secs]
499,264: [GC (Allocation Failure)  81024K->60208K(140800K), 0,0017029 secs]
499,299: [GC (Allocation Failure)  86832K->55392K(141312K), 0,0023956 secs]
499,324: [GC (Allocation Failure)  82016K->61264K(139776K), 0,0018844 secs]
499,358: [GC (Allocation Failure)  86864K->55392K(140800K), 0,0011241 secs]
499,381: [GC (Allocation Failure)  80992K->60208K(140288K), 0,0017077 secs]
499,416: [GC (Allocation Failure)  85808K->54304K(140800K), 0,0010588 secs]
499,439: [GC (Allocation Failure)  79904K->59120K(141312K), 0,0017481 secs]
499,474: [GC (Allocation Failure)  85744K->54336K(141312K), 0,0033647 secs]
499,499: [GC (Allocation Failure)  80960K->60112K(141312K), 0,0041911 secs]
499,536: [GC (Allocation Failure)  86736K->55328K(141312K), 0,0011253 secs]
499,559: [GC (Allocation Failure)  81952K->61136K(140288K), 0,0055541 secs]
499,596: [GC (Allocation Failure)  86736K->55264K(140800K), 0,0023492 secs]
499,619: [GC (Allocation Failure)  80864K->60048K(140288K), 0,0023891 secs]
499,654: [GC (Allocation Failure)  85648K->54240K(140800K), 0,0014902 secs]
499,676: [GC (Allocation Failure)  79840K->59024K(141312K), 0,0021777 secs]
499,711: [GC (Allocation Failure)  85648K->54208K(141312K), 0,0016021 secs]
499,737: [GC (Allocation Failure)  80832K->59984K(141312K), 0,0021039 secs]
499,770: [GC (Allocation Failure)  86608K->55200K(141312K), 0,0011686 secs]
499,792: [GC (Allocation Failure)  81824K->61040K(139776K), 0,0016382 secs]
499,825: [GC (Allocation Failure)  86640K->55208K(140800K), 0,0008006 secs]
499,847: [GC (Allocation Failure)  80808K->59960K(141312K), 0,0018661 secs]
499,885: [GC (Allocation Failure)  86584K->55176K(141312K), 0,0029659 secs]
499,916: [GC (Allocation Failure)  81800K->60984K(140288K), 0,0071226 secs]
499,957: [GC (Allocation Failure)  86584K->55208K(140800K), 0,0017345 secs]
499,983: [GC (Allocation Failure)  80808K->59936K(141312K), 0,0025844 secs]
500,020: [GC (Allocation Failure)  86560K->55168K(141312K), 0,0017677 secs]
500,047: [GC (Allocation Failure)  81792K->60976K(140288K), 0,0028992 secs]
500,087: [GC (Allocation Failure)  86576K->55112K(140800K), 0,0030993 secs]
500,116: [GC (Allocation Failure)  80712K->59928K(141312K), 0,0076401 secs]
500,156: [GC (Allocation Failure)  86552K->55112K(141312K), 0,0061709 secs]
500,184: [GC (Allocation Failure)  81736K->60920K(140288K), 0,0040916 secs]
500,221: [GC (Allocation Failure)  86520K->55080K(140800K), 0,0049870 secs]
500,248: [GC (Allocation Failure)  80680K->59832K(141312K), 0,0030489 secs]
500,284: [GC (Allocation Failure)  86456K->55080K(141312K), 0,0028811 secs]
500,309: [GC (Allocation Failure)  81704K->60888K(141312K), 0,0017125 secs]
500,344: [GC (Allocation Failure)  87512K->56072K(141312K), 0,0013304 secs]
500,367: [GC (Allocation Failure)  82696K->61880K(140288K), 0,0017818 secs]
500,402: [GC (Allocation Failure)  87480K->56072K(140800K), 0,0011970 secs]
500,425: [GC (Allocation Failure)  81672K->60824K(140288K), 0,0029476 secs]
500,461: [GC (Allocation Failure)  86424K->54952K(140800K), 0,0022143 secs]
500,485: [GC (Allocation Failure)  80552K->59808K(141312K), 0,0016922 secs]
500,520: [GC (Allocation Failure)  85920K->54480K(140800K), 0,0021381 secs]
500,544: [GC (Allocation Failure)  80592K->59712K(141312K), 0,0019888 secs]
500,583: [GC (Allocation Failure)  86336K->54928K(141312K), 0,0033005 secs]
500,615: [GC (Allocation Failure)  81552K->60736K(141312K), 0,0060228 secs]
500,654: [GC (Allocation Failure)  87360K->55952K(141312K), 0,0025494 secs]
500,679: [GC (Allocation Failure)  82576K->61760K(139776K), 0,0019043 secs]
500,714: [GC (Allocation Failure)  87360K->55920K(140800K), 0,0075067 secs]
500,744: [GC (Allocation Failure)  81520K->60704K(141312K), 0,0015697 secs]
500,778: [GC (Allocation Failure)  87328K->55920K(141312K), 0,0018980 secs]
500,801: [GC (Allocation Failure)  82544K->61696K(140288K), 0,0025915 secs]
500,836: [GC (Allocation Failure)  87296K->55856K(140800K), 0,0018998 secs]
500,860: [GC (Allocation Failure)  81456K->60672K(140288K), 0,0014548 secs]
500,894: [GC (Allocation Failure)  86272K->54800K(140800K), 0,0018505 secs]
500,918: [GC (Allocation Failure)  80400K->59584K(141312K), 0,0023015 secs]
500,953: [GC (Allocation Failure)  86208K->54768K(141312K), 0,0017672 secs]
500,976: [GC (Allocation Failure)  81392K->60616K(141312K), 0,0015156 secs]
501,010: [GC (Allocation Failure)  87240K->55840K(141312K), 0,0008703 secs]
501,033: [GC (Allocation Failure)  82464K->61656K(139776K), 0,0016840 secs]
501,067: [GC (Allocation Failure)  87256K->55816K(140800K), 0,0009170 secs]
501,090: [GC (Allocation Failure)  81416K->60568K(141312K), 0,0027942 secs]
501,126: [GC (Allocation Failure)  87192K->55760K(141312K), 0,0031568 secs]
501,151: [GC (Allocation Failure)  82384K->61600K(140288K), 0,0030147 secs]
501,187: [GC (Allocation Failure)  87200K->55760K(140800K), 0,0010536 secs]
501,210: [GC (Allocation Failure)  81360K->60544K(141312K), 0,0042195 secs]
501,247: [GC (Allocation Failure)  87168K->55696K(141312K), 0,0022468 secs]
501,271: [GC (Allocation Failure)  82320K->61568K(140288K), 0,0016666 secs]
501,306: [GC (Allocation Failure)  87168K->55696K(140800K), 0,0009797 secs]
501,329: [GC (Allocation Failure)  81296K->60512K(141312K), 0,0015908 secs]
501,363: [GC (Allocation Failure)  87136K->55712K(141312K), 0,0009029 secs]
501,387: [GC (Allocation Failure)  82336K->61496K(141312K), 0,0039440 secs]
501,423: [GC (Allocation Failure)  88120K->56744K(141312K), 0,0013566 secs]
501,448: [GC (Allocation Failure)  83368K->62520K(140288K), 0,0074106 secs]
501,488: [GC (Allocation Failure)  88120K->56720K(140800K), 0,0015569 secs]
501,512: [GC (Allocation Failure)  82320K->61472K(140288K), 0,0025951 secs]
501,546: [GC (Allocation Failure)  87072K->55632K(140800K), 0,0017876 secs]
501,569: [GC (Allocation Failure)  81232K->60416K(141312K), 0,0037367 secs]
501,605: [GC (Allocation Failure)  87040K->55600K(141312K), 0,0013963 secs]
501,628: [GC (Allocation Failure)  82224K->61440K(140288K), 0,0050035 secs]
501,664: [GC (Allocation Failure)  87040K->55568K(140800K), 0,0014428 secs]
501,687: [GC (Allocation Failure)  81168K->60352K(141312K), 0,0012871 secs]
501,720: [GC (Allocation Failure)  86976K->55568K(141312K), 0,0015983 secs]
501,742: [GC (Allocation Failure)  82192K->61408K(141312K), 0,0014013 secs]
501,775: [GC (Allocation Failure)  88032K->56592K(141312K), 0,0008730 secs]
501,797: [GC (Allocation Failure)  83216K->62368K(139776K), 0,0015348 secs]
501,831: [GC (Allocation Failure)  87968K->56592K(140800K), 0,0007569 secs]
501,852: [GC (Allocation Failure)  82192K->61312K(141312K), 0,0022093 secs]
501,886: [GC (Allocation Failure)  87936K->56528K(141312K), 0,0034395 secs]
501,910: [GC (Allocation Failure)  83152K->62336K(140288K), 0,0027691 secs]
501,944: [GC (Allocation Failure)  87936K->56496K(140800K), 0,0007555 secs]
501,966: [GC (Allocation Failure)  82096K->61280K(140288K), 0,0025802 secs]
502,000: [GC (Allocation Failure)  86880K->55408K(140800K), 0,0007851 secs]
502,023: [GC (Allocation Failure)  81008K->60256K(141312K), 0,0013250 secs]
502,057: [GC (Allocation Failure)  86880K->55408K(141312K), 0,0027689 secs]
502,088: [GC (Allocation Failure)  82032K->61248K(141312K), 0,0051178 secs]
502,131: [GC (Allocation Failure)  87872K->56472K(141312K), 0,0031050 secs]
502,160: [GC (Allocation Failure)  83096K->62248K(140800K), 0,0043591 secs]
502,197: [GC (Allocation Failure)  88872K->57464K(141312K), 0,0013808 secs]
502,222: [GC (Allocation Failure)  84088K->63272K(140288K), 0,0021540 secs]
502,256: [GC (Allocation Failure)  88872K->57432K(140800K), 0,0050112 secs]
502,283: [GC (Allocation Failure)  83032K->62184K(140288K), 0,0029490 secs]
502,319: [GC (Allocation Failure)  87784K->56344K(140800K), 0,0022467 secs]
502,343: [GC (Allocation Failure)  81944K->61160K(140800K), 0,0014500 secs]
502,377: [GC (Allocation Failure)  86760K->55320K(140800K), 0,0007575 secs]
502,400: [GC (Allocation Failure)  80920K->60104K(141312K), 0,0013726 secs]
502,434: [GC (Allocation Failure)  86728K->55288K(141312K), 0,0007607 secs]
502,457: [GC (Allocation Failure)  81912K->61064K(141312K), 0,0038263 secs]
502,494: [GC (Allocation Failure)  87688K->56312K(141312K), 0,0009555 secs]
502,521: [GC (Allocation Failure)  82936K->62088K(140800K), 0,0046186 secs]
502,563: [GC (Allocation Failure)  88712K->57336K(141312K), 0,0022952 secs]
502,590: [GC (Allocation Failure)  83960K->63144K(139776K), 0,0029704 secs]
502,628: [GC (Allocation Failure)  88744K->57272K(140800K), 0,0019616 secs]
502,655: [GC (Allocation Failure)  82872K->62056K(140288K), 0,0028471 secs]
502,690: [GC (Allocation Failure)  87656K->56248K(140800K), 0,0011731 secs]
502,714: [GC (Allocation Failure)  81848K->61000K(141312K), 0,0025226 secs]
502,750: [GC (Allocation Failure)  87624K->56184K(141312K), 0,0022251 secs]
502,779: [GC (Allocation Failure)  82808K->61992K(141312K), 0,0063178 secs]
502,818: [GC (Allocation Failure)  88616K->57024K(141312K), 0,0026550 secs]
502,841: [GC (Allocation Failure)  83648K->62864K(140288K), 0,0023614 secs]
502,875: [GC (Allocation Failure)  88464K->56992K(140800K), 0,0067985 secs]
502,902: [GC (Allocation Failure)  82592K->61752K(141312K), 0,0014322 secs]
502,935: [GC (Allocation Failure)  88376K->57000K(141312K), 0,0007671 secs]
502,956: [GC (Allocation Failure)  83624K->62816K(140288K), 0,0015134 secs]
502,989: [GC (Allocation Failure)  88416K->56976K(140800K), 0,0016243 secs]
503,012: [GC (Allocation Failure)  82576K->61760K(141312K), 0,0069239 secs]
503,050: [GC (Allocation Failure)  88384K->56976K(141312K), 0,0030509 secs]
503,082: [GC (Allocation Failure)  83600K->62784K(140288K), 0,0047936 secs]
503,124: [GC (Allocation Failure)  88384K->56952K(140800K), 0,0029250 secs]
503,155: [GC (Allocation Failure)  82552K->61680K(141312K), 0,0058825 secs]
503,198: [GC (Allocation Failure)  88304K->56864K(141312K), 0,0058603 secs]
503,232: [GC (Allocation Failure)  83488K->62768K(140288K), 0,0065675 secs]
503,273: [GC (Allocation Failure)  88368K->56936K(140800K), 0,0016499 secs]
503,298: [GC (Allocation Failure)  82536K->61696K(141312K), 0,0025937 secs]
503,335: [GC (Allocation Failure)  88320K->56880K(141312K), 0,0017359 secs]
503,362: [GC (Allocation Failure)  83504K->62720K(140288K), 0,0027156 secs]
503,397: [GC (Allocation Failure)  88320K->56824K(140800K), 0,0016976 secs]
503,423: [GC (Allocation Failure)  82424K->61640K(141312K), 0,0047594 secs]
503,463: [GC (Allocation Failure)  88264K->56824K(141312K), 0,0016438 secs]
503,489: [GC (Allocation Failure)  83448K->62696K(140288K), 0,0027549 secs]
503,525: [GC (Allocation Failure)  88296K->56792K(140800K), 0,0060119 secs]
503,555: [GC (Allocation Failure)  82392K->61576K(141312K), 0,0062871 secs]
503,596: [GC (Allocation Failure)  88200K->56792K(141312K), 0,0029868 secs]
503,627: [GC (Allocation Failure)  83416K->62600K(141312K), 0,0030044 secs]
503,664: [GC (Allocation Failure)  89224K->57784K(141312K), 0,0055208 secs]
503,694: [GC (Allocation Failure)  84408K->63592K(140288K), 0,0031237 secs]
503,730: [GC (Allocation Failure)  89192K->57752K(140800K), 0,0061249 secs]
503,758: [GC (Allocation Failure)  83352K->62576K(140288K), 0,0016578 secs]
503,793: [GC (Allocation Failure)  88176K->56736K(140800K), 0,0010905 secs]
503,816: [GC (Allocation Failure)  82336K->61488K(141312K), 0,0015263 secs]
503,850: [GC (Allocation Failure)  88112K->56672K(141312K), 0,0021142 secs]
503,874: [GC (Allocation Failure)  83296K->62480K(141312K), 0,0017078 secs]
503,909: [GC (Allocation Failure)  89104K->57728K(141312K), 0,0010665 secs]
503,932: [GC (Allocation Failure)  84352K->63512K(140288K), 0,0017757 secs]
503,967: [GC (Allocation Failure)  89112K->57672K(140800K), 0,0010125 secs]
503,990: [GC (Allocation Failure)  83272K->62456K(141312K), 0,0021397 secs]
504,027: [GC (Allocation Failure)  89080K->57672K(141312K), 0,0066309 secs]
504,062: [GC (Allocation Failure)  84296K->63448K(140288K), 0,0103872 secs]
504,110: [GC (Allocation Failure)  89048K->57672K(140800K), 0,0027051 secs]
504,137: [GC (Allocation Failure)  83272K->62424K(140288K), 0,0025399 secs]
504,173: [GC (Allocation Failure)  88024K->56592K(140800K), 0,0011057 secs]
504,196: [GC (Allocation Failure)  82192K->61376K(141312K), 0,0035517 secs]
504,237: [GC (Allocation Failure)  88000K->56576K(141312K), 0,0027276 secs]
504,266: [GC (Allocation Failure)  83200K->62392K(141312K), 0,0034507 secs]
504,303: [GC (Allocation Failure)  89016K->57608K(141312K), 0,0027415 secs]
504,331: [GC (Allocation Failure)  84232K->63384K(140800K), 0,0041323 secs]
504,368: [GC (Allocation Failure)  90008K->58600K(141312K), 0,0029480 secs]
504,394: [GC (Allocation Failure)  85224K->64440K(139776K), 0,0034131 secs]
504,430: [GC (Allocation Failure)  90040K->58600K(140800K), 0,0011557 secs]
504,453: [GC (Allocation Failure)  84200K->63352K(140288K), 0,0022248 secs]
504,488: [GC (Allocation Failure)  88952K->57544K(140800K), 0,0009844 secs]
504,511: [GC (Allocation Failure)  83144K->62296K(141312K), 0,0017642 secs]
504,546: [GC (Allocation Failure)  88408K->57000K(140800K), 0,0032782 secs]
504,571: [GC (Allocation Failure)  83112K->62304K(141312K), 0,0016529 secs]
504,606: [GC (Allocation Failure)  88928K->57488K(141312K), 0,0010594 secs]
504,629: [GC (Allocation Failure)  84112K->63296K(140288K), 0,0017348 secs]
504,664: [GC (Allocation Failure)  88896K->57456K(140800K), 0,0043207 secs]
504,694: [GC (Allocation Failure)  83056K->62272K(141312K), 0,0041726 secs]
504,732: [GC (Allocation Failure)  88896K->57432K(141312K), 0,0061250 secs]
504,761: [GC (Allocation Failure)  84056K->63240K(141312K), 0,0036168 secs]
504,797: [GC (Allocation Failure)  89864K->58456K(141312K), 0,0013722 secs]
504,822: [GC (Allocation Failure)  85080K->64264K(140288K), 0,0021477 secs]
504,856: [GC (Allocation Failure)  89864K->58424K(140800K), 0,0013476 secs]
504,880: [GC (Allocation Failure)  84024K->63240K(140288K), 0,0019768 secs]
504,914: [GC (Allocation Failure)  88840K->57336K(140800K), 0,0027688 secs]
504,939: [GC (Allocation Failure)  82936K->62152K(141312K), 0,0018396 secs]
504,974: [GC (Allocation Failure)  88776K->57336K(141312K), 0,0028802 secs]
504,999: [GC (Allocation Failure)  83960K->63176K(141312K), 0,0019700 secs]
505,034: [GC (Allocation Failure)  89800K->58360K(141312K), 0,0013492 secs]
505,059: [GC (Allocation Failure)  84984K->64176K(140288K), 0,0021715 secs]
505,094: [GC (Allocation Failure)  89776K->58336K(140800K), 0,0013413 secs]
505,119: [GC (Allocation Failure)  83936K->63096K(140288K), 0,0026180 secs]
505,154: [GC (Allocation Failure)  88696K->57288K(140800K), 0,0011320 secs]
505,177: [GC (Allocation Failure)  82888K->62040K(141312K), 0,0029935 secs]
505,213: [GC (Allocation Failure)  88664K->57224K(141312K), 0,0018434 secs]
505,237: [GC (Allocation Failure)  83848K->63104K(141312K), 0,0019583 secs]
505,272: [GC (Allocation Failure)  89728K->58264K(141312K), 0,0012933 secs]
505,297: [GC (Allocation Failure)  84888K->64112K(139776K), 0,0020651 secs]
505,331: [GC (Allocation Failure)  89712K->58272K(140800K), 0,0024693 secs]
505,356: [GC (Allocation Failure)  83872K->63032K(141312K), 0,0020141 secs]
505,391: [GC (Allocation Failure)  89656K->58216K(141312K), 0,0028339 secs]
505,417: [GC (Allocation Failure)  84840K->64064K(140288K), 0,0037987 secs]
505,453: [GC (Allocation Failure)  89664K->58224K(140800K), 0,0028644 secs]
505,479: [GC (Allocation Failure)  83824K->63008K(141312K), 0,0020014 secs]
505,513: [GC (Allocation Failure)  89632K->58160K(141312K), 0,0019714 secs]
505,537: [GC (Allocation Failure)  84784K->64040K(140288K), 0,0026547 secs]
505,570: [GC (Allocation Failure)  89640K->58200K(140800K), 0,0042225 secs]
505,603: [GC (Allocation Failure)  83800K->62952K(141312K), 0,0062850 secs]
505,647: [GC (Allocation Failure)  89576K->58176K(141312K), 0,0033279 secs]
505,675: [GC (Allocation Failure)  84800K->64016K(140288K), 0,0023289 secs]
505,710: [GC (Allocation Failure)  89616K->58112K(140800K), 0,0040298 secs]
505,736: [GC (Allocation Failure)  83712K->62928K(141312K), 0,0013492 secs]
505,769: [GC (Allocation Failure)  89552K->58144K(141312K), 0,0041044 secs]
505,795: [GC (Allocation Failure)  84768K->63952K(141312K), 0,0032605 secs]
505,832: [GC (Allocation Failure)  90576K->59136K(141312K), 0,0032803 secs]
505,863: [GC (Allocation Failure)  85760K->64944K(140288K), 0,0081091 secs]
505,910: [GC (Allocation Failure)  90544K->59136K(140800K), 0,0031636 secs]
505,940: [GC (Allocation Failure)  84736K->63888K(140288K), 0,0037447 secs]
505,979: [GC (Allocation Failure)  89488K->58080K(140800K), 0,0016501 secs]
506,003: [GC (Allocation Failure)  83680K->62840K(141312K), 0,0018846 secs]
506,038: [GC (Allocation Failure)  89464K->58024K(141312K), 0,0025426 secs]
506,063: [GC (Allocation Failure)  84648K->63864K(141312K), 0,0017409 secs]
506,098: [GC (Allocation Failure)  90488K->59048K(141312K), 0,0022906 secs]
506,124: [GC (Allocation Failure)  85672K->64856K(140288K), 0,0063244 secs]
506,169: [GC (Allocation Failure)  90456K->59024K(140800K), 0,0031433 secs]
506,200: [GC (Allocation Failure)  84624K->63808K(140288K), 0,0055709 secs]
506,238: [GC (Allocation Failure)  89408K->57968K(140800K), 0,0040940 secs]
506,265: [GC (Allocation Failure)  83568K->62720K(141312K), 0,0031776 secs]
506,301: [GC (Allocation Failure)  89344K->57904K(141312K), 0,0022006 secs]
506,325: [GC (Allocation Failure)  84528K->63744K(141312K), 0,0076696 secs]
506,364: [GC (Allocation Failure)  90368K->58960K(141312K), 0,0009859 secs]
506,387: [GC (Allocation Failure)  85584K->64736K(139776K), 0,0015926 secs]
506,419: [GC (Allocation Failure)  90336K->58928K(140800K), 0,0008207 secs]
506,440: [GC (Allocation Failure)  84528K->63712K(141312K), 0,0013274 secs]
506,478: [GC (Allocation Failure)  90336K->58896K(141312K), 0,0044934 secs]
506,506: [GC (Allocation Failure)  85520K->64704K(140288K), 0,0021152 secs]
506,540: [GC (Allocation Failure)  90304K->58864K(140800K), 0,0046230 secs]
506,571: [GC (Allocation Failure)  84464K->63648K(141312K), 0,0033589 secs]
506,609: [GC (Allocation Failure)  90272K->58864K(141312K), 0,0021521 secs]
506,635: [GC (Allocation Failure)  85488K->64672K(140288K), 0,0029388 secs]
506,672: [GC (Allocation Failure)  90272K->58832K(140800K), 0,0017702 secs]
506,698: [GC (Allocation Failure)  84432K->63584K(141312K), 0,0035570 secs]
506,736: [GC (Allocation Failure)  90208K->58768K(141312K), 0,0043395 secs]
506,767: [GC (Allocation Failure)  85392K->64640K(140288K), 0,0048081 secs]
506,805: [GC (Allocation Failure)  90240K->58576K(140800K), 0,0061809 secs]
506,833: [GC (Allocation Failure)  84176K->63392K(141312K), 0,0019681 secs]
506,866: [GC (Allocation Failure)  90016K->58576K(141312K), 0,0007563 secs]
506,887: [GC (Allocation Failure)  85200K->64352K(141312K), 0,0014196 secs]
506,920: [GC (Allocation Failure)  90976K->59536K(141312K), 0,0008405 secs]
506,942: [GC (Allocation Failure)  86160K->65312K(140288K), 0,0023447 secs]
506,977: [GC (Allocation Failure)  90912K->59440K(140800K), 0,0017922 secs]
507,000: [GC (Allocation Failure)  85040K->64224K(140288K), 0,0014907 secs]
507,034: [GC (Allocation Failure)  89824K->58320K(140800K), 0,0028594 secs]
507,059: [GC (Allocation Failure)  83920K->63072K(141312K), 0,0044125 secs]
507,100: [GC (Allocation Failure)  89696K->58288K(141312K), 0,0039446 secs]
507,128: [GC (Allocation Failure)  84912K->64128K(141312K), 0,0039685 secs]
507,168: [GC (Allocation Failure)  90752K->59344K(141312K), 0,0018002 secs]
507,195: [GC (Allocation Failure)  85968K->65184K(139776K), 0,0030943 secs]
507,232: [GC (Allocation Failure)  90784K->59312K(140800K), 0,0053666 secs]
507,260: [GC (Allocation Failure)  84912K->64064K(141312K), 0,0036345 secs]
507,297: [GC (Allocation Failure)  90688K->59288K(141312K), 0,0011973 secs]
507,321: [GC (Allocation Failure)  85912K->65136K(140288K), 0,0021162 secs]
507,355: [GC (Allocation Failure)  90736K->59264K(140800K), 0,0012789 secs]
507,378: [GC (Allocation Failure)  84864K->64112K(141312K), 0,0020962 secs]
507,413: [GC (Allocation Failure)  90736K->59232K(141312K), 0,0028894 secs]
507,439: [GC (Allocation Failure)  85856K->65072K(140288K), 0,0038508 secs]
507,475: [GC (Allocation Failure)  90672K->59232K(140800K), 0,0030631 secs]
507,501: [GC (Allocation Failure)  84832K->64016K(141312K), 0,0019594 secs]
507,535: [GC (Allocation Failure)  90640K->59200K(141312K), 0,0027886 secs]
507,562: [GC (Allocation Failure)  85824K->65008K(140288K), 0,0046726 secs]
507,603: [GC (Allocation Failure)  90608K->59168K(140800K), 0,0030100 secs]
507,634: [GC (Allocation Failure)  84768K->63952K(141312K), 0,0043103 secs]
507,676: [GC (Allocation Failure)  90576K->59152K(141312K), 0,0029177 secs]
507,707: [GC (Allocation Failure)  85776K->64992K(141312K), 0,0048582 secs]
507,750: [GC (Allocation Failure)  91616K->60176K(141312K), 0,0037460 secs]
507,776: [GC (Allocation Failure)  86800K->65992K(140288K), 0,0024319 secs]
507,809: [GC (Allocation Failure)  91592K->60152K(140800K), 0,0016404 secs]
507,831: [GC (Allocation Failure)  85752K->64904K(140288K), 0,0024711 secs]
507,871: [GC (Allocation Failure)  90504K->59104K(140800K), 0,0007763 secs]
507,893: [GC (Allocation Failure)  84704K->63888K(141312K), 0,0012902 secs]
507,927: [GC (Allocation Failure)  90512K->59072K(141312K), 0,0007275 secs]
507,949: [GC (Allocation Failure)  85696K->64880K(141312K), 0,0014120 secs]
507,981: [GC (Allocation Failure)  91504K->60096K(141312K), 0,0018232 secs]
508,004: [GC (Allocation Failure)  86720K->65904K(140288K), 0,0029068 secs]
508,039: [GC (Allocation Failure)  91504K->60064K(140800K), 0,0018087 secs]
508,062: [GC (Allocation Failure)  85664K->64848K(140288K), 0,0014334 secs]
508,096: [GC (Allocation Failure)  90448K->58976K(140800K), 0,0007217 secs]
508,118: [GC (Allocation Failure)  84576K->63760K(141312K), 0,0013805 secs]
508,152: [GC (Allocation Failure)  90384K->58944K(141312K), 0,0010401 secs]
508,175: [GC (Allocation Failure)  85568K->64784K(141312K), 0,0019264 secs]
508,214: [GC (Allocation Failure)  91408K->59968K(141312K), 0,0030953 secs]
508,247: [GC (Allocation Failure)  86592K->65816K(140288K), 0,0029481 secs]
508,284: [GC (Allocation Failure)  91416K->59976K(140800K), 0,0041888 secs]
508,310: [GC (Allocation Failure)  85576K->64728K(141312K), 0,0028913 secs]
508,346: [GC (Allocation Failure)  91352K->59944K(141312K), 0,0055242 secs]
508,373: [GC (Allocation Failure)  86568K->65752K(140288K), 0,0026046 secs]
508,408: [GC (Allocation Failure)  91352K->59976K(140800K), 0,0008348 secs]
508,431: [GC (Allocation Failure)  85576K->64728K(141312K), 0,0017251 secs]
508,466: [GC (Allocation Failure)  91352K->59880K(141312K), 0,0018386 secs]
508,489: [GC (Allocation Failure)  86504K->65688K(140288K), 0,0033567 secs]
508,524: [GC (Allocation Failure)  91288K->59848K(140800K), 0,0016971 secs]
508,547: [GC (Allocation Failure)  85448K->64664K(141312K), 0,0020054 secs]
508,580: [GC (Allocation Failure)  91288K->59848K(141312K), 0,0008020 secs]
508,601: [GC (Allocation Failure)  86472K->65656K(140288K), 0,0022537 secs]
508,634: [GC (Allocation Failure)  91256K->59848K(140800K), 0,0007156 secs]
508,656: [GC (Allocation Failure)  85448K->64600K(141312K), 0,0024561 secs]
508,691: [GC (Allocation Failure)  91224K->59784K(141312K), 0,0015955 secs]
508,714: [GC (Allocation Failure)  86408K->65624K(140288K), 0,0014666 secs]
508,747: [GC (Allocation Failure)  91224K->59752K(140800K), 0,0014388 secs]
508,770: [GC (Allocation Failure)  85352K->64536K(141312K), 0,0021111 secs]
508,805: [GC (Allocation Failure)  91160K->59752K(141312K), 0,0006803 secs]
508,826: [GC (Allocation Failure)  86376K->65568K(141312K), 0,0014065 secs]
508,860: [GC (Allocation Failure)  92192K->60752K(141312K), 0,0042592 secs]
508,886: [GC (Allocation Failure)  87376K->66592K(140288K), 0,0024513 secs]
508,920: [GC (Allocation Failure)  92192K->60784K(140800K), 0,0009418 secs]
508,945: [GC (Allocation Failure)  86384K->65504K(140288K), 0,0064213 secs]
508,989: [GC (Allocation Failure)  91104K->59664K(140800K), 0,0047930 secs]
509,019: [GC (Allocation Failure)  85264K->64480K(141312K), 0,0043763 secs]
509,057: [GC (Allocation Failure)  91104K->59640K(141312K), 0,0017550 secs]
509,082: [GC (Allocation Failure)  86264K->65448K(141312K), 0,0040381 secs]
509,118: [GC (Allocation Failure)  92072K->60664K(141312K), 0,0021805 secs]
509,142: [GC (Allocation Failure)  87288K->66504K(140288K), 0,0018643 secs]
509,177: [GC (Allocation Failure)  92104K->60632K(140800K), 0,0024225 secs]
509,201: [GC (Allocation Failure)  86232K->65416K(140288K), 0,0029480 secs]
509,237: [GC (Allocation Failure)  91016K->59584K(140800K), 0,0009562 secs]
509,260: [GC (Allocation Failure)  85184K->64400K(141312K), 0,0016586 secs]
509,295: [GC (Allocation Failure)  91024K->59552K(141312K), 0,0010212 secs]
509,318: [GC (Allocation Failure)  86176K->65392K(141312K), 0,0017634 secs]
509,353: [GC (Allocation Failure)  92016K->60608K(141312K), 0,0010522 secs]
509,377: [GC (Allocation Failure)  87232K->66384K(139776K), 0,0032274 secs]
509,412: [GC (Allocation Failure)  91984K->60576K(140800K), 0,0013076 secs]
509,437: [GC (Allocation Failure)  86176K->65360K(141312K), 0,0019320 secs]
509,472: [GC (Allocation Failure)  91984K->60552K(141312K), 0,0030781 secs]
509,498: [GC (Allocation Failure)  87176K->66328K(140288K), 0,0080590 secs]
509,537: [GC (Allocation Failure)  91928K->60528K(140800K), 0,0030386 secs]
509,561: [GC (Allocation Failure)  86128K->65312K(141312K), 0,0030742 secs]
509,597: [GC (Allocation Failure)  91936K->60496K(141312K), 0,0029257 secs]
509,621: [GC (Allocation Failure)  87120K->66304K(140288K), 0,0031075 secs]
509,655: [GC (Allocation Failure)  91904K->60464K(140800K), 0,0023055 secs]
509,678: [GC (Allocation Failure)  86064K->65216K(141312K), 0,0029413 secs]
509,711: [GC (Allocation Failure)  91840K->60432K(141312K), 0,0021464 secs]
509,734: [GC (Allocation Failure)  87056K->66240K(140288K), 0,0030905 secs]
509,769: [GC (Allocation Failure)  91840K->60400K(140800K), 0,0020177 secs]
509,793: [GC (Allocation Failure)  86000K->65184K(141312K), 0,0030240 secs]
509,828: [GC (Allocation Failure)  91808K->60400K(141312K), 0,0014684 secs]
509,851: [GC (Allocation Failure)  87024K->66208K(141312K), 0,0029463 secs]
509,886: [GC (Allocation Failure)  92832K->61424K(141312K), 0,0015761 secs]
509,908: [GC (Allocation Failure)  88048K->67200K(140288K), 0,0023315 secs]
509,942: [GC (Allocation Failure)  92800K->61392K(140800K), 0,0011526 secs]
509,965: [GC (Allocation Failure)  86992K->66144K(140288K), 0,0021451 secs]
510,000: [GC (Allocation Failure)  91744K->60336K(140800K), 0,0017692 secs]
510,028: [GC (Allocation Failure)  85936K->65120K(141312K), 0,0044509 secs]
510,069: [GC (Allocation Failure)  91744K->60304K(141312K), 0,0044120 secs]
510,101: [GC (Allocation Failure)  86928K->66144K(141312K), 0,0026827 secs]
510,136: [GC (Allocation Failure)  92768K->61328K(141312K), 0,0032656 secs]
510,161: [GC (Allocation Failure)  87952K->67136K(140288K), 0,0024590 secs]
510,196: [GC (Allocation Failure)  92736K->61264K(140800K), 0,0008904 secs]
510,219: [GC (Allocation Failure)  86864K->66080K(140288K), 0,0045720 secs]
510,256: [GC (Allocation Failure)  91680K->60208K(140800K), 0,0030523 secs]
510,281: [GC (Allocation Failure)  85808K->65024K(141312K), 0,0025184 secs]
510,316: [GC (Allocation Failure)  91648K->60216K(141312K), 0,0029056 secs]
510,341: [GC (Allocation Failure)  86840K->66032K(141312K), 0,0015663 secs]
510,375: [GC (Allocation Failure)  92656K->61224K(141312K), 0,0020560 secs]
510,399: [GC (Allocation Failure)  87848K->67032K(140288K), 0,0029349 secs]
510,435: [GC (Allocation Failure)  92632K->61192K(140800K), 0,0021777 secs]
510,459: [GC (Allocation Failure)  86792K->65976K(141312K), 0,0016653 secs]
510,493: [GC (Allocation Failure)  92600K->61192K(141312K), 0,0008949 secs]
510,516: [GC (Allocation Failure)  87816K->67000K(140288K), 0,0033277 secs]
510,552: [GC (Allocation Failure)  92600K->61168K(140800K), 0,0009923 secs]
510,575: [GC (Allocation Failure)  86768K->65952K(141312K), 0,0041173 secs]
510,616: [GC (Allocation Failure)  92576K->61168K(141312K), 0,0045530 secs]
510,649: [GC (Allocation Failure)  87792K->67016K(140288K), 0,0045651 secs]
510,689: [GC (Allocation Failure)  92616K->61112K(140800K), 0,0028820 secs]
510,714: [GC (Allocation Failure)  86712K->65896K(141312K), 0,0015407 secs]
510,748: [GC (Allocation Failure)  92520K->61120K(141312K), 0,0057745 secs]
510,775: [GC (Allocation Failure)  87744K->66800K(140288K), 0,0016053 secs]
510,808: [GC (Allocation Failure)  92400K->60896K(140800K), 0,0091811 secs]
510,839: [GC (Allocation Failure)  86496K->65680K(141312K), 0,0017724 secs]
510,871: [GC (Allocation Failure)  92304K->60832K(141312K), 0,0006630 secs]
510,893: [GC (Allocation Failure)  87456K->66640K(141312K), 0,0014941 secs]
510,926: [GC (Allocation Failure)  93264K->61856K(141312K), 0,0008482 secs]
510,948: [GC (Allocation Failure)  88480K->67600K(140288K), 0,0053314 secs]
510,986: [GC (Allocation Failure)  93200K->61792K(140800K), 0,0008280 secs]
511,009: [GC (Allocation Failure)  87392K->66576K(140288K), 0,0013403 secs]
511,041: [GC (Allocation Failure)  92176K->60744K(140800K), 0,0013769 secs]
511,064: [GC (Allocation Failure)  86344K->65528K(141312K), 0,0020706 secs]
511,098: [GC (Allocation Failure)  92152K->60712K(141312K), 0,0014148 secs]
511,121: [GC (Allocation Failure)  87336K->66520K(141312K), 0,0013627 secs]
511,155: [GC (Allocation Failure)  93144K->61736K(141312K), 0,0017133 secs]
511,179: [GC (Allocation Failure)  88360K->67576K(140288K), 0,0015400 secs]
511,212: [GC (Allocation Failure)  93176K->61704K(140800K), 0,0011889 secs]
511,235: [GC (Allocation Failure)  87304K->66488K(141312K), 0,0019418 secs]
511,269: [GC (Allocation Failure)  93112K->61712K(141312K), 0,0008509 secs]
511,291: [GC (Allocation Failure)  88336K->67520K(140288K), 0,0015889 secs]
511,324: [GC (Allocation Failure)  93120K->61680K(140800K), 0,0018452 secs]
511,346: [GC (Allocation Failure)  87280K->66472K(140288K), 0,0025400 secs]
511,381: [GC (Allocation Failure)  92072K->60608K(140800K), 0,0007806 secs]
511,404: [GC (Allocation Failure)  86208K->65440K(141312K), 0,0013561 secs]
511,437: [GC (Allocation Failure)  92064K->60592K(141312K), 0,0016626 secs]
511,460: [GC (Allocation Failure)  87216K->66400K(141312K), 0,0024927 secs]
511,495: [GC (Allocation Failure)  93024K->61616K(141312K), 0,0008967 secs]
511,518: [GC (Allocation Failure)  88240K->67464K(140800K), 0,0017594 secs]
511,553: [GC (Allocation Failure)  94088K->62648K(141312K), 0,0019939 secs]
511,577: [GC (Allocation Failure)  89272K->68456K(139776K), 0,0018402 secs]
511,612: [GC (Allocation Failure)  94056K->62616K(140800K), 0,0035943 secs]
511,637: [GC (Allocation Failure)  88216K->67400K(140288K), 0,0047612 secs]
511,675: [GC (Allocation Failure)  93000K->61560K(140800K), 0,0009555 secs]
511,698: [GC (Allocation Failure)  87160K->66344K(141312K), 0,0014653 secs]
511,732: [GC (Allocation Failure)  92456K->60984K(140800K), 0,0020147 secs]
511,756: [GC (Allocation Failure)  87096K->66312K(141312K), 0,0024133 secs]
511,791: [GC (Allocation Failure)  92936K->61496K(141312K), 0,0017599 secs]
511,815: [GC (Allocation Failure)  88120K->67336K(141312K), 0,0025730 secs]
511,850: [GC (Allocation Failure)  93960K->62520K(141312K), 0,0022424 secs]
511,878: [GC (Allocation Failure)  89144K->68328K(140288K), 0,0079403 secs]
511,919: [GC (Allocation Failure)  93928K->62520K(140800K), 0,0019250 secs]
511,946: [GC (Allocation Failure)  88120K->67304K(140288K), 0,0076353 secs]
511,986: [GC (Allocation Failure)  92904K->61432K(140800K), 0,0027004 secs]
512,011: [GC (Allocation Failure)  87032K->66248K(141312K), 0,0018526 secs]
512,046: [GC (Allocation Failure)  92360K->60920K(140800K), 0,0011282 secs]
512,069: [GC (Allocation Failure)  87032K->66184K(141312K), 0,0019601 secs]
512,104: [GC (Allocation Failure)  92808K->61368K(141312K), 0,0027880 secs]
512,129: [GC (Allocation Failure)  87992K->67176K(140800K), 0,0065177 secs]
512,169: [GC (Allocation Failure)  93800K->62360K(141312K), 0,0022563 secs]
512,193: [GC (Allocation Failure)  88984K->68232K(139776K), 0,0017858 secs]
512,228: [GC (Allocation Failure)  93832K->62432K(140800K), 0,0011324 secs]
512,251: [GC (Allocation Failure)  88032K->67184K(141312K), 0,0017245 secs]
512,286: [GC (Allocation Failure)  93808K->62344K(141312K), 0,0019603 secs]
512,310: [GC (Allocation Failure)  88968K->68184K(140288K), 0,0026328 secs]
512,346: [GC (Allocation Failure)  93784K->62344K(140800K), 0,0034172 secs]
512,371: [GC (Allocation Failure)  87944K->67128K(140288K), 0,0017222 secs]
512,406: [GC (Allocation Failure)  92728K->61288K(140800K), 0,0009186 secs]
512,429: [GC (Allocation Failure)  86888K->66040K(141312K), 0,0040038 secs]
512,470: [GC (Allocation Failure)  92664K->61224K(141312K), 0,0066974 secs]
512,505: [GC (Allocation Failure)  87848K->67064K(141312K), 0,0041475 secs]
512,543: [GC (Allocation Failure)  93688K->62248K(141312K), 0,0033153 secs]
512,570: [GC (Allocation Failure)  88872K->68056K(140800K), 0,0037854 secs]
512,606: [GC (Allocation Failure)  94680K->63280K(141312K), 0,0044974 secs]
512,637: [GC (Allocation Failure)  89904K->69088K(139776K), 0,0062291 secs]
512,676: [GC (Allocation Failure)  94688K->63248K(140800K), 0,0023111 secs]
512,702: [GC (Allocation Failure)  88848K->68032K(140288K), 0,0083708 secs]
512,743: [GC (Allocation Failure)  93632K->62192K(140800K), 0,0013017 secs]
512,767: [GC (Allocation Failure)  87792K->66976K(140800K), 0,0021098 secs]
512,802: [GC (Allocation Failure)  92576K->61104K(140800K), 0,0028215 secs]
512,827: [GC (Allocation Failure)  86704K->65920K(141312K), 0,0018608 secs]
512,862: [GC (Allocation Failure)  92544K->61072K(141312K), 0,0026615 secs]
512,888: [GC (Allocation Failure)  87696K->66920K(141312K), 0,0027739 secs]
512,924: [GC (Allocation Failure)  93544K->62112K(141312K), 0,0018635 secs]
512,949: [GC (Allocation Failure)  88736K->67952K(140800K), 0,0054218 secs]
512,987: [GC (Allocation Failure)  94576K->63136K(141312K), 0,0025280 secs]
513,016: [GC (Allocation Failure)  89760K->68944K(139776K), 0,0038493 secs]
513,055: [GC (Allocation Failure)  94544K->63104K(140800K), 0,0057797 secs]
513,083: [GC (Allocation Failure)  88704K->67888K(140288K), 0,0070929 secs]
513,123: [GC (Allocation Failure)  93488K->62080K(140800K), 0,0015673 secs]
513,146: [GC (Allocation Failure)  87680K->66864K(141312K), 0,0013676 secs]
513,179: [GC (Allocation Failure)  93488K->62048K(141312K), 0,0007488 secs]
513,201: [GC (Allocation Failure)  88672K->67888K(141312K), 0,0015456 secs]
513,239: [GC (Allocation Failure)  94512K->63072K(141312K), 0,0054110 secs]
513,273: [GC (Allocation Failure)  89696K->68848K(140288K), 0,0049475 secs]
513,313: [GC (Allocation Failure)  94448K->63040K(140800K), 0,0017743 secs]
513,340: [GC (Allocation Failure)  88640K->67824K(140288K), 0,0050604 secs]
513,378: [GC (Allocation Failure)  93424K->61984K(140800K), 0,0015824 secs]
513,404: [GC (Allocation Failure)  87584K->66736K(141312K), 0,0053505 secs]
513,442: [GC (Allocation Failure)  93360K->61952K(141312K), 0,0080326 secs]
513,472: [GC (Allocation Failure)  88576K->67760K(141312K), 0,0027195 secs]
513,508: [GC (Allocation Failure)  94384K->62920K(141312K), 0,0019025 secs]
513,531: [GC (Allocation Failure)  89544K->68792K(139776K), 0,0053602 secs]
513,567: [GC (Allocation Failure)  94392K->62920K(140800K), 0,0016050 secs]
513,590: [GC (Allocation Failure)  88520K->67704K(141312K), 0,0021218 secs]
513,625: [GC (Allocation Failure)  94328K->62888K(141312K), 0,0061282 secs]
513,653: [GC (Allocation Failure)  89512K->68728K(140288K), 0,0025851 secs]
513,686: [GC (Allocation Failure)  94328K->62888K(140800K), 0,0007655 secs]
513,708: [GC (Allocation Failure)  88488K->67640K(141312K), 0,0022658 secs]
513,743: [GC (Allocation Failure)  94264K->62856K(141312K), 0,0014819 secs]
513,766: [GC (Allocation Failure)  89480K->68696K(140288K), 0,0015395 secs]
513,800: [GC (Allocation Failure)  94296K->62824K(140800K), 0,0050025 secs]
513,826: [GC (Allocation Failure)  88424K->67608K(141312K), 0,0020892 secs]
513,861: [GC (Allocation Failure)  94232K->62792K(141312K), 0,0041081 secs]
513,890: [GC (Allocation Failure)  89416K->68664K(140288K), 0,0028833 secs]
513,926: [GC (Allocation Failure)  94264K->62808K(140800K), 0,0010441 secs]
513,949: [GC (Allocation Failure)  88408K->67560K(141312K), 0,0025209 secs]
513,984: [GC (Allocation Failure)  94184K->62816K(141312K), 0,0011199 secs]
514,007: [GC (Allocation Failure)  89440K->68592K(140288K), 0,0041606 secs]
514,044: [GC (Allocation Failure)  94192K->62720K(140800K), 0,0024101 secs]
514,068: [GC (Allocation Failure)  88320K->67536K(141312K), 0,0031924 secs]
514,104: [GC (Allocation Failure)  94160K->62752K(141312K), 0,0025222 secs]
514,128: [GC (Allocation Failure)  89376K->68568K(141312K), 0,0017378 secs]
514,163: [GC (Allocation Failure)  95192K->63752K(141312K), 0,0012337 secs]
514,186: [GC (Allocation Failure)  90376K->69592K(140288K), 0,0018321 secs]
514,221: [GC (Allocation Failure)  95192K->63752K(140800K), 0,0010723 secs]
514,244: [GC (Allocation Failure)  89352K->68504K(140288K), 0,0028670 secs]
514,280: [GC (Allocation Failure)  94104K->62664K(140800K), 0,0011056 secs]
514,307: [GC (Allocation Failure)  88264K->67480K(141312K), 0,0044002 secs]
514,347: [GC (Allocation Failure)  94104K->62632K(141312K), 0,0026208 secs]
514,373: [GC (Allocation Failure)  89256K->68448K(141312K), 0,0050427 secs]
514,411: [GC (Allocation Failure)  95072K->63632K(141312K), 0,0012738 secs]
514,438: [GC (Allocation Failure)  90256K->69472K(140288K), 0,0078047 secs]
514,479: [GC (Allocation Failure)  95072K->63696K(140800K), 0,0009060 secs]
514,502: [GC (Allocation Failure)  89296K->68416K(140288K), 0,0028784 secs]
514,538: [GC (Allocation Failure)  94016K->62616K(140800K), 0,0010024 secs]
514,561: [GC (Allocation Failure)  88216K->67368K(141312K), 0,0016016 secs]
514,596: [GC (Allocation Failure)  93992K->62560K(141312K), 0,0011990 secs]
514,619: [GC (Allocation Failure)  89184K->68368K(141312K), 0,0017854 secs]
514,654: [GC (Allocation Failure)  94992K->63552K(141312K), 0,0025351 secs]
514,679: [GC (Allocation Failure)  90176K->69400K(139776K), 0,0033613 secs]
514,715: [GC (Allocation Failure)  95000K->63560K(140800K), 0,0025120 secs]
514,744: [GC (Allocation Failure)  89160K->68344K(141312K), 0,0046823 secs]
514,786: [GC (Allocation Failure)  94968K->63368K(141312K), 0,0012648 secs]
514,811: [GC (Allocation Failure)  89992K->69144K(140288K), 0,0046493 secs]
514,848: [GC (Allocation Failure)  94744K->63304K(140800K), 0,0009788 secs]
514,870: [GC (Allocation Failure)  88904K->68056K(141312K), 0,0028020 secs]
514,903: [GC (Allocation Failure)  94680K->63240K(141312K), 0,0014812 secs]
514,926: [GC (Allocation Failure)  89864K->69112K(141312K), 0,0022179 secs]
514,960: [GC (Allocation Failure)  95736K->64328K(141312K), 0,0015276 secs]
514,983: [GC (Allocation Failure)  90952K->70136K(140288K), 0,0016064 secs]
515,016: [GC (Allocation Failure)  95736K->64264K(140800K), 0,0007956 secs]
515,038: [GC (Allocation Failure)  89864K->69080K(140288K), 0,0021613 secs]
515,073: [GC (Allocation Failure)  94680K->63208K(140800K), 0,0007489 secs]
515,095: [GC (Allocation Failure)  88808K->67992K(141312K), 0,0021801 secs]
515,129: [GC (Allocation Failure)  94104K->62704K(140800K), 0,0008476 secs]
515,151: [GC (Allocation Failure)  88816K->67968K(141312K), 0,0022276 secs]
515,185: [GC (Allocation Failure)  94592K->63192K(141312K), 0,0007551 secs]
515,206: [GC (Allocation Failure)  89816K->69000K(141312K), 0,0013870 secs]
515,239: [GC (Allocation Failure)  95624K->64248K(141312K), 0,0008667 secs]
515,261: [GC (Allocation Failure)  90872K->69992K(139776K), 0,0016084 secs]
515,293: [GC (Allocation Failure)  95592K->64184K(140800K), 0,0008128 secs]
515,316: [GC (Allocation Failure)  89784K->68976K(140288K), 0,0014593 secs]
515,350: [GC (Allocation Failure)  94576K->63104K(140800K), 0,0015308 secs]
515,373: [GC (Allocation Failure)  88704K->67888K(141312K), 0,0013479 secs]
515,407: [GC (Allocation Failure)  94512K->63112K(141312K), 0,0024713 secs]
515,431: [GC (Allocation Failure)  89736K->68888K(141312K), 0,0025073 secs]
515,466: [GC (Allocation Failure)  95512K->64104K(141312K), 0,0027521 secs]
515,489: [GC (Allocation Failure)  90728K->69912K(139776K), 0,0025801 secs]
515,523: [GC (Allocation Failure)  95512K->64072K(140800K), 0,0007891 secs]
515,546: [GC (Allocation Failure)  89672K->68856K(141312K), 0,0024527 secs]
515,585: [GC (Allocation Failure)  95480K->64112K(141312K), 0,0032074 secs]
515,617: [GC (Allocation Failure)  90736K->69920K(140288K), 0,0050061 secs]
515,655: [GC (Allocation Failure)  95520K->64080K(140800K), 0,0013354 secs]
515,679: [GC (Allocation Failure)  89680K->68832K(141312K), 0,0031718 secs]
515,715: [GC (Allocation Failure)  95456K->64016K(141312K), 0,0022636 secs]
515,741: [GC (Allocation Failure)  90640K->69824K(140288K), 0,0037606 secs]
515,777: [GC (Allocation Failure)  95424K->64024K(140800K), 0,0013310 secs]
515,801: [GC (Allocation Failure)  89624K->68776K(141312K), 0,0022513 secs]
515,836: [GC (Allocation Failure)  95400K->64000K(141312K), 0,0014865 secs]
515,861: [GC (Allocation Failure)  90624K->69808K(140288K), 0,0051239 secs]
515,901: [GC (Allocation Failure)  95408K->63936K(140800K), 0,0033734 secs]
515,927: [GC (Allocation Failure)  89536K->68784K(141312K), 0,0020207 secs]
515,962: [GC (Allocation Failure)  95408K->63936K(141312K), 0,0011903 secs]
515,986: [GC (Allocation Failure)  90560K->69776K(140288K), 0,0023017 secs]
516,020: [GC (Allocation Failure)  95376K->63936K(140800K), 0,0013537 secs]
516,044: [GC (Allocation Failure)  89536K->68720K(141312K), 0,0021484 secs]
516,079: [GC (Allocation Failure)  95344K->63936K(141312K), 0,0011821 secs]
516,103: [GC (Allocation Failure)  90560K->69680K(141312K), 0,0051844 secs]
516,141: [GC (Allocation Failure)  96304K->64896K(141312K), 0,0033356 secs]
516,171: [GC (Allocation Failure)  91520K->70672K(140288K), 0,0061181 secs]
516,210: [GC (Allocation Failure)  96272K->64864K(140800K), 0,0013145 secs]
516,235: [GC (Allocation Failure)  90464K->69656K(140288K), 0,0021182 secs]
516,274: [GC (Allocation Failure)  95256K->63816K(140800K), 0,0029387 secs]
516,305: [GC (Allocation Failure)  89416K->68632K(141312K), 0,0044975 secs]
516,347: [GC (Allocation Failure)  95256K->63816K(141312K), 0,0029319 secs]
516,376: [GC (Allocation Failure)  90440K->69624K(141312K), 0,0028086 secs]
516,413: [GC (Allocation Failure)  96248K->64808K(141312K), 0,0040987 secs]
516,442: [GC (Allocation Failure)  91432K->70616K(140288K), 0,0055645 secs]
516,480: [GC (Allocation Failure)  96216K->64808K(140800K), 0,0013664 secs]
516,506: [GC (Allocation Failure)  90408K->69592K(140288K), 0,0020731 secs]
516,540: [GC (Allocation Failure)  95192K->63720K(140800K), 0,0012139 secs]
516,565: [GC (Allocation Failure)  89320K->68504K(141312K), 0,0092576 secs]
516,609: [GC (Allocation Failure)  95128K->63696K(141312K), 0,0069855 secs]
516,638: [GC (Allocation Failure)  90320K->69504K(141312K), 0,0032496 secs]
516,675: [GC (Allocation Failure)  96128K->64720K(141312K), 0,0042276 secs]
516,702: [GC (Allocation Failure)  91344K->70536K(139776K), 0,0021233 secs]
516,736: [GC (Allocation Failure)  96136K->64696K(140800K), 0,0028476 secs]
516,762: [GC (Allocation Failure)  90296K->69448K(141312K), 0,0080140 secs]
516,802: [GC (Allocation Failure)  96072K->64664K(141312K), 0,0029104 secs]
516,827: [GC (Allocation Failure)  91288K->70504K(140288K), 0,0030415 secs]
516,863: [GC (Allocation Failure)  96104K->64680K(140800K), 0,0009505 secs]
516,886: [GC (Allocation Failure)  90280K->69440K(141312K), 0,0024960 secs]
516,921: [GC (Allocation Failure)  96064K->64656K(141312K), 0,0009142 secs]
516,944: [GC (Allocation Failure)  91280K->70536K(140288K), 0,0017004 secs]
516,979: [GC (Allocation Failure)  96136K->64632K(140800K), 0,0008968 secs]
517,002: [GC (Allocation Failure)  90232K->69424K(141312K), 0,0015985 secs]
517,037: [GC (Allocation Failure)  96048K->64640K(141312K), 0,0009098 secs]
517,062: [GC (Allocation Failure)  91264K->70416K(140288K), 0,0048214 secs]
517,100: [GC (Allocation Failure)  96016K->64608K(140800K), 0,0070770 secs]
517,131: [GC (Allocation Failure)  90208K->69392K(141312K), 0,0018797 secs]
517,166: [GC (Allocation Failure)  96016K->64544K(141312K), 0,0009954 secs]
517,193: [GC (Allocation Failure)  91168K->70384K(141312K), 0,0080731 secs]
517,234: [GC (Allocation Failure)  97008K->65568K(141312K), 0,0031790 secs]
517,260: [GC (Allocation Failure)  92192K->71416K(140288K), 0,0022841 secs]
517,297: [GC (Allocation Failure)  97016K->65576K(140800K), 0,0032344 secs]
517,328: [GC (Allocation Failure)  91176K->70328K(140288K), 0,0047768 secs]
517,370: [GC (Allocation Failure)  95928K->64496K(140800K), 0,0055476 secs]
517,404: [GC (Allocation Failure)  90096K->69280K(141312K), 0,0063684 secs]
517,444: [GC (Allocation Failure)  95392K->63952K(140800K), 0,0070733 secs]
517,474: [GC (Allocation Failure)  90064K->69280K(141312K), 0,0029310 secs]
517,510: [GC (Allocation Failure)  95904K->64432K(141312K), 0,0027503 secs]
517,535: [GC (Allocation Failure)  91056K->70240K(141312K), 0,0057571 secs]
517,574: [GC (Allocation Failure)  96864K->65456K(141312K), 0,0007649 secs]
517,596: [GC (Allocation Failure)  92080K->71296K(139776K), 0,0020313 secs]
517,630: [GC (Allocation Failure)  96896K->65424K(140800K), 0,0015402 secs]
517,653: [GC (Allocation Failure)  91024K->70208K(141312K), 0,0022069 secs]
517,688: [GC (Allocation Failure)  96832K->65424K(141312K), 0,0009614 secs]
517,710: [GC (Allocation Failure)  92048K->71272K(140288K), 0,0015631 secs]
517,743: [GC (Allocation Failure)  96872K->65400K(140800K), 0,0034145 secs]
517,768: [GC (Allocation Failure)  91000K->70216K(140288K), 0,0023124 secs]
517,803: [GC (Allocation Failure)  95816K->64344K(140800K), 0,0015275 secs]
517,826: [GC (Allocation Failure)  89944K->69128K(141312K), 0,0014043 secs]
517,860: [GC (Allocation Failure)  95752K->64312K(141312K), 0,0006958 secs]
517,882: [GC (Allocation Failure)  90936K->70152K(141312K), 0,0022730 secs]
517,917: [GC (Allocation Failure)  96776K->65304K(141312K), 0,0025347 secs]
517,941: [GC (Allocation Failure)  91928K->71176K(139776K), 0,0015316 secs]
517,974: [GC (Allocation Failure)  96776K->65280K(140800K), 0,0016695 secs]
517,996: [GC (Allocation Failure)  90880K->70096K(141312K), 0,0013643 secs]
518,030: [GC (Allocation Failure)  96720K->65280K(141312K), 0,0016927 secs]
518,053: [GC (Allocation Failure)  91904K->71120K(140288K), 0,0015915 secs]
518,086: [GC (Allocation Failure)  96720K->65248K(140800K), 0,0017378 secs]
518,110: [GC (Allocation Failure)  90848K->70032K(141312K), 0,0023804 secs]
518,143: [GC (Allocation Failure)  96656K->65216K(141312K), 0,0055841 secs]
518,169: [GC (Allocation Failure)  91840K->71096K(140288K), 0,0014439 secs]
518,202: [GC (Allocation Failure)  96696K->65192K(140800K), 0,0016121 secs]
518,224: [GC (Allocation Failure)  90792K->70016K(141312K), 0,0013928 secs]
518,257: [GC (Allocation Failure)  96640K->65200K(141312K), 0,0016118 secs]
518,280: [GC (Allocation Failure)  91824K->71040K(140288K), 0,0041361 secs]
518,316: [GC (Allocation Failure)  96640K->65168K(140800K), 0,0015882 secs]
518,339: [GC (Allocation Failure)  90768K->69960K(141312K), 0,0013405 secs]
518,373: [GC (Allocation Failure)  96584K->65160K(141312K), 0,0008226 secs]
518,396: [GC (Allocation Failure)  91784K->71000K(141312K), 0,0015065 secs]
518,430: [GC (Allocation Failure)  97624K->66192K(141312K), 0,0009621 secs]
518,452: [GC (Allocation Failure)  92816K->72064K(140288K), 0,0016620 secs]
518,486: [GC (Allocation Failure)  97664K->66160K(140800K), 0,0025786 secs]
518,510: [GC (Allocation Failure)  91760K->70944K(140288K), 0,0025118 secs]
518,544: [GC (Allocation Failure)  96544K->65104K(140800K), 0,0008651 secs]
518,567: [GC (Allocation Failure)  90704K->69888K(141312K), 0,0017631 secs]
518,602: [GC (Allocation Failure)  96512K->65104K(141312K), 0,0017057 secs]
518,624: [GC (Allocation Failure)  91728K->70912K(141312K), 0,0017459 secs]
518,658: [GC (Allocation Failure)  97536K->66112K(141312K), 0,0009332 secs]
518,681: [GC (Allocation Failure)  92736K->71960K(140288K), 0,0016388 secs]
518,719: [GC (Allocation Failure)  97560K->66096K(140800K), 0,0057999 secs]
518,750: [GC (Allocation Failure)  91696K->70880K(140288K), 0,0041466 secs]
518,792: [GC (Allocation Failure)  96480K->64848K(140800K), 0,0015464 secs]
518,816: [GC (Allocation Failure)  90448K->69648K(141312K), 0,0023292 secs]
518,849: [GC (Allocation Failure)  96272K->64832K(141312K), 0,0013558 secs]
518,871: [GC (Allocation Failure)  91456K->70608K(141312K), 0,0021192 secs]
518,905: [GC (Allocation Failure)  97232K->65792K(141312K), 0,0014138 secs]
518,928: [GC (Allocation Failure)  92416K->71600K(140800K), 0,0016437 secs]
518,962: [GC (Allocation Failure)  98224K->66784K(141312K), 0,0008277 secs]
518,984: [GC (Allocation Failure)  93408K->72600K(139776K), 0,0016053 secs]
519,017: [GC (Allocation Failure)  98200K->66760K(140800K), 0,0019445 secs]
519,041: [GC (Allocation Failure)  92360K->71544K(140288K), 0,0028319 secs]
519,080: [GC (Allocation Failure)  97144K->65704K(140800K), 0,0071063 secs]
519,111: [GC (Allocation Failure)  91304K->70520K(141312K), 0,0019748 secs]
519,146: [GC (Allocation Failure)  97144K->65672K(141312K), 0,0022143 secs]
519,170: [GC (Allocation Failure)  92296K->71480K(140288K), 0,0029020 secs]
519,206: [GC (Allocation Failure)  97080K->65672K(140800K), 0,0009397 secs]
519,229: [GC (Allocation Failure)  91272K->70456K(141312K), 0,0015653 secs]
519,263: [GC (Allocation Failure)  97080K->65640K(141312K), 0,0067141 secs]
519,292: [GC (Allocation Failure)  92264K->71416K(141312K), 0,0025352 secs]
519,326: [GC (Allocation Failure)  98040K->66664K(141312K), 0,0031338 secs]
519,351: [GC (Allocation Failure)  93288K->72448K(140288K), 0,0025656 secs]
519,386: [GC (Allocation Failure)  98048K->66656K(140800K), 0,0062595 secs]
519,414: [GC (Allocation Failure)  92256K->71408K(140288K), 0,0027467 secs]
519,450: [GC (Allocation Failure)  97008K->65600K(140800K), 0,0008737 secs]
519,473: [GC (Allocation Failure)  91200K->70352K(141312K), 0,0069803 secs]
519,513: [GC (Allocation Failure)  96976K->65536K(141312K), 0,0014863 secs]
519,536: [GC (Allocation Failure)  92160K->71376K(141312K), 0,0013747 secs]
519,572: [GC (Allocation Failure)  98000K->66624K(141312K), 0,0032074 secs]
519,603: [GC (Allocation Failure)  93248K->72400K(139776K), 0,0049250 secs]
519,645: [GC (Allocation Failure)  98000K->66560K(140800K), 0,0034168 secs]
519,677: [GC (Allocation Failure)  92160K->71312K(141312K), 0,0059500 secs]
519,716: [GC (Allocation Failure)  97936K->66536K(141312K), 0,0028279 secs]
519,741: [GC (Allocation Failure)  93160K->72312K(140288K), 0,0029910 secs]
519,777: [GC (Allocation Failure)  97912K->66504K(140800K), 0,0025669 secs]
519,802: [GC (Allocation Failure)  92104K->71296K(141312K), 0,0041195 secs]
519,843: [GC (Allocation Failure)  97920K->66480K(141312K), 0,0041220 secs]
519,871: [GC (Allocation Failure)  93104K->72288K(140288K), 0,0029947 secs]
519,907: [GC (Allocation Failure)  97888K->66456K(140800K), 0,0019775 secs]
519,934: [GC (Allocation Failure)  92056K->71248K(141312K), 0,0027704 secs]
519,972: [GC (Allocation Failure)  97872K->66464K(141312K), 0,0019487 secs]
519,998: [GC (Allocation Failure)  93088K->72304K(140288K), 0,0027524 secs]
520,035: [GC (Allocation Failure)  97904K->66432K(140800K), 0,0024661 secs]
520,062: [GC (Allocation Failure)  92032K->71224K(141312K), 0,0052666 secs]
520,100: [GC (Allocation Failure)  97848K->66408K(141312K), 0,0044370 secs]
520,129: [GC (Allocation Failure)  93032K->72216K(140288K), 0,0052839 secs]
520,167: [GC (Allocation Failure)  97816K->66384K(140800K), 0,0027628 secs]
520,192: [GC (Allocation Failure)  91984K->71208K(141312K), 0,0018964 secs]
520,227: [GC (Allocation Failure)  97832K->66392K(141312K), 0,0027946 secs]
520,253: [GC (Allocation Failure)  93016K->72168K(141312K), 0,0020422 secs]
520,287: [GC (Allocation Failure)  98792K->67384K(141312K), 0,0014347 secs]
520,314: [GC (Allocation Failure)  94008K->73192K(140288K), 0,0021497 secs]
520,349: [GC (Allocation Failure)  98792K->67352K(140800K), 0,0020046 secs]
520,373: [GC (Allocation Failure)  92952K->72136K(140288K), 0,0025301 secs]
520,408: [GC (Allocation Failure)  97736K->66296K(140800K), 0,0017788 secs]
520,432: [GC (Allocation Failure)  91896K->71120K(141312K), 0,0014848 secs]
520,466: [GC (Allocation Failure)  97232K->65760K(140800K), 0,0007898 secs]
520,489: [GC (Allocation Failure)  91872K->71056K(141312K), 0,0026739 secs]
520,525: [GC (Allocation Failure)  97680K->66240K(141312K), 0,0014013 secs]
520,548: [GC (Allocation Failure)  92864K->72080K(141312K), 0,0016291 secs]
520,583: [GC (Allocation Failure)  98704K->67296K(141312K), 0,0010993 secs]
520,606: [GC (Allocation Failure)  93920K->73104K(139776K), 0,0029508 secs]
520,644: [GC (Allocation Failure)  98704K->67264K(140800K), 0,0014203 secs]
520,668: [GC (Allocation Failure)  92864K->72016K(141312K), 0,0039675 secs]
520,705: [GC (Allocation Failure)  98640K->67232K(141312K), 0,0013135 secs]
520,730: [GC (Allocation Failure)  93856K->73040K(140288K), 0,0021554 secs]
520,765: [GC (Allocation Failure)  98640K->67200K(140800K), 0,0013714 secs]
520,791: [GC (Allocation Failure)  92800K->71952K(140288K), 0,0046339 secs]
520,830: [GC (Allocation Failure)  97552K->66144K(140800K), 0,0027506 secs]
520,855: [GC (Allocation Failure)  91744K->70936K(141312K), 0,0053532 secs]
520,893: [GC (Allocation Failure)  97560K->66128K(141312K), 0,0009548 secs]
520,916: [GC (Allocation Failure)  92752K->71936K(141312K), 0,0017259 secs]
520,957: [GC (Allocation Failure)  98560K->67120K(141312K), 0,0055791 secs]
520,986: [GC (Allocation Failure)  93744K->72936K(140800K), 0,0021353 secs]
521,020: [GC (Allocation Failure)  99560K->68152K(141312K), 0,0057301 secs]
521,048: [GC (Allocation Failure)  94776K->73960K(140288K), 0,0018973 secs]
521,083: [GC (Allocation Failure)  99560K->68120K(140800K), 0,0024702 secs]
521,107: [GC (Allocation Failure)  93720K->72872K(140288K), 0,0029695 secs]
521,146: [GC (Allocation Failure)  98472K->67064K(140800K), 0,0016942 secs]
521,173: [GC (Allocation Failure)  92664K->71848K(140800K), 0,0049570 secs]
521,212: [GC (Allocation Failure)  97448K->66008K(140800K), 0,0013160 secs]
521,236: [GC (Allocation Failure)  91608K->70792K(141312K), 0,0050626 secs]
521,274: [GC (Allocation Failure)  97416K->66016K(141312K), 0,0011194 secs]
521,297: [GC (Allocation Failure)  92640K->71832K(141312K), 0,0019725 secs]
521,332: [GC (Allocation Failure)  98456K->67016K(141312K), 0,0044844 secs]
521,360: [GC (Allocation Failure)  93640K->72792K(140800K), 0,0020130 secs]
521,394: [GC (Allocation Failure)  99416K->68008K(141312K), 0,0032813 secs]
521,420: [GC (Allocation Failure)  94632K->73816K(139776K), 0,0069433 secs]
521,459: [GC (Allocation Failure)  99416K->67976K(140800K), 0,0022003 secs]
521,483: [GC (Allocation Failure)  93576K->72800K(140288K), 0,0015892 secs]
521,516: [GC (Allocation Failure)  98400K->66928K(140800K), 0,0023629 secs]
521,539: [GC (Allocation Failure)  92528K->71712K(141312K), 0,0024982 secs]
521,572: [GC (Allocation Failure)  98336K->66928K(141312K), 0,0074822 secs]
521,605: [GC (Allocation Failure)  93552K->72744K(141312K), 0,0028808 secs]
521,641: [GC (Allocation Failure)  99368K->67928K(141312K), 0,0031261 secs]
521,667: [GC (Allocation Failure)  94552K->73776K(140288K), 0,0021892 secs]
521,702: [GC (Allocation Failure)  99376K->67968K(140800K), 0,0013180 secs]
521,727: [GC (Allocation Failure)  93568K->72720K(140288K), 0,0034549 secs]
521,763: [GC (Allocation Failure)  98320K->66848K(140800K), 0,0010585 secs]
521,786: [GC (Allocation Failure)  92448K->71640K(141312K), 0,0016231 secs]
521,821: [GC (Allocation Failure)  98264K->66856K(141312K), 0,0010145 secs]
521,844: [GC (Allocation Failure)  93480K->72664K(141312K), 0,0016627 secs]
521,879: [GC (Allocation Failure)  99288K->67848K(141312K), 0,0023212 secs]
521,907: [GC (Allocation Failure)  94472K->73656K(139776K), 0,0057519 secs]
521,946: [GC (Allocation Failure)  99256K->67856K(140800K), 0,0030624 secs]
521,972: [GC (Allocation Failure)  93456K->72616K(141312K), 0,0020161 secs]
522,006: [GC (Allocation Failure)  99240K->67840K(141312K), 0,0030075 secs]
522,032: [GC (Allocation Failure)  94464K->73648K(140288K), 0,0021171 secs]
522,066: [GC (Allocation Failure)  99248K->67808K(140800K), 0,0028943 secs]
522,095: [GC (Allocation Failure)  93408K->72592K(141312K), 0,0047414 secs]
522,137: [GC (Allocation Failure)  99216K->67776K(141312K), 0,0030659 secs]
522,168: [GC (Allocation Failure)  94400K->73616K(140288K), 0,0047714 secs]
522,210: [GC (Allocation Failure)  99216K->67744K(140800K), 0,0080898 secs]
522,241: [GC (Allocation Failure)  93344K->72528K(141312K), 0,0016973 secs]
522,277: [GC (Allocation Failure)  99152K->67712K(141312K), 0,0017011 secs]
522,304: [GC (Allocation Failure)  94336K->73520K(140288K), 0,0028815 secs]
522,344: [GC (Allocation Failure)  99120K->67712K(140800K), 0,0054176 secs]
522,373: [GC (Allocation Failure)  93312K->72496K(141312K), 0,0018768 secs]
522,409: [GC (Allocation Failure)  99120K->67688K(141312K), 0,0031578 secs]
522,440: [GC (Allocation Failure)  94312K->73528K(140288K), 0,0029663 secs]
522,479: [GC (Allocation Failure)  99128K->67656K(140800K), 0,0017215 secs]
522,503: [GC (Allocation Failure)  93256K->72440K(141312K), 0,0064347 secs]
522,543: [GC (Allocation Failure)  99064K->67624K(141312K), 0,0025772 secs]
522,571: [GC (Allocation Failure)  94248K->73472K(141312K), 0,0059765 secs]
522,610: [GC (Allocation Failure)  100096K->68624K(141312K), 0,0024582 secs]
522,634: [GC (Allocation Failure)  95248K->74472K(140288K), 0,0027555 secs]
522,670: [GC (Allocation Failure)  100072K->68600K(140800K), 0,0010517 secs]
522,693: [GC (Allocation Failure)  94200K->73416K(140288K), 0,0038595 secs]
522,730: [GC (Allocation Failure)  99016K->67576K(140800K), 0,0044893 secs]
522,756: [GC (Allocation Failure)  93176K->72360K(141312K), 0,0028669 secs]
522,792: [GC (Allocation Failure)  98984K->67320K(141312K), 0,0023434 secs]
522,816: [GC (Allocation Failure)  93944K->73192K(141312K), 0,0021998 secs]
522,851: [GC (Allocation Failure)  99816K->68416K(141312K), 0,0007419 secs]
522,873: [GC (Allocation Failure)  95040K->74192K(140288K), 0,0037280 secs]
522,907: [GC (Allocation Failure)  99792K->68320K(140800K), 0,0014784 secs]
522,929: [GC (Allocation Failure)  93920K->73072K(141312K), 0,0014599 secs]
522,963: [GC (Allocation Failure)  99696K->68256K(141312K), 0,0012306 secs]
522,986: [GC (Allocation Failure)  94880K->74064K(140288K), 0,0025989 secs]
523,020: [GC (Allocation Failure)  99664K->68256K(140800K), 0,0010417 secs]
523,043: [GC (Allocation Failure)  93856K->73040K(141312K), 0,0034527 secs]
523,079: [GC (Allocation Failure)  99664K->68224K(141312K), 0,0021636 secs]
523,103: [GC (Allocation Failure)  94848K->74032K(140288K), 0,0018599 secs]
523,138: [GC (Allocation Failure)  99632K->68264K(140800K), 0,0009993 secs]
523,161: [GC (Allocation Failure)  93864K->73048K(141312K), 0,0015792 secs]
523,196: [GC (Allocation Failure)  99672K->68168K(141312K), 0,0039742 secs]
523,226: [GC (Allocation Failure)  94792K->74008K(140288K), 0,0049809 secs]
523,264: [GC (Allocation Failure)  99608K->68168K(140800K), 0,0010453 secs]
523,287: [GC (Allocation Failure)  93768K->72952K(141312K), 0,0029055 secs]
523,323: [GC (Allocation Failure)  99576K->68136K(141312K), 0,0010558 secs]
523,346: [GC (Allocation Failure)  94760K->73944K(140288K), 0,0029943 secs]
523,382: [GC (Allocation Failure)  99544K->68136K(140800K), 0,0010218 secs]
523,405: [GC (Allocation Failure)  93736K->72896K(141312K), 0,0030246 secs]
523,441: [GC (Allocation Failure)  99520K->68080K(141312K), 0,0022135 secs]
523,465: [GC (Allocation Failure)  94704K->73888K(141312K), 0,0066988 secs]
523,505: [GC (Allocation Failure)  100512K->69104K(141312K), 0,0024859 secs]
523,529: [GC (Allocation Failure)  95728K->74944K(140288K), 0,0018481 secs]
523,564: [GC (Allocation Failure)  100544K->69104K(140800K), 0,0035326 secs]
523,590: [GC (Allocation Failure)  94704K->73856K(140288K), 0,0017549 secs]
523,625: [GC (Allocation Failure)  99456K->68016K(140800K), 0,0021611 secs]
523,649: [GC (Allocation Failure)  93616K->72832K(141312K), 0,0017025 secs]
523,684: [GC (Allocation Failure)  99456K->67984K(141312K), 0,0046863 secs]
523,711: [GC (Allocation Failure)  94608K->73832K(141312K), 0,0018585 secs]
523,746: [GC (Allocation Failure)  100456K->69016K(141312K), 0,0034861 secs]
523,771: [GC (Allocation Failure)  95640K->74824K(140288K), 0,0040844 secs]
523,808: [GC (Allocation Failure)  100424K->68984K(140800K), 0,0010724 secs]
523,831: [GC (Allocation Failure)  94584K->73800K(140288K), 0,0017975 secs]
523,866: [GC (Allocation Failure)  99400K->67928K(140800K), 0,0031040 secs]
523,891: [GC (Allocation Failure)  93528K->72712K(141312K), 0,0063251 secs]
523,930: [GC (Allocation Failure)  99336K->67896K(141312K), 0,0017134 secs]
523,957: [GC (Allocation Failure)  94520K->73704K(141312K), 0,0046653 secs]
523,999: [GC (Allocation Failure)  100328K->68952K(141312K), 0,0031597 secs]
524,030: [GC (Allocation Failure)  95576K->74760K(139776K), 0,0028746 secs]
524,068: [GC (Allocation Failure)  100360K->68904K(140800K), 0,0031098 secs]
524,099: [GC (Allocation Failure)  94504K->73688K(141312K), 0,0028671 secs]
524,135: [GC (Allocation Failure)  100312K->68872K(141312K), 0,0032846 secs]
524,163: [GC (Allocation Failure)  95496K->74712K(140288K), 0,0053488 secs]
524,202: [GC (Allocation Failure)  100312K->68872K(140800K), 0,0014077 secs]
524,226: [GC (Allocation Failure)  94472K->73656K(141312K), 0,0055277 secs]
524,265: [GC (Allocation Failure)  100280K->68840K(141312K), 0,0009219 secs]
524,288: [GC (Allocation Failure)  95464K->74680K(140288K), 0,0017496 secs]
524,323: [GC (Allocation Failure)  100280K->68808K(140800K), 0,0020543 secs]
524,347: [GC (Allocation Failure)  94408K->73600K(141312K), 0,0017749 secs]
524,382: [GC (Allocation Failure)  100224K->68784K(141312K), 0,0020683 secs]
524,406: [GC (Allocation Failure)  95408K->74592K(140288K), 0,0027568 secs]
524,442: [GC (Allocation Failure)  100192K->68784K(140800K), 0,0018920 secs]
524,466: [GC (Allocation Failure)  94384K->73536K(141312K), 0,0014857 secs]
524,500: [GC (Allocation Failure)  100160K->68720K(141312K), 0,0072512 secs]
524,533: [GC (Allocation Failure)  95344K->74528K(141312K), 0,0038690 secs]
524,570: [GC (Allocation Failure)  101152K->69744K(141312K), 0,0023073 secs]
524,596: [GC (Allocation Failure)  96368K->75584K(140288K), 0,0044749 secs]
524,636: [GC (Allocation Failure)  101184K->69744K(140800K), 0,0065571 secs]
524,665: [GC (Allocation Failure)  95344K->74496K(140288K), 0,0038372 secs]
524,702: [GC (Allocation Failure)  100096K->68656K(140800K), 0,0017841 secs]
524,726: [GC (Allocation Failure)  94256K->73440K(141312K), 0,0028981 secs]
524,761: [GC (Allocation Failure)  100064K->68656K(141312K), 0,0007285 secs]
524,783: [GC (Allocation Failure)  95280K->74432K(141312K), 0,0017074 secs]
524,822: [GC (Allocation Failure)  101056K->69648K(141312K), 0,0033242 secs]
524,853: [GC (Allocation Failure)  96272K->75456K(140288K), 0,0053851 secs]
524,891: [GC (Allocation Failure)  101056K->69648K(140800K), 0,0016217 secs]
524,916: [GC (Allocation Failure)  95248K->74432K(140288K), 0,0020095 secs]
524,950: [GC (Allocation Failure)  100032K->68560K(140800K), 0,0043981 secs]
524,977: [GC (Allocation Failure)  94160K->73376K(141312K), 0,0037319 secs]
525,018: [GC (Allocation Failure)  100000K->68592K(141312K), 0,0018365 secs]
525,045: [GC (Allocation Failure)  95216K->74408K(141312K), 0,0032136 secs]
525,081: [GC (Allocation Failure)  101032K->69600K(141312K), 0,0069579 secs]
525,111: [GC (Allocation Failure)  96224K->75440K(139776K), 0,0017944 secs]
525,145: [GC (Allocation Failure)  101040K->69568K(140800K), 0,0043802 secs]
525,171: [GC (Allocation Failure)  95168K->74384K(141312K), 0,0014063 secs]
525,205: [GC (Allocation Failure)  101008K->69544K(141312K), 0,0008552 secs]
525,232: [GC (Allocation Failure)  96168K->75352K(140288K), 0,0080757 secs]
525,274: [GC (Allocation Failure)  100952K->69520K(140800K), 0,0013482 secs]
525,299: [GC (Allocation Failure)  95120K->74304K(141312K), 0,0030600 secs]
525,338: [GC (Allocation Failure)  100928K->69488K(141312K), 0,0046933 secs]
525,371: [GC (Allocation Failure)  96112K->75296K(140288K), 0,0068288 secs]
525,411: [GC (Allocation Failure)  100896K->69504K(140800K), 0,0013458 secs]
525,436: [GC (Allocation Failure)  95104K->74264K(141312K), 0,0018985 secs]
525,470: [GC (Allocation Failure)  100888K->69488K(141312K), 0,0028732 secs]
525,496: [GC (Allocation Failure)  96112K->75296K(140288K), 0,0057902 secs]
525,536: [GC (Allocation Failure)  100896K->69424K(140800K), 0,0022480 secs]
525,559: [GC (Allocation Failure)  95024K->74208K(141312K), 0,0030388 secs]
525,594: [GC (Allocation Failure)  100832K->69432K(141312K), 0,0014047 secs]
525,616: [GC (Allocation Failure)  96056K->75240K(140288K), 0,0022665 secs]
525,650: [GC (Allocation Failure)  100840K->69400K(140800K), 0,0007864 secs]
525,672: [GC (Allocation Failure)  95000K->74184K(141312K), 0,0013364 secs]
525,705: [GC (Allocation Failure)  100808K->69368K(141312K), 0,0008062 secs]
525,728: [GC (Allocation Failure)  95992K->75216K(141312K), 0,0015412 secs]
525,762: [GC (Allocation Failure)  101840K->70400K(141312K), 0,0021873 secs]
525,786: [GC (Allocation Failure)  97024K->76272K(140288K), 0,0016865 secs]
525,821: [GC (Allocation Failure)  101872K->70400K(140800K), 0,0009839 secs]
525,843: [GC (Allocation Failure)  96000K->75184K(140288K), 0,0015994 secs]
525,877: [GC (Allocation Failure)  100784K->69280K(140800K), 0,0019959 secs]
525,900: [GC (Allocation Failure)  94880K->74096K(141312K), 0,0041600 secs]
525,936: [GC (Allocation Failure)  100720K->69312K(141312K), 0,0008412 secs]
525,958: [GC (Allocation Failure)  95936K->75120K(141312K), 0,0068948 secs]
525,998: [GC (Allocation Failure)  101744K->70304K(141312K), 0,0021189 secs]
526,021: [GC (Allocation Failure)  96928K->76112K(140288K), 0,0026929 secs]
526,058: [GC (Allocation Failure)  101712K->70336K(140800K), 0,0032128 secs]
526,089: [GC (Allocation Failure)  95936K->75056K(140288K), 0,0068605 secs]
526,129: [GC (Allocation Failure)  100656K->69184K(140800K), 0,0026767 secs]
526,154: [GC (Allocation Failure)  94784K->74032K(141312K), 0,0016439 secs]
526,189: [GC (Allocation Failure)  100656K->69200K(141312K), 0,0010016 secs]
526,216: [GC (Allocation Failure)  95824K->75040K(141312K), 0,0058665 secs]
526,257: [GC (Allocation Failure)  101664K->70256K(141312K), 0,0033255 secs]
526,286: [GC (Allocation Failure)  96880K->76064K(139776K), 0,0028010 secs]
526,322: [GC (Allocation Failure)  101664K->70192K(140800K), 0,0018918 secs]
526,349: [GC (Allocation Failure)  95792K->74976K(141312K), 0,0026895 secs]
526,386: [GC (Allocation Failure)  101600K->70192K(141312K), 0,0019258 secs]
526,413: [GC (Allocation Failure)  96816K->76000K(140288K), 0,0029893 secs]
526,449: [GC (Allocation Failure)  101600K->70128K(140800K), 0,0042762 secs]
526,478: [GC (Allocation Failure)  95728K->74912K(141312K), 0,0028254 secs]
526,516: [GC (Allocation Failure)  101536K->70128K(141312K), 0,0017832 secs]
526,542: [GC (Allocation Failure)  96752K->75936K(140288K), 0,0029838 secs]
526,580: [GC (Allocation Failure)  101536K->70096K(140800K), 0,0042569 secs]
526,609: [GC (Allocation Failure)  95696K->74912K(141312K), 0,0026535 secs]
526,646: [GC (Allocation Failure)  101536K->70064K(141312K), 0,0017504 secs]
526,672: [GC (Allocation Failure)  96688K->75936K(140288K), 0,0027827 secs]
526,709: [GC (Allocation Failure)  101536K->70032K(140800K), 0,0043926 secs]
526,738: [GC (Allocation Failure)  95632K->74848K(141312K), 0,0051410 secs]
526,777: [GC (Allocation Failure)  101472K->69936K(141312K), 0,0017345 secs]
526,804: [GC (Allocation Failure)  96560K->75656K(141312K), 0,0018885 secs]
526,838: [GC (Allocation Failure)  102280K->70808K(141312K), 0,0075902 secs]
526,869: [GC (Allocation Failure)  97432K->76616K(140288K), 0,0050328 secs]
526,906: [GC (Allocation Failure)  102216K->70776K(140800K), 0,0023956 secs]
526,930: [GC (Allocation Failure)  96376K->75496K(140288K), 0,0031636 secs]
526,966: [GC (Allocation Failure)  101096K->69688K(140800K), 0,0019107 secs]
526,990: [GC (Allocation Failure)  95288K->74408K(141312K), 0,0018482 secs]
527,027: [GC (Allocation Failure)  101032K->69624K(141312K), 0,0069721 secs]
527,056: [GC (Allocation Failure)  96248K->75432K(141312K), 0,0013769 secs]
527,089: [GC (Allocation Failure)  102056K->70648K(141312K), 0,0021228 secs]
527,112: [GC (Allocation Failure)  97272K->76488K(139776K), 0,0022130 secs]
527,147: [GC (Allocation Failure)  102088K->70616K(140800K), 0,0014777 secs]
527,170: [GC (Allocation Failure)  96216K->75400K(141312K), 0,0013655 secs]
527,204: [GC (Allocation Failure)  102024K->70616K(141312K), 0,0007471 secs]
527,226: [GC (Allocation Failure)  97240K->76424K(140288K), 0,0014777 secs]
527,261: [GC (Allocation Failure)  102024K->70608K(140800K), 0,0031711 secs]
527,293: [GC (Allocation Failure)  96208K->75392K(141312K), 0,0045857 secs]
527,335: [GC (Allocation Failure)  102016K->70544K(141312K), 0,0032723 secs]
527,367: [GC (Allocation Failure)  97168K->76416K(140288K), 0,0032716 secs]
527,404: [GC (Allocation Failure)  102016K->70576K(140800K), 0,0018493 secs]
527,431: [GC (Allocation Failure)  96176K->75336K(141312K), 0,0027731 secs]
527,468: [GC (Allocation Failure)  101960K->70520K(141312K), 0,0017705 secs]
527,494: [GC (Allocation Failure)  97144K->76336K(140288K), 0,0036932 secs]
527,532: [GC (Allocation Failure)  101936K->70528K(140800K), 0,0017412 secs]
527,559: [GC (Allocation Failure)  96128K->75280K(141312K), 0,0045972 secs]
527,601: [GC (Allocation Failure)  101904K->70496K(141312K), 0,0073898 secs]
527,634: [GC (Allocation Failure)  97120K->76304K(141312K), 0,0059112 secs]
527,672: [GC (Allocation Failure)  102928K->71520K(141312K), 0,0026272 secs]
527,697: [GC (Allocation Failure)  98144K->77336K(140288K), 0,0039500 secs]
527,734: [GC (Allocation Failure)  102936K->71464K(140800K), 0,0048086 secs]
527,761: [GC (Allocation Failure)  97064K->76280K(140288K), 0,0017798 secs]
527,796: [GC (Allocation Failure)  101880K->70440K(140800K), 0,0025237 secs]
527,821: [GC (Allocation Failure)  96040K->75192K(141312K), 0,0029273 secs]
527,857: [GC (Allocation Failure)  101304K->69896K(140800K), 0,0024986 secs]
527,881: [GC (Allocation Failure)  96008K->75160K(141312K), 0,0015274 secs]
527,916: [GC (Allocation Failure)  101784K->70408K(141312K), 0,0010437 secs]
527,939: [GC (Allocation Failure)  97032K->76216K(140800K), 0,0018773 secs]
527,974: [GC (Allocation Failure)  102840K->71400K(141312K), 0,0022306 secs]
527,998: [GC (Allocation Failure)  98024K->77208K(139776K), 0,0030912 secs]
528,034: [GC (Allocation Failure)  102808K->71368K(140800K), 0,0023959 secs]
528,060: [GC (Allocation Failure)  96968K->76152K(141312K), 0,0041221 secs]
528,099: [GC (Allocation Failure)  102776K->71336K(141312K), 0,0043046 secs]
528,129: [GC (Allocation Failure)  97960K->77144K(140288K), 0,0052213 secs]
528,167: [GC (Allocation Failure)  102744K->71336K(140800K), 0,0009063 secs]
528,190: [GC (Allocation Failure)  96936K->76128K(140288K), 0,0016727 secs]
528,228: [GC (Allocation Failure)  101728K->70288K(140800K), 0,0044211 secs]
528,258: [GC (Allocation Failure)  95888K->75048K(141312K), 0,0044729 secs]
528,301: [GC (Allocation Failure)  101672K->70232K(141312K), 0,0057058 secs]
528,334: [GC (Allocation Failure)  96856K->76040K(141312K), 0,0029119 secs]
528,370: [GC (Allocation Failure)  102664K->71256K(141312K), 0,0018729 secs]
528,397: [GC (Allocation Failure)  97880K->77072K(139776K), 0,0027743 secs]
528,435: [GC (Allocation Failure)  102672K->71200K(140800K), 0,0061483 secs]
528,466: [GC (Allocation Failure)  96800K->76016K(141312K), 0,0027561 secs]
528,506: [GC (Allocation Failure)  102640K->71240K(141312K), 0,0030866 secs]
528,537: [GC (Allocation Failure)  97864K->77016K(140288K), 0,0080629 secs]
528,582: [GC (Allocation Failure)  102616K->71208K(140800K), 0,0030771 secs]
528,611: [GC (Allocation Failure)  96808K->75992K(141312K), 0,0067760 secs]
528,650: [GC (Allocation Failure)  102616K->71176K(141312K), 0,0014074 secs]
528,673: [GC (Allocation Failure)  97800K->76984K(140288K), 0,0031264 secs]
528,709: [GC (Allocation Failure)  102584K->71112K(140800K), 0,0024499 secs]
528,733: [GC (Allocation Failure)  96712K->75928K(141312K), 0,0018179 secs]
528,768: [GC (Allocation Failure)  102552K->71120K(141312K), 0,0009951 secs]
528,791: [GC (Allocation Failure)  97744K->76960K(141312K), 0,0020651 secs]
528,826: [GC (Allocation Failure)  103584K->72144K(141312K), 0,0011595 secs]
528,850: [GC (Allocation Failure)  98768K->77952K(140288K), 0,0036183 secs]
528,886: [GC (Allocation Failure)  103552K->72112K(140800K), 0,0032833 secs]
528,915: [GC (Allocation Failure)  97712K->76896K(140288K), 0,0063322 secs]
528,954: [GC (Allocation Failure)  102496K->71056K(140800K), 0,0033828 secs]
528,978: [GC (Allocation Failure)  96656K->75848K(141312K), 0,0035510 secs]
529,014: [GC (Allocation Failure)  102472K->71032K(141312K), 0,0007123 secs]
529,036: [GC (Allocation Failure)  97656K->76848K(141312K), 0,0014973 secs]
529,070: [GC (Allocation Failure)  103472K->72072K(141312K), 0,0008178 secs]
529,093: [GC (Allocation Failure)  98696K->77880K(140288K), 0,0032433 secs]
529,129: [GC (Allocation Failure)  103480K->72080K(140800K), 0,0017069 secs]
529,151: [GC (Allocation Failure)  97680K->76840K(140288K), 0,0054540 secs]
529,188: [GC (Allocation Failure)  102440K->71000K(140800K), 0,0016764 secs]
529,211: [GC (Allocation Failure)  96600K->75752K(141312K), 0,0031794 secs]
529,247: [GC (Allocation Failure)  102376K->71008K(141312K), 0,0007069 secs]
529,269: [GC (Allocation Failure)  97632K->76816K(141312K), 0,0014576 secs]
529,302: [GC (Allocation Failure)  103440K->72008K(141312K), 0,0029449 secs]
529,326: [GC (Allocation Failure)  98632K->77816K(140288K), 0,0024075 secs]
529,360: [GC (Allocation Failure)  103416K->71976K(140800K), 0,0008429 secs]
529,383: [GC (Allocation Failure)  97576K->76760K(141312K), 0,0014664 secs]
529,416: [GC (Allocation Failure)  103384K->71976K(141312K), 0,0018897 secs]
529,440: [GC (Allocation Failure)  98600K->77760K(140288K), 0,0045039 secs]
529,477: [GC (Allocation Failure)  103360K->71952K(140800K), 0,0007879 secs]
529,500: [GC (Allocation Failure)  97552K->76704K(141312K), 0,0013979 secs]
529,533: [GC (Allocation Failure)  103328K->71888K(141312K), 0,0042506 secs]
529,559: [GC (Allocation Failure)  98512K->77728K(140288K), 0,0015726 secs]
529,591: [GC (Allocation Failure)  103328K->71896K(140800K), 0,0014809 secs]
529,613: [GC (Allocation Failure)  97496K->76648K(141312K), 0,0021033 secs]
529,647: [GC (Allocation Failure)  103272K->71864K(141312K), 0,0024728 secs]
529,671: [GC (Allocation Failure)  98488K->77672K(140288K), 0,0025051 secs]
529,710: [GC (Allocation Failure)  103272K->71904K(140800K), 0,0030891 secs]
529,739: [GC (Allocation Failure)  97504K->76656K(141312K), 0,0026858 secs]
529,775: [GC (Allocation Failure)  103280K->71840K(141312K), 0,0029169 secs]
529,801: [GC (Allocation Failure)  98464K->77648K(140288K), 0,0039868 secs]
529,841: [GC (Allocation Failure)  103248K->71808K(140800K), 0,0057721 secs]
529,873: [GC (Allocation Failure)  97408K->76568K(141312K), 0,0032136 secs]
529,911: [GC (Allocation Failure)  103192K->71768K(141312K), 0,0044646 secs]
529,940: [GC (Allocation Failure)  98392K->77640K(141312K), 0,0028883 secs]
529,978: [GC (Allocation Failure)  104264K->72824K(141312K), 0,0151693 secs]
530,015: [GC (Allocation Failure)  99448K->78632K(140288K), 0,0027913 secs]
530,055: [GC (Allocation Failure)  104232K->72760K(140800K), 0,0056041 secs]
530,084: [GC (Allocation Failure)  98360K->77576K(140288K), 0,0020547 secs]
530,118: [GC (Allocation Failure)  103176K->71736K(140800K), 0,0011937 secs]
530,141: [GC (Allocation Failure)  97336K->76520K(141312K), 0,0035319 secs]
530,179: [GC (Allocation Failure)  102632K->71192K(140800K), 0,0043037 secs]
530,206: [GC (Allocation Failure)  97304K->76488K(141312K), 0,0018798 secs]
530,241: [GC (Allocation Failure)  103112K->71680K(141312K), 0,0012123 secs]
530,265: [GC (Allocation Failure)  98304K->77520K(141312K), 0,0020529 secs]
530,299: [GC (Allocation Failure)  104144K->72704K(141312K), 0,0014379 secs]
530,324: [GC (Allocation Failure)  99328K->78512K(139776K), 0,0039253 secs]
530,360: [GC (Allocation Failure)  104112K->72672K(140800K), 0,0032394 secs]
530,386: [GC (Allocation Failure)  98272K->77456K(141312K), 0,0019573 secs]
530,420: [GC (Allocation Failure)  104080K->72688K(141312K), 0,0013628 secs]
530,445: [GC (Allocation Failure)  99312K->78464K(140288K), 0,0047646 secs]
530,482: [GC (Allocation Failure)  104064K->72624K(140800K), 0,0030465 secs]
530,508: [GC (Allocation Failure)  98224K->77440K(140288K), 0,0021680 secs]
530,543: [GC (Allocation Failure)  103040K->71568K(140800K), 0,0017477 secs]
530,570: [GC (Allocation Failure)  97168K->76352K(141312K), 0,0041755 secs]
530,613: [GC (Allocation Failure)  102976K->71536K(141312K), 0,0016171 secs]
530,640: [GC (Allocation Failure)  98160K->77376K(141312K), 0,0027469 secs]
530,677: [GC (Allocation Failure)  104000K->72560K(141312K), 0,0035560 secs]
530,706: [GC (Allocation Failure)  99184K->78368K(139776K), 0,0029946 secs]
530,744: [GC (Allocation Failure)  103968K->72528K(140800K), 0,0017620 secs]
530,771: [GC (Allocation Failure)  98128K->77312K(141312K), 0,0044856 secs]
530,808: [GC (Allocation Failure)  103936K->72336K(141312K), 0,0094060 secs]
530,839: [GC (Allocation Failure)  98960K->78152K(141312K), 0,0022417 secs]
530,873: [GC (Allocation Failure)  104776K->73336K(141312K), 0,0032246 secs]
530,898: [GC (Allocation Failure)  99960K->79144K(140288K), 0,0023202 secs]
530,933: [GC (Allocation Failure)  104744K->73240K(140800K), 0,0016712 secs]
530,956: [GC (Allocation Failure)  98840K->78024K(140288K), 0,0025803 secs]
530,990: [GC (Allocation Failure)  103624K->72152K(140800K), 0,0014358 secs]
531,012: [GC (Allocation Failure)  97752K->76936K(141312K), 0,0013986 secs]
531,045: [GC (Allocation Failure)  103048K->71576K(140800K), 0,0030311 secs]
531,070: [GC (Allocation Failure)  97688K->76848K(141312K), 0,0013686 secs]
531,104: [GC (Allocation Failure)  103472K->72072K(141312K), 0,0007426 secs]
531,126: [GC (Allocation Failure)  98696K->77888K(140800K), 0,0014416 secs]
531,160: [GC (Allocation Failure)  104512K->73104K(141312K), 0,0015257 secs]
531,183: [GC (Allocation Failure)  99728K->78912K(139776K), 0,0015518 secs]
531,215: [GC (Allocation Failure)  104512K->73104K(140800K), 0,0008504 secs]
531,236: [GC (Allocation Failure)  98704K->77856K(141312K), 0,0015703 secs]
531,270: [GC (Allocation Failure)  104480K->73040K(141312K), 0,0023076 secs]
531,294: [GC (Allocation Failure)  99664K->78880K(140288K), 0,0025351 secs]
531,333: [GC (Allocation Failure)  104480K->73040K(140800K), 0,0054342 secs]
531,362: [GC (Allocation Failure)  98640K->77792K(141312K), 0,0036918 secs]
531,399: [GC (Allocation Failure)  104416K->73040K(141312K), 0,0013134 secs]
531,424: [GC (Allocation Failure)  99664K->78848K(140288K), 0,0021861 secs]
531,458: [GC (Allocation Failure)  104448K->72944K(140800K), 0,0028495 secs]
531,483: [GC (Allocation Failure)  98544K->77760K(141312K), 0,0037027 secs]
531,520: [GC (Allocation Failure)  104384K->72944K(141312K), 0,0032230 secs]
531,546: [GC (Allocation Failure)  99568K->78752K(140288K), 0,0052903 secs]
531,584: [GC (Allocation Failure)  104352K->72944K(140800K), 0,0012923 secs]
531,609: [GC (Allocation Failure)  98544K->77696K(141312K), 0,0019970 secs]
531,643: [GC (Allocation Failure)  104320K->72880K(141312K), 0,0013307 secs]
531,668: [GC (Allocation Failure)  99504K->78760K(140288K), 0,0023440 secs]
531,703: [GC (Allocation Failure)  104360K->72888K(140800K), 0,0012166 secs]
531,727: [GC (Allocation Failure)  98488K->77672K(141312K), 0,0020045 secs]
531,762: [GC (Allocation Failure)  104296K->72856K(141312K), 0,0040134 secs]
531,790: [GC (Allocation Failure)  99480K->78664K(140288K), 0,0071199 secs]
531,830: [GC (Allocation Failure)  104264K->72824K(140800K), 0,0035644 secs]
531,857: [GC (Allocation Failure)  98424K->77576K(141312K), 0,0032712 secs]
531,893: [GC (Allocation Failure)  104200K->72792K(141312K), 0,0036615 secs]
531,920: [GC (Allocation Failure)  99416K->78632K(141312K), 0,0041771 secs]
531,957: [GC (Allocation Failure)  105256K->73816K(141312K), 0,0043245 secs]
531,985: [GC (Allocation Failure)  100440K->79624K(140288K), 0,0027380 secs]
532,020: [GC (Allocation Failure)  105224K->73784K(140800K), 0,0042900 secs]
532,048: [GC (Allocation Failure)  99384K->78600K(140288K), 0,0024782 secs]
532,083: [GC (Allocation Failure)  104200K->72768K(140800K), 0,0015890 secs]
532,108: [GC (Allocation Failure)  98368K->77520K(141312K), 0,0025429 secs]
532,143: [GC (Allocation Failure)  104144K->72736K(141312K), 0,0015165 secs]
532,168: [GC (Allocation Failure)  99360K->78520K(141312K), 0,0025331 secs]
532,203: [GC (Allocation Failure)  105144K->73736K(141312K), 0,0017572 secs]
532,228: [GC (Allocation Failure)  100360K->79552K(140288K), 0,0026075 secs]
532,263: [GC (Allocation Failure)  105152K->73744K(140800K), 0,0018569 secs]
532,289: [GC (Allocation Failure)  99344K->78528K(140288K), 0,0024655 secs]
532,324: [GC (Allocation Failure)  104128K->72688K(140800K), 0,0014969 secs]
532,351: [GC (Allocation Failure)  98288K->77408K(141312K), 0,0047213 secs]
532,391: [GC (Allocation Failure)  104032K->72624K(141312K), 0,0038140 secs]
532,418: [GC (Allocation Failure)  99248K->78432K(141312K), 0,0020436 secs]
532,453: [GC (Allocation Failure)  105056K->73648K(141312K), 0,0012718 secs]
532,478: [GC (Allocation Failure)  100272K->79424K(140800K), 0,0039110 secs]
532,514: [GC (Allocation Failure)  106048K->74640K(141312K), 0,0030886 secs]
532,540: [GC (Allocation Failure)  101264K->80488K(140288K), 0,0023678 secs]
532,575: [GC (Allocation Failure)  106088K->74616K(140800K), 0,0024736 secs]
532,601: [GC (Allocation Failure)  100216K->79400K(140288K), 0,0052141 secs]
532,638: [GC (Allocation Failure)  105000K->73560K(140800K), 0,0071520 secs]
532,667: [GC (Allocation Failure)  99160K->78352K(140800K), 0,0016490 secs]
532,702: [GC (Allocation Failure)  103952K->72544K(140800K), 0,0033537 secs]
532,730: [GC (Allocation Failure)  98144K->77264K(141312K), 0,0041855 secs]
532,768: [GC (Allocation Failure)  103376K->72000K(140800K), 0,0043996 secs]
532,797: [GC (Allocation Failure)  98112K->77264K(141824K), 0,0053329 secs]
532,835: [GC (Allocation Failure)  104400K->72992K(141312K), 0,0022017 secs]
532,860: [GC (Allocation Failure)  100128K->79376K(140800K), 0,0021071 secs]
532,899: [GC (Allocation Failure)  106000K->74528K(141312K), 0,0034247 secs]
532,930: [GC (Allocation Failure)  101152K->80336K(139776K), 0,0058745 secs]
532,974: [GC (Allocation Failure)  105936K->74496K(140800K), 0,0032630 secs]
533,005: [GC (Allocation Failure)  100096K->79312K(140288K), 0,0047544 secs]
533,047: [GC (Allocation Failure)  104912K->73408K(140800K), 0,0064376 secs]
533,078: [GC (Allocation Failure)  99008K->78224K(141312K), 0,0016576 secs]
533,115: [GC (Allocation Failure)  104848K->73408K(141312K), 0,0017632 secs]
533,141: [GC (Allocation Failure)  100032K->79216K(141312K), 0,0028003 secs]
533,178: [GC (Allocation Failure)  105840K->74432K(141312K), 0,0018549 secs]
533,204: [GC (Allocation Failure)  101056K->80272K(140288K), 0,0030029 secs]
533,243: [GC (Allocation Failure)  105872K->74400K(140800K), 0,0046998 secs]
533,271: [GC (Allocation Failure)  100000K->79152K(140288K), 0,0027128 secs]
533,306: [GC (Allocation Failure)  104752K->73352K(140800K), 0,0012018 secs]
533,330: [GC (Allocation Failure)  98952K->78136K(141312K), 0,0019564 secs]
533,365: [GC (Allocation Failure)  104760K->73320K(141312K), 0,0011988 secs]
533,390: [GC (Allocation Failure)  99944K->79096K(141312K), 0,0038776 secs]
533,426: [GC (Allocation Failure)  105720K->74312K(141312K), 0,0014265 secs]
533,454: [GC (Allocation Failure)  100936K->80120K(140288K), 0,0053112 secs]
533,492: [GC (Allocation Failure)  105720K->74312K(140800K), 0,0044289 secs]
533,519: [GC (Allocation Failure)  99912K->79064K(141312K), 0,0018090 secs]
533,554: [GC (Allocation Failure)  105688K->74280K(141312K), 0,0055028 secs]
533,581: [GC (Allocation Failure)  100904K->80088K(140288K), 0,0022929 secs]
533,615: [GC (Allocation Failure)  105688K->74280K(140800K), 0,0008020 secs]
533,637: [GC (Allocation Failure)  99880K->79040K(141312K), 0,0021099 secs]
533,671: [GC (Allocation Failure)  105664K->74256K(141312K), 0,0007387 secs]
533,692: [GC (Allocation Failure)  100880K->80064K(140288K), 0,0021430 secs]
533,727: [GC (Allocation Failure)  105664K->74192K(140800K), 0,0013663 secs]
533,749: [GC (Allocation Failure)  99792K->78976K(141312K), 0,0024172 secs]
533,788: [GC (Allocation Failure)  105600K->74192K(141312K), 0,0030325 secs]
533,819: [GC (Allocation Failure)  100816K->80008K(140288K), 0,0032920 secs]
533,855: [GC (Allocation Failure)  105608K->74168K(140800K), 0,0049606 secs]
533,882: [GC (Allocation Failure)  99768K->78952K(141312K), 0,0040366 secs]
533,923: [GC (Allocation Failure)  105576K->74136K(141312K), 0,0063153 secs]
533,954: [GC (Allocation Failure)  100760K->79984K(140288K), 0,0020592 secs]
533,988: [GC (Allocation Failure)  105584K->74112K(140800K), 0,0013048 secs]
534,013: [GC (Allocation Failure)  99712K->78896K(141312K), 0,0020237 secs]
534,047: [GC (Allocation Failure)  105520K->74112K(141312K), 0,0012355 secs]
534,072: [GC (Allocation Failure)  100736K->79920K(140288K), 0,0073155 secs]
534,111: [GC (Allocation Failure)  105520K->74048K(140800K), 0,0022092 secs]
534,135: [GC (Allocation Failure)  99648K->78864K(141312K), 0,0016064 secs]
534,170: [GC (Allocation Failure)  105488K->74080K(141312K), 0,0009420 secs]
534,193: [GC (Allocation Failure)  100704K->79856K(141312K), 0,0039182 secs]
534,230: [GC (Allocation Failure)  106480K->75040K(141312K), 0,0027755 secs]
534,257: [GC (Allocation Failure)  101664K->80848K(140288K), 0,0092021 secs]
534,305: [GC (Allocation Failure)  106448K->75008K(140800K), 0,0031865 secs]
534,333: [GC (Allocation Failure)  100608K->79792K(140288K), 0,0037661 secs]
534,369: [GC (Allocation Failure)  105392K->73984K(140800K), 0,0010623 secs]
534,392: [GC (Allocation Failure)  99584K->78736K(141312K), 0,0052339 secs]
534,430: [GC (Allocation Failure)  105360K->73984K(141312K), 0,0010074 secs]
534,453: [GC (Allocation Failure)  100608K->79760K(141312K), 0,0019242 secs]
534,493: [GC (Allocation Failure)  106384K->74976K(141312K), 0,0032096 secs]
534,524: [GC (Allocation Failure)  101600K->80752K(140288K), 0,0051597 secs]
534,564: [GC (Allocation Failure)  106352K->74912K(140800K), 0,0063307 secs]
534,594: [GC (Allocation Failure)  100512K->79664K(141312K), 0,0040336 secs]
534,630: [GC (Allocation Failure)  106288K->74912K(141312K), 0,0031956 secs]
534,657: [GC (Allocation Failure)  101536K->80760K(140288K), 0,0022810 secs]
534,692: [GC (Allocation Failure)  106360K->74888K(140800K), 0,0072408 secs]
534,724: [GC (Allocation Failure)  100488K->79704K(140288K), 0,0022170 secs]
534,759: [GC (Allocation Failure)  105304K->73832K(140800K), 0,0043612 secs]
534,785: [GC (Allocation Failure)  99432K->78424K(141312K), 0,0038638 secs]
534,821: [GC (Allocation Failure)  105048K->73640K(141312K), 0,0021378 secs]
534,845: [GC (Allocation Failure)  100264K->79416K(141312K), 0,0028100 secs]
534,880: [GC (Allocation Failure)  106040K->74640K(141312K), 0,0014531 secs]
534,905: [GC (Allocation Failure)  101264K->80456K(140800K), 0,0014700 secs]
534,939: [GC (Allocation Failure)  107080K->75640K(141312K), 0,0019086 secs]
534,963: [GC (Allocation Failure)  102264K->81392K(139776K), 0,0024883 secs]
534,998: [GC (Allocation Failure)  106992K->75552K(140800K), 0,0020830 secs]
535,021: [GC (Allocation Failure)  101152K->80368K(140288K), 0,0024844 secs]
535,055: [GC (Allocation Failure)  105968K->74528K(140800K), 0,0018002 secs]
535,079: [GC (Allocation Failure)  100128K->79280K(141312K), 0,0047582 secs]
535,117: [GC (Allocation Failure)  105904K->74528K(141312K), 0,0022181 secs]
535,142: [GC (Allocation Failure)  101152K->80336K(141312K), 0,0017758 secs]
535,177: [GC (Allocation Failure)  106960K->75520K(141312K), 0,0016207 secs]
535,201: [GC (Allocation Failure)  102144K->81368K(140288K), 0,0018385 secs]
535,236: [GC (Allocation Failure)  106968K->75528K(140800K), 0,0023768 secs]
535,260: [GC (Allocation Failure)  101128K->80280K(140288K), 0,0065902 secs]
535,299: [GC (Allocation Failure)  105880K->74440K(140800K), 0,0023292 secs]
535,323: [GC (Allocation Failure)  100040K->79224K(141312K), 0,0043739 secs]
535,360: [GC (Allocation Failure)  105848K->74448K(141312K), 0,0010703 secs]
535,387: [GC (Allocation Failure)  101072K->80256K(141312K), 0,0112077 secs]
535,430: [GC (Allocation Failure)  106880K->75440K(141312K), 0,0013136 secs]
535,453: [GC (Allocation Failure)  102064K->81320K(140288K), 0,0019557 secs]
535,489: [GC (Allocation Failure)  106920K->75424K(140800K), 0,0048854 secs]
535,522: [GC (Allocation Failure)  101024K->80208K(140288K), 0,0040124 secs]
535,559: [GC (Allocation Failure)  105808K->74408K(140800K), 0,0017140 secs]
535,584: [GC (Allocation Failure)  100008K->79160K(141312K), 0,0056486 secs]
535,623: [GC (Allocation Failure)  105784K->74344K(141312K), 0,0019648 secs]
535,647: [GC (Allocation Failure)  100968K->80152K(141312K), 0,0053725 secs]
535,685: [GC (Allocation Failure)  106776K->75368K(141312K), 0,0019504 secs]
535,709: [GC (Allocation Failure)  101992K->81184K(139776K), 0,0016668 secs]
535,746: [GC (Allocation Failure)  106784K->75344K(140800K), 0,0046560 secs]
535,778: [GC (Allocation Failure)  100944K->80128K(141312K), 0,0021232 secs]
535,813: [GC (Allocation Failure)  106752K->75312K(141312K), 0,0066403 secs]
535,844: [GC (Allocation Failure)  101936K->81160K(140288K), 0,0030673 secs]
535,881: [GC (Allocation Failure)  106760K->75320K(140800K), 0,0020417 secs]
535,909: [GC (Allocation Failure)  100920K->80072K(141312K), 0,0020243 secs]
535,943: [GC (Allocation Failure)  106696K->75288K(141312K), 0,0025117 secs]
535,969: [GC (Allocation Failure)  101912K->81128K(140288K), 0,0027731 secs]
536,005: [GC (Allocation Failure)  106728K->75224K(140800K), 0,0024226 secs]
536,033: [GC (Allocation Failure)  100824K->80048K(141312K), 0,0027821 secs]
536,070: [GC (Allocation Failure)  106672K->75232K(141312K), 0,0019163 secs]
536,098: [GC (Allocation Failure)  101856K->81048K(141312K), 0,0022590 secs]
536,137: [GC (Allocation Failure)  107672K->76264K(141312K), 0,0017404 secs]
536,163: [GC (Allocation Failure)  102888K->82040K(140288K), 0,0104697 secs]
536,212: [GC (Allocation Failure)  107640K->76200K(140800K), 0,0044212 secs]
536,239: [GC (Allocation Failure)  101800K->80992K(140288K), 0,0027320 secs]
536,272: [GC (Allocation Failure)  106592K->75232K(140800K), 0,0033065 secs]
536,303: [GC (Allocation Failure)  100832K->79952K(141312K), 0,0039571 secs]
536,339: [GC (Allocation Failure)  106576K->75136K(141312K), 0,0008014 secs]
536,366: [GC (Allocation Failure)  101760K->80976K(140288K), 0,0054521 secs]
536,409: [GC (Allocation Failure)  106576K->75136K(140800K), 0,0050099 secs]
536,439: [GC (Allocation Failure)  100736K->79896K(141312K), 0,0025210 secs]
536,474: [GC (Allocation Failure)  106520K->75152K(141312K), 0,0016717 secs]
536,501: [GC (Allocation Failure)  101776K->80960K(141312K), 0,0028503 secs]
536,538: [GC (Allocation Failure)  107584K->76176K(141312K), 0,0019112 secs]
536,564: [GC (Allocation Failure)  102800K->81952K(139776K), 0,0029594 secs]
536,601: [GC (Allocation Failure)  107552K->76112K(140800K), 0,0019003 secs]
536,627: [GC (Allocation Failure)  101712K->80928K(141312K), 0,0027101 secs]
536,663: [GC (Allocation Failure)  107552K->76112K(141312K), 0,0018736 secs]
536,690: [GC (Allocation Failure)  102736K->81920K(140288K), 0,0028437 secs]
536,727: [GC (Allocation Failure)  107520K->76080K(140800K), 0,0046003 secs]
536,756: [GC (Allocation Failure)  101680K->80864K(140288K), 0,0051101 secs]
536,794: [GC (Allocation Failure)  106464K->74992K(140800K), 0,0070617 secs]
536,823: [GC (Allocation Failure)  100592K->79776K(141312K), 0,0019152 secs]
536,858: [GC (Allocation Failure)  106400K->75000K(141312K), 0,0011573 secs]
536,882: [GC (Allocation Failure)  101624K->80808K(141312K), 0,0032222 secs]
536,918: [GC (Allocation Failure)  107432K->75992K(141312K), 0,0034201 secs]
536,945: [GC (Allocation Failure)  102616K->81864K(139776K), 0,0021780 secs]
536,979: [GC (Allocation Failure)  107464K->75968K(140800K), 0,0024663 secs]
537,004: [GC (Allocation Failure)  101568K->80784K(141312K), 0,0020954 secs]
537,039: [GC (Allocation Failure)  107408K->75968K(141312K), 0,0035691 secs]
537,069: [GC (Allocation Failure)  102592K->81776K(140288K), 0,0052077 secs]
537,108: [GC (Allocation Failure)  107376K->75912K(140800K), 0,0028004 secs]
537,133: [GC (Allocation Failure)  101512K->80728K(141312K), 0,0038233 secs]
537,170: [GC (Allocation Failure)  107352K->75944K(141312K), 0,0012750 secs]
537,195: [GC (Allocation Failure)  102568K->81720K(140288K), 0,0021193 secs]
537,229: [GC (Allocation Failure)  107320K->75912K(140800K), 0,0033427 secs]
537,255: [GC (Allocation Failure)  101512K->80664K(141312K), 0,0036061 secs]
537,292: [GC (Allocation Failure)  107288K->75880K(141312K), 0,0013390 secs]
537,317: [GC (Allocation Failure)  102504K->81720K(141312K), 0,0025607 secs]
537,352: [GC (Allocation Failure)  108344K->76904K(141312K), 0,0018596 secs]
537,379: [GC (Allocation Failure)  103528K->82712K(140288K), 0,0046726 secs]
537,418: [GC (Allocation Failure)  108312K->76872K(140800K), 0,0011973 secs]
537,443: [GC (Allocation Failure)  102472K->81632K(140288K), 0,0062490 secs]
537,487: [GC (Allocation Failure)  107232K->75840K(140800K), 0,0034882 secs]
537,517: [GC (Allocation Failure)  101440K->80592K(141312K), 0,0023994 secs]
537,552: [GC (Allocation Failure)  107216K->75776K(141312K), 0,0023276 secs]
537,575: [GC (Allocation Failure)  102400K->81584K(141312K), 0,0014247 secs]
537,613: [GC (Allocation Failure)  108208K->76800K(141312K), 0,0022622 secs]
537,641: [GC (Allocation Failure)  103424K->82608K(140288K), 0,0037415 secs]
537,679: [GC (Allocation Failure)  108208K->76776K(140800K), 0,0035250 secs]
537,707: [GC (Allocation Failure)  102376K->81560K(140288K), 0,0047896 secs]
537,748: [GC (Allocation Failure)  107160K->75720K(140800K), 0,0049917 secs]
537,776: [GC (Allocation Failure)  101320K->80512K(141312K), 0,0014373 secs]
537,810: [GC (Allocation Failure)  107136K->75728K(141312K), 0,0024725 secs]
537,836: [GC (Allocation Failure)  102352K->81544K(141312K), 0,0053286 secs]
537,879: [GC (Allocation Failure)  108168K->76768K(141312K), 0,0033476 secs]
537,907: [GC (Allocation Failure)  103392K->82544K(140288K), 0,0042288 secs]
537,944: [GC (Allocation Failure)  108144K->76736K(140800K), 0,0035697 secs]
537,977: [GC (Allocation Failure)  102336K->81488K(141312K), 0,0102540 secs]
538,021: [GC (Allocation Failure)  108112K->76704K(141312K), 0,0027611 secs]
538,045: [GC (Allocation Failure)  103328K->82480K(140288K), 0,0031232 secs]
538,084: [GC (Allocation Failure)  108080K->76672K(140800K), 0,0015321 secs]
538,109: [GC (Allocation Failure)  102272K->81488K(141312K), 0,0023197 secs]
538,144: [GC (Allocation Failure)  108112K->76672K(141312K), 0,0017245 secs]
538,169: [GC (Allocation Failure)  103296K->82448K(140288K), 0,0023059 secs]
538,204: [GC (Allocation Failure)  108048K->76616K(140800K), 0,0030525 secs]
538,231: [GC (Allocation Failure)  102216K->81400K(141312K), 0,0022509 secs]
538,266: [GC (Allocation Failure)  108024K->76616K(141312K), 0,0034424 secs]
538,293: [GC (Allocation Failure)  103240K->82392K(140288K), 0,0040421 secs]
538,329: [GC (Allocation Failure)  107992K->76552K(140800K), 0,0033570 secs]
538,359: [GC (Allocation Failure)  102152K->81336K(141312K), 0,0073384 secs]
538,399: [GC (Allocation Failure)  107960K->76552K(141312K), 0,0022249 secs]
538,423: [GC (Allocation Failure)  103176K->82400K(140288K), 0,0017714 secs]
538,462: [GC (Allocation Failure)  108000K->76560K(140800K), 0,0034465 secs]
538,488: [GC (Allocation Failure)  102160K->81312K(141312K), 0,0013821 secs]
538,523: [GC (Allocation Failure)  107936K->76496K(141312K), 0,0025235 secs]
538,549: [GC (Allocation Failure)  103120K->82368K(141312K), 0,0018462 secs]
538,585: [GC (Allocation Failure)  108992K->77520K(141312K), 0,0053101 secs]
538,615: [GC (Allocation Failure)  104144K->83368K(140288K), 0,0053092 secs]
538,658: [GC (Allocation Failure)  108968K->77496K(140800K), 0,0038884 secs]
538,686: [GC (Allocation Failure)  103096K->82280K(140288K), 0,0038298 secs]
538,725: [GC (Allocation Failure)  107880K->76440K(140800K), 0,0028331 secs]
538,753: [GC (Allocation Failure)  102040K->81192K(141312K), 0,0038238 secs]
538,790: [GC (Allocation Failure)  107816K->76216K(141312K), 0,0025481 secs]
538,813: [GC (Allocation Failure)  102840K->82056K(141312K), 0,0027437 secs]
538,849: [GC (Allocation Failure)  108680K->77208K(141312K), 0,0020983 secs]
538,873: [GC (Allocation Failure)  103832K->83016K(140288K), 0,0022670 secs]
538,910: [GC (Allocation Failure)  108616K->77176K(140800K), 0,0031858 secs]
538,941: [GC (Allocation Failure)  102776K->81928K(141312K), 0,0068838 secs]
538,981: [GC (Allocation Failure)  108552K->77112K(141312K), 0,0017855 secs]
539,004: [GC (Allocation Failure)  103736K->82952K(140288K), 0,0063229 secs]
539,043: [GC (Allocation Failure)  108552K->77112K(140800K), 0,0031137 secs]
539,068: [GC (Allocation Failure)  102712K->81896K(141312K), 0,0033106 secs]
539,105: [GC (Allocation Failure)  108520K->77080K(141312K), 0,0033801 secs]
539,130: [GC (Allocation Failure)  103704K->82896K(140288K), 0,0019283 secs]
539,165: [GC (Allocation Failure)  108496K->77056K(140800K), 0,0027339 secs]
539,190: [GC (Allocation Failure)  102656K->81840K(141312K), 0,0031489 secs]
539,230: [GC (Allocation Failure)  108464K->77056K(141312K), 0,0029972 secs]
539,257: [GC (Allocation Failure)  103680K->82864K(140288K), 0,0057733 secs]
539,300: [GC (Allocation Failure)  108464K->77032K(140800K), 0,0077136 secs]
539,331: [GC (Allocation Failure)  102632K->81816K(141312K), 0,0032413 secs]
539,367: [GC (Allocation Failure)  108440K->76968K(141312K), 0,0023355 secs]
539,391: [GC (Allocation Failure)  103592K->82816K(140288K), 0,0018928 secs]
539,426: [GC (Allocation Failure)  108416K->76976K(140800K), 0,0021765 secs]
539,450: [GC (Allocation Failure)  102576K->81768K(141312K), 0,0028862 secs]
539,486: [GC (Allocation Failure)  108392K->76960K(141312K), 0,0022346 secs]
539,510: [GC (Allocation Failure)  103584K->82800K(141312K), 0,0017560 secs]
539,545: [GC (Allocation Failure)  109424K->77984K(141312K), 0,0012838 secs]
539,568: [GC (Allocation Failure)  104608K->83792K(140288K), 0,0019005 secs]
539,603: [GC (Allocation Failure)  109392K->77984K(140800K), 0,0010766 secs]
539,626: [GC (Allocation Failure)  103584K->82768K(140288K), 0,0020564 secs]
539,661: [GC (Allocation Failure)  108368K->76928K(140800K), 0,0025573 secs]
539,690: [GC (Allocation Failure)  102528K->81688K(141312K), 0,0045056 secs]
539,732: [GC (Allocation Failure)  108312K->76880K(141312K), 0,0036230 secs]
539,760: [GC (Allocation Failure)  103504K->82752K(141312K), 0,0030493 secs]
539,796: [GC (Allocation Failure)  109376K->77904K(141312K), 0,0034558 secs]
539,823: [GC (Allocation Failure)  104528K->83744K(140288K), 0,0033497 secs]
539,861: [GC (Allocation Failure)  109344K->77888K(140800K), 0,0020751 secs]
539,888: [GC (Allocation Failure)  103488K->82704K(140288K), 0,0049421 secs]
539,928: [GC (Allocation Failure)  108304K->76864K(140800K), 0,0017543 secs]
539,953: [GC (Allocation Failure)  102464K->81648K(141312K), 0,0057117 secs]
539,997: [GC (Allocation Failure)  108272K->76800K(141312K), 0,0044615 secs]
540,029: [GC (Allocation Failure)  103424K->82640K(141312K), 0,0049439 secs]
540,071: [GC (Allocation Failure)  109264K->77824K(141312K), 0,0034555 secs]
540,103: [GC (Allocation Failure)  104448K->83664K(139776K), 0,0028497 secs]
540,141: [GC (Allocation Failure)  109264K->77824K(140800K), 0,0024683 secs]
540,170: [GC (Allocation Failure)  103424K->82584K(141312K), 0,0037585 secs]
540,209: [GC (Allocation Failure)  109208K->77768K(141312K), 0,0030555 secs]
540,238: [GC (Allocation Failure)  104392K->83608K(140288K), 0,0033479 secs]
540,275: [GC (Allocation Failure)  109208K->77768K(140800K), 0,0011930 secs]
540,299: [GC (Allocation Failure)  103368K->82520K(141312K), 0,0023346 secs]
540,334: [GC (Allocation Failure)  109144K->77704K(141312K), 0,0015024 secs]
540,356: [GC (Allocation Failure)  104328K->83544K(140288K), 0,0022672 secs]
540,389: [GC (Allocation Failure)  109144K->77680K(140800K), 0,0014829 secs]
540,411: [GC (Allocation Failure)  103280K->82464K(141312K), 0,0031639 secs]
540,445: [GC (Allocation Failure)  109088K->77648K(141312K), 0,0036275 secs]
540,469: [GC (Allocation Failure)  104272K->83488K(140288K), 0,0045196 secs]
540,506: [GC (Allocation Failure)  109088K->77648K(140800K), 0,0029637 secs]
540,531: [GC (Allocation Failure)  103248K->82472K(141312K), 0,0014798 secs]
540,565: [GC (Allocation Failure)  109096K->77656K(141312K), 0,0026702 secs]
540,591: [GC (Allocation Failure)  104280K->83432K(141312K), 0,0070448 secs]
540,633: [GC (Allocation Failure)  110056K->78648K(141312K), 0,0026176 secs]
540,657: [GC (Allocation Failure)  105272K->84456K(140288K), 0,0030345 secs]
540,693: [GC (Allocation Failure)  110056K->78616K(140800K), 0,0053621 secs]
540,721: [GC (Allocation Failure)  104216K->83400K(140288K), 0,0036425 secs]
540,756: [GC (Allocation Failure)  109000K->77528K(140800K), 0,0048655 secs]
540,783: [GC (Allocation Failure)  103128K->82376K(141312K), 0,0050894 secs]
540,822: [GC (Allocation Failure)  109000K->77528K(141312K), 0,0044288 secs]
540,848: [GC (Allocation Failure)  104152K->83368K(141312K), 0,0023576 secs]
540,882: [GC (Allocation Failure)  109992K->78592K(141312K), 0,0016398 secs]
540,904: [GC (Allocation Failure)  105216K->84368K(140288K), 0,0027724 secs]
540,939: [GC (Allocation Failure)  109968K->78528K(140800K), 0,0024914 secs]
540,963: [GC (Allocation Failure)  104128K->83312K(140288K), 0,0023681 secs]
540,999: [GC (Allocation Failure)  108912K->77504K(140800K), 0,0026448 secs]
541,024: [GC (Allocation Failure)  103104K->82224K(141312K), 0,0032126 secs]
541,060: [GC (Allocation Failure)  108848K->77480K(141312K), 0,0012238 secs]
541,088: [GC (Allocation Failure)  104104K->83288K(141312K), 0,0032359 secs]
541,126: [GC (Allocation Failure)  109912K->78472K(141312K), 0,0051867 secs]
541,156: [GC (Allocation Failure)  105096K->84312K(139776K), 0,0061978 secs]
541,198: [GC (Allocation Failure)  109912K->78472K(140800K), 0,0021709 secs]
541,225: [GC (Allocation Failure)  104072K->83256K(141312K), 0,0049019 secs]
541,265: [GC (Allocation Failure)  109880K->78440K(141312K), 0,0049827 secs]
541,295: [GC (Allocation Failure)  105064K->84280K(140288K), 0,0068947 secs]
541,337: [GC (Allocation Failure)  109880K->78440K(140800K), 0,0022370 secs]
541,364: [GC (Allocation Failure)  104040K->83168K(141312K), 0,0044675 secs]
541,403: [GC (Allocation Failure)  109792K->78416K(141312K), 0,0030967 secs]
541,431: [GC (Allocation Failure)  105040K->84192K(140288K), 0,0034129 secs]
541,469: [GC (Allocation Failure)  109792K->78384K(140800K), 0,0048934 secs]
541,496: [GC (Allocation Failure)  103984K->83136K(141312K), 0,0042650 secs]
541,531: [GC (Allocation Failure)  109760K->78320K(141312K), 0,0151562 secs]
541,569: [GC (Allocation Failure)  104944K->84160K(140288K), 0,0023542 secs]
541,602: [GC (Allocation Failure)  109760K->78320K(140800K), 0,0057820 secs]
541,633: [GC (Allocation Failure)  103920K->83072K(141312K), 0,0047601 secs]
541,671: [GC (Allocation Failure)  109696K->78288K(141312K), 0,0024471 secs]
541,697: [GC (Allocation Failure)  104912K->84096K(140288K), 0,0067122 secs]
541,737: [GC (Allocation Failure)  109696K->78256K(140800K), 0,0014696 secs]
541,762: [GC (Allocation Failure)  103856K->83072K(141312K), 0,0043959 secs]
541,799: [GC (Allocation Failure)  109696K->78224K(141312K), 0,0034802 secs]
541,826: [GC (Allocation Failure)  104848K->84064K(141312K), 0,0038278 secs]
541,862: [GC (Allocation Failure)  110688K->79248K(141312K), 0,0044790 secs]
541,890: [GC (Allocation Failure)  105872K->85056K(140288K), 0,0063422 secs]
541,929: [GC (Allocation Failure)  110656K->79248K(140800K), 0,0041063 secs]
541,955: [GC (Allocation Failure)  104848K->84000K(140288K), 0,0020410 secs]
541,991: [GC (Allocation Failure)  109600K->78160K(140800K), 0,0049849 secs]
542,020: [GC (Allocation Failure)  103760K->82912K(141312K), 0,0024243 secs]
542,055: [GC (Allocation Failure)  109536K->78160K(141312K), 0,0016037 secs]
542,080: [GC (Allocation Failure)  104784K->83936K(141312K), 0,0023020 secs]
542,115: [GC (Allocation Failure)  110560K->79120K(141312K), 0,0027689 secs]
542,141: [GC (Allocation Failure)  105744K->84960K(140288K), 0,0024939 secs]
542,176: [GC (Allocation Failure)  110560K->79120K(140800K), 0,0039857 secs]
542,203: [GC (Allocation Failure)  104720K->83936K(140288K), 0,0023641 secs]
542,238: [GC (Allocation Failure)  109536K->78064K(140800K), 0,0054960 secs]
542,266: [GC (Allocation Failure)  103664K->82816K(141312K), 0,0041169 secs]
542,303: [GC (Allocation Failure)  109440K->78032K(141312K), 0,0024484 secs]
542,327: [GC (Allocation Failure)  104656K->83872K(141312K), 0,0034122 secs]
542,363: [GC (Allocation Failure)  110496K->79088K(141312K), 0,0012070 secs]
542,387: [GC (Allocation Failure)  105712K->84864K(139776K), 0,0021251 secs]
542,421: [GC (Allocation Failure)  110464K->79024K(140800K), 0,0031433 secs]
542,448: [GC (Allocation Failure)  104624K->83784K(141312K), 0,0039185 secs]
542,484: [GC (Allocation Failure)  110408K->79000K(141312K), 0,0018076 secs]
542,508: [GC (Allocation Failure)  105624K->84840K(140288K), 0,0048554 secs]
542,546: [GC (Allocation Failure)  110440K->78968K(140800K), 0,0014956 secs]
542,568: [GC (Allocation Failure)  104568K->83752K(141312K), 0,0014507 secs]
542,601: [GC (Allocation Failure)  110376K->78936K(141312K), 0,0025172 secs]
542,624: [GC (Allocation Failure)  105560K->84776K(140288K), 0,0014958 secs]
542,658: [GC (Allocation Failure)  110376K->78936K(140800K), 0,0015878 secs]
542,682: [GC (Allocation Failure)  104536K->83720K(141312K), 0,0034709 secs]
542,717: [GC (Allocation Failure)  110344K->78904K(141312K), 0,0017071 secs]
542,740: [GC (Allocation Failure)  105528K->84680K(140288K), 0,0067613 secs]
542,779: [GC (Allocation Failure)  110280K->78744K(140800K), 0,0023052 secs]
542,803: [GC (Allocation Failure)  104344K->83464K(141312K), 0,0014164 secs]
542,837: [GC (Allocation Failure)  110088K->78648K(141312K), 0,0015164 secs]
542,859: [GC (Allocation Failure)  105272K->84464K(141312K), 0,0014516 secs]
542,892: [GC (Allocation Failure)  111088K->79616K(141312K), 0,0022533 secs]
542,918: [GC (Allocation Failure)  106240K->85456K(140288K), 0,0054557 secs]
542,961: [GC (Allocation Failure)  111056K->79584K(140800K), 0,0048626 secs]
542,994: [GC (Allocation Failure)  105184K->84368K(140288K), 0,0038960 secs]
543,034: [GC (Allocation Failure)  109968K->78432K(140800K), 0,0078345 secs]
543,064: [GC (Allocation Failure)  104032K->83216K(141312K), 0,0013345 secs]
543,096: [GC (Allocation Failure)  109840K->78408K(141312K), 0,0007832 secs]
543,117: [GC (Allocation Failure)  105032K->84216K(141312K), 0,0070594 secs]
543,155: [GC (Allocation Failure)  110840K->79480K(141312K), 0,0008017 secs]
543,178: [GC (Allocation Failure)  106104K->85288K(139776K), 0,0055610 secs]
543,217: [GC (Allocation Failure)  110888K->79480K(140800K), 0,0031681 secs]
543,241: [GC (Allocation Failure)  105080K->84232K(141312K), 0,0022005 secs]
543,276: [GC (Allocation Failure)  110856K->79416K(141312K), 0,0008656 secs]
543,298: [GC (Allocation Failure)  106040K->85224K(140288K), 0,0023053 secs]
543,332: [GC (Allocation Failure)  110824K->79384K(140800K), 0,0015735 secs]
543,356: [GC (Allocation Failure)  104984K->84168K(141312K), 0,0091762 secs]
543,397: [GC (Allocation Failure)  110792K->79352K(141312K), 0,0018578 secs]
543,421: [GC (Allocation Failure)  105976K->85160K(140288K), 0,0031400 secs]
543,456: [GC (Allocation Failure)  110760K->79384K(140800K), 0,0008345 secs]
543,478: [GC (Allocation Failure)  104984K->84144K(141312K), 0,0013171 secs]
543,511: [GC (Allocation Failure)  110768K->79304K(141312K), 0,0007297 secs]
543,533: [GC (Allocation Failure)  105928K->85144K(140288K), 0,0021994 secs]
543,568: [GC (Allocation Failure)  110744K->79304K(140800K), 0,0033623 secs]
543,597: [GC (Allocation Failure)  104904K->84056K(141312K), 0,0039978 secs]
543,637: [GC (Allocation Failure)  110680K->79272K(141312K), 0,0050464 secs]
543,669: [GC (Allocation Failure)  105896K->85080K(141312K), 0,0112754 secs]
543,713: [GC (Allocation Failure)  111704K->80304K(141312K), 0,0011110 secs]
543,736: [GC (Allocation Failure)  106928K->86080K(140288K), 0,0016979 secs]
543,769: [GC (Allocation Failure)  111680K->80280K(140800K), 0,0019181 secs]
543,796: [GC (Allocation Failure)  105880K->85032K(140288K), 0,0061944 secs]
543,835: [GC (Allocation Failure)  110632K->79224K(140800K), 0,0040506 secs]
543,861: [GC (Allocation Failure)  104824K->84008K(141312K), 0,0014406 secs]
543,895: [GC (Allocation Failure)  110632K->79192K(141312K), 0,0019750 secs]
543,924: [GC (Allocation Failure)  105816K->85000K(141312K), 0,0054211 secs]
543,962: [GC (Allocation Failure)  111624K->80248K(141312K), 0,0013513 secs]
543,985: [GC (Allocation Failure)  106872K->86024K(140288K), 0,0017840 secs]
544,018: [GC (Allocation Failure)  111624K->80192K(140800K), 0,0015020 secs]
544,040: [GC (Allocation Failure)  105792K->84976K(140288K), 0,0022576 secs]
544,075: [GC (Allocation Failure)  110576K->79136K(140800K), 0,0014067 secs]
544,097: [GC (Allocation Failure)  104736K->83888K(141312K), 0,0023989 secs]
544,131: [GC (Allocation Failure)  110512K->79152K(141312K), 0,0007585 secs]
544,152: [GC (Allocation Failure)  105776K->84928K(141312K), 0,0015525 secs]
544,184: [GC (Allocation Failure)  111552K->80112K(141312K), 0,0008244 secs]
544,205: [GC (Allocation Failure)  106736K->85952K(139776K), 0,0033594 secs]
544,239: [GC (Allocation Failure)  111552K->80080K(140800K), 0,0037195 secs]
544,265: [GC (Allocation Failure)  105680K->84896K(141312K), 0,0022665 secs]
544,299: [GC (Allocation Failure)  111520K->80080K(141312K), 0,0022246 secs]
544,322: [GC (Allocation Failure)  106704K->85888K(140288K), 0,0054738 secs]
544,360: [GC (Allocation Failure)  111488K->80048K(140800K), 0,0017486 secs]
544,383: [GC (Allocation Failure)  105648K->84840K(141312K), 0,0013918 secs]
544,416: [GC (Allocation Failure)  111464K->80056K(141312K), 0,0009345 secs]
544,439: [GC (Allocation Failure)  106680K->85864K(140288K), 0,0038296 secs]
544,477: [GC (Allocation Failure)  111464K->80024K(140800K), 0,0029519 secs]
544,505: [GC (Allocation Failure)  105624K->84808K(141312K), 0,0032342 secs]
544,543: [GC (Allocation Failure)  111432K->79968K(141312K), 0,0021257 secs]
544,570: [GC (Allocation Failure)  106592K->85808K(140288K), 0,0051743 secs]
544,608: [GC (Allocation Failure)  111408K->80016K(140800K), 0,0008059 secs]
544,631: [GC (Allocation Failure)  105616K->84808K(141312K), 0,0028308 secs]
544,666: [GC (Allocation Failure)  111432K->79960K(141312K), 0,0017069 secs]
544,689: [GC (Allocation Failure)  106584K->85768K(140288K), 0,0025720 secs]
544,725: [GC (Allocation Failure)  111368K->79928K(140800K), 0,0087602 secs]
544,759: [GC (Allocation Failure)  105528K->84744K(141312K), 0,0030625 secs]
544,794: [GC (Allocation Failure)  111368K->79928K(141312K), 0,0007839 secs]
544,815: [GC (Allocation Failure)  106552K->85768K(141312K), 0,0017692 secs]
544,855: [GC (Allocation Failure)  112392K->80960K(141312K), 0,0037282 secs]
544,883: [GC (Allocation Failure)  107584K->86768K(140288K), 0,0048769 secs]
544,923: [GC (Allocation Failure)  112368K->80928K(140800K), 0,0035142 secs]
544,949: [GC (Allocation Failure)  106528K->85720K(140288K), 0,0026816 secs]
544,984: [GC (Allocation Failure)  111320K->79896K(140800K), 0,0020358 secs]
545,011: [GC (Allocation Failure)  105496K->84648K(141312K), 0,0032853 secs]
545,047: [GC (Allocation Failure)  111272K->79832K(141312K), 0,0023394 secs]
545,071: [GC (Allocation Failure)  106456K->85672K(141312K), 0,0018519 secs]
545,106: [GC (Allocation Failure)  112296K->80888K(141312K), 0,0024894 secs]
545,131: [GC (Allocation Failure)  107512K->86664K(140288K), 0,0032840 secs]
545,167: [GC (Allocation Failure)  112264K->80856K(140800K), 0,0021086 secs]
545,191: [GC (Allocation Failure)  106456K->85648K(140288K), 0,0014954 secs]
545,225: [GC (Allocation Failure)  111248K->79776K(140800K), 0,0009003 secs]
545,247: [GC (Allocation Failure)  105376K->84592K(141312K), 0,0013656 secs]
545,281: [GC (Allocation Failure)  111216K->79744K(141312K), 0,0007432 secs]
545,302: [GC (Allocation Failure)  106368K->85584K(141312K), 0,0018311 secs]
545,337: [GC (Allocation Failure)  112208K->80736K(141312K), 0,0017728 secs]
545,359: [GC (Allocation Failure)  107360K->86584K(139776K), 0,0026572 secs]
545,398: [GC (Allocation Failure)  112184K->80744K(140800K), 0,0069137 secs]
545,430: [GC (Allocation Failure)  106344K->85560K(141312K), 0,0020984 secs]
545,464: [GC (Allocation Failure)  112184K->80744K(141312K), 0,0035152 secs]
545,489: [GC (Allocation Failure)  107368K->86552K(140288K), 0,0017436 secs]
545,526: [GC (Allocation Failure)  112152K->80744K(140800K), 0,0030923 secs]
545,552: [GC (Allocation Failure)  106344K->85496K(141312K), 0,0025386 secs]
545,586: [GC (Allocation Failure)  112120K->80680K(141312K), 0,0014850 secs]
545,609: [GC (Allocation Failure)  107304K->86488K(140288K), 0,0022701 secs]
545,642: [GC (Allocation Failure)  112088K->80648K(140800K), 0,0014954 secs]
545,665: [GC (Allocation Failure)  106248K->85400K(141312K), 0,0013339 secs]
545,698: [GC (Allocation Failure)  112024K->80656K(141312K), 0,0009242 secs]
545,721: [GC (Allocation Failure)  107280K->86464K(140288K), 0,0024257 secs]
545,755: [GC (Allocation Failure)  112064K->80592K(140800K), 0,0036133 secs]
545,784: [GC (Allocation Failure)  106192K->85376K(141312K), 0,0109363 secs]
545,827: [GC (Allocation Failure)  112000K->80592K(141312K), 0,0016874 secs]
545,850: [GC (Allocation Failure)  107216K->86440K(141312K), 0,0015805 secs]
545,884: [GC (Allocation Failure)  113064K->81592K(141312K), 0,0008481 secs]
545,906: [GC (Allocation Failure)  108216K->87400K(140288K), 0,0024937 secs]
545,941: [GC (Allocation Failure)  113000K->81592K(140800K), 0,0031355 secs]
545,969: [GC (Allocation Failure)  107192K->86376K(140288K), 0,0027869 secs]
546,005: [GC (Allocation Failure)  111976K->80504K(140800K), 0,0039003 secs]
546,031: [GC (Allocation Failure)  106104K->85288K(141312K), 0,0039994 secs]
546,068: [GC (Allocation Failure)  111912K->80472K(141312K), 0,0030814 secs]
546,092: [GC (Allocation Failure)  107096K->86312K(141312K), 0,0045084 secs]
546,127: [GC (Allocation Failure)  112936K->81496K(141312K), 0,0021268 secs]
546,150: [GC (Allocation Failure)  108120K->87304K(140288K), 0,0021931 secs]
546,183: [GC (Allocation Failure)  112904K->81464K(140800K), 0,0017020 secs]
546,205: [GC (Allocation Failure)  107064K->86248K(140288K), 0,0024222 secs]
546,238: [GC (Allocation Failure)  111848K->80408K(140800K), 0,0016200 secs]
546,260: [GC (Allocation Failure)  106008K->85224K(141312K), 0,0022764 secs]
546,293: [GC (Allocation Failure)  111848K->80376K(141312K), 0,0013386 secs]
546,315: [GC (Allocation Failure)  107000K->86216K(141312K), 0,0020391 secs]
546,348: [GC (Allocation Failure)  112840K->81400K(141312K), 0,0022187 secs]
546,371: [GC (Allocation Failure)  108024K->87240K(140288K), 0,0021601 secs]
546,404: [GC (Allocation Failure)  112840K->81368K(140800K), 0,0013301 secs]
546,426: [GC (Allocation Failure)  106968K->86152K(141312K), 0,0021132 secs]
546,459: [GC (Allocation Failure)  112776K->81368K(141312K), 0,0014018 secs]
546,481: [GC (Allocation Failure)  107992K->87176K(140288K), 0,0035117 secs]
546,515: [GC (Allocation Failure)  112776K->81336K(140800K), 0,0013935 secs]
546,537: [GC (Allocation Failure)  106936K->86120K(141312K), 0,0025407 secs]
546,570: [GC (Allocation Failure)  112744K->81304K(141312K), 0,0014074 secs]
546,592: [GC (Allocation Failure)  107928K->87144K(140288K), 0,0035957 secs]
546,627: [GC (Allocation Failure)  112744K->81304K(140800K), 0,0016463 secs]
546,649: [GC (Allocation Failure)  106904K->86024K(141312K), 0,0030613 secs]
546,683: [GC (Allocation Failure)  112648K->81272K(141312K), 0,0014045 secs]
546,705: [GC (Allocation Failure)  107896K->87048K(140288K), 0,0024171 secs]
546,738: [GC (Allocation Failure)  112648K->81240K(140800K), 0,0007289 secs]
546,760: [GC (Allocation Failure)  106840K->86000K(141312K), 0,0013292 secs]
546,793: [GC (Allocation Failure)  112624K->81056K(141312K), 0,0014927 secs]
546,815: [GC (Allocation Failure)  107680K->86864K(141312K), 0,0018263 secs]
546,849: [GC (Allocation Failure)  113488K->82088K(141312K), 0,0008873 secs]
546,871: [GC (Allocation Failure)  108712K->87832K(140288K), 0,0022859 secs]
546,905: [GC (Allocation Failure)  113432K->82000K(140800K), 0,0015743 secs]
546,927: [GC (Allocation Failure)  107600K->86752K(140288K), 0,0016979 secs]
546,961: [GC (Allocation Failure)  112352K->80888K(140800K), 0,0015477 secs]
546,984: [GC (Allocation Failure)  106488K->85648K(141312K), 0,0020505 secs]
547,018: [GC (Allocation Failure)  112272K->80864K(141312K), 0,0018826 secs]
547,045: [GC (Allocation Failure)  107488K->86736K(141312K), 0,0032468 secs]
547,082: [GC (Allocation Failure)  113360K->81928K(141312K), 0,0014270 secs]
547,107: [GC (Allocation Failure)  108552K->87704K(140288K), 0,0041768 secs]
547,144: [GC (Allocation Failure)  113304K->81864K(140800K), 0,0037633 secs]
547,171: [GC (Allocation Failure)  107464K->86616K(141312K), 0,0042481 secs]
547,208: [GC (Allocation Failure)  113240K->81864K(141312K), 0,0037266 secs]
547,235: [GC (Allocation Failure)  108488K->87640K(140288K), 0,0043119 secs]
547,272: [GC (Allocation Failure)  113240K->81808K(140800K), 0,0016548 secs]
547,295: [GC (Allocation Failure)  107408K->86592K(141312K), 0,0021583 secs]
547,329: [GC (Allocation Failure)  113216K->81808K(141312K), 0,0019793 secs]
547,353: [GC (Allocation Failure)  108432K->87624K(140288K), 0,0015175 secs]
547,386: [GC (Allocation Failure)  113224K->81816K(140800K), 0,0007488 secs]
547,409: [GC (Allocation Failure)  107416K->86568K(141312K), 0,0014292 secs]
547,442: [GC (Allocation Failure)  113192K->81752K(141312K), 0,0007466 secs]
547,463: [GC (Allocation Failure)  108376K->87560K(140288K), 0,0042541 secs]
547,500: [GC (Allocation Failure)  113160K->81728K(140800K), 0,0016212 secs]
547,523: [GC (Allocation Failure)  107328K->86512K(141312K), 0,0015517 secs]
547,556: [GC (Allocation Failure)  113136K->81696K(141312K), 0,0011485 secs]
547,579: [GC (Allocation Failure)  108320K->87536K(140288K), 0,0014513 secs]
547,612: [GC (Allocation Failure)  113136K->81704K(140800K), 0,0023480 secs]
547,636: [GC (Allocation Failure)  107304K->86464K(141312K), 0,0022229 secs]
547,671: [GC (Allocation Failure)  113088K->81680K(141312K), 0,0008109 secs]
547,693: [GC (Allocation Failure)  108304K->87488K(141312K), 0,0028674 secs]
547,729: [GC (Allocation Failure)  114112K->82704K(141312K), 0,0008926 secs]
547,752: [GC (Allocation Failure)  109328K->88480K(140288K), 0,0037043 secs]
547,787: [GC (Allocation Failure)  114080K->82704K(140800K), 0,0009654 secs]
547,809: [GC (Allocation Failure)  108304K->87456K(140288K), 0,0029057 secs]
547,844: [GC (Allocation Failure)  113056K->81584K(140800K), 0,0018609 secs]
547,868: [GC (Allocation Failure)  107184K->86368K(141312K), 0,0022115 secs]
547,903: [GC (Allocation Failure)  112992K->81552K(141312K), 0,0022759 secs]
547,927: [GC (Allocation Failure)  108176K->87392K(141312K), 0,0046205 secs]
547,964: [GC (Allocation Failure)  114016K->82576K(141312K), 0,0022750 secs]
547,987: [GC (Allocation Failure)  109200K->88424K(140288K), 0,0027197 secs]
548,021: [GC (Allocation Failure)  114024K->82592K(140800K), 0,0010868 secs]
548,044: [GC (Allocation Failure)  108192K->87344K(140288K), 0,0017797 secs]
548,077: [GC (Allocation Failure)  112944K->81472K(140800K), 0,0022689 secs]
548,100: [GC (Allocation Failure)  107072K->86288K(141312K), 0,0022117 secs]
548,135: [GC (Allocation Failure)  112912K->81520K(141312K), 0,0008014 secs]
548,160: [GC (Allocation Failure)  108144K->87360K(141312K), 0,0039992 secs]
548,199: [GC (Allocation Failure)  113984K->82512K(141312K), 0,0074288 secs]
548,232: [GC (Allocation Failure)  109136K->88328K(139776K), 0,0058996 secs]
548,270: [GC (Allocation Failure)  113928K->82496K(140800K), 0,0028570 secs]
548,295: [GC (Allocation Failure)  108096K->87312K(141312K), 0,0018777 secs]
548,330: [GC (Allocation Failure)  113936K->82496K(141312K), 0,0042203 secs]
548,357: [GC (Allocation Failure)  109120K->88312K(140288K), 0,0020008 secs]
548,391: [GC (Allocation Failure)  113912K->82472K(140800K), 0,0013325 secs]
548,415: [GC (Allocation Failure)  108072K->87256K(141312K), 0,0053276 secs]
548,454: [GC (Allocation Failure)  113880K->82448K(141312K), 0,0009054 secs]
548,476: [GC (Allocation Failure)  109072K->88288K(140288K), 0,0015455 secs]
548,509: [GC (Allocation Failure)  113888K->82424K(140800K), 0,0016946 secs]
548,532: [GC (Allocation Failure)  108024K->87208K(141312K), 0,0014382 secs]
548,565: [GC (Allocation Failure)  113832K->82392K(141312K), 0,0015757 secs]
548,588: [GC (Allocation Failure)  109016K->88264K(140288K), 0,0015258 secs]
548,622: [GC (Allocation Failure)  113864K->82392K(140800K), 0,0007445 secs]
548,643: [GC (Allocation Failure)  107992K->87184K(141312K), 0,0013983 secs]
548,676: [GC (Allocation Failure)  113808K->82368K(141312K), 0,0010749 secs]
548,698: [GC (Allocation Failure)  108992K->88176K(140288K), 0,0015691 secs]
548,732: [GC (Allocation Failure)  113776K->82336K(140800K), 0,0009435 secs]
548,755: [GC (Allocation Failure)  107936K->87120K(141312K), 0,0014241 secs]
548,788: [GC (Allocation Failure)  113744K->82304K(141312K), 0,0010323 secs]
548,810: [GC (Allocation Failure)  108928K->88112K(141312K), 0,0014984 secs]
548,842: [GC (Allocation Failure)  114736K->83328K(141312K), 0,0018479 secs]
548,866: [GC (Allocation Failure)  109952K->89136K(140288K), 0,0026549 secs]
548,900: [GC (Allocation Failure)  114736K->83296K(140800K), 0,0017974 secs]
548,924: [GC (Allocation Failure)  108896K->88120K(140288K), 0,0014921 secs]
548,957: [GC (Allocation Failure)  113720K->82248K(140800K), 0,0007629 secs]
548,979: [GC (Allocation Failure)  107848K->87040K(141312K), 0,0018073 secs]
549,013: [GC (Allocation Failure)  113664K->82224K(141312K), 0,0008441 secs]
549,036: [GC (Allocation Failure)  108848K->88064K(141312K), 0,0015206 secs]
549,069: [GC (Allocation Failure)  114688K->83248K(141312K), 0,0017302 secs]
549,091: [GC (Allocation Failure)  109872K->89056K(140288K), 0,0029166 secs]
549,126: [GC (Allocation Failure)  114656K->83184K(140800K), 0,0025019 secs]
549,150: [GC (Allocation Failure)  108784K->88000K(140288K), 0,0022383 secs]
549,185: [GC (Allocation Failure)  113600K->82160K(140800K), 0,0014872 secs]
549,207: [GC (Allocation Failure)  107760K->86944K(141312K), 0,0031311 secs]
549,242: [GC (Allocation Failure)  113568K->82144K(141312K), 0,0007003 secs]
549,266: [GC (Allocation Failure)  108768K->87992K(141312K), 0,0040792 secs]
549,306: [GC (Allocation Failure)  114616K->83208K(141312K), 0,0027079 secs]
549,333: [GC (Allocation Failure)  109832K->88984K(139776K), 0,0026951 secs]
549,368: [GC (Allocation Failure)  114584K->83144K(140800K), 0,0028577 secs]
549,393: [GC (Allocation Failure)  108744K->87928K(141312K), 0,0038153 secs]
549,430: [GC (Allocation Failure)  114552K->83144K(141312K), 0,0012261 secs]
549,454: [GC (Allocation Failure)  109768K->88920K(140288K), 0,0040073 secs]
549,490: [GC (Allocation Failure)  114520K->83048K(140800K), 0,0038393 secs]
549,516: [GC (Allocation Failure)  108648K->87864K(141312K), 0,0032782 secs]
549,552: [GC (Allocation Failure)  114488K->83048K(141312K), 0,0040116 secs]
549,578: [GC (Allocation Failure)  109672K->88856K(140288K), 0,0042244 secs]
549,615: [GC (Allocation Failure)  114456K->83048K(140800K), 0,0018343 secs]
549,639: [GC (Allocation Failure)  108648K->87832K(141312K), 0,0038745 secs]
549,676: [GC (Allocation Failure)  114456K->82984K(141312K), 0,0023247 secs]
549,700: [GC (Allocation Failure)  109608K->88824K(140288K), 0,0022253 secs]
549,735: [GC (Allocation Failure)  114424K->82984K(140800K), 0,0056191 secs]
549,765: [GC (Allocation Failure)  108584K->87800K(141312K), 0,0022637 secs]
549,800: [GC (Allocation Failure)  114424K->82952K(141312K), 0,0016885 secs]
549,823: [GC (Allocation Failure)  109576K->88760K(141312K), 0,0023019 secs]
549,857: [GC (Allocation Failure)  115384K->83976K(141312K), 0,0032541 secs]
549,882: [GC (Allocation Failure)  110600K->89784K(140288K), 0,0044607 secs]
549,919: [GC (Allocation Failure)  115384K->83944K(140800K), 0,0018724 secs]
549,942: [GC (Allocation Failure)  109544K->88728K(140288K), 0,0034587 secs]
549,977: [GC (Allocation Failure)  114328K->82856K(140800K), 0,0023319 secs]
550,000: [GC (Allocation Failure)  108456K->87640K(141312K), 0,0021881 secs]
550,034: [GC (Allocation Failure)  114264K->82888K(141312K), 0,0017316 secs]
550,056: [GC (Allocation Failure)  109512K->88664K(141312K), 0,0023729 secs]
550,089: [GC (Allocation Failure)  115288K->83848K(141312K), 0,0016508 secs]
550,111: [GC (Allocation Failure)  110472K->89688K(140288K), 0,0026751 secs]
550,144: [GC (Allocation Failure)  115288K->83848K(140800K), 0,0016081 secs]
550,182: [GC (Allocation Failure)  109448K->88632K(140288K), 0,0250386 secs]
550,251: [GC (Allocation Failure)  114232K->82792K(140800K), 0,0009935 secs]
550,274: [GC (Allocation Failure)  108392K->87544K(141312K), 0,0030692 secs]
550,310: [GC (Allocation Failure)  114168K->82728K(141312K), 0,0028781 secs]
550,334: [GC (Allocation Failure)  109352K->88600K(141312K), 0,0026632 secs]
550,367: [GC (Allocation Failure)  115224K->83784K(141312K), 0,0015728 secs]
550,389: [GC (Allocation Failure)  110408K->89592K(139776K), 0,0016252 secs]
550,423: [GC (Allocation Failure)  115192K->83752K(140800K), 0,0007651 secs]
550,445: [GC (Allocation Failure)  109352K->88576K(141312K), 0,0014104 secs]
550,479: [GC (Allocation Failure)  115200K->83760K(141312K), 0,0022448 secs]
550,502: [GC (Allocation Failure)  110384K->89544K(140288K), 0,0015251 secs]
550,535: [GC (Allocation Failure)  115144K->83736K(140800K), 0,0019552 secs]
550,558: [GC (Allocation Failure)  109336K->88488K(141312K), 0,0022839 secs]
550,593: [GC (Allocation Failure)  115112K->83672K(141312K), 0,0028296 secs]
550,618: [GC (Allocation Failure)  110296K->89520K(140288K), 0,0027990 secs]
550,652: [GC (Allocation Failure)  115120K->83680K(140800K), 0,0018696 secs]
550,675: [GC (Allocation Failure)  109280K->88464K(141312K), 0,0014873 secs]
550,708: [GC (Allocation Failure)  115088K->83656K(141312K), 0,0017497 secs]
550,731: [GC (Allocation Failure)  110280K->89504K(140288K), 0,0017209 secs]
550,764: [GC (Allocation Failure)  115104K->83664K(140800K), 0,0064994 secs]
550,791: [GC (Allocation Failure)  109264K->88256K(141312K), 0,0014398 secs]
550,824: [GC (Allocation Failure)  114880K->83440K(141312K), 0,0075010 secs]
550,853: [GC (Allocation Failure)  110064K->89264K(141312K), 0,0032490 secs]
550,890: [GC (Allocation Failure)  115888K->84456K(141312K), 0,0019367 secs]
550,914: [GC (Allocation Failure)  111080K->90264K(140288K), 0,0017975 secs]
550,948: [GC (Allocation Failure)  115864K->84392K(140800K), 0,0008258 secs]
550,969: [GC (Allocation Failure)  109992K->89112K(140288K), 0,0025483 secs]
551,003: [GC (Allocation Failure)  114712K->83272K(140800K), 0,0060348 secs]
551,033: [GC (Allocation Failure)  108872K->88032K(141312K), 0,0023135 secs]
551,069: [GC (Allocation Failure)  114656K->83192K(141312K), 0,0025768 secs]
551,096: [GC (Allocation Failure)  109816K->89096K(141312K), 0,0043136 secs]
551,133: [GC (Allocation Failure)  115720K->84280K(141312K), 0,0013786 secs]
551,158: [GC (Allocation Failure)  110904K->90120K(139776K), 0,0024199 secs]
551,196: [GC (Allocation Failure)  115720K->84248K(140800K), 0,0045548 secs]
551,225: [GC (Allocation Failure)  109848K->89032K(141312K), 0,0048479 secs]
551,264: [GC (Allocation Failure)  115656K->84184K(141312K), 0,0020920 secs]
551,290: [GC (Allocation Failure)  110808K->90056K(140288K), 0,0037972 secs]
551,327: [GC (Allocation Failure)  115656K->84216K(140800K), 0,0020429 secs]
551,352: [GC (Allocation Failure)  109816K->88968K(141312K), 0,0060586 secs]
551,391: [GC (Allocation Failure)  115592K->84184K(141312K), 0,0011056 secs]
551,414: [GC (Allocation Failure)  110808K->89992K(140288K), 0,0028242 secs]
551,450: [GC (Allocation Failure)  115592K->84152K(140800K), 0,0015553 secs]
551,473: [GC (Allocation Failure)  109752K->88936K(141312K), 0,0028879 secs]
551,509: [GC (Allocation Failure)  115560K->84096K(141312K), 0,0047948 secs]
551,536: [GC (Allocation Failure)  110720K->89968K(140288K), 0,0020345 secs]
551,571: [GC (Allocation Failure)  115568K->84128K(140800K), 0,0084071 secs]
551,604: [GC (Allocation Failure)  109728K->88880K(141312K), 0,0026530 secs]
551,639: [GC (Allocation Failure)  115504K->84064K(141312K), 0,0015993 secs]
551,663: [GC (Allocation Failure)  110688K->89952K(140288K), 0,0031785 secs]
551,699: [GC (Allocation Failure)  115552K->84080K(140800K), 0,0035463 secs]
551,729: [GC (Allocation Failure)  109680K->88864K(141312K), 0,0045211 secs]
551,771: [GC (Allocation Failure)  115488K->84056K(141312K), 0,0032081 secs]
551,803: [GC (Allocation Failure)  110680K->89864K(141312K), 0,0048361 secs]
551,846: [GC (Allocation Failure)  116488K->85056K(141312K), 0,0060834 secs]
551,875: [GC (Allocation Failure)  111680K->90896K(140288K), 0,0026276 secs]
551,910: [GC (Allocation Failure)  116496K->85056K(140800K), 0,0019910 secs]
551,933: [GC (Allocation Failure)  110656K->89808K(140288K), 0,0021759 secs]
551,970: [GC (Allocation Failure)  115408K->84032K(140800K), 0,0032453 secs]
552,002: [GC (Allocation Failure)  109632K->88784K(141312K), 0,0040115 secs]
552,043: [GC (Allocation Failure)  115408K->84000K(141312K), 0,0024505 secs]
552,072: [GC (Allocation Failure)  110624K->89776K(141312K), 0,0042684 secs]
552,110: [GC (Allocation Failure)  116400K->85000K(141312K), 0,0012662 secs]
552,136: [GC (Allocation Failure)  111624K->90840K(140288K), 0,0044145 secs]
552,173: [GC (Allocation Failure)  116440K->84968K(140800K), 0,0019426 secs]
552,202: [GC (Allocation Failure)  110568K->89752K(140288K), 0,0060268 secs]
552,246: [GC (Allocation Failure)  115352K->83912K(140800K), 0,0030855 secs]
552,272: [GC (Allocation Failure)  109512K->88696K(141312K), 0,0038377 secs]
552,310: [GC (Allocation Failure)  115320K->83848K(141312K), 0,0037815 secs]
552,337: [GC (Allocation Failure)  110472K->89688K(141312K), 0,0022229 secs]
552,375: [GC (Allocation Failure)  116312K->84872K(141312K), 0,0029823 secs]
552,400: [GC (Allocation Failure)  111496K->90680K(139776K), 0,0020323 secs]
552,438: [GC (Allocation Failure)  116280K->84840K(140800K), 0,0051616 secs]
552,467: [GC (Allocation Failure)  110440K->89656K(141312K), 0,0023632 secs]
552,504: [GC (Allocation Failure)  116280K->84840K(141312K), 0,0015855 secs]
552,528: [GC (Allocation Failure)  111464K->90616K(140288K), 0,0050631 secs]
552,565: [GC (Allocation Failure)  116216K->84808K(140800K), 0,0038326 secs]
552,591: [GC (Allocation Failure)  110408K->89592K(141312K), 0,0094871 secs]
552,633: [GC (Allocation Failure)  116216K->84808K(141312K), 0,0014759 secs]
552,656: [GC (Allocation Failure)  111432K->90624K(140288K), 0,0015051 secs]
552,689: [GC (Allocation Failure)  116224K->84784K(140800K), 0,0014907 secs]
552,714: [GC (Allocation Failure)  110384K->89568K(141312K), 0,0046386 secs]
552,756: [GC (Allocation Failure)  116192K->84752K(141312K), 0,0032116 secs]
552,788: [GC (Allocation Failure)  111376K->90560K(140288K), 0,0052281 secs]
552,830: [GC (Allocation Failure)  116160K->84688K(140800K), 0,0034645 secs]
552,858: [GC (Allocation Failure)  110288K->89480K(141312K), 0,0035051 secs]
552,896: [GC (Allocation Failure)  116104K->84664K(141312K), 0,0044678 secs]
552,923: [GC (Allocation Failure)  111288K->90504K(141312K), 0,0017555 secs]
552,958: [GC (Allocation Failure)  117128K->85720K(141312K), 0,0011911 secs]
552,982: [GC (Allocation Failure)  112344K->91536K(140288K), 0,0019208 secs]
553,016: [GC (Allocation Failure)  117136K->85696K(140800K), 0,0028086 secs]
553,041: [GC (Allocation Failure)  111296K->90480K(140288K), 0,0017919 secs]
553,078: [GC (Allocation Failure)  116080K->84640K(140800K), 0,0014146 secs]
553,103: [GC (Allocation Failure)  110240K->89392K(141312K), 0,0040591 secs]
553,139: [GC (Allocation Failure)  116016K->84640K(141312K), 0,0007699 secs]
553,162: [GC (Allocation Failure)  111264K->90416K(141312K), 0,0040846 secs]
553,200: [GC (Allocation Failure)  117040K->85632K(141312K), 0,0045580 secs]
553,228: [GC (Allocation Failure)  112256K->91440K(140288K), 0,0024688 secs]
553,263: [GC (Allocation Failure)  117040K->85600K(140800K), 0,0014033 secs]
553,288: [GC (Allocation Failure)  111200K->90384K(140288K), 0,0021265 secs]
553,322: [GC (Allocation Failure)  115984K->84552K(140800K), 0,0027487 secs]
553,347: [GC (Allocation Failure)  110152K->89336K(141312K), 0,0028197 secs]
553,383: [GC (Allocation Failure)  115960K->84520K(141312K), 0,0012875 secs]
553,407: [GC (Allocation Failure)  111144K->90328K(141312K), 0,0024435 secs]
553,442: [GC (Allocation Failure)  116952K->85520K(141312K), 0,0034055 secs]
553,469: [GC (Allocation Failure)  112144K->91368K(140288K), 0,0022173 secs]
553,504: [GC (Allocation Failure)  116968K->85496K(140800K), 0,0070666 secs]
553,533: [GC (Allocation Failure)  111096K->90280K(141312K), 0,0025187 secs]
553,568: [GC (Allocation Failure)  116904K->85464K(141312K), 0,0016186 secs]
553,590: [GC (Allocation Failure)  112088K->91304K(140288K), 0,0022791 secs]
553,624: [GC (Allocation Failure)  116904K->85464K(140800K), 0,0008882 secs]
553,646: [GC (Allocation Failure)  111064K->90280K(141312K), 0,0013538 secs]
553,680: [GC (Allocation Failure)  116904K->85464K(141312K), 0,0015470 secs]
553,702: [GC (Allocation Failure)  112088K->91240K(140288K), 0,0022488 secs]
553,736: [GC (Allocation Failure)  116840K->85432K(140800K), 0,0009143 secs]
553,759: [GC (Allocation Failure)  111032K->90224K(141312K), 0,0026956 secs]
553,793: [GC (Allocation Failure)  116848K->85416K(141312K), 0,0008145 secs]
553,814: [GC (Allocation Failure)  112040K->91224K(140288K), 0,0014843 secs]
553,846: [GC (Allocation Failure)  116824K->85416K(140800K), 0,0010753 secs]
553,871: [GC (Allocation Failure)  111016K->90200K(141312K), 0,0048650 secs]
553,910: [GC (Allocation Failure)  116824K->85352K(141312K), 0,0022169 secs]
553,934: [GC (Allocation Failure)  111976K->91200K(140288K), 0,0027850 secs]
553,972: [GC (Allocation Failure)  116800K->85336K(140800K), 0,0050158 secs]
554,000: [GC (Allocation Failure)  110936K->90152K(141312K), 0,0025281 secs]
554,035: [GC (Allocation Failure)  116776K->85336K(141312K), 0,0009970 secs]
554,060: [GC (Allocation Failure)  111960K->91152K(141312K), 0,0050959 secs]
554,100: [GC (Allocation Failure)  117776K->86344K(141312K), 0,0020897 secs]
554,125: [GC (Allocation Failure)  112968K->92152K(140288K), 0,0018359 secs]
554,162: [GC (Allocation Failure)  117752K->86376K(140800K), 0,0014848 secs]
554,186: [GC (Allocation Failure)  111976K->91128K(140288K), 0,0030632 secs]
554,222: [GC (Allocation Failure)  116728K->85256K(140800K), 0,0026362 secs]
554,246: [GC (Allocation Failure)  110856K->90040K(141312K), 0,0027374 secs]
554,279: [GC (Allocation Failure)  116664K->85256K(141312K), 0,0007845 secs]
554,301: [GC (Allocation Failure)  111880K->91064K(141312K), 0,0015290 secs]
554,335: [GC (Allocation Failure)  117688K->86248K(141312K), 0,0025285 secs]
554,359: [GC (Allocation Failure)  112872K->92088K(140288K), 0,0019211 secs]
554,394: [GC (Allocation Failure)  117688K->86280K(140800K), 0,0011689 secs]
554,419: [GC (Allocation Failure)  111880K->91000K(140288K), 0,0080117 secs]
554,460: [GC (Allocation Failure)  116600K->85160K(140800K), 0,0029934 secs]
554,485: [GC (Allocation Failure)  110760K->89944K(141312K), 0,0038444 secs]
554,522: [GC (Allocation Failure)  116568K->85128K(141312K), 0,0018623 secs]
554,546: [GC (Allocation Failure)  111752K->90968K(141312K), 0,0020212 secs]
554,581: [GC (Allocation Failure)  117592K->86152K(141312K), 0,0010059 secs]
554,604: [GC (Allocation Failure)  112776K->91960K(139776K), 0,0024721 secs]
554,639: [GC (Allocation Failure)  117560K->86160K(140800K), 0,0019394 secs]
554,665: [GC (Allocation Failure)  111760K->90912K(141312K), 0,0027723 secs]
554,701: [GC (Allocation Failure)  117536K->86128K(141312K), 0,0041582 secs]
554,729: [GC (Allocation Failure)  112752K->91904K(140288K), 0,0021699 secs]
554,764: [GC (Allocation Failure)  117504K->86064K(140800K), 0,0059766 secs]
554,792: [GC (Allocation Failure)  111664K->90720K(141312K), 0,0013687 secs]
554,825: [GC (Allocation Failure)  117344K->85936K(141312K), 0,0016622 secs]
554,848: [GC (Allocation Failure)  112560K->91712K(140288K), 0,0015278 secs]
554,881: [GC (Allocation Failure)  117312K->85840K(140800K), 0,0047889 secs]
554,906: [GC (Allocation Failure)  111440K->90624K(141312K), 0,0024888 secs]
554,943: [GC (Allocation Failure)  117248K->85776K(141312K), 0,0026576 secs]
554,968: [GC (Allocation Failure)  112400K->91648K(141312K), 0,0017964 secs]
555,003: [GC (Allocation Failure)  118272K->86832K(141312K), 0,0012351 secs]
555,029: [GC (Allocation Failure)  113456K->92680K(140288K), 0,0023264 secs]
555,064: [GC (Allocation Failure)  118280K->86848K(140800K), 0,0016646 secs]
555,087: [GC (Allocation Failure)  112448K->91568K(140288K), 0,0016452 secs]
555,120: [GC (Allocation Failure)  117168K->85760K(140800K), 0,0010303 secs]
555,142: [GC (Allocation Failure)  111360K->90544K(141312K), 0,0021148 secs]
555,177: [GC (Allocation Failure)  117168K->85728K(141312K), 0,0015283 secs]
555,200: [GC (Allocation Failure)  112352K->91568K(141312K), 0,0023182 secs]
555,234: [GC (Allocation Failure)  118192K->86760K(141312K), 0,0035685 secs]
555,259: [GC (Allocation Failure)  113384K->92568K(140288K), 0,0034711 secs]
555,294: [GC (Allocation Failure)  118168K->86760K(140800K), 0,0019320 secs]
555,317: [GC (Allocation Failure)  112360K->91512K(140288K), 0,0023593 secs]
555,350: [GC (Allocation Failure)  117112K->85640K(140800K), 0,0007733 secs]
555,372: [GC (Allocation Failure)  111240K->90464K(141312K), 0,0020939 secs]
555,406: [GC (Allocation Failure)  117088K->85648K(141312K), 0,0030275 secs]
555,431: [GC (Allocation Failure)  112272K->91464K(141312K), 0,0017280 secs]
555,465: [GC (Allocation Failure)  118088K->86648K(141312K), 0,0019187 secs]
555,488: [GC (Allocation Failure)  113272K->92520K(139776K), 0,0016317 secs]
555,522: [GC (Allocation Failure)  118120K->86616K(140800K), 0,0016575 secs]
555,545: [GC (Allocation Failure)  112216K->91400K(141312K), 0,0014313 secs]
555,582: [GC (Allocation Failure)  118024K->86616K(141312K), 0,0038695 secs]
555,611: [GC (Allocation Failure)  113240K->92456K(140288K), 0,0024618 secs]
555,646: [GC (Allocation Failure)  118056K->86616K(140800K), 0,0013274 secs]
555,671: [GC (Allocation Failure)  112216K->91376K(141312K), 0,0033049 secs]
555,710: [GC (Allocation Failure)  118000K->86592K(141312K), 0,0018947 secs]
555,735: [GC (Allocation Failure)  113216K->92400K(140288K), 0,0024312 secs]
555,770: [GC (Allocation Failure)  118000K->86592K(140800K), 0,0010266 secs]
555,793: [GC (Allocation Failure)  112192K->91312K(141312K), 0,0022152 secs]
555,828: [GC (Allocation Failure)  117936K->86528K(141312K), 0,0019064 secs]
555,852: [GC (Allocation Failure)  113152K->92368K(140288K), 0,0017561 secs]
555,887: [GC (Allocation Failure)  117968K->86496K(140800K), 0,0024728 secs]
555,911: [GC (Allocation Failure)  112096K->91280K(141312K), 0,0017227 secs]
555,946: [GC (Allocation Failure)  117904K->86496K(141312K), 0,0011891 secs]
555,969: [GC (Allocation Failure)  113120K->92304K(141312K), 0,0021809 secs]
556,004: [GC (Allocation Failure)  118928K->87496K(141312K), 0,0012594 secs]
556,028: [GC (Allocation Failure)  114120K->93336K(140288K), 0,0020979 secs]
556,062: [GC (Allocation Failure)  118936K->87464K(140800K), 0,0027998 secs]
556,087: [GC (Allocation Failure)  113064K->92256K(140288K), 0,0034042 secs]
556,123: [GC (Allocation Failure)  117856K->86448K(140800K), 0,0022166 secs]
556,147: [GC (Allocation Failure)  112048K->91200K(141312K), 0,0016820 secs]
556,182: [GC (Allocation Failure)  117824K->86384K(141312K), 0,0024765 secs]
556,211: [GC (Allocation Failure)  113008K->92200K(141312K), 0,0060786 secs]
556,251: [GC (Allocation Failure)  118824K->87448K(141312K), 0,0017148 secs]
556,275: [GC (Allocation Failure)  114072K->93224K(140288K), 0,0019356 secs]
556,311: [GC (Allocation Failure)  118824K->87416K(140800K), 0,0012831 secs]
556,334: [GC (Allocation Failure)  113016K->92208K(140288K), 0,0017105 secs]
556,373: [GC (Allocation Failure)  117808K->86368K(140800K), 0,0034523 secs]
556,402: [GC (Allocation Failure)  111968K->91120K(141312K), 0,0074665 secs]
556,445: [GC (Allocation Failure)  117744K->86304K(141312K), 0,0025596 secs]
556,472: [GC (Allocation Failure)  112928K->92112K(141312K), 0,0043486 secs]
556,508: [GC (Allocation Failure)  118736K->87296K(141312K), 0,0009415 secs]
556,529: [GC (Allocation Failure)  113920K->93136K(140288K), 0,0022641 secs]
556,565: [GC (Allocation Failure)  118736K->87304K(140800K), 0,0062646 secs]
556,596: [GC (Allocation Failure)  112904K->92064K(141312K), 0,0028925 secs]
556,633: [GC (Allocation Failure)  118688K->87280K(141312K), 0,0025443 secs]
556,662: [GC (Allocation Failure)  113904K->93128K(140288K), 0,0031008 secs]
556,698: [GC (Allocation Failure)  118728K->87288K(140800K), 0,0033940 secs]
556,729: [GC (Allocation Failure)  112888K->92072K(141312K), 0,0126234 secs]
556,777: [GC (Allocation Failure)  118696K->87256K(141312K), 0,0052951 secs]
556,808: [GC (Allocation Failure)  113880K->93104K(140288K), 0,0029848 secs]
556,845: [GC (Allocation Failure)  118704K->87232K(140800K), 0,0014214 secs]
556,870: [GC (Allocation Failure)  112832K->92048K(141312K), 0,0040119 secs]
556,907: [GC (Allocation Failure)  118672K->87232K(141312K), 0,0023345 secs]
556,932: [GC (Allocation Failure)  113856K->93008K(140288K), 0,0024635 secs]
556,968: [GC (Allocation Failure)  118608K->87200K(140800K), 0,0042336 secs]
557,000: [GC (Allocation Failure)  112800K->91984K(141312K), 0,0052764 secs]
557,042: [GC (Allocation Failure)  118608K->87144K(141312K), 0,0017801 secs]
557,067: [GC (Allocation Failure)  113768K->92992K(140288K), 0,0038634 secs]
557,103: [GC (Allocation Failure)  118592K->87152K(140800K), 0,0008464 secs]
557,126: [GC (Allocation Failure)  112752K->91936K(141312K), 0,0066439 secs]
557,167: [GC (Allocation Failure)  118560K->87128K(141312K), 0,0065692 secs]
557,196: [GC (Allocation Failure)  113752K->92936K(141312K), 0,0016849 secs]
557,230: [GC (Allocation Failure)  119560K->88184K(141312K), 0,0028959 secs]
557,256: [GC (Allocation Failure)  114808K->93928K(140288K), 0,0019295 secs]
557,292: [GC (Allocation Failure)  119528K->88088K(140800K), 0,0039972 secs]
557,320: [GC (Allocation Failure)  113688K->92904K(140288K), 0,0027000 secs]
557,355: [GC (Allocation Failure)  118504K->87032K(140800K), 0,0017813 secs]
557,379: [GC (Allocation Failure)  112632K->91816K(141312K), 0,0039702 secs]
557,417: [GC (Allocation Failure)  118440K->87000K(141312K), 0,0041241 secs]
557,444: [GC (Allocation Failure)  113624K->92808K(141312K), 0,0088931 secs]
557,483: [GC (Allocation Failure)  119432K->88056K(141312K), 0,0016669 secs]
557,506: [GC (Allocation Failure)  114680K->93896K(140288K), 0,0020399 secs]
557,539: [GC (Allocation Failure)  119496K->87992K(140800K), 0,0025670 secs]
557,563: [GC (Allocation Failure)  113592K->92776K(140288K), 0,0046637 secs]
557,599: [GC (Allocation Failure)  118376K->86936K(140800K), 0,0017252 secs]
557,621: [GC (Allocation Failure)  112536K->91720K(141312K), 0,0020787 secs]
557,661: [GC (Allocation Failure)  118344K->86904K(141312K), 0,0061799 secs]
557,696: [GC (Allocation Failure)  113528K->92744K(141312K), 0,0097096 secs]
557,745: [GC (Allocation Failure)  119368K->87960K(141312K), 0,0044833 secs]
557,778: [GC (Allocation Failure)  114584K->93736K(139776K), 0,0060545 secs]
557,822: [GC (Allocation Failure)  119336K->87968K(140800K), 0,0038627 secs]
557,855: [GC (Allocation Failure)  113568K->92688K(141312K), 0,0047434 secs]
557,897: [GC (Allocation Failure)  119312K->87904K(141312K), 0,0055359 secs]
557,931: [GC (Allocation Failure)  114528K->93744K(140288K), 0,0056071 secs]
557,974: [GC (Allocation Failure)  119344K->87872K(140800K), 0,0043296 secs]
558,007: [GC (Allocation Failure)  113472K->92656K(141312K), 0,0058212 secs]
558,047: [GC (Allocation Failure)  119280K->87872K(141312K), 0,0047662 secs]
558,076: [GC (Allocation Failure)  114496K->93680K(140288K), 0,0039215 secs]
558,114: [GC (Allocation Failure)  119280K->87848K(140800K), 0,0018665 secs]
558,141: [GC (Allocation Failure)  113448K->92600K(141312K), 0,0029614 secs]
558,177: [GC (Allocation Failure)  119224K->87848K(141312K), 0,0024814 secs]
558,203: [GC (Allocation Failure)  114472K->93592K(140288K), 0,0030005 secs]
558,238: [GC (Allocation Failure)  119192K->87816K(140800K), 0,0032509 secs]
558,263: [GC (Allocation Failure)  113416K->92568K(141312K), 0,0020508 secs]
558,298: [GC (Allocation Failure)  119192K->87760K(141312K), 0,0021052 secs]
558,323: [GC (Allocation Failure)  114384K->93568K(141312K), 0,0020963 secs]
558,357: [GC (Allocation Failure)  120192K->88816K(141312K), 0,0012669 secs]
558,379: [GC (Allocation Failure)  115440K->94632K(140288K), 0,0016718 secs]
558,415: [GC (Allocation Failure)  120232K->88792K(140800K), 0,0009591 secs]
558,439: [GC (Allocation Failure)  114392K->93552K(140288K), 0,0018859 secs]
558,475: [GC (Allocation Failure)  119152K->87744K(140800K), 0,0034126 secs]
558,505: [GC (Allocation Failure)  113344K->92528K(141312K), 0,0049366 secs]
558,547: [GC (Allocation Failure)  119152K->87712K(141312K), 0,0030244 secs]
558,574: [GC (Allocation Failure)  114336K->93488K(141312K), 0,0038474 secs]
558,612: [GC (Allocation Failure)  120112K->88672K(141312K), 0,0034009 secs]
558,637: [GC (Allocation Failure)  115296K->94488K(140288K), 0,0028448 secs]
558,674: [GC (Allocation Failure)  120088K->88680K(140800K), 0,0019932 secs]
558,699: [GC (Allocation Failure)  114280K->93464K(140288K), 0,0015386 secs]
558,735: [GC (Allocation Failure)  119064K->87624K(140800K), 0,0028942 secs]
558,760: [GC (Allocation Failure)  113224K->92376K(141312K), 0,0047455 secs]
558,798: [GC (Allocation Failure)  119000K->87416K(141312K), 0,0010298 secs]
558,821: [GC (Allocation Failure)  114040K->93224K(141312K), 0,0022781 secs]
558,854: [GC (Allocation Failure)  119848K->88440K(141312K), 0,0017023 secs]
558,880: [GC (Allocation Failure)  115064K->94248K(140288K), 0,0052900 secs]
558,923: [GC (Allocation Failure)  119848K->88376K(140800K), 0,0031955 secs]
558,951: [GC (Allocation Failure)  113976K->93136K(141312K), 0,0028174 secs]
558,988: [GC (Allocation Failure)  119760K->88320K(141312K), 0,0044262 secs]
559,016: [GC (Allocation Failure)  114944K->94160K(140288K), 0,0022388 secs]
559,051: [GC (Allocation Failure)  119760K->88352K(140800K), 0,0011509 secs]
559,074: [GC (Allocation Failure)  113952K->93104K(141312K), 0,0029975 secs]
559,110: [GC (Allocation Failure)  119728K->88288K(141312K), 0,0069124 secs]
559,139: [GC (Allocation Failure)  114912K->94128K(140288K), 0,0020519 secs]
559,174: [GC (Allocation Failure)  119728K->88256K(140800K), 0,0020152 secs]
559,198: [GC (Allocation Failure)  113856K->93040K(141312K), 0,0029550 secs]
559,234: [GC (Allocation Failure)  119664K->88256K(141312K), 0,0010248 secs]
559,257: [GC (Allocation Failure)  114880K->94064K(141312K), 0,0018908 secs]
559,292: [GC (Allocation Failure)  120688K->89280K(141312K), 0,0014116 secs]
559,316: [GC (Allocation Failure)  115904K->95056K(140288K), 0,0031797 secs]
559,352: [GC (Allocation Failure)  120656K->89248K(140800K), 0,0012973 secs]
559,375: [GC (Allocation Failure)  114848K->94000K(140288K), 0,0035119 secs]
559,411: [GC (Allocation Failure)  119600K->88192K(140800K), 0,0026717 secs]
559,440: [GC (Allocation Failure)  113792K->92976K(141312K), 0,0046308 secs]
559,481: [GC (Allocation Failure)  119600K->88160K(141312K), 0,0018990 secs]
559,508: [GC (Allocation Failure)  114784K->93968K(141312K), 0,0059296 secs]
559,547: [GC (Allocation Failure)  120592K->89184K(141312K), 0,0011217 secs]
559,570: [GC (Allocation Failure)  115808K->94992K(140288K), 0,0034448 secs]
559,607: [GC (Allocation Failure)  120592K->89120K(140800K), 0,0065719 secs]
559,638: [GC (Allocation Failure)  114720K->93904K(140288K), 0,0040493 secs]
559,675: [GC (Allocation Failure)  119504K->88064K(140800K), 0,0015767 secs]
559,698: [GC (Allocation Failure)  113664K->92848K(141312K), 0,0015855 secs]
559,731: [GC (Allocation Failure)  119472K->88072K(141312K), 0,0017925 secs]
559,754: [GC (Allocation Failure)  114696K->93888K(141312K), 0,0016967 secs]
559,788: [GC (Allocation Failure)  120512K->89104K(141312K), 0,0011871 secs]
559,811: [GC (Allocation Failure)  115728K->94912K(139776K), 0,0019517 secs]
559,846: [GC (Allocation Failure)  120512K->89040K(140800K), 0,0011064 secs]
559,869: [GC (Allocation Failure)  114640K->93824K(141312K), 0,0019556 secs]
559,903: [GC (Allocation Failure)  120448K->89008K(141312K), 0,0009625 secs]
559,926: [GC (Allocation Failure)  115632K->94848K(140288K), 0,0016391 secs]
559,960: [GC (Allocation Failure)  120448K->89040K(140800K), 0,0010125 secs]
559,983: [GC (Allocation Failure)  114640K->93792K(141312K), 0,0027704 secs]
560,019: [GC (Allocation Failure)  120416K->88976K(141312K), 0,0023947 secs]
560,043: [GC (Allocation Failure)  115600K->94816K(140288K), 0,0017860 secs]
560,078: [GC (Allocation Failure)  120416K->88944K(140800K), 0,0009057 secs]
560,101: [GC (Allocation Failure)  114544K->93728K(141312K), 0,0026596 secs]
560,136: [GC (Allocation Failure)  120352K->88944K(141312K), 0,0010156 secs]
560,163: [GC (Allocation Failure)  115568K->94752K(140288K), 0,0050667 secs]
560,204: [GC (Allocation Failure)  120352K->88944K(140800K), 0,0019056 secs]
560,231: [GC (Allocation Failure)  114544K->93664K(141312K), 0,0119363 secs]
560,276: [GC (Allocation Failure)  120288K->88848K(141312K), 0,0038585 secs]
560,306: [GC (Allocation Failure)  115472K->94720K(140288K), 0,0065726 secs]
560,349: [GC (Allocation Failure)  120320K->88880K(140800K), 0,0017760 secs]
560,374: [GC (Allocation Failure)  114480K->93640K(141312K), 0,0016130 secs]
560,408: [GC (Allocation Failure)  120264K->88856K(141312K), 0,0033512 secs]
560,434: [GC (Allocation Failure)  115480K->94632K(141312K), 0,0017679 secs]
560,469: [GC (Allocation Failure)  121256K->89880K(141312K), 0,0010489 secs]
560,492: [GC (Allocation Failure)  116504K->95656K(140288K), 0,0032672 secs]
560,528: [GC (Allocation Failure)  121256K->89816K(140800K), 0,0053599 secs]
560,557: [GC (Allocation Failure)  115416K->94632K(140288K), 0,0034658 secs]
560,593: [GC (Allocation Failure)  120232K->88728K(140800K), 0,0026168 secs]
560,618: [GC (Allocation Failure)  114328K->93544K(141312K), 0,0026396 secs]
560,654: [GC (Allocation Failure)  120168K->88728K(141312K), 0,0044943 secs]
560,681: [GC (Allocation Failure)  115352K->94536K(141312K), 0,0036925 secs]
560,718: [GC (Allocation Failure)  121160K->89752K(141312K), 0,0011805 secs]
560,741: [GC (Allocation Failure)  116376K->95560K(140288K), 0,0019108 secs]
560,776: [GC (Allocation Failure)  121160K->89688K(140800K), 0,0036462 secs]
560,802: [GC (Allocation Failure)  115288K->94504K(140288K), 0,0026768 secs]
560,838: [GC (Allocation Failure)  120104K->88704K(140800K), 0,0010545 secs]
560,861: [GC (Allocation Failure)  114304K->93432K(141312K), 0,0016377 secs]
560,896: [GC (Allocation Failure)  120056K->88648K(141312K), 0,0010157 secs]
560,919: [GC (Allocation Failure)  115272K->94520K(141312K), 0,0017068 secs]
560,954: [GC (Allocation Failure)  121144K->89640K(141312K), 0,0011050 secs]
560,977: [GC (Allocation Failure)  116264K->95512K(139776K), 0,0018499 secs]
561,012: [GC (Allocation Failure)  121112K->89680K(140800K), 0,0021503 secs]
561,039: [GC (Allocation Failure)  115280K->94464K(141312K), 0,0029358 secs]
561,075: [GC (Allocation Failure)  121088K->89648K(141312K), 0,0010356 secs]
561,098: [GC (Allocation Failure)  116272K->95456K(140288K), 0,0018599 secs]
561,133: [GC (Allocation Failure)  121056K->89616K(140800K), 0,0011470 secs]
561,156: [GC (Allocation Failure)  115216K->94400K(141312K), 0,0017497 secs]
561,191: [GC (Allocation Failure)  121024K->89584K(141312K), 0,0011197 secs]
561,215: [GC (Allocation Failure)  116208K->95392K(140288K), 0,0027896 secs]
561,249: [GC (Allocation Failure)  120992K->89520K(140800K), 0,0016935 secs]
561,271: [GC (Allocation Failure)  115120K->94304K(141312K), 0,0014150 secs]
561,305: [GC (Allocation Failure)  120928K->89520K(141312K), 0,0017178 secs]
561,327: [GC (Allocation Failure)  116144K->95336K(140288K), 0,0017087 secs]
561,360: [GC (Allocation Failure)  120936K->89528K(140800K), 0,0007940 secs]
561,382: [GC (Allocation Failure)  115128K->94248K(141312K), 0,0022635 secs]
561,416: [GC (Allocation Failure)  120872K->89464K(141312K), 0,0016288 secs]
561,439: [GC (Allocation Failure)  116088K->95304K(141312K), 0,0015563 secs]
561,473: [GC (Allocation Failure)  121928K->90488K(141312K), 0,0036468 secs]
561,497: [GC (Allocation Failure)  117112K->96296K(140288K), 0,0133932 secs]
561,542: [GC (Allocation Failure)  121896K->90456K(140800K), 0,0010483 secs]
561,565: [GC (Allocation Failure)  116056K->95280K(140288K), 0,0014224 secs]
561,597: [GC (Allocation Failure)  120880K->89408K(140800K), 0,0010063 secs]
561,619: [GC (Allocation Failure)  115008K->94192K(141312K), 0,0014414 secs]
561,653: [GC (Allocation Failure)  120816K->89408K(141312K), 0,0027088 secs]
561,677: [GC (Allocation Failure)  116032K->95216K(141312K), 0,0023185 secs]
561,710: [GC (Allocation Failure)  121840K->90400K(141312K), 0,0016382 secs]
561,733: [GC (Allocation Failure)  117024K->96240K(140288K), 0,0023259 secs]
561,766: [GC (Allocation Failure)  121840K->90368K(140800K), 0,0016336 secs]
561,788: [GC (Allocation Failure)  115968K->95152K(140288K), 0,0015222 secs]
561,822: [GC (Allocation Failure)  120752K->89344K(140800K), 0,0026244 secs]
561,846: [GC (Allocation Failure)  114944K->94096K(141312K), 0,0021081 secs]
561,879: [GC (Allocation Failure)  120720K->89280K(141312K), 0,0007087 secs]
561,900: [GC (Allocation Failure)  115904K->95088K(141312K), 0,0022910 secs]
561,935: [GC (Allocation Failure)  121712K->90272K(141312K), 0,0026950 secs]
561,959: [GC (Allocation Failure)  116896K->96112K(140288K), 0,0015589 secs]
561,993: [GC (Allocation Failure)  121712K->90240K(140800K), 0,0024389 secs]
562,021: [GC (Allocation Failure)  115840K->95064K(141312K), 0,0039439 secs]
562,059: [GC (Allocation Failure)  121688K->90248K(141312K), 0,0021668 secs]
562,084: [GC (Allocation Failure)  116872K->96088K(140288K), 0,0016085 secs]
562,117: [GC (Allocation Failure)  121688K->90216K(140800K), 0,0010071 secs]
562,139: [GC (Allocation Failure)  115816K->95000K(141312K), 0,0017283 secs]
562,172: [GC (Allocation Failure)  121624K->90184K(141312K), 0,0015945 secs]
562,196: [GC (Allocation Failure)  116808K->96024K(140288K), 0,0106783 secs]
562,246: [GC (Allocation Failure)  121624K->90184K(140800K), 0,0018565 secs]
562,270: [GC (Allocation Failure)  115784K->94968K(141312K), 0,0020160 secs]
562,307: [GC (Allocation Failure)  121592K->90160K(141312K), 0,0015475 secs]
562,331: [GC (Allocation Failure)  116784K->96000K(140288K), 0,0016846 secs]
562,363: [GC (Allocation Failure)  121600K->90192K(140800K), 0,0008977 secs]
562,385: [GC (Allocation Failure)  115792K->94920K(141312K), 0,0013264 secs]
562,419: [GC (Allocation Failure)  121544K->90136K(141312K), 0,0035443 secs]
562,451: [GC (Allocation Failure)  116760K->95944K(140288K), 0,0064105 secs]
562,494: [GC (Allocation Failure)  121544K->90104K(140800K), 0,0041583 secs]
562,523: [GC (Allocation Failure)  115704K->94888K(141312K), 0,0038406 secs]
562,560: [GC (Allocation Failure)  121512K->90104K(141312K), 0,0019245 secs]
562,585: [GC (Allocation Failure)  116728K->95880K(141312K), 0,0017652 secs]
562,624: [GC (Allocation Failure)  122504K->91096K(141312K), 0,0035669 secs]
562,654: [GC (Allocation Failure)  117720K->96912K(140288K), 0,0030953 secs]
562,691: [GC (Allocation Failure)  122512K->91072K(140800K), 0,0056069 secs]
562,721: [GC (Allocation Failure)  116672K->95824K(140288K), 0,0061403 secs]
562,760: [GC (Allocation Failure)  121424K->90048K(140800K), 0,0010531 secs]
562,784: [GC (Allocation Failure)  115648K->94608K(141312K), 0,0026680 secs]
562,821: [GC (Allocation Failure)  121232K->89792K(141312K), 0,0048936 secs]
562,848: [GC (Allocation Failure)  116416K->95632K(141312K), 0,0029219 secs]
562,882: [GC (Allocation Failure)  122256K->90784K(141312K), 0,0016580 secs]
562,906: [GC (Allocation Failure)  117408K->96592K(140288K), 0,0023060 secs]
562,940: [GC (Allocation Failure)  122192K->90688K(140800K), 0,0016956 secs]
562,963: [GC (Allocation Failure)  116288K->95472K(141312K), 0,0062779 secs]
563,002: [GC (Allocation Failure)  122096K->90688K(141312K), 0,0015855 secs]
563,025: [GC (Allocation Failure)  117312K->96496K(140288K), 0,0033915 secs]
563,061: [GC (Allocation Failure)  122096K->90624K(140800K), 0,0026754 secs]
563,085: [GC (Allocation Failure)  116224K->95472K(141312K), 0,0024620 secs]
563,120: [GC (Allocation Failure)  122096K->90624K(141312K), 0,0026333 secs]
563,144: [GC (Allocation Failure)  117248K->96472K(140288K), 0,0015105 secs]
563,176: [GC (Allocation Failure)  122072K->90600K(140800K), 0,0025241 secs]
563,199: [GC (Allocation Failure)  116200K->95384K(141312K), 0,0032985 secs]
563,235: [GC (Allocation Failure)  122008K->90568K(141312K), 0,0024175 secs]
563,258: [GC (Allocation Failure)  117192K->96376K(140288K), 0,0029913 secs]
563,294: [GC (Allocation Failure)  121976K->90568K(140800K), 0,0017743 secs]
563,317: [GC (Allocation Failure)  116168K->95352K(141312K), 0,0025354 secs]
563,351: [GC (Allocation Failure)  121976K->90536K(141312K), 0,0007687 secs]
563,375: [GC (Allocation Failure)  117160K->96344K(141312K), 0,0031131 secs]
563,410: [GC (Allocation Failure)  122968K->91528K(141312K), 0,0023943 secs]
563,435: [GC (Allocation Failure)  118152K->97368K(140288K), 0,0038531 secs]
563,472: [GC (Allocation Failure)  122968K->91560K(140800K), 0,0022208 secs]
563,499: [GC (Allocation Failure)  117160K->96376K(140288K), 0,0032885 secs]
563,537: [GC (Allocation Failure)  121976K->90480K(140800K), 0,0046456 secs]
563,568: [GC (Allocation Failure)  116080K->95264K(141312K), 0,0092913 secs]
563,615: [GC (Allocation Failure)  121376K->89968K(140800K), 0,0074282 secs]
563,651: [GC (Allocation Failure)  116080K->95200K(141312K), 0,0143478 secs]
563,699: [GC (Allocation Failure)  121824K->90448K(141312K), 0,0024743 secs]
563,726: [GC (Allocation Failure)  117072K->96224K(140800K), 0,0053531 secs]
563,771: [GC (Allocation Failure)  122848K->91408K(141312K), 0,0080853 secs]
563,807: [GC (Allocation Failure)  118032K->97248K(139776K), 0,0082321 secs]
563,854: [GC (Allocation Failure)  122848K->91408K(140800K), 0,0047567 secs]
563,886: [GC (Allocation Failure)  117008K->96192K(141312K), 0,0050728 secs]
563,930: [GC (Allocation Failure)  122816K->91408K(141312K), 0,0098419 secs]
563,967: [GC (Allocation Failure)  118032K->97216K(140288K), 0,0054166 secs]
564,010: [GC (Allocation Failure)  122816K->91384K(140800K), 0,0026790 secs]
564,036: [GC (Allocation Failure)  116984K->96168K(140288K), 0,0018745 secs]
564,075: [GC (Allocation Failure)  121768K->90328K(140800K), 0,0034339 secs]
564,106: [GC (Allocation Failure)  115928K->95112K(141312K), 0,0048259 secs]
564,148: [GC (Allocation Failure)  121736K->90296K(141312K), 0,0038732 secs]
564,179: [GC (Allocation Failure)  116920K->96104K(141312K), 0,0025689 secs]
564,214: [GC (Allocation Failure)  122728K->91288K(141312K), 0,0022632 secs]
564,239: [GC (Allocation Failure)  117912K->97096K(140800K), 0,0029951 secs]
564,273: [GC (Allocation Failure)  123720K->92344K(141312K), 0,0022075 secs]
564,296: [GC (Allocation Failure)  118968K->98152K(140288K), 0,0025579 secs]
564,330: [GC (Allocation Failure)  123752K->92280K(140800K), 0,0065788 secs]
564,361: [GC (Allocation Failure)  117880K->97032K(140288K), 0,0038138 secs]
564,397: [GC (Allocation Failure)  122632K->91256K(140800K), 0,0008317 secs]
564,420: [GC (Allocation Failure)  116856K->95976K(140800K), 0,0073999 secs]
564,462: [GC (Allocation Failure)  121576K->90176K(140800K), 0,0022037 secs]
564,490: [GC (Allocation Failure)  115776K->94960K(141312K), 0,0046324 secs]
564,531: [GC (Allocation Failure)  121584K->90144K(141312K), 0,0038235 secs]
564,560: [GC (Allocation Failure)  116768K->95984K(141312K), 0,0027173 secs]
564,597: [GC (Allocation Failure)  122608K->91168K(141312K), 0,0034964 secs]
564,624: [GC (Allocation Failure)  117792K->96992K(140800K), 0,0024404 secs]
564,662: [GC (Allocation Failure)  123616K->92176K(141312K), 0,0034713 secs]
564,689: [GC (Allocation Failure)  118800K->98024K(139776K), 0,0024933 secs]
564,724: [GC (Allocation Failure)  123624K->92184K(140800K), 0,0020902 secs]
564,749: [GC (Allocation Failure)  117784K->96968K(140288K), 0,0035436 secs]
564,788: [GC (Allocation Failure)  122568K->91096K(140800K), 0,0035388 secs]
564,814: [GC (Allocation Failure)  116696K->95912K(141312K), 0,0023507 secs]
564,847: [GC (Allocation Failure)  122536K->91144K(141312K), 0,0063124 secs]
564,878: [GC (Allocation Failure)  117768K->96920K(141312K), 0,0033677 secs]
564,914: [GC (Allocation Failure)  123544K->92104K(141312K), 0,0014694 secs]
564,939: [GC (Allocation Failure)  118728K->97912K(140288K), 0,0068055 secs]
564,979: [GC (Allocation Failure)  123512K->92072K(140800K), 0,0022880 secs]
565,004: [GC (Allocation Failure)  117672K->96856K(140288K), 0,0030039 secs]
565,042: [GC (Allocation Failure)  122456K->91016K(140800K), 0,0045007 secs]
565,069: [GC (Allocation Failure)  116616K->95800K(141312K), 0,0041037 secs]
565,106: [GC (Allocation Failure)  122424K->91048K(141312K), 0,0010792 secs]
565,129: [GC (Allocation Failure)  117672K->96792K(141312K), 0,0027526 secs]
565,165: [GC (Allocation Failure)  123416K->92008K(141312K), 0,0028171 secs]
565,190: [GC (Allocation Failure)  118632K->97816K(139776K), 0,0036675 secs]
565,227: [GC (Allocation Failure)  123416K->91976K(140800K), 0,0012254 secs]
565,250: [GC (Allocation Failure)  117576K->96760K(141312K), 0,0032410 secs]
565,286: [GC (Allocation Failure)  123384K->91976K(141312K), 0,0024494 secs]
565,311: [GC (Allocation Failure)  118600K->97784K(140288K), 0,0024509 secs]
565,344: [GC (Allocation Failure)  123384K->91912K(140800K), 0,0009477 secs]
565,367: [GC (Allocation Failure)  117512K->96696K(141312K), 0,0014534 secs]
565,401: [GC (Allocation Failure)  123320K->91944K(141312K), 0,0007614 secs]
565,423: [GC (Allocation Failure)  118568K->97728K(140288K), 0,0014701 secs]
565,457: [GC (Allocation Failure)  123328K->91856K(140800K), 0,0016222 secs]
565,479: [GC (Allocation Failure)  117456K->96672K(141312K), 0,0014882 secs]
565,513: [GC (Allocation Failure)  123296K->91896K(141312K), 0,0033034 secs]
565,544: [GC (Allocation Failure)  118520K->97704K(140288K), 0,0042968 secs]
565,581: [GC (Allocation Failure)  123304K->91904K(140800K), 0,0008948 secs]
565,604: [GC (Allocation Failure)  117504K->96688K(141312K), 0,0014964 secs]
565,636: [GC (Allocation Failure)  123312K->91848K(141312K), 0,0007676 secs]
565,658: [GC (Allocation Failure)  118472K->97656K(140288K), 0,0025247 secs]
565,693: [GC (Allocation Failure)  123256K->91816K(140800K), 0,0007574 secs]
565,714: [GC (Allocation Failure)  117416K->96568K(141312K), 0,0044532 secs]
565,749: [GC (Allocation Failure)  123192K->91784K(141312K), 0,0015272 secs]
565,771: [GC (Allocation Failure)  118408K->97624K(141312K), 0,0015278 secs]
565,804: [GC (Allocation Failure)  124248K->92808K(141312K), 0,0009472 secs]
565,827: [GC (Allocation Failure)  119432K->98616K(140288K), 0,0032856 secs]
565,862: [GC (Allocation Failure)  124216K->92776K(140800K), 0,0031744 secs]
565,887: [GC (Allocation Failure)  118376K->97528K(140288K), 0,0015944 secs]
565,921: [GC (Allocation Failure)  123128K->91728K(140800K), 0,0007760 secs]
565,943: [GC (Allocation Failure)  117328K->96488K(141312K), 0,0014368 secs]
565,975: [GC (Allocation Failure)  123112K->91704K(141312K), 0,0017385 secs]
565,997: [GC (Allocation Failure)  118328K->97512K(141312K), 0,0021961 secs]
566,031: [GC (Allocation Failure)  124136K->92696K(141312K), 0,0018805 secs]
566,055: [GC (Allocation Failure)  119320K->98544K(140288K), 0,0041433 secs]
566,090: [GC (Allocation Failure)  124144K->92704K(140800K), 0,0009082 secs]
566,111: [GC (Allocation Failure)  118304K->97488K(140288K), 0,0014140 secs]
566,143: [GC (Allocation Failure)  123088K->91648K(140800K), 0,0023216 secs]
566,167: [GC (Allocation Failure)  117248K->96400K(141312K), 0,0022942 secs]
566,203: [GC (Allocation Failure)  123024K->91584K(141312K), 0,0024019 secs]
566,227: [GC (Allocation Failure)  118208K->97456K(141312K), 0,0015004 secs]
566,260: [GC (Allocation Failure)  124080K->92648K(141312K), 0,0009024 secs]
566,282: [GC (Allocation Failure)  119272K->98424K(139776K), 0,0033788 secs]
566,318: [GC (Allocation Failure)  124024K->92584K(140800K), 0,0031660 secs]
566,343: [GC (Allocation Failure)  118184K->97368K(141312K), 0,0017547 secs]
566,376: [GC (Allocation Failure)  123992K->92592K(141312K), 0,0013284 secs]
566,398: [GC (Allocation Failure)  119216K->98432K(140288K), 0,0022639 secs]
566,432: [GC (Allocation Failure)  124032K->92560K(140800K), 0,0017694 secs]
566,454: [GC (Allocation Failure)  118160K->97312K(141312K), 0,0032255 secs]
566,489: [GC (Allocation Failure)  123936K->92568K(141312K), 0,0007972 secs]
566,511: [GC (Allocation Failure)  119192K->98416K(140288K), 0,0029735 secs]
566,546: [GC (Allocation Failure)  124016K->92512K(140800K), 0,0007825 secs]
566,567: [GC (Allocation Failure)  118112K->97336K(141312K), 0,0022463 secs]
566,601: [GC (Allocation Failure)  123960K->92520K(141312K), 0,0044105 secs]
566,631: [GC (Allocation Failure)  119144K->98328K(140288K), 0,0073082 secs]
566,675: [GC (Allocation Failure)  123928K->92488K(140800K), 0,0025633 secs]
566,700: [GC (Allocation Failure)  118088K->97272K(141312K), 0,0021029 secs]
566,733: [GC (Allocation Failure)  123896K->92456K(141312K), 0,0015780 secs]
566,755: [GC (Allocation Failure)  119080K->98264K(140288K), 0,0023283 secs]
566,789: [GC (Allocation Failure)  123864K->92264K(140800K), 0,0014971 secs]
566,811: [GC (Allocation Failure)  117864K->97016K(141312K), 0,0088625 secs]
566,852: [GC (Allocation Failure)  123640K->92232K(141312K), 0,0010098 secs]
566,874: [GC (Allocation Failure)  118856K->98040K(141312K), 0,0021981 secs]
566,911: [GC (Allocation Failure)  124664K->93224K(141312K), 0,0151592 secs]
566,950: [GC (Allocation Failure)  119848K->99000K(139776K), 0,0021083 secs]
566,984: [GC (Allocation Failure)  124600K->93160K(140800K), 0,0016832 secs]
567,007: [GC (Allocation Failure)  118760K->97944K(141312K), 0,0017264 secs]
567,040: [GC (Allocation Failure)  124568K->93192K(141312K), 0,0008120 secs]
567,063: [GC (Allocation Failure)  119816K->99000K(140288K), 0,0054186 secs]
567,102: [GC (Allocation Failure)  124600K->93168K(140800K), 0,0020615 secs]
567,126: [GC (Allocation Failure)  118768K->97920K(140288K), 0,0038070 secs]
567,163: [GC (Allocation Failure)  123520K->92048K(140800K), 0,0032134 secs]
567,188: [GC (Allocation Failure)  117648K->96864K(141312K), 0,0016657 secs]
567,223: [GC (Allocation Failure)  123488K->92080K(141312K), 0,0022208 secs]
567,247: [GC (Allocation Failure)  118704K->97856K(141312K), 0,0016990 secs]
567,282: [GC (Allocation Failure)  124480K->93088K(141312K), 0,0010930 secs]
567,305: [GC (Allocation Failure)  119712K->98896K(140800K), 0,0044504 secs]
567,342: [GC (Allocation Failure)  125520K->94128K(141312K), 0,0031231 secs]
567,368: [GC (Allocation Failure)  120752K->99904K(139776K), 0,0019375 secs]
567,402: [GC (Allocation Failure)  125504K->94096K(140800K), 0,0012702 secs]
567,426: [GC (Allocation Failure)  119696K->98856K(140288K), 0,0038977 secs]
567,462: [GC (Allocation Failure)  124456K->93048K(140800K), 0,0012271 secs]
567,485: [GC (Allocation Failure)  118648K->97800K(141312K), 0,0039362 secs]
567,522: [GC (Allocation Failure)  123912K->92504K(140800K), 0,0012516 secs]
567,545: [GC (Allocation Failure)  118616K->97808K(141312K), 0,0018920 secs]
567,580: [GC (Allocation Failure)  124432K->92992K(141312K), 0,0012659 secs]
567,604: [GC (Allocation Failure)  119616K->98808K(140288K), 0,0035783 secs]
567,640: [GC (Allocation Failure)  124408K->92936K(140800K), 0,0012709 secs]
567,669: [GC (Allocation Failure)  118536K->97784K(141312K), 0,0045149 secs]
567,711: [GC (Allocation Failure)  124408K->92968K(141312K), 0,0032546 secs]
567,743: [GC (Allocation Failure)  119592K->98744K(141312K), 0,0048298 secs]
567,786: [GC (Allocation Failure)  125368K->93960K(141312K), 0,0035620 secs]
567,817: [GC (Allocation Failure)  120584K->99840K(140288K), 0,0053023 secs]
567,858: [GC (Allocation Failure)  125440K->93968K(140800K), 0,0032085 secs]
567,885: [GC (Allocation Failure)  119568K->98728K(140288K), 0,0021374 secs]
567,919: [GC (Allocation Failure)  124328K->92920K(140800K), 0,0012544 secs]
567,943: [GC (Allocation Failure)  118520K->97704K(141312K), 0,0041560 secs]
567,981: [GC (Allocation Failure)  124328K->92856K(141312K), 0,0037219 secs]
568,006: [GC (Allocation Failure)  119480K->98696K(141312K), 0,0022333 secs]
568,040: [GC (Allocation Failure)  125320K->93880K(141312K), 0,0016949 secs]
568,064: [GC (Allocation Failure)  120504K->99720K(140288K), 0,0031286 secs]
568,100: [GC (Allocation Failure)  125320K->93880K(140800K), 0,0035340 secs]
568,126: [GC (Allocation Failure)  119480K->98632K(140288K), 0,0037632 secs]
568,163: [GC (Allocation Failure)  124232K->92800K(140800K), 0,0009124 secs]
568,186: [GC (Allocation Failure)  118400K->97592K(141312K), 0,0024327 secs]
568,221: [GC (Allocation Failure)  124216K->92776K(141312K), 0,0008614 secs]
568,244: [GC (Allocation Failure)  119400K->98584K(141312K), 0,0017329 secs]
568,279: [GC (Allocation Failure)  125208K->93800K(141312K), 0,0010832 secs]
568,302: [GC (Allocation Failure)  120424K->99648K(139776K), 0,0027902 secs]
568,338: [GC (Allocation Failure)  125248K->93808K(140800K), 0,0022436 secs]
568,361: [GC (Allocation Failure)  119408K->98528K(141312K), 0,0025776 secs]
568,396: [GC (Allocation Failure)  125152K->93712K(141312K), 0,0041558 secs]
568,422: [GC (Allocation Failure)  120336K->99584K(140288K), 0,0026511 secs]
568,461: [GC (Allocation Failure)  125184K->93752K(140800K), 0,0031214 secs]
568,486: [GC (Allocation Failure)  119352K->98504K(141312K), 0,0023489 secs]
568,520: [GC (Allocation Failure)  125128K->93688K(141312K), 0,0029249 secs]
568,545: [GC (Allocation Failure)  120312K->99496K(140288K), 0,0051063 secs]
568,582: [GC (Allocation Failure)  125096K->93688K(140800K), 0,0015981 secs]
568,605: [GC (Allocation Failure)  119288K->98440K(141312K), 0,0013812 secs]
568,643: [GC (Allocation Failure)  125064K->93656K(141312K), 0,0034543 secs]
568,671: [GC (Allocation Failure)  120280K->99472K(140288K), 0,0015362 secs]
568,706: [GC (Allocation Failure)  125072K->93632K(140800K), 0,0044995 secs]
568,736: [GC (Allocation Failure)  119232K->98416K(141312K), 0,0032183 secs]
568,771: [GC (Allocation Failure)  125040K->93600K(141312K), 0,0040192 secs]
568,796: [GC (Allocation Failure)  120224K->99440K(141312K), 0,0040747 secs]
568,833: [GC (Allocation Failure)  126064K->94656K(141312K), 0,0009114 secs]
568,854: [GC (Allocation Failure)  121280K->100496K(140288K), 0,0016342 secs]
568,888: [GC (Allocation Failure)  126096K->94592K(140800K), 0,0008586 secs]
568,910: [GC (Allocation Failure)  120192K->99408K(140288K), 0,0016114 secs]
568,944: [GC (Allocation Failure)  125008K->93576K(140800K), 0,0008979 secs]
568,966: [GC (Allocation Failure)  119176K->98360K(141312K), 0,0013069 secs]
569,000: [GC (Allocation Failure)  124472K->93000K(140800K), 0,0016796 secs]
569,023: [GC (Allocation Failure)  119112K->98328K(141312K), 0,0013736 secs]
569,057: [GC (Allocation Failure)  124952K->93512K(141312K), 0,0053640 secs]
569,087: [GC (Allocation Failure)  120136K->99320K(141312K), 0,0018944 secs]
569,120: [GC (Allocation Failure)  125944K->94536K(141312K), 0,0018380 secs]
569,143: [GC (Allocation Failure)  121160K->100384K(139776K), 0,0016209 secs]
569,177: [GC (Allocation Failure)  125984K->94512K(140800K), 0,0016610 secs]
569,199: [GC (Allocation Failure)  120112K->99264K(140288K), 0,0017777 secs]
569,232: [GC (Allocation Failure)  124864K->93424K(140800K), 0,0039532 secs]
569,258: [GC (Allocation Failure)  119024K->98208K(141312K), 0,0020980 secs]
569,293: [GC (Allocation Failure)  124832K->93440K(141312K), 0,0008005 secs]
569,314: [GC (Allocation Failure)  120064K->99288K(141312K), 0,0014353 secs]
569,348: [GC (Allocation Failure)  125912K->94440K(141312K), 0,0023359 secs]
569,371: [GC (Allocation Failure)  121064K->100248K(139776K), 0,0032812 secs]
569,407: [GC (Allocation Failure)  125848K->94440K(140800K), 0,0016496 secs]
569,429: [GC (Allocation Failure)  120040K->99224K(141312K), 0,0028211 secs]
569,464: [GC (Allocation Failure)  125848K->94408K(141312K), 0,0017030 secs]
569,486: [GC (Allocation Failure)  121032K->100184K(140288K), 0,0024439 secs]
569,520: [GC (Allocation Failure)  125784K->94384K(140800K), 0,0008582 secs]
569,541: [GC (Allocation Failure)  119984K->99168K(141312K), 0,0026308 secs]
569,577: [GC (Allocation Failure)  125792K->94384K(141312K), 0,0073893 secs]
569,610: [GC (Allocation Failure)  121008K->100192K(140288K), 0,0018727 secs]
569,644: [GC (Allocation Failure)  125792K->94384K(140800K), 0,0011313 secs]
569,667: [GC (Allocation Failure)  119984K->99136K(141312K), 0,0017996 secs]
569,702: [GC (Allocation Failure)  125760K->94288K(141312K), 0,0010961 secs]
569,725: [GC (Allocation Failure)  120912K->100096K(140288K), 0,0019825 secs]
569,760: [GC (Allocation Failure)  125696K->94288K(140800K), 0,0018544 secs]
569,784: [GC (Allocation Failure)  119888K->99040K(141312K), 0,0017711 secs]
569,819: [GC (Allocation Failure)  125664K->94256K(141312K), 0,0024414 secs]
569,843: [GC (Allocation Failure)  120880K->100064K(141312K), 0,0031478 secs]
569,879: [GC (Allocation Failure)  126688K->95248K(141312K), 0,0023636 secs]
569,903: [GC (Allocation Failure)  121872K->101088K(140288K), 0,0031939 secs]
569,939: [GC (Allocation Failure)  126688K->95216K(140800K), 0,0010015 secs]
569,964: [GC (Allocation Failure)  120816K->100040K(140288K), 0,0050271 secs]
570,006: [GC (Allocation Failure)  125640K->94168K(140800K), 0,0036037 secs]
570,035: [GC (Allocation Failure)  119768K->98952K(141312K), 0,0060015 secs]
570,074: [GC (Allocation Failure)  125064K->93624K(140800K), 0,0009649 secs]
570,097: [GC (Allocation Failure)  119736K->98960K(141312K), 0,0029547 secs]
570,133: [GC (Allocation Failure)  125584K->94144K(141312K), 0,0024585 secs]
570,156: [GC (Allocation Failure)  120768K->99984K(141312K), 0,0016565 secs]
570,192: [GC (Allocation Failure)  126608K->95168K(141312K), 0,0014144 secs]
570,216: [GC (Allocation Failure)  121792K->101040K(139776K), 0,0018697 secs]
570,251: [GC (Allocation Failure)  126640K->95136K(140800K), 0,0037014 secs]
570,280: [GC (Allocation Failure)  120736K->99920K(140288K), 0,0029175 secs]
570,317: [GC (Allocation Failure)  125520K->94096K(140800K), 0,0019336 secs]
570,344: [GC (Allocation Failure)  119696K->98856K(141312K), 0,0027682 secs]
570,382: [GC (Allocation Failure)  125480K->94072K(141312K), 0,0040397 secs]
570,409: [GC (Allocation Failure)  120696K->99856K(141312K), 0,0040870 secs]
570,446: [GC (Allocation Failure)  126480K->95136K(141312K), 0,0011781 secs]
570,469: [GC (Allocation Failure)  121760K->100920K(139776K), 0,0018726 secs]
570,504: [GC (Allocation Failure)  126520K->95088K(140800K), 0,0011882 secs]
570,527: [GC (Allocation Failure)  120688K->99872K(141312K), 0,0018271 secs]
570,562: [GC (Allocation Failure)  126496K->95056K(141312K), 0,0079226 secs]
570,598: [GC (Allocation Failure)  121680K->100896K(140288K), 0,0082822 secs]
570,639: [GC (Allocation Failure)  126496K->95032K(140800K), 0,0024474 secs]
570,667: [GC (Allocation Failure)  120632K->99856K(141312K), 0,0051785 secs]
570,710: [GC (Allocation Failure)  126480K->95040K(141312K), 0,0024343 secs]
570,734: [GC (Allocation Failure)  121664K->100880K(140288K), 0,0015378 secs]
570,770: [GC (Allocation Failure)  126480K->95008K(140800K), 0,0011816 secs]
570,794: [GC (Allocation Failure)  120608K->99608K(141312K), 0,0049892 secs]
570,834: [GC (Allocation Failure)  126232K->94824K(141312K), 0,0020016 secs]
570,858: [GC (Allocation Failure)  121448K->100632K(141312K), 0,0023840 secs]
570,893: [GC (Allocation Failure)  127256K->95816K(141312K), 0,0020145 secs]
570,917: [GC (Allocation Failure)  122440K->101592K(140288K), 0,0025510 secs]
570,952: [GC (Allocation Failure)  127192K->95720K(140800K), 0,0017828 secs]
570,974: [GC (Allocation Failure)  121320K->100440K(140288K), 0,0038102 secs]
571,012: [GC (Allocation Failure)  126040K->94608K(140800K), 0,0091658 secs]
571,043: [GC (Allocation Failure)  120208K->99392K(141312K), 0,0029807 secs]
571,077: [GC (Allocation Failure)  126016K->94544K(141312K), 0,0050288 secs]
571,103: [GC (Allocation Failure)  121168K->100352K(141312K), 0,0016240 secs]
571,141: [GC (Allocation Failure)  126976K->95632K(141312K), 0,0031933 secs]
571,168: [GC (Allocation Failure)  122256K->101408K(140288K), 0,0040781 secs]
571,204: [GC (Allocation Failure)  127008K->95568K(140800K), 0,0033318 secs]
571,230: [GC (Allocation Failure)  121168K->100384K(141312K), 0,0015935 secs]
571,264: [GC (Allocation Failure)  127008K->95568K(141312K), 0,0010584 secs]
571,287: [GC (Allocation Failure)  122192K->101384K(140288K), 0,0017600 secs]
571,322: [GC (Allocation Failure)  126984K->95512K(140800K), 0,0021103 secs]
571,346: [GC (Allocation Failure)  121112K->100304K(140288K), 0,0038289 secs]
571,382: [GC (Allocation Failure)  125904K->94496K(140800K), 0,0017411 secs]
571,405: [GC (Allocation Failure)  120096K->99248K(141312K), 0,0021664 secs]
571,444: [GC (Allocation Failure)  125872K->94472K(141312K), 0,0018172 secs]
571,470: [GC (Allocation Failure)  121096K->100280K(141312K), 0,0021762 secs]
571,505: [GC (Allocation Failure)  126904K->95432K(141312K), 0,0033205 secs]
571,530: [GC (Allocation Failure)  122056K->101272K(140800K), 0,0045808 secs]
571,567: [GC (Allocation Failure)  127896K->96488K(141312K), 0,0018304 secs]
571,590: [GC (Allocation Failure)  123112K->102296K(139776K), 0,0020291 secs]
571,629: [GC (Allocation Failure)  127896K->96456K(140800K), 0,0022058 secs]
571,656: [GC (Allocation Failure)  122056K->101216K(140288K), 0,0029767 secs]
571,692: [GC (Allocation Failure)  126816K->95376K(140800K), 0,0028732 secs]
571,716: [GC (Allocation Failure)  120976K->100192K(141312K), 0,0013843 secs]
571,749: [GC (Allocation Failure)  126304K->94864K(140800K), 0,0015467 secs]
571,772: [GC (Allocation Failure)  120976K->100160K(141312K), 0,0023974 secs]
571,806: [GC (Allocation Failure)  126784K->95344K(141312K), 0,0085240 secs]
571,839: [GC (Allocation Failure)  121968K->101184K(141312K), 0,0030847 secs]
571,877: [GC (Allocation Failure)  127808K->96368K(141312K), 0,0067800 secs]
571,907: [GC (Allocation Failure)  122992K->102176K(140288K), 0,0022366 secs]
571,941: [GC (Allocation Failure)  127776K->96368K(140800K), 0,0045626 secs]
571,969: [GC (Allocation Failure)  121968K->101120K(140288K), 0,0057857 secs]
572,007: [GC (Allocation Failure)  126720K->95280K(140800K), 0,0010583 secs]
572,030: [GC (Allocation Failure)  120880K->100064K(141312K), 0,0016691 secs]
572,065: [GC (Allocation Failure)  126688K->95288K(141312K), 0,0033278 secs]
572,094: [GC (Allocation Failure)  121912K->101096K(141312K), 0,0067440 secs]
572,132: [GC (Allocation Failure)  127720K->96280K(141312K), 0,0008993 secs]
572,155: [GC (Allocation Failure)  122904K->102088K(140288K), 0,0016765 secs]
572,188: [GC (Allocation Failure)  127688K->96280K(140800K), 0,0008886 secs]
572,210: [GC (Allocation Failure)  121880K->101000K(140288K), 0,0016775 secs]
572,243: [GC (Allocation Failure)  126600K->95160K(140800K), 0,0008311 secs]
572,265: [GC (Allocation Failure)  120760K->99976K(141312K), 0,0014063 secs]
572,303: [GC (Allocation Failure)  126600K->95160K(141312K), 0,0031726 secs]
572,330: [GC (Allocation Failure)  121784K->100968K(141312K), 0,0022415 secs]
572,365: [GC (Allocation Failure)  127592K->96152K(141312K), 0,0021606 secs]
572,390: [GC (Allocation Failure)  122776K->102024K(139776K), 0,0023464 secs]
572,425: [GC (Allocation Failure)  127624K->96152K(140800K), 0,0013396 secs]
572,450: [GC (Allocation Failure)  121752K->100904K(141312K), 0,0041351 secs]
572,487: [GC (Allocation Failure)  127528K->96152K(141312K), 0,0024808 secs]
572,513: [GC (Allocation Failure)  122776K->101960K(140288K), 0,0027231 secs]
572,549: [GC (Allocation Failure)  127560K->96120K(140800K), 0,0008415 secs]
572,570: [GC (Allocation Failure)  121720K->100872K(141312K), 0,0013433 secs]
572,603: [GC (Allocation Failure)  127496K->96056K(141312K), 0,0072385 secs]
572,632: [GC (Allocation Failure)  122680K->101896K(140288K), 0,0023168 secs]
572,666: [GC (Allocation Failure)  127496K->96056K(140800K), 0,0008360 secs]
572,689: [GC (Allocation Failure)  121656K->100840K(141312K), 0,0013929 secs]
572,722: [GC (Allocation Failure)  127464K->96024K(141312K), 0,0031993 secs]
572,746: [GC (Allocation Failure)  122648K->101872K(140288K), 0,0015265 secs]
572,779: [GC (Allocation Failure)  127472K->96000K(140800K), 0,0062261 secs]
572,811: [GC (Allocation Failure)  121600K->100784K(141312K), 0,0050536 secs]
572,851: [GC (Allocation Failure)  127408K->96000K(141312K), 0,0024150 secs]
572,877: [GC (Allocation Failure)  122624K->101776K(140288K), 0,0047120 secs]
572,915: [GC (Allocation Failure)  127376K->95936K(140800K), 0,0017982 secs]
572,939: [GC (Allocation Failure)  121536K->100720K(141312K), 0,0019111 secs]
572,974: [GC (Allocation Failure)  127344K->95936K(141312K), 0,0022468 secs]
572,998: [GC (Allocation Failure)  122560K->101752K(141312K), 0,0024943 secs]
573,034: [GC (Allocation Failure)  128376K->96968K(141312K), 0,0011118 secs]
573,057: [GC (Allocation Failure)  123592K->102808K(140288K), 0,0018022 secs]
573,091: [GC (Allocation Failure)  128408K->96944K(140800K), 0,0009670 secs]
573,118: [GC (Allocation Failure)  122544K->101728K(140288K), 0,0055610 secs]
573,158: [GC (Allocation Failure)  127328K->95888K(140800K), 0,0019029 secs]
573,182: [GC (Allocation Failure)  121488K->100640K(141312K), 0,0025811 secs]
573,217: [GC (Allocation Failure)  127264K->95856K(141312K), 0,0009404 secs]
573,240: [GC (Allocation Failure)  122480K->101672K(141312K), 0,0027741 secs]
573,276: [GC (Allocation Failure)  128296K->96856K(141312K), 0,0010241 secs]
573,299: [GC (Allocation Failure)  123480K->102696K(140288K), 0,0040378 secs]
573,336: [GC (Allocation Failure)  128296K->96824K(140800K), 0,0076624 secs]
573,364: [GC (Allocation Failure)  122424K->101608K(140288K), 0,0031823 secs]
573,399: [GC (Allocation Failure)  127208K->95800K(140800K), 0,0007372 secs]
573,420: [GC (Allocation Failure)  121400K->100552K(141312K), 0,0012936 secs]
573,454: [GC (Allocation Failure)  127176K->95736K(141312K), 0,0035382 secs]
573,479: [GC (Allocation Failure)  122360K->101544K(141312K), 0,0014802 secs]
573,515: [GC (Allocation Failure)  128168K->96760K(141312K), 0,0029609 secs]
573,539: [GC (Allocation Failure)  123384K->102568K(139776K), 0,0024730 secs]
573,573: [GC (Allocation Failure)  128168K->96760K(140800K), 0,0038742 secs]
573,602: [GC (Allocation Failure)  122360K->101544K(141312K), 0,0030408 secs]
573,637: [GC (Allocation Failure)  128168K->96728K(141312K), 0,0039729 secs]
573,661: [GC (Allocation Failure)  123352K->102568K(140288K), 0,0022555 secs]
573,695: [GC (Allocation Failure)  128168K->96728K(140800K), 0,0008362 secs]
573,716: [GC (Allocation Failure)  122328K->101456K(141312K), 0,0022793 secs]
573,750: [GC (Allocation Failure)  128080K->96672K(141312K), 0,0025528 secs]
573,773: [GC (Allocation Failure)  123296K->102512K(140288K), 0,0022718 secs]
573,808: [GC (Allocation Failure)  128112K->96704K(140800K), 0,0008177 secs]
573,830: [GC (Allocation Failure)  122304K->101456K(141312K), 0,0044823 secs]
573,867: [GC (Allocation Failure)  128080K->96640K(141312K), 0,0007645 secs]
573,888: [GC (Allocation Failure)  123264K->102456K(140288K), 0,0015466 secs]
573,922: [GC (Allocation Failure)  128056K->96656K(140800K), 0,0008111 secs]
573,944: [GC (Allocation Failure)  122256K->101448K(141312K), 0,0017245 secs]
573,979: [GC (Allocation Failure)  128072K->96632K(141312K), 0,0009533 secs]
574,004: [GC (Allocation Failure)  123256K->102408K(141312K), 0,0053127 secs]
574,042: [GC (Allocation Failure)  129032K->97632K(141312K), 0,0038338 secs]
574,069: [GC (Allocation Failure)  124256K->103408K(140288K), 0,0025788 secs]
574,102: [GC (Allocation Failure)  129008K->97600K(140800K), 0,0009223 secs]
574,123: [GC (Allocation Failure)  123200K->102392K(140288K), 0,0014455 secs]
574,160: [GC (Allocation Failure)  127992K->96560K(140800K), 0,0022521 secs]
574,187: [GC (Allocation Failure)  122160K->101312K(141312K), 0,0050011 secs]
574,226: [GC (Allocation Failure)  127936K->96528K(141312K), 0,0018279 secs]
574,253: [GC (Allocation Failure)  123152K->102336K(141312K), 0,0059606 secs]
574,292: [GC (Allocation Failure)  128960K->97520K(141312K), 0,0070162 secs]
574,320: [GC (Allocation Failure)  124144K->103392K(140288K), 0,0015622 secs]
574,353: [GC (Allocation Failure)  128992K->97488K(140800K), 0,0070919 secs]
574,383: [GC (Allocation Failure)  123088K->102304K(140288K), 0,0015657 secs]
574,415: [GC (Allocation Failure)  127904K->96464K(140800K), 0,0008027 secs]
574,436: [GC (Allocation Failure)  122064K->101216K(141312K), 0,0022066 secs]
574,470: [GC (Allocation Failure)  127840K->96432K(141312K), 0,0030246 secs]
574,494: [GC (Allocation Failure)  123056K->102240K(141312K), 0,0028975 secs]
574,528: [GC (Allocation Failure)  128864K->97456K(141312K), 0,0008501 secs]
574,550: [GC (Allocation Failure)  124080K->103264K(139776K), 0,0022773 secs]
574,584: [GC (Allocation Failure)  128864K->97424K(140800K), 0,0016666 secs]
574,607: [GC (Allocation Failure)  123024K->102176K(141312K), 0,0058873 secs]
574,646: [GC (Allocation Failure)  128800K->97392K(141312K), 0,0025828 secs]
574,670: [GC (Allocation Failure)  124016K->103264K(140288K), 0,0015816 secs]
574,704: [GC (Allocation Failure)  128864K->97360K(140800K), 0,0009515 secs]
574,727: [GC (Allocation Failure)  122960K->102112K(141312K), 0,0068667 secs]
574,765: [GC (Allocation Failure)  128736K->97328K(141312K), 0,0016587 secs]
574,790: [GC (Allocation Failure)  123952K->102976K(140288K), 0,0080393 secs]
574,831: [GC (Allocation Failure)  128576K->97136K(140800K), 0,0016998 secs]
574,854: [GC (Allocation Failure)  122736K->101888K(141312K), 0,0021295 secs]
574,888: [GC (Allocation Failure)  128511K->97104K(141312K), 0,0033409 secs]
574,920: [GC (Allocation Failure)  123728K->102848K(141312K), 0,0056957 secs]
574,960: [GC (Allocation Failure)  129472K->98064K(141312K), 0,0014489 secs]
574,985: [GC (Allocation Failure)  124688K->103904K(140288K), 0,0034958 secs]
575,021: [GC (Allocation Failure)  129504K->98040K(140800K), 0,0039311 secs]
575,047: [GC (Allocation Failure)  123640K->102856K(140288K), 0,0018602 secs]
575,084: [GC (Allocation Failure)  128456K->97024K(140800K), 0,0057341 secs]
575,114: [GC (Allocation Failure)  122624K->101776K(141312K), 0,0041320 secs]
575,152: [GC (Allocation Failure)  128400K->97032K(141312K), 0,0018490 secs]
575,178: [GC (Allocation Failure)  123656K->102808K(141312K), 0,0036287 secs]
575,212: [GC (Allocation Failure)  129432K->97960K(141312K), 0,0025329 secs]
575,236: [GC (Allocation Failure)  124584K->103832K(140288K), 0,0024971 secs]
575,275: [GC (Allocation Failure)  129432K->98024K(140800K), 0,0023187 secs]
575,300: [GC (Allocation Failure)  123624K->102776K(140288K), 0,0021892 secs]
575,336: [GC (Allocation Failure)  128376K->96912K(140800K), 0,0013489 secs]
575,361: [GC (Allocation Failure)  122512K->101696K(141312K), 0,0043473 secs]
575,397: [GC (Allocation Failure)  128320K->96912K(141312K), 0,0031472 secs]
575,422: [GC (Allocation Failure)  123536K->102720K(141312K), 0,0014693 secs]
575,455: [GC (Allocation Failure)  129344K->97904K(141312K), 0,0056615 secs]
575,482: [GC (Allocation Failure)  124528K->103744K(139776K), 0,0028514 secs]
575,517: [GC (Allocation Failure)  129344K->97936K(140800K), 0,0008351 secs]
575,539: [GC (Allocation Failure)  123536K->102696K(141312K), 0,0015302 secs]
575,573: [GC (Allocation Failure)  129320K->97880K(141312K), 0,0008495 secs]
575,594: [GC (Allocation Failure)  124504K->103720K(140288K), 0,0015001 secs]
575,627: [GC (Allocation Failure)  129320K->97912K(140800K), 0,0017240 secs]
575,650: [GC (Allocation Failure)  123512K->102632K(141312K), 0,0021237 secs]
575,683: [GC (Allocation Failure)  129256K->97848K(141312K), 0,0016301 secs]
575,706: [GC (Allocation Failure)  124472K->103624K(140288K), 0,0015594 secs]
575,739: [GC (Allocation Failure)  129224K->97856K(140800K), 0,0008352 secs]
575,762: [GC (Allocation Failure)  123456K->102608K(141312K), 0,0021848 secs]
575,795: [GC (Allocation Failure)  129232K->97824K(141312K), 0,0007825 secs]
575,817: [GC (Allocation Failure)  124448K->103608K(140288K), 0,0015467 secs]
575,851: [GC (Allocation Failure)  129208K->97768K(140800K), 0,0019215 secs]
575,875: [GC (Allocation Failure)  123368K->102552K(141312K), 0,0029996 secs]
575,909: [GC (Allocation Failure)  129176K->97736K(141312K), 0,0018499 secs]
575,933: [GC (Allocation Failure)  124360K->103544K(141312K), 0,0016061 secs]
575,967: [GC (Allocation Failure)  130168K->98728K(141312K), 0,0048957 secs]
575,994: [GC (Allocation Failure)  125352K->104536K(140288K), 0,0057624 secs]
576,033: [GC (Allocation Failure)  130136K->98760K(140800K), 0,0012872 secs]
576,058: [GC (Allocation Failure)  124360K->103512K(140288K), 0,0050070 secs]
576,101: [GC (Allocation Failure)  129112K->97680K(140800K), 0,0046279 secs]
576,130: [GC (Allocation Failure)  123280K->102472K(141312K), 0,0027592 secs]
576,168: [GC (Allocation Failure)  129096K->97688K(141312K), 0,0018490 secs]
576,195: [GC (Allocation Failure)  124312K->103464K(141312K), 0,0050295 secs]
576,232: [GC (Allocation Failure)  130088K->98648K(141312K), 0,0018859 secs]
576,256: [GC (Allocation Failure)  125272K->104488K(140288K), 0,0015549 secs]
576,289: [GC (Allocation Failure)  130088K->98648K(140800K), 0,0015998 secs]
576,313: [GC (Allocation Failure)  124248K->103464K(140288K), 0,0048519 secs]
576,356: [GC (Allocation Failure)  129064K->97624K(140800K), 0,0031743 secs]
576,387: [GC (Allocation Failure)  123224K->102376K(141312K), 0,0066086 secs]
576,426: [GC (Allocation Failure)  129000K->97560K(141312K), 0,0010920 secs]
576,449: [GC (Allocation Failure)  124184K->103400K(141312K), 0,0018280 secs]
576,484: [GC (Allocation Failure)  130024K->98552K(141312K), 0,0024071 secs]
576,508: [GC (Allocation Failure)  125176K->104424K(140288K), 0,0019005 secs]
576,547: [GC (Allocation Failure)  130024K->98552K(140800K), 0,0014607 secs]
576,570: [GC (Allocation Failure)  124152K->103304K(141312K), 0,0021847 secs]
576,604: [GC (Allocation Failure)  129928K->98520K(141312K), 0,0017258 secs]
576,631: [GC (Allocation Failure)  125144K->104336K(140288K), 0,0043081 secs]
576,669: [GC (Allocation Failure)  129936K->98496K(140800K), 0,0019299 secs]
576,696: [GC (Allocation Failure)  124096K->103288K(141312K), 0,0059157 secs]
576,734: [GC (Allocation Failure)  129912K->98472K(141312K), 0,0017219 secs]
576,756: [GC (Allocation Failure)  125096K->104320K(140288K), 0,0017842 secs]
576,789: [GC (Allocation Failure)  129920K->98488K(140800K), 0,0031314 secs]
576,814: [GC (Allocation Failure)  124088K->103272K(141312K), 0,0040868 secs]
576,849: [GC (Allocation Failure)  129896K->98464K(141312K), 0,0008452 secs]
576,872: [GC (Allocation Failure)  125088K->104304K(140288K), 0,0015640 secs]
576,907: [GC (Allocation Failure)  129904K->98432K(140800K), 0,0033737 secs]
576,939: [GC (Allocation Failure)  124032K->103216K(141312K), 0,0052628 secs]
576,978: [GC (Allocation Failure)  129840K->98416K(141312K), 0,0019290 secs]
577,005: [GC (Allocation Failure)  125040K->104256K(140288K), 0,0048481 secs]
577,044: [GC (Allocation Failure)  129856K->98416K(140800K), 0,0028723 secs]
577,072: [GC (Allocation Failure)  124016K->103168K(141312K), 0,0058445 secs]
577,111: [GC (Allocation Failure)  129792K->98384K(141312K), 0,0076722 secs]
577,141: [GC (Allocation Failure)  125008K->104160K(141312K), 0,0049428 secs]
577,179: [GC (Allocation Failure)  130784K->99384K(141312K), 0,0056171 secs]
577,206: [GC (Allocation Failure)  126008K->105224K(140288K), 0,0027350 secs]
577,240: [GC (Allocation Failure)  130824K->99384K(140800K), 0,0019549 secs]
577,263: [GC (Allocation Failure)  124984K->104200K(140288K), 0,0023572 secs]
577,297: [GC (Allocation Failure)  129800K->98296K(140800K), 0,0035639 secs]
577,322: [GC (Allocation Failure)  123896K->103080K(141312K), 0,0013156 secs]
577,356: [GC (Allocation Failure)  129192K->97752K(140800K), 0,0022657 secs]
577,380: [GC (Allocation Failure)  123864K->103080K(141312K), 0,0013327 secs]
577,413: [GC (Allocation Failure)  129704K->98232K(141312K), 0,0042914 secs]
577,439: [GC (Allocation Failure)  124856K->104072K(141312K), 0,0025264 secs]
577,474: [GC (Allocation Failure)  130696K->99256K(141312K), 0,0015907 secs]
577,496: [GC (Allocation Failure)  125880K->105096K(139776K), 0,0023895 secs]
577,530: [GC (Allocation Failure)  130696K->99288K(140800K), 0,0018109 secs]
577,554: [GC (Allocation Failure)  124888K->104008K(141312K), 0,0013702 secs]
577,588: [GC (Allocation Failure)  130632K->99224K(141312K), 0,0009457 secs]
577,611: [GC (Allocation Failure)  125848K->105032K(140288K), 0,0016167 secs]
577,643: [GC (Allocation Failure)  130632K->99192K(140800K), 0,0015922 secs]
577,665: [GC (Allocation Failure)  124792K->103944K(140288K), 0,0030987 secs]
577,703: [GC (Allocation Failure)  129544K->98136K(140800K), 0,0022471 secs]
577,729: [GC (Allocation Failure)  123736K->102928K(141312K), 0,0026558 secs]
577,767: [GC (Allocation Failure)  129552K->98144K(141312K), 0,0025313 secs]
577,794: [GC (Allocation Failure)  124768K->103952K(141312K), 0,0028539 secs]
577,830: [GC (Allocation Failure)  130576K->99104K(141312K), 0,0043250 secs]
577,860: [GC (Allocation Failure)  125728K->104976K(140800K), 0,0031071 secs]
577,896: [GC (Allocation Failure)  131600K->100128K(141312K), 0,0031712 secs]
577,923: [GC (Allocation Failure)  126752K->105968K(140288K), 0,0023065 secs]
577,958: [GC (Allocation Failure)  131568K->100136K(140800K), 0,0014894 secs]
577,983: [GC (Allocation Failure)  125736K->104920K(140288K), 0,0073066 secs]
578,023: [GC (Allocation Failure)  130520K->99080K(140800K), 0,0016671 secs]
578,046: [GC (Allocation Failure)  124680K->103864K(140800K), 0,0013837 secs]
578,084: [GC (Allocation Failure)  129464K->98024K(140800K), 0,0031617 secs]
578,110: [GC (Allocation Failure)  123624K->102776K(141312K), 0,0024174 secs]
578,144: [GC (Allocation Failure)  129400K->97960K(141312K), 0,0007199 secs]
578,166: [GC (Allocation Failure)  124584K->103800K(141312K), 0,0029707 secs]
578,202: [GC (Allocation Failure)  130424K->98984K(141312K), 0,0017278 secs]
578,226: [GC (Allocation Failure)  125608K->104792K(140800K), 0,0024687 secs]
578,261: [GC (Allocation Failure)  131416K->100008K(141312K), 0,0037606 secs]
578,289: [GC (Allocation Failure)  126632K->105848K(139776K), 0,0026086 secs]
578,324: [GC (Allocation Failure)  131448K->100016K(140800K), 0,0015195 secs]
578,349: [GC (Allocation Failure)  125616K->104768K(140288K), 0,0039880 secs]
578,385: [GC (Allocation Failure)  130368K->98960K(140800K), 0,0045829 secs]
578,416: [GC (Allocation Failure)  124560K->103720K(141312K), 0,0045595 secs]
578,458: [GC (Allocation Failure)  130344K->98936K(141312K), 0,0031420 secs]
578,488: [GC (Allocation Failure)  125560K->104712K(141312K), 0,0047933 secs]
578,528: [GC (Allocation Failure)  131336K->99960K(141312K), 0,0020754 secs]
578,554: [GC (Allocation Failure)  126584K->105744K(140288K), 0,0090451 secs]
578,596: [GC (Allocation Failure)  131344K->99904K(140800K), 0,0018473 secs]
578,620: [GC (Allocation Failure)  125504K->104688K(140288K), 0,0029138 secs]
578,654: [GC (Allocation Failure)  130288K->98848K(140800K), 0,0015753 secs]
578,677: [GC (Allocation Failure)  124448K->103632K(141312K), 0,0013871 secs]
578,711: [GC (Allocation Failure)  130256K->98816K(141312K), 0,0017472 secs]
578,733: [GC (Allocation Failure)  125440K->104632K(141312K), 0,0013952 secs]
578,766: [GC (Allocation Failure)  131256K->99816K(141312K), 0,0012092 secs]
578,791: [GC (Allocation Failure)  126440K->105464K(139776K), 0,0053749 secs]
578,834: [GC (Allocation Failure)  131064K->99624K(140800K), 0,0061417 secs]
578,862: [GC (Allocation Failure)  125224K->104376K(141312K), 0,0027028 secs]
578,896: [GC (Allocation Failure)  131000K->99576K(141312K), 0,0017085 secs]
578,919: [GC (Allocation Failure)  126199K->105384K(140288K), 0,0025173 secs]
578,957: [GC (Allocation Failure)  130984K->99544K(140800K), 0,0046737 secs]
578,984: [GC (Allocation Failure)  125144K->104272K(141312K), 0,0028181 secs]
579,020: [GC (Allocation Failure)  130896K->99456K(141312K), 0,0007957 secs]
579,046: [GC (Allocation Failure)  126080K->105328K(141312K), 0,0042832 secs]
579,085: [GC (Allocation Failure)  131952K->100480K(141312K), 0,0038599 secs]
579,111: [GC (Allocation Failure)  127104K->106352K(140288K), 0,0020213 secs]
579,146: [GC (Allocation Failure)  131952K->100448K(140800K), 0,0011889 secs]
579,169: [GC (Allocation Failure)  126048K->105272K(140288K), 0,0018255 secs]
579,206: [GC (Allocation Failure)  130872K->99464K(140800K), 0,0031618 secs]
579,238: [GC (Allocation Failure)  125064K->104216K(141312K), 0,0046803 secs]
579,280: [GC (Allocation Failure)  130328K->98856K(140800K), 0,0095274 secs]
579,316: [GC (Allocation Failure)  124968K->104216K(141312K), 0,0028158 secs]
579,353: [GC (Allocation Failure)  130840K->99400K(141312K), 0,0040655 secs]
579,381: [GC (Allocation Failure)  126024K->105208K(141312K), 0,0051882 secs]
579,418: [GC (Allocation Failure)  131832K->100392K(141312K), 0,0026143 secs]
579,443: [GC (Allocation Failure)  127016K->106208K(139776K), 0,0020459 secs]
579,478: [GC (Allocation Failure)  131808K->100400K(140800K), 0,0011865 secs]
579,501: [GC (Allocation Failure)  126000K->105192K(140288K), 0,0019206 secs]
579,536: [GC (Allocation Failure)  130792K->99352K(140800K), 0,0011491 secs]
579,559: [GC (Allocation Failure)  124952K->104136K(141312K), 0,0017621 secs]
579,598: [GC (Allocation Failure)  130760K->99256K(141312K), 0,0061245 secs]
579,629: [GC (Allocation Failure)  125880K->105096K(141312K), 0,0021192 secs]
579,663: [GC (Allocation Failure)  131720K->100344K(141312K), 0,0013866 secs]
579,688: [GC (Allocation Failure)  126968K->106152K(139776K), 0,0023170 secs]
579,723: [GC (Allocation Failure)  131752K->100296K(140800K), 0,0013829 secs]
579,748: [GC (Allocation Failure)  125896K->105048K(141312K), 0,0028432 secs]
579,783: [GC (Allocation Failure)  131672K->100296K(141312K), 0,0062815 secs]
579,816: [GC (Allocation Failure)  126920K->106072K(140288K), 0,0065304 secs]
579,857: [GC (Allocation Failure)  131672K->100240K(140800K), 0,0018805 secs]
579,884: [GC (Allocation Failure)  125840K->105064K(141312K), 0,0029964 secs]
579,920: [GC (Allocation Failure)  131688K->100248K(141312K), 0,0059461 secs]
579,949: [GC (Allocation Failure)  126872K->106056K(140288K), 0,0017444 secs]
579,983: [GC (Allocation Failure)  131656K->100216K(140800K), 0,0049637 secs]
580,010: [GC (Allocation Failure)  125816K->104968K(141312K), 0,0023919 secs]
580,045: [GC (Allocation Failure)  131592K->100216K(141312K), 0,0068919 secs]
580,074: [GC (Allocation Failure)  126840K->106032K(140288K), 0,0016396 secs]
580,108: [GC (Allocation Failure)  131632K->100192K(140800K), 0,0010555 secs]
580,131: [GC (Allocation Failure)  125792K->104944K(141312K), 0,0028120 secs]
580,171: [GC (Allocation Failure)  131568K->100192K(141312K), 0,0035360 secs]
580,203: [GC (Allocation Failure)  126816K->105968K(141312K), 0,0032936 secs]
580,241: [GC (Allocation Failure)  132592K->101152K(141312K), 0,0017597 secs]
580,263: [GC (Allocation Failure)  127776K->106992K(140288K), 0,0018072 secs]
580,296: [GC (Allocation Failure)  132592K->101152K(140800K), 0,0017190 secs]
580,323: [GC (Allocation Failure)  126752K->105944K(140288K), 0,0037385 secs]
580,360: [GC (Allocation Failure)  131544K->100072K(140800K), 0,0022680 secs]
580,384: [GC (Allocation Failure)  125672K->104896K(141312K), 0,0016531 secs]
580,419: [GC (Allocation Failure)  131008K->99536K(140800K), 0,0010014 secs]
580,442: [GC (Allocation Failure)  125648K->104840K(141312K), 0,0026206 secs]
580,478: [GC (Allocation Failure)  131464K->100056K(141312K), 0,0073306 secs]
580,507: [GC (Allocation Failure)  126680K->105896K(141312K), 0,0015176 secs]
580,541: [GC (Allocation Failure)  132520K->101048K(141312K), 0,0009212 secs]
580,563: [GC (Allocation Failure)  127672K->106896K(140288K), 0,0016960 secs]
580,597: [GC (Allocation Failure)  132496K->101024K(140800K), 0,0017730 secs]
580,620: [GC (Allocation Failure)  126624K->105808K(140288K), 0,0022297 secs]
580,654: [GC (Allocation Failure)  131408K->100000K(140800K), 0,0007782 secs]
580,675: [GC (Allocation Failure)  125600K->104784K(141312K), 0,0013127 secs]
580,709: [GC (Allocation Failure)  131408K->99936K(141312K), 0,0014493 secs]
580,731: [GC (Allocation Failure)  126560K->105744K(141312K), 0,0025832 secs]
580,765: [GC (Allocation Failure)  132368K->100960K(141312K), 0,0018257 secs]
580,788: [GC (Allocation Failure)  127584K->106768K(139776K), 0,0015507 secs]
580,821: [GC (Allocation Failure)  132368K->100928K(140800K), 0,0018245 secs]
580,844: [GC (Allocation Failure)  126528K->105744K(141312K), 0,0023403 secs]
580,878: [GC (Allocation Failure)  132368K->100960K(141312K), 0,0008517 secs]
580,904: [GC (Allocation Failure)  127584K->106736K(140288K), 0,0053215 secs]
580,944: [GC (Allocation Failure)  132336K->100864K(140800K), 0,0019514 secs]
580,969: [GC (Allocation Failure)  126464K->105648K(141312K), 0,0029929 secs]
581,003: [GC (Allocation Failure)  132272K->100896K(141312K), 0,0025086 secs]
581,030: [GC (Allocation Failure)  127520K->106672K(140288K), 0,0031130 secs]
581,068: [GC (Allocation Failure)  132272K->100840K(140800K), 0,0033404 secs]
581,100: [GC (Allocation Failure)  126440K->105664K(141312K), 0,0045961 secs]
581,139: [GC (Allocation Failure)  132288K->100848K(141312K), 0,0022624 secs]
581,166: [GC (Allocation Failure)  127472K->106624K(140288K), 0,0038508 secs]
581,204: [GC (Allocation Failure)  132224K->100848K(140800K), 0,0019312 secs]
581,231: [GC (Allocation Failure)  126448K->105568K(141312K), 0,0054078 secs]
581,270: [GC (Allocation Failure)  132192K->100784K(141312K), 0,0026735 secs]
581,295: [GC (Allocation Failure)  127408K->106592K(141312K), 0,0061838 secs]
581,334: [GC (Allocation Failure)  133216K->101776K(141312K), 0,0035553 secs]
581,363: [GC (Allocation Failure)  128400K->107624K(140288K), 0,0052784 secs]
581,408: [GC (Allocation Failure)  133224K->101784K(140800K), 0,0026870 secs]
581,433: [GC (Allocation Failure)  127384K->106544K(140288K), 0,0034864 secs]
581,470: [GC (Allocation Failure)  132144K->100768K(140800K), 0,0013480 secs]
581,494: [GC (Allocation Failure)  126368K->105520K(141312K), 0,0020324 secs]
581,529: [GC (Allocation Failure)  131632K->100192K(140800K), 0,0018161 secs]
581,553: [GC (Allocation Failure)  126304K->105488K(141312K), 0,0013256 secs]
581,585: [GC (Allocation Failure)  132112K->100672K(141312K), 0,0009123 secs]
581,607: [GC (Allocation Failure)  127296K->106448K(141312K), 0,0024030 secs]
581,640: [GC (Allocation Failure)  133072K->101696K(141312K), 0,0018759 secs]
581,662: [GC (Allocation Failure)  128320K->107512K(139776K), 0,0023462 secs]
581,695: [GC (Allocation Failure)  133112K->101672K(140800K), 0,0087650 secs]
581,731: [GC (Allocation Failure)  127272K->106424K(141312K), 0,0027044 secs]
581,766: [GC (Allocation Failure)  133048K->101672K(141312K), 0,0012007 secs]
581,789: [GC (Allocation Failure)  128296K->107488K(140288K), 0,0032762 secs]
581,825: [GC (Allocation Failure)  133088K->101648K(140800K), 0,0029152 secs]
581,850: [GC (Allocation Failure)  127248K->106400K(140288K), 0,0017148 secs]
581,885: [GC (Allocation Failure)  132000K->100560K(140800K), 0,0022572 secs]
581,909: [GC (Allocation Failure)  126160K->105344K(141312K), 0,0017804 secs]
581,944: [GC (Allocation Failure)  131968K->100528K(141312K), 0,0026745 secs]
581,969: [GC (Allocation Failure)  127152K->106368K(141312K), 0,0034534 secs]
582,005: [GC (Allocation Failure)  132992K->101560K(141312K), 0,0043623 secs]
582,032: [GC (Allocation Failure)  128184K->107400K(139776K), 0,0021192 secs]
582,069: [GC (Allocation Failure)  133000K->101528K(140800K), 0,0048457 secs]
582,096: [GC (Allocation Failure)  127128K->106312K(141312K), 0,0032395 secs]
582,135: [GC (Allocation Failure)  132936K->101536K(141312K), 0,0030565 secs]
582,161: [GC (Allocation Failure)  128160K->107344K(140288K), 0,0032712 secs]
582,195: [GC (Allocation Failure)  132944K->101472K(140800K), 0,0016376 secs]
582,217: [GC (Allocation Failure)  127072K->106288K(141312K), 0,0013971 secs]
582,255: [GC (Allocation Failure)  132912K->101504K(141312K), 0,0017128 secs]
582,281: [GC (Allocation Failure)  128128K->107280K(140288K), 0,0042034 secs]
582,317: [GC (Allocation Failure)  132880K->101440K(140800K), 0,0040978 secs]
582,347: [GC (Allocation Failure)  127040K->106200K(141312K), 0,0103484 secs]
582,391: [GC (Allocation Failure)  132824K->101416K(141312K), 0,0015313 secs]
582,413: [GC (Allocation Failure)  128040K->107224K(141312K), 0,0023270 secs]
582,449: [GC (Allocation Failure)  133848K->102440K(141312K), 0,0049062 secs]
582,477: [GC (Allocation Failure)  129064K->108256K(140288K), 0,0026175 secs]
582,512: [GC (Allocation Failure)  133856K->102448K(140800K), 0,0015428 secs]
582,537: [GC (Allocation Failure)  128048K->107200K(140288K), 0,0037319 secs]
582,573: [GC (Allocation Failure)  132800K->101360K(140800K), 0,0033894 secs]
582,599: [GC (Allocation Failure)  126960K->106112K(141312K), 0,0050560 secs]
582,637: [GC (Allocation Failure)  132224K->100816K(140800K), 0,0052511 secs]
582,664: [GC (Allocation Failure)  126928K->106112K(141312K), 0,0050946 secs]
582,702: [GC (Allocation Failure)  132736K->101304K(141312K), 0,0008608 secs]
582,725: [GC (Allocation Failure)  127928K->107152K(141312K), 0,0016003 secs]
582,759: [GC (Allocation Failure)  133776K->102344K(141312K), 0,0018722 secs]
582,783: [GC (Allocation Failure)  128968K->107992K(139776K), 0,0018471 secs]
582,818: [GC (Allocation Failure)  133592K->102152K(140800K), 0,0024421 secs]
582,842: [GC (Allocation Failure)  127752K->106944K(141312K), 0,0027236 secs]
582,878: [GC (Allocation Failure)  133567K->102096K(141312K), 0,0022823 secs]
582,902: [GC (Allocation Failure)  128720K->107912K(140288K), 0,0018499 secs]
582,937: [GC (Allocation Failure)  133512K->102008K(140800K), 0,0012914 secs]
582,960: [GC (Allocation Failure)  127608K->106768K(141312K), 0,0018954 secs]
582,995: [GC (Allocation Failure)  133392K->102016K(141312K), 0,0011876 secs]
583,018: [GC (Allocation Failure)  128640K->107792K(140288K), 0,0029041 secs]
583,054: [GC (Allocation Failure)  133392K->101984K(140800K), 0,0010053 secs]
583,077: [GC (Allocation Failure)  127584K->106768K(141312K), 0,0017134 secs]
583,112: [GC (Allocation Failure)  133392K->102000K(141312K), 0,0010665 secs]
583,135: [GC (Allocation Failure)  128624K->107808K(140288K), 0,0017991 secs]
583,170: [GC (Allocation Failure)  133408K->101968K(140800K), 0,0010141 secs]
583,193: [GC (Allocation Failure)  127568K->106720K(141312K), 0,0017310 secs]
583,228: [GC (Allocation Failure)  133344K->101936K(141312K), 0,0012865 secs]
583,251: [GC (Allocation Failure)  128560K->107744K(140288K), 0,0017321 secs]
583,286: [GC (Allocation Failure)  133344K->101904K(140800K), 0,0019218 secs]
583,310: [GC (Allocation Failure)  127504K->106696K(141312K), 0,0031415 secs]
583,346: [GC (Allocation Failure)  133320K->101888K(141312K), 0,0010303 secs]
583,369: [GC (Allocation Failure)  128512K->107696K(141312K), 0,0053064 secs]
583,406: [GC (Allocation Failure)  134320K->102880K(141312K), 0,0024656 secs]
583,430: [GC (Allocation Failure)  129504K->108752K(140288K), 0,0017349 secs]
583,465: [GC (Allocation Failure)  134352K->102888K(140800K), 0,0031263 secs]
583,490: [GC (Allocation Failure)  128488K->107672K(140288K), 0,0018016 secs]
583,525: [GC (Allocation Failure)  133272K->101832K(140800K), 0,0035905 secs]
583,550: [GC (Allocation Failure)  127432K->106616K(141312K), 0,0014008 secs]
583,584: [GC (Allocation Failure)  133240K->101776K(141312K), 0,0008573 secs]
583,607: [GC (Allocation Failure)  128400K->107584K(141312K), 0,0018108 secs]
583,642: [GC (Allocation Failure)  134208K->102832K(141312K), 0,0021277 secs]
583,666: [GC (Allocation Failure)  129456K->108608K(140288K), 0,0025817 secs]
583,701: [GC (Allocation Failure)  134208K->102800K(140800K), 0,0046478 secs]
583,727: [GC (Allocation Failure)  128400K->107584K(140288K), 0,0018721 secs]
583,762: [GC (Allocation Failure)  133184K->101744K(140800K), 0,0035219 secs]
583,787: [GC (Allocation Failure)  127344K->106496K(141312K), 0,0030678 secs]
583,823: [GC (Allocation Failure)  133120K->101680K(141312K), 0,0023711 secs]
583,851: [GC (Allocation Failure)  128304K->107488K(141312K), 0,0068113 secs]
583,890: [GC (Allocation Failure)  134112K->102744K(141312K), 0,0011460 secs]
583,913: [GC (Allocation Failure)  129368K->108520K(139776K), 0,0023239 secs]
583,948: [GC (Allocation Failure)  134120K->102728K(140800K), 0,0011245 secs]
583,971: [GC (Allocation Failure)  128328K->107448K(141312K), 0,0029472 secs]
584,007: [GC (Allocation Failure)  134072K->102696K(141312K), 0,0023806 secs]
584,035: [GC (Allocation Failure)  129320K->108504K(140288K), 0,0050984 secs]
584,077: [GC (Allocation Failure)  134104K->102672K(140800K), 0,0036229 secs]
584,109: [GC (Allocation Failure)  128272K->107456K(141312K), 0,0048598 secs]
584,151: [GC (Allocation Failure)  134080K->102640K(141312K), 0,0038443 secs]
584,177: [GC (Allocation Failure)  129264K->108448K(140288K), 0,0044264 secs]
584,214: [GC (Allocation Failure)  134048K->102608K(140800K), 0,0016376 secs]
584,236: [GC (Allocation Failure)  128208K->107392K(141312K), 0,0025421 secs]
584,271: [GC (Allocation Failure)  134016K->102608K(141312K), 0,0019002 secs]
584,299: [GC (Allocation Failure)  129232K->108416K(140288K), 0,0050967 secs]
584,340: [GC (Allocation Failure)  134016K->102576K(140800K), 0,0010737 secs]
584,362: [GC (Allocation Failure)  128176K->107360K(141312K), 0,0013452 secs]
584,394: [GC (Allocation Failure)  133984K->102544K(141312K), 0,0019955 secs]
584,419: [GC (Allocation Failure)  129168K->108360K(141312K), 0,0049574 secs]
584,457: [GC (Allocation Failure)  134984K->103608K(141312K), 0,0017871 secs]
584,481: [GC (Allocation Failure)  130232K->109360K(140288K), 0,0030983 secs]
584,516: [GC (Allocation Failure)  134960K->103552K(140800K), 0,0020204 secs]
584,540: [GC (Allocation Failure)  129152K->108336K(140288K), 0,0016655 secs]
584,576: [GC (Allocation Failure)  133936K->102504K(140800K), 0,0053398 secs]
584,604: [GC (Allocation Failure)  128104K->107288K(141312K), 0,0016941 secs]
584,639: [GC (Allocation Failure)  133912K->102440K(141312K), 0,0019269 secs]
584,663: [GC (Allocation Failure)  129064K->108288K(141312K), 0,0017725 secs]
584,698: [GC (Allocation Failure)  134912K->103472K(141312K), 0,0036454 secs]
584,724: [GC (Allocation Failure)  130096K->109280K(140288K), 0,0032985 secs]
584,760: [GC (Allocation Failure)  134880K->103504K(140800K), 0,0011868 secs]
584,783: [GC (Allocation Failure)  129104K->108256K(140288K), 0,0019166 secs]
584,818: [GC (Allocation Failure)  133856K->102448K(140800K), 0,0010725 secs]
584,841: [GC (Allocation Failure)  128048K->107200K(141312K), 0,0043035 secs]
584,878: [GC (Allocation Failure)  133824K->102384K(141312K), 0,0021998 secs]
584,902: [GC (Allocation Failure)  129008K->108192K(141312K), 0,0035874 secs]
584,939: [GC (Allocation Failure)  134816K->103440K(141312K), 0,0011336 secs]
584,962: [GC (Allocation Failure)  130064K->109248K(139776K), 0,0019073 secs]
584,997: [GC (Allocation Failure)  134848K->103344K(140800K), 0,0012280 secs]
585,020: [GC (Allocation Failure)  128944K->108136K(141312K), 0,0053061 secs]
585,058: [GC (Allocation Failure)  134760K->103360K(141312K), 0,0045347 secs]
585,087: [GC (Allocation Failure)  129984K->109176K(140288K), 0,0027532 secs]
585,122: [GC (Allocation Failure)  134776K->103368K(140800K), 0,0014724 secs]
585,147: [GC (Allocation Failure)  128968K->108120K(141312K), 0,0020694 secs]
585,181: [GC (Allocation Failure)  134744K->103336K(141312K), 0,0014491 secs]
585,206: [GC (Allocation Failure)  129960K->109152K(140288K), 0,0040282 secs]
585,242: [GC (Allocation Failure)  134752K->103312K(140800K), 0,0029814 secs]
585,267: [GC (Allocation Failure)  128912K->108064K(141312K), 0,0036368 secs]
585,304: [GC (Allocation Failure)  134688K->103264K(141312K), 0,0026178 secs]
585,329: [GC (Allocation Failure)  129888K->109104K(140288K), 0,0045831 secs]
585,366: [GC (Allocation Failure)  134704K->103296K(140800K), 0,0009128 secs]
585,389: [GC (Allocation Failure)  128896K->108080K(141312K), 0,0015904 secs]
585,423: [GC (Allocation Failure)  134704K->103264K(141312K), 0,0020271 secs]
585,447: [GC (Allocation Failure)  129888K->109048K(140288K), 0,0018656 secs]
585,482: [GC (Allocation Failure)  134648K->103208K(140800K), 0,0033636 secs]
585,507: [GC (Allocation Failure)  128808K->107992K(141312K), 0,0014946 secs]
585,540: [GC (Allocation Failure)  134616K->103208K(141312K), 0,0050857 secs]
585,567: [GC (Allocation Failure)  129832K->109048K(141312K), 0,0018451 secs]
585,602: [GC (Allocation Failure)  135672K->104168K(141312K), 0,0021298 secs]
585,626: [GC (Allocation Failure)  130792K->110040K(140288K), 0,0028364 secs]
585,662: [GC (Allocation Failure)  135640K->104200K(140800K), 0,0010359 secs]
585,685: [GC (Allocation Failure)  129800K->108984K(140288K), 0,0016702 secs]
585,720: [GC (Allocation Failure)  134584K->103112K(140800K), 0,0009455 secs]
585,743: [GC (Allocation Failure)  128712K->107928K(141312K), 0,0014882 secs]
585,777: [GC (Allocation Failure)  134552K->103112K(141312K), 0,0017489 secs]
585,801: [GC (Allocation Failure)  129736K->108888K(141312K), 0,0034774 secs]
585,836: [GC (Allocation Failure)  135512K->104104K(141312K), 0,0018297 secs]
585,861: [GC (Allocation Failure)  130728K->109912K(140288K), 0,0030885 secs]
585,897: [GC (Allocation Failure)  135512K->104072K(140800K), 0,0033731 secs]
585,922: [GC (Allocation Failure)  129672K->108856K(140288K), 0,0043382 secs]
585,959: [GC (Allocation Failure)  134456K->103016K(140800K), 0,0030675 secs]
585,985: [GC (Allocation Failure)  128616K->107800K(141312K), 0,0032378 secs]
586,022: [GC (Allocation Failure)  134424K->102984K(141312K), 0,0018696 secs]
586,045: [GC (Allocation Failure)  129608K->108856K(141312K), 0,0014568 secs]
586,079: [GC (Allocation Failure)  135480K->104040K(141312K), 0,0008014 secs]
586,102: [GC (Allocation Failure)  130664K->109848K(139776K), 0,0026556 secs]
586,137: [GC (Allocation Failure)  135448K->103976K(140800K), 0,0051447 secs]
586,163: [GC (Allocation Failure)  129576K->108792K(141312K), 0,0015592 secs]
586,197: [GC (Allocation Failure)  135416K->103944K(141312K), 0,0033787 secs]
586,222: [GC (Allocation Failure)  130568K->109784K(140288K), 0,0023639 secs]
586,256: [GC (Allocation Failure)  135384K->103976K(140800K), 0,0016337 secs]
586,279: [GC (Allocation Failure)  129576K->108736K(141312K), 0,0013986 secs]
586,313: [GC (Allocation Failure)  135360K->103920K(141312K), 0,0021354 secs]
586,337: [GC (Allocation Failure)  130544K->109728K(140288K), 0,0015634 secs]
586,370: [GC (Allocation Failure)  135328K->103952K(140800K), 0,0008528 secs]
586,391: [GC (Allocation Failure)  129552K->108704K(141312K), 0,0015675 secs]
586,424: [GC (Allocation Failure)  135328K->103888K(141312K), 0,0016871 secs]
586,447: [GC (Allocation Failure)  130512K->109704K(140288K), 0,0015587 secs]
586,481: [GC (Allocation Failure)  135304K->103864K(140800K), 0,0009560 secs]
586,508: [GC (Allocation Failure)  129464K->108648K(141312K), 0,0050961 secs]
586,549: [GC (Allocation Failure)  135272K->103800K(141312K), 0,0050330 secs]
586,579: [GC (Allocation Failure)  130424K->109648K(141312K), 0,0029636 secs]
586,616: [GC (Allocation Failure)  136272K->104864K(141312K), 0,0051281 secs]
586,646: [GC (Allocation Failure)  131488K->110672K(140288K), 0,0032538 secs]
586,683: [GC (Allocation Failure)  136272K->104840K(140800K), 0,0025850 secs]
586,709: [GC (Allocation Failure)  130440K->109624K(140288K), 0,0052888 secs]
586,747: [GC (Allocation Failure)  135224K->103752K(140800K), 0,0024631 secs]
586,772: [GC (Allocation Failure)  129352K->108536K(141312K), 0,0034828 secs]
586,809: [GC (Allocation Failure)  134648K->103048K(140800K), 0,0059214 secs]
586,837: [GC (Allocation Failure)  129160K->108376K(141312K), 0,0026105 secs]
586,871: [GC (Allocation Failure)  135000K->103496K(141312K), 0,0015398 secs]
586,894: [GC (Allocation Failure)  130120K->109336K(141312K), 0,0028557 secs]
586,930: [GC (Allocation Failure)  135960K->104560K(141312K), 0,0008176 secs]
586,953: [GC (Allocation Failure)  131184K->110336K(139776K), 0,0016503 secs]
586,987: [GC (Allocation Failure)  135936K->104496K(140800K), 0,0008602 secs]
587,009: [GC (Allocation Failure)  130096K->109288K(141312K), 0,0015425 secs]
587,011: [Full GC (Ergonomics)  109288K->17078K(141312K), 0,0394199 secs]
587,083: [GC (Allocation Failure)  43702K->22902K(141312K), 0,0058832 secs]
587,111: [GC (Allocation Failure)  49526K->29162K(140288K), 0,0020594 secs]
587,147: [GC (Allocation Failure)  54762K->23290K(140800K), 0,0059694 secs]
587,181: [GC (Allocation Failure)  48890K->28106K(141312K), 0,0046112 secs]
587,220: [GC (Allocation Failure)  54730K->23322K(141312K), 0,0017263 secs]
587,245: [GC (Allocation Failure)  49946K->29170K(140288K), 0,0017614 secs]
587,280: [GC (Allocation Failure)  54770K->23298K(140800K), 0,0013579 secs]
587,303: [GC (Allocation Failure)  48898K->28058K(141312K), 0,0036119 secs]
587,339: [GC (Allocation Failure)  54682K->23274K(141312K), 0,0007194 secs]
587,361: [GC (Allocation Failure)  49898K->29114K(140288K), 0,0014827 secs]
587,394: [GC (Allocation Failure)  54714K->23242K(140800K), 0,0032825 secs]
587,418: [GC (Allocation Failure)  48842K->27994K(141312K), 0,0023031 secs]
587,453: [GC (Allocation Failure)  54618K->23218K(141312K), 0,0007735 secs]
587,475: [GC (Allocation Failure)  49842K->29058K(141312K), 0,0017575 secs]
587,510: [GC (Allocation Failure)  55682K->24242K(141312K), 0,0021521 secs]
587,534: [GC (Allocation Failure)  50866K->30050K(140288K), 0,0057011 secs]
587,575: [GC (Allocation Failure)  55650K->24242K(140800K), 0,0033974 secs]
587,605: [GC (Allocation Failure)  49842K->28994K(140288K), 0,0045509 secs]
587,642: [GC (Allocation Failure)  54594K->23162K(140800K), 0,0036173 secs]
587,668: [GC (Allocation Failure)  48762K->27954K(141312K), 0,0033437 secs]
587,705: [GC (Allocation Failure)  54066K->22602K(140800K), 0,0010177 secs]
587,728: [GC (Allocation Failure)  48714K->27930K(141312K), 0,0032917 secs]
587,765: [GC (Allocation Failure)  54554K->23146K(141312K), 0,0027278 secs]
587,791: [GC (Allocation Failure)  49770K->28954K(141312K), 0,0019429 secs]
587,825: [GC (Allocation Failure)  55578K->24170K(141312K), 0,0011645 secs]
587,849: [GC (Allocation Failure)  50794K->29914K(139776K), 0,0029467 secs]
587,884: [GC (Allocation Failure)  55514K->24138K(140800K), 0,0008266 secs]
587,907: [GC (Allocation Failure)  49738K->28890K(141312K), 0,0014827 secs]
587,941: [GC (Allocation Failure)  55514K->24074K(141312K), 0,0026726 secs]
587,965: [GC (Allocation Failure)  50698K->29882K(140288K), 0,0071099 secs]
588,005: [GC (Allocation Failure)  55482K->24074K(140800K), 0,0015701 secs]
588,027: [GC (Allocation Failure)  49674K->28826K(140288K), 0,0022369 secs]
588,060: [GC (Allocation Failure)  54426K->22986K(140800K), 0,0065366 secs]
588,095: [GC (Allocation Failure)  48586K->27802K(141312K), 0,0047564 secs]
588,134: [GC (Allocation Failure)  54426K->22954K(141312K), 0,0029329 secs]
588,161: [GC (Allocation Failure)  49578K->28794K(141312K), 0,0037000 secs]
588,197: [GC (Allocation Failure)  55418K->23946K(141312K), 0,0015648 secs]
588,224: [GC (Allocation Failure)  50570K->29818K(139776K), 0,0058094 secs]
588,264: [GC (Allocation Failure)  55418K->23946K(140800K), 0,0010220 secs]
588,290: [GC (Allocation Failure)  49546K->28770K(141312K), 0,0056291 secs]
588,327: [GC (Allocation Failure)  55394K->23962K(141312K), 0,0018495 secs]
588,354: [GC (Allocation Failure)  50586K->29738K(140288K), 0,0035581 secs]
588,388: [GC (Allocation Failure)  55338K->23898K(140800K), 0,0017630 secs]
588,414: [GC (Allocation Failure)  49498K->28682K(141312K), 0,0032988 secs]
588,448: [GC (Allocation Failure)  55306K->23898K(141312K), 0,0012211 secs]
588,471: [GC (Allocation Failure)  50522K->29738K(140288K), 0,0023941 secs]
588,504: [GC (Allocation Failure)  55338K->23866K(140800K), 0,0007817 secs]
588,526: [GC (Allocation Failure)  49466K->28682K(141312K), 0,0012865 secs]
588,558: [GC (Allocation Failure)  55306K->23834K(141312K), 0,0046408 secs]
588,588: [GC (Allocation Failure)  50458K->29682K(141312K), 0,0043427 secs]
588,629: [GC (Allocation Failure)  56306K->24866K(141312K), 0,0067584 secs]
588,661: [GC (Allocation Failure)  51490K->30674K(140288K), 0,0050670 secs]
588,699: [GC (Allocation Failure)  56274K->24866K(140800K), 0,0014279 secs]
588,725: [GC (Allocation Failure)  50466K->29618K(140288K), 0,0048577 secs]
588,767: [GC (Allocation Failure)  55218K->23786K(140800K), 0,0015075 secs]
588,793: [GC (Allocation Failure)  49386K->28578K(141312K), 0,0047529 secs]
588,834: [GC (Allocation Failure)  54690K->23258K(140800K), 0,0029408 secs]
588,866: [GC (Allocation Failure)  49370K->28554K(141312K), 0,0103686 secs]
588,914: [GC (Allocation Failure)  55178K->23738K(141312K), 0,0047470 secs]
588,947: [GC (Allocation Failure)  50362K->29578K(141312K), 0,0055880 secs]
588,991: [GC (Allocation Failure)  56202K->24794K(141312K), 0,0030751 secs]
589,022: [GC (Allocation Failure)  51418K->30602K(139776K), 0,0047238 secs]
589,062: [GC (Allocation Failure)  56202K->24762K(140800K), 0,0011921 secs]
589,088: [GC (Allocation Failure)  50362K->29514K(140288K), 0,0030129 secs]
589,123: [GC (Allocation Failure)  55114K->23714K(140800K), 0,0039044 secs]
589,151: [GC (Allocation Failure)  49314K->28466K(141312K), 0,0042556 secs]
589,188: [GC (Allocation Failure)  55090K->23650K(141312K), 0,0029586 secs]
589,214: [GC (Allocation Failure)  50274K->29458K(141312K), 0,0046836 secs]
589,251: [GC (Allocation Failure)  56082K->24674K(141312K), 0,0038120 secs]
589,279: [GC (Allocation Failure)  51298K->30482K(139776K), 0,0030891 secs]
589,313: [GC (Allocation Failure)  56082K->24642K(140800K), 0,0028972 secs]
589,340: [GC (Allocation Failure)  50242K->29458K(141312K), 0,0037906 secs]
589,376: [GC (Allocation Failure)  56082K->24610K(141312K), 0,0034855 secs]
589,406: [GC (Allocation Failure)  51234K->30482K(140288K), 0,0045857 secs]
589,448: [GC (Allocation Failure)  56082K->24578K(140800K), 0,0015586 secs]
589,476: [GC (Allocation Failure)  50178K->29402K(141312K), 0,0042549 secs]
589,518: [GC (Allocation Failure)  56026K->24586K(141312K), 0,0008881 secs]
589,540: [GC (Allocation Failure)  51210K->30434K(140288K), 0,0015695 secs]
589,572: [GC (Allocation Failure)  56034K->24594K(140800K), 0,0031535 secs]
589,598: [GC (Allocation Failure)  50194K->29346K(141312K), 0,0021810 secs]
589,635: [GC (Allocation Failure)  55970K->24602K(141312K), 0,0016271 secs]
589,663: [GC (Allocation Failure)  51226K->30378K(140288K), 0,0050045 secs]
589,703: [GC (Allocation Failure)  55978K->24538K(140800K), 0,0052325 secs]
589,732: [GC (Allocation Failure)  50138K->29322K(141312K), 0,0034270 secs]
589,771: [GC (Allocation Failure)  55946K->24506K(141312K), 0,0022298 secs]
589,799: [GC (Allocation Failure)  51130K->30378K(140288K), 0,0025751 secs]
589,834: [GC (Allocation Failure)  55978K->24514K(140800K), 0,0026422 secs]
589,863: [GC (Allocation Failure)  50114K->29266K(141312K), 0,0058078 secs]
589,903: [GC (Allocation Failure)  55890K->24482K(141312K), 0,0011111 secs]
589,930: [GC (Allocation Failure)  51106K->30258K(141312K), 0,0037783 secs]
589,967: [GC (Allocation Failure)  56882K->25474K(141312K), 0,0023443 secs]
589,994: [GC (Allocation Failure)  52098K->31282K(140288K), 0,0046890 secs]
590,031: [GC (Allocation Failure)  56882K->25442K(140800K), 0,0028922 secs]
590,057: [GC (Allocation Failure)  51042K->30234K(140288K), 0,0053503 secs]
590,097: [GC (Allocation Failure)  55834K->24426K(140800K), 0,0025951 secs]
590,124: [GC (Allocation Failure)  50026K->29178K(141312K), 0,0035523 secs]
590,162: [GC (Allocation Failure)  55802K->24330K(141312K), 0,0025805 secs]
590,188: [GC (Allocation Failure)  50954K->30170K(141312K), 0,0042721 secs]
590,227: [GC (Allocation Failure)  56794K->25386K(141312K), 0,0034160 secs]
590,254: [GC (Allocation Failure)  52010K->31194K(140288K), 0,0024417 secs]
590,291: [GC (Allocation Failure)  56794K->25354K(140800K), 0,0025028 secs]
590,319: [GC (Allocation Failure)  50954K->30138K(140288K), 0,0039402 secs]
590,359: [GC (Allocation Failure)  55738K->24298K(140800K), 0,0051882 secs]
590,388: [GC (Allocation Failure)  49898K->29082K(141312K), 0,0025178 secs]
590,424: [GC (Allocation Failure)  55706K->24266K(141312K), 0,0008880 secs]
590,446: [GC (Allocation Failure)  50890K->30074K(141312K), 0,0024257 secs]
590,483: [GC (Allocation Failure)  56698K->25290K(141312K), 0,0076508 secs]
590,514: [GC (Allocation Failure)  51914K->31066K(139776K), 0,0047809 secs]
590,551: [GC (Allocation Failure)  56666K->25298K(140800K), 0,0008044 secs]
590,574: [GC (Allocation Failure)  50898K->30090K(141312K), 0,0027089 secs]
590,610: [GC (Allocation Failure)  56714K->25242K(141312K), 0,0033691 secs]
590,640: [GC (Allocation Failure)  51866K->31050K(140288K), 0,0055284 secs]
590,678: [GC (Allocation Failure)  56650K->25242K(140800K), 0,0008007 secs]
590,704: [GC (Allocation Failure)  50842K->30026K(141312K), 0,0017559 secs]
590,738: [GC (Allocation Failure)  56650K->25178K(141312K), 0,0034652 secs]
590,765: [GC (Allocation Failure)  51802K->31018K(140288K), 0,0020424 secs]
590,798: [GC (Allocation Failure)  56618K->24986K(140800K), 0,0043113 secs]
590,825: [GC (Allocation Failure)  50586K->29770K(141312K), 0,0026194 secs]
590,858: [GC (Allocation Failure)  56394K->24986K(141312K), 0,0044123 secs]
590,887: [GC (Allocation Failure)  51610K->30762K(141312K), 0,0039630 secs]
590,925: [GC (Allocation Failure)  57386K->25946K(141312K), 0,0050108 secs]
590,957: [GC (Allocation Failure)  52570K->31698K(140288K), 0,0031035 secs]
590,993: [GC (Allocation Failure)  57298K->25858K(140800K), 0,0013255 secs]
591,019: [GC (Allocation Failure)  51458K->30610K(140288K), 0,0029770 secs]
591,053: [GC (Allocation Failure)  56210K->24786K(140800K), 0,0006495 secs]
591,078: [GC (Allocation Failure)  50386K->29538K(141312K), 0,0019010 secs]
591,112: [GC (Allocation Failure)  56162K->24754K(141312K), 0,0018064 secs]
591,137: [GC (Allocation Failure)  51378K->30530K(141312K), 0,0039880 secs]
591,174: [GC (Allocation Failure)  57154K->25746K(141312K), 0,0039460 secs]
591,201: [GC (Allocation Failure)  52370K->31554K(139776K), 0,0054666 secs]
591,238: [GC (Allocation Failure)  57154K->25746K(140800K), 0,0023190 secs]
591,264: [GC (Allocation Failure)  51346K->30506K(141312K), 0,0044436 secs]
591,306: [GC (Allocation Failure)  57130K->25722K(141312K), 0,0055513 secs]
591,340: [GC (Allocation Failure)  52346K->31538K(140288K), 0,0037386 secs]
591,378: [GC (Allocation Failure)  57138K->25706K(140800K), 0,0023386 secs]
591,405: [GC (Allocation Failure)  51306K->30498K(141312K), 0,0025905 secs]
591,441: [GC (Allocation Failure)  57122K->25690K(141312K), 0,0016557 secs]
591,467: [GC (Allocation Failure)  52314K->31498K(140288K), 0,0051030 secs]
591,505: [GC (Allocation Failure)  57098K->25658K(140800K), 0,0011224 secs]
591,529: [GC (Allocation Failure)  51258K->30474K(141312K), 0,0019845 secs]
591,563: [GC (Allocation Failure)  57098K->25658K(141312K), 0,0027269 secs]
591,594: [GC (Allocation Failure)  52282K->31466K(140288K), 0,0045321 secs]
591,636: [GC (Allocation Failure)  57066K->25594K(140800K), 0,0069004 secs]
591,668: [GC (Allocation Failure)  51194K->30386K(141312K), 0,0025016 secs]
591,705: [GC (Allocation Failure)  57010K->25602K(141312K), 0,0015225 secs]
591,731: [GC (Allocation Failure)  52226K->31410K(140288K), 0,0049327 secs]
591,770: [GC (Allocation Failure)  57010K->25570K(140800K), 0,0020258 secs]
591,797: [GC (Allocation Failure)  51170K->30354K(141312K), 0,0029057 secs]
591,832: [GC (Allocation Failure)  56978K->25570K(141312K), 0,0011775 secs]
591,857: [GC (Allocation Failure)  52194K->31346K(141312K), 0,0056643 secs]
591,896: [GC (Allocation Failure)  57970K->26530K(141312K), 0,0078014 secs]
591,927: [GC (Allocation Failure)  53154K->32410K(140288K), 0,0023209 secs]
591,965: [GC (Allocation Failure)  58010K->26538K(140800K), 0,0062853 secs]
591,999: [GC (Allocation Failure)  52138K->31322K(140288K), 0,0043525 secs]
592,036: [GC (Allocation Failure)  56922K->25482K(140800K), 0,0011084 secs]
592,063: [GC (Allocation Failure)  51082K->30298K(141312K), 0,0071135 secs]
592,103: [GC (Allocation Failure)  56922K->25450K(141312K), 0,0021779 secs]
592,131: [GC (Allocation Failure)  52074K->31258K(141312K), 0,0033679 secs]
592,167: [GC (Allocation Failure)  57882K->26442K(141312K), 0,0040197 secs]
592,198: [GC (Allocation Failure)  53066K->32250K(140288K), 0,0035614 secs]
592,236: [GC (Allocation Failure)  57850K->26474K(140800K), 0,0071040 secs]
592,267: [GC (Allocation Failure)  52074K->31226K(140288K), 0,0040621 secs]
592,305: [GC (Allocation Failure)  56826K->25426K(140800K), 0,0011632 secs]
592,328: [GC (Allocation Failure)  51026K->30146K(141312K), 0,0040767 secs]
592,366: [GC (Allocation Failure)  56770K->25338K(141312K), 0,0015903 secs]
592,393: [GC (Allocation Failure)  51962K->31154K(141312K), 0,0041948 secs]
592,433: [GC (Allocation Failure)  57778K->26402K(141312K), 0,0009428 secs]
592,459: [GC (Allocation Failure)  53026K->32210K(139776K), 0,0035953 secs]
592,497: [GC (Allocation Failure)  57810K->26370K(140800K), 0,0067823 secs]
592,528: [GC (Allocation Failure)  51970K->31162K(141312K), 0,0013563 secs]
592,563: [GC (Allocation Failure)  57786K->26346K(141312K), 0,0023072 secs]
592,588: [GC (Allocation Failure)  52970K->32186K(140288K), 0,0027724 secs]
592,622: [GC (Allocation Failure)  57786K->26346K(140800K), 0,0086361 secs]
592,660: [GC (Allocation Failure)  51946K->31098K(141312K), 0,0115539 secs]
592,706: [GC (Allocation Failure)  57722K->26282K(141312K), 0,0018099 secs]
592,735: [GC (Allocation Failure)  52906K->32122K(140288K), 0,0047254 secs]
592,776: [GC (Allocation Failure)  57722K->26282K(140800K), 0,0048471 secs]
592,805: [GC (Allocation Failure)  51882K->31066K(141312K), 0,0033854 secs]
592,843: [GC (Allocation Failure)  57690K->26250K(141312K), 0,0040020 secs]
592,871: [GC (Allocation Failure)  52874K->32098K(140288K), 0,0030811 secs]
592,911: [GC (Allocation Failure)  57698K->26226K(140800K), 0,0074329 secs]
592,946: [GC (Allocation Failure)  51826K->31042K(141312K), 0,0035218 secs]
592,982: [GC (Allocation Failure)  57666K->26234K(141312K), 0,0027623 secs]
593,012: [GC (Allocation Failure)  52858K->32042K(140288K), 0,0056515 secs]
593,051: [GC (Allocation Failure)  57642K->26210K(140800K), 0,0016057 secs]
593,077: [GC (Allocation Failure)  51810K->30970K(141312K), 0,0036781 secs]
593,113: [GC (Allocation Failure)  57594K->26186K(141312K), 0,0053143 secs]
593,147: [GC (Allocation Failure)  52810K->31994K(141312K), 0,0038162 secs]
593,189: [GC (Allocation Failure)  58618K->27178K(141312K), 0,0046180 secs]
593,218: [GC (Allocation Failure)  53802K->32994K(140288K), 0,0026733 secs]
593,254: [GC (Allocation Failure)  58594K->27186K(140800K), 0,0047505 secs]
593,284: [GC (Allocation Failure)  52786K->31970K(140288K), 0,0027930 secs]
593,321: [GC (Allocation Failure)  57570K->26130K(140800K), 0,0035404 secs]
593,352: [GC (Allocation Failure)  51730K->30882K(141312K), 0,0038505 secs]
593,391: [GC (Allocation Failure)  57506K->26106K(141312K), 0,0021030 secs]
593,419: [GC (Allocation Failure)  52730K->31914K(141312K), 0,0044949 secs]
593,460: [GC (Allocation Failure)  58538K->27130K(141312K), 0,0017094 secs]
593,487: [GC (Allocation Failure)  53754K->32938K(140288K), 0,0026890 secs]
593,523: [GC (Allocation Failure)  58538K->27098K(140800K), 0,0039042 secs]
593,551: [GC (Allocation Failure)  52698K->31882K(140288K), 0,0036895 secs]
593,586: [GC (Allocation Failure)  57482K->26010K(140800K), 0,0028393 secs]
593,609: [GC (Allocation Failure)  51610K->30794K(141312K), 0,0020409 secs]
593,643: [GC (Allocation Failure)  57418K->26010K(141312K), 0,0014311 secs]
593,665: [GC (Allocation Failure)  52634K->31818K(141312K), 0,0013322 secs]
593,699: [GC (Allocation Failure)  58442K->27034K(141312K), 0,0008135 secs]
593,721: [GC (Allocation Failure)  53658K->32842K(139776K), 0,0014526 secs]
593,759: [GC (Allocation Failure)  58442K->27002K(140800K), 0,0028767 secs]
593,790: [GC (Allocation Failure)  52602K->31794K(141312K), 0,0041919 secs]
593,830: [GC (Allocation Failure)  58418K->27010K(141312K), 0,0016763 secs]
593,856: [GC (Allocation Failure)  53634K->32786K(140288K), 0,0050411 secs]
593,896: [GC (Allocation Failure)  58386K->26946K(140800K), 0,0016679 secs]
593,922: [GC (Allocation Failure)  52546K->31730K(141312K), 0,0025125 secs]
593,959: [GC (Allocation Failure)  58354K->26914K(141312K), 0,0016478 secs]
593,986: [GC (Allocation Failure)  53538K->32730K(140288K), 0,0035560 secs]
594,023: [GC (Allocation Failure)  58330K->26890K(140800K), 0,0020775 secs]
594,052: [GC (Allocation Failure)  52490K->31674K(141312K), 0,0051787 secs]
594,095: [GC (Allocation Failure)  58298K->26890K(141312K), 0,0026931 secs]
594,126: [GC (Allocation Failure)  53514K->32698K(140288K), 0,0046078 secs]
594,169: [GC (Allocation Failure)  58298K->26890K(140800K), 0,0034889 secs]
594,201: [GC (Allocation Failure)  52490K->31610K(141312K), 0,0060049 secs]
594,240: [GC (Allocation Failure)  58234K->26826K(141312K), 0,0018401 secs]
594,264: [GC (Allocation Failure)  53450K->32666K(141312K), 0,0014251 secs]
594,298: [GC (Allocation Failure)  59290K->27850K(141312K), 0,0013464 secs]
594,321: [GC (Allocation Failure)  54474K->33658K(140288K), 0,0016506 secs]
594,354: [GC (Allocation Failure)  59258K->27794K(140800K), 0,0019876 secs]
594,378: [GC (Allocation Failure)  53394K->32610K(140288K), 0,0014808 secs]
594,412: [GC (Allocation Failure)  58210K->26738K(140800K), 0,0007106 secs]
594,434: [GC (Allocation Failure)  52338K->31522K(141312K), 0,0023406 secs]
594,469: [GC (Allocation Failure)  58146K->26778K(141312K), 0,0007501 secs]
594,491: [GC (Allocation Failure)  53402K->32554K(141312K), 0,0016272 secs]
594,526: [GC (Allocation Failure)  59178K->27738K(141312K), 0,0010259 secs]
594,550: [GC (Allocation Failure)  54362K->33610K(140288K), 0,0019110 secs]
594,584: [GC (Allocation Failure)  59210K->27770K(140800K), 0,0010855 secs]
594,607: [GC (Allocation Failure)  53370K->32490K(140288K), 0,0016219 secs]
594,642: [GC (Allocation Failure)  58090K->26650K(140800K), 0,0008939 secs]
594,665: [GC (Allocation Failure)  52250K->31466K(141312K), 0,0014817 secs]
594,700: [GC (Allocation Failure)  58090K->26650K(141312K), 0,0011642 secs]
594,723: [GC (Allocation Failure)  53274K->32458K(141312K), 0,0029927 secs]
594,759: [GC (Allocation Failure)  59082K->27642K(141312K), 0,0023390 secs]
594,783: [GC (Allocation Failure)  54266K->33322K(140288K), 0,0017092 secs]
594,820: [GC (Allocation Failure)  58922K->27482K(140800K), 0,0023411 secs]
594,846: [GC (Allocation Failure)  53082K->32234K(141312K), 0,0018831 secs]
594,880: [GC (Allocation Failure)  58858K->27386K(141312K), 0,0012504 secs]
594,902: [GC (Allocation Failure)  54010K->33162K(140288K), 0,0015208 secs]
594,936: [GC (Allocation Failure)  58762K->27322K(140800K), 0,0011739 secs]
594,959: [GC (Allocation Failure)  52922K->32074K(141312K), 0,0021197 secs]
594,992: [GC (Allocation Failure)  58698K->27290K(141312K), 0,0027954 secs]
595,024: [GC (Allocation Failure)  53914K->33106K(141312K), 0,0029479 secs]
595,060: [GC (Allocation Failure)  59730K->28322K(141312K), 0,0009516 secs]
595,083: [GC (Allocation Failure)  54946K->34162K(140288K), 0,0015637 secs]
595,117: [GC (Allocation Failure)  59762K->28290K(140800K), 0,0016110 secs]
595,140: [GC (Allocation Failure)  53890K->33082K(140288K), 0,0022882 secs]
595,175: [GC (Allocation Failure)  58682K->27210K(140800K), 0,0073118 secs]
595,210: [GC (Allocation Failure)  52810K->32026K(141312K), 0,0067636 secs]
595,250: [GC (Allocation Failure)  58138K->26698K(140800K), 0,0020432 secs]
595,274: [GC (Allocation Failure)  52810K->31994K(141312K), 0,0031166 secs]
595,310: [GC (Allocation Failure)  58618K->27218K(141312K), 0,0009524 secs]
595,333: [GC (Allocation Failure)  53842K->32994K(141312K), 0,0016524 secs]
595,368: [GC (Allocation Failure)  59618K->28210K(141312K), 0,0010493 secs]
595,392: [GC (Allocation Failure)  54834K->34018K(139776K), 0,0018535 secs]
595,426: [GC (Allocation Failure)  59618K->28218K(140800K), 0,0010069 secs]
595,453: [GC (Allocation Failure)  53818K->32970K(141312K), 0,0049052 secs]
595,495: [GC (Allocation Failure)  59594K->28154K(141312K), 0,0052782 secs]
595,524: [GC (Allocation Failure)  54778K->33962K(140288K), 0,0049864 secs]
595,561: [GC (Allocation Failure)  59562K->28122K(140800K), 0,0027966 secs]
595,584: [GC (Allocation Failure)  53722K->32946K(140288K), 0,0013370 secs]
595,618: [GC (Allocation Failure)  58546K->27106K(140800K), 0,0013088 secs]
595,640: [GC (Allocation Failure)  52706K->31858K(141312K), 0,0011679 secs]
595,672: [GC (Allocation Failure)  58482K->27050K(141312K), 0,0012656 secs]
595,694: [GC (Allocation Failure)  53674K->32866K(141312K), 0,0057363 secs]
595,732: [GC (Allocation Failure)  59490K->28114K(141312K), 0,0007434 secs]
595,753: [GC (Allocation Failure)  54738K->33922K(139776K), 0,0031881 secs]
595,788: [GC (Allocation Failure)  59522K->28050K(140800K), 0,0007930 secs]
595,811: [GC (Allocation Failure)  53650K->32802K(141312K), 0,0029196 secs]
595,851: [GC (Allocation Failure)  59426K->28018K(141312K), 0,0070753 secs]
595,883: [GC (Allocation Failure)  54642K->33826K(140288K), 0,0040400 secs]
595,920: [GC (Allocation Failure)  59426K->28018K(140800K), 0,0030259 secs]
595,945: [GC (Allocation Failure)  53618K->32802K(141312K), 0,0015289 secs]
595,979: [GC (Allocation Failure)  59426K->27986K(141312K), 0,0009465 secs]
596,002: [GC (Allocation Failure)  54610K->33794K(140288K), 0,0030078 secs]
596,038: [GC (Allocation Failure)  59394K->27962K(140800K), 0,0009697 secs]
596,063: [GC (Allocation Failure)  53562K->32746K(141312K), 0,0040533 secs]
596,100: [GC (Allocation Failure)  59370K->27930K(141312K), 0,0026871 secs]
596,126: [GC (Allocation Failure)  54554K->33746K(141312K), 0,0020057 secs]
596,160: [GC (Allocation Failure)  60370K->28962K(141312K), 0,0012621 secs]
596,184: [GC (Allocation Failure)  55586K->34810K(140288K), 0,0052857 secs]
596,221: [GC (Allocation Failure)  60410K->28938K(140800K), 0,0022802 secs]
596,245: [GC (Allocation Failure)  54538K->33690K(140288K), 0,0032252 secs]
596,282: [GC (Allocation Failure)  59290K->27850K(140800K), 0,0025371 secs]
596,306: [GC (Allocation Failure)  53450K->32634K(141312K), 0,0028403 secs]
596,343: [GC (Allocation Failure)  59258K->27818K(141312K), 0,0026830 secs]
596,370: [GC (Allocation Failure)  54442K->33626K(141312K), 0,0039714 secs]
596,408: [GC (Allocation Failure)  60250K->28874K(141312K), 0,0015567 secs]
596,431: [GC (Allocation Failure)  55498K->34682K(140288K), 0,0014960 secs]
596,464: [GC (Allocation Failure)  60282K->28810K(140800K), 0,0008830 secs]
596,486: [GC (Allocation Failure)  54410K->33634K(140288K), 0,0013735 secs]
596,519: [GC (Allocation Failure)  59234K->27794K(140800K), 0,0006926 secs]
596,540: [GC (Allocation Failure)  53394K->32578K(141312K), 0,0016267 secs]
596,578: [GC (Allocation Failure)  59202K->27762K(141312K), 0,0069057 secs]
596,613: [GC (Allocation Failure)  54386K->33578K(141312K), 0,0086528 secs]
596,660: [GC (Allocation Failure)  60202K->28794K(141312K), 0,0030245 secs]
596,691: [GC (Allocation Failure)  55418K->34610K(140288K), 0,0046161 secs]
596,733: [GC (Allocation Failure)  60210K->28770K(140800K), 0,0054295 secs]
596,767: [GC (Allocation Failure)  54370K->33554K(141312K), 0,0091708 secs]
596,814: [GC (Allocation Failure)  60178K->28746K(141312K), 0,0037956 secs]
596,846: [GC (Allocation Failure)  55370K->34586K(140288K), 0,0046383 secs]
596,886: [GC (Allocation Failure)  60186K->28746K(140800K), 0,0037400 secs]
596,915: [GC (Allocation Failure)  54346K->33498K(141312K), 0,0021227 secs]
596,950: [GC (Allocation Failure)  60122K->28722K(141312K), 0,0012429 secs]
596,975: [GC (Allocation Failure)  55346K->34562K(140288K), 0,0020393 secs]
597,009: [GC (Allocation Failure)  60162K->28698K(140800K), 0,0027491 secs]
597,034: [GC (Allocation Failure)  54298K->33482K(141312K), 0,0037129 secs]
597,073: [GC (Allocation Failure)  60106K->28666K(141312K), 0,0028558 secs]
597,102: [GC (Allocation Failure)  55290K->34474K(140288K), 0,0027017 secs]
597,138: [GC (Allocation Failure)  60074K->28634K(140800K), 0,0025060 secs]
597,164: [GC (Allocation Failure)  54234K->33450K(141312K), 0,0060995 secs]
597,205: [GC (Allocation Failure)  60074K->28618K(141312K), 0,0022465 secs]
597,232: [GC (Allocation Failure)  55242K->34426K(140288K), 0,0051088 secs]
597,269: [GC (Allocation Failure)  60026K->28586K(140800K), 0,0073883 secs]
597,298: [GC (Allocation Failure)  54186K->33402K(141312K), 0,0050314 secs]
597,336: [GC (Allocation Failure)  60026K->28626K(141312K), 0,0007563 secs]
597,359: [GC (Allocation Failure)  55250K->34402K(141312K), 0,0015352 secs]
597,393: [GC (Allocation Failure)  61026K->29586K(141312K), 0,0020100 secs]
597,417: [GC (Allocation Failure)  56210K->35458K(140288K), 0,0016671 secs]
597,452: [GC (Allocation Failure)  61058K->29586K(140800K), 0,0010929 secs]
597,475: [GC (Allocation Failure)  55186K->34338K(140288K), 0,0039517 secs]
597,512: [GC (Allocation Failure)  59938K->28530K(140800K), 0,0068073 secs]
597,543: [GC (Allocation Failure)  54130K->33314K(141312K), 0,0014933 secs]
597,577: [GC (Allocation Failure)  59426K->27954K(140800K), 0,0012586 secs]
597,599: [GC (Allocation Failure)  54066K->33282K(141312K), 0,0026043 secs]
597,634: [GC (Allocation Failure)  59906K->28466K(141312K), 0,0014077 secs]
597,656: [GC (Allocation Failure)  55090K->34274K(141312K), 0,0022007 secs]
597,695: [GC (Allocation Failure)  60898K->29458K(141312K), 0,0036180 secs]
597,727: [GC (Allocation Failure)  56082K->35330K(139776K), 0,0043327 secs]
597,765: [GC (Allocation Failure)  60930K->29426K(140800K), 0,0046575 secs]
597,793: [GC (Allocation Failure)  55026K->34242K(141312K), 0,0018495 secs]
597,827: [GC (Allocation Failure)  60866K->29458K(141312K), 0,0022923 secs]
597,853: [GC (Allocation Failure)  56082K->35266K(140288K), 0,0021203 secs]
597,887: [GC (Allocation Failure)  60866K->29394K(140800K), 0,0033402 secs]
597,913: [GC (Allocation Failure)  54994K->34178K(140288K), 0,0018931 secs]
597,948: [GC (Allocation Failure)  59778K->28354K(140800K), 0,0010849 secs]
597,971: [GC (Allocation Failure)  53954K->33138K(141312K), 0,0024963 secs]
598,007: [GC (Allocation Failure)  59762K->28322K(141312K), 0,0064198 secs]
598,036: [GC (Allocation Failure)  54946K->34138K(141312K), 0,0028127 secs]
598,071: [GC (Allocation Failure)  60762K->29354K(141312K), 0,0014941 secs]
598,094: [GC (Allocation Failure)  55978K->35194K(139776K), 0,0014986 secs]
598,128: [GC (Allocation Failure)  60794K->29354K(140800K), 0,0007219 secs]
598,150: [GC (Allocation Failure)  54954K->34106K(141312K), 0,0013390 secs]
598,183: [GC (Allocation Failure)  60730K->29322K(141312K), 0,0007564 secs]
598,205: [GC (Allocation Failure)  55946K->35130K(140288K), 0,0024525 secs]
598,238: [GC (Allocation Failure)  60730K->29290K(140800K), 0,0007550 secs]
598,261: [GC (Allocation Failure)  54890K->34042K(141312K), 0,0013286 secs]
598,294: [GC (Allocation Failure)  60666K->29234K(141312K), 0,0030204 secs]
598,319: [GC (Allocation Failure)  55858K->35074K(141312K), 0,0015199 secs]
598,353: [GC (Allocation Failure)  61698K->30290K(141312K), 0,0008619 secs]
598,376: [GC (Allocation Failure)  56914K->36098K(140288K), 0,0016357 secs]
598,410: [GC (Allocation Failure)  61698K->30258K(140800K), 0,0017429 secs]
598,433: [GC (Allocation Failure)  55858K->35042K(140288K), 0,0044062 secs]
598,470: [GC (Allocation Failure)  60642K->29202K(140800K), 0,0007989 secs]
598,492: [GC (Allocation Failure)  54802K->34018K(141312K), 0,0014895 secs]
598,526: [GC (Allocation Failure)  60130K->28626K(140800K), 0,0016094 secs]
598,549: [GC (Allocation Failure)  54738K->33986K(141312K), 0,0013143 secs]
598,583: [GC (Allocation Failure)  60610K->29154K(141312K), 0,0006918 secs]
598,605: [GC (Allocation Failure)  55778K->34962K(141312K), 0,0031622 secs]
598,641: [GC (Allocation Failure)  61586K->30178K(141312K), 0,0010862 secs]
598,665: [GC (Allocation Failure)  56802K->35986K(140288K), 0,0021035 secs]
598,699: [GC (Allocation Failure)  61586K->30114K(140800K), 0,0025068 secs]
598,725: [GC (Allocation Failure)  55714K->34898K(140288K), 0,0018725 secs]
598,759: [GC (Allocation Failure)  60498K->29090K(140800K), 0,0014435 secs]
598,783: [GC (Allocation Failure)  54690K->33714K(141312K), 0,0021843 secs]
598,819: [GC (Allocation Failure)  60338K->28834K(141312K), 0,0113653 secs]
598,851: [GC (Allocation Failure)  55458K->34682K(141312K), 0,0014582 secs]
598,884: [GC (Allocation Failure)  61306K->29834K(141312K), 0,0010405 secs]
598,907: [GC (Allocation Failure)  56457K->35674K(139776K), 0,0013774 secs]
598,939: [GC (Allocation Failure)  61274K->29802K(140800K), 0,0007966 secs]
598,960: [GC (Allocation Failure)  55402K->34586K(141312K), 0,0013113 secs]
598,994: [GC (Allocation Failure)  61210K->29738K(141312K), 0,0014643 secs]
599,017: [GC (Allocation Failure)  56362K->35578K(140288K), 0,0020878 secs]
599,051: [GC (Allocation Failure)  61178K->29738K(140800K), 0,0016223 secs]
599,073: [GC (Allocation Failure)  55338K->34490K(141312K), 0,0019870 secs]
599,108: [GC (Allocation Failure)  61114K->29738K(141312K), 0,0011562 secs]
599,131: [GC (Allocation Failure)  56362K->35514K(141312K), 0,0014759 secs]
599,165: [GC (Allocation Failure)  62138K->30698K(141312K), 0,0010274 secs]
599,188: [GC (Allocation Failure)  57322K->36570K(140288K), 0,0015071 secs]
599,221: [GC (Allocation Failure)  62170K->30698K(140800K), 0,0007431 secs]
599,242: [GC (Allocation Failure)  56298K->35482K(140288K), 0,0013583 secs]
599,276: [GC (Allocation Failure)  61082K->29674K(140800K), 0,0007350 secs]
599,298: [GC (Allocation Failure)  55274K->34458K(141312K), 0,0013167 secs]
599,331: [GC (Allocation Failure)  60570K->29074K(140800K), 0,0006567 secs]
599,352: [GC (Allocation Failure)  55186K->34402K(141312K), 0,0013060 secs]
599,385: [GC (Allocation Failure)  61026K->29618K(141312K), 0,0034439 secs]
599,410: [GC (Allocation Failure)  56242K->35394K(141312K), 0,0023246 secs]
599,443: [GC (Allocation Failure)  62018K->30610K(141312K), 0,0008303 secs]
599,466: [GC (Allocation Failure)  57234K->36418K(140288K), 0,0016231 secs]
599,500: [GC (Allocation Failure)  62018K->30610K(140800K), 0,0016687 secs]
599,523: [GC (Allocation Failure)  56210K->35370K(140288K), 0,0015211 secs]
599,557: [GC (Allocation Failure)  60970K->29562K(140800K), 0,0053468 secs]
599,591: [GC (Allocation Failure)  55162K->34282K(141312K), 0,0068475 secs]
599,630: [GC (Allocation Failure)  60906K->29506K(141312K), 0,0011015 secs]
599,653: [GC (Allocation Failure)  56130K->35346K(141312K), 0,0018254 secs]
599,688: [GC (Allocation Failure)  61970K->30562K(141312K), 0,0013770 secs]
599,713: [GC (Allocation Failure)  57186K->36338K(139776K), 0,0022767 secs]
599,748: [GC (Allocation Failure)  61938K->30506K(140800K), 0,0012823 secs]
599,771: [GC (Allocation Failure)  56106K->35322K(141312K), 0,0020282 secs]
599,806: [GC (Allocation Failure)  61946K->30482K(141312K), 0,0012992 secs]
599,831: [GC (Allocation Failure)  57106K->36322K(140288K), 0,0021010 secs]
599,865: [GC (Allocation Failure)  61922K->30482K(140800K), 0,0030797 secs]
599,891: [GC (Allocation Failure)  56082K->35266K(141312K), 0,0019453 secs]
599,925: [GC (Allocation Failure)  61890K->30450K(141312K), 0,0029983 secs]
599,951: [GC (Allocation Failure)  57074K->36290K(140288K), 0,0020476 secs]
599,985: [GC (Allocation Failure)  61890K->30418K(140800K), 0,0026517 secs]
600,010: [GC (Allocation Failure)  56018K->35202K(141312K), 0,0032485 secs]
600,046: [GC (Allocation Failure)  61826K->30418K(141312K), 0,0011775 secs]
600,070: [GC (Allocation Failure)  57042K->36194K(140288K), 0,0039755 secs]
600,107: [GC (Allocation Failure)  61794K->30386K(140800K), 0,0017031 secs]
600,133: [GC (Allocation Failure)  55986K->35170K(141312K), 0,0047462 secs]
600,172: [GC (Allocation Failure)  61794K->30354K(141312K), 0,0015627 secs]
600,197: [GC (Allocation Failure)  56978K->36170K(140288K), 0,0026942 secs]
600,234: [GC (Allocation Failure)  61770K->30330K(140800K), 0,0042182 secs]
600,261: [GC (Allocation Failure)  55930K->35114K(141312K), 0,0034233 secs]
600,298: [GC (Allocation Failure)  61738K->30298K(141312K), 0,0021050 secs]
600,322: [GC (Allocation Failure)  56922K->36106K(141312K), 0,0017429 secs]
600,357: [GC (Allocation Failure)  62730K->31322K(141312K), 0,0010081 secs]
600,386: [GC (Allocation Failure)  57946K->37162K(140288K), 0,0028627 secs]
600,422: [GC (Allocation Failure)  62762K->31322K(140800K), 0,0026211 secs]
600,447: [GC (Allocation Failure)  56922K->36106K(140288K), 0,0016156 secs]
600,482: [GC (Allocation Failure)  61706K->30234K(140800K), 0,0009588 secs]
600,505: [GC (Allocation Failure)  55834K->35018K(141312K), 0,0015100 secs]
600,539: [GC (Allocation Failure)  61130K->29722K(140800K), 0,0008254 secs]
600,564: [GC (Allocation Failure)  55834K->34986K(141312K), 0,0041167 secs]
600,605: [GC (Allocation Failure)  61610K->30170K(141312K), 0,0056564 secs]
600,635: [GC (Allocation Failure)  56794K->36018K(141312K), 0,0017210 secs]
600,670: [GC (Allocation Failure)  62642K->31210K(141312K), 0,0032699 secs]
600,695: [GC (Allocation Failure)  57834K->37058K(139776K), 0,0017688 secs]
600,730: [GC (Allocation Failure)  62658K->31154K(140800K), 0,0021730 secs]
600,754: [GC (Allocation Failure)  56754K->35970K(141312K), 0,0059298 secs]
600,793: [GC (Allocation Failure)  62594K->31186K(141312K), 0,0010204 secs]
600,818: [GC (Allocation Failure)  57810K->37002K(140288K), 0,0046643 secs]
600,861: [GC (Allocation Failure)  62602K->31162K(140800K), 0,0028083 secs]
600,891: [GC (Allocation Failure)  56762K->35946K(140288K), 0,0061681 secs]
600,932: [GC (Allocation Failure)  61546K->30106K(140800K), 0,0015685 secs]
600,958: [GC (Allocation Failure)  55706K->34858K(141312K), 0,0035584 secs]
600,994: [GC (Allocation Failure)  61482K->30106K(141312K), 0,0010606 secs]
601,018: [GC (Allocation Failure)  56730K->35882K(141312K), 0,0017834 secs]
601,052: [GC (Allocation Failure)  62506K->31098K(141312K), 0,0029982 secs]
601,078: [GC (Allocation Failure)  57722K->36874K(140800K), 0,0037297 secs]
601,114: [GC (Allocation Failure)  63498K->32090K(141312K), 0,0013555 secs]
601,139: [GC (Allocation Failure)  58714K->37930K(140288K), 0,0023197 secs]
601,174: [GC (Allocation Failure)  63530K->32090K(140800K), 0,0012684 secs]
601,199: [GC (Allocation Failure)  57690K->36842K(140288K), 0,0025913 secs]
601,234: [GC (Allocation Failure)  62442K->31002K(140800K), 0,0027775 secs]
601,259: [GC (Allocation Failure)  56602K->35818K(140800K), 0,0019822 secs]
601,294: [GC (Allocation Failure)  61418K->29914K(140800K), 0,0027181 secs]
601,319: [GC (Allocation Failure)  55514K->34698K(141312K), 0,0033399 secs]
601,356: [GC (Allocation Failure)  60810K->29442K(140800K), 0,0011219 secs]
601,379: [GC (Allocation Failure)  55554K->34706K(141824K), 0,0016680 secs]
601,414: [GC (Allocation Failure)  61842K->30402K(141312K), 0,0043600 secs]
601,442: [GC (Allocation Failure)  57538K->36754K(140800K), 0,0037010 secs]
601,478: [GC (Allocation Failure)  63378K->31970K(141312K), 0,0014357 secs]
601,503: [GC (Allocation Failure)  58594K->37778K(139776K), 0,0140241 secs]
601,549: [GC (Allocation Failure)  63378K->31906K(140800K), 0,0048256 secs]
601,575: [GC (Allocation Failure)  57506K->36722K(140288K), 0,0015838 secs]
601,607: [GC (Allocation Failure)  62322K->30882K(140800K), 0,0014111 secs]
601,629: [GC (Allocation Failure)  56482K->35602K(141312K), 0,0019831 secs]
601,662: [GC (Allocation Failure)  62226K->30818K(141312K), 0,0006051 secs]
601,684: [GC (Allocation Failure)  57442K->36626K(141312K), 0,0013897 secs]
601,717: [GC (Allocation Failure)  63250K->31842K(141312K), 0,0015979 secs]
601,739: [GC (Allocation Failure)  58466K->37650K(139776K), 0,0056660 secs]
601,775: [GC (Allocation Failure)  63250K->31874K(140800K), 0,0008548 secs]
601,798: [GC (Allocation Failure)  57474K->36634K(140288K), 0,0014121 secs]
601,830: [GC (Allocation Failure)  62234K->30762K(140800K), 0,0007382 secs]
601,853: [GC (Allocation Failure)  56362K->35546K(141312K), 0,0020385 secs]
601,888: [GC (Allocation Failure)  62170K->30762K(141312K), 0,0007808 secs]
601,911: [GC (Allocation Failure)  57386K->36570K(141312K), 0,0014878 secs]
601,945: [GC (Allocation Failure)  63194K->31754K(141312K), 0,0028254 secs]
601,976: [GC (Allocation Failure)  58378K->37594K(139776K), 0,0053719 secs]
602,016: [GC (Allocation Failure)  63194K->31762K(140800K), 0,0016661 secs]
602,042: [GC (Allocation Failure)  57362K->36482K(141312K), 0,0055890 secs]
602,081: [GC (Allocation Failure)  63106K->31698K(141312K), 0,0040633 secs]
602,109: [GC (Allocation Failure)  58322K->37538K(140288K), 0,0034660 secs]
602,147: [GC (Allocation Failure)  63138K->31698K(140800K), 0,0026093 secs]
602,173: [GC (Allocation Failure)  57298K->36490K(141312K), 0,0025420 secs]
602,210: [GC (Allocation Failure)  63114K->31706K(141312K), 0,0016159 secs]
602,236: [GC (Allocation Failure)  58330K->37514K(140288K), 0,0027206 secs]
602,273: [GC (Allocation Failure)  63114K->31642K(140800K), 0,0023101 secs]
602,300: [GC (Allocation Failure)  57242K->36434K(141312K), 0,0024309 secs]
602,337: [GC (Allocation Failure)  63058K->31650K(141312K), 0,0024785 secs]
602,364: [GC (Allocation Failure)  58274K->37458K(140288K), 0,0026890 secs]
602,402: [GC (Allocation Failure)  63058K->31618K(140800K), 0,0023613 secs]
602,429: [GC (Allocation Failure)  57218K->36402K(141312K), 0,0025172 secs]
602,467: [GC (Allocation Failure)  63026K->31594K(141312K), 0,0024123 secs]
602,494: [GC (Allocation Failure)  58218K->37434K(140288K), 0,0048552 secs]
602,534: [GC (Allocation Failure)  63034K->31570K(140800K), 0,0015877 secs]
602,560: [GC (Allocation Failure)  57170K->36354K(141312K), 0,0025501 secs]
602,596: [GC (Allocation Failure)  62978K->31570K(141312K), 0,0037791 secs]
602,625: [GC (Allocation Failure)  58194K->37346K(141312K), 0,0026649 secs]
602,661: [GC (Allocation Failure)  63970K->32570K(141312K), 0,0025408 secs]
602,689: [GC (Allocation Failure)  59194K->38418K(140288K), 0,0028461 secs]
602,726: [GC (Allocation Failure)  64018K->32546K(140800K), 0,0043282 secs]
602,755: [GC (Allocation Failure)  58146K->37330K(140288K), 0,0026818 secs]
602,792: [GC (Allocation Failure)  62930K->31330K(140800K), 0,0016003 secs]
602,817: [GC (Allocation Failure)  56930K->36082K(141312K), 0,0035893 secs]
602,852: [GC (Allocation Failure)  62194K->30754K(140800K), 0,0013155 secs]
602,874: [GC (Allocation Failure)  56866K->36050K(141312K), 0,0012282 secs]
602,907: [GC (Allocation Failure)  62674K->31242K(141312K), 0,0006460 secs]
602,929: [GC (Allocation Failure)  57866K->37050K(140800K), 0,0026079 secs]
602,964: [GC (Allocation Failure)  63674K->32266K(141312K), 0,0009165 secs]
602,986: [GC (Allocation Failure)  58890K->38074K(140800K), 0,0028255 secs]
603,022: [GC (Allocation Failure)  64698K->33258K(141312K), 0,0011436 secs]
603,045: [GC (Allocation Failure)  59882K->39066K(139776K), 0,0041457 secs]
603,082: [GC (Allocation Failure)  64666K->33290K(140800K), 0,0010567 secs]
603,105: [GC (Allocation Failure)  58890K->38050K(140288K), 0,0016847 secs]
603,140: [GC (Allocation Failure)  63650K->32242K(140800K), 0,0019308 secs]
603,164: [GC (Allocation Failure)  57842K->36962K(140800K), 0,0036223 secs]
603,200: [GC (Allocation Failure)  62562K->31194K(140800K), 0,0007905 secs]
603,222: [GC (Allocation Failure)  56794K->35946K(141312K), 0,0025986 secs]
603,257: [GC (Allocation Failure)  62570K->31130K(141312K), 0,0008678 secs]
603,280: [GC (Allocation Failure)  57754K->36906K(141312K), 0,0026600 secs]
603,319: [GC (Allocation Failure)  63530K->32154K(141312K), 0,0027402 secs]
603,350: [GC (Allocation Failure)  58778K->37994K(140800K), 0,0045972 secs]
603,393: [GC (Allocation Failure)  64618K->33146K(141312K), 0,0030762 secs]
603,422: [GC (Allocation Failure)  59770K->38922K(139776K), 0,0043920 secs]
603,459: [GC (Allocation Failure)  64522K->33114K(140800K), 0,0024200 secs]
603,485: [GC (Allocation Failure)  58714K->37866K(140288K), 0,0039010 secs]
603,521: [GC (Allocation Failure)  63466K->32066K(140800K), 0,0012629 secs]
603,545: [GC (Allocation Failure)  57666K->36858K(141312K), 0,0018003 secs]
603,584: [GC (Allocation Failure)  63482K->32042K(141312K), 0,0025849 secs]
603,615: [GC (Allocation Failure)  58666K->37858K(140288K), 0,0044968 secs]
603,655: [GC (Allocation Failure)  63458K->32018K(140800K), 0,0016618 secs]
603,682: [GC (Allocation Failure)  57618K->36834K(141312K), 0,0041070 secs]
603,719: [GC (Allocation Failure)  63458K->32018K(141312K), 0,0011376 secs]
603,743: [GC (Allocation Failure)  58642K->37826K(141312K), 0,0024837 secs]
603,778: [GC (Allocation Failure)  64450K->33050K(141312K), 0,0012817 secs]
603,802: [GC (Allocation Failure)  59674K->38826K(139776K), 0,0037164 secs]
603,838: [GC (Allocation Failure)  64426K->33066K(140800K), 0,0012024 secs]
603,862: [GC (Allocation Failure)  58666K->37818K(140288K), 0,0019361 secs]
603,896: [GC (Allocation Failure)  63418K->31978K(140800K), 0,0011398 secs]
603,919: [GC (Allocation Failure)  57578K->36738K(141312K), 0,0017754 secs]
603,954: [GC (Allocation Failure)  63362K->31954K(141312K), 0,0033283 secs]
603,980: [GC (Allocation Failure)  58578K->37762K(141312K), 0,0049489 secs]
604,018: [GC (Allocation Failure)  64386K->32954K(141312K), 0,0063596 secs]
604,048: [GC (Allocation Failure)  59578K->38762K(139776K), 0,0027591 secs]
604,084: [GC (Allocation Failure)  64362K->32930K(140800K), 0,0030665 secs]
604,110: [GC (Allocation Failure)  58530K->37746K(141312K), 0,0034023 secs]
604,146: [GC (Allocation Failure)  64370K->32962K(141312K), 0,0035165 secs]
604,173: [GC (Allocation Failure)  59586K->38738K(140288K), 0,0038650 secs]
604,209: [GC (Allocation Failure)  64338K->32866K(140800K), 0,0029944 secs]
604,235: [GC (Allocation Failure)  58466K->37690K(141312K), 0,0022860 secs]
604,270: [GC (Allocation Failure)  64314K->32874K(141312K), 0,0029639 secs]
604,296: [GC (Allocation Failure)  59498K->38682K(140288K), 0,0040613 secs]
604,332: [GC (Allocation Failure)  64282K->32842K(140800K), 0,0013241 secs]
604,357: [GC (Allocation Failure)  58442K->37658K(141312K), 0,0037841 secs]
604,393: [GC (Allocation Failure)  64282K->32818K(141312K), 0,0030328 secs]
604,418: [GC (Allocation Failure)  59442K->38658K(140288K), 0,0028989 secs]
604,453: [GC (Allocation Failure)  64258K->32818K(140800K), 0,0031133 secs]
604,477: [GC (Allocation Failure)  58418K->37610K(141312K), 0,0013681 secs]
604,510: [GC (Allocation Failure)  64234K->32802K(141312K), 0,0010027 secs]
604,533: [GC (Allocation Failure)  59426K->38578K(140288K), 0,0014634 secs]
604,569: [GC (Allocation Failure)  64178K->32778K(140800K), 0,0068862 secs]
604,601: [GC (Allocation Failure)  58378K->37562K(141312K), 0,0080310 secs]
604,642: [GC (Allocation Failure)  64186K->32778K(141312K), 0,0058554 secs]
604,670: [GC (Allocation Failure)  59402K->38594K(141312K), 0,0014418 secs]
604,704: [GC (Allocation Failure)  65218K->33810K(141312K), 0,0008455 secs]
604,727: [GC (Allocation Failure)  60434K->39618K(140288K), 0,0016227 secs]
604,761: [GC (Allocation Failure)  65218K->33778K(140800K), 0,0007692 secs]
604,782: [GC (Allocation Failure)  59378K->38506K(140288K), 0,0027599 secs]
604,817: [GC (Allocation Failure)  64106K->32698K(140800K), 0,0014165 secs]
604,839: [GC (Allocation Failure)  58298K->37482K(141312K), 0,0065680 secs]
604,878: [GC (Allocation Failure)  64106K->32666K(141312K), 0,0050133 secs]
604,905: [GC (Allocation Failure)  59290K->38474K(141312K), 0,0014637 secs]
604,938: [GC (Allocation Failure)  65098K->33722K(141312K), 0,0009251 secs]
604,960: [GC (Allocation Failure)  60346K->39498K(140288K), 0,0015468 secs]
604,994: [GC (Allocation Failure)  65098K->33690K(140800K), 0,0008650 secs]
605,017: [GC (Allocation Failure)  59290K->38442K(140288K), 0,0014570 secs]
605,050: [GC (Allocation Failure)  64042K->32602K(140800K), 0,0008004 secs]
605,073: [GC (Allocation Failure)  58202K->37418K(141312K), 0,0014768 secs]
605,108: [GC (Allocation Failure)  64042K->32602K(141312K), 0,0009835 secs]
605,131: [GC (Allocation Failure)  59226K->38410K(141312K), 0,0017087 secs]
605,166: [GC (Allocation Failure)  65034K->33626K(141312K), 0,0009812 secs]
605,189: [GC (Allocation Failure)  60250K->39434K(139776K), 0,0019052 secs]
605,224: [GC (Allocation Failure)  65034K->33594K(140800K), 0,0011132 secs]
605,247: [GC (Allocation Failure)  59194K->38314K(141312K), 0,0032559 secs]
605,283: [GC (Allocation Failure)  64938K->33594K(141312K), 0,0009577 secs]
605,306: [GC (Allocation Failure)  60218K->39370K(140288K), 0,0031876 secs]
605,342: [GC (Allocation Failure)  64970K->33530K(140800K), 0,0023572 secs]
605,366: [GC (Allocation Failure)  59130K->38282K(141312K), 0,0030235 secs]
605,402: [GC (Allocation Failure)  64906K->33466K(141312K), 0,0022990 secs]
605,427: [GC (Allocation Failure)  60090K->39306K(140288K), 0,0060650 secs]
605,465: [GC (Allocation Failure)  64906K->33466K(140800K), 0,0044005 secs]
605,491: [GC (Allocation Failure)  59066K->38218K(141312K), 0,0050361 secs]
605,528: [GC (Allocation Failure)  64842K->33466K(141312K), 0,0022426 secs]
605,551: [GC (Allocation Failure)  60090K->39210K(140288K), 0,0053305 secs]
605,589: [GC (Allocation Failure)  64810K->33402K(140800K), 0,0023842 secs]
605,613: [GC (Allocation Failure)  59002K->38194K(141312K), 0,0019613 secs]
605,647: [GC (Allocation Failure)  64818K->33378K(141312K), 0,0007688 secs]
605,669: [GC (Allocation Failure)  60002K->39218K(141312K), 0,0014966 secs]
605,702: [GC (Allocation Failure)  65842K->34402K(141312K), 0,0015586 secs]
605,725: [GC (Allocation Failure)  61026K->40218K(140288K), 0,0022837 secs]
605,760: [GC (Allocation Failure)  65818K->34410K(140800K), 0,0015914 secs]
605,783: [GC (Allocation Failure)  60010K->39162K(140288K), 0,0021448 secs]
605,818: [GC (Allocation Failure)  64762K->33322K(140800K), 0,0007211 secs]
605,839: [GC (Allocation Failure)  58922K->38106K(141312K), 0,0049439 secs]
605,876: [GC (Allocation Failure)  64218K->32778K(140800K), 0,0011038 secs]
605,899: [GC (Allocation Failure)  58890K->38106K(141312K), 0,0027949 secs]
605,934: [GC (Allocation Failure)  64730K->33290K(141312K), 0,0015341 secs]
605,957: [GC (Allocation Failure)  59914K->39098K(141312K), 0,0036906 secs]
605,998: [GC (Allocation Failure)  65722K->34314K(141312K), 0,0055828 secs]
606,031: [GC (Allocation Failure)  60938K->40130K(139776K), 0,0034448 secs]
606,068: [GC (Allocation Failure)  65730K->34290K(140800K), 0,0039504 secs]
606,097: [GC (Allocation Failure)  59890K->39042K(140288K), 0,0048657 secs]
606,135: [GC (Allocation Failure)  64642K->33234K(140800K), 0,0010458 secs]
606,158: [GC (Allocation Failure)  58834K->37986K(141312K), 0,0033684 secs]
606,195: [GC (Allocation Failure)  64610K->33202K(141312K), 0,0026587 secs]
606,221: [GC (Allocation Failure)  59826K->39010K(141312K), 0,0038076 secs]
606,257: [GC (Allocation Failure)  65634K->34194K(141312K), 0,0012044 secs]
606,281: [GC (Allocation Failure)  60818K->40002K(139776K), 0,0038611 secs]
606,317: [GC (Allocation Failure)  65602K->34226K(140800K), 0,0011967 secs]
606,342: [GC (Allocation Failure)  59826K->38946K(141312K), 0,0019441 secs]
606,377: [GC (Allocation Failure)  65570K->34162K(141312K), 0,0058898 secs]
606,406: [GC (Allocation Failure)  60786K->39970K(140288K), 0,0037033 secs]
606,442: [GC (Allocation Failure)  65570K->34130K(140800K), 0,0011625 secs]
606,465: [GC (Allocation Failure)  59730K->38914K(141312K), 0,0034602 secs]
606,502: [GC (Allocation Failure)  65538K->34130K(141312K), 0,0026958 secs]
606,531: [GC (Allocation Failure)  60754K->39946K(140288K), 0,0033402 secs]
606,567: [GC (Allocation Failure)  65546K->34106K(140800K), 0,0015770 secs]
606,593: [GC (Allocation Failure)  59706K->38858K(141312K), 0,0047505 secs]
606,632: [GC (Allocation Failure)  65482K->34074K(141312K), 0,0042080 secs]
606,661: [GC (Allocation Failure)  60698K->39882K(140288K), 0,0051416 secs]
606,701: [GC (Allocation Failure)  65482K->34042K(140800K), 0,0015624 secs]
606,727: [GC (Allocation Failure)  59642K->38826K(141312K), 0,0025083 secs]
606,764: [GC (Allocation Failure)  65450K->34010K(141312K), 0,0023196 secs]
606,791: [GC (Allocation Failure)  60634K->39658K(141312K), 0,0020119 secs]
606,825: [GC (Allocation Failure)  66282K->34842K(141312K), 0,0015097 secs]
606,848: [GC (Allocation Failure)  61466K->40650K(140288K), 0,0023212 secs]
606,883: [GC (Allocation Failure)  66250K->34810K(140800K), 0,0014928 secs]
606,905: [GC (Allocation Failure)  60410K->39562K(140288K), 0,0020271 secs]
606,939: [GC (Allocation Failure)  65162K->33690K(140800K), 0,0043015 secs]
606,965: [GC (Allocation Failure)  59290K->38450K(141312K), 0,0012395 secs]
607,003: [GC (Allocation Failure)  65074K->33666K(141312K), 0,0026720 secs]
607,034: [GC (Allocation Failure)  60290K->39474K(141312K), 0,0044513 secs]
607,076: [GC (Allocation Failure)  66098K->34658K(141312K), 0,0072532 secs]
607,112: [GC (Allocation Failure)  61282K->40506K(140288K), 0,0047423 secs]
607,151: [GC (Allocation Failure)  66106K->34634K(140800K), 0,0027069 secs]
607,178: [GC (Allocation Failure)  60234K->39418K(141312K), 0,0024941 secs]
607,213: [GC (Allocation Failure)  66042K->34642K(141312K), 0,0055057 secs]
607,241: [GC (Allocation Failure)  61266K->40450K(140288K), 0,0026406 secs]
607,277: [GC (Allocation Failure)  66050K->34642K(140800K), 0,0018546 secs]
607,301: [GC (Allocation Failure)  60242K->39394K(141312K), 0,0024917 secs]
607,336: [GC (Allocation Failure)  66018K->34578K(141312K), 0,0037287 secs]
607,366: [GC (Allocation Failure)  61202K->40418K(140288K), 0,0032913 secs]
607,403: [GC (Allocation Failure)  66018K->34578K(140800K), 0,0016874 secs]
607,429: [GC (Allocation Failure)  60178K->39330K(141312K), 0,0047123 secs]
607,469: [GC (Allocation Failure)  65954K->34594K(141312K), 0,0019008 secs]
607,495: [GC (Allocation Failure)  61218K->40370K(140288K), 0,0028999 secs]
607,535: [GC (Allocation Failure)  65970K->34530K(140800K), 0,0029022 secs]
607,562: [GC (Allocation Failure)  60130K->39314K(141312K), 0,0050410 secs]
607,600: [GC (Allocation Failure)  65938K->34530K(141312K), 0,0009552 secs]
607,623: [GC (Allocation Failure)  61154K->40338K(140288K), 0,0016476 secs]
607,658: [GC (Allocation Failure)  65938K->34466K(140800K), 0,0056467 secs]
607,686: [GC (Allocation Failure)  60066K->39250K(141312K), 0,0028715 secs]
607,724: [GC (Allocation Failure)  65874K->34474K(141312K), 0,0015648 secs]
607,750: [GC (Allocation Failure)  61098K->40250K(141312K), 0,0057163 secs]
607,788: [GC (Allocation Failure)  66874K->35474K(141312K), 0,0022620 secs]
607,812: [GC (Allocation Failure)  62098K->41314K(140288K), 0,0040221 secs]
607,849: [GC (Allocation Failure)  66914K->35474K(140800K), 0,0009277 secs]
607,872: [GC (Allocation Failure)  61074K->40266K(140288K), 0,0015506 secs]
607,906: [GC (Allocation Failure)  65866K->34394K(140800K), 0,0007833 secs]
607,929: [GC (Allocation Failure)  59994K->39178K(141312K), 0,0021794 secs]
607,964: [GC (Allocation Failure)  65802K->34362K(141312K), 0,0035970 secs]
607,989: [GC (Allocation Failure)  60986K->40170K(141312K), 0,0024846 secs]
608,024: [GC (Allocation Failure)  66794K->35386K(141312K), 0,0008493 secs]
608,047: [GC (Allocation Failure)  62010K->41202K(140288K), 0,0025402 secs]
608,082: [GC (Allocation Failure)  66802K->35362K(140800K), 0,0071265 secs]
608,110: [GC (Allocation Failure)  60962K->40146K(140288K), 0,0043761 secs]
608,147: [GC (Allocation Failure)  65746K->34306K(140800K), 0,0031586 secs]
608,172: [GC (Allocation Failure)  59906K->39090K(141312K), 0,0044410 secs]
608,207: [GC (Allocation Failure)  65714K->34314K(141312K), 0,0006609 secs]
608,229: [GC (Allocation Failure)  60938K->40090K(141312K), 0,0021861 secs]
608,263: [GC (Allocation Failure)  66714K->35306K(141312K), 0,0021955 secs]
608,287: [GC (Allocation Failure)  61930K->41114K(139776K), 0,0015418 secs]
608,319: [GC (Allocation Failure)  66714K->35306K(140800K), 0,0008122 secs]
608,342: [GC (Allocation Failure)  60906K->40058K(141312K), 0,0027297 secs]
608,378: [GC (Allocation Failure)  66682K->35242K(141312K), 0,0021912 secs]
608,402: [GC (Allocation Failure)  61866K->41082K(140288K), 0,0017400 secs]
608,437: [GC (Allocation Failure)  66682K->35290K(140800K), 0,0008501 secs]
608,460: [GC (Allocation Failure)  60890K->40010K(141312K), 0,0032541 secs]
608,496: [GC (Allocation Failure)  66634K->35234K(141312K), 0,0008585 secs]
608,519: [GC (Allocation Failure)  61858K->41074K(140288K), 0,0075048 secs]
608,559: [GC (Allocation Failure)  66674K->35202K(140800K), 0,0023011 secs]
608,583: [GC (Allocation Failure)  60802K->39954K(141312K), 0,0025931 secs]
608,618: [GC (Allocation Failure)  66578K->35202K(141312K), 0,0008173 secs]
608,641: [GC (Allocation Failure)  61826K->41010K(140288K), 0,0015537 secs]
608,675: [GC (Allocation Failure)  66610K->35210K(140800K), 0,0008985 secs]
608,698: [GC (Allocation Failure)  60810K->39938K(141312K), 0,0026083 secs]
608,734: [GC (Allocation Failure)  66562K->35154K(141312K), 0,0008440 secs]
608,757: [GC (Allocation Failure)  61778K->40962K(141312K), 0,0015478 secs]
608,792: [GC (Allocation Failure)  67586K->36146K(141312K), 0,0060054 secs]
608,820: [GC (Allocation Failure)  62770K->41962K(140288K), 0,0043324 secs]
608,857: [GC (Allocation Failure)  67562K->36154K(140800K), 0,0009422 secs]
608,880: [GC (Allocation Failure)  61754K->40906K(140288K), 0,0015599 secs]
608,914: [GC (Allocation Failure)  66506K->35066K(140800K), 0,0018217 secs]
608,942: [GC (Allocation Failure)  60666K->39882K(141312K), 0,0041305 secs]
608,983: [GC (Allocation Failure)  65994K->34554K(140800K), 0,0041061 secs]
609,016: [GC (Allocation Failure)  60666K->39850K(141312K), 0,0041124 secs]
609,054: [GC (Allocation Failure)  66474K->35034K(141312K), 0,0027631 secs]
609,084: [GC (Allocation Failure)  61658K->40850K(141312K), 0,0026846 secs]
609,120: [GC (Allocation Failure)  67474K->36074K(141312K), 0,0012792 secs]
609,145: [GC (Allocation Failure)  62698K->41850K(139776K), 0,0047713 secs]
609,182: [GC (Allocation Failure)  67450K->36042K(140800K), 0,0028768 secs]
609,208: [GC (Allocation Failure)  61642K->40794K(141312K), 0,0020492 secs]
609,242: [GC (Allocation Failure)  67418K->36010K(141312K), 0,0028125 secs]
609,268: [GC (Allocation Failure)  62634K->41858K(140288K), 0,0020884 secs]
609,302: [GC (Allocation Failure)  67458K->36018K(140800K), 0,0011684 secs]
609,327: [GC (Allocation Failure)  61618K->40770K(140288K), 0,0018842 secs]
609,361: [GC (Allocation Failure)  66370K->34938K(140800K), 0,0022956 secs]
609,386: [GC (Allocation Failure)  60538K->39722K(141312K), 0,0017921 secs]
609,421: [GC (Allocation Failure)  66346K->34914K(141312K), 0,0010170 secs]
609,444: [GC (Allocation Failure)  61538K->40722K(141312K), 0,0037011 secs]
609,481: [GC (Allocation Failure)  67346K->35970K(141312K), 0,0013172 secs]
609,505: [GC (Allocation Failure)  62594K->41746K(139776K), 0,0050340 secs]
609,542: [GC (Allocation Failure)  67346K->35906K(140800K), 0,0029495 secs]
609,567: [GC (Allocation Failure)  61506K->40658K(141312K), 0,0026219 secs]
609,603: [GC (Allocation Failure)  67282K->35874K(141312K), 0,0006411 secs]
609,625: [GC (Allocation Failure)  62498K->41714K(140288K), 0,0013800 secs]
609,657: [GC (Allocation Failure)  67314K->35850K(140800K), 0,0008329 secs]
609,680: [GC (Allocation Failure)  61450K->40634K(141312K), 0,0022598 secs]
609,714: [GC (Allocation Failure)  67258K->35818K(141312K), 0,0007848 secs]
609,736: [GC (Allocation Failure)  62442K->41658K(140288K), 0,0022468 secs]
609,771: [GC (Allocation Failure)  67258K->35882K(140800K), 0,0008027 secs]
609,794: [GC (Allocation Failure)  61482K->40602K(141312K), 0,0013488 secs]
609,827: [GC (Allocation Failure)  67226K->35786K(141312K), 0,0017792 secs]
609,854: [GC (Allocation Failure)  62410K->41594K(141312K), 0,0060714 secs]
609,898: [GC (Allocation Failure)  68218K->36810K(141312K), 0,0017881 secs]
609,925: [GC (Allocation Failure)  63434K->42618K(140288K), 0,0027685 secs]
609,963: [GC (Allocation Failure)  68218K->36778K(140800K), 0,0034597 secs]
609,990: [GC (Allocation Failure)  62378K->41570K(140288K), 0,0027771 secs]
610,027: [GC (Allocation Failure)  67170K->35730K(140800K), 0,0016640 secs]
610,054: [GC (Allocation Failure)  61330K->40546K(141312K), 0,0043494 secs]
610,094: [GC (Allocation Failure)  66658K->35218K(140800K), 0,0016222 secs]
610,120: [GC (Allocation Failure)  61330K->40482K(141312K), 0,0050898 secs]
610,158: [GC (Allocation Failure)  67106K->35666K(141312K), 0,0015456 secs]
610,184: [GC (Allocation Failure)  62290K->41506K(141312K), 0,0049481 secs]
610,222: [GC (Allocation Failure)  68130K->36730K(141312K), 0,0012865 secs]
610,247: [GC (Allocation Failure)  63354K->42482K(139776K), 0,0036299 secs]
610,283: [GC (Allocation Failure)  68082K->36642K(140800K), 0,0023936 secs]
610,308: [GC (Allocation Failure)  62242K->41458K(140288K), 0,0019438 secs]
610,343: [GC (Allocation Failure)  67058K->35618K(140800K), 0,0010975 secs]
610,366: [GC (Allocation Failure)  61218K->40434K(141312K), 0,0019230 secs]
610,401: [GC (Allocation Failure)  67058K->35586K(141312K), 0,0028350 secs]
610,426: [GC (Allocation Failure)  62210K->41394K(141312K), 0,0021944 secs]
610,461: [GC (Allocation Failure)  68018K->36610K(141312K), 0,0027764 secs]
610,487: [GC (Allocation Failure)  63234K->42386K(139776K), 0,0041511 secs]
610,523: [GC (Allocation Failure)  67986K->36578K(140800K), 0,0013045 secs]
610,547: [GC (Allocation Failure)  62178K->41370K(141312K), 0,0018763 secs]
610,586: [GC (Allocation Failure)  67994K->36618K(141312K), 0,0028948 secs]
610,617: [GC (Allocation Failure)  63242K->42362K(140288K), 0,0043972 secs]
610,655: [GC (Allocation Failure)  67962K->36554K(140800K), 0,0014259 secs]
610,680: [GC (Allocation Failure)  62154K->41314K(141312K), 0,0018601 secs]
610,714: [GC (Allocation Failure)  67938K->36498K(141312K), 0,0032686 secs]
610,741: [GC (Allocation Failure)  63122K->42370K(140288K), 0,0020175 secs]
610,775: [GC (Allocation Failure)  67970K->36466K(140800K), 0,0029979 secs]
610,800: [GC (Allocation Failure)  62066K->41090K(141312K), 0,0012421 secs]
610,832: [GC (Allocation Failure)  67714K->36338K(141312K), 0,0007476 secs]
610,853: [GC (Allocation Failure)  62962K->42114K(140288K), 0,0027010 secs]
610,886: [GC (Allocation Failure)  67714K->36274K(140800K), 0,0015387 secs]
610,909: [GC (Allocation Failure)  61874K->41002K(141312K), 0,0012858 secs]
610,942: [GC (Allocation Failure)  67626K->36186K(141312K), 0,0006928 secs]
610,964: [GC (Allocation Failure)  62810K->42058K(141312K), 0,0022934 secs]
610,997: [GC (Allocation Failure)  68682K->37242K(141312K), 0,0008847 secs]
611,020: [GC (Allocation Failure)  63866K->43082K(140288K), 0,0015461 secs]
611,053: [GC (Allocation Failure)  68682K->37178K(140800K), 0,0075477 secs]
611,089: [GC (Allocation Failure)  62778K->41962K(140288K), 0,0058127 secs]
611,132: [GC (Allocation Failure)  67562K->36162K(140800K), 0,0062063 secs]
611,163: [GC (Allocation Failure)  61762K->40946K(141312K), 0,0068503 secs]
611,203: [GC (Allocation Failure)  67570K->36162K(141312K), 0,0044725 secs]
611,231: [GC (Allocation Failure)  62786K->41970K(141312K), 0,0066658 secs]
611,270: [GC (Allocation Failure)  68594K->37122K(141312K), 0,0034605 secs]
611,295: [GC (Allocation Failure)  63746K->42962K(140288K), 0,0026115 secs]
611,330: [GC (Allocation Failure)  68562K->37122K(140800K), 0,0008606 secs]
611,355: [GC (Allocation Failure)  62722K->41906K(141312K), 0,0015771 secs]
611,389: [GC (Allocation Failure)  68530K->37058K(141312K), 0,0042295 secs]
611,415: [GC (Allocation Failure)  63682K->42906K(140288K), 0,0015543 secs]
611,449: [GC (Allocation Failure)  68506K->37098K(140800K), 0,0008742 secs]
611,472: [GC (Allocation Failure)  62698K->41882K(140288K), 0,0015117 secs]
611,506: [GC (Allocation Failure)  67482K->35978K(140800K), 0,0031256 secs]
611,531: [GC (Allocation Failure)  61578K->40826K(141312K), 0,0012265 secs]
611,566: [GC (Allocation Failure)  67450K->36010K(141312K), 0,0041997 secs]
611,595: [GC (Allocation Failure)  62634K->41834K(141312K), 0,0025697 secs]
611,632: [GC (Allocation Failure)  68458K->37050K(141312K), 0,0016213 secs]
611,658: [GC (Allocation Failure)  63674K->42826K(140800K), 0,0037138 secs]
611,697: [GC (Allocation Failure)  69450K->38042K(141312K), 0,0044436 secs]
611,725: [GC (Allocation Failure)  64666K->43890K(139776K), 0,0022365 secs]
611,760: [GC (Allocation Failure)  69490K->38026K(140800K), 0,0012547 secs]
611,785: [GC (Allocation Failure)  63626K->42810K(140288K), 0,0046334 secs]
611,822: [GC (Allocation Failure)  68410K->36970K(140800K), 0,0013703 secs]
611,847: [GC (Allocation Failure)  62570K->41754K(141312K), 0,0018984 secs]
611,881: [GC (Allocation Failure)  67866K->36426K(140800K), 0,0010808 secs]
611,904: [GC (Allocation Failure)  62538K->41690K(141312K), 0,0019283 secs]
611,939: [GC (Allocation Failure)  68314K->36906K(141312K), 0,0010920 secs]
611,963: [GC (Allocation Failure)  63530K->42722K(140288K), 0,0019588 secs]
611,997: [GC (Allocation Failure)  68322K->36882K(140800K), 0,0011320 secs]
612,020: [GC (Allocation Failure)  62482K->41666K(141312K), 0,0017961 secs]
612,055: [GC (Allocation Failure)  68290K->36882K(141312K), 0,0022968 secs]
612,081: [GC (Allocation Failure)  63506K->42658K(141312K), 0,0045566 secs]
612,118: [GC (Allocation Failure)  69282K->37874K(141312K), 0,0012237 secs]
612,143: [GC (Allocation Failure)  64498K->43714K(139776K), 0,0021048 secs]
612,177: [GC (Allocation Failure)  69314K->37874K(140800K), 0,0012906 secs]
612,203: [GC (Allocation Failure)  63474K->42666K(140288K), 0,0047758 secs]
612,241: [GC (Allocation Failure)  68266K->36794K(140800K), 0,0019003 secs]
612,265: [GC (Allocation Failure)  62394K->41586K(141312K), 0,0012923 secs]
612,299: [GC (Allocation Failure)  68210K->36778K(141312K), 0,0017140 secs]
612,322: [GC (Allocation Failure)  63402K->42618K(141312K), 0,0013825 secs]
612,354: [GC (Allocation Failure)  69242K->37802K(141312K), 0,0016161 secs]
612,377: [GC (Allocation Failure)  64426K->43610K(140288K), 0,0028440 secs]
612,412: [GC (Allocation Failure)  69210K->37802K(140800K), 0,0007608 secs]
612,434: [GC (Allocation Failure)  63402K->42554K(141312K), 0,0022274 secs]
612,468: [GC (Allocation Failure)  69178K->37738K(141312K), 0,0008055 secs]
612,490: [GC (Allocation Failure)  64362K->43578K(140288K), 0,0023372 secs]
612,524: [GC (Allocation Failure)  69178K->37770K(140800K), 0,0007418 secs]
612,545: [GC (Allocation Failure)  63370K->42522K(140288K), 0,0014153 secs]
612,583: [GC (Allocation Failure)  68122K->36682K(140800K), 0,0070357 secs]
612,617: [GC (Allocation Failure)  62282K->41442K(141312K), 0,0040278 secs]
612,659: [GC (Allocation Failure)  68066K->36658K(141312K), 0,0051415 secs]
612,687: [GC (Allocation Failure)  63282K->42466K(141312K), 0,0018255 secs]
612,722: [GC (Allocation Failure)  69090K->37682K(141312K), 0,0013061 secs]
612,747: [GC (Allocation Failure)  64306K->43490K(140800K), 0,0024009 secs]
612,782: [GC (Allocation Failure)  70114K->38674K(141312K), 0,0013269 secs]
612,807: [GC (Allocation Failure)  65298K->44482K(139776K), 0,0039873 secs]
612,843: [GC (Allocation Failure)  70082K->38674K(140800K), 0,0031971 secs]
612,870: [GC (Allocation Failure)  64274K->43426K(140288K), 0,0047751 secs]
612,909: [GC (Allocation Failure)  69026K->37618K(140800K), 0,0074624 secs]
612,939: [GC (Allocation Failure)  63218K->42338K(141312K), 0,0016521 secs]
612,974: [GC (Allocation Failure)  68450K->37074K(140800K), 0,0007305 secs]
612,995: [GC (Allocation Failure)  63186K->42338K(141312K), 0,0014154 secs]
613,029: [GC (Allocation Failure)  68962K->37522K(141312K), 0,0021258 secs]
613,055: [GC (Allocation Failure)  64146K->43362K(141312K), 0,0081072 secs]
613,098: [GC (Allocation Failure)  69986K->38546K(141312K), 0,0076270 secs]
613,128: [GC (Allocation Failure)  65170K->44354K(140288K), 0,0029151 secs]
613,163: [GC (Allocation Failure)  69954K->38546K(140800K), 0,0044245 secs]
613,189: [GC (Allocation Failure)  64146K->43330K(140288K), 0,0023670 secs]
613,222: [GC (Allocation Failure)  68930K->37458K(140800K), 0,0007129 secs]
613,245: [GC (Allocation Failure)  63058K->42242K(141312K), 0,0020192 secs]
613,278: [GC (Allocation Failure)  68354K->36922K(140800K), 0,0007072 secs]
613,300: [GC (Allocation Failure)  63034K->42218K(141312K), 0,0056790 secs]
613,338: [GC (Allocation Failure)  68842K->37402K(141312K), 0,0017667 secs]
613,362: [GC (Allocation Failure)  64026K->43242K(141312K), 0,0035025 secs]
613,398: [GC (Allocation Failure)  69866K->38490K(141312K), 0,0008473 secs]
613,421: [GC (Allocation Failure)  65114K->44274K(139776K), 0,0016298 secs]
613,455: [GC (Allocation Failure)  69874K->38402K(140800K), 0,0015304 secs]
613,478: [GC (Allocation Failure)  64002K->43194K(141312K), 0,0023933 secs]
613,514: [GC (Allocation Failure)  69818K->38378K(141312K), 0,0048601 secs]
613,542: [GC (Allocation Failure)  65002K->44218K(140288K), 0,0070262 secs]
613,580: [GC (Allocation Failure)  69818K->38410K(140800K), 0,0007065 secs]
613,601: [GC (Allocation Failure)  64010K->43162K(140288K), 0,0013483 secs]
613,635: [GC (Allocation Failure)  68762K->37322K(140800K), 0,0015114 secs]
613,657: [GC (Allocation Failure)  62922K->42074K(141312K), 0,0042151 secs]
613,693: [GC (Allocation Failure)  68698K->37298K(141312K), 0,0007281 secs]
613,714: [GC (Allocation Failure)  63922K->43106K(141312K), 0,0012859 secs]
613,748: [GC (Allocation Failure)  69730K->38290K(141312K), 0,0007831 secs]
613,771: [GC (Allocation Failure)  64914K->44130K(139776K), 0,0014901 secs]
613,805: [GC (Allocation Failure)  69730K->38330K(140800K), 0,0016372 secs]
613,827: [GC (Allocation Failure)  63930K->43122K(141312K), 0,0013528 secs]
613,860: [GC (Allocation Failure)  69746K->38274K(141312K), 0,0007444 secs]
613,882: [GC (Allocation Failure)  64898K->44082K(140288K), 0,0027816 secs]
613,918: [GC (Allocation Failure)  69682K->38242K(140800K), 0,0017717 secs]
613,942: [GC (Allocation Failure)  63842K->42994K(141312K), 0,0013813 secs]
613,976: [GC (Allocation Failure)  69618K->38242K(141312K), 0,0062841 secs]
614,004: [GC (Allocation Failure)  64866K->44058K(140288K), 0,0017224 secs]
614,043: [GC (Allocation Failure)  69658K->38218K(140800K), 0,0049419 secs]
614,073: [GC (Allocation Failure)  63818K->42970K(141312K), 0,0047890 secs]
614,110: [GC (Allocation Failure)  69594K->38218K(141312K), 0,0011061 secs]
614,134: [GC (Allocation Failure)  64842K->44026K(141312K), 0,0019402 secs]
614,168: [GC (Allocation Failure)  70650K->39210K(141312K), 0,0013509 secs]
614,193: [GC (Allocation Failure)  65834K->45018K(140288K), 0,0024191 secs]
614,228: [GC (Allocation Failure)  70618K->39178K(140800K), 0,0013082 secs]
614,253: [GC (Allocation Failure)  64778K->43962K(140288K), 0,0035992 secs]
614,289: [GC (Allocation Failure)  69562K->38122K(140800K), 0,0014289 secs]
614,313: [GC (Allocation Failure)  63722K->42906K(141312K), 0,0035163 secs]
614,350: [GC (Allocation Failure)  69530K->38058K(141312K), 0,0028291 secs]
614,376: [GC (Allocation Failure)  64682K->43898K(141312K), 0,0035200 secs]
614,412: [GC (Allocation Failure)  70522K->39114K(141312K), 0,0012449 secs]
614,437: [GC (Allocation Failure)  65738K->44898K(140288K), 0,0021149 secs]
614,471: [GC (Allocation Failure)  70498K->39058K(140800K), 0,0029593 secs]
614,496: [GC (Allocation Failure)  64658K->43874K(140288K), 0,0035413 secs]
614,533: [GC (Allocation Failure)  69474K->38034K(140800K), 0,0029650 secs]
614,560: [GC (Allocation Failure)  63634K->42818K(141312K), 0,0042037 secs]
614,602: [GC (Allocation Failure)  69442K->38042K(141312K), 0,0026283 secs]
614,633: [GC (Allocation Failure)  64666K->43858K(141312K), 0,0045003 secs]
614,671: [GC (Allocation Failure)  70482K->39050K(141312K), 0,0017670 secs]
614,698: [GC (Allocation Failure)  65674K->44826K(140288K), 0,0050365 secs]
614,736: [GC (Allocation Failure)  70426K->39018K(140800K), 0,0029977 secs]
614,761: [GC (Allocation Failure)  64618K->43810K(141312K), 0,0019581 secs]
614,796: [GC (Allocation Failure)  70434K->38802K(141312K), 0,0018004 secs]
614,818: [GC (Allocation Failure)  65426K->44642K(140288K), 0,0025457 secs]
614,852: [GC (Allocation Failure)  70242K->38738K(140800K), 0,0016488 secs]
614,875: [GC (Allocation Failure)  64338K->43522K(141312K), 0,0014224 secs]
614,909: [GC (Allocation Failure)  70146K->38738K(141312K), 0,0034524 secs]
614,934: [GC (Allocation Failure)  65362K->44546K(140288K), 0,0014279 secs]
614,967: [GC (Allocation Failure)  70146K->38738K(140800K), 0,0016183 secs]
614,989: [GC (Allocation Failure)  64338K->43522K(141312K), 0,0014503 secs]
615,022: [GC (Allocation Failure)  70146K->38706K(141312K), 0,0007564 secs]
615,044: [GC (Allocation Failure)  65330K->44514K(140288K), 0,0019837 secs]
615,077: [GC (Allocation Failure)  70114K->38674K(140800K), 0,0021308 secs]
615,101: [GC (Allocation Failure)  64274K->43426K(141312K), 0,0019460 secs]
615,136: [GC (Allocation Failure)  70050K->38650K(141312K), 0,0012638 secs]
615,159: [GC (Allocation Failure)  65274K->44458K(141312K), 0,0024361 secs]
615,193: [GC (Allocation Failure)  71082K->39674K(141312K), 0,0015584 secs]
615,216: [GC (Allocation Failure)  66298K->45514K(139776K), 0,0015924 secs]
615,255: [GC (Allocation Failure)  71114K->39642K(140800K), 0,0043558 secs]
615,287: [GC (Allocation Failure)  65242K->44458K(140288K), 0,0046383 secs]
615,329: [GC (Allocation Failure)  70058K->38586K(140800K), 0,0026825 secs]
615,359: [GC (Allocation Failure)  64186K->43370K(141312K), 0,0025058 secs]
615,394: [GC (Allocation Failure)  69994K->38554K(141312K), 0,0010875 secs]
615,418: [GC (Allocation Failure)  65178K->44394K(141312K), 0,0019762 secs]
615,452: [GC (Allocation Failure)  71018K->39610K(141312K), 0,0013486 secs]
615,477: [GC (Allocation Failure)  66234K->45386K(140288K), 0,0036240 secs]
615,513: [GC (Allocation Failure)  70986K->39578K(140800K), 0,0028131 secs]
615,538: [GC (Allocation Failure)  65178K->44362K(140288K), 0,0025413 secs]
615,576: [GC (Allocation Failure)  69962K->38490K(140800K), 0,0067369 secs]
615,608: [GC (Allocation Failure)  64090K->43274K(141312K), 0,0024375 secs]
615,644: [GC (Allocation Failure)  69898K->38458K(141312K), 0,0017197 secs]
615,671: [GC (Allocation Failure)  65082K->44266K(141312K), 0,0028150 secs]
615,709: [GC (Allocation Failure)  70890K->39482K(141312K), 0,0045664 secs]
615,738: [GC (Allocation Failure)  66106K->45322K(139776K), 0,0028910 secs]
615,776: [GC (Allocation Failure)  70922K->39482K(140800K), 0,0017074 secs]
615,802: [GC (Allocation Failure)  65082K->44274K(141312K), 0,0025774 secs]
615,839: [GC (Allocation Failure)  70898K->39426K(141312K), 0,0024196 secs]
615,865: [GC (Allocation Failure)  66050K->45234K(140288K), 0,0040292 secs]
615,902: [GC (Allocation Failure)  70834K->39394K(140800K), 0,0039567 secs]
615,933: [GC (Allocation Failure)  64994K->44178K(141312K), 0,0090711 secs]
615,975: [GC (Allocation Failure)  70802K->39394K(141312K), 0,0028837 secs]
616,004: [GC (Allocation Failure)  66018K->45202K(140288K), 0,0066102 secs]
616,044: [GC (Allocation Failure)  70802K->39362K(140800K), 0,0037951 secs]
616,074: [GC (Allocation Failure)  64962K->44178K(141312K), 0,0062143 secs]
616,113: [GC (Allocation Failure)  70802K->39330K(141312K), 0,0011874 secs]
616,138: [GC (Allocation Failure)  65954K->45178K(140288K), 0,0020584 secs]
616,172: [GC (Allocation Failure)  70778K->39306K(140800K), 0,0022170 secs]
616,200: [GC (Allocation Failure)  64906K->44090K(141312K), 0,0034933 secs]
616,237: [GC (Allocation Failure)  70714K->39274K(141312K), 0,0027194 secs]
616,263: [GC (Allocation Failure)  65898K->45114K(141312K), 0,0019880 secs]
616,297: [GC (Allocation Failure)  71738K->40330K(141312K), 0,0028362 secs]
616,326: [GC (Allocation Failure)  66954K->46106K(140288K), 0,0077830 secs]
616,372: [GC (Allocation Failure)  71706K->40298K(140800K), 0,0033219 secs]
616,403: [GC (Allocation Failure)  65898K->45082K(140288K), 0,0045215 secs]
616,442: [GC (Allocation Failure)  70682K->39258K(140800K), 0,0027313 secs]
616,473: [GC (Allocation Failure)  64858K->44050K(141312K), 0,0051771 secs]
616,512: [GC (Allocation Failure)  70674K->39234K(141312K), 0,0015127 secs]
616,538: [GC (Allocation Failure)  65858K->45042K(141312K), 0,0027036 secs]
616,576: [GC (Allocation Failure)  71666K->40266K(141312K), 0,0017541 secs]
616,603: [GC (Allocation Failure)  66890K->46050K(140288K), 0,0028735 secs]
616,640: [GC (Allocation Failure)  71650K->40242K(140800K), 0,0041646 secs]
616,669: [GC (Allocation Failure)  65842K->45002K(140288K), 0,0025224 secs]
616,706: [GC (Allocation Failure)  70602K->39162K(140800K), 0,0036805 secs]
616,734: [GC (Allocation Failure)  64762K->43946K(141312K), 0,0047256 secs]
616,774: [GC (Allocation Failure)  70570K->39162K(141312K), 0,0037499 secs]
616,802: [GC (Allocation Failure)  65786K->44946K(141312K), 0,0054119 secs]
616,840: [GC (Allocation Failure)  71570K->40162K(141312K), 0,0031394 secs]
616,866: [GC (Allocation Failure)  66786K->45970K(139776K), 0,0037253 secs]
616,902: [GC (Allocation Failure)  71570K->40130K(140800K), 0,0012778 secs]
616,926: [GC (Allocation Failure)  65730K->44954K(141312K), 0,0019042 secs]
616,961: [GC (Allocation Failure)  71578K->40138K(141312K), 0,0011735 secs]
616,985: [GC (Allocation Failure)  66762K->45986K(140288K), 0,0020512 secs]
617,019: [GC (Allocation Failure)  71586K->40114K(140800K), 0,0018263 secs]
617,043: [GC (Allocation Failure)  65714K->44898K(141312K), 0,0021105 secs]
617,082: [GC (Allocation Failure)  71522K->40138K(141312K), 0,0028381 secs]
617,113: [GC (Allocation Failure)  66762K->45922K(140288K), 0,0044891 secs]
617,155: [GC (Allocation Failure)  71522K->40082K(140800K), 0,0028331 secs]
617,186: [GC (Allocation Failure)  65682K->44866K(141312K), 0,0035943 secs]
617,222: [GC (Allocation Failure)  71490K->40082K(141312K), 0,0016009 secs]
617,247: [GC (Allocation Failure)  66706K->45858K(140288K), 0,0028098 secs]
617,283: [GC (Allocation Failure)  71458K->40018K(140800K), 0,0025078 secs]
617,309: [GC (Allocation Failure)  65618K->44802K(141312K), 0,0048493 secs]
617,348: [GC (Allocation Failure)  71426K->40018K(141312K), 0,0015693 secs]
617,375: [GC (Allocation Failure)  66642K->45826K(140288K), 0,0028231 secs]
617,413: [GC (Allocation Failure)  71426K->39986K(140800K), 0,0015408 secs]
617,439: [GC (Allocation Failure)  65586K->44802K(141312K), 0,0024428 secs]
617,476: [GC (Allocation Failure)  71426K->39986K(141312K), 0,0016830 secs]
617,505: [GC (Allocation Failure)  66610K->45762K(141312K), 0,0078178 secs]
617,546: [GC (Allocation Failure)  72386K->40978K(141312K), 0,0029323 secs]
617,570: [GC (Allocation Failure)  67602K->46786K(140288K), 0,0022581 secs]
617,605: [GC (Allocation Failure)  72386K->40978K(140800K), 0,0007720 secs]
617,627: [GC (Allocation Failure)  66578K->45738K(140288K), 0,0013771 secs]
617,660: [GC (Allocation Failure)  71338K->39938K(140800K), 0,0006934 secs]
617,682: [GC (Allocation Failure)  65538K->44690K(141312K), 0,0021464 secs]
617,716: [GC (Allocation Failure)  71314K->39874K(141312K), 0,0011841 secs]
617,738: [GC (Allocation Failure)  66498K->45714K(141312K), 0,0014615 secs]
617,771: [GC (Allocation Failure)  72338K->40898K(141312K), 0,0016828 secs]
617,794: [GC (Allocation Failure)  67522K->46706K(140288K), 0,0023840 secs]
617,829: [GC (Allocation Failure)  72306K->40874K(140800K), 0,0018928 secs]
617,853: [GC (Allocation Failure)  66474K->45690K(140288K), 0,0014600 secs]
617,887: [GC (Allocation Failure)  71290K->39818K(140800K), 0,0015194 secs]
617,910: [GC (Allocation Failure)  65418K->44610K(141312K), 0,0012154 secs]
617,944: [GC (Allocation Failure)  71234K->39794K(141312K), 0,0030864 secs]
617,969: [GC (Allocation Failure)  66418K->45602K(141312K), 0,0021750 secs]
618,004: [GC (Allocation Failure)  72226K->40818K(141312K), 0,0008157 secs]
618,026: [GC (Allocation Failure)  67442K->46626K(139776K), 0,0025163 secs]
618,059: [GC (Allocation Failure)  72226K->40786K(140800K), 0,0071092 secs]
618,094: [GC (Allocation Failure)  66386K->45570K(141312K), 0,0040726 secs]
618,132: [GC (Allocation Failure)  72194K->40786K(141312K), 0,0016494 secs]
618,158: [GC (Allocation Failure)  67410K->46570K(140288K), 0,0028026 secs]
618,194: [GC (Allocation Failure)  72170K->40730K(140800K), 0,0020387 secs]
618,220: [GC (Allocation Failure)  66330K->45514K(141312K), 0,0068735 secs]
618,259: [GC (Allocation Failure)  72138K->40730K(141312K), 0,0023055 secs]
618,283: [GC (Allocation Failure)  67354K->46538K(140288K), 0,0018488 secs]
618,318: [GC (Allocation Failure)  72138K->40698K(140800K), 0,0032798 secs]
618,343: [GC (Allocation Failure)  66298K->45514K(141312K), 0,0015837 secs]
618,377: [GC (Allocation Failure)  72138K->40666K(141312K), 0,0033400 secs]
618,402: [GC (Allocation Failure)  67290K->46474K(140288K), 0,0029967 secs]
618,438: [GC (Allocation Failure)  72074K->40602K(140800K), 0,0035442 secs]
618,464: [GC (Allocation Failure)  66202K->45418K(141312K), 0,0027017 secs]
618,499: [GC (Allocation Failure)  72042K->40634K(141312K), 0,0024052 secs]
618,523: [GC (Allocation Failure)  67258K->46474K(141312K), 0,0015864 secs]
618,561: [GC (Allocation Failure)  73098K->41626K(141312K), 0,0029920 secs]
618,589: [GC (Allocation Failure)  68250K->47466K(140288K), 0,0027866 secs]
618,625: [GC (Allocation Failure)  73066K->41594K(140800K), 0,0028772 secs]
618,651: [GC (Allocation Failure)  67194K->46378K(140288K), 0,0024140 secs]
618,686: [GC (Allocation Failure)  71978K->40570K(140800K), 0,0011826 secs]
618,709: [GC (Allocation Failure)  66170K->45290K(141312K), 0,0037680 secs]
618,746: [GC (Allocation Failure)  71402K->39962K(140800K), 0,0025310 secs]
618,771: [GC (Allocation Failure)  66074K->45322K(141312K), 0,0018590 secs]
618,806: [GC (Allocation Failure)  71946K->40322K(141312K), 0,0011244 secs]
618,829: [GC (Allocation Failure)  66946K->46162K(141312K), 0,0016118 secs]
618,863: [GC (Allocation Failure)  72786K->41314K(141312K), 0,0020448 secs]
618,887: [GC (Allocation Failure)  67938K->47122K(139776K), 0,0015440 secs]
618,920: [GC (Allocation Failure)  72722K->41250K(140800K), 0,0007918 secs]
618,942: [GC (Allocation Failure)  66850K->46034K(141312K), 0,0013224 secs]
618,976: [GC (Allocation Failure)  72658K->41218K(141312K), 0,0008264 secs]
618,998: [GC (Allocation Failure)  67842K->46994K(140288K), 0,0024799 secs]
619,031: [GC (Allocation Failure)  72594K->41250K(140800K), 0,0007927 secs]
619,053: [GC (Allocation Failure)  66850K->46010K(141312K), 0,0013747 secs]
619,087: [GC (Allocation Failure)  72634K->41170K(141312K), 0,0032381 secs]
619,112: [GC (Allocation Failure)  67794K->47042K(140288K), 0,0016227 secs]
619,146: [GC (Allocation Failure)  72642K->41138K(140800K), 0,0075255 secs]
619,175: [GC (Allocation Failure)  66738K->45954K(141312K), 0,0028376 secs]
619,211: [GC (Allocation Failure)  72578K->41138K(141312K), 0,0010257 secs]
619,234: [GC (Allocation Failure)  67762K->46978K(140288K), 0,0025266 secs]
619,269: [GC (Allocation Failure)  72578K->41106K(140800K), 0,0019528 secs]
619,293: [GC (Allocation Failure)  66706K->45890K(141312K), 0,0038546 secs]
619,330: [GC (Allocation Failure)  72514K->41106K(141312K), 0,0032062 secs]
619,355: [GC (Allocation Failure)  67730K->46946K(140288K), 0,0016711 secs]
619,390: [GC (Allocation Failure)  72546K->41106K(140800K), 0,0009151 secs]
619,413: [GC (Allocation Failure)  66706K->45890K(141312K), 0,0016422 secs]
619,448: [GC (Allocation Failure)  72514K->41010K(141312K), 0,0019870 secs]
619,472: [GC (Allocation Failure)  67634K->46818K(141312K), 0,0030164 secs]
619,508: [GC (Allocation Failure)  73442K->42034K(141312K), 0,0020755 secs]
619,532: [GC (Allocation Failure)  68658K->47842K(140288K), 0,0031651 secs]
619,571: [GC (Allocation Failure)  73442K->42042K(140800K), 0,0070771 secs]
619,606: [GC (Allocation Failure)  67642K->46794K(140288K), 0,0045649 secs]
619,648: [GC (Allocation Failure)  72394K->40986K(140800K), 0,0054863 secs]
619,678: [GC (Allocation Failure)  66586K->45810K(141312K), 0,0018778 secs]
619,713: [GC (Allocation Failure)  72434K->40994K(141312K), 0,0011524 secs]
619,737: [GC (Allocation Failure)  67618K->46770K(141312K), 0,0037465 secs]
619,773: [GC (Allocation Failure)  73394K->41954K(141312K), 0,0028828 secs]
619,799: [GC (Allocation Failure)  68578K->47826K(140288K), 0,0022948 secs]
619,834: [GC (Allocation Failure)  73426K->41954K(140800K), 0,0032415 secs]
619,861: [GC (Allocation Failure)  67554K->46738K(140288K), 0,0050438 secs]
619,898: [GC (Allocation Failure)  72338K->40866K(140800K), 0,0010739 secs]
619,921: [GC (Allocation Failure)  66466K->45650K(141312K), 0,0019568 secs]
619,956: [GC (Allocation Failure)  72274K->40866K(141312K), 0,0026224 secs]
619,981: [GC (Allocation Failure)  67490K->46706K(141312K), 0,0019318 secs]
620,018: [GC (Allocation Failure)  73330K->41858K(141312K), 0,0028856 secs]
620,048: [GC (Allocation Failure)  68482K->47666K(139776K), 0,0047923 secs]
620,085: [GC (Allocation Failure)  73266K->41882K(140800K), 0,0011855 secs]
620,108: [GC (Allocation Failure)  67482K->46634K(141312K), 0,0020256 secs]
620,143: [GC (Allocation Failure)  73258K->41850K(141312K), 0,0030463 secs]
620,169: [GC (Allocation Failure)  68474K->47666K(140288K), 0,0051013 secs]
620,206: [GC (Allocation Failure)  73266K->41826K(140800K), 0,0044805 secs]
620,234: [GC (Allocation Failure)  67426K->46618K(141312K), 0,0034872 secs]
620,270: [GC (Allocation Failure)  73242K->41834K(141312K), 0,0078297 secs]
620,300: [GC (Allocation Failure)  68458K->47642K(140288K), 0,0016051 secs]
620,333: [GC (Allocation Failure)  73242K->41802K(140800K), 0,0008538 secs]
620,354: [GC (Allocation Failure)  67402K->46554K(141312K), 0,0013565 secs]
620,388: [GC (Allocation Failure)  73178K->41802K(141312K), 0,0008213 secs]
620,411: [GC (Allocation Failure)  68426K->47546K(141312K), 0,0026477 secs]
620,446: [GC (Allocation Failure)  74170K->42762K(141312K), 0,0034367 secs]
620,471: [GC (Allocation Failure)  69386K->48602K(140288K), 0,0016918 secs]
620,505: [GC (Allocation Failure)  74202K->42762K(140800K), 0,0034980 secs]
620,530: [GC (Allocation Failure)  68362K->47554K(140288K), 0,0015158 secs]
620,566: [GC (Allocation Failure)  73154K->41714K(140800K), 0,0027459 secs]
620,597: [GC (Allocation Failure)  67314K->46498K(141312K), 0,0041383 secs]
620,639: [GC (Allocation Failure)  72610K->41178K(140800K), 0,0027034 secs]
620,670: [GC (Allocation Failure)  67290K->46474K(141312K), 0,0035285 secs]
620,707: [GC (Allocation Failure)  73098K->41658K(141312K), 0,0016480 secs]
620,734: [GC (Allocation Failure)  68282K->47466K(141312K), 0,0036730 secs]
620,772: [GC (Allocation Failure)  74090K->42650K(141312K), 0,0060621 secs]
620,802: [GC (Allocation Failure)  69274K->48458K(140288K), 0,0050639 secs]
620,842: [GC (Allocation Failure)  74058K->42650K(140800K), 0,0039002 secs]
620,871: [GC (Allocation Failure)  68250K->47402K(140288K), 0,0031226 secs]
620,909: [GC (Allocation Failure)  73002K->41594K(140800K), 0,0015054 secs]
620,935: [GC (Allocation Failure)  67194K->46346K(141312K), 0,0025044 secs]
620,972: [GC (Allocation Failure)  72970K->41530K(141312K), 0,0017520 secs]
620,999: [GC (Allocation Failure)  68154K->47370K(141312K), 0,0027819 secs]
621,035: [GC (Allocation Failure)  73994K->42586K(141312K), 0,0045812 secs]
621,066: [GC (Allocation Failure)  69210K->48394K(139776K), 0,0048294 secs]
621,109: [GC (Allocation Failure)  73994K->42522K(140800K), 0,0069574 secs]
621,143: [GC (Allocation Failure)  68122K->47306K(141312K), 0,0071771 secs]
621,187: [GC (Allocation Failure)  73930K->42490K(141312K), 0,0020605 secs]
621,214: [GC (Allocation Failure)  69114K->48330K(140288K), 0,0036425 secs]
621,250: [GC (Allocation Failure)  73930K->42490K(140800K), 0,0050930 secs]
621,279: [GC (Allocation Failure)  68090K->47274K(141312K), 0,0034905 secs]
621,319: [GC (Allocation Failure)  73898K->42498K(141312K), 0,0027901 secs]
621,350: [GC (Allocation Failure)  69122K->48274K(140288K), 0,0039444 secs]
621,389: [GC (Allocation Failure)  73874K->42466K(140800K), 0,0024402 secs]
621,416: [GC (Allocation Failure)  68066K->47258K(141312K), 0,0025894 secs]
621,453: [GC (Allocation Failure)  73882K->42442K(141312K), 0,0016498 secs]
621,479: [GC (Allocation Failure)  69066K->48250K(140288K), 0,0028349 secs]
621,516: [GC (Allocation Failure)  73850K->42410K(140800K), 0,0041739 secs]
621,543: [GC (Allocation Failure)  68010K->47194K(141312K), 0,0047346 secs]
621,580: [GC (Allocation Failure)  73818K->42378K(141312K), 0,0022438 secs]
621,604: [GC (Allocation Failure)  69002K->48218K(140288K), 0,0014147 secs]
621,637: [GC (Allocation Failure)  73818K->42346K(140800K), 0,0007100 secs]
621,659: [GC (Allocation Failure)  67946K->47130K(141312K), 0,0015226 secs]
621,692: [GC (Allocation Failure)  73754K->42346K(141312K), 0,0006988 secs]
621,718: [GC (Allocation Failure)  68970K->48154K(141312K), 0,0045731 secs]
621,761: [GC (Allocation Failure)  74778K->43338K(141312K), 0,0071186 secs]
621,794: [GC (Allocation Failure)  69962K->49186K(140288K), 0,0048948 secs]
621,832: [GC (Allocation Failure)  74786K->43346K(140800K), 0,0013376 secs]
621,856: [GC (Allocation Failure)  68946K->48098K(140288K), 0,0019605 secs]
621,890: [GC (Allocation Failure)  73698K->42330K(140800K), 0,0011139 secs]
621,913: [GC (Allocation Failure)  67930K->47058K(141312K), 0,0017975 secs]
621,948: [GC (Allocation Failure)  73682K->42274K(141312K), 0,0046633 secs]
621,975: [GC (Allocation Failure)  68898K->48082K(141312K), 0,0021454 secs]
622,010: [GC (Allocation Failure)  74706K->43266K(141312K), 0,0012246 secs]
622,034: [GC (Allocation Failure)  69890K->49074K(140288K), 0,0037972 secs]
622,070: [GC (Allocation Failure)  74674K->43234K(140800K), 0,0044262 secs]
622,097: [GC (Allocation Failure)  68834K->48018K(140288K), 0,0050208 secs]
622,135: [GC (Allocation Failure)  73618K->42186K(140800K), 0,0021396 secs]
622,159: [GC (Allocation Failure)  67786K->46978K(141312K), 0,0028177 secs]
622,195: [GC (Allocation Failure)  73602K->42194K(141312K), 0,0021203 secs]
622,219: [GC (Allocation Failure)  68818K->47970K(141312K), 0,0064107 secs]
622,261: [GC (Allocation Failure)  74594K->43186K(141312K), 0,0029034 secs]
622,291: [GC (Allocation Failure)  69810K->49034K(139776K), 0,0049991 secs]
622,334: [GC (Allocation Failure)  74634K->43170K(140800K), 0,0036527 secs]
622,366: [GC (Allocation Failure)  68770K->47954K(141312K), 0,0090352 secs]
622,412: [GC (Allocation Failure)  74578K->43138K(141312K), 0,0045533 secs]
622,439: [GC (Allocation Failure)  69762K->48978K(140288K), 0,0016364 secs]
622,473: [GC (Allocation Failure)  74578K->43186K(140800K), 0,0007686 secs]
622,494: [GC (Allocation Failure)  68786K->47906K(141312K), 0,0021747 secs]
622,529: [GC (Allocation Failure)  74530K->43098K(141312K), 0,0014768 secs]
622,551: [GC (Allocation Failure)  69722K->48906K(140288K), 0,0023124 secs]
622,590: [GC (Allocation Failure)  74506K->43098K(140800K), 0,0032520 secs]
622,618: [GC (Allocation Failure)  68698K->47882K(141312K), 0,0030278 secs]
622,654: [GC (Allocation Failure)  74506K->43066K(141312K), 0,0022452 secs]
622,678: [GC (Allocation Failure)  69690K->48914K(140288K), 0,0016711 secs]
622,713: [GC (Allocation Failure)  74514K->43082K(140800K), 0,0025149 secs]
622,738: [GC (Allocation Failure)  68682K->47866K(141312K), 0,0016007 secs]
622,773: [GC (Allocation Failure)  74490K->43098K(141312K), 0,0009513 secs]
622,798: [GC (Allocation Failure)  69722K->48714K(141312K), 0,0047434 secs]
622,840: [GC (Allocation Failure)  75338K->43866K(141312K), 0,0028752 secs]
622,864: [GC (Allocation Failure)  70490K->49682K(140288K), 0,0014716 secs]
622,898: [GC (Allocation Failure)  75282K->43842K(140800K), 0,0007297 secs]
622,920: [GC (Allocation Failure)  69442K->48594K(140288K), 0,0021074 secs]
622,959: [GC (Allocation Failure)  74194K->42722K(140800K), 0,0066445 secs]
622,994: [GC (Allocation Failure)  68322K->47514K(141312K), 0,0040450 secs]
623,035: [GC (Allocation Failure)  74138K->42666K(141312K), 0,0025617 secs]
623,066: [GC (Allocation Failure)  69290K->48538K(141312K), 0,0078512 secs]
623,107: [GC (Allocation Failure)  75162K->43754K(141312K), 0,0022894 secs]
623,134: [GC (Allocation Failure)  70378K->49562K(140288K), 0,0026612 secs]
623,172: [GC (Allocation Failure)  75162K->43690K(140800K), 0,0016903 secs]
623,201: [GC (Allocation Failure)  69290K->48474K(141312K), 0,0038264 secs]
623,237: [GC (Allocation Failure)  75098K->43690K(141312K), 0,0025322 secs]
623,266: [GC (Allocation Failure)  70314K->49498K(140288K), 0,0032484 secs]
623,304: [GC (Allocation Failure)  75098K->43690K(140800K), 0,0017288 secs]
623,330: [GC (Allocation Failure)  69290K->48442K(141312K), 0,0029894 secs]
623,368: [GC (Allocation Failure)  75066K->43594K(141312K), 0,0038992 secs]
623,395: [GC (Allocation Failure)  70218K->49434K(140288K), 0,0035339 secs]
623,431: [GC (Allocation Failure)  75034K->43658K(140800K), 0,0009400 secs]
623,454: [GC (Allocation Failure)  69258K->48410K(141312K), 0,0016274 secs]
623,489: [GC (Allocation Failure)  75034K->43562K(141312K), 0,0009996 secs]
623,513: [GC (Allocation Failure)  70186K->49370K(140288K), 0,0047893 secs]
623,550: [GC (Allocation Failure)  74970K->43562K(140800K), 0,0025998 secs]
623,579: [GC (Allocation Failure)  69162K->48314K(141312K), 0,0084281 secs]
623,625: [GC (Allocation Failure)  74938K->43538K(141312K), 0,0054154 secs]
623,659: [GC (Allocation Failure)  70162K->49378K(140288K), 0,0040057 secs]
623,698: [GC (Allocation Failure)  74978K->43538K(140800K), 0,0016509 secs]
623,724: [GC (Allocation Failure)  69138K->48290K(141312K), 0,0026436 secs]
623,761: [GC (Allocation Failure)  74914K->43474K(141312K), 0,0016156 secs]
623,787: [GC (Allocation Failure)  70098K->49322K(141312K), 0,0027589 secs]
623,824: [GC (Allocation Failure)  75946K->44506K(141312K), 0,0044987 secs]
623,853: [GC (Allocation Failure)  71130K->50314K(140288K), 0,0028516 secs]
623,891: [GC (Allocation Failure)  75914K->44538K(140800K), 0,0017748 secs]
623,918: [GC (Allocation Failure)  70138K->49258K(140288K), 0,0026095 secs]
623,954: [GC (Allocation Failure)  74858K->43450K(140800K), 0,0015296 secs]
623,980: [GC (Allocation Failure)  69050K->48210K(141312K), 0,0048092 secs]
624,020: [GC (Allocation Failure)  74834K->43370K(141312K), 0,0061726 secs]
624,050: [GC (Allocation Failure)  69994K->49210K(141312K), 0,0036692 secs]
624,086: [GC (Allocation Failure)  75834K->44426K(141312K), 0,0031168 secs]
624,111: [GC (Allocation Failure)  71050K->50234K(140288K), 0,0019217 secs]
624,146: [GC (Allocation Failure)  75834K->44426K(140800K), 0,0010151 secs]
624,169: [GC (Allocation Failure)  70026K->49186K(140288K), 0,0016681 secs]
624,204: [GC (Allocation Failure)  74786K->43346K(140800K), 0,0022980 secs]
624,228: [GC (Allocation Failure)  68946K->48138K(141312K), 0,0040029 secs]
624,269: [GC (Allocation Failure)  74762K->43290K(141312K), 0,0054858 secs]
624,299: [GC (Allocation Failure)  69914K->49162K(141312K), 0,0019487 secs]
624,334: [GC (Allocation Failure)  75786K->44314K(141312K), 0,0035524 secs]
624,360: [GC (Allocation Failure)  70938K->50186K(139776K), 0,0029011 secs]
624,396: [GC (Allocation Failure)  75786K->44314K(140800K), 0,0009710 secs]
624,419: [GC (Allocation Failure)  69914K->49098K(141312K), 0,0016556 secs]
624,454: [GC (Allocation Failure)  75722K->44282K(141312K), 0,0009658 secs]
624,477: [GC (Allocation Failure)  70906K->50122K(140288K), 0,0017489 secs]
624,512: [GC (Allocation Failure)  75722K->44282K(140800K), 0,0024432 secs]
624,536: [GC (Allocation Failure)  69882K->49034K(141312K), 0,0028550 secs]
624,574: [GC (Allocation Failure)  75658K->44218K(141312K), 0,0041430 secs]
624,607: [GC (Allocation Failure)  70842K->50058K(140288K), 0,0027383 secs]
624,645: [GC (Allocation Failure)  75658K->44226K(140800K), 0,0019111 secs]
624,672: [GC (Allocation Failure)  69826K->49010K(141312K), 0,0051879 secs]
624,711: [GC (Allocation Failure)  75634K->44194K(141312K), 0,0043452 secs]
624,740: [GC (Allocation Failure)  70818K->50002K(140288K), 0,0029345 secs]
624,776: [GC (Allocation Failure)  75602K->44162K(140800K), 0,0038022 secs]
624,805: [GC (Allocation Failure)  69762K->48946K(141312K), 0,0026796 secs]
624,843: [GC (Allocation Failure)  75570K->44130K(141312K), 0,0026558 secs]
624,870: [GC (Allocation Failure)  70754K->49938K(140288K), 0,0021934 secs]
624,905: [GC (Allocation Failure)  75538K->44130K(140800K), 0,0011552 secs]
624,929: [GC (Allocation Failure)  69730K->48882K(141312K), 0,0027431 secs]
624,965: [GC (Allocation Failure)  75506K->44098K(141312K), 0,0034076 secs]
624,992: [GC (Allocation Failure)  70722K->49914K(141312K), 0,0046533 secs]
625,029: [GC (Allocation Failure)  76538K->45130K(141312K), 0,0018286 secs]
625,057: [GC (Allocation Failure)  71754K->50938K(140288K), 0,0051816 secs]
625,101: [GC (Allocation Failure)  76538K->45130K(140800K), 0,0025854 secs]
625,128: [GC (Allocation Failure)  70730K->49882K(140288K), 0,0026763 secs]
625,165: [GC (Allocation Failure)  75482K->44082K(140800K), 0,0016109 secs]
625,192: [GC (Allocation Failure)  69682K->48834K(141312K), 0,0025958 secs]
625,228: [GC (Allocation Failure)  75458K->44018K(141312K), 0,0015294 secs]
625,253: [GC (Allocation Failure)  70642K->49826K(141312K), 0,0046908 secs]
625,290: [GC (Allocation Failure)  76450K->45042K(141312K), 0,0027728 secs]
625,316: [GC (Allocation Failure)  71666K->50850K(140288K), 0,0022511 secs]
625,350: [GC (Allocation Failure)  76450K->45010K(140800K), 0,0023113 secs]
625,376: [GC (Allocation Failure)  70610K->49762K(140288K), 0,0021359 secs]
625,410: [GC (Allocation Failure)  75362K->43970K(140800K), 0,0010977 secs]
625,437: [GC (Allocation Failure)  69570K->48754K(141312K), 0,0054458 secs]
625,475: [GC (Allocation Failure)  75378K->43978K(141312K), 0,0019573 secs]
625,501: [GC (Allocation Failure)  70602K->49722K(141312K), 0,0052893 secs]
625,539: [GC (Allocation Failure)  76346K->44970K(141312K), 0,0060615 secs]
625,567: [GC (Allocation Failure)  71594K->50778K(139776K), 0,0031634 secs]
625,602: [GC (Allocation Failure)  76378K->44938K(140800K), 0,0006996 secs]
625,623: [GC (Allocation Failure)  70538K->49690K(141312K), 0,0028098 secs]
625,656: [GC (Allocation Failure)  76314K->44906K(141312K), 0,0014852 secs]
625,679: [GC (Allocation Failure)  71530K->50714K(140288K), 0,0050094 secs]
625,717: [GC (Allocation Failure)  76314K->44922K(140800K), 0,0006715 secs]
625,739: [GC (Allocation Failure)  70522K->49642K(141312K), 0,0023716 secs]
625,773: [GC (Allocation Failure)  76266K->44858K(141312K), 0,0028664 secs]
625,802: [GC (Allocation Failure)  71482K->50698K(140288K), 0,0094128 secs]
625,849: [GC (Allocation Failure)  76298K->44834K(140800K), 0,0068227 secs]
625,881: [GC (Allocation Failure)  70434K->49618K(141312K), 0,0047584 secs]
625,919: [GC (Allocation Failure)  76242K->44834K(141312K), 0,0041946 secs]
625,950: [GC (Allocation Failure)  71458K->50642K(140288K), 0,0061188 secs]
625,989: [GC (Allocation Failure)  76242K->44802K(140800K), 0,0052316 secs]
626,016: [GC (Allocation Failure)  70402K->49586K(141312K), 0,0013875 secs]
626,050: [GC (Allocation Failure)  76210K->44770K(141312K), 0,0017624 secs]
626,074: [GC (Allocation Failure)  71394K->50578K(141312K), 0,0027748 secs]
626,110: [GC (Allocation Failure)  77202K->45762K(141312K), 0,0038124 secs]
626,136: [GC (Allocation Failure)  72386K->51602K(140288K), 0,0026755 secs]
626,172: [GC (Allocation Failure)  77202K->45762K(140800K), 0,0019160 secs]
626,196: [GC (Allocation Failure)  71362K->50546K(140288K), 0,0027639 secs]
626,231: [GC (Allocation Failure)  76146K->44706K(140800K), 0,0007678 secs]
626,254: [GC (Allocation Failure)  70306K->49458K(141312K), 0,0023886 secs]
626,289: [GC (Allocation Failure)  76082K->44674K(141312K), 0,0020299 secs]
626,313: [GC (Allocation Failure)  71298K->50482K(141312K), 0,0015112 secs]
626,347: [GC (Allocation Failure)  77106K->45698K(141312K), 0,0021245 secs]
626,371: [GC (Allocation Failure)  72322K->51538K(140288K), 0,0017169 secs]
626,405: [GC (Allocation Failure)  77138K->45698K(140800K), 0,0009626 secs]
626,429: [GC (Allocation Failure)  71298K->50418K(140288K), 0,0033587 secs]
626,465: [GC (Allocation Failure)  76018K->44578K(140800K), 0,0027531 secs]
626,490: [GC (Allocation Failure)  70178K->49362K(141312K), 0,0023834 secs]
626,525: [GC (Allocation Failure)  75986K->44578K(141312K), 0,0008419 secs]
626,548: [GC (Allocation Failure)  71202K->50354K(141312K), 0,0049899 secs]
626,586: [GC (Allocation Failure)  76978K->45602K(141312K), 0,0010841 secs]
626,609: [GC (Allocation Failure)  72226K->51378K(139776K), 0,0019095 secs]
626,644: [GC (Allocation Failure)  76978K->45570K(140800K), 0,0010979 secs]
626,667: [GC (Allocation Failure)  71170K->50354K(141312K), 0,0040276 secs]
626,704: [GC (Allocation Failure)  76978K->45538K(141312K), 0,0009636 secs]
626,727: [GC (Allocation Failure)  72162K->51346K(140288K), 0,0040616 secs]
626,764: [GC (Allocation Failure)  76946K->45514K(140800K), 0,0021941 secs]
626,788: [GC (Allocation Failure)  71114K->50106K(141312K), 0,0037839 secs]
626,824: [GC (Allocation Failure)  76730K->45322K(141312K), 0,0036229 secs]
626,849: [GC (Allocation Failure)  71946K->51130K(140288K), 0,0027948 secs]
626,882: [GC (Allocation Failure)  76730K->45258K(140800K), 0,0006249 secs]
626,904: [GC (Allocation Failure)  70858K->50018K(141312K), 0,0070572 secs]
626,943: [GC (Allocation Failure)  76642K->45234K(141312K), 0,0006506 secs]
626,966: [GC (Allocation Failure)  71858K->51042K(141312K), 0,0049873 secs]
627,009: [GC (Allocation Failure)  77666K->46258K(141312K), 0,0071683 secs]
627,043: [GC (Allocation Failure)  72882K->52066K(140288K), 0,0043234 secs]
627,080: [GC (Allocation Failure)  77666K->46234K(140800K), 0,0015176 secs]
627,105: [GC (Allocation Failure)  71834K->51026K(140288K), 0,0067382 secs]
627,144: [GC (Allocation Failure)  76626K->45186K(140800K), 0,0029358 secs]
627,169: [GC (Allocation Failure)  70786K->49970K(141312K), 0,0018809 secs]
627,204: [GC (Allocation Failure)  76594K->45194K(141312K), 0,0012649 secs]
627,228: [GC (Allocation Failure)  71818K->51002K(141312K), 0,0022310 secs]
627,262: [GC (Allocation Failure)  77626K->46186K(141312K), 0,0053541 secs]
627,291: [GC (Allocation Failure)  72810K->51970K(140288K), 0,0027486 secs]
627,328: [GC (Allocation Failure)  77570K->46170K(140800K), 0,0017849 secs]
627,355: [GC (Allocation Failure)  71770K->50954K(140288K), 0,0043181 secs]
627,392: [GC (Allocation Failure)  76554K->45114K(140800K), 0,0027120 secs]
627,417: [GC (Allocation Failure)  70714K->49898K(141312K), 0,0018027 secs]
627,452: [GC (Allocation Failure)  76522K->45082K(141312K), 0,0046177 secs]
627,479: [GC (Allocation Failure)  71706K->50890K(141312K), 0,0018994 secs]
627,514: [GC (Allocation Failure)  77514K->46114K(141312K), 0,0060658 secs]
627,542: [GC (Allocation Failure)  72738K->51922K(139776K), 0,0049103 secs]
627,583: [GC (Allocation Failure)  77522K->46050K(140800K), 0,0042422 secs]
627,612: [GC (Allocation Failure)  71650K->50874K(141312K), 0,0052263 secs]
627,650: [GC (Allocation Failure)  77498K->46058K(141312K), 0,0022670 secs]
627,674: [GC (Allocation Failure)  72682K->51866K(140288K), 0,0054939 secs]
627,714: [GC (Allocation Failure)  77466K->46026K(140800K), 0,0047936 secs]
627,741: [GC (Allocation Failure)  71626K->50810K(141312K), 0,0035068 secs]
627,778: [GC (Allocation Failure)  77434K->45994K(141312K), 0,0012711 secs]
627,803: [GC (Allocation Failure)  72618K->51834K(140288K), 0,0024845 secs]
627,838: [GC (Allocation Failure)  77434K->45970K(140800K), 0,0013914 secs]
627,863: [GC (Allocation Failure)  71570K->50794K(141312K), 0,0027388 secs]
627,898: [GC (Allocation Failure)  77418K->45978K(141312K), 0,0045761 secs]
627,926: [GC (Allocation Failure)  72602K->51818K(140288K), 0,0019901 secs]
627,960: [GC (Allocation Failure)  77418K->45946K(140800K), 0,0011533 secs]
627,987: [GC (Allocation Failure)  71546K->50762K(141312K), 0,0072653 secs]
628,029: [GC (Allocation Failure)  77386K->45914K(141312K), 0,0038551 secs]
628,060: [GC (Allocation Failure)  72538K->51722K(140288K), 0,0034927 secs]
628,098: [GC (Allocation Failure)  77322K->45914K(140800K), 0,0015722 secs]
628,123: [GC (Allocation Failure)  71514K->50706K(141312K), 0,0027177 secs]
628,160: [GC (Allocation Failure)  77330K->45890K(141312K), 0,0058585 secs]
628,190: [GC (Allocation Failure)  72514K->51730K(141312K), 0,0026952 secs]
628,228: [GC (Allocation Failure)  78354K->46914K(141312K), 0,0069893 secs]
628,257: [GC (Allocation Failure)  73538K->52722K(140288K), 0,0023893 secs]
628,291: [GC (Allocation Failure)  78322K->46850K(140800K), 0,0016538 secs]
628,314: [GC (Allocation Failure)  72450K->51706K(140288K), 0,0013812 secs]
628,348: [GC (Allocation Failure)  77306K->45802K(140800K), 0,0007576 secs]
628,371: [GC (Allocation Failure)  71402K->50626K(141312K), 0,0014915 secs]
628,405: [GC (Allocation Failure)  77250K->45810K(141312K), 0,0022532 secs]
628,429: [GC (Allocation Failure)  72434K->51586K(141312K), 0,0057543 secs]
628,468: [GC (Allocation Failure)  78210K->46842K(141312K), 0,0018896 secs]
628,492: [GC (Allocation Failure)  73466K->52650K(140288K), 0,0048457 secs]
628,530: [GC (Allocation Failure)  78250K->46786K(140800K), 0,0031786 secs]
628,555: [GC (Allocation Failure)  72386K->51570K(140288K), 0,0042005 secs]
628,592: [GC (Allocation Failure)  77170K->45730K(140800K), 0,0020930 secs]
628,616: [GC (Allocation Failure)  71330K->50514K(141312K), 0,0014717 secs]
628,650: [GC (Allocation Failure)  77138K->45730K(141312K), 0,0008155 secs]
628,673: [GC (Allocation Failure)  72354K->51538K(141312K), 0,0015550 secs]
628,707: [GC (Allocation Failure)  78162K->46762K(141312K), 0,0010979 secs]
628,730: [GC (Allocation Failure)  73386K->52538K(139776K), 0,0027188 secs]
628,766: [GC (Allocation Failure)  78138K->46698K(140800K), 0,0036382 secs]
628,792: [GC (Allocation Failure)  72298K->51514K(141312K), 0,0016800 secs]
628,827: [GC (Allocation Failure)  78138K->46674K(141312K), 0,0024330 secs]
628,852: [GC (Allocation Failure)  73298K->52482K(140288K), 0,0047280 secs]
628,890: [GC (Allocation Failure)  78082K->46706K(140800K), 0,0010551 secs]
628,913: [GC (Allocation Failure)  72306K->51458K(141312K), 0,0017007 secs]
628,948: [GC (Allocation Failure)  78082K->46610K(141312K), 0,0072523 secs]
628,977: [GC (Allocation Failure)  73234K->52482K(140288K), 0,0018216 secs]
629,012: [GC (Allocation Failure)  78082K->46618K(140800K), 0,0054994 secs]
629,040: [GC (Allocation Failure)  72218K->51434K(141312K), 0,0048802 secs]
629,078: [GC (Allocation Failure)  78058K->46618K(141312K), 0,0021979 secs]
629,102: [GC (Allocation Failure)  73242K->52426K(140288K), 0,0033413 secs]
629,142: [GC (Allocation Failure)  78026K->46586K(140800K), 0,0027813 secs]
629,173: [GC (Allocation Failure)  72186K->51370K(141312K), 0,0043423 secs]
629,215: [GC (Allocation Failure)  77994K->46554K(141312K), 0,0027808 secs]
629,246: [GC (Allocation Failure)  73178K->52362K(141312K), 0,0043856 secs]
629,286: [GC (Allocation Failure)  78986K->47578K(141312K), 0,0041197 secs]
629,314: [GC (Allocation Failure)  74202K->53394K(140288K), 0,0020846 secs]
629,348: [GC (Allocation Failure)  78994K->47586K(140800K), 0,0013207 secs]
629,373: [GC (Allocation Failure)  73186K->52338K(140288K), 0,0035771 secs]
629,409: [GC (Allocation Failure)  77938K->46498K(140800K), 0,0031798 secs]
629,435: [GC (Allocation Failure)  72098K->51250K(141312K), 0,0019221 secs]
629,470: [GC (Allocation Failure)  77874K->46466K(141312K), 0,0028151 secs]
629,499: [GC (Allocation Failure)  73090K->52274K(141312K), 0,0097241 secs]
629,541: [GC (Allocation Failure)  78898K->47458K(141312K), 0,0048321 secs]
629,567: [GC (Allocation Failure)  74082K->53330K(140288K), 0,0015607 secs]
629,601: [GC (Allocation Failure)  78930K->47458K(140800K), 0,0009143 secs]
629,623: [GC (Allocation Failure)  73058K->52242K(140288K), 0,0030391 secs]
629,658: [GC (Allocation Failure)  77842K->46410K(140800K), 0,0013772 secs]
629,681: [GC (Allocation Failure)  72010K->51162K(141312K), 0,0054768 secs]
629,718: [GC (Allocation Failure)  77786K->46346K(141312K), 0,0013410 secs]
629,741: [GC (Allocation Failure)  72970K->52194K(141312K), 0,0020751 secs]
629,774: [GC (Allocation Failure)  78818K->47354K(141312K), 0,0031905 secs]
629,798: [GC (Allocation Failure)  73978K->53226K(140288K), 0,0015168 secs]
629,832: [GC (Allocation Failure)  78826K->47386K(140800K), 0,0007987 secs]
629,854: [GC (Allocation Failure)  72986K->52170K(141312K), 0,0064141 secs]
629,897: [GC (Allocation Failure)  78794K->47354K(141312K), 0,0028558 secs]
629,926: [GC (Allocation Failure)  73978K->53162K(140288K), 0,0040174 secs]
629,963: [GC (Allocation Failure)  78762K->47322K(140800K), 0,0008682 secs]
629,986: [GC (Allocation Failure)  72922K->52106K(141312K), 0,0015553 secs]
630,020: [GC (Allocation Failure)  78730K->47290K(141312K), 0,0037823 secs]
630,046: [GC (Allocation Failure)  73914K->53106K(140288K), 0,0026111 secs]
630,080: [GC (Allocation Failure)  78706K->47298K(140800K), 0,0007966 secs]
630,103: [GC (Allocation Failure)  72898K->52050K(141312K), 0,0014510 secs]
630,137: [GC (Allocation Failure)  78674K->47234K(141312K), 0,0036933 secs]
630,169: [GC (Allocation Failure)  73858K->53106K(140288K), 0,0051971 secs]
630,212: [GC (Allocation Failure)  78706K->47234K(140800K), 0,0029404 secs]
630,237: [GC (Allocation Failure)  72834K->52018K(141312K), 0,0032137 secs]
630,277: [GC (Allocation Failure)  78642K->47202K(141312K), 0,0056693 secs]
630,311: [GC (Allocation Failure)  73826K->53010K(140288K), 0,0055907 secs]
630,349: [GC (Allocation Failure)  78610K->47170K(140800K), 0,0022215 secs]
630,373: [GC (Allocation Failure)  72770K->52026K(141312K), 0,0015692 secs]
630,408: [GC (Allocation Failure)  78650K->47186K(141312K), 0,0021764 secs]
630,432: [GC (Allocation Failure)  73810K->52994K(141312K), 0,0029646 secs]
630,468: [GC (Allocation Failure)  79618K->48178K(141312K), 0,0047367 secs]
630,495: [GC (Allocation Failure)  74802K->54018K(140288K), 0,0018863 secs]
630,530: [GC (Allocation Failure)  79618K->48146K(140800K), 0,0025358 secs]
630,554: [GC (Allocation Failure)  73746K->52930K(140288K), 0,0020467 secs]
630,589: [GC (Allocation Failure)  78530K->47090K(140800K), 0,0023606 secs]
630,613: [GC (Allocation Failure)  72690K->51874K(141312K), 0,0015757 secs]
630,648: [GC (Allocation Failure)  78498K->47090K(141312K), 0,0024640 secs]
630,672: [GC (Allocation Failure)  73714K->52898K(141312K), 0,0016104 secs]
630,707: [GC (Allocation Failure)  79522K->48114K(141312K), 0,0010723 secs]
630,730: [GC (Allocation Failure)  74738K->53922K(140288K), 0,0033191 secs]
630,766: [GC (Allocation Failure)  79522K->48058K(140800K), 0,0009956 secs]
630,789: [GC (Allocation Failure)  73658K->52682K(141312K), 0,0028137 secs]
630,825: [GC (Allocation Failure)  79306K->47866K(141312K), 0,0035265 secs]
630,851: [GC (Allocation Failure)  74490K->53674K(140288K), 0,0030834 secs]
630,887: [GC (Allocation Failure)  79274K->47802K(140800K), 0,0017228 secs]
630,910: [GC (Allocation Failure)  73402K->52554K(141312K), 0,0020786 secs]
630,944: [GC (Allocation Failure)  79178K->47738K(141312K), 0,0044072 secs]
630,974: [GC (Allocation Failure)  74362K->53578K(140288K), 0,0046807 secs]
631,016: [GC (Allocation Failure)  79178K->47778K(140800K), 0,0055957 secs]
631,050: [GC (Allocation Failure)  73378K->52562K(141312K), 0,0057600 secs]
631,088: [GC (Allocation Failure)  79186K->47746K(141312K), 0,0035836 secs]
631,114: [GC (Allocation Failure)  74370K->53522K(140288K), 0,0025715 secs]
631,149: [GC (Allocation Failure)  79122K->47778K(140800K), 0,0008664 secs]
631,172: [GC (Allocation Failure)  73378K->52498K(141312K), 0,0014383 secs]
631,206: [GC (Allocation Failure)  79122K->47682K(141312K), 0,0071361 secs]
631,235: [GC (Allocation Failure)  74306K->53522K(140288K), 0,0016944 secs]
631,269: [GC (Allocation Failure)  79122K->47658K(140800K), 0,0015336 secs]
631,292: [GC (Allocation Failure)  73258K->52442K(141312K), 0,0012985 secs]
631,326: [GC (Allocation Failure)  79066K->47658K(141312K), 0,0009664 secs]
631,349: [GC (Allocation Failure)  74282K->53474K(141312K), 0,0038881 secs]
631,386: [GC (Allocation Failure)  80098K->48690K(141312K), 0,0030702 secs]
631,411: [GC (Allocation Failure)  75314K->54506K(140288K), 0,0024676 secs]
631,446: [GC (Allocation Failure)  80106K->48666K(140800K), 0,0046377 secs]
631,471: [GC (Allocation Failure)  74266K->53450K(140288K), 0,0033366 secs]
631,506: [GC (Allocation Failure)  79050K->47610K(140800K), 0,0014439 secs]
631,528: [GC (Allocation Failure)  73210K->52394K(141312K), 0,0013258 secs]
631,560: [GC (Allocation Failure)  79018K->47610K(141312K), 0,0027497 secs]
631,591: [GC (Allocation Failure)  74234K->53354K(141312K), 0,0061661 secs]
631,634: [GC (Allocation Failure)  79978K->48602K(141312K), 0,0037761 secs]
631,661: [GC (Allocation Failure)  75226K->54410K(140288K), 0,0021598 secs]
631,695: [GC (Allocation Failure)  80010K->48570K(140800K), 0,0012549 secs]
631,718: [GC (Allocation Failure)  74170K->53354K(140288K), 0,0037360 secs]
631,755: [GC (Allocation Failure)  78954K->47514K(140800K), 0,0024309 secs]
631,780: [GC (Allocation Failure)  73114K->52266K(141312K), 0,0051846 secs]
631,818: [GC (Allocation Failure)  78890K->47450K(141312K), 0,0029263 secs]
631,843: [GC (Allocation Failure)  74074K->53290K(141312K), 0,0035968 secs]
631,880: [GC (Allocation Failure)  79914K->48506K(141312K), 0,0013002 secs]
631,904: [GC (Allocation Failure)  75130K->54282K(139776K), 0,0032068 secs]
631,939: [GC (Allocation Failure)  79882K->48442K(140800K), 0,0012912 secs]
631,964: [GC (Allocation Failure)  74042K->53258K(141312K), 0,0019826 secs]
631,998: [GC (Allocation Failure)  79882K->48410K(141312K), 0,0048714 secs]
632,026: [GC (Allocation Failure)  75034K->54218K(140288K), 0,0034542 secs]
632,062: [GC (Allocation Failure)  79818K->48410K(140800K), 0,0030784 secs]
632,088: [GC (Allocation Failure)  74010K->53194K(141312K), 0,0021470 secs]
632,123: [GC (Allocation Failure)  79818K->48378K(141312K), 0,0012618 secs]
632,148: [GC (Allocation Failure)  75002K->54218K(140288K), 0,0020905 secs]
632,182: [GC (Allocation Failure)  79818K->48378K(140800K), 0,0034680 secs]
632,209: [GC (Allocation Failure)  73978K->53098K(141312K), 0,0044448 secs]
632,246: [GC (Allocation Failure)  79722K->48346K(141312K), 0,0035210 secs]
632,273: [GC (Allocation Failure)  74970K->54122K(140288K), 0,0044913 secs]
632,310: [GC (Allocation Failure)  79722K->48322K(140800K), 0,0011232 secs]
632,333: [GC (Allocation Failure)  73922K->53106K(141312K), 0,0062373 secs]
632,372: [GC (Allocation Failure)  79730K->48322K(141312K), 0,0013530 secs]
632,397: [GC (Allocation Failure)  74946K->54098K(141312K), 0,0020347 secs]
632,431: [GC (Allocation Failure)  80722K->49314K(141312K), 0,0026968 secs]
632,457: [GC (Allocation Failure)  75938K->55122K(140288K), 0,0019935 secs]
632,491: [GC (Allocation Failure)  80722K->49290K(140800K), 0,0056420 secs]
632,520: [GC (Allocation Failure)  74890K->54074K(140288K), 0,0018314 secs]
632,554: [GC (Allocation Failure)  79674K->48234K(140800K), 0,0022994 secs]
632,578: [GC (Allocation Failure)  73834K->53018K(141312K), 0,0018927 secs]
632,613: [GC (Allocation Failure)  79642K->48218K(141312K), 0,0010442 secs]
632,636: [GC (Allocation Failure)  74842K->54026K(141312K), 0,0034327 secs]
632,673: [GC (Allocation Failure)  80650K->49210K(141312K), 0,0026864 secs]
632,699: [GC (Allocation Failure)  75834K->55050K(140288K), 0,0051245 secs]
632,736: [GC (Allocation Failure)  80650K->49210K(140800K), 0,0026920 secs]
632,761: [GC (Allocation Failure)  74810K->53962K(140288K), 0,0033291 secs]
632,797: [GC (Allocation Failure)  79562K->48122K(140800K), 0,0025155 secs]
632,822: [GC (Allocation Failure)  73722K->52906K(141312K), 0,0047493 secs]
632,860: [GC (Allocation Failure)  79530K->48122K(141312K), 0,0020358 secs]
632,884: [GC (Allocation Failure)  74746K->53898K(141312K), 0,0027708 secs]
632,920: [GC (Allocation Failure)  80522K->49114K(141312K), 0,0029793 secs]
632,944: [GC (Allocation Failure)  75738K->54930K(139776K), 0,0016653 secs]
632,978: [GC (Allocation Failure)  80530K->49122K(140800K), 0,0008852 secs]
633,001: [GC (Allocation Failure)  74722K->53914K(141312K), 0,0016514 secs]
633,035: [GC (Allocation Failure)  80538K->49098K(141312K), 0,0008126 secs]
633,058: [GC (Allocation Failure)  75722K->54906K(140288K), 0,0017361 secs]
633,092: [GC (Allocation Failure)  80506K->49098K(140800K), 0,0008642 secs]
633,115: [GC (Allocation Failure)  74698K->53850K(141312K), 0,0015677 secs]
633,150: [GC (Allocation Failure)  80474K->49034K(141312K), 0,0008785 secs]
633,173: [GC (Allocation Failure)  75658K->54850K(140288K), 0,0055025 secs]
633,211: [GC (Allocation Failure)  80450K->49010K(140800K), 0,0024181 secs]
633,235: [GC (Allocation Failure)  74610K->53762K(141312K), 0,0056345 secs]
633,274: [GC (Allocation Failure)  80386K->49010K(141312K), 0,0011454 secs]
633,297: [GC (Allocation Failure)  75634K->54818K(140288K), 0,0033846 secs]
633,333: [GC (Allocation Failure)  80418K->48978K(140800K), 0,0011817 secs]
633,356: [GC (Allocation Failure)  74578K->53762K(141312K), 0,0016168 secs]
633,391: [GC (Allocation Failure)  80386K->48946K(141312K), 0,0049066 secs]
633,418: [GC (Allocation Failure)  75570K->54818K(140288K), 0,0017887 secs]
633,453: [GC (Allocation Failure)  80418K->48914K(140800K), 0,0022298 secs]
633,477: [GC (Allocation Failure)  74514K->53698K(141312K), 0,0041089 secs]
633,514: [GC (Allocation Failure)  80322K->48922K(141312K), 0,0036895 secs]
633,540: [GC (Allocation Failure)  75546K->54730K(141312K), 0,0030573 secs]
633,574: [GC (Allocation Failure)  81354K->49914K(141312K), 0,0016145 secs]
633,597: [GC (Allocation Failure)  76538K->55722K(140288K), 0,0027876 secs]
633,633: [GC (Allocation Failure)  81322K->49882K(140800K), 0,0025658 secs]
633,657: [GC (Allocation Failure)  75482K->54674K(140288K), 0,0013287 secs]
633,689: [GC (Allocation Failure)  80274K->48834K(140800K), 0,0008035 secs]
633,712: [GC (Allocation Failure)  74434K->53618K(141312K), 0,0020579 secs]
633,747: [GC (Allocation Failure)  80242K->48834K(141312K), 0,0006642 secs]
633,768: [GC (Allocation Failure)  75458K->54650K(141312K), 0,0035731 secs]
633,809: [GC (Allocation Failure)  81274K->49866K(141312K), 0,0033469 secs]
633,839: [GC (Allocation Failure)  76490K->55642K(140288K), 0,0029015 secs]
633,875: [GC (Allocation Failure)  81242K->49802K(140800K), 0,0013485 secs]
633,900: [GC (Allocation Failure)  75402K->54586K(140288K), 0,0066056 secs]
633,939: [GC (Allocation Failure)  80186K->48778K(140800K), 0,0017067 secs]
633,963: [GC (Allocation Failure)  74378K->53530K(141312K), 0,0018431 secs]
633,998: [GC (Allocation Failure)  80154K->48746K(141312K), 0,0057658 secs]
634,027: [GC (Allocation Failure)  75370K->54522K(141312K), 0,0025552 secs]
634,062: [GC (Allocation Failure)  81146K->49770K(141312K), 0,0012749 secs]
634,087: [GC (Allocation Failure)  76394K->55546K(139776K), 0,0024618 secs]
634,122: [GC (Allocation Failure)  81146K->49738K(140800K), 0,0013205 secs]
634,146: [GC (Allocation Failure)  75338K->54522K(141312K), 0,0018785 secs]
634,181: [GC (Allocation Failure)  81146K->49674K(141312K), 0,0046301 secs]
634,209: [GC (Allocation Failure)  76298K->55482K(140288K), 0,0041157 secs]
634,245: [GC (Allocation Failure)  81082K->49674K(140800K), 0,0012679 secs]
634,269: [GC (Allocation Failure)  75274K->54458K(141312K), 0,0019345 secs]
634,303: [GC (Allocation Failure)  81082K->49642K(141312K), 0,0012478 secs]
634,328: [GC (Allocation Failure)  76266K->55482K(140288K), 0,0020944 secs]
634,362: [GC (Allocation Failure)  81082K->49610K(140800K), 0,0011708 secs]
634,386: [GC (Allocation Failure)  75210K->54426K(141312K), 0,0020266 secs]
634,421: [GC (Allocation Failure)  81050K->49610K(141312K), 0,0015568 secs]
634,446: [GC (Allocation Failure)  76234K->55394K(140288K), 0,0024338 secs]
634,481: [GC (Allocation Failure)  80994K->49554K(140800K), 0,0015239 secs]
634,506: [GC (Allocation Failure)  75154K->54338K(141312K), 0,0023324 secs]
634,541: [GC (Allocation Failure)  80962K->49594K(141312K), 0,0014703 secs]
634,569: [GC (Allocation Failure)  76218K->55370K(141312K), 0,0054028 secs]
634,613: [GC (Allocation Failure)  81994K->50586K(141312K), 0,0031964 secs]
634,643: [GC (Allocation Failure)  77210K->56402K(140288K), 0,0029326 secs]
634,681: [GC (Allocation Failure)  82002K->50538K(140800K), 0,0055891 secs]
634,711: [GC (Allocation Failure)  76138K->55322K(140288K), 0,0030031 secs]
634,749: [GC (Allocation Failure)  80922K->49522K(140800K), 0,0051472 secs]
634,778: [GC (Allocation Failure)  75122K->54274K(141312K), 0,0039521 secs]
634,815: [GC (Allocation Failure)  80898K->49266K(141312K), 0,0062719 secs]
634,842: [GC (Allocation Failure)  75890K->55138K(141312K), 0,0019791 secs]
634,877: [GC (Allocation Failure)  81762K->50322K(141312K), 0,0007721 secs]
634,898: [GC (Allocation Failure)  76946K->56130K(140288K), 0,0022278 secs]
634,932: [GC (Allocation Failure)  81730K->50234K(140800K), 0,0030601 secs]
634,956: [GC (Allocation Failure)  75834K->54994K(140288K), 0,0013564 secs]
634,988: [GC (Allocation Failure)  80594K->49122K(140800K), 0,0040914 secs]
635,014: [GC (Allocation Failure)  74722K->53874K(141312K), 0,0019827 secs]
635,047: [GC (Allocation Failure)  80498K->49098K(141312K), 0,0006435 secs]
635,069: [GC (Allocation Failure)  75722K->54906K(141312K), 0,0021267 secs]
635,105: [GC (Allocation Failure)  81530K->50090K(141312K), 0,0074044 secs]
635,141: [GC (Allocation Failure)  76714K->55930K(140800K), 0,0049128 secs]
635,184: [GC (Allocation Failure)  82554K->51114K(141312K), 0,0059275 secs]
635,212: [GC (Allocation Failure)  77738K->56954K(139776K), 0,0031578 secs]
635,248: [GC (Allocation Failure)  82554K->51114K(140800K), 0,0043749 secs]
635,277: [GC (Allocation Failure)  76714K->55866K(140288K), 0,0030683 secs]
635,312: [GC (Allocation Failure)  81466K->49994K(140800K), 0,0011102 secs]
635,334: [GC (Allocation Failure)  75594K->54746K(141312K), 0,0014703 secs]
635,367: [GC (Allocation Failure)  80858K->49450K(140800K), 0,0048824 secs]
635,393: [GC (Allocation Failure)  75562K->54778K(141312K), 0,0024249 secs]
635,427: [GC (Allocation Failure)  81402K->49962K(141312K), 0,0048168 secs]
635,454: [GC (Allocation Failure)  76586K->55770K(141312K), 0,0066156 secs]
635,492: [GC (Allocation Failure)  82394K->50954K(141312K), 0,0009975 secs]
635,515: [GC (Allocation Failure)  77578K->56770K(140288K), 0,0022338 secs]
635,548: [GC (Allocation Failure)  82370K->50930K(140800K), 0,0009429 secs]
635,570: [GC (Allocation Failure)  76530K->55746K(140288K), 0,0022082 secs]
635,605: [GC (Allocation Failure)  81346K->49874K(140800K), 0,0014069 secs]
635,627: [GC (Allocation Failure)  75474K->54658K(141312K), 0,0017349 secs]
635,660: [GC (Allocation Failure)  81282K->49842K(141312K), 0,0012775 secs]
635,682: [GC (Allocation Failure)  76466K->55714K(141312K), 0,0013386 secs]
635,715: [GC (Allocation Failure)  82338K->50898K(141312K), 0,0016066 secs]
635,738: [GC (Allocation Failure)  77522K->56682K(140288K), 0,0015399 secs]
635,770: [GC (Allocation Failure)  82282K->50842K(140800K), 0,0016404 secs]
635,793: [GC (Allocation Failure)  76442K->55626K(140288K), 0,0021261 secs]
635,828: [GC (Allocation Failure)  81226K->49786K(140800K), 0,0016042 secs]
635,851: [GC (Allocation Failure)  75386K->54578K(141312K), 0,0012625 secs]
635,884: [GC (Allocation Failure)  81202K->49762K(141312K), 0,0013806 secs]
635,907: [GC (Allocation Failure)  76386K->55578K(141312K), 0,0014047 secs]
635,939: [GC (Allocation Failure)  82202K->50794K(141312K), 0,0017447 secs]
635,961: [GC (Allocation Failure)  77418K->56602K(139776K), 0,0022561 secs]
635,996: [GC (Allocation Failure)  82202K->50794K(140800K), 0,0008219 secs]
636,018: [GC (Allocation Failure)  76394K->55546K(141312K), 0,0020406 secs]
636,052: [GC (Allocation Failure)  82170K->50730K(141312K), 0,0059349 secs]
636,086: [GC (Allocation Failure)  77354K->56538K(140288K), 0,0033216 secs]
636,122: [GC (Allocation Failure)  82138K->50730K(140800K), 0,0030286 secs]
636,150: [GC (Allocation Failure)  76330K->55514K(141312K), 0,0025157 secs]
636,185: [GC (Allocation Failure)  82138K->50698K(141312K), 0,0017544 secs]
636,209: [GC (Allocation Failure)  77322K->56538K(140288K), 0,0014838 secs]
636,242: [GC (Allocation Failure)  82138K->50666K(140800K), 0,0007974 secs]
636,264: [GC (Allocation Failure)  76266K->55450K(141312K), 0,0031402 secs]
636,299: [GC (Allocation Failure)  82074K->50666K(141312K), 0,0007770 secs]
636,321: [GC (Allocation Failure)  77290K->56442K(140288K), 0,0019892 secs]
636,355: [GC (Allocation Failure)  82042K->50634K(140800K), 0,0021193 secs]
636,378: [GC (Allocation Failure)  76234K->55418K(141312K), 0,0029156 secs]
636,413: [GC (Allocation Failure)  82042K->50570K(141312K), 0,0015767 secs]
636,436: [GC (Allocation Failure)  77194K->56410K(141312K), 0,0038570 secs]
636,472: [GC (Allocation Failure)  83034K->51594K(141312K), 0,0016620 secs]
636,499: [GC (Allocation Failure)  78218K->57434K(140288K), 0,0064373 secs]
636,538: [GC (Allocation Failure)  83034K->51594K(140800K), 0,0023935 secs]
636,564: [GC (Allocation Failure)  77194K->56346K(140288K), 0,0021279 secs]
636,598: [GC (Allocation Failure)  81946K->50570K(140800K), 0,0011913 secs]
636,621: [GC (Allocation Failure)  76170K->55290K(141312K), 0,0019205 secs]
636,656: [GC (Allocation Failure)  81914K->50506K(141312K), 0,0027524 secs]
636,681: [GC (Allocation Failure)  77130K->56314K(141312K), 0,0037133 secs]
636,718: [GC (Allocation Failure)  82938K->51530K(141312K), 0,0013144 secs]
636,742: [GC (Allocation Failure)  78154K->57306K(140288K), 0,0038925 secs]
636,778: [GC (Allocation Failure)  82906K->51498K(140800K), 0,0028293 secs]
636,803: [GC (Allocation Failure)  77098K->56250K(140288K), 0,0036464 secs]
636,840: [GC (Allocation Failure)  81850K->50442K(140800K), 0,0024949 secs]
636,867: [GC (Allocation Failure)  76042K->55194K(141312K), 0,0061436 secs]
636,906: [GC (Allocation Failure)  81818K->50378K(141312K), 0,0013574 secs]
636,929: [GC (Allocation Failure)  77002K->56218K(141312K), 0,0023530 secs]
636,964: [GC (Allocation Failure)  82842K->51434K(141312K), 0,0022539 secs]
636,988: [GC (Allocation Failure)  78058K->57210K(139776K), 0,0026215 secs]
637,022: [GC (Allocation Failure)  82810K->51402K(140800K), 0,0032483 secs]
637,046: [GC (Allocation Failure)  77002K->56154K(141312K), 0,0020310 secs]
637,080: [GC (Allocation Failure)  82778K->51370K(141312K), 0,0029517 secs]
637,105: [GC (Allocation Failure)  77994K->57178K(140288K), 0,0014832 secs]
637,138: [GC (Allocation Failure)  82778K->51378K(140800K), 0,0013184 secs]
637,161: [GC (Allocation Failure)  76978K->56138K(141312K), 0,0014016 secs]
637,195: [GC (Allocation Failure)  82762K->51354K(141312K), 0,0017997 secs]
637,218: [GC (Allocation Failure)  77978K->57170K(140288K), 0,0015148 secs]
637,251: [GC (Allocation Failure)  82770K->51330K(140800K), 0,0012928 secs]
637,273: [GC (Allocation Failure)  76930K->56082K(141312K), 0,0022527 secs]
637,307: [GC (Allocation Failure)  82706K->51298K(141312K), 0,0010758 secs]
637,330: [GC (Allocation Failure)  77922K->57106K(140288K), 0,0023617 secs]
637,364: [GC (Allocation Failure)  82706K->51266K(140800K), 0,0038703 secs]
637,389: [GC (Allocation Failure)  76866K->56050K(141312K), 0,0021966 secs]
637,424: [GC (Allocation Failure)  82674K->51234K(141312K), 0,0017435 secs]
637,446: [GC (Allocation Failure)  77858K->57074K(140288K), 0,0015031 secs]
637,480: [GC (Allocation Failure)  82674K->51242K(140800K), 0,0007221 secs]
637,502: [GC (Allocation Failure)  76842K->55962K(141312K), 0,0024232 secs]
637,541: [GC (Allocation Failure)  82586K->51178K(141312K), 0,0045080 secs]
637,569: [GC (Allocation Failure)  77802K->57018K(141312K), 0,0022510 secs]
637,603: [GC (Allocation Failure)  83642K->52202K(141312K), 0,0017752 secs]
637,625: [GC (Allocation Failure)  78826K->58042K(140288K), 0,0023506 secs]
637,659: [GC (Allocation Failure)  83642K->52202K(140800K), 0,0009519 secs]
637,681: [GC (Allocation Failure)  77802K->56986K(140288K), 0,0037305 secs]
637,716: [GC (Allocation Failure)  82586K->51114K(140800K), 0,0007481 secs]
637,738: [GC (Allocation Failure)  76714K->55898K(141312K), 0,0012755 secs]
637,771: [GC (Allocation Failure)  82522K->51082K(141312K), 0,0057869 secs]
637,798: [GC (Allocation Failure)  77706K->56898K(141312K), 0,0013942 secs]
637,832: [GC (Allocation Failure)  83522K->52114K(141312K), 0,0008896 secs]
637,855: [GC (Allocation Failure)  78738K->57922K(140288K), 0,0027883 secs]
637,890: [GC (Allocation Failure)  83522K->52114K(140800K), 0,0007869 secs]
637,913: [GC (Allocation Failure)  77714K->56834K(140288K), 0,0023210 secs]
637,947: [GC (Allocation Failure)  82434K->51026K(140800K), 0,0019608 secs]
637,971: [GC (Allocation Failure)  76626K->55778K(141312K), 0,0061514 secs]
638,010: [GC (Allocation Failure)  82402K->50994K(141312K), 0,0008461 secs]
638,033: [GC (Allocation Failure)  77618K->56842K(141312K), 0,0016072 secs]
638,069: [GC (Allocation Failure)  83466K->52026K(141312K), 0,0056767 secs]
638,100: [GC (Allocation Failure)  78650K->57866K(139776K), 0,0034487 secs]
638,136: [GC (Allocation Failure)  83466K->51970K(140800K), 0,0048812 secs]
638,163: [GC (Allocation Failure)  77570K->56754K(141312K), 0,0024003 secs]
638,198: [GC (Allocation Failure)  83378K->52034K(141312K), 0,0008264 secs]
638,221: [GC (Allocation Failure)  78658K->57810K(140288K), 0,0020390 secs]
638,256: [GC (Allocation Failure)  83410K->51938K(140800K), 0,0019830 secs]
638,280: [GC (Allocation Failure)  77538K->56754K(141312K), 0,0014472 secs]
638,314: [GC (Allocation Failure)  83378K->51938K(141312K), 0,0007918 secs]
638,337: [GC (Allocation Failure)  78562K->57746K(140288K), 0,0028943 secs]
638,373: [GC (Allocation Failure)  83346K->51938K(140800K), 0,0021433 secs]
638,397: [GC (Allocation Failure)  77538K->56690K(141312K), 0,0030138 secs]
638,433: [GC (Allocation Failure)  83314K->51874K(141312K), 0,0031011 secs]
638,458: [GC (Allocation Failure)  78498K->57714K(140288K), 0,0016306 secs]
638,493: [GC (Allocation Failure)  83314K->51874K(140800K), 0,0008815 secs]
638,516: [GC (Allocation Failure)  77474K->56626K(141312K), 0,0016765 secs]
638,551: [GC (Allocation Failure)  83250K->51810K(141312K), 0,0020375 secs]
638,579: [GC (Allocation Failure)  78434K->57658K(141312K), 0,0038311 secs]
638,617: [GC (Allocation Failure)  84282K->52850K(141312K), 0,0018545 secs]
638,644: [GC (Allocation Failure)  79474K->58698K(140288K), 0,0029174 secs]
638,682: [GC (Allocation Failure)  84298K->52778K(140800K), 0,0032121 secs]
638,710: [GC (Allocation Failure)  78378K->57546K(140288K), 0,0036001 secs]
638,748: [GC (Allocation Failure)  83146K->51706K(140800K), 0,0016392 secs]
638,773: [GC (Allocation Failure)  77306K->56426K(141312K), 0,0026389 secs]
638,811: [GC (Allocation Failure)  83050K->51450K(141312K), 0,0057104 secs]
638,840: [GC (Allocation Failure)  78074K->57226K(141312K), 0,0026027 secs]
638,874: [GC (Allocation Failure)  83850K->52442K(141312K), 0,0007926 secs]
638,895: [GC (Allocation Failure)  79066K->58218K(140288K), 0,0023005 secs]
638,930: [GC (Allocation Failure)  83818K->52354K(140800K), 0,0014917 secs]
638,953: [GC (Allocation Failure)  77954K->57138K(141312K), 0,0013403 secs]
638,986: [GC (Allocation Failure)  83762K->52322K(141312K), 0,0032473 secs]
639,015: [GC (Allocation Failure)  78946K->58194K(140288K), 0,0047597 secs]
639,057: [GC (Allocation Failure)  83794K->52322K(140800K), 0,0046531 secs]
639,084: [GC (Allocation Failure)  77922K->57106K(141312K), 0,0047718 secs]
639,122: [GC (Allocation Failure)  83730K->52322K(141312K), 0,0036034 secs]
639,148: [GC (Allocation Failure)  78946K->58098K(140288K), 0,0029197 secs]
639,184: [GC (Allocation Failure)  83698K->52290K(140800K), 0,0009217 secs]
639,207: [GC (Allocation Failure)  77890K->57042K(141312K), 0,0028297 secs]
639,243: [GC (Allocation Failure)  83666K->52226K(141312K), 0,0024605 secs]
639,271: [GC (Allocation Failure)  78850K->58098K(141312K), 0,0048778 secs]
639,314: [GC (Allocation Failure)  84722K->53282K(141312K), 0,0057647 secs]
639,344: [GC (Allocation Failure)  79906K->59098K(140288K), 0,0045272 secs]
639,381: [GC (Allocation Failure)  84698K->53226K(140800K), 0,0048133 secs]
639,409: [GC (Allocation Failure)  78826K->58042K(140288K), 0,0020122 secs]
639,443: [GC (Allocation Failure)  83642K->52202K(140800K), 0,0030273 secs]
639,468: [GC (Allocation Failure)  77802K->56954K(141312K), 0,0050699 secs]
639,506: [GC (Allocation Failure)  83066K->51658K(140800K), 0,0026193 secs]
639,531: [GC (Allocation Failure)  77770K->56922K(141312K), 0,0018947 secs]
639,568: [GC (Allocation Failure)  83546K->52138K(141312K), 0,0079211 secs]
639,600: [GC (Allocation Failure)  78762K->57978K(140800K), 0,0019235 secs]
639,634: [GC (Allocation Failure)  84602K->53162K(141312K), 0,0013170 secs]
639,659: [GC (Allocation Failure)  79786K->58970K(139776K), 0,0023177 secs]
639,694: [GC (Allocation Failure)  84570K->53130K(140800K), 0,0031771 secs]
639,721: [GC (Allocation Failure)  78730K->57882K(141312K), 0,0030795 secs]
639,756: [GC (Allocation Failure)  84506K->53066K(141312K), 0,0029140 secs]
639,782: [GC (Allocation Failure)  79690K->58938K(140288K), 0,0021088 secs]
639,816: [GC (Allocation Failure)  84538K->53106K(140800K), 0,0013103 secs]
639,841: [GC (Allocation Failure)  78706K->57890K(140288K), 0,0049705 secs]
639,878: [GC (Allocation Failure)  83490K->52050K(140800K), 0,0027958 secs]
639,903: [GC (Allocation Failure)  77650K->56834K(141312K), 0,0017624 secs]
639,938: [GC (Allocation Failure)  83458K->51986K(141312K), 0,0011659 secs]
639,963: [GC (Allocation Failure)  78610K->57826K(141312K), 0,0019995 secs]
639,997: [GC (Allocation Failure)  84450K->53018K(141312K), 0,0044230 secs]
640,025: [GC (Allocation Failure)  79642K->58826K(139776K), 0,0046104 secs]
640,062: [GC (Allocation Failure)  84426K->52986K(140800K), 0,0042512 secs]
640,095: [GC (Allocation Failure)  78586K->57834K(141312K), 0,0043079 secs]
640,137: [GC (Allocation Failure)  84458K->52954K(141312K), 0,0043001 secs]
640,170: [GC (Allocation Failure)  79578K->58794K(140288K), 0,0050921 secs]
640,212: [GC (Allocation Failure)  84394K->52954K(140800K), 0,0017804 secs]
640,237: [GC (Allocation Failure)  78554K->57738K(141312K), 0,0019745 secs]
640,272: [GC (Allocation Failure)  84362K->52922K(141312K), 0,0014703 secs]
640,297: [GC (Allocation Failure)  79546K->58730K(140288K), 0,0023825 secs]
640,332: [GC (Allocation Failure)  84330K->52922K(140800K), 0,0012094 secs]
640,355: [GC (Allocation Failure)  78522K->57674K(141312K), 0,0020423 secs]
640,390: [GC (Allocation Failure)  84298K->52858K(141312K), 0,0027312 secs]
640,416: [GC (Allocation Failure)  79482K->58706K(141312K), 0,0020301 secs]
640,450: [GC (Allocation Failure)  85330K->53890K(141312K), 0,0026056 secs]
640,476: [GC (Allocation Failure)  80514K->59666K(140288K), 0,0054952 secs]
640,514: [GC (Allocation Failure)  85266K->53858K(140800K), 0,0032552 secs]
640,540: [GC (Allocation Failure)  79458K->58642K(140288K), 0,0038693 secs]
640,576: [GC (Allocation Failure)  84242K->52802K(140800K), 0,0044765 secs]
640,603: [GC (Allocation Failure)  78402K->57586K(141312K), 0,0028253 secs]
640,639: [GC (Allocation Failure)  84210K->52770K(141312K), 0,0007921 secs]
640,661: [GC (Allocation Failure)  79394K->58578K(141312K), 0,0014982 secs]
640,695: [GC (Allocation Failure)  85202K->53826K(141312K), 0,0009792 secs]
640,718: [GC (Allocation Failure)  80450K->59602K(140288K), 0,0025455 secs]
640,753: [GC (Allocation Failure)  85202K->53762K(140800K), 0,0045844 secs]
640,779: [GC (Allocation Failure)  79362K->58514K(140288K), 0,0025997 secs]
640,814: [GC (Allocation Failure)  84114K->52706K(140800K), 0,0016758 secs]
640,837: [GC (Allocation Failure)  78306K->57458K(141312K), 0,0026226 secs]
640,876: [GC (Allocation Failure)  84082K->52642K(141312K), 0,0062624 secs]
640,906: [GC (Allocation Failure)  79266K->58482K(141312K), 0,0052916 secs]
640,944: [GC (Allocation Failure)  85106K->53698K(141312K), 0,0021536 secs]
640,968: [GC (Allocation Failure)  80322K->59506K(140288K), 0,0042977 secs]
641,005: [GC (Allocation Failure)  85106K->53698K(140800K), 0,0008950 secs]
641,027: [GC (Allocation Failure)  79298K->58450K(141312K), 0,0014519 secs]
641,061: [GC (Allocation Failure)  85074K->53634K(141312K), 0,0018159 secs]
641,085: [GC (Allocation Failure)  80258K->59442K(140288K), 0,0047188 secs]
641,122: [GC (Allocation Failure)  85042K->53634K(140800K), 0,0019139 secs]
641,146: [GC (Allocation Failure)  79234K->58386K(141312K), 0,0024743 secs]
641,181: [GC (Allocation Failure)  85010K->53602K(141312K), 0,0018624 secs]
641,205: [GC (Allocation Failure)  80226K->59410K(140288K), 0,0028756 secs]
641,241: [GC (Allocation Failure)  85010K->53538K(140800K), 0,0027445 secs]
641,270: [GC (Allocation Failure)  79138K->58386K(141312K), 0,0062048 secs]
641,310: [GC (Allocation Failure)  85010K->53570K(141312K), 0,0018191 secs]
641,337: [GC (Allocation Failure)  80194K->59378K(140288K), 0,0027373 secs]
641,374: [GC (Allocation Failure)  84978K->53506K(140800K), 0,0017265 secs]
641,401: [GC (Allocation Failure)  79106K->58258K(141312K), 0,0062252 secs]
641,440: [GC (Allocation Failure)  84882K->53474K(141312K), 0,0009485 secs]
641,463: [GC (Allocation Failure)  80098K->59290K(140288K), 0,0017120 secs]
641,498: [GC (Allocation Failure)  84890K->53482K(140800K), 0,0022031 secs]
641,522: [GC (Allocation Failure)  79082K->58234K(141312K), 0,0016633 secs]
641,556: [GC (Allocation Failure)  84858K->53450K(141312K), 0,0064719 secs]
641,584: [GC (Allocation Failure)  80074K->59226K(141312K), 0,0024101 secs]
641,617: [GC (Allocation Failure)  85850K->54442K(141312K), 0,0015330 secs]
641,639: [GC (Allocation Failure)  81066K->60282K(140288K), 0,0015586 secs]
641,672: [GC (Allocation Failure)  85882K->54442K(140800K), 0,0045399 secs]
641,702: [GC (Allocation Failure)  80042K->59194K(140288K), 0,0051350 secs]
641,742: [GC (Allocation Failure)  84794K->53394K(140800K), 0,0017075 secs]
641,768: [GC (Allocation Failure)  78994K->58114K(141312K), 0,0065042 secs]
641,807: [GC (Allocation Failure)  84738K->53394K(141312K), 0,0011977 secs]
641,832: [GC (Allocation Failure)  80018K->59138K(141312K), 0,0030256 secs]
641,867: [GC (Allocation Failure)  85762K->54354K(141312K), 0,0022714 secs]
641,893: [GC (Allocation Failure)  80978K->60234K(140288K), 0,0022537 secs]
641,927: [GC (Allocation Failure)  85834K->54362K(140800K), 0,0081011 secs]
641,957: [GC (Allocation Failure)  79962K->59114K(140288K), 0,0025528 secs]
641,992: [GC (Allocation Failure)  84714K->53274K(140800K), 0,0017459 secs]
642,018: [GC (Allocation Failure)  78874K->58090K(141312K), 0,0039511 secs]
642,057: [GC (Allocation Failure)  84714K->53242K(141312K), 0,0067326 secs]
642,087: [GC (Allocation Failure)  79866K->59050K(141312K), 0,0029410 secs]
642,123: [GC (Allocation Failure)  85674K->53754K(141312K), 0,0013736 secs]
642,145: [GC (Allocation Failure)  80378K->59538K(141312K), 0,0021804 secs]
642,180: [GC (Allocation Failure)  86162K->54722K(141312K), 0,0009182 secs]
642,203: [GC (Allocation Failure)  81346K->60530K(140288K), 0,0015050 secs]
642,237: [GC (Allocation Failure)  86130K->54690K(140800K), 0,0017887 secs]
642,259: [GC (Allocation Failure)  80290K->59442K(140288K), 0,0022635 secs]
642,294: [GC (Allocation Failure)  85042K->53570K(140800K), 0,0007322 secs]
642,316: [GC (Allocation Failure)  79170K->58354K(141312K), 0,0030873 secs]
642,351: [GC (Allocation Failure)  84978K->53578K(141312K), 0,0016448 secs]
642,374: [GC (Allocation Failure)  80202K->59386K(141312K), 0,0022504 secs]
642,409: [GC (Allocation Failure)  86010K->54610K(141312K), 0,0015864 secs]
642,432: [GC (Allocation Failure)  81234K->60386K(140288K), 0,0025158 secs]
642,467: [GC (Allocation Failure)  85986K->54586K(140800K), 0,0015761 secs]
642,490: [GC (Allocation Failure)  80186K->59338K(141312K), 0,0022617 secs]
642,525: [GC (Allocation Failure)  85962K->54586K(141312K), 0,0008452 secs]
642,548: [GC (Allocation Failure)  81210K->60370K(140288K), 0,0015310 secs]
642,581: [GC (Allocation Failure)  85970K->54594K(140800K), 0,0008110 secs]
642,604: [GC (Allocation Failure)  80194K->59322K(140288K), 0,0013951 secs]
642,638: [GC (Allocation Failure)  84922K->53450K(140800K), 0,0015372 secs]
642,660: [GC (Allocation Failure)  79050K->58266K(141312K), 0,0013291 secs]
642,694: [GC (Allocation Failure)  84890K->53450K(141312K), 0,0007431 secs]
642,717: [GC (Allocation Failure)  80074K->59258K(141312K), 0,0026523 secs]
642,753: [GC (Allocation Failure)  85882K->54442K(141312K), 0,0008794 secs]
642,780: [GC (Allocation Failure)  81066K->60218K(140800K), 0,0050964 secs]
642,820: [GC (Allocation Failure)  86842K->55274K(141312K), 0,0040220 secs]
642,845: [GC (Allocation Failure)  81898K->61082K(140288K), 0,0033528 secs]
642,881: [GC (Allocation Failure)  86682K->55274K(140800K), 0,0007753 secs]
642,903: [GC (Allocation Failure)  80874K->60026K(140288K), 0,0014520 secs]
642,936: [GC (Allocation Failure)  85626K->54154K(140800K), 0,0015505 secs]
642,959: [GC (Allocation Failure)  79754K->58914K(141312K), 0,0012438 secs]
642,991: [GC (Allocation Failure)  85538K->54098K(141312K), 0,0007431 secs]
643,013: [GC (Allocation Failure)  80722K->59938K(141312K), 0,0058771 secs]
643,051: [GC (Allocation Failure)  86562K->55154K(141312K), 0,0014946 secs]
643,074: [GC (Allocation Failure)  81778K->60930K(140288K), 0,0061704 secs]
643,111: [GC (Allocation Failure)  86530K->55154K(140800K), 0,0008117 secs]
643,133: [GC (Allocation Failure)  80754K->59954K(140288K), 0,0013782 secs]
643,167: [GC (Allocation Failure)  85554K->54114K(140800K), 0,0014617 secs]
643,190: [GC (Allocation Failure)  79714K->58866K(141312K), 0,0023946 secs]
643,225: [GC (Allocation Failure)  85490K->54058K(141312K), 0,0007982 secs]
643,248: [GC (Allocation Failure)  80682K->59866K(141312K), 0,0023340 secs]
643,283: [GC (Allocation Failure)  86490K->55082K(141312K), 0,0022105 secs]
643,306: [GC (Allocation Failure)  81706K->60922K(140288K), 0,0016421 secs]
643,340: [GC (Allocation Failure)  86522K->55050K(140800K), 0,0051976 secs]
643,367: [GC (Allocation Failure)  80650K->59802K(141312K), 0,0017201 secs]
643,401: [GC (Allocation Failure)  86426K->54986K(141312K), 0,0029375 secs]
643,426: [GC (Allocation Failure)  81610K->60858K(140288K), 0,0016937 secs]
643,460: [GC (Allocation Failure)  86458K->55018K(140800K), 0,0008283 secs]
643,483: [GC (Allocation Failure)  80618K->59770K(140288K), 0,0017453 secs]
643,518: [GC (Allocation Failure)  85370K->53946K(140800K), 0,0007367 secs]
643,541: [GC (Allocation Failure)  79546K->58762K(141312K), 0,0012790 secs]
643,579: [GC (Allocation Failure)  85386K->53914K(141312K), 0,0028614 secs]
643,610: [GC (Allocation Failure)  80538K->59786K(141312K), 0,0044288 secs]
643,652: [GC (Allocation Failure)  86410K->54938K(141312K), 0,0057659 secs]
643,683: [GC (Allocation Failure)  81562K->60778K(140800K), 0,0029735 secs]
643,718: [GC (Allocation Failure)  87402K->55930K(141312K), 0,0030735 secs]
643,744: [GC (Allocation Failure)  82554K->61738K(139776K), 0,0056177 secs]
643,782: [GC (Allocation Failure)  87338K->55962K(140800K), 0,0013151 secs]
643,806: [GC (Allocation Failure)  81562K->60714K(140288K), 0,0037764 secs]
643,846: [GC (Allocation Failure)  86314K->54906K(140800K), 0,0028974 secs]
643,874: [GC (Allocation Failure)  80506K->59658K(141312K), 0,0025679 secs]
643,912: [GC (Allocation Failure)  85770K->54362K(140800K), 0,0015642 secs]
643,938: [GC (Allocation Failure)  80474K->59626K(141312K), 0,0027387 secs]
643,976: [GC (Allocation Failure)  86250K->54810K(141312K), 0,0059109 secs]
644,005: [GC (Allocation Failure)  81434K->60618K(141312K), 0,0036763 secs]
644,041: [GC (Allocation Failure)  87242K->55834K(141312K), 0,0058665 secs]
644,070: [GC (Allocation Failure)  82458K->61642K(140288K), 0,0022405 secs]
644,105: [GC (Allocation Failure)  87242K->55834K(140800K), 0,0014259 secs]
644,130: [GC (Allocation Failure)  81434K->60586K(140288K), 0,0019421 secs]
644,164: [GC (Allocation Failure)  86186K->54778K(140800K), 0,0011465 secs]
644,187: [GC (Allocation Failure)  80378K->59530K(141312K), 0,0039554 secs]
644,224: [GC (Allocation Failure)  86154K->54714K(141312K), 0,0043837 secs]
644,255: [GC (Allocation Failure)  81338K->60522K(141312K), 0,0047463 secs]
644,298: [GC (Allocation Failure)  87146K->55738K(141312K), 0,0031439 secs]
644,328: [GC (Allocation Failure)  82362K->61546K(140288K), 0,0050065 secs]
644,366: [GC (Allocation Failure)  87146K->55706K(140800K), 0,0012690 secs]
644,391: [GC (Allocation Failure)  81306K->60498K(140288K), 0,0020446 secs]
644,425: [GC (Allocation Failure)  86098K->54666K(140800K), 0,0026530 secs]
644,450: [GC (Allocation Failure)  80266K->59490K(141312K), 0,0017845 secs]
644,485: [GC (Allocation Failure)  86114K->54650K(141312K), 0,0011745 secs]
644,508: [GC (Allocation Failure)  81274K->60498K(141312K), 0,0025026 secs]
644,544: [GC (Allocation Failure)  87122K->55682K(141312K), 0,0014098 secs]
644,570: [GC (Allocation Failure)  82306K->61490K(139776K), 0,0050771 secs]
644,613: [GC (Allocation Failure)  87090K->55682K(140800K), 0,0061813 secs]
644,645: [GC (Allocation Failure)  81282K->60402K(141312K), 0,0024195 secs]
644,680: [GC (Allocation Failure)  87026K->55618K(141312K), 0,0059360 secs]
644,708: [GC (Allocation Failure)  82242K->61426K(140288K), 0,0029527 secs]
644,744: [GC (Allocation Failure)  87026K->55594K(140800K), 0,0044674 secs]
644,770: [GC (Allocation Failure)  81194K->60346K(141312K), 0,0035554 secs]
644,805: [GC (Allocation Failure)  86970K->55562K(141312K), 0,0021572 secs]
644,829: [GC (Allocation Failure)  82186K->61370K(140288K), 0,0025149 secs]
644,864: [GC (Allocation Failure)  86970K->55594K(140800K), 0,0018919 secs]
644,892: [GC (Allocation Failure)  81194K->60314K(141312K), 0,0073446 secs]
644,932: [GC (Allocation Failure)  86938K->55530K(141312K), 0,0012817 secs]
644,955: [GC (Allocation Failure)  82154K->61338K(140288K), 0,0063434 secs]
644,994: [GC (Allocation Failure)  86938K->55498K(140800K), 0,0018321 secs]
645,017: [GC (Allocation Failure)  81098K->60314K(141312K), 0,0040419 secs]
645,054: [GC (Allocation Failure)  86938K->55466K(141312K), 0,0072735 secs]
645,087: [GC (Allocation Failure)  82090K->61306K(140288K), 0,0059547 secs]
645,125: [GC (Allocation Failure)  86906K->55506K(140800K), 0,0007905 secs]
645,148: [GC (Allocation Failure)  81106K->60258K(141312K), 0,0015282 secs]
645,182: [GC (Allocation Failure)  86882K->55442K(141312K), 0,0032293 secs]
645,207: [GC (Allocation Failure)  82066K->61290K(141312K), 0,0016206 secs]
645,241: [GC (Allocation Failure)  87914K->56482K(141312K), 0,0019957 secs]
645,265: [GC (Allocation Failure)  83106K->62290K(140288K), 0,0026490 secs]
645,300: [GC (Allocation Failure)  87890K->56450K(140800K), 0,0019324 secs]
645,324: [GC (Allocation Failure)  82050K->61250K(140288K), 0,0015427 secs]
645,358: [GC (Allocation Failure)  86850K->55410K(140800K), 0,0007997 secs]
645,381: [GC (Allocation Failure)  81010K->60162K(141312K), 0,0026333 secs]
645,416: [GC (Allocation Failure)  86786K->55386K(141312K), 0,0028252 secs]
645,445: [GC (Allocation Failure)  82010K->61226K(141312K), 0,0045104 secs]
645,487: [GC (Allocation Failure)  87850K->56410K(141312K), 0,0033385 secs]
645,523: [GC (Allocation Failure)  83034K->62186K(140288K), 0,0062375 secs]
645,561: [GC (Allocation Failure)  87786K->56346K(140800K), 0,0024406 secs]
645,584: [GC (Allocation Failure)  81946K->61162K(140288K), 0,0014415 secs]
645,616: [GC (Allocation Failure)  86762K->55306K(140800K), 0,0006374 secs]
645,638: [GC (Allocation Failure)  80906K->60122K(141312K), 0,0020168 secs]
645,671: [GC (Allocation Failure)  86746K->55274K(141312K), 0,0013651 secs]
645,693: [GC (Allocation Failure)  81898K->61114K(141312K), 0,0013113 secs]
645,731: [GC (Allocation Failure)  87738K->56330K(141312K), 0,0029737 secs]
645,760: [GC (Allocation Failure)  82954K->62138K(139776K), 0,0025583 secs]
645,795: [GC (Allocation Failure)  87738K->56298K(140800K), 0,0013059 secs]
645,819: [GC (Allocation Failure)  81898K->61050K(141312K), 0,0041038 secs]
645,856: [GC (Allocation Failure)  87674K->56234K(141312K), 0,0012361 secs]
645,881: [GC (Allocation Failure)  82858K->62074K(140288K), 0,0022445 secs]
645,916: [GC (Allocation Failure)  87674K->56234K(140800K), 0,0012153 secs]
645,940: [GC (Allocation Failure)  81834K->61018K(141312K), 0,0019212 secs]
645,974: [GC (Allocation Failure)  87642K->56202K(141312K), 0,0012409 secs]
645,999: [GC (Allocation Failure)  82826K->62010K(140288K), 0,0026810 secs]
646,034: [GC (Allocation Failure)  87610K->56210K(140800K), 0,0059753 secs]
646,062: [GC (Allocation Failure)  81810K->60962K(141312K), 0,0031487 secs]
646,102: [GC (Allocation Failure)  87586K->56146K(141312K), 0,0059691 secs]
646,131: [GC (Allocation Failure)  82770K->61994K(140288K), 0,0031484 secs]
646,166: [GC (Allocation Failure)  87594K->56154K(140800K), 0,0045339 secs]
646,192: [GC (Allocation Failure)  81754K->60938K(141312K), 0,0050949 secs]
646,230: [GC (Allocation Failure)  87562K->56090K(141312K), 0,0021416 secs]
646,254: [GC (Allocation Failure)  82714K->61962K(141312K), 0,0018765 secs]
646,289: [GC (Allocation Failure)  88586K->57146K(141312K), 0,0018900 secs]
646,313: [GC (Allocation Failure)  83770K->62930K(140288K), 0,0019716 secs]
646,348: [GC (Allocation Failure)  88530K->57122K(140800K), 0,0020736 secs]
646,372: [GC (Allocation Failure)  82722K->61938K(140288K), 0,0019063 secs]
646,407: [GC (Allocation Failure)  87538K->56066K(140800K), 0,0009836 secs]
646,430: [GC (Allocation Failure)  81666K->60818K(141312K), 0,0026798 secs]
646,466: [GC (Allocation Failure)  87442K->56042K(141312K), 0,0009739 secs]
646,490: [GC (Allocation Failure)  82666K->61850K(141312K), 0,0018562 secs]
646,524: [GC (Allocation Failure)  88474K->57074K(141312K), 0,0054086 secs]
646,554: [GC (Allocation Failure)  83698K->62858K(140288K), 0,0050017 secs]
646,597: [GC (Allocation Failure)  88458K->57050K(140800K), 0,0031504 secs]
646,625: [GC (Allocation Failure)  82650K->61834K(140288K), 0,0050136 secs]
646,663: [GC (Allocation Failure)  87434K->55994K(140800K), 0,0016617 secs]
646,690: [GC (Allocation Failure)  81594K->60786K(141312K), 0,0024269 secs]
646,727: [GC (Allocation Failure)  87410K->55970K(141312K), 0,0015381 secs]
646,753: [GC (Allocation Failure)  82594K->61778K(141312K), 0,0048866 secs]
646,791: [GC (Allocation Failure)  88402K->56802K(141312K), 0,0022497 secs]
646,816: [GC (Allocation Failure)  83426K->62610K(140288K), 0,0040897 secs]
646,852: [GC (Allocation Failure)  88210K->56738K(140800K), 0,0009376 secs]
646,875: [GC (Allocation Failure)  82338K->61530K(141312K), 0,0015036 secs]
646,909: [GC (Allocation Failure)  88154K->56746K(141312K), 0,0008784 secs]
646,932: [GC (Allocation Failure)  83370K->62594K(140288K), 0,0016014 secs]
646,966: [GC (Allocation Failure)  88194K->56722K(140800K), 0,0008245 secs]
646,989: [GC (Allocation Failure)  82322K->61546K(141312K), 0,0015052 secs]
647,023: [GC (Allocation Failure)  88170K->56738K(141312K), 0,0009748 secs]
647,046: [GC (Allocation Failure)  83362K->62546K(140288K), 0,0016113 secs]
647,080: [GC (Allocation Failure)  88146K->56706K(140800K), 0,0009879 secs]
647,103: [GC (Allocation Failure)  82306K->61466K(141312K), 0,0018330 secs]
647,138: [GC (Allocation Failure)  88090K->56682K(141312K), 0,0010195 secs]
647,161: [GC (Allocation Failure)  83306K->62498K(141312K), 0,0047401 secs]
647,199: [GC (Allocation Failure)  89122K->57682K(141312K), 0,0026487 secs]
647,225: [GC (Allocation Failure)  84306K->63490K(140288K), 0,0023356 secs]
647,259: [GC (Allocation Failure)  89090K->57690K(140800K), 0,0051064 secs]
647,286: [GC (Allocation Failure)  83290K->62442K(140288K), 0,0034447 secs]
647,323: [GC (Allocation Failure)  88042K->56602K(140800K), 0,0024630 secs]
647,348: [GC (Allocation Failure)  82202K->61386K(141312K), 0,0050879 secs]
647,386: [GC (Allocation Failure)  88010K->56578K(141312K), 0,0018648 secs]
647,410: [GC (Allocation Failure)  83202K->62450K(141312K), 0,0016531 secs]
647,444: [GC (Allocation Failure)  89074K->57634K(141312K), 0,0072958 secs]
647,473: [GC (Allocation Failure)  84258K->63442K(140288K), 0,0025911 secs]
647,508: [GC (Allocation Failure)  89042K->57642K(140800K), 0,0009026 secs]
647,530: [GC (Allocation Failure)  83242K->62362K(140288K), 0,0023200 secs]
647,566: [GC (Allocation Failure)  87962K->56554K(140800K), 0,0029347 secs]
647,597: [GC (Allocation Failure)  82154K->61306K(141312K), 0,0058625 secs]
647,639: [GC (Allocation Failure)  87930K->56522K(141312K), 0,0041339 secs]
647,666: [GC (Allocation Failure)  83146K->62330K(141312K), 0,0019956 secs]
647,701: [GC (Allocation Failure)  88954K->57514K(141312K), 0,0028617 secs]
647,727: [GC (Allocation Failure)  84138K->63322K(139776K), 0,0038258 secs]
647,763: [GC (Allocation Failure)  88922K->57514K(140800K), 0,0031803 secs]
647,789: [GC (Allocation Failure)  83114K->62298K(141312K), 0,0019898 secs]
647,823: [GC (Allocation Failure)  88922K->57482K(141312K), 0,0029741 secs]
647,852: [GC (Allocation Failure)  84106K->63290K(140288K), 0,0058759 secs]
647,891: [GC (Allocation Failure)  88890K->57450K(140800K), 0,0029559 secs]
647,920: [GC (Allocation Failure)  83050K->62242K(141312K), 0,0035083 secs]
647,957: [GC (Allocation Failure)  88866K->57434K(141312K), 0,0046857 secs]
647,985: [GC (Allocation Failure)  84058K->63274K(140288K), 0,0036934 secs]
648,021: [GC (Allocation Failure)  88874K->57434K(140800K), 0,0031861 secs]
648,046: [GC (Allocation Failure)  83034K->62186K(141312K), 0,0043737 secs]
648,084: [GC (Allocation Failure)  88810K->57402K(141312K), 0,0012887 secs]
648,109: [GC (Allocation Failure)  84026K->63210K(140288K), 0,0022445 secs]
648,144: [GC (Allocation Failure)  88810K->57370K(140800K), 0,0012933 secs]
648,168: [GC (Allocation Failure)  82970K->62130K(141312K), 0,0037234 secs]
648,205: [GC (Allocation Failure)  88754K->57346K(141312K), 0,0015675 secs]
648,230: [GC (Allocation Failure)  83970K->63162K(140288K), 0,0037336 secs]
648,266: [GC (Allocation Failure)  88762K->57370K(140800K), 0,0011995 secs]
648,289: [GC (Allocation Failure)  82970K->62154K(141312K), 0,0018519 secs]
648,324: [GC (Allocation Failure)  88778K->57338K(141312K), 0,0027804 secs]
648,350: [GC (Allocation Failure)  83962K->63146K(141312K), 0,0019821 secs]
648,384: [GC (Allocation Failure)  89770K->58362K(141312K), 0,0013253 secs]
648,409: [GC (Allocation Failure)  84986K->64170K(140288K), 0,0040349 secs]
648,450: [GC (Allocation Failure)  89770K->58330K(140800K), 0,0031197 secs]
648,480: [GC (Allocation Failure)  83930K->63082K(140288K), 0,0051922 secs]
648,520: [GC (Allocation Failure)  88682K->57242K(140800K), 0,0040877 secs]
648,549: [GC (Allocation Failure)  82842K->62026K(141312K), 0,0024602 secs]
648,588: [GC (Allocation Failure)  88650K->57242K(141312K), 0,0028885 secs]
648,619: [GC (Allocation Failure)  83866K->63050K(141312K), 0,0038684 secs]
648,658: [GC (Allocation Failure)  89674K->58234K(141312K), 0,0018381 secs]
648,685: [GC (Allocation Failure)  84858K->64074K(140288K), 0,0028285 secs]
648,722: [GC (Allocation Failure)  89674K->58234K(140800K), 0,0042770 secs]
648,751: [GC (Allocation Failure)  83834K->62986K(140288K), 0,0026213 secs]
648,788: [GC (Allocation Failure)  88586K->57146K(140800K), 0,0015982 secs]
648,813: [GC (Allocation Failure)  82746K->61898K(141312K), 0,0048644 secs]
648,851: [GC (Allocation Failure)  88522K->57114K(141312K), 0,0016462 secs]
648,878: [GC (Allocation Failure)  83738K->62954K(141312K), 0,0026491 secs]
648,915: [GC (Allocation Failure)  89578K->58138K(141312K), 0,0017353 secs]
648,942: [GC (Allocation Failure)  84762K->63978K(139776K), 0,0029552 secs]
648,978: [GC (Allocation Failure)  89578K->58138K(140800K), 0,0018299 secs]
649,004: [GC (Allocation Failure)  83738K->62930K(141312K), 0,0030170 secs]
649,041: [GC (Allocation Failure)  89554K->58114K(141312K), 0,0018246 secs]
649,070: [GC (Allocation Failure)  84738K->63954K(140288K), 0,0035742 secs]
649,108: [GC (Allocation Failure)  89554K->58058K(140800K), 0,0016933 secs]
649,134: [GC (Allocation Failure)  83658K->62874K(141312K), 0,0025961 secs]
649,170: [GC (Allocation Failure)  89498K->58026K(141312K), 0,0017386 secs]
649,197: [GC (Allocation Failure)  84650K->63866K(140288K), 0,0050853 secs]
649,235: [GC (Allocation Failure)  89466K->57994K(140800K), 0,0024873 secs]
649,260: [GC (Allocation Failure)  83594K->62810K(141312K), 0,0018808 secs]
649,299: [GC (Allocation Failure)  89434K->57994K(141312K), 0,0046592 secs]
649,332: [GC (Allocation Failure)  84618K->63834K(140288K), 0,0046899 secs]
649,371: [GC (Allocation Failure)  89434K->58026K(140800K), 0,0016984 secs]
649,398: [GC (Allocation Failure)  83626K->62778K(141312K), 0,0041600 secs]
649,437: [GC (Allocation Failure)  89402K->57978K(141312K), 0,0016235 secs]
649,464: [GC (Allocation Failure)  84602K->63786K(141312K), 0,0027627 secs]
649,501: [GC (Allocation Failure)  90410K->58970K(141312K), 0,0066745 secs]
649,532: [GC (Allocation Failure)  85594K->64778K(140288K), 0,0020983 secs]
649,569: [GC (Allocation Failure)  90378K->58938K(140800K), 0,0015600 secs]
649,592: [GC (Allocation Failure)  84538K->63722K(140288K), 0,0032165 secs]
649,627: [GC (Allocation Failure)  89322K->57882K(140800K), 0,0016930 secs]
649,650: [GC (Allocation Failure)  83482K->62666K(141312K), 0,0022556 secs]
649,684: [GC (Allocation Failure)  88778K->57370K(140800K), 0,0013895 secs]
649,706: [GC (Allocation Failure)  83482K->62634K(141312K), 0,0027731 secs]
649,740: [GC (Allocation Failure)  89258K->57858K(141312K), 0,0006839 secs]
649,761: [GC (Allocation Failure)  84482K->63698K(140800K), 0,0014286 secs]
649,794: [GC (Allocation Failure)  90322K->58882K(141312K), 0,0012445 secs]
649,817: [GC (Allocation Failure)  85506K->64690K(139776K), 0,0015200 secs]
649,851: [GC (Allocation Failure)  90290K->58850K(140800K), 0,0008140 secs]
649,874: [GC (Allocation Failure)  84450K->63602K(141312K), 0,0021842 secs]
649,907: [GC (Allocation Failure)  90226K->58818K(141312K), 0,0015556 secs]
649,930: [GC (Allocation Failure)  85442K->64594K(140288K), 0,0023256 secs]
649,965: [GC (Allocation Failure)  90194K->58818K(140800K), 0,0008495 secs]
649,987: [GC (Allocation Failure)  84418K->63578K(140288K), 0,0013433 secs]
650,021: [GC (Allocation Failure)  89178K->57706K(140800K), 0,0030866 secs]
650,045: [GC (Allocation Failure)  83306K->62490K(141312K), 0,0029053 secs]
650,084: [GC (Allocation Failure)  89114K->57706K(141312K), 0,0075949 secs]
650,117: [GC (Allocation Failure)  84330K->63546K(141312K), 0,0037213 secs]
650,153: [GC (Allocation Failure)  90170K->58698K(141312K), 0,0022743 secs]
650,177: [GC (Allocation Failure)  85322K->64538K(139776K), 0,0018348 secs]
650,216: [GC (Allocation Failure)  90138K->58698K(140800K), 0,0030633 secs]
650,247: [GC (Allocation Failure)  84298K->63514K(141312K), 0,0030433 secs]
650,283: [GC (Allocation Failure)  90138K->58698K(141312K), 0,0026183 secs]
650,309: [GC (Allocation Failure)  85322K->64474K(140288K), 0,0027958 secs]
650,344: [GC (Allocation Failure)  90074K->58634K(140800K), 0,0022811 secs]
650,368: [GC (Allocation Failure)  84234K->63418K(141312K), 0,0018274 secs]
650,403: [GC (Allocation Failure)  90042K->58666K(141312K), 0,0009789 secs]
650,426: [GC (Allocation Failure)  85290K->64482K(140288K), 0,0020456 secs]
650,462: [GC (Allocation Failure)  90082K->58610K(140800K), 0,0034715 secs]
650,487: [GC (Allocation Failure)  84210K->63394K(141312K), 0,0015946 secs]
650,521: [GC (Allocation Failure)  90018K->58578K(141312K), 0,0022252 secs]
650,545: [GC (Allocation Failure)  85202K->64418K(141312K), 0,0032831 secs]
650,586: [GC (Allocation Failure)  91042K->59602K(141312K), 0,0035230 secs]
650,613: [GC (Allocation Failure)  86226K->65410K(140288K), 0,0055761 secs]
650,651: [GC (Allocation Failure)  91010K->59570K(140800K), 0,0022995 secs]
650,675: [GC (Allocation Failure)  85170K->64354K(140288K), 0,0018288 secs]
650,710: [GC (Allocation Failure)  89954K->58546K(140800K), 0,0009892 secs]
650,733: [GC (Allocation Failure)  84146K->63298K(141312K), 0,0051585 secs]
650,771: [GC (Allocation Failure)  89922K->58482K(141312K), 0,0017772 secs]
650,797: [GC (Allocation Failure)  85106K->64130K(141312K), 0,0044517 secs]
650,838: [GC (Allocation Failure)  90754K->59322K(141312K), 0,0026504 secs]
650,863: [GC (Allocation Failure)  85946K->65138K(140288K), 0,0026686 secs]
650,897: [GC (Allocation Failure)  90738K->59266K(140800K), 0,0007782 secs]
650,920: [GC (Allocation Failure)  84866K->64058K(140288K), 0,0014405 secs]
650,954: [GC (Allocation Failure)  89658K->58154K(140800K), 0,0007674 secs]
650,977: [GC (Allocation Failure)  83754K->62938K(141312K), 0,0014271 secs]
651,011: [GC (Allocation Failure)  89562K->58122K(141312K), 0,0017774 secs]
651,035: [GC (Allocation Failure)  84746K->63930K(141312K), 0,0015652 secs]
651,070: [GC (Allocation Failure)  90554K->59146K(141312K), 0,0078264 secs]
651,104: [GC (Allocation Failure)  85770K->64962K(140800K), 0,0028994 secs]
651,142: [GC (Allocation Failure)  91586K->60178K(141312K), 0,0019276 secs]
651,169: [GC (Allocation Failure)  86802K->65986K(139776K), 0,0038109 secs]
651,206: [GC (Allocation Failure)  91586K->60178K(140800K), 0,0029609 secs]
651,232: [GC (Allocation Failure)  85778K->64930K(140288K), 0,0044117 secs]
651,269: [GC (Allocation Failure)  90530K->59122K(140800K), 0,0027831 secs]
651,298: [GC (Allocation Failure)  84722K->63842K(141312K), 0,0053186 secs]
651,337: [GC (Allocation Failure)  89954K->58546K(140800K), 0,0041613 secs]
651,364: [GC (Allocation Failure)  84658K->63842K(141312K), 0,0026635 secs]
651,400: [GC (Allocation Failure)  90466K->59066K(141312K), 0,0013025 secs]
651,425: [GC (Allocation Failure)  85690K->64874K(141312K), 0,0020408 secs]
651,459: [GC (Allocation Failure)  91498K->60090K(141312K), 0,0028625 secs]
651,485: [GC (Allocation Failure)  86714K->65866K(140288K), 0,0021648 secs]
651,519: [GC (Allocation Failure)  91466K->60058K(140800K), 0,0030383 secs]
651,545: [GC (Allocation Failure)  85658K->64842K(140288K), 0,0023213 secs]
651,580: [GC (Allocation Failure)  90442K->58970K(140800K), 0,0027944 secs]
651,605: [GC (Allocation Failure)  84570K->63754K(141312K), 0,0040090 secs]
651,644: [GC (Allocation Failure)  89866K->58458K(140800K), 0,0041127 secs]
651,670: [GC (Allocation Failure)  84570K->63730K(141312K), 0,0051287 secs]
651,708: [GC (Allocation Failure)  90354K->58914K(141312K), 0,0029332 secs]
651,734: [GC (Allocation Failure)  85538K->64754K(141312K), 0,0020123 secs]
651,768: [GC (Allocation Failure)  91378K->59970K(141312K), 0,0013660 secs]
651,793: [GC (Allocation Failure)  86594K->65778K(139776K), 0,0026812 secs]
651,828: [GC (Allocation Failure)  91378K->59938K(140800K), 0,0029046 secs]
651,854: [GC (Allocation Failure)  85538K->64698K(141312K), 0,0020221 secs]
651,888: [GC (Allocation Failure)  91322K->59914K(141312K), 0,0075635 secs]
651,919: [GC (Allocation Failure)  86538K->65722K(140288K), 0,0022259 secs]
651,953: [GC (Allocation Failure)  91322K->59882K(140800K), 0,0040063 secs]
651,979: [GC (Allocation Failure)  85482K->64642K(140288K), 0,0038770 secs]
652,016: [GC (Allocation Failure)  90242K->58802K(140800K), 0,0011754 secs]
652,040: [GC (Allocation Failure)  84402K->63658K(141312K), 0,0017631 secs]
652,079: [GC (Allocation Failure)  90282K->58810K(141312K), 0,0027354 secs]
652,109: [GC (Allocation Failure)  85434K->64626K(141312K), 0,0026353 secs]
652,144: [GC (Allocation Failure)  91250K->59874K(141312K), 0,0013745 secs]
652,169: [GC (Allocation Failure)  86498K->65658K(139776K), 0,0020294 secs]
652,203: [GC (Allocation Failure)  91258K->59818K(140800K), 0,0028059 secs]
652,232: [GC (Allocation Failure)  85418K->64602K(141312K), 0,0050550 secs]
652,270: [GC (Allocation Failure)  91226K->59786K(141312K), 0,0013386 secs]
652,295: [GC (Allocation Failure)  86410K->65594K(140288K), 0,0039786 secs]
652,331: [GC (Allocation Failure)  91194K->59786K(140800K), 0,0012106 secs]
652,355: [GC (Allocation Failure)  85386K->64570K(141312K), 0,0066648 secs]
652,399: [GC (Allocation Failure)  91194K->59786K(141312K), 0,0029373 secs]
652,426: [GC (Allocation Failure)  86410K->65562K(140288K), 0,0037884 secs]
652,464: [GC (Allocation Failure)  91162K->59722K(140800K), 0,0040114 secs]
652,490: [GC (Allocation Failure)  85322K->64506K(141312K), 0,0036585 secs]
652,527: [GC (Allocation Failure)  91130K->59690K(141312K), 0,0012942 secs]
652,552: [GC (Allocation Failure)  86314K->65498K(141312K), 0,0021071 secs]
652,586: [GC (Allocation Failure)  92122K->60714K(141312K), 0,0062174 secs]
652,618: [GC (Allocation Failure)  87338K->66490K(140288K), 0,0047884 secs]
652,658: [GC (Allocation Failure)  92090K->60690K(140800K), 0,0034117 secs]
652,685: [GC (Allocation Failure)  86290K->65474K(140288K), 0,0021140 secs]
652,719: [GC (Allocation Failure)  91074K->59602K(140800K), 0,0022015 secs]
652,744: [GC (Allocation Failure)  85202K->64386K(141312K), 0,0038478 secs]
652,781: [GC (Allocation Failure)  91010K->59602K(141312K), 0,0013017 secs]
652,806: [GC (Allocation Failure)  86226K->65386K(141312K), 0,0025605 secs]
652,841: [GC (Allocation Failure)  92010K->60642K(141312K), 0,0030811 secs]
652,867: [GC (Allocation Failure)  87266K->66426K(140288K), 0,0022002 secs]
652,901: [GC (Allocation Failure)  92026K->60618K(140800K), 0,0013451 secs]
652,926: [GC (Allocation Failure)  86218K->65370K(140288K), 0,0035253 secs]
652,962: [GC (Allocation Failure)  90970K->59562K(140800K), 0,0012325 secs]
652,989: [GC (Allocation Failure)  85162K->64346K(141312K), 0,0043057 secs]
653,030: [GC (Allocation Failure)  90970K->59498K(141312K), 0,0031986 secs]
653,059: [GC (Allocation Failure)  86122K->65338K(141312K), 0,0041575 secs]
653,098: [GC (Allocation Failure)  91962K->60522K(141312K), 0,0032793 secs]
653,126: [GC (Allocation Failure)  87146K->66330K(140288K), 0,0027913 secs]
653,164: [GC (Allocation Failure)  91930K->60490K(140800K), 0,0039498 secs]
653,192: [GC (Allocation Failure)  86090K->65306K(141312K), 0,0026293 secs]
653,229: [GC (Allocation Failure)  91930K->60458K(141312K), 0,0023116 secs]
653,257: [GC (Allocation Failure)  87082K->66338K(140288K), 0,0030096 secs]
653,295: [GC (Allocation Failure)  91938K->60466K(140800K), 0,0017595 secs]
653,321: [GC (Allocation Failure)  86066K->65282K(141312K), 0,0027491 secs]
653,357: [GC (Allocation Failure)  91906K->60482K(141312K), 0,0017950 secs]
653,384: [GC (Allocation Failure)  87106K->66290K(140288K), 0,0028442 secs]
653,422: [GC (Allocation Failure)  91890K->60418K(140800K), 0,0044377 secs]
653,453: [GC (Allocation Failure)  86018K->65234K(141312K), 0,0025505 secs]
653,488: [GC (Allocation Failure)  91858K->60450K(141312K), 0,0015250 secs]
653,513: [GC (Allocation Failure)  87074K->66226K(140288K), 0,0020875 secs]
653,547: [GC (Allocation Failure)  91826K->60386K(140800K), 0,0023737 secs]
653,572: [GC (Allocation Failure)  85986K->65170K(141312K), 0,0021677 secs]
653,609: [GC (Allocation Failure)  91794K->60354K(141312K), 0,0033279 secs]
653,636: [GC (Allocation Failure)  86978K->66194K(140288K), 0,0021553 secs]
653,674: [GC (Allocation Failure)  91794K->60354K(140800K), 0,0029771 secs]
653,702: [GC (Allocation Failure)  85954K->65106K(141312K), 0,0052704 secs]
653,740: [GC (Allocation Failure)  91730K->60290K(141312K), 0,0077337 secs]
653,770: [GC (Allocation Failure)  86914K->66130K(141312K), 0,0017457 secs]
653,805: [GC (Allocation Failure)  92754K->61346K(141312K), 0,0011527 secs]
653,828: [GC (Allocation Failure)  87970K->67122K(140288K), 0,0033685 secs]
653,864: [GC (Allocation Failure)  92722K->61314K(140800K), 0,0010530 secs]
653,887: [GC (Allocation Failure)  86914K->66066K(140288K), 0,0017686 secs]
653,922: [GC (Allocation Failure)  91666K->60290K(140800K), 0,0009626 secs]
653,945: [GC (Allocation Failure)  85890K->65018K(141312K), 0,0015454 secs]
653,980: [GC (Allocation Failure)  91642K->60234K(141312K), 0,0009323 secs]
654,003: [GC (Allocation Failure)  86858K->66042K(141312K), 0,0018314 secs]
654,043: [GC (Allocation Failure)  92666K->61194K(141312K), 0,0063778 secs]
654,073: [GC (Allocation Failure)  87818K->67034K(140288K), 0,0041637 secs]
654,110: [GC (Allocation Failure)  92634K->61226K(140800K), 0,0032185 secs]
654,137: [GC (Allocation Failure)  86826K->65978K(140288K), 0,0020406 secs]
654,171: [GC (Allocation Failure)  91578K->60138K(140800K), 0,0011268 secs]
654,195: [GC (Allocation Failure)  85738K->64954K(141312K), 0,0020057 secs]
654,230: [GC (Allocation Failure)  91578K->60138K(141312K), 0,0054412 secs]
654,259: [GC (Allocation Failure)  86762K->65954K(141312K), 0,0020080 secs]
654,293: [GC (Allocation Failure)  92578K->61170K(141312K), 0,0014084 secs]
654,318: [GC (Allocation Failure)  87794K->66978K(139776K), 0,0023840 secs]
654,353: [GC (Allocation Failure)  92578K->61106K(140800K), 0,0012607 secs]
654,381: [GC (Allocation Failure)  86706K->65890K(141312K), 0,0045673 secs]
654,423: [GC (Allocation Failure)  92514K->61074K(141312K), 0,0038002 secs]
654,452: [GC (Allocation Failure)  87698K->66914K(140288K), 0,0041515 secs]
654,489: [GC (Allocation Failure)  92514K->61106K(140800K), 0,0010612 secs]
654,512: [GC (Allocation Failure)  86706K->65826K(141312K), 0,0027654 secs]
654,548: [GC (Allocation Failure)  92450K->61058K(141312K), 0,0010202 secs]
654,571: [GC (Allocation Failure)  87682K->66866K(140288K), 0,0019013 secs]
654,610: [GC (Allocation Failure)  92466K->61026K(140800K), 0,0074938 secs]
654,644: [GC (Allocation Failure)  86626K->65818K(141312K), 0,0054377 secs]
654,682: [GC (Allocation Failure)  92442K->61034K(141312K), 0,0079019 secs]
654,712: [GC (Allocation Failure)  87658K->66842K(140288K), 0,0023900 secs]
654,746: [GC (Allocation Failure)  92442K->61002K(140800K), 0,0007855 secs]
654,769: [GC (Allocation Failure)  86602K->65754K(141312K), 0,0035241 secs]
654,805: [GC (Allocation Failure)  92378K->60746K(141312K), 0,0048284 secs]
654,831: [GC (Allocation Failure)  87370K->66618K(141312K), 0,0021580 secs]
654,866: [GC (Allocation Failure)  93242K->61802K(141312K), 0,0007797 secs]
654,887: [GC (Allocation Failure)  88426K->67578K(140288K), 0,0023421 secs]
654,921: [GC (Allocation Failure)  93178K->61746K(140800K), 0,0008474 secs]
654,943: [GC (Allocation Failure)  87346K->66498K(140288K), 0,0014773 secs]
654,977: [GC (Allocation Failure)  92098K->60626K(140800K), 0,0058230 secs]
655,004: [GC (Allocation Failure)  86226K->65386K(141312K), 0,0018992 secs]
655,042: [GC (Allocation Failure)  92010K->60538K(141312K), 0,0044901 secs]
655,073: [GC (Allocation Failure)  87162K->66410K(141312K), 0,0218152 secs]
655,127: [GC (Allocation Failure)  93034K->61594K(141312K), 0,0008139 secs]
655,148: [GC (Allocation Failure)  88218K->67434K(140288K), 0,0014897 secs]
655,182: [GC (Allocation Failure)  93034K->61594K(140800K), 0,0015397 secs]
655,204: [GC (Allocation Failure)  87194K->66378K(141312K), 0,0013840 secs]
655,238: [GC (Allocation Failure)  93002K->61594K(141312K), 0,0008272 secs]
655,263: [GC (Allocation Failure)  88218K->67370K(140288K), 0,0051373 secs]
655,301: [GC (Allocation Failure)  92970K->61498K(140800K), 0,0029688 secs]
655,326: [GC (Allocation Failure)  87098K->66282K(141312K), 0,0021360 secs]
655,359: [GC (Allocation Failure)  92906K->61498K(141312K), 0,0015398 secs]
655,382: [GC (Allocation Failure)  88122K->67370K(140288K), 0,0014699 secs]
655,418: [GC (Allocation Failure)  92970K->61530K(140800K), 0,0013699 secs]
655,442: [GC (Allocation Failure)  87130K->66282K(141312K), 0,0036981 secs]
655,479: [GC (Allocation Failure)  92906K->61466K(141312K), 0,0018006 secs]
655,504: [GC (Allocation Failure)  88090K->67274K(140288K), 0,0022085 secs]
655,538: [GC (Allocation Failure)  92874K->61466K(140800K), 0,0011907 secs]
655,563: [GC (Allocation Failure)  87066K->66186K(141312K), 0,0045799 secs]
655,605: [GC (Allocation Failure)  92810K->61402K(141312K), 0,0030451 secs]
655,637: [GC (Allocation Failure)  88026K->67242K(140288K), 0,0053071 secs]
655,680: [GC (Allocation Failure)  92842K->61402K(140800K), 0,0059011 secs]
655,711: [GC (Allocation Failure)  87002K->66186K(141312K), 0,0025994 secs]
655,749: [GC (Allocation Failure)  92810K->61378K(141312K), 0,0016227 secs]
655,776: [GC (Allocation Failure)  88002K->67154K(141312K), 0,0054328 secs]
655,815: [GC (Allocation Failure)  93778K->62402K(141312K), 0,0045886 secs]
655,845: [GC (Allocation Failure)  89026K->68210K(140288K), 0,0026963 secs]
655,881: [GC (Allocation Failure)  93810K->62370K(140800K), 0,0023641 secs]
655,905: [GC (Allocation Failure)  87970K->67154K(140288K), 0,0030205 secs]
655,947: [GC (Allocation Failure)  92754K->61282K(140800K), 0,0121832 secs]
655,981: [GC (Allocation Failure)  86882K->66066K(141312K), 0,0022724 secs]
656,016: [GC (Allocation Failure)  92690K->61250K(141312K), 0,0007605 secs]
656,037: [GC (Allocation Failure)  87874K->67090K(141312K), 0,0021430 secs]
656,071: [GC (Allocation Failure)  93714K->62306K(141312K), 0,0008820 secs]
656,098: [GC (Allocation Failure)  88930K->68146K(140288K), 0,0049208 secs]
656,140: [GC (Allocation Failure)  93746K->62250K(140800K), 0,0051774 secs]
656,168: [GC (Allocation Failure)  87850K->67034K(140288K), 0,0028654 secs]
656,204: [GC (Allocation Failure)  92634K->61226K(140800K), 0,0017828 secs]
656,227: [GC (Allocation Failure)  86826K->66010K(141312K), 0,0013907 secs]
656,261: [GC (Allocation Failure)  92634K->61170K(141312K), 0,0007927 secs]
656,284: [GC (Allocation Failure)  87794K->67010K(141312K), 0,0014812 secs]
656,318: [GC (Allocation Failure)  93634K->62194K(141312K), 0,0056755 secs]
656,344: [GC (Allocation Failure)  88818K->68034K(139776K), 0,0015935 secs]
656,378: [GC (Allocation Failure)  93634K->62162K(140800K), 0,0008368 secs]
656,400: [GC (Allocation Failure)  87762K->66946K(141312K), 0,0026070 secs]
656,434: [GC (Allocation Failure)  93570K->62170K(141312K), 0,0010724 secs]
656,457: [GC (Allocation Failure)  88794K->67946K(140288K), 0,0016762 secs]
656,492: [GC (Allocation Failure)  93546K->62138K(140800K), 0,0020577 secs]
656,516: [GC (Allocation Failure)  87738K->66890K(141312K), 0,0049298 secs]
656,558: [GC (Allocation Failure)  93514K->62074K(141312K), 0,0053634 secs]
656,588: [GC (Allocation Failure)  88698K->67946K(140288K), 0,0032741 secs]
656,624: [GC (Allocation Failure)  93546K->62106K(140800K), 0,0030712 secs]
656,649: [GC (Allocation Failure)  87706K->66826K(141312K), 0,0030554 secs]
656,685: [GC (Allocation Failure)  93450K->62042K(141312K), 0,0021017 secs]
656,709: [GC (Allocation Failure)  88666K->67850K(140288K), 0,0017183 secs]
656,744: [GC (Allocation Failure)  93450K->62042K(140800K), 0,0030090 secs]
656,769: [GC (Allocation Failure)  87642K->66858K(141312K), 0,0015641 secs]
656,804: [GC (Allocation Failure)  93482K->62010K(141312K), 0,0028824 secs]
656,829: [GC (Allocation Failure)  88634K->67818K(141312K), 0,0033054 secs]
656,865: [GC (Allocation Failure)  94442K->63002K(141312K), 0,0011385 secs]
656,889: [GC (Allocation Failure)  89626K->68850K(140288K), 0,0019267 secs]
656,923: [GC (Allocation Failure)  94450K->62978K(140800K), 0,0024439 secs]
656,947: [GC (Allocation Failure)  88578K->67730K(140288K), 0,0039760 secs]
656,984: [GC (Allocation Failure)  93330K->61954K(140800K), 0,0036468 secs]
657,010: [GC (Allocation Failure)  87554K->66738K(141312K), 0,0033106 secs]
657,046: [GC (Allocation Failure)  93362K->61922K(141312K), 0,0031998 secs]
657,071: [GC (Allocation Failure)  88546K->67738K(141312K), 0,0017661 secs]
657,106: [GC (Allocation Failure)  94362K->62922K(141312K), 0,0011025 secs]
657,130: [GC (Allocation Failure)  89546K->68794K(140288K), 0,0018405 secs]
657,164: [GC (Allocation Failure)  94394K->62922K(140800K), 0,0011045 secs]
657,187: [GC (Allocation Failure)  88522K->67706K(140288K), 0,0016769 secs]
657,222: [GC (Allocation Failure)  93306K->61874K(140800K), 0,0008707 secs]
657,244: [GC (Allocation Failure)  87474K->66626K(141312K), 0,0023464 secs]
657,278: [GC (Allocation Failure)  93250K->61810K(141312K), 0,0014586 secs]
657,301: [GC (Allocation Failure)  88434K->67682K(141312K), 0,0014957 secs]
657,334: [GC (Allocation Failure)  94306K->62834K(141312K), 0,0008271 secs]
657,356: [GC (Allocation Failure)  89458K->68682K(140288K), 0,0015114 secs]
657,390: [GC (Allocation Failure)  94282K->62850K(140800K), 0,0055706 secs]
657,416: [GC (Allocation Failure)  88450K->67602K(141312K), 0,0021989 secs]
657,451: [GC (Allocation Failure)  94226K->62818K(141312K), 0,0015821 secs]
657,474: [GC (Allocation Failure)  89442K->68594K(140288K), 0,0029082 secs]
657,509: [GC (Allocation Failure)  94194K->62786K(140800K), 0,0007853 secs]
657,531: [GC (Allocation Failure)  88386K->67538K(141312K), 0,0016555 secs]
657,566: [GC (Allocation Failure)  94162K->62786K(141312K), 0,0040604 secs]
657,599: [GC (Allocation Failure)  89410K->68562K(140288K), 0,0065177 secs]
657,643: [GC (Allocation Failure)  94162K->62754K(140800K), 0,0017992 secs]
657,669: [GC (Allocation Failure)  88354K->67506K(141312K), 0,0050114 secs]
657,707: [GC (Allocation Failure)  94130K->62762K(141312K), 0,0012744 secs]
657,732: [GC (Allocation Failure)  89386K->68546K(140288K), 0,0021439 secs]
657,767: [GC (Allocation Failure)  94146K->62674K(140800K), 0,0046737 secs]
657,794: [GC (Allocation Failure)  88274K->67458K(141312K), 0,0055282 secs]
657,833: [GC (Allocation Failure)  94082K->62642K(141312K), 0,0032170 secs]
657,860: [GC (Allocation Failure)  89266K->68522K(140288K), 0,0021151 secs]
657,894: [GC (Allocation Failure)  94122K->62650K(140800K), 0,0012185 secs]
657,918: [GC (Allocation Failure)  88250K->67434K(141312K), 0,0036370 secs]
657,955: [GC (Allocation Failure)  94058K->62650K(141312K), 0,0023001 secs]
657,981: [GC (Allocation Failure)  89274K->68426K(141312K), 0,0039720 secs]
658,017: [GC (Allocation Failure)  95050K->63642K(141312K), 0,0013116 secs]
658,042: [GC (Allocation Failure)  90266K->69482K(140288K), 0,0038234 secs]
658,082: [GC (Allocation Failure)  95082K->63642K(140800K), 0,0067702 secs]
658,111: [GC (Allocation Failure)  89242K->68402K(140288K), 0,0013336 secs]
658,144: [GC (Allocation Failure)  94002K->62594K(140800K), 0,0041946 secs]
658,170: [GC (Allocation Failure)  88194K->67346K(141312K), 0,0023144 secs]
658,206: [GC (Allocation Failure)  93970K->62562K(141312K), 0,0030034 secs]
658,234: [GC (Allocation Failure)  89186K->68338K(141312K), 0,0034297 secs]
658,270: [GC (Allocation Failure)  94962K->63522K(141312K), 0,0048592 secs]
658,298: [GC (Allocation Failure)  90146K->69394K(140288K), 0,0021936 secs]
658,333: [GC (Allocation Failure)  94994K->63530K(140800K), 0,0014929 secs]
658,358: [GC (Allocation Failure)  89130K->68314K(140288K), 0,0019359 secs]
658,392: [GC (Allocation Failure)  93914K->62474K(140800K), 0,0027212 secs]
658,417: [GC (Allocation Failure)  88074K->67226K(141312K), 0,0034699 secs]
658,454: [GC (Allocation Failure)  93850K->62474K(141312K), 0,0012314 secs]
658,477: [GC (Allocation Failure)  89098K->68250K(141312K), 0,0039485 secs]
658,514: [GC (Allocation Failure)  94874K->63466K(141312K), 0,0013185 secs]
658,539: [GC (Allocation Failure)  90090K->69274K(139776K), 0,0031870 secs]
658,574: [GC (Allocation Failure)  94874K->63434K(140800K), 0,0018537 secs]
658,598: [GC (Allocation Failure)  89034K->68218K(141312K), 0,0029410 secs]
658,634: [GC (Allocation Failure)  94842K->63402K(141312K), 0,0022339 secs]
658,658: [GC (Allocation Failure)  90026K->69210K(140288K), 0,0030336 secs]
658,694: [GC (Allocation Failure)  94810K->63442K(140800K), 0,0010433 secs]
658,717: [GC (Allocation Failure)  89042K->68194K(141312K), 0,0016123 secs]
658,752: [GC (Allocation Failure)  94818K->63346K(141312K), 0,0012415 secs]
658,776: [GC (Allocation Failure)  89970K->69186K(140288K), 0,0026693 secs]
658,811: [GC (Allocation Failure)  94786K->63154K(140800K), 0,0030189 secs]
658,836: [GC (Allocation Failure)  88754K->67938K(141312K), 0,0031123 secs]
658,875: [GC (Allocation Failure)  94562K->63154K(141312K), 0,0040033 secs]
658,904: [GC (Allocation Failure)  89778K->68930K(141312K), 0,0027648 secs]
658,940: [GC (Allocation Failure)  95554K->64082K(141312K), 0,0014285 secs]
658,965: [GC (Allocation Failure)  90706K->69890K(140288K), 0,0047043 secs]
659,002: [GC (Allocation Failure)  95490K->64050K(140800K), 0,0048263 secs]
659,030: [GC (Allocation Failure)  89650K->68770K(140288K), 0,0035984 secs]
659,068: [GC (Allocation Failure)  94370K->62930K(140800K), 0,0080262 secs]
659,101: [GC (Allocation Failure)  88530K->67682K(141312K), 0,0047111 secs]
659,137: [GC (Allocation Failure)  94306K->62898K(141312K), 0,0020288 secs]
659,160: [GC (Allocation Failure)  89522K->68714K(141312K), 0,0024712 secs]
659,195: [GC (Allocation Failure)  95338K->63898K(141312K), 0,0015353 secs]
659,217: [GC (Allocation Failure)  90522K->69738K(140288K), 0,0022114 secs]
659,251: [GC (Allocation Failure)  95338K->63866K(140800K), 0,0015584 secs]
659,273: [GC (Allocation Failure)  89466K->68682K(141312K), 0,0014945 secs]
659,305: [GC (Allocation Failure)  95306K->63898K(141312K), 0,0007751 secs]
659,327: [GC (Allocation Failure)  90522K->69706K(140288K), 0,0023634 secs]
659,360: [GC (Allocation Failure)  95306K->63834K(140800K), 0,0025193 secs]
659,383: [GC (Allocation Failure)  89434K->68586K(141312K), 0,0016777 secs]
659,419: [GC (Allocation Failure)  95210K->63834K(141312K), 0,0040696 secs]
659,451: [GC (Allocation Failure)  90458K->69642K(140288K), 0,0074441 secs]
659,495: [GC (Allocation Failure)  95242K->63802K(140800K), 0,0050442 secs]
659,524: [GC (Allocation Failure)  89402K->68554K(141312K), 0,0029375 secs]
659,558: [GC (Allocation Failure)  95178K->63770K(141312K), 0,0011207 secs]
659,580: [GC (Allocation Failure)  90394K->69610K(140288K), 0,0014377 secs]
659,619: [GC (Allocation Failure)  95210K->63738K(140800K), 0,0041531 secs]
659,650: [GC (Allocation Failure)  89338K->68490K(141312K), 0,0041355 secs]
659,686: [GC (Allocation Failure)  95114K->63706K(141312K), 0,0018598 secs]
659,710: [GC (Allocation Failure)  90330K->69514K(140288K), 0,0016173 secs]
659,744: [GC (Allocation Failure)  95114K->63674K(140800K), 0,0040087 secs]
659,772: [GC (Allocation Failure)  89274K->68466K(141312K), 0,0028121 secs]
659,809: [GC (Allocation Failure)  95090K->63650K(141312K), 0,0039038 secs]
659,836: [GC (Allocation Failure)  90274K->69522K(140288K), 0,0020260 secs]
659,871: [GC (Allocation Failure)  95122K->63650K(140800K), 0,0021992 secs]
659,894: [GC (Allocation Failure)  89250K->68434K(141312K), 0,0018867 secs]
659,928: [GC (Allocation Failure)  95058K->63650K(141312K), 0,0014850 secs]
659,951: [GC (Allocation Failure)  90274K->69426K(141312K), 0,0023577 secs]
659,986: [GC (Allocation Failure)  96050K->64610K(141312K), 0,0009037 secs]
660,009: [GC (Allocation Failure)  91234K->70418K(140288K), 0,0016413 secs]
660,043: [GC (Allocation Failure)  96018K->64610K(140800K), 0,0007844 secs]
660,069: [GC (Allocation Failure)  90210K->69402K(140288K), 0,0045990 secs]
660,109: [GC (Allocation Failure)  95002K->63562K(140800K), 0,0020519 secs]
660,133: [GC (Allocation Failure)  89162K->68346K(141312K), 0,0012427 secs]
660,165: [GC (Allocation Failure)  94970K->63570K(141312K), 0,0030423 secs]
660,193: [GC (Allocation Failure)  90194K->69314K(141312K), 0,0033688 secs]
660,228: [GC (Allocation Failure)  95938K->64530K(141312K), 0,0016581 secs]
660,251: [GC (Allocation Failure)  91154K->70338K(140288K), 0,0023299 secs]
660,285: [GC (Allocation Failure)  95938K->64530K(140800K), 0,0025885 secs]
660,308: [GC (Allocation Failure)  90130K->69314K(141312K), 0,0024567 secs]
660,344: [GC (Allocation Failure)  95938K->64530K(141312K), 0,0042305 secs]
660,372: [GC (Allocation Failure)  91154K->70338K(140288K), 0,0055183 secs]
660,412: [GC (Allocation Failure)  95938K->64498K(140800K), 0,0013823 secs]
660,435: [GC (Allocation Failure)  90098K->69250K(140288K), 0,0016414 secs]
660,470: [GC (Allocation Failure)  94850K->63410K(140800K), 0,0021882 secs]
660,494: [GC (Allocation Failure)  89010K->68162K(141312K), 0,0028213 secs]
660,532: [GC (Allocation Failure)  94786K->63378K(141312K), 0,0087949 secs]
660,567: [GC (Allocation Failure)  90002K->69154K(141312K), 0,0041297 secs]
660,603: [GC (Allocation Failure)  95778K->64402K(141312K), 0,0018354 secs]
660,627: [GC (Allocation Failure)  91026K->70242K(140800K), 0,0025456 secs]
660,664: [GC (Allocation Failure)  96866K->65394K(141312K), 0,0034561 secs]
660,692: [GC (Allocation Failure)  92018K->71234K(139776K), 0,0041970 secs]
660,729: [GC (Allocation Failure)  96834K->65362K(140800K), 0,0021558 secs]
660,752: [GC (Allocation Failure)  90962K->70146K(140288K), 0,0025555 secs]
660,788: [GC (Allocation Failure)  95746K->64346K(140800K), 0,0009181 secs]
660,811: [GC (Allocation Failure)  89946K->69138K(140800K), 0,0015246 secs]
660,845: [GC (Allocation Failure)  94738K->63266K(140800K), 0,0020846 secs]
660,869: [GC (Allocation Failure)  88866K->68050K(141312K), 0,0014755 secs]
660,903: [GC (Allocation Failure)  94674K->63234K(141312K), 0,0018154 secs]
660,927: [GC (Allocation Failure)  89858K->69042K(141312K), 0,0026296 secs]
660,962: [GC (Allocation Failure)  95666K->64338K(141312K), 0,0008828 secs]
660,985: [GC (Allocation Failure)  90962K->70114K(140800K), 0,0025560 secs]
661,020: [GC (Allocation Failure)  96738K->65306K(141312K), 0,0010111 secs]
661,045: [GC (Allocation Failure)  91930K->71114K(139776K), 0,0062524 secs]
661,084: [GC (Allocation Failure)  96714K->65306K(140800K), 0,0017322 secs]
661,112: [GC (Allocation Failure)  90906K->70090K(140288K), 0,0087401 secs]
661,156: [GC (Allocation Failure)  95690K->64186K(140800K), 0,0031252 secs]
661,182: [GC (Allocation Failure)  89786K->68970K(141312K), 0,0021127 secs]
661,217: [GC (Allocation Failure)  95594K->64218K(141312K), 0,0007487 secs]
661,238: [GC (Allocation Failure)  90842K->69994K(141312K), 0,0023138 secs]
661,275: [GC (Allocation Failure)  96618K->65210K(141312K), 0,0020863 secs]
661,302: [GC (Allocation Failure)  91834K->70986K(139776K), 0,0031485 secs]
661,339: [GC (Allocation Failure)  96586K->65218K(140800K), 0,0018511 secs]
661,365: [GC (Allocation Failure)  90818K->69970K(141312K), 0,0054898 secs]
661,407: [GC (Allocation Failure)  96594K->65154K(141312K), 0,0036114 secs]
661,439: [GC (Allocation Failure)  91778K->70962K(140288K), 0,0059595 secs]
661,478: [GC (Allocation Failure)  96562K->65122K(140800K), 0,0025150 secs]
661,502: [GC (Allocation Failure)  90722K->69874K(140288K), 0,0053136 secs]
661,540: [GC (Allocation Failure)  95474K->64138K(140800K), 0,0076133 secs]
661,568: [GC (Allocation Failure)  89738K->68930K(141312K), 0,0012387 secs]
661,602: [GC (Allocation Failure)  95554K->64050K(141312K), 0,0015553 secs]
661,625: [GC (Allocation Failure)  90674K->69858K(141312K), 0,0013927 secs]
661,658: [GC (Allocation Failure)  96482K->65082K(141312K), 0,0072336 secs]
661,687: [GC (Allocation Failure)  91706K->70922K(139776K), 0,0014871 secs]
661,721: [GC (Allocation Failure)  96522K->65050K(140800K), 0,0017251 secs]
661,744: [GC (Allocation Failure)  90650K->69866K(141312K), 0,0014340 secs]
661,777: [GC (Allocation Failure)  96490K->65082K(141312K), 0,0008309 secs]
661,800: [GC (Allocation Failure)  91706K->70826K(140288K), 0,0015666 secs]
661,834: [GC (Allocation Failure)  96426K->64986K(140800K), 0,0009013 secs]
661,857: [GC (Allocation Failure)  90586K->69802K(141312K), 0,0014449 secs]
661,891: [GC (Allocation Failure)  96426K->64986K(141312K), 0,0021390 secs]
661,919: [GC (Allocation Failure)  91610K->70794K(140288K), 0,0047441 secs]
661,961: [GC (Allocation Failure)  96394K->64970K(140800K), 0,0029575 secs]
661,992: [GC (Allocation Failure)  90570K->69754K(141312K), 0,0044513 secs]
662,034: [GC (Allocation Failure)  96378K->64970K(141312K), 0,0034636 secs]
662,062: [GC (Allocation Failure)  91594K->70818K(141312K), 0,0026924 secs]
662,099: [GC (Allocation Failure)  97442K->65970K(141312K), 0,0041999 secs]
662,127: [GC (Allocation Failure)  92594K->71818K(140288K), 0,0022396 secs]
662,162: [GC (Allocation Failure)  97418K->65978K(140800K), 0,0013439 secs]
662,187: [GC (Allocation Failure)  91578K->70762K(140288K), 0,0020608 secs]
662,221: [GC (Allocation Failure)  96362K->64922K(140800K), 0,0029288 secs]
662,246: [GC (Allocation Failure)  90522K->69674K(141312K), 0,0028909 secs]
662,284: [GC (Allocation Failure)  95786K->64378K(140800K), 0,0029046 secs]
662,315: [GC (Allocation Failure)  90490K->69642K(141312K), 0,0043849 secs]
662,357: [GC (Allocation Failure)  96266K->64802K(141312K), 0,0029658 secs]
662,386: [GC (Allocation Failure)  91426K->70714K(141312K), 0,0024525 secs]
662,421: [GC (Allocation Failure)  97338K->65866K(141312K), 0,0013538 secs]
662,446: [GC (Allocation Failure)  92490K->71706K(139776K), 0,0021637 secs]
662,481: [GC (Allocation Failure)  97306K->65834K(140800K), 0,0030401 secs]
662,507: [GC (Allocation Failure)  91434K->70650K(140288K), 0,0019715 secs]
662,541: [GC (Allocation Failure)  96250K->64778K(140800K), 0,0027695 secs]
662,569: [GC (Allocation Failure)  90378K->69562K(141312K), 0,0083461 secs]
662,611: [GC (Allocation Failure)  96186K->64714K(141312K), 0,0031377 secs]
662,639: [GC (Allocation Failure)  91338K->70554K(141312K), 0,0040767 secs]
662,676: [GC (Allocation Failure)  97178K->65802K(141312K), 0,0012987 secs]
662,701: [GC (Allocation Failure)  92426K->71586K(139776K), 0,0021082 secs]
662,735: [GC (Allocation Failure)  97186K->65762K(140800K), 0,0012494 secs]
662,760: [GC (Allocation Failure)  91362K->70522K(141312K), 0,0047009 secs]
662,797: [GC (Allocation Failure)  97146K->65546K(141312K), 0,0039213 secs]
662,824: [GC (Allocation Failure)  92170K->71418K(140288K), 0,0026147 secs]
662,858: [GC (Allocation Failure)  97018K->65546K(140800K), 0,0016559 secs]
662,881: [GC (Allocation Failure)  91146K->70330K(141312K), 0,0013559 secs]
662,915: [GC (Allocation Failure)  96954K->65482K(141312K), 0,0016097 secs]
662,938: [GC (Allocation Failure)  92106K->71362K(140288K), 0,0016305 secs]
662,971: [GC (Allocation Failure)  96962K->65490K(140800K), 0,0006870 secs]
662,992: [GC (Allocation Failure)  91090K->70306K(141312K), 0,0013059 secs]
663,025: [GC (Allocation Failure)  96930K->65458K(141312K), 0,0015530 secs]
663,048: [GC (Allocation Failure)  92082K->71298K(141312K), 0,0014880 secs]
663,081: [GC (Allocation Failure)  97922K->66514K(141312K), 0,0010514 secs]
663,108: [GC (Allocation Failure)  93138K->72354K(140288K), 0,0049957 secs]
663,151: [GC (Allocation Failure)  97954K->66482K(140800K), 0,0017625 secs]
663,176: [GC (Allocation Failure)  92082K->71242K(140288K), 0,0021119 secs]
663,210: [GC (Allocation Failure)  96842K->65402K(140800K), 0,0027979 secs]
663,235: [GC (Allocation Failure)  91002K->70218K(141312K), 0,0019702 secs]
663,270: [GC (Allocation Failure)  96842K->65402K(141312K), 0,0043377 secs]
663,298: [GC (Allocation Failure)  92026K->71218K(141312K), 0,0035930 secs]
663,334: [GC (Allocation Failure)  97842K->66410K(141312K), 0,0013833 secs]
663,359: [GC (Allocation Failure)  93034K->72218K(140288K), 0,0067212 secs]
663,398: [GC (Allocation Failure)  97818K->66378K(140800K), 0,0030346 secs]
663,423: [GC (Allocation Failure)  91978K->71170K(140288K), 0,0035811 secs]
663,460: [GC (Allocation Failure)  96770K->65330K(140800K), 0,0048391 secs]
663,489: [GC (Allocation Failure)  90930K->70154K(141312K), 0,0026044 secs]
663,528: [GC (Allocation Failure)  96778K->65354K(141312K), 0,0027971 secs]
663,558: [GC (Allocation Failure)  91978K->71162K(141312K), 0,0028915 secs]
663,594: [GC (Allocation Failure)  97786K->66346K(141312K), 0,0013353 secs]
663,619: [GC (Allocation Failure)  92970K->72162K(140288K), 0,0021853 secs]
663,654: [GC (Allocation Failure)  97762K->66322K(140800K), 0,0014668 secs]
663,679: [GC (Allocation Failure)  91922K->71138K(141312K), 0,0019578 secs]
663,713: [GC (Allocation Failure)  97762K->66290K(141312K), 0,0027799 secs]
663,739: [GC (Allocation Failure)  92914K->72130K(140288K), 0,0021202 secs]
663,773: [GC (Allocation Failure)  97730K->66290K(140800K), 0,0013177 secs]
663,796: [GC (Allocation Failure)  91890K->71074K(141312K), 0,0019351 secs]
663,831: [GC (Allocation Failure)  97698K->66298K(141312K), 0,0012974 secs]
663,856: [GC (Allocation Failure)  92922K->72106K(140288K), 0,0039053 secs]
663,892: [GC (Allocation Failure)  97706K->66234K(140800K), 0,0047378 secs]
663,919: [GC (Allocation Failure)  91834K->70994K(141312K), 0,0027824 secs]
663,955: [GC (Allocation Failure)  97618K->66250K(141312K), 0,0008987 secs]
663,978: [GC (Allocation Failure)  92874K->72026K(140288K), 0,0027603 secs]
664,013: [GC (Allocation Failure)  97626K->66218K(140800K), 0,0008408 secs]
664,036: [GC (Allocation Failure)  91818K->70938K(141312K), 0,0026227 secs]
664,073: [GC (Allocation Failure)  97562K->66154K(141312K), 0,0074727 secs]
664,105: [GC (Allocation Failure)  92778K->71994K(141312K), 0,0027751 secs]
664,143: [GC (Allocation Failure)  98618K->67178K(141312K), 0,0056058 secs]
664,171: [GC (Allocation Failure)  93802K->72986K(140288K), 0,0030007 secs]
664,207: [GC (Allocation Failure)  98586K->67210K(140800K), 0,0011544 secs]
664,230: [GC (Allocation Failure)  92810K->71930K(140288K), 0,0015971 secs]
664,263: [GC (Allocation Failure)  97530K->66122K(140800K), 0,0017805 secs]
664,287: [GC (Allocation Failure)  91722K->70874K(141312K), 0,0024243 secs]
664,321: [GC (Allocation Failure)  96986K->65546K(140800K), 0,0017193 secs]
664,345: [GC (Allocation Failure)  91658K->70874K(141312K), 0,0025611 secs]
664,380: [GC (Allocation Failure)  97498K->66058K(141312K), 0,0009789 secs]
664,403: [GC (Allocation Failure)  92682K->71866K(141312K), 0,0036557 secs]
664,438: [GC (Allocation Failure)  98490K->67082K(141312K), 0,0009395 secs]
664,461: [GC (Allocation Failure)  93706K->72858K(139776K), 0,0017366 secs]
664,495: [GC (Allocation Failure)  98458K->67050K(140800K), 0,0022959 secs]
664,519: [GC (Allocation Failure)  92650K->71834K(140288K), 0,0032799 secs]
664,555: [GC (Allocation Failure)  97434K->66002K(140800K), 0,0076179 secs]
664,590: [GC (Allocation Failure)  91602K->70786K(141312K), 0,0063656 secs]
664,630: [GC (Allocation Failure)  97410K->65970K(141312K), 0,0024357 secs]
664,654: [GC (Allocation Failure)  92594K->71778K(141312K), 0,0017515 secs]
664,689: [GC (Allocation Failure)  98402K->66970K(141312K), 0,0057172 secs]
664,717: [GC (Allocation Failure)  93594K->72778K(139776K), 0,0030774 secs]
664,753: [GC (Allocation Failure)  98378K->66970K(140800K), 0,0034603 secs]
664,779: [GC (Allocation Failure)  92570K->71730K(141312K), 0,0017373 secs]
664,814: [GC (Allocation Failure)  98354K->66914K(141312K), 0,0032672 secs]
664,839: [GC (Allocation Failure)  93538K->72754K(140288K), 0,0044208 secs]
664,877: [GC (Allocation Failure)  98354K->66914K(140800K), 0,0010080 secs]
664,900: [GC (Allocation Failure)  92514K->71730K(141312K), 0,0016129 secs]
664,935: [GC (Allocation Failure)  98354K->66914K(141312K), 0,0022753 secs]
664,959: [GC (Allocation Failure)  93538K->72730K(140288K), 0,0018127 secs]
664,994: [GC (Allocation Failure)  98330K->66890K(140800K), 0,0012950 secs]
665,017: [GC (Allocation Failure)  92490K->71642K(141312K), 0,0016629 secs]
665,052: [GC (Allocation Failure)  98266K->66858K(141312K), 0,0025640 secs]
665,077: [GC (Allocation Failure)  93482K->72666K(140288K), 0,0030768 secs]
665,113: [GC (Allocation Failure)  98266K->66858K(140800K), 0,0010117 secs]
665,140: [GC (Allocation Failure)  92458K->71642K(141312K), 0,0045064 secs]
665,182: [GC (Allocation Failure)  98266K->66834K(141312K), 0,0030528 secs]
665,214: [GC (Allocation Failure)  93458K->72642K(140288K), 0,0043413 secs]
665,253: [GC (Allocation Failure)  98242K->66802K(140800K), 0,0012271 secs]
665,277: [GC (Allocation Failure)  92402K->71554K(141312K), 0,0034633 secs]
665,314: [GC (Allocation Failure)  98178K->66738K(141312K), 0,0035810 secs]
665,341: [GC (Allocation Failure)  93362K->72546K(141312K), 0,0024276 secs]
665,376: [GC (Allocation Failure)  99170K->67794K(141312K), 0,0010869 secs]
665,399: [GC (Allocation Failure)  94418K->73602K(140288K), 0,0018527 secs]
665,434: [GC (Allocation Failure)  99202K->67794K(140800K), 0,0010630 secs]
665,457: [GC (Allocation Failure)  93394K->72554K(140288K), 0,0016821 secs]
665,496: [GC (Allocation Failure)  98154K->66698K(140800K), 0,0028114 secs]
665,525: [GC (Allocation Failure)  92298K->71514K(141312K), 0,0028076 secs]
665,560: [GC (Allocation Failure)  98138K->66698K(141312K), 0,0006922 secs]
665,581: [GC (Allocation Failure)  93322K->72482K(141312K), 0,0013339 secs]
665,620: [GC (Allocation Failure)  99106K->67666K(141312K), 0,0061455 secs]
665,648: [GC (Allocation Failure)  94290K->73546K(140288K), 0,0018001 secs]
665,683: [GC (Allocation Failure)  99146K->67674K(140800K), 0,0018898 secs]
665,707: [GC (Allocation Failure)  93274K->72490K(140288K), 0,0019923 secs]
665,742: [GC (Allocation Failure)  98090K->66650K(140800K), 0,0017765 secs]
665,766: [GC (Allocation Failure)  92250K->71370K(141312K), 0,0026890 secs]
665,802: [GC (Allocation Failure)  97994K->66586K(141312K), 0,0021556 secs]
665,826: [GC (Allocation Failure)  93210K->72394K(141312K), 0,0027221 secs]
665,862: [GC (Allocation Failure)  99018K->67578K(141312K), 0,0033629 secs]
665,887: [GC (Allocation Failure)  94202K->73450K(139776K), 0,0017008 secs]
665,920: [GC (Allocation Failure)  99050K->67578K(140800K), 0,0009434 secs]
665,943: [GC (Allocation Failure)  93178K->72394K(141312K), 0,0016374 secs]
665,978: [GC (Allocation Failure)  99018K->67578K(141312K), 0,0008583 secs]
666,001: [GC (Allocation Failure)  94202K->73394K(140288K), 0,0016430 secs]
666,035: [GC (Allocation Failure)  98994K->67586K(140800K), 0,0008630 secs]
666,058: [GC (Allocation Failure)  93186K->72306K(141312K), 0,0024379 secs]
666,093: [GC (Allocation Failure)  98930K->67522K(141312K), 0,0009028 secs]
666,116: [GC (Allocation Failure)  94146K->73338K(140288K), 0,0016629 secs]
666,151: [GC (Allocation Failure)  98938K->67498K(140800K), 0,0008510 secs]
666,174: [GC (Allocation Failure)  93098K->72314K(141312K), 0,0015557 secs]
666,208: [GC (Allocation Failure)  98938K->67466K(141312K), 0,0030824 secs]
666,234: [GC (Allocation Failure)  94090K->73274K(140288K), 0,0043786 secs]
666,271: [GC (Allocation Failure)  98874K->67434K(140800K), 0,0030596 secs]
666,296: [GC (Allocation Failure)  93034K->72218K(141312K), 0,0042737 secs]
666,333: [GC (Allocation Failure)  98842K->67442K(141312K), 0,0008793 secs]
666,356: [GC (Allocation Failure)  94066K->73290K(141312K), 0,0015469 secs]
666,390: [GC (Allocation Failure)  99914K->68474K(141312K), 0,0022403 secs]
666,414: [GC (Allocation Failure)  95098K->74290K(140288K), 0,0016747 secs]
666,447: [GC (Allocation Failure)  99890K->68418K(140800K), 0,0019230 secs]
666,471: [GC (Allocation Failure)  94018K->73170K(140288K), 0,0026472 secs]
666,506: [GC (Allocation Failure)  98770K->67362K(140800K), 0,0010856 secs]
666,529: [GC (Allocation Failure)  92962K->72146K(141312K), 0,0023594 secs]
666,564: [GC (Allocation Failure)  98770K->67330K(141312K), 0,0008759 secs]
666,587: [GC (Allocation Failure)  93954K->73178K(141312K), 0,0015954 secs]
666,621: [GC (Allocation Failure)  99802K->68394K(141312K), 0,0020804 secs]
666,645: [GC (Allocation Failure)  95018K->74170K(140288K), 0,0024469 secs]
666,685: [GC (Allocation Failure)  99770K->68394K(140800K), 0,0051000 secs]
666,713: [GC (Allocation Failure)  93994K->73186K(140288K), 0,0025388 secs]
666,748: [GC (Allocation Failure)  98786K->67354K(140800K), 0,0012265 secs]
666,772: [GC (Allocation Failure)  92954K->72106K(141312K), 0,0019557 secs]
666,807: [GC (Allocation Failure)  98730K->67074K(141312K), 0,0011829 secs]
666,830: [GC (Allocation Failure)  93698K->72914K(141312K), 0,0034821 secs]
666,866: [GC (Allocation Failure)  99538K->68098K(141312K), 0,0009262 secs]
666,889: [GC (Allocation Failure)  94722K->73938K(140288K), 0,0016085 secs]
666,923: [GC (Allocation Failure)  99538K->68034K(140800K), 0,0012265 secs]
666,946: [GC (Allocation Failure)  93634K->72786K(141312K), 0,0029374 secs]
666,986: [GC (Allocation Failure)  99410K->68002K(141312K), 0,0070888 secs]
667,017: [GC (Allocation Failure)  94626K->73850K(140288K), 0,0022030 secs]
667,052: [GC (Allocation Failure)  99450K->67978K(140800K), 0,0010922 secs]
667,077: [GC (Allocation Failure)  93578K->72762K(141312K), 0,0030203 secs]
667,113: [GC (Allocation Failure)  99386K->67986K(141312K), 0,0021416 secs]
667,137: [GC (Allocation Failure)  94610K->73794K(140288K), 0,0017945 secs]
667,172: [GC (Allocation Failure)  99394K->67954K(140800K), 0,0023342 secs]
667,197: [GC (Allocation Failure)  93554K->72706K(141312K), 0,0039972 secs]
667,233: [GC (Allocation Failure)  99330K->67986K(141312K), 0,0028981 secs]
667,258: [GC (Allocation Failure)  94610K->73762K(141312K), 0,0026342 secs]
667,294: [GC (Allocation Failure)  100386K->68946K(141312K), 0,0011328 secs]
667,319: [GC (Allocation Failure)  95570K->74754K(140288K), 0,0019107 secs]
667,354: [GC (Allocation Failure)  100354K->68914K(140800K), 0,0010779 secs]
667,377: [GC (Allocation Failure)  94514K->73698K(140288K), 0,0037298 secs]
667,414: [GC (Allocation Failure)  99298K->67866K(140800K), 0,0009433 secs]
667,437: [GC (Allocation Failure)  93466K->72658K(141312K), 0,0031116 secs]
667,473: [GC (Allocation Failure)  99282K->67810K(141312K), 0,0009575 secs]
667,496: [GC (Allocation Failure)  94434K->73618K(141312K), 0,0052596 secs]
667,534: [GC (Allocation Failure)  100242K->68834K(141312K), 0,0008802 secs]
667,559: [GC (Allocation Failure)  95458K->74682K(140288K), 0,0042459 secs]
667,597: [GC (Allocation Failure)  100282K->68842K(140800K), 0,0018516 secs]
667,623: [GC (Allocation Failure)  94442K->73594K(140288K), 0,0029877 secs]
667,663: [GC (Allocation Failure)  99194K->67786K(140800K), 0,0017582 secs]
667,689: [GC (Allocation Failure)  93386K->72570K(141312K), 0,0052291 secs]
667,729: [GC (Allocation Failure)  99194K->67754K(141312K), 0,0039214 secs]
667,755: [GC (Allocation Failure)  94378K->73602K(141312K), 0,0022331 secs]
667,790: [GC (Allocation Failure)  100226K->68786K(141312K), 0,0029317 secs]
667,816: [GC (Allocation Failure)  95410K->74626K(139776K), 0,0022856 secs]
667,851: [GC (Allocation Failure)  100226K->68786K(140800K), 0,0012856 secs]
667,875: [GC (Allocation Failure)  94386K->73538K(141312K), 0,0021481 secs]
667,914: [GC (Allocation Failure)  100162K->68730K(141312K), 0,0030734 secs]
667,944: [GC (Allocation Failure)  95354K->74570K(140288K), 0,0028960 secs]
667,980: [GC (Allocation Failure)  100170K->68698K(140800K), 0,0023237 secs]
668,006: [GC (Allocation Failure)  94298K->73514K(141312K), 0,0035660 secs]
668,042: [GC (Allocation Failure)  100138K->68666K(141312K), 0,0012424 secs]
668,070: [GC (Allocation Failure)  95290K->74474K(140288K), 0,0042344 secs]
668,107: [GC (Allocation Failure)  100074K->68666K(140800K), 0,0021243 secs]
668,131: [GC (Allocation Failure)  94266K->73482K(141312K), 0,0016947 secs]
668,166: [GC (Allocation Failure)  100106K->68634K(141312K), 0,0011355 secs]
668,189: [GC (Allocation Failure)  95258K->74410K(140288K), 0,0032358 secs]
668,225: [GC (Allocation Failure)  100010K->68634K(140800K), 0,0010202 secs]
668,248: [GC (Allocation Failure)  94234K->73386K(141312K), 0,0029016 secs]
668,286: [GC (Allocation Failure)  100010K->68570K(141312K), 0,0035167 secs]
668,312: [GC (Allocation Failure)  95194K->74378K(141312K), 0,0033207 secs]
668,348: [GC (Allocation Failure)  101002K->69562K(141312K), 0,0021734 secs]
668,372: [GC (Allocation Failure)  96186K->75402K(140288K), 0,0058073 secs]
668,410: [GC (Allocation Failure)  101002K->69530K(140800K), 0,0035406 secs]
668,434: [GC (Allocation Failure)  95130K->74346K(140288K), 0,0018409 secs]
668,469: [GC (Allocation Failure)  99946K->68506K(140800K), 0,0008116 secs]
668,492: [GC (Allocation Failure)  94106K->73290K(141312K), 0,0071333 secs]
668,532: [GC (Allocation Failure)  99402K->67930K(140800K), 0,0014107 secs]
668,555: [GC (Allocation Failure)  94042K->73266K(141312K), 0,0014830 secs]
668,588: [GC (Allocation Failure)  99890K->68450K(141312K), 0,0009533 secs]
668,610: [GC (Allocation Failure)  95074K->74258K(141312K), 0,0015700 secs]
668,644: [GC (Allocation Failure)  100882K->69506K(141312K), 0,0008421 secs]
668,667: [GC (Allocation Failure)  96130K->75314K(139776K), 0,0018288 secs]
668,702: [GC (Allocation Failure)  100914K->69482K(140800K), 0,0009806 secs]
668,725: [GC (Allocation Failure)  95082K->74234K(140288K), 0,0016242 secs]
668,759: [GC (Allocation Failure)  99834K->68394K(140800K), 0,0009623 secs]
668,782: [GC (Allocation Failure)  93994K->73146K(141312K), 0,0039767 secs]
668,819: [GC (Allocation Failure)  99770K->68394K(141312K), 0,0021583 secs]
668,843: [GC (Allocation Failure)  95018K->74202K(141312K), 0,0017110 secs]
668,878: [GC (Allocation Failure)  100826K->69394K(141312K), 0,0010474 secs]
668,901: [GC (Allocation Failure)  96018K->75202K(139776K), 0,0017034 secs]
668,936: [GC (Allocation Failure)  100802K->69362K(140800K), 0,0009917 secs]
668,959: [GC (Allocation Failure)  94962K->74178K(141312K), 0,0017331 secs]
668,994: [GC (Allocation Failure)  100802K->69362K(141312K), 0,0020688 secs]
669,018: [GC (Allocation Failure)  95986K->75170K(140288K), 0,0017413 secs]
669,053: [GC (Allocation Failure)  100770K->69330K(140800K), 0,0021392 secs]
669,077: [GC (Allocation Failure)  94930K->74114K(141312K), 0,0027696 secs]
669,113: [GC (Allocation Failure)  100738K->69298K(141312K), 0,0021507 secs]
669,137: [GC (Allocation Failure)  95922K->75106K(140288K), 0,0029459 secs]
669,173: [GC (Allocation Failure)  100706K->69266K(140800K), 0,0022127 secs]
669,197: [GC (Allocation Failure)  94866K->74050K(141312K), 0,0031829 secs]
669,233: [GC (Allocation Failure)  100674K->69242K(141312K), 0,0021445 secs]
669,257: [GC (Allocation Failure)  95866K->75058K(140288K), 0,0020338 secs]
669,292: [GC (Allocation Failure)  100658K->69258K(140800K), 0,0010766 secs]
669,315: [GC (Allocation Failure)  94858K->74074K(141312K), 0,0016968 secs]
669,350: [GC (Allocation Failure)  100698K->69226K(141312K), 0,0009600 secs]
669,373: [GC (Allocation Failure)  95850K->75066K(140288K), 0,0018003 secs]
669,408: [GC (Allocation Failure)  100666K->69194K(140800K), 0,0010058 secs]
669,431: [GC (Allocation Failure)  94794K->73978K(141312K), 0,0017266 secs]
669,466: [GC (Allocation Failure)  100602K->69138K(141312K), 0,0020206 secs]
669,490: [GC (Allocation Failure)  95762K->75010K(141312K), 0,0018936 secs]
669,525: [GC (Allocation Failure)  101634K->70194K(141312K), 0,0014443 secs]
669,548: [GC (Allocation Failure)  96818K->76002K(140288K), 0,0067273 secs]
669,586: [GC (Allocation Failure)  101602K->70162K(140800K), 0,0015710 secs]
669,609: [GC (Allocation Failure)  95762K->74946K(140288K), 0,0016928 secs]
669,642: [GC (Allocation Failure)  100546K->69106K(140800K), 0,0006833 secs]
669,663: [GC (Allocation Failure)  94706K->73858K(141312K), 0,0020574 secs]
669,698: [GC (Allocation Failure)  100482K->69074K(141312K), 0,0007488 secs]
669,720: [GC (Allocation Failure)  95698K->74922K(141312K), 0,0015849 secs]
669,753: [GC (Allocation Failure)  101546K->70074K(141312K), 0,0033284 secs]
669,778: [GC (Allocation Failure)  96698K->75946K(140288K), 0,0016132 secs]
669,811: [GC (Allocation Failure)  101546K->70074K(140800K), 0,0023093 secs]
669,835: [GC (Allocation Failure)  95674K->74858K(140288K), 0,0014487 secs]
669,869: [GC (Allocation Failure)  100458K->69018K(140800K), 0,0042907 secs]
669,895: [GC (Allocation Failure)  94618K->73802K(141312K), 0,0018252 secs]
669,928: [GC (Allocation Failure)  100426K->68986K(141312K), 0,0008580 secs]
669,951: [GC (Allocation Failure)  95610K->74794K(141312K), 0,0014868 secs]
669,985: [GC (Allocation Failure)  101418K->70042K(141312K), 0,0009716 secs]
670,008: [GC (Allocation Failure)  96666K->75826K(139776K), 0,0016872 secs]
670,042: [GC (Allocation Failure)  101426K->69986K(140800K), 0,0057075 secs]
670,069: [GC (Allocation Failure)  95586K->74738K(141312K), 0,0025014 secs]
670,104: [GC (Allocation Failure)  101362K->70018K(141312K), 0,0010211 secs]
670,127: [GC (Allocation Failure)  96642K->75762K(140288K), 0,0065792 secs]
670,166: [GC (Allocation Failure)  101362K->69954K(140800K), 0,0037372 secs]
670,192: [GC (Allocation Failure)  95554K->74706K(141312K), 0,0033662 secs]
670,227: [GC (Allocation Failure)  101330K->69954K(141312K), 0,0009372 secs]
670,250: [GC (Allocation Failure)  96578K->75698K(140288K), 0,0064232 secs]
670,288: [GC (Allocation Failure)  101298K->69890K(140800K), 0,0012580 secs]
670,311: [GC (Allocation Failure)  95490K->74674K(141312K), 0,0016523 secs]
670,344: [GC (Allocation Failure)  101298K->69874K(141312K), 0,0007752 secs]
670,370: [GC (Allocation Failure)  96498K->75714K(140288K), 0,0048782 secs]
670,412: [GC (Allocation Failure)  101314K->69842K(140800K), 0,0030070 secs]
670,443: [GC (Allocation Failure)  95442K->74594K(141312K), 0,0023389 secs]
670,478: [GC (Allocation Failure)  101218K->69882K(141312K), 0,0011934 secs]
670,502: [GC (Allocation Failure)  96506K->75658K(141312K), 0,0053299 secs]
670,541: [GC (Allocation Failure)  102282K->70842K(141312K), 0,0032675 secs]
670,570: [GC (Allocation Failure)  97466K->76682K(140288K), 0,0049705 secs]
670,613: [GC (Allocation Failure)  102282K->70810K(140800K), 0,0036496 secs]
670,644: [GC (Allocation Failure)  96410K->75602K(140288K), 0,0063718 secs]
670,683: [GC (Allocation Failure)  101202K->69762K(140800K), 0,0033100 secs]
670,708: [GC (Allocation Failure)  95362K->74546K(141312K), 0,0024297 secs]
670,742: [GC (Allocation Failure)  101170K->69762K(141312K), 0,0008871 secs]
670,765: [GC (Allocation Failure)  96386K->75570K(141312K), 0,0016704 secs]
670,798: [GC (Allocation Failure)  102194K->70562K(141312K), 0,0007996 secs]
670,820: [GC (Allocation Failure)  97186K->76402K(140288K), 0,0064256 secs]
670,859: [GC (Allocation Failure)  102002K->70530K(140800K), 0,0007428 secs]
670,880: [GC (Allocation Failure)  96130K->75282K(140288K), 0,0014487 secs]
670,913: [GC (Allocation Failure)  100882K->69442K(140800K), 0,0014956 secs]
670,935: [GC (Allocation Failure)  95042K->74194K(141312K), 0,0013214 secs]
670,969: [GC (Allocation Failure)  100818K->69346K(141312K), 0,0045848 secs]
670,995: [GC (Allocation Failure)  95970K->75218K(141312K), 0,0024762 secs]
671,030: [GC (Allocation Failure)  101842K->70402K(141312K), 0,0015286 secs]
671,053: [GC (Allocation Failure)  97026K->76250K(140800K), 0,0014243 secs]
671,087: [GC (Allocation Failure)  102874K->71442K(141312K), 0,0027465 secs]
671,111: [GC (Allocation Failure)  98066K->77282K(139776K), 0,0016380 secs]
671,144: [GC (Allocation Failure)  102882K->71450K(140800K), 0,0020017 secs]
671,168: [GC (Allocation Failure)  97050K->76202K(140288K), 0,0015534 secs]
671,202: [GC (Allocation Failure)  101802K->70362K(140800K), 0,0016508 secs]
671,225: [GC (Allocation Failure)  95962K->75146K(141312K), 0,0022583 secs]
671,259: [GC (Allocation Failure)  101258K->69818K(140800K), 0,0007979 secs]
671,281: [GC (Allocation Failure)  95930K->75122K(141312K), 0,0016485 secs]
671,314: [GC (Allocation Failure)  101746K->70338K(141312K), 0,0016779 secs]
671,337: [GC (Allocation Failure)  96962K->76146K(140288K), 0,0016114 secs]
671,373: [GC (Allocation Failure)  101746K->70274K(140800K), 0,0029349 secs]
671,404: [GC (Allocation Failure)  95874K->75090K(141312K), 0,0041962 secs]
671,442: [GC (Allocation Failure)  101714K->70274K(141312K), 0,0036951 secs]
671,471: [GC (Allocation Failure)  96898K->76122K(141312K), 0,0029573 secs]
671,509: [GC (Allocation Failure)  102746K->71274K(141312K), 0,0020205 secs]
671,535: [GC (Allocation Failure)  97898K->77154K(140288K), 0,0029022 secs]
671,574: [GC (Allocation Failure)  102754K->71282K(140800K), 0,0032294 secs]
671,601: [GC (Allocation Failure)  96882K->76066K(140288K), 0,0038903 secs]
671,638: [GC (Allocation Failure)  101666K->70234K(140800K), 0,0030007 secs]
671,663: [GC (Allocation Failure)  95834K->75018K(141312K), 0,0018670 secs]
671,698: [GC (Allocation Failure)  101642K->70202K(141312K), 0,0029431 secs]
671,724: [GC (Allocation Failure)  96826K->76042K(141312K), 0,0021832 secs]
671,759: [GC (Allocation Failure)  102666K->71226K(141312K), 0,0023810 secs]
671,785: [GC (Allocation Failure)  97850K->77034K(140288K), 0,0032678 secs]
671,822: [GC (Allocation Failure)  102634K->71194K(140800K), 0,0014636 secs]
671,847: [GC (Allocation Failure)  96794K->75986K(140288K), 0,0018848 secs]
671,881: [GC (Allocation Failure)  101586K->70114K(140800K), 0,0024661 secs]
671,905: [GC (Allocation Failure)  95714K->74898K(141312K), 0,0030811 secs]
671,941: [GC (Allocation Failure)  101522K->70114K(141312K), 0,0010034 secs]
671,964: [GC (Allocation Failure)  96738K->75954K(141312K), 0,0028290 secs]
672,000: [GC (Allocation Failure)  102578K->71146K(141312K), 0,0010806 secs]
672,024: [GC (Allocation Failure)  97770K->76994K(139776K), 0,0020386 secs]
672,058: [GC (Allocation Failure)  102594K->71122K(140800K), 0,0031042 secs]
672,089: [GC (Allocation Failure)  96722K->75906K(141312K), 0,0041321 secs]
672,127: [GC (Allocation Failure)  102530K->71090K(141312K), 0,0023699 secs]
672,153: [GC (Allocation Failure)  97714K->76930K(140288K), 0,0027506 secs]
672,190: [GC (Allocation Failure)  102530K->71026K(140800K), 0,0069826 secs]
672,219: [GC (Allocation Failure)  96626K->75842K(141312K), 0,0047761 secs]
672,260: [GC (Allocation Failure)  102466K->71058K(141312K), 0,0044795 secs]
672,288: [GC (Allocation Failure)  97682K->76866K(140288K), 0,0022720 secs]
672,323: [GC (Allocation Failure)  102466K->71026K(140800K), 0,0030702 secs]
672,350: [GC (Allocation Failure)  96626K->75778K(141312K), 0,0045718 secs]
672,392: [GC (Allocation Failure)  102402K->71002K(141312K), 0,0030630 secs]
672,423: [GC (Allocation Failure)  97626K->76818K(140288K), 0,0048164 secs]
672,465: [GC (Allocation Failure)  102418K->71010K(140800K), 0,0057907 secs]
672,497: [GC (Allocation Failure)  96610K->75794K(141312K), 0,0025923 secs]
672,533: [GC (Allocation Failure)  102418K->70946K(141312K), 0,0017282 secs]
672,560: [GC (Allocation Failure)  97570K->76762K(141312K), 0,0029109 secs]
672,601: [GC (Allocation Failure)  103386K->71978K(141312K), 0,0033208 secs]
672,632: [GC (Allocation Failure)  98602K->77762K(140288K), 0,0029368 secs]
672,669: [GC (Allocation Failure)  103362K->71922K(140800K), 0,0019549 secs]
672,695: [GC (Allocation Failure)  97522K->76778K(140288K), 0,0027113 secs]
672,731: [GC (Allocation Failure)  102378K->70906K(140800K), 0,0025165 secs]
672,758: [GC (Allocation Failure)  96506K->75658K(141312K), 0,0041602 secs]
672,799: [GC (Allocation Failure)  102282K->70874K(141312K), 0,0047759 secs]
672,828: [GC (Allocation Failure)  97498K->76714K(141312K), 0,0027722 secs]
672,866: [GC (Allocation Failure)  103338K->71898K(141312K), 0,0062681 secs]
672,896: [GC (Allocation Failure)  98522K->77706K(140288K), 0,0020911 secs]
672,930: [GC (Allocation Failure)  103306K->71866K(140800K), 0,0069905 secs]
672,959: [GC (Allocation Failure)  97466K->76618K(140288K), 0,0042911 secs]
672,996: [GC (Allocation Failure)  102218K->70810K(140800K), 0,0008930 secs]
673,019: [GC (Allocation Failure)  96410K->75602K(141312K), 0,0014553 secs]
673,053: [GC (Allocation Failure)  102226K->70786K(141312K), 0,0043220 secs]
673,086: [GC (Allocation Failure)  97410K->76594K(141312K), 0,0084249 secs]
673,133: [GC (Allocation Failure)  103218K->71810K(141312K), 0,0054675 secs]
673,162: [GC (Allocation Failure)  98434K->77626K(139776K), 0,0029090 secs]
673,199: [GC (Allocation Failure)  103226K->71786K(140800K), 0,0017645 secs]
673,225: [GC (Allocation Failure)  97386K->76602K(141312K), 0,0026948 secs]
673,263: [GC (Allocation Failure)  103226K->71754K(141312K), 0,0017843 secs]
673,290: [GC (Allocation Failure)  98378K->77562K(140288K), 0,0036452 secs]
673,329: [GC (Allocation Failure)  103162K->71754K(140800K), 0,0018321 secs]
673,356: [GC (Allocation Failure)  97354K->76546K(141312K), 0,0028899 secs]
673,395: [GC (Allocation Failure)  103170K->71730K(141312K), 0,0030669 secs]
673,427: [GC (Allocation Failure)  98354K->77546K(140288K), 0,0050644 secs]
673,467: [GC (Allocation Failure)  103146K->71706K(140800K), 0,0041921 secs]
673,495: [GC (Allocation Failure)  97306K->76498K(141312K), 0,0019638 secs]
673,529: [GC (Allocation Failure)  103122K->71650K(141312K), 0,0012192 secs]
673,560: [GC (Allocation Failure)  98274K->77490K(140288K), 0,0028944 secs]
673,596: [GC (Allocation Failure)  103090K->71650K(140800K), 0,0007055 secs]
673,618: [GC (Allocation Failure)  97250K->76434K(141312K), 0,0022260 secs]
673,652: [GC (Allocation Failure)  103058K->71618K(141312K), 0,0055540 secs]
673,679: [GC (Allocation Failure)  98242K->77426K(140288K), 0,0015582 secs]
673,712: [GC (Allocation Failure)  103026K->71618K(140800K), 0,0010506 secs]
673,735: [GC (Allocation Failure)  97218K->76402K(141312K), 0,0013524 secs]
673,767: [GC (Allocation Failure)  103026K->71554K(141312K), 0,0111786 secs]
673,800: [GC (Allocation Failure)  98178K->77402K(141312K), 0,0014073 secs]
673,833: [GC (Allocation Failure)  104026K->72618K(141312K), 0,0015561 secs]
673,855: [GC (Allocation Failure)  99242K->78394K(140288K), 0,0016298 secs]
673,893: [GC (Allocation Failure)  103994K->72586K(140800K), 0,0045206 secs]
673,921: [GC (Allocation Failure)  98186K->77338K(140288K), 0,0023254 secs]
673,956: [GC (Allocation Failure)  102938K->71530K(140800K), 0,0012116 secs]
673,979: [GC (Allocation Failure)  97130K->76314K(141312K), 0,0020587 secs]
674,018: [GC (Allocation Failure)  102938K->71530K(141312K), 0,0029140 secs]
674,049: [GC (Allocation Failure)  98154K->77306K(141312K), 0,0040841 secs]
674,088: [GC (Allocation Failure)  103930K->72522K(141312K), 0,0019115 secs]
674,114: [GC (Allocation Failure)  99146K->78330K(140288K), 0,0063982 secs]
674,152: [GC (Allocation Failure)  103930K->72458K(140800K), 0,0012189 secs]
674,175: [GC (Allocation Failure)  98058K->77306K(140288K), 0,0034192 secs]
674,211: [GC (Allocation Failure)  102906K->71434K(140800K), 0,0065290 secs]
674,239: [GC (Allocation Failure)  97034K->76218K(141312K), 0,0019606 secs]
674,274: [GC (Allocation Failure)  102842K->71410K(141312K), 0,0008555 secs]
674,297: [GC (Allocation Failure)  98034K->77218K(141312K), 0,0014899 secs]
674,331: [GC (Allocation Failure)  103842K->72434K(141312K), 0,0008696 secs]
674,354: [GC (Allocation Failure)  99058K->78242K(139776K), 0,0016665 secs]
674,388: [GC (Allocation Failure)  103842K->72402K(140800K), 0,0009623 secs]
674,411: [GC (Allocation Failure)  98002K->77186K(141312K), 0,0015910 secs]
674,445: [GC (Allocation Failure)  103810K->72378K(141312K), 0,0019000 secs]
674,473: [GC (Allocation Failure)  99002K->78194K(140288K), 0,0046467 secs]
674,512: [GC (Allocation Failure)  103794K->72378K(140800K), 0,0017811 secs]
674,538: [GC (Allocation Failure)  97978K->77170K(141312K), 0,0026594 secs]
674,574: [GC (Allocation Failure)  103794K->72402K(141312K), 0,0014984 secs]
674,599: [GC (Allocation Failure)  99026K->78210K(140288K), 0,0021750 secs]
674,633: [GC (Allocation Failure)  103810K->72370K(140800K), 0,0013207 secs]
674,657: [GC (Allocation Failure)  97970K->77122K(141312K), 0,0035848 secs]
674,694: [GC (Allocation Failure)  103746K->72338K(141312K), 0,0013202 secs]
674,719: [GC (Allocation Failure)  98962K->78178K(140288K), 0,0020935 secs]
674,753: [GC (Allocation Failure)  103778K->72306K(140800K), 0,0058267 secs]
674,781: [GC (Allocation Failure)  97906K->77026K(141312K), 0,0021398 secs]
674,816: [GC (Allocation Failure)  103650K->72114K(141312K), 0,0041723 secs]
674,842: [GC (Allocation Failure)  98738K->77930K(141312K), 0,0021537 secs]
674,876: [GC (Allocation Failure)  104554K->73122K(141312K), 0,0015868 secs]
674,899: [GC (Allocation Failure)  99745K->78898K(140288K), 0,0043833 secs]
674,936: [GC (Allocation Failure)  104498K->73034K(140800K), 0,0022427 secs]
674,960: [GC (Allocation Failure)  98634K->77818K(140288K), 0,0023497 secs]
674,995: [GC (Allocation Failure)  103418K->71914K(140800K), 0,0012454 secs]
675,021: [GC (Allocation Failure)  97514K->76698K(141312K), 0,0075462 secs]
675,062: [GC (Allocation Failure)  103322K->71914K(141312K), 0,0017960 secs]
675,089: [GC (Allocation Failure)  98538K->77722K(141312K), 0,0066612 secs]
675,129: [GC (Allocation Failure)  104346K->72906K(141312K), 0,0030450 secs]
675,155: [GC (Allocation Failure)  99530K->78786K(139776K), 0,0022776 secs]
675,190: [GC (Allocation Failure)  104386K->72914K(140800K), 0,0034848 secs]
675,220: [GC (Allocation Failure)  98514K->77698K(141312K), 0,0037926 secs]
675,258: [GC (Allocation Failure)  104322K->72890K(141312K), 0,0040996 secs]
675,286: [GC (Allocation Failure)  99514K->78666K(140288K), 0,0040527 secs]
675,322: [GC (Allocation Failure)  104266K->72890K(140800K), 0,0013024 secs]
675,347: [GC (Allocation Failure)  98490K->77642K(141312K), 0,0020551 secs]
675,381: [GC (Allocation Failure)  104266K->72858K(141312K), 0,0012635 secs]
675,406: [GC (Allocation Failure)  99482K->78634K(140288K), 0,0037459 secs]
675,442: [GC (Allocation Failure)  104234K->72826K(140800K), 0,0013053 secs]
675,466: [GC (Allocation Failure)  98426K->77618K(141312K), 0,0018823 secs]
675,501: [GC (Allocation Failure)  104242K->72770K(141312K), 0,0030584 secs]
675,527: [GC (Allocation Failure)  99394K->78610K(140288K), 0,0027134 secs]
675,562: [GC (Allocation Failure)  104210K->72802K(140800K), 0,0012752 secs]
675,586: [GC (Allocation Failure)  98402K->77594K(141312K), 0,0019714 secs]
675,621: [GC (Allocation Failure)  104218K->72746K(141312K), 0,0017888 secs]
675,646: [GC (Allocation Failure)  99370K->78562K(141312K), 0,0036911 secs]
675,682: [GC (Allocation Failure)  105186K->73778K(141312K), 0,0045394 secs]
675,710: [GC (Allocation Failure)  100402K->79586K(140288K), 0,0021999 secs]
675,744: [GC (Allocation Failure)  105186K->73778K(140800K), 0,0059600 secs]
675,773: [GC (Allocation Failure)  99378K->78538K(140288K), 0,0037884 secs]
675,809: [GC (Allocation Failure)  104138K->72730K(140800K), 0,0011927 secs]
675,832: [GC (Allocation Failure)  98330K->77482K(141312K), 0,0018345 secs]
675,867: [GC (Allocation Failure)  104106K->72698K(141312K), 0,0012481 secs]
675,891: [GC (Allocation Failure)  99322K->78506K(141312K), 0,0025999 secs]
675,926: [GC (Allocation Failure)  105130K->73690K(141312K), 0,0056685 secs]
675,955: [GC (Allocation Failure)  100314K->79530K(140288K), 0,0028783 secs]
675,992: [GC (Allocation Failure)  105130K->73658K(140800K), 0,0017403 secs]
676,017: [GC (Allocation Failure)  99258K->78450K(140288K), 0,0026124 secs]
676,052: [GC (Allocation Failure)  104050K->72610K(140800K), 0,0062429 secs]
676,083: [GC (Allocation Failure)  98210K->77402K(141312K), 0,0050589 secs]
676,121: [GC (Allocation Failure)  104026K->72586K(141312K), 0,0011442 secs]
676,146: [GC (Allocation Failure)  99210K->78394K(141312K), 0,0037095 secs]
676,182: [GC (Allocation Failure)  105018K->73578K(141312K), 0,0023841 secs]
676,208: [GC (Allocation Failure)  100202K->79386K(140288K), 0,0038072 secs]
676,245: [GC (Allocation Failure)  104986K->73610K(140800K), 0,0030997 secs]
676,270: [GC (Allocation Failure)  99210K->78362K(141312K), 0,0036309 secs]
676,307: [GC (Allocation Failure)  104986K->73546K(141312K), 0,0023301 secs]
676,333: [GC (Allocation Failure)  100170K->79362K(140288K), 0,0021442 secs]
676,367: [GC (Allocation Failure)  104962K->73530K(140800K), 0,0023569 secs]
676,393: [GC (Allocation Failure)  99130K->78322K(141312K), 0,0020738 secs]
676,427: [GC (Allocation Failure)  104946K->73578K(141312K), 0,0012482 secs]
676,451: [GC (Allocation Failure)  100202K->79362K(140288K), 0,0022956 secs]
676,486: [GC (Allocation Failure)  104962K->73522K(140800K), 0,0013276 secs]
676,510: [GC (Allocation Failure)  99122K->78282K(141312K), 0,0019284 secs]
676,545: [GC (Allocation Failure)  104906K->73498K(141312K), 0,0018914 secs]
676,570: [GC (Allocation Failure)  100122K->79346K(140288K), 0,0020852 secs]
676,604: [GC (Allocation Failure)  104946K->73474K(140800K), 0,0030595 secs]
676,629: [GC (Allocation Failure)  99074K->78290K(141312K), 0,0019281 secs]
676,664: [GC (Allocation Failure)  104914K->73474K(141312K), 0,0012593 secs]
676,688: [GC (Allocation Failure)  100098K->79282K(140288K), 0,0027200 secs]
676,723: [GC (Allocation Failure)  104882K->73442K(140800K), 0,0012990 secs]
676,747: [GC (Allocation Failure)  99042K->78234K(141312K), 0,0019737 secs]
676,782: [GC (Allocation Failure)  104858K->73418K(141312K), 0,0039930 secs]
676,809: [GC (Allocation Failure)  100042K->79226K(141312K), 0,0020612 secs]
676,843: [GC (Allocation Failure)  105850K->74442K(141312K), 0,0014737 secs]
676,868: [GC (Allocation Failure)  101066K->80258K(140288K), 0,0032679 secs]
676,903: [GC (Allocation Failure)  105858K->74450K(140800K), 0,0014105 secs]
676,928: [GC (Allocation Failure)  100050K->79202K(140288K), 0,0035675 secs]
676,964: [GC (Allocation Failure)  104802K->73362K(140800K), 0,0029250 secs]
676,989: [GC (Allocation Failure)  98962K->78114K(141312K), 0,0035404 secs]
677,026: [GC (Allocation Failure)  104738K->73338K(141312K), 0,0011821 secs]
677,050: [GC (Allocation Failure)  99962K->79114K(141312K), 0,0035800 secs]
677,086: [GC (Allocation Failure)  105738K->74330K(141312K), 0,0047184 secs]
677,114: [GC (Allocation Failure)  100954K->80170K(140288K), 0,0036438 secs]
677,154: [GC (Allocation Failure)  105770K->74298K(140800K), 0,0046859 secs]
677,182: [GC (Allocation Failure)  99898K->79122K(140288K), 0,0026492 secs]
677,218: [GC (Allocation Failure)  104722K->73282K(140800K), 0,0021769 secs]
677,242: [GC (Allocation Failure)  98882K->78034K(141312K), 0,0027354 secs]
677,278: [GC (Allocation Failure)  104658K->73226K(141312K), 0,0010104 secs]
677,301: [GC (Allocation Failure)  99850K->79098K(141312K), 0,0017192 secs]
677,336: [GC (Allocation Failure)  105722K->74282K(141312K), 0,0010571 secs]
677,366: [GC (Allocation Failure)  100906K->80066K(139776K), 0,0084463 secs]
677,413: [GC (Allocation Failure)  105666K->74226K(140800K), 0,0033518 secs]
677,444: [GC (Allocation Failure)  99826K->79042K(141312K), 0,0040661 secs]
677,483: [GC (Allocation Failure)  105666K->74194K(141312K), 0,0042567 secs]
677,511: [GC (Allocation Failure)  100818K->80066K(140288K), 0,0083647 secs]
677,550: [GC (Allocation Failure)  105666K->74162K(140800K), 0,0012757 secs]
677,573: [GC (Allocation Failure)  99762K->78978K(141312K), 0,0013997 secs]
677,606: [GC (Allocation Failure)  105602K->74162K(141312K), 0,0032255 secs]
677,631: [GC (Allocation Failure)  100786K->80002K(140288K), 0,0014595 secs]
677,663: [GC (Allocation Failure)  105602K->74162K(140800K), 0,0008254 secs]
677,685: [GC (Allocation Failure)  99762K->78946K(141312K), 0,0022108 secs]
677,718: [GC (Allocation Failure)  105570K->74130K(141312K), 0,0007299 secs]
677,739: [GC (Allocation Failure)  100754K->79938K(140288K), 0,0015816 secs]
677,771: [GC (Allocation Failure)  105538K->74074K(140800K), 0,0008195 secs]
677,794: [GC (Allocation Failure)  99674K->78890K(141312K), 0,0015304 secs]
677,827: [GC (Allocation Failure)  105514K->74074K(141312K), 0,0008603 secs]
677,850: [GC (Allocation Failure)  100698K->79890K(140288K), 0,0016103 secs]
677,884: [GC (Allocation Failure)  105490K->74082K(140800K), 0,0011083 secs]
677,907: [GC (Allocation Failure)  99682K->78834K(141312K), 0,0015095 secs]
677,940: [GC (Allocation Failure)  105458K->74050K(141312K), 0,0008620 secs]
677,963: [GC (Allocation Failure)  100674K->79890K(141312K), 0,0015733 secs]
677,997: [GC (Allocation Failure)  106514K->75042K(141312K), 0,0022777 secs]
678,022: [GC (Allocation Failure)  101666K->80882K(140288K), 0,0018112 secs]
678,060: [GC (Allocation Failure)  106482K->75010K(140800K), 0,0035929 secs]
678,087: [GC (Allocation Failure)  100610K->79794K(140288K), 0,0032068 secs]
678,124: [GC (Allocation Failure)  105394K->73954K(140800K), 0,0055445 secs]
678,153: [GC (Allocation Failure)  99554K->78770K(141312K), 0,0014002 secs]
678,186: [GC (Allocation Failure)  105394K->73922K(141312K), 0,0016838 secs]
678,208: [GC (Allocation Failure)  100546K->79762K(141312K), 0,0021064 secs]
678,241: [GC (Allocation Failure)  106386K->74946K(141312K), 0,0009267 secs]
678,264: [GC (Allocation Failure)  101570K->80754K(140288K), 0,0015128 secs]
678,296: [GC (Allocation Failure)  106354K->74914K(140800K), 0,0017192 secs]
678,319: [GC (Allocation Failure)  100514K->79706K(140288K), 0,0023557 secs]
678,358: [GC (Allocation Failure)  105306K->73898K(140800K), 0,0030172 secs]
678,388: [GC (Allocation Failure)  99498K->78650K(141312K), 0,0020511 secs]
678,422: [GC (Allocation Failure)  105274K->73866K(141312K), 0,0028865 secs]
678,451: [GC (Allocation Failure)  100490K->79642K(141312K), 0,0045495 secs]
678,491: [GC (Allocation Failure)  106266K->74890K(141312K), 0,0017769 secs]
678,518: [GC (Allocation Failure)  101514K->80666K(139776K), 0,0045179 secs]
678,555: [GC (Allocation Failure)  106266K->74858K(140800K), 0,0042741 secs]
678,588: [GC (Allocation Failure)  100458K->79610K(141312K), 0,0070689 secs]
678,628: [GC (Allocation Failure)  106234K->74858K(141312K), 0,0010335 secs]
678,651: [GC (Allocation Failure)  101482K->80666K(140288K), 0,0018068 secs]
678,690: [GC (Allocation Failure)  106266K->74826K(140800K), 0,0031514 secs]
678,722: [GC (Allocation Failure)  100426K->79586K(141312K), 0,0045232 secs]
678,764: [GC (Allocation Failure)  106210K->74738K(141312K), 0,0052732 secs]
678,792: [GC (Allocation Failure)  101362K->80354K(141312K), 0,0026554 secs]
678,825: [GC (Allocation Failure)  106978K->75570K(141312K), 0,0032501 secs]
678,850: [GC (Allocation Failure)  102194K->81410K(140288K), 0,0024283 secs]
678,884: [GC (Allocation Failure)  107010K->75570K(140800K), 0,0009293 secs]
678,907: [GC (Allocation Failure)  101170K->80290K(140288K), 0,0016744 secs]
678,939: [GC (Allocation Failure)  105890K->74418K(140800K), 0,0015561 secs]
678,961: [GC (Allocation Failure)  100018K->79202K(141312K), 0,0012378 secs]
678,994: [GC (Allocation Failure)  105314K->73810K(140800K), 0,0028405 secs]
679,018: [GC (Allocation Failure)  99922K->79138K(141312K), 0,0027175 secs]
679,053: [GC (Allocation Failure)  105762K->74258K(141312K), 0,0014646 secs]
679,080: [GC (Allocation Failure)  100882K->80130K(140800K), 0,0088246 secs]
679,123: [GC (Allocation Failure)  106754K->75346K(141312K), 0,0062160 secs]
679,153: [GC (Allocation Failure)  101970K->81154K(139776K), 0,0042749 secs]
679,190: [GC (Allocation Failure)  106754K->75314K(140800K), 0,0013363 secs]
679,215: [GC (Allocation Failure)  100914K->80098K(141312K), 0,0037130 secs]
679,251: [GC (Allocation Failure)  106722K->75314K(141312K), 0,0012885 secs]
679,276: [GC (Allocation Failure)  101938K->81090K(140288K), 0,0037232 secs]
679,312: [GC (Allocation Failure)  106690K->75250K(140800K), 0,0015898 secs]
679,336: [GC (Allocation Failure)  100850K->80034K(141312K), 0,0023297 secs]
679,377: [GC (Allocation Failure)  106658K->75226K(141312K), 0,0061469 secs]
679,411: [GC (Allocation Failure)  101850K->81074K(140288K), 0,0048742 secs]
679,453: [GC (Allocation Failure)  106674K->75234K(140800K), 0,0051215 secs]
679,483: [GC (Allocation Failure)  100834K->79986K(141312K), 0,0027342 secs]
679,520: [GC (Allocation Failure)  106610K->75210K(141312K), 0,0046394 secs]
679,549: [GC (Allocation Failure)  101834K->81018K(140288K), 0,0046118 secs]
679,586: [GC (Allocation Failure)  106618K->75178K(140800K), 0,0041854 secs]
679,612: [GC (Allocation Failure)  100778K->79994K(141312K), 0,0036224 secs]
679,649: [GC (Allocation Failure)  106618K->75146K(141312K), 0,0024815 secs]
679,673: [GC (Allocation Failure)  101770K->80986K(140288K), 0,0070428 secs]
679,712: [GC (Allocation Failure)  106586K->75146K(140800K), 0,0016667 secs]
679,735: [GC (Allocation Failure)  100746K->79898K(141312K), 0,0024189 secs]
679,770: [GC (Allocation Failure)  106522K->75162K(141312K), 0,0007430 secs]
679,791: [GC (Allocation Failure)  101786K->80938K(141312K), 0,0016678 secs]
679,824: [GC (Allocation Failure)  107562K->76154K(141312K), 0,0011840 secs]
679,849: [GC (Allocation Failure)  102778K->81962K(140288K), 0,0078460 secs]
679,895: [GC (Allocation Failure)  107562K->76122K(140800K), 0,0033514 secs]
679,926: [GC (Allocation Failure)  101722K->80946K(140288K), 0,0048887 secs]
679,965: [GC (Allocation Failure)  106546K->75074K(140800K), 0,0039120 secs]
679,994: [GC (Allocation Failure)  100674K->79866K(141312K), 0,0026736 secs]
680,030: [GC (Allocation Failure)  105978K->74506K(140800K), 0,0012589 secs]
680,056: [GC (Allocation Failure)  100618K->79842K(141312K), 0,0044927 secs]
680,098: [GC (Allocation Failure)  106466K->75026K(141312K), 0,0029592 secs]
680,129: [GC (Allocation Failure)  101650K->80834K(141312K), 0,0062174 secs]
680,168: [GC (Allocation Failure)  107458K->76018K(141312K), 0,0019328 secs]
680,192: [GC (Allocation Failure)  102642K->81826K(139776K), 0,0017725 secs]
680,227: [GC (Allocation Failure)  107426K->76026K(140800K), 0,0022957 secs]
680,251: [GC (Allocation Failure)  101626K->80778K(141312K), 0,0026554 secs]
680,285: [GC (Allocation Failure)  107402K->76058K(141312K), 0,0009239 secs]
680,308: [GC (Allocation Failure)  102682K->81834K(140288K), 0,0026907 secs]
680,343: [GC (Allocation Failure)  107434K->75962K(140800K), 0,0009073 secs]
680,366: [GC (Allocation Failure)  101562K->80778K(140288K), 0,0015183 secs]
680,400: [GC (Allocation Failure)  106378K->74906K(140800K), 0,0020821 secs]
680,424: [GC (Allocation Failure)  100506K->79722K(141312K), 0,0015727 secs]
680,458: [GC (Allocation Failure)  106346K->74874K(141312K), 0,0018960 secs]
680,482: [GC (Allocation Failure)  101498K->80682K(141312K), 0,0025915 secs]
680,517: [GC (Allocation Failure)  107306K->75898K(141312K), 0,0027994 secs]
680,542: [GC (Allocation Failure)  102522K->81706K(139776K), 0,0029785 secs]
680,582: [GC (Allocation Failure)  107306K->75874K(140800K), 0,0033115 secs]
680,613: [GC (Allocation Failure)  101474K->80658K(141312K), 0,0049811 secs]
680,653: [GC (Allocation Failure)  107282K->75874K(141312K), 0,0030998 secs]
680,685: [GC (Allocation Failure)  102498K->81682K(140288K), 0,0049540 secs]
680,728: [GC (Allocation Failure)  107282K->75842K(140800K), 0,0055313 secs]
680,757: [GC (Allocation Failure)  101442K->80626K(141312K), 0,0019221 secs]
680,791: [GC (Allocation Failure)  107250K->75826K(141312K), 0,0013355 secs]
680,816: [GC (Allocation Failure)  102450K->81666K(140288K), 0,0023756 secs]
680,851: [GC (Allocation Failure)  107266K->75794K(140800K), 0,0017533 secs]
680,875: [GC (Allocation Failure)  101394K->80546K(141312K), 0,0032933 secs]
680,911: [GC (Allocation Failure)  107170K->75762K(141312K), 0,0022382 secs]
680,936: [GC (Allocation Failure)  102386K->81602K(141312K), 0,0022117 secs]
680,970: [GC (Allocation Failure)  108226K->76786K(141312K), 0,0030976 secs]
680,996: [GC (Allocation Failure)  103410K->82626K(140288K), 0,0022273 secs]
681,030: [GC (Allocation Failure)  108226K->76786K(140800K), 0,0015434 secs]
681,056: [GC (Allocation Failure)  102386K->81538K(140288K), 0,0049381 secs]
681,098: [GC (Allocation Failure)  107138K->75698K(140800K), 0,0042836 secs]
681,131: [GC (Allocation Failure)  101298K->80482K(141312K), 0,0044493 secs]
681,169: [GC (Allocation Failure)  106594K->75154K(140800K), 0,0019621 secs]
681,193: [GC (Allocation Failure)  101266K->80450K(141312K), 0,0016580 secs]
681,228: [GC (Allocation Failure)  107074K->75666K(141312K), 0,0010281 secs]
681,251: [GC (Allocation Failure)  102290K->81442K(141312K), 0,0017229 secs]
681,286: [GC (Allocation Failure)  108066K->76658K(141312K), 0,0011300 secs]
681,309: [GC (Allocation Failure)  103282K->82498K(139776K), 0,0019143 secs]
681,344: [GC (Allocation Failure)  108098K->76626K(140800K), 0,0011800 secs]
681,367: [GC (Allocation Failure)  102226K->81410K(140288K), 0,0017700 secs]
681,402: [GC (Allocation Failure)  107010K->75570K(140800K), 0,0010273 secs]
681,425: [GC (Allocation Failure)  101170K->80322K(141312K), 0,0028298 secs]
681,461: [GC (Allocation Failure)  106946K->75538K(141312K), 0,0026227 secs]
681,486: [GC (Allocation Failure)  102162K->81378K(141312K), 0,0017402 secs]
681,521: [GC (Allocation Failure)  108002K->76530K(141312K), 0,0019206 secs]
681,545: [GC (Allocation Failure)  103154K->82370K(139776K), 0,0032550 secs]
681,581: [GC (Allocation Failure)  107970K->76562K(140800K), 0,0019596 secs]
681,604: [GC (Allocation Failure)  102162K->81314K(141312K), 0,0015394 secs]
681,638: [GC (Allocation Failure)  107938K->76530K(141312K), 0,0010939 secs]
681,661: [GC (Allocation Failure)  103154K->82346K(140288K), 0,0016957 secs]
681,695: [GC (Allocation Failure)  107946K->76482K(140800K), 0,0023349 secs]
681,722: [GC (Allocation Failure)  102082K->81298K(141312K), 0,0027568 secs]
681,758: [GC (Allocation Failure)  107922K->76482K(141312K), 0,0036145 secs]
681,784: [GC (Allocation Failure)  103106K->82258K(140288K), 0,0037096 secs]
681,821: [GC (Allocation Failure)  107858K->76466K(140800K), 0,0022120 secs]
681,848: [GC (Allocation Failure)  102066K->81250K(141312K), 0,0054026 secs]
681,887: [GC (Allocation Failure)  107874K->76434K(141312K), 0,0038998 secs]
681,916: [GC (Allocation Failure)  103058K->82274K(140288K), 0,0028477 secs]
681,952: [GC (Allocation Failure)  107874K->76434K(140800K), 0,0012082 secs]
681,975: [GC (Allocation Failure)  102034K->81186K(141312K), 0,0031531 secs]
682,011: [GC (Allocation Failure)  107810K->76402K(141312K), 0,0021911 secs]
682,035: [GC (Allocation Failure)  103026K->82210K(141312K), 0,0014432 secs]
682,068: [GC (Allocation Failure)  108834K->77426K(141312K), 0,0017893 secs]
682,091: [GC (Allocation Failure)  104050K->83202K(140288K), 0,0034648 secs]
682,126: [GC (Allocation Failure)  108802K->77362K(140800K), 0,0010433 secs]
682,149: [GC (Allocation Failure)  102962K->82178K(140288K), 0,0014915 secs]
682,182: [GC (Allocation Failure)  107778K->76306K(140800K), 0,0017280 secs]
682,204: [GC (Allocation Failure)  101906K->81090K(141312K), 0,0022772 secs]
682,241: [GC (Allocation Failure)  107202K->75762K(140800K), 0,0014798 secs]
682,265: [GC (Allocation Failure)  101874K->81058K(141312K), 0,0021864 secs]
682,298: [GC (Allocation Failure)  107682K->76274K(141312K), 0,0023289 secs]
682,321: [GC (Allocation Failure)  102898K->82082K(141312K), 0,0022333 secs]
682,354: [GC (Allocation Failure)  108706K->77266K(141312K), 0,0015763 secs]
682,378: [GC (Allocation Failure)  103890K->83114K(139776K), 0,0023366 secs]
682,412: [GC (Allocation Failure)  108714K->77274K(140800K), 0,0008544 secs]
682,433: [GC (Allocation Failure)  102874K->82026K(140288K), 0,0021857 secs]
682,470: [GC (Allocation Failure)  107626K->76218K(140800K), 0,0018913 secs]
682,494: [GC (Allocation Failure)  101818K->80970K(141312K), 0,0029802 secs]
682,528: [GC (Allocation Failure)  107594K->76154K(141312K), 0,0007611 secs]
682,549: [GC (Allocation Failure)  102778K->81994K(141312K), 0,0025864 secs]
682,588: [GC (Allocation Failure)  108618K->77210K(141312K), 0,0014908 secs]
682,616: [GC (Allocation Failure)  103834K->83018K(139776K), 0,0057186 secs]
682,656: [GC (Allocation Failure)  108618K->77210K(140800K), 0,0015814 secs]
682,681: [GC (Allocation Failure)  102810K->81930K(141312K), 0,0029485 secs]
682,716: [GC (Allocation Failure)  108554K->77146K(141312K), 0,0023585 secs]
682,741: [GC (Allocation Failure)  103770K->82954K(140288K), 0,0030538 secs]
682,776: [GC (Allocation Failure)  108554K->77114K(140800K), 0,0032141 secs]
682,802: [GC (Allocation Failure)  102714K->81738K(141312K), 0,0047976 secs]
682,843: [GC (Allocation Failure)  108362K->76922K(141312K), 0,0008573 secs]
682,865: [GC (Allocation Failure)  103546K->82698K(140288K), 0,0038541 secs]
682,901: [GC (Allocation Failure)  108298K->76858K(140800K), 0,0040805 secs]
682,933: [GC (Allocation Failure)  102458K->81642K(141312K), 0,0048668 secs]
682,971: [GC (Allocation Failure)  108266K->76826K(141312K), 0,0022626 secs]
682,994: [GC (Allocation Failure)  103450K->82666K(141312K), 0,0029264 secs]
683,029: [GC (Allocation Failure)  109290K->77850K(141312K), 0,0008664 secs]
683,052: [GC (Allocation Failure)  104474K->83666K(140288K), 0,0015985 secs]
683,089: [GC (Allocation Failure)  109266K->77890K(140800K), 0,0019769 secs]
683,115: [GC (Allocation Failure)  103490K->82610K(140288K), 0,0021927 secs]
683,149: [GC (Allocation Failure)  108210K->76770K(140800K), 0,0013027 secs]
683,172: [GC (Allocation Failure)  102370K->81554K(141312K), 0,0016524 secs]
683,207: [GC (Allocation Failure)  108178K->76738K(141312K), 0,0022538 secs]
683,231: [GC (Allocation Failure)  103362K->82546K(141312K), 0,0044997 secs]
683,270: [GC (Allocation Failure)  109170K->77802K(141312K), 0,0036188 secs]
683,301: [GC (Allocation Failure)  104426K->83546K(140288K), 0,0038155 secs]
683,338: [GC (Allocation Failure)  109146K->77746K(140800K), 0,0023092 secs]
683,364: [GC (Allocation Failure)  103346K->82538K(140288K), 0,0020800 secs]
683,398: [GC (Allocation Failure)  108138K->76706K(140800K), 0,0007901 secs]
683,420: [GC (Allocation Failure)  102306K->81490K(141312K), 0,0012844 secs]
683,452: [GC (Allocation Failure)  108114K->76674K(141312K), 0,0007980 secs]
683,473: [GC (Allocation Failure)  103298K->82482K(141312K), 0,0014804 secs]
683,505: [GC (Allocation Failure)  109106K->77698K(141312K), 0,0017400 secs]
683,527: [GC (Allocation Failure)  104322K->83506K(139776K), 0,0019940 secs]
683,561: [GC (Allocation Failure)  109106K->77698K(140800K), 0,0034164 secs]
683,593: [GC (Allocation Failure)  103298K->82450K(141312K), 0,0051277 secs]
683,632: [GC (Allocation Failure)  109074K->77634K(141312K), 0,0037731 secs]
683,660: [GC (Allocation Failure)  104258K->83410K(140288K), 0,0063465 secs]
683,701: [GC (Allocation Failure)  109010K->77634K(140800K), 0,0047607 secs]
683,730: [GC (Allocation Failure)  103234K->82386K(141312K), 0,0047618 secs]
683,768: [GC (Allocation Failure)  109010K->77618K(141312K), 0,0010669 secs]
683,793: [GC (Allocation Failure)  104242K->83426K(140288K), 0,0063074 secs]
683,832: [GC (Allocation Failure)  109026K->77554K(140800K), 0,0027410 secs]
683,857: [GC (Allocation Failure)  103154K->82346K(141312K), 0,0035993 secs]
683,894: [GC (Allocation Failure)  108970K->77562K(141312K), 0,0017547 secs]
683,918: [GC (Allocation Failure)  104186K->83378K(140288K), 0,0016216 secs]
683,952: [GC (Allocation Failure)  108978K->77538K(140800K), 0,0009378 secs]
683,975: [GC (Allocation Failure)  103138K->82362K(141312K), 0,0014792 secs]
684,009: [GC (Allocation Failure)  108986K->77546K(141312K), 0,0009174 secs]
684,032: [GC (Allocation Failure)  104170K->83322K(141312K), 0,0015353 secs]
684,069: [GC (Allocation Failure)  109946K->78538K(141312K), 0,0064238 secs]
684,103: [GC (Allocation Failure)  105162K->84378K(140288K), 0,0054567 secs]
684,147: [GC (Allocation Failure)  109978K->78538K(140800K), 0,0033325 secs]
684,174: [GC (Allocation Failure)  104138K->83290K(140288K), 0,0021209 secs]
684,208: [GC (Allocation Failure)  108890K->77490K(140800K), 0,0013487 secs]
684,232: [GC (Allocation Failure)  103090K->82242K(141312K), 0,0025258 secs]
684,268: [GC (Allocation Failure)  108354K->76914K(140800K), 0,0013139 secs]
684,292: [GC (Allocation Failure)  103026K->82210K(141312K), 0,0035891 secs]
684,329: [GC (Allocation Failure)  108834K->77394K(141312K), 0,0043282 secs]
684,357: [GC (Allocation Failure)  104018K->83242K(141312K), 0,0020464 secs]
684,391: [GC (Allocation Failure)  109866K->78426K(141312K), 0,0024132 secs]
684,417: [GC (Allocation Failure)  105050K->84234K(139776K), 0,0022094 secs]
684,451: [GC (Allocation Failure)  109834K->78394K(140800K), 0,0023900 secs]
684,477: [GC (Allocation Failure)  103994K->83210K(140288K), 0,0028722 secs]
684,512: [GC (Allocation Failure)  108810K->77370K(140800K), 0,0013257 secs]
684,536: [GC (Allocation Failure)  102970K->82122K(141312K), 0,0019534 secs]
684,571: [GC (Allocation Failure)  108746K->77306K(141312K), 0,0012363 secs]
684,594: [GC (Allocation Failure)  103930K->83114K(141312K), 0,0053556 secs]
684,633: [GC (Allocation Failure)  109738K->78330K(141312K), 0,0035087 secs]
684,660: [GC (Allocation Failure)  104954K->84138K(139776K), 0,0052230 secs]
684,697: [GC (Allocation Failure)  109738K->78298K(140800K), 0,0014488 secs]
684,721: [GC (Allocation Failure)  103898K->83050K(141312K), 0,0038100 secs]
684,758: [GC (Allocation Failure)  109674K->78298K(141312K), 0,0029051 secs]
684,787: [GC (Allocation Failure)  104922K->84106K(140288K), 0,0082457 secs]
684,828: [GC (Allocation Failure)  109706K->78266K(140800K), 0,0011045 secs]
684,851: [GC (Allocation Failure)  103866K->83018K(141312K), 0,0030058 secs]
684,887: [GC (Allocation Failure)  109642K->78234K(141312K), 0,0019104 secs]
684,915: [GC (Allocation Failure)  104858K->84042K(140288K), 0,0058798 secs]
684,956: [GC (Allocation Failure)  109642K->78234K(140800K), 0,0015502 secs]
684,980: [GC (Allocation Failure)  103834K->82954K(141312K), 0,0043665 secs]
685,020: [GC (Allocation Failure)  109578K->78178K(141312K), 0,0018888 secs]
685,046: [GC (Allocation Failure)  104802K->84018K(140288K), 0,0036874 secs]
685,085: [GC (Allocation Failure)  109618K->78146K(140800K), 0,0043856 secs]
685,112: [GC (Allocation Failure)  103746K->82970K(141312K), 0,0019082 secs]
685,147: [GC (Allocation Failure)  109594K->78154K(141312K), 0,0027931 secs]
685,173: [GC (Allocation Failure)  104778K->83962K(140288K), 0,0047214 secs]
685,210: [GC (Allocation Failure)  109562K->78090K(140800K), 0,0015272 secs]
685,233: [GC (Allocation Failure)  103690K->82874K(141312K), 0,0032881 secs]
685,269: [GC (Allocation Failure)  109498K->78090K(141312K), 0,0022655 secs]
685,293: [GC (Allocation Failure)  104714K->83930K(141312K), 0,0019723 secs]
685,328: [GC (Allocation Failure)  110554K->79114K(141312K), 0,0050679 secs]
685,355: [GC (Allocation Failure)  105738K->84922K(140288K), 0,0030160 secs]
685,390: [GC (Allocation Failure)  110522K->79114K(140800K), 0,0020213 secs]
685,418: [GC (Allocation Failure)  104714K->83866K(140288K), 0,0046296 secs]
685,455: [GC (Allocation Failure)  109466K->78074K(140800K), 0,0016979 secs]
685,479: [GC (Allocation Failure)  103674K->82858K(141312K), 0,0035416 secs]
685,516: [GC (Allocation Failure)  109482K->78042K(141312K), 0,0013395 secs]
685,541: [GC (Allocation Failure)  104666K->83818K(141312K), 0,0042666 secs]
685,578: [GC (Allocation Failure)  110442K->79034K(141312K), 0,0014893 secs]
685,600: [GC (Allocation Failure)  105658K->84842K(140288K), 0,0016200 secs]
685,632: [GC (Allocation Failure)  110442K->79002K(140800K), 0,0017164 secs]
685,659: [GC (Allocation Failure)  104602K->83818K(140288K), 0,0046897 secs]
685,701: [GC (Allocation Failure)  109418K->77946K(140800K), 0,0028569 secs]
685,731: [GC (Allocation Failure)  103546K->82730K(141312K), 0,0044100 secs]
685,774: [GC (Allocation Failure)  109354K->77946K(141312K), 0,0043111 secs]
685,807: [GC (Allocation Failure)  104570K->83722K(141312K), 0,0045971 secs]
685,847: [GC (Allocation Failure)  110346K->78938K(141312K), 0,0034510 secs]
685,874: [GC (Allocation Failure)  105562K->84746K(139776K), 0,0037555 secs]
685,910: [GC (Allocation Failure)  110346K->78914K(140800K), 0,0047516 secs]
685,937: [GC (Allocation Failure)  104514K->83698K(141312K), 0,0025222 secs]
685,973: [GC (Allocation Failure)  110322K->78914K(141312K), 0,0010058 secs]
685,996: [GC (Allocation Failure)  105538K->84698K(140288K), 0,0017561 secs]
686,031: [GC (Allocation Failure)  110298K->78890K(140800K), 0,0010820 secs]
686,056: [GC (Allocation Failure)  104490K->83674K(141312K), 0,0046320 secs]
686,098: [GC (Allocation Failure)  110298K->78834K(141312K), 0,0036224 secs]
686,129: [GC (Allocation Failure)  105458K->84674K(140288K), 0,0046437 secs]
686,166: [GC (Allocation Failure)  110274K->78866K(140800K), 0,0012970 secs]
686,190: [GC (Allocation Failure)  104466K->83626K(141312K), 0,0021778 secs]
686,225: [GC (Allocation Failure)  110250K->78842K(141312K), 0,0013143 secs]
686,250: [GC (Allocation Failure)  105466K->84650K(140288K), 0,0021656 secs]
686,285: [GC (Allocation Failure)  110250K->78778K(140800K), 0,0014904 secs]
686,309: [GC (Allocation Failure)  104378K->83570K(141312K), 0,0019141 secs]
686,344: [GC (Allocation Failure)  110194K->78786K(141312K), 0,0016037 secs]
686,368: [GC (Allocation Failure)  105410K->84562K(141312K), 0,0025334 secs]
686,402: [GC (Allocation Failure)  111186K->79810K(141312K), 0,0017516 secs]
686,425: [GC (Allocation Failure)  106434K->85626K(140288K), 0,0024429 secs]
686,458: [GC (Allocation Failure)  111226K->79786K(140800K), 0,0016718 secs]
686,481: [GC (Allocation Failure)  105386K->84538K(140288K), 0,0026973 secs]
686,515: [GC (Allocation Failure)  110138K->78730K(140800K), 0,0016135 secs]
686,537: [GC (Allocation Failure)  104330K->83482K(141312K), 0,0013853 secs]
686,572: [GC (Allocation Failure)  110106K->78666K(141312K), 0,0067991 secs]
686,605: [GC (Allocation Failure)  105290K->84538K(141312K), 0,0029255 secs]
686,642: [GC (Allocation Failure)  111162K->79722K(141312K), 0,0029250 secs]
686,672: [GC (Allocation Failure)  106346K->85498K(140288K), 0,0073499 secs]
686,714: [GC (Allocation Failure)  111098K->79698K(140800K), 0,0019769 secs]
686,741: [GC (Allocation Failure)  105298K->84482K(140288K), 0,0027650 secs]
686,779: [GC (Allocation Failure)  110082K->78626K(140800K), 0,0017489 secs]
686,804: [GC (Allocation Failure)  104226K->83258K(141312K), 0,0019618 secs]
686,839: [GC (Allocation Failure)  109882K->78410K(141312K), 0,0025153 secs]
686,863: [GC (Allocation Failure)  105034K->84250K(141312K), 0,0014192 secs]
686,896: [GC (Allocation Failure)  110874K->79402K(141312K), 0,0008984 secs]
686,919: [GC (Allocation Failure)  106026K->85210K(139776K), 0,0015505 secs]
686,953: [GC (Allocation Failure)  110810K->79370K(140800K), 0,0007977 secs]
686,974: [GC (Allocation Failure)  104970K->84090K(141312K), 0,0022000 secs]
687,009: [GC (Allocation Failure)  110714K->79306K(141312K), 0,0007263 secs]
687,030: [GC (Allocation Failure)  105930K->85114K(141312K), 0,0025237 secs]
687,067: [GC (Allocation Failure)  111738K->80330K(141312K), 0,0033987 secs]
687,098: [GC (Allocation Failure)  106954K->86146K(140288K), 0,0044619 secs]
687,136: [GC (Allocation Failure)  111746K->80306K(140800K), 0,0035632 secs]
687,164: [GC (Allocation Failure)  105906K->85090K(140288K), 0,0075522 secs]
687,204: [GC (Allocation Failure)  110690K->79250K(140800K), 0,0038448 secs]
687,230: [GC (Allocation Failure)  104850K->84034K(141312K), 0,0024912 secs]
687,266: [GC (Allocation Failure)  110146K->78706K(140800K), 0,0025460 secs]
687,290: [GC (Allocation Failure)  104818K->84002K(141312K), 0,0028732 secs]
687,326: [GC (Allocation Failure)  110626K->79186K(141312K), 0,0023882 secs]
687,350: [GC (Allocation Failure)  105810K->85026K(141312K), 0,0017349 secs]
687,385: [GC (Allocation Failure)  111650K->80242K(141312K), 0,0011702 secs]
687,410: [GC (Allocation Failure)  106866K->86018K(140288K), 0,0042209 secs]
687,447: [GC (Allocation Failure)  111618K->80218K(140800K), 0,0021870 secs]
687,471: [GC (Allocation Failure)  105818K->84970K(140288K), 0,0019210 secs]
687,506: [GC (Allocation Failure)  110570K->79130K(140800K), 0,0069622 secs]
687,535: [GC (Allocation Failure)  104730K->83882K(141312K), 0,0018077 secs]
687,572: [GC (Allocation Failure)  110506K->79098K(141312K), 0,0038871 secs]
687,603: [GC (Allocation Failure)  105722K->84970K(141312K), 0,0028428 secs]
687,639: [GC (Allocation Failure)  111594K->80154K(141312K), 0,0013891 secs]
687,664: [GC (Allocation Failure)  106778K->86002K(140288K), 0,0022874 secs]
687,699: [GC (Allocation Failure)  111602K->80138K(140800K), 0,0013880 secs]
687,724: [GC (Allocation Failure)  105738K->84890K(140288K), 0,0021533 secs]
687,758: [GC (Allocation Failure)  110490K->79018K(140800K), 0,0032081 secs]
687,783: [GC (Allocation Failure)  104618K->83834K(141312K), 0,0019404 secs]
687,818: [GC (Allocation Failure)  110458K->79018K(141312K), 0,0039153 secs]
687,844: [GC (Allocation Failure)  105642K->84826K(141312K), 0,0036695 secs]
687,881: [GC (Allocation Failure)  111450K->80010K(141312K), 0,0028884 secs]
687,908: [GC (Allocation Failure)  106634K->85922K(139776K), 0,0044668 secs]
687,945: [GC (Allocation Failure)  111522K->80018K(140800K), 0,0023432 secs]
687,969: [GC (Allocation Failure)  105618K->84802K(141312K), 0,0015761 secs]
688,002: [GC (Allocation Failure)  111426K->80018K(141312K), 0,0019063 secs]
688,026: [GC (Allocation Failure)  106642K->85826K(140288K), 0,0016982 secs]
688,060: [GC (Allocation Failure)  111426K->79986K(140800K), 0,0009024 secs]
688,083: [GC (Allocation Failure)  105586K->84738K(141312K), 0,0030369 secs]
688,119: [GC (Allocation Failure)  111362K->79954K(141312K), 0,0009957 secs]
688,142: [GC (Allocation Failure)  106578K->85762K(140288K), 0,0015774 secs]
688,176: [GC (Allocation Failure)  111362K->79922K(140800K), 0,0009329 secs]
688,199: [GC (Allocation Failure)  105522K->84682K(141312K), 0,0027015 secs]
688,238: [GC (Allocation Failure)  111306K->79930K(141312K), 0,0033764 secs]
688,270: [GC (Allocation Failure)  106554K->85738K(141312K), 0,0037475 secs]
688,308: [GC (Allocation Failure)  112362K->80922K(141312K), 0,0020142 secs]
688,334: [GC (Allocation Failure)  107546K->86730K(140288K), 0,0022375 secs]
688,368: [GC (Allocation Failure)  112330K->80890K(140800K), 0,0014022 secs]
688,396: [GC (Allocation Failure)  106490K->85674K(140288K), 0,0083923 secs]
688,442: [GC (Allocation Failure)  111274K->79834K(140800K), 0,0030618 secs]
688,473: [GC (Allocation Failure)  105434K->84618K(141312K), 0,0025509 secs]
688,510: [GC (Allocation Failure)  110730K->79290K(140800K), 0,0041237 secs]
688,539: [GC (Allocation Failure)  105402K->84586K(141312K), 0,0026525 secs]
688,576: [GC (Allocation Failure)  111210K->79802K(141312K), 0,0009973 secs]
688,598: [GC (Allocation Failure)  106426K->85578K(141312K), 0,0023286 secs]
688,633: [GC (Allocation Failure)  112202K->80794K(141312K), 0,0017828 secs]
688,656: [GC (Allocation Failure)  107418K->86602K(139776K), 0,0016146 secs]
688,689: [GC (Allocation Failure)  112202K->80762K(140800K), 0,0009760 secs]
688,711: [GC (Allocation Failure)  106362K->85586K(140288K), 0,0014097 secs]
688,745: [GC (Allocation Failure)  111186K->79722K(140800K), 0,0007485 secs]
688,767: [GC (Allocation Failure)  105322K->84506K(141312K), 0,0017373 secs]
688,800: [GC (Allocation Failure)  111130K->79690K(141312K), 0,0017567 secs]
688,822: [GC (Allocation Failure)  106314K->85498K(141312K), 0,0014464 secs]
688,854: [GC (Allocation Failure)  112122K->80682K(141312K), 0,0016843 secs]
688,877: [GC (Allocation Failure)  107306K->86522K(139776K), 0,0024305 secs]
688,914: [GC (Allocation Failure)  112122K->80650K(140800K), 0,0090894 secs]
688,947: [GC (Allocation Failure)  106250K->85466K(141312K), 0,0016549 secs]
688,983: [GC (Allocation Failure)  112090K->80690K(141312K), 0,0011006 secs]
689,006: [GC (Allocation Failure)  107314K->86466K(140288K), 0,0042663 secs]
689,045: [GC (Allocation Failure)  112066K->80666K(140800K), 0,0022361 secs]
689,072: [GC (Allocation Failure)  106266K->85426K(141312K), 0,0055574 secs]
689,110: [GC (Allocation Failure)  112050K->80642K(141312K), 0,0036018 secs]
689,137: [GC (Allocation Failure)  107266K->86450K(140288K), 0,0024371 secs]
689,172: [GC (Allocation Failure)  112050K->80578K(140800K), 0,0032198 secs]
689,198: [GC (Allocation Failure)  106178K->85394K(141312K), 0,0053336 secs]
689,237: [GC (Allocation Failure)  112018K->80578K(141312K), 0,0023227 secs]
689,261: [GC (Allocation Failure)  107202K->86386K(140288K), 0,0039679 secs]
689,298: [GC (Allocation Failure)  111986K->80586K(140800K), 0,0040131 secs]
689,324: [GC (Allocation Failure)  106186K->85338K(141312K), 0,0032113 secs]
689,360: [GC (Allocation Failure)  111962K->80554K(141312K), 0,0010594 secs]
689,383: [GC (Allocation Failure)  107178K->86362K(140288K), 0,0047166 secs]
689,421: [GC (Allocation Failure)  111962K->80522K(140800K), 0,0027616 secs]
689,446: [GC (Allocation Failure)  106122K->85274K(141312K), 0,0029994 secs]
689,482: [GC (Allocation Failure)  111898K->80522K(141312K), 0,0010552 secs]
689,505: [GC (Allocation Failure)  107146K->86298K(141312K), 0,0034247 secs]
689,542: [GC (Allocation Failure)  112922K->81482K(141312K), 0,0040683 secs]
689,567: [GC (Allocation Failure)  108106K->87290K(140288K), 0,0022024 secs]
689,601: [GC (Allocation Failure)  112890K->81482K(140800K), 0,0013624 secs]
689,624: [GC (Allocation Failure)  107082K->86242K(140288K), 0,0014061 secs]
689,657: [GC (Allocation Failure)  111842K->80434K(140800K), 0,0031814 secs]
689,682: [GC (Allocation Failure)  106034K->85194K(141312K), 0,0013225 secs]
689,714: [GC (Allocation Failure)  111818K->80386K(141312K), 0,0006937 secs]
689,736: [GC (Allocation Failure)  107010K->86234K(141312K), 0,0014191 secs]
689,770: [GC (Allocation Failure)  112858K->81426K(141312K), 0,0030800 secs]
689,794: [GC (Allocation Failure)  108050K->87234K(140288K), 0,0040430 secs]
689,831: [GC (Allocation Failure)  112834K->81426K(140800K), 0,0048125 secs]
689,858: [GC (Allocation Failure)  107026K->86210K(140288K), 0,0022394 secs]
689,893: [GC (Allocation Failure)  111810K->80370K(140800K), 0,0007747 secs]
689,915: [GC (Allocation Failure)  105970K->85154K(141312K), 0,0012642 secs]
689,949: [GC (Allocation Failure)  111778K->80338K(141312K), 0,0014739 secs]
689,971: [GC (Allocation Failure)  106962K->86154K(141312K), 0,0015115 secs]
690,004: [GC (Allocation Failure)  112778K->81346K(141312K), 0,0053547 secs]
690,031: [GC (Allocation Failure)  107970K->87154K(139776K), 0,0015448 secs]
690,067: [GC (Allocation Failure)  112754K->81354K(140800K), 0,0036251 secs]
690,098: [GC (Allocation Failure)  106954K->86106K(141312K), 0,0049289 secs]
690,136: [GC (Allocation Failure)  112730K->81322K(141312K), 0,0014007 secs]
690,161: [GC (Allocation Failure)  107946K->87138K(140288K), 0,0022203 secs]
690,195: [GC (Allocation Failure)  112738K->81330K(140800K), 0,0013633 secs]
690,219: [GC (Allocation Failure)  106930K->86090K(141312K), 0,0040733 secs]
690,260: [GC (Allocation Failure)  112714K->81290K(141312K), 0,0032014 secs]
690,292: [GC (Allocation Failure)  107914K->87098K(140288K), 0,0049537 secs]
690,332: [GC (Allocation Failure)  112698K->81290K(140800K), 0,0018239 secs]
690,358: [GC (Allocation Failure)  106890K->86042K(141312K), 0,0027025 secs]
690,396: [GC (Allocation Failure)  112666K->81226K(141312K), 0,0062064 secs]
690,428: [GC (Allocation Failure)  107850K->87066K(140288K), 0,0027958 secs]
690,464: [GC (Allocation Failure)  112666K->81226K(140800K), 0,0013336 secs]
690,490: [GC (Allocation Failure)  106826K->85978K(141312K), 0,0053438 secs]
690,531: [GC (Allocation Failure)  112602K->81162K(141312K), 0,0044963 secs]
690,559: [GC (Allocation Failure)  107786K->87002K(141312K), 0,0047968 secs]
690,596: [GC (Allocation Failure)  113626K->82218K(141312K), 0,0011901 secs]
690,619: [GC (Allocation Failure)  108842K->88026K(140288K), 0,0019121 secs]
690,654: [GC (Allocation Failure)  113626K->82186K(140800K), 0,0011670 secs]
690,677: [GC (Allocation Failure)  107786K->86938K(140288K), 0,0032154 secs]
690,713: [GC (Allocation Failure)  112538K->81130K(140800K), 0,0024773 secs]
690,738: [GC (Allocation Failure)  106730K->85882K(141312K), 0,0021112 secs]
690,773: [GC (Allocation Failure)  112506K->81066K(141312K), 0,0036605 secs]
690,800: [GC (Allocation Failure)  107690K->86714K(141312K), 0,0013963 secs]
690,833: [GC (Allocation Failure)  113338K->81938K(141312K), 0,0021850 secs]
690,856: [GC (Allocation Failure)  108562K->87746K(140288K), 0,0015112 secs]
690,888: [GC (Allocation Failure)  113346K->81906K(140800K), 0,0008212 secs]
690,911: [GC (Allocation Failure)  107506K->86626K(141312K), 0,0021805 secs]
690,945: [GC (Allocation Failure)  113250K->81890K(141312K), 0,0008322 secs]
690,968: [GC (Allocation Failure)  108514K->87666K(140288K), 0,0015964 secs]
691,000: [GC (Allocation Failure)  113266K->81826K(140800K), 0,0010167 secs]
691,023: [GC (Allocation Failure)  107426K->86610K(141312K), 0,0016480 secs]
691,058: [GC (Allocation Failure)  113234K->81866K(141312K), 0,0032856 secs]
691,090: [GC (Allocation Failure)  108490K->87674K(140288K), 0,0050406 secs]
691,130: [GC (Allocation Failure)  113274K->81770K(140800K), 0,0040653 secs]
691,157: [GC (Allocation Failure)  107370K->86562K(141312K), 0,0017011 secs]
691,192: [GC (Allocation Failure)  113186K->81778K(141312K), 0,0060038 secs]
691,220: [GC (Allocation Failure)  108402K->87618K(140288K), 0,0017946 secs]
691,255: [GC (Allocation Failure)  113218K->81786K(140800K), 0,0009317 secs]
691,278: [GC (Allocation Failure)  107386K->86570K(141312K), 0,0015356 secs]
691,312: [GC (Allocation Failure)  113194K->81786K(141312K), 0,0010194 secs]
691,335: [GC (Allocation Failure)  108410K->87562K(140288K), 0,0016714 secs]
691,369: [GC (Allocation Failure)  113162K->81722K(140800K), 0,0009064 secs]
691,392: [GC (Allocation Failure)  107322K->86506K(141312K), 0,0018360 secs]
691,426: [GC (Allocation Failure)  113130K->81730K(141312K), 0,0009208 secs]
691,449: [GC (Allocation Failure)  108354K->87538K(141312K), 0,0015639 secs]
691,483: [GC (Allocation Failure)  114162K->82690K(141312K), 0,0020462 secs]
691,507: [GC (Allocation Failure)  109314K->88530K(140288K), 0,0028615 secs]
691,543: [GC (Allocation Failure)  114130K->82690K(140800K), 0,0021193 secs]
691,571: [GC (Allocation Failure)  108290K->87474K(140288K), 0,0081624 secs]
691,613: [GC (Allocation Failure)  113074K->81634K(140800K), 0,0040094 secs]
691,642: [GC (Allocation Failure)  107234K->86450K(141312K), 0,0027576 secs]
691,679: [GC (Allocation Failure)  112562K->81058K(140800K), 0,0032371 secs]
691,707: [GC (Allocation Failure)  107170K->86386K(141312K), 0,0028288 secs]
691,744: [GC (Allocation Failure)  113010K->81578K(141312K), 0,0017523 secs]
691,770: [GC (Allocation Failure)  108202K->87458K(141312K), 0,0027901 secs]
691,806: [GC (Allocation Failure)  114082K->82578K(141312K), 0,0019020 secs]
691,833: [GC (Allocation Failure)  109202K->88458K(139776K), 0,0030513 secs]
691,871: [GC (Allocation Failure)  114058K->82618K(140800K), 0,0018835 secs]
691,897: [GC (Allocation Failure)  108218K->87346K(141312K), 0,0043410 secs]
691,934: [GC (Allocation Failure)  113970K->82562K(141312K), 0,0014014 secs]
691,959: [GC (Allocation Failure)  109186K->88402K(140288K), 0,0039771 secs]
691,995: [GC (Allocation Failure)  114002K->82562K(140800K), 0,0014622 secs]
692,020: [GC (Allocation Failure)  108162K->87314K(140288K), 0,0021620 secs]
692,054: [GC (Allocation Failure)  112914K->81506K(140800K), 0,0031715 secs]
692,079: [GC (Allocation Failure)  107106K->86258K(141312K), 0,0018776 secs]
692,114: [GC (Allocation Failure)  112882K->81474K(141312K), 0,0012644 secs]
692,138: [GC (Allocation Failure)  108098K->87282K(141312K), 0,0021436 secs]
692,172: [GC (Allocation Failure)  113906K->82498K(141312K), 0,0013742 secs]
692,200: [GC (Allocation Failure)  109122K->88306K(139776K), 0,0049778 secs]
692,242: [GC (Allocation Failure)  113906K->82442K(140800K), 0,0031436 secs]
692,273: [GC (Allocation Failure)  108042K->87258K(141312K), 0,0027624 secs]
692,309: [GC (Allocation Failure)  113882K->82410K(141312K), 0,0028950 secs]
692,335: [GC (Allocation Failure)  109034K->88250K(140288K), 0,0021211 secs]
692,369: [GC (Allocation Failure)  113850K->82442K(140800K), 0,0012740 secs]
692,397: [GC (Allocation Failure)  108042K->87194K(141312K), 0,0050681 secs]
692,440: [GC (Allocation Failure)  113818K->82418K(141312K), 0,0034849 secs]
692,472: [GC (Allocation Failure)  109042K->88226K(140288K), 0,0052210 secs]
692,515: [GC (Allocation Failure)  113826K->82354K(140800K), 0,0073918 secs]
692,551: [GC (Allocation Failure)  107954K->87138K(141312K), 0,0051740 secs]
692,589: [GC (Allocation Failure)  113762K->82354K(141312K), 0,0044875 secs]
692,616: [GC (Allocation Failure)  108978K->88162K(141312K), 0,0026025 secs]
692,651: [GC (Allocation Failure)  114786K->83346K(141312K), 0,0008393 secs]
692,672: [GC (Allocation Failure)  109970K->89186K(140288K), 0,0018108 secs]
692,705: [GC (Allocation Failure)  114786K->83282K(140800K), 0,0011869 secs]
692,727: [GC (Allocation Failure)  108882K->88106K(140288K), 0,0023940 secs]
692,761: [GC (Allocation Failure)  113706K->82234K(140800K), 0,0043617 secs]
692,786: [GC (Allocation Failure)  107834K->87050K(141312K), 0,0026207 secs]
692,819: [GC (Allocation Failure)  113674K->82234K(141312K), 0,0008352 secs]
692,842: [GC (Allocation Failure)  108858K->88114K(140288K), 0,0015117 secs]
692,875: [GC (Allocation Failure)  113714K->82242K(140800K), 0,0016332 secs]
692,899: [GC (Allocation Failure)  107842K->86994K(141312K), 0,0045986 secs]
692,941: [GC (Allocation Failure)  113618K->82210K(141312K), 0,0029302 secs]
692,969: [GC (Allocation Failure)  108834K->88026K(141312K), 0,0028725 secs]
693,006: [GC (Allocation Failure)  114650K->83250K(141312K), 0,0041613 secs]
693,035: [GC (Allocation Failure)  109874K->89066K(139776K), 0,0031588 secs]
693,072: [GC (Allocation Failure)  114666K->83226K(140800K), 0,0019295 secs]
693,099: [GC (Allocation Failure)  108826K->88010K(141312K), 0,0030299 secs]
693,137: [GC (Allocation Failure)  114634K->83194K(141312K), 0,0020557 secs]
693,163: [GC (Allocation Failure)  109818K->89034K(140288K), 0,0029623 secs]
693,199: [GC (Allocation Failure)  114634K->83162K(140800K), 0,0029993 secs]
693,224: [GC (Allocation Failure)  108762K->87954K(140288K), 0,0024540 secs]
693,260: [GC (Allocation Failure)  113554K->82114K(140800K), 0,0012829 secs]
693,284: [GC (Allocation Failure)  107714K->86906K(141312K), 0,0049769 secs]
693,322: [GC (Allocation Failure)  113530K->82098K(141312K), 0,0013712 secs]
693,346: [GC (Allocation Failure)  108722K->87914K(141312K), 0,0020677 secs]
693,381: [GC (Allocation Failure)  114538K->83098K(141312K), 0,0012732 secs]
693,406: [GC (Allocation Failure)  109722K->88906K(140800K), 0,0046096 secs]
693,443: [GC (Allocation Failure)  115530K->84162K(141312K), 0,0016089 secs]
693,468: [GC (Allocation Failure)  110786K->90002K(139776K), 0,0022560 secs]
693,503: [GC (Allocation Failure)  115602K->84106K(140800K), 0,0032071 secs]
693,529: [GC (Allocation Failure)  109706K->88890K(140288K), 0,0050609 secs]
693,567: [GC (Allocation Failure)  114490K->83050K(140800K), 0,0025262 secs]
693,590: [GC (Allocation Failure)  108650K->87802K(141312K), 0,0035765 secs]
693,625: [GC (Allocation Failure)  113914K->82506K(140800K), 0,0017664 secs]
693,647: [GC (Allocation Failure)  108618K->87834K(141312K), 0,0042750 secs]
693,683: [GC (Allocation Failure)  114458K->82986K(141312K), 0,0020642 secs]
693,707: [GC (Allocation Failure)  109610K->88826K(140288K), 0,0022094 secs]
693,742: [GC (Allocation Failure)  114426K->82986K(140800K), 0,0036702 secs]
693,767: [GC (Allocation Failure)  108586K->87738K(141312K), 0,0031836 secs]
693,801: [GC (Allocation Failure)  114362K->82954K(141312K), 0,0014775 secs]
693,824: [GC (Allocation Failure)  109578K->88794K(141312K), 0,0014968 secs]
693,857: [GC (Allocation Failure)  115418K->83978K(141312K), 0,0009466 secs]
693,879: [GC (Allocation Failure)  110602K->89754K(140288K), 0,0056399 secs]
693,916: [GC (Allocation Failure)  115354K->83946K(140800K), 0,0050388 secs]
693,947: [GC (Allocation Failure)  109546K->88730K(140288K), 0,0046563 secs]
693,987: [GC (Allocation Failure)  114330K->82890K(140800K), 0,0031348 secs]
694,013: [GC (Allocation Failure)  108490K->87706K(141312K), 0,0023810 secs]
694,049: [GC (Allocation Failure)  114330K->82858K(141312K), 0,0012382 secs]
694,073: [GC (Allocation Failure)  109482K->88698K(141312K), 0,0023443 secs]
694,108: [GC (Allocation Failure)  115322K->83882K(141312K), 0,0013482 secs]
694,133: [GC (Allocation Failure)  110506K->89690K(140288K), 0,0043464 secs]
694,175: [GC (Allocation Failure)  115290K->83850K(140800K), 0,0032563 secs]
694,206: [GC (Allocation Failure)  109450K->88610K(140288K), 0,0037728 secs]
694,244: [GC (Allocation Failure)  114210K->82802K(140800K), 0,0041810 secs]
694,270: [GC (Allocation Failure)  108402K->87586K(141312K), 0,0029038 secs]
694,306: [GC (Allocation Failure)  114210K->82810K(141312K), 0,0008840 secs]
694,329: [GC (Allocation Failure)  109434K->88618K(141312K), 0,0015012 secs]
694,363: [GC (Allocation Failure)  115242K->83802K(141312K), 0,0031959 secs]
694,388: [GC (Allocation Failure)  110426K->89618K(139776K), 0,0016092 secs]
694,421: [GC (Allocation Failure)  115218K->83746K(140800K), 0,0075320 secs]
694,454: [GC (Allocation Failure)  109346K->88530K(141312K), 0,0068042 secs]
694,496: [GC (Allocation Failure)  115154K->83746K(141312K), 0,0018391 secs]
694,523: [GC (Allocation Failure)  110370K->89562K(140288K), 0,0030500 secs]
694,560: [GC (Allocation Failure)  115162K->83754K(140800K), 0,0032904 secs]
694,592: [GC (Allocation Failure)  109354K->88506K(141312K), 0,0054583 secs]
694,630: [GC (Allocation Failure)  115130K->83690K(141312K), 0,0012830 secs]
694,655: [GC (Allocation Failure)  110314K->89570K(140288K), 0,0021004 secs]
694,689: [GC (Allocation Failure)  115170K->83714K(140800K), 0,0031976 secs]
694,715: [GC (Allocation Failure)  109314K->88506K(141312K), 0,0022565 secs]
694,750: [GC (Allocation Failure)  115130K->83690K(141312K), 0,0034078 secs]
694,777: [GC (Allocation Failure)  110314K->89530K(140288K), 0,0028962 secs]
694,812: [GC (Allocation Failure)  115130K->83498K(140800K), 0,0062470 secs]
694,841: [GC (Allocation Failure)  109098K->88282K(141312K), 0,0021537 secs]
694,874: [GC (Allocation Failure)  114906K->83434K(141312K), 0,0007751 secs]
694,895: [GC (Allocation Failure)  110058K->89250K(141312K), 0,0015434 secs]
694,929: [GC (Allocation Failure)  115874K->84466K(141312K), 0,0008657 secs]
694,952: [GC (Allocation Failure)  111090K->90242K(139776K), 0,0015886 secs]
694,984: [GC (Allocation Failure)  115842K->84338K(140800K), 0,0012280 secs]
695,007: [GC (Allocation Failure)  109938K->89090K(141312K), 0,0014512 secs]
695,040: [GC (Allocation Failure)  115714K->84306K(141312K), 0,0009238 secs]
695,062: [GC (Allocation Failure)  110930K->90146K(140288K), 0,0017229 secs]
695,097: [GC (Allocation Failure)  115746K->84306K(140800K), 0,0009836 secs]
695,120: [GC (Allocation Failure)  109906K->89066K(140288K), 0,0025528 secs]
695,155: [GC (Allocation Failure)  114666K->83258K(140800K), 0,0019883 secs]
695,179: [GC (Allocation Failure)  108858K->88010K(141312K), 0,0026228 secs]
695,214: [GC (Allocation Failure)  114634K->83226K(141312K), 0,0019719 secs]
695,238: [GC (Allocation Failure)  109850K->89034K(141312K), 0,0026462 secs]
695,272: [GC (Allocation Failure)  115658K->84226K(141312K), 0,0019655 secs]
695,295: [GC (Allocation Failure)  110850K->90042K(140800K), 0,0016519 secs]
695,330: [GC (Allocation Failure)  116666K->85274K(141312K), 0,0010953 secs]
695,353: [GC (Allocation Failure)  111898K->91114K(139776K), 0,0033448 secs]
695,389: [GC (Allocation Failure)  116714K->85242K(140800K), 0,0024754 secs]
695,413: [GC (Allocation Failure)  110842K->90026K(140288K), 0,0020296 secs]
695,448: [GC (Allocation Failure)  115626K->84194K(140800K), 0,0022028 secs]
695,472: [GC (Allocation Failure)  109794K->88978K(140800K), 0,0027859 secs]
695,508: [GC (Allocation Failure)  114578K->83170K(140800K), 0,0021883 secs]
695,532: [GC (Allocation Failure)  108770K->87922K(141312K), 0,0016410 secs]
695,567: [GC (Allocation Failure)  114546K->83106K(141312K), 0,0030488 secs]
695,598: [GC (Allocation Failure)  109730K->88914K(141312K), 0,0045144 secs]
695,640: [GC (Allocation Failure)  115538K->84130K(141312K), 0,0075978 secs]
695,673: [GC (Allocation Failure)  110754K->89970K(140800K), 0,0050760 secs]
695,712: [GC (Allocation Failure)  116594K->85122K(141312K), 0,0019931 secs]
695,738: [GC (Allocation Failure)  111746K->90938K(139776K), 0,0030360 secs]
695,775: [GC (Allocation Failure)  116538K->85130K(140800K), 0,0020386 secs]
695,802: [GC (Allocation Failure)  110730K->89882K(140288K), 0,0050660 secs]
695,842: [GC (Allocation Failure)  115482K->84082K(140800K), 0,0038262 secs]
695,870: [GC (Allocation Failure)  109682K->88834K(141312K), 0,0042031 secs]
695,909: [GC (Allocation Failure)  115458K->84018K(141312K), 0,0061271 secs]
695,937: [GC (Allocation Failure)  110642K->89858K(141312K), 0,0020198 secs]
695,972: [GC (Allocation Failure)  116482K->85042K(141312K), 0,0023786 secs]
695,996: [GC (Allocation Failure)  111666K->90890K(140288K), 0,0018815 secs]
696,032: [GC (Allocation Failure)  116490K->85058K(140800K), 0,0012485 secs]
696,055: [GC (Allocation Failure)  110658K->89842K(140288K), 0,0016975 secs]
696,090: [GC (Allocation Failure)  115442K->83970K(140800K), 0,0021643 secs]
696,114: [GC (Allocation Failure)  109570K->88754K(141312K), 0,0016630 secs]
696,149: [GC (Allocation Failure)  115378K->83938K(141312K), 0,0045661 secs]
696,176: [GC (Allocation Failure)  110562K->89778K(141312K), 0,0048793 secs]
696,214: [GC (Allocation Failure)  116402K->84994K(141312K), 0,0027741 secs]
696,239: [GC (Allocation Failure)  111618K->90770K(139776K), 0,0057893 secs]
696,278: [GC (Allocation Failure)  116370K->84930K(140800K), 0,0011169 secs]
696,301: [GC (Allocation Failure)  110530K->89714K(141312K), 0,0030298 secs]
696,337: [GC (Allocation Failure)  116338K->84962K(141312K), 0,0010796 secs]
696,360: [GC (Allocation Failure)  111586K->90706K(140288K), 0,0047725 secs]
696,398: [GC (Allocation Failure)  116306K->84898K(140800K), 0,0036052 secs]
696,423: [GC (Allocation Failure)  110498K->89682K(141312K), 0,0032440 secs]
696,459: [GC (Allocation Failure)  116306K->84866K(141312K), 0,0022259 secs]
696,483: [GC (Allocation Failure)  111490K->90706K(140288K), 0,0018182 secs]
696,518: [GC (Allocation Failure)  116306K->84842K(140800K), 0,0050233 secs]
696,545: [GC (Allocation Failure)  110442K->89626K(141312K), 0,0017356 secs]
696,582: [GC (Allocation Failure)  116250K->84842K(141312K), 0,0032808 secs]
696,613: [GC (Allocation Failure)  111466K->90650K(140288K), 0,0029036 secs]
696,650: [GC (Allocation Failure)  116250K->84810K(140800K), 0,0038920 secs]
696,679: [GC (Allocation Failure)  110410K->89594K(141312K), 0,0027451 secs]
696,716: [GC (Allocation Failure)  116218K->84778K(141312K), 0,0019520 secs]
696,743: [GC (Allocation Failure)  111402K->90586K(140288K), 0,0029728 secs]
696,781: [GC (Allocation Failure)  116186K->84754K(140800K), 0,0043114 secs]
696,809: [GC (Allocation Failure)  110354K->89570K(141312K), 0,0027852 secs]
696,846: [GC (Allocation Failure)  116194K->84754K(141312K), 0,0016962 secs]
696,873: [GC (Allocation Failure)  111378K->90530K(141312K), 0,0047172 secs]
696,911: [GC (Allocation Failure)  117154K->85746K(141312K), 0,0013898 secs]
696,936: [GC (Allocation Failure)  112370K->91554K(140288K), 0,0022779 secs]
696,971: [GC (Allocation Failure)  117154K->85722K(140800K), 0,0013940 secs]
696,996: [GC (Allocation Failure)  111322K->90506K(140288K), 0,0021289 secs]
697,030: [GC (Allocation Failure)  116106K->84666K(140800K), 0,0027781 secs]
697,057: [GC (Allocation Failure)  110266K->89450K(141312K), 0,0044055 secs]
697,099: [GC (Allocation Failure)  116074K->84634K(141312K), 0,0054635 secs]
697,130: [GC (Allocation Failure)  111258K->90474K(141312K), 0,0027742 secs]
697,166: [GC (Allocation Failure)  117098K->85658K(141312K), 0,0053870 secs]
697,195: [GC (Allocation Failure)  112282K->91498K(140288K), 0,0022522 secs]
697,230: [GC (Allocation Failure)  117098K->85626K(140800K), 0,0044778 secs]
697,258: [GC (Allocation Failure)  111226K->90442K(140288K), 0,0021715 secs]
697,292: [GC (Allocation Failure)  116042K->84586K(140800K), 0,0012027 secs]
697,315: [GC (Allocation Failure)  110186K->89370K(141312K), 0,0051796 secs]
697,354: [GC (Allocation Failure)  115994K->84562K(141312K), 0,0012658 secs]
697,378: [GC (Allocation Failure)  111186K->90402K(141312K), 0,0036785 secs]
697,415: [GC (Allocation Failure)  117026K->85554K(141312K), 0,0010860 secs]
697,440: [GC (Allocation Failure)  112178K->91362K(139776K), 0,0035302 secs]
697,477: [GC (Allocation Failure)  116962K->85522K(140800K), 0,0012559 secs]
697,500: [GC (Allocation Failure)  111122K->90338K(141312K), 0,0016702 secs]
697,535: [GC (Allocation Failure)  116962K->85554K(141312K), 0,0010919 secs]
697,558: [GC (Allocation Failure)  112178K->91298K(140288K), 0,0028060 secs]
697,592: [GC (Allocation Failure)  116898K->85490K(140800K), 0,0009138 secs]
697,615: [GC (Allocation Failure)  111090K->90306K(141312K), 0,0013977 secs]
697,647: [GC (Allocation Failure)  116930K->85458K(141312K), 0,0013407 secs]
697,669: [GC (Allocation Failure)  112082K->91266K(140288K), 0,0021717 secs]
697,702: [GC (Allocation Failure)  116866K->85506K(140800K), 0,0007392 secs]
697,724: [GC (Allocation Failure)  111106K->90258K(141312K), 0,0014055 secs]
697,758: [GC (Allocation Failure)  116882K->85474K(141312K), 0,0007854 secs]
697,779: [GC (Allocation Failure)  112098K->91250K(140288K), 0,0015819 secs]
697,812: [GC (Allocation Failure)  116850K->85410K(140800K), 0,0008019 secs]
697,834: [GC (Allocation Failure)  111010K->90194K(141312K), 0,0021933 secs]
697,869: [GC (Allocation Failure)  116818K->85378K(141312K), 0,0017654 secs]
697,896: [GC (Allocation Failure)  112002K->91186K(141312K), 0,0066752 secs]
697,936: [GC (Allocation Failure)  117810K->86434K(141312K), 0,0033326 secs]
697,963: [GC (Allocation Failure)  113058K->92210K(140288K), 0,0024849 secs]
697,998: [GC (Allocation Failure)  117810K->86402K(140800K), 0,0014547 secs]
698,023: [GC (Allocation Failure)  112002K->91154K(140288K), 0,0020741 secs]
698,057: [GC (Allocation Failure)  116754K->85354K(140800K), 0,0059142 secs]
698,091: [GC (Allocation Failure)  110954K->90138K(141312K), 0,0047022 secs]
698,133: [GC (Allocation Failure)  116762K->85322K(141312K), 0,0029718 secs]
698,165: [GC (Allocation Failure)  111946K->91130K(141312K), 0,0039528 secs]
698,204: [GC (Allocation Failure)  117754K->86314K(141312K), 0,0018899 secs]
698,231: [GC (Allocation Failure)  112938K->92122K(140288K), 0,0066365 secs]
698,274: [GC (Allocation Failure)  117722K->86282K(140800K), 0,0036164 secs]
698,301: [GC (Allocation Failure)  111882K->91098K(140288K), 0,0027909 secs]
698,338: [GC (Allocation Failure)  116698K->85226K(140800K), 0,0053189 secs]
698,368: [GC (Allocation Failure)  110826K->90010K(141312K), 0,0026697 secs]
698,404: [GC (Allocation Failure)  116634K->85226K(141312K), 0,0018334 secs]
698,431: [GC (Allocation Failure)  111850K->90970K(141312K), 0,0073214 secs]
698,477: [GC (Allocation Failure)  117594K->86250K(141312K), 0,0033310 secs]
698,508: [GC (Allocation Failure)  112874K->91994K(139776K), 0,0056131 secs]
698,548: [GC (Allocation Failure)  117594K->86186K(140800K), 0,0041124 secs]
698,579: [GC (Allocation Failure)  111786K->91002K(141312K), 0,0065811 secs]
698,620: [GC (Allocation Failure)  117626K->86186K(141312K), 0,0018634 secs]
698,646: [GC (Allocation Failure)  112810K->91962K(140288K), 0,0029191 secs]
698,683: [GC (Allocation Failure)  117562K->86122K(140800K), 0,0038728 secs]
698,712: [GC (Allocation Failure)  111722K->90938K(141312K), 0,0035982 secs]
698,750: [GC (Allocation Failure)  117562K->86090K(141312K), 0,0037854 secs]
698,777: [GC (Allocation Failure)  112714K->91930K(140288K), 0,0034749 secs]
698,813: [GC (Allocation Failure)  117530K->85866K(140800K), 0,0100216 secs]
698,845: [GC (Allocation Failure)  111466K->90714K(141312K), 0,0013264 secs]
698,879: [GC (Allocation Failure)  117338K->85850K(141312K), 0,0007742 secs]
698,902: [GC (Allocation Failure)  112474K->91698K(140288K), 0,0015664 secs]
698,935: [GC (Allocation Failure)  117298K->85826K(140800K), 0,0022477 secs]
698,959: [GC (Allocation Failure)  111426K->90578K(141312K), 0,0021461 secs]
698,994: [GC (Allocation Failure)  117202K->85762K(141312K), 0,0016766 secs]
699,021: [GC (Allocation Failure)  112386K->91610K(141312K), 0,0050535 secs]
699,063: [GC (Allocation Failure)  118234K->86826K(141312K), 0,0034398 secs]
699,095: [GC (Allocation Failure)  113450K->92634K(140288K), 0,0040841 secs]
699,133: [GC (Allocation Failure)  118234K->86794K(140800K), 0,0019506 secs]
699,160: [GC (Allocation Failure)  112394K->91586K(140288K), 0,0028254 secs]
699,197: [GC (Allocation Failure)  117186K->85778K(140800K), 0,0016467 secs]
699,223: [GC (Allocation Failure)  111378K->90506K(141312K), 0,0054883 secs]
699,262: [GC (Allocation Failure)  117130K->85722K(141312K), 0,0016432 secs]
699,287: [GC (Allocation Failure)  112346K->91530K(141312K), 0,0025930 secs]
699,323: [GC (Allocation Failure)  118154K->86746K(141312K), 0,0019303 secs]
699,349: [GC (Allocation Failure)  113370K->92554K(139776K), 0,0031096 secs]
699,386: [GC (Allocation Failure)  118154K->86682K(140800K), 0,0018180 secs]
699,413: [GC (Allocation Failure)  112282K->91530K(141312K), 0,0059146 secs]
699,452: [GC (Allocation Failure)  118154K->86682K(141312K), 0,0013427 secs]
699,477: [GC (Allocation Failure)  113306K->92530K(140288K), 0,0024311 secs]
699,512: [GC (Allocation Failure)  118130K->86658K(140800K), 0,0045474 secs]
699,543: [GC (Allocation Failure)  112258K->91442K(140288K), 0,0055669 secs]
699,583: [GC (Allocation Failure)  117042K->85642K(140800K), 0,0017688 secs]
699,609: [GC (Allocation Failure)  111242K->90402K(141312K), 0,0050642 secs]
699,648: [GC (Allocation Failure)  117026K->85650K(141312K), 0,0017465 secs]
699,674: [GC (Allocation Failure)  112274K->91402K(140800K), 0,0066300 secs]
699,713: [GC (Allocation Failure)  118026K->86618K(141312K), 0,0022706 secs]
699,737: [GC (Allocation Failure)  113242K->92426K(140800K), 0,0055190 secs]
699,775: [GC (Allocation Failure)  119050K->87642K(141312K), 0,0022585 secs]
699,799: [GC (Allocation Failure)  114266K->93458K(139776K), 0,0017179 secs]
699,834: [GC (Allocation Failure)  119058K->87618K(140800K), 0,0010208 secs]
699,857: [GC (Allocation Failure)  113218K->92434K(140288K), 0,0016776 secs]
699,891: [GC (Allocation Failure)  118034K->86562K(140800K), 0,0009470 secs]
699,914: [GC (Allocation Failure)  112162K->91314K(141312K), 0,0014528 secs]
699,948: [GC (Allocation Failure)  117426K->85986K(140800K), 0,0010749 secs]
699,971: [GC (Allocation Failure)  112098K->91314K(141312K), 0,0049853 secs]
700,009: [GC (Allocation Failure)  117938K->86538K(141312K), 0,0015846 secs]
700,032: [GC (Allocation Failure)  113162K->92314K(141312K), 0,0016123 secs]
700,067: [GC (Allocation Failure)  118938K->87530K(141312K), 0,0074087 secs]
700,097: [GC (Allocation Failure)  114154K->93338K(140288K), 0,0034875 secs]
700,131: [GC (Allocation Failure)  118938K->87498K(140800K), 0,0008134 secs]
700,153: [GC (Allocation Failure)  113098K->92250K(140288K), 0,0019785 secs]
700,187: [GC (Allocation Failure)  117850K->86482K(140800K), 0,0007930 secs]
700,208: [GC (Allocation Failure)  112082K->91242K(141312K), 0,0013702 secs]
700,241: [GC (Allocation Failure)  117866K->86394K(141312K), 0,0016704 secs]
700,264: [GC (Allocation Failure)  113018K->92234K(141312K), 0,0025886 secs]
700,298: [GC (Allocation Failure)  118858K->87450K(141312K), 0,0017118 secs]
700,321: [GC (Allocation Failure)  114074K->93234K(140288K), 0,0024799 secs]
700,356: [GC (Allocation Failure)  118834K->87458K(140800K), 0,0008728 secs]
700,379: [GC (Allocation Failure)  113058K->92178K(140288K), 0,0025916 secs]
700,414: [GC (Allocation Failure)  117778K->86346K(140800K), 0,0018603 secs]
700,437: [GC (Allocation Failure)  111946K->91130K(141312K), 0,0035475 secs]
700,473: [GC (Allocation Failure)  117754K->86346K(141312K), 0,0018031 secs]
700,496: [GC (Allocation Failure)  112970K->92154K(141312K), 0,0015671 secs]
700,530: [GC (Allocation Failure)  118778K->87378K(141312K), 0,0009467 secs]
700,553: [GC (Allocation Failure)  114002K->93186K(139776K), 0,0037319 secs]
700,594: [GC (Allocation Failure)  118786K->87314K(140800K), 0,0059204 secs]
700,625: [GC (Allocation Failure)  112914K->92130K(141312K), 0,0050240 secs]
700,664: [GC (Allocation Failure)  118754K->87314K(141312K), 0,0055087 secs]
700,693: [GC (Allocation Failure)  113938K->93154K(140288K), 0,0028228 secs]
700,730: [GC (Allocation Failure)  118754K->87314K(140800K), 0,0075669 secs]
700,760: [GC (Allocation Failure)  112914K->92098K(141312K), 0,0017335 secs]
700,795: [GC (Allocation Failure)  118722K->87314K(141312K), 0,0011008 secs]
700,818: [GC (Allocation Failure)  113938K->93090K(140288K), 0,0040276 secs]
700,855: [GC (Allocation Failure)  118690K->87250K(140800K), 0,0023396 secs]
700,879: [GC (Allocation Failure)  112850K->92002K(141312K), 0,0029523 secs]
700,915: [GC (Allocation Failure)  118626K->87258K(141312K), 0,0011313 secs]
700,938: [GC (Allocation Failure)  113882K->93066K(140288K), 0,0017939 secs]
700,973: [GC (Allocation Failure)  118666K->87226K(140800K), 0,0010044 secs]
700,996: [GC (Allocation Failure)  112826K->91978K(141312K), 0,0019278 secs]
701,031: [GC (Allocation Failure)  118602K->87226K(141312K), 0,0012780 secs]
701,056: [GC (Allocation Failure)  113850K->93010K(141312K), 0,0048891 secs]
701,096: [GC (Allocation Failure)  119634K->88194K(141312K), 0,0042781 secs]
701,123: [GC (Allocation Failure)  114818K->94034K(140288K), 0,0042899 secs]
701,160: [GC (Allocation Failure)  119634K->88194K(140800K), 0,0011761 secs]
701,183: [GC (Allocation Failure)  113794K->92946K(140288K), 0,0017072 secs]
701,218: [GC (Allocation Failure)  118546K->87114K(140800K), 0,0009782 secs]
701,241: [GC (Allocation Failure)  112714K->91898K(141312K), 0,0014399 secs]
701,275: [GC (Allocation Failure)  118010K->86570K(140800K), 0,0043942 secs]
701,308: [GC (Allocation Failure)  112682K->91898K(141312K), 0,0044733 secs]
701,350: [GC (Allocation Failure)  118522K->87082K(141312K), 0,0036779 secs]
701,381: [GC (Allocation Failure)  113706K->92898K(141312K), 0,0047404 secs]
701,424: [GC (Allocation Failure)  119522K->88058K(141312K), 0,0041965 secs]
701,453: [GC (Allocation Failure)  114682K->93866K(139776K), 0,0056093 secs]
701,491: [GC (Allocation Failure)  119466K->88066K(140800K), 0,0015479 secs]
701,516: [GC (Allocation Failure)  113666K->92850K(140288K), 0,0040148 secs]
701,552: [GC (Allocation Failure)  118450K->87042K(140800K), 0,0029324 secs]
701,577: [GC (Allocation Failure)  112642K->91762K(141312K), 0,0023760 secs]
701,612: [GC (Allocation Failure)  118386K->86978K(141312K), 0,0030115 secs]
701,636: [GC (Allocation Failure)  113602K->92818K(141312K), 0,0025906 secs]
701,671: [GC (Allocation Failure)  119442K->88002K(141312K), 0,0015472 secs]
701,694: [GC (Allocation Failure)  114626K->93842K(139776K), 0,0015186 secs]
701,728: [GC (Allocation Failure)  119442K->87970K(140800K), 0,0018522 secs]
701,752: [GC (Allocation Failure)  113570K->92754K(141312K), 0,0023725 secs]
701,786: [GC (Allocation Failure)  119378K->87970K(141312K), 0,0017243 secs]
701,809: [GC (Allocation Failure)  114594K->93818K(140288K), 0,0015774 secs]
701,843: [GC (Allocation Failure)  119418K->87914K(140800K), 0,0016640 secs]
701,870: [GC (Allocation Failure)  113514K->92730K(141312K), 0,0041555 secs]
701,909: [GC (Allocation Failure)  119354K->87914K(141312K), 0,0041157 secs]
701,937: [GC (Allocation Failure)  114538K->93722K(140288K), 0,0044677 secs]
701,976: [GC (Allocation Failure)  119322K->87882K(140800K), 0,0018901 secs]
702,002: [GC (Allocation Failure)  113482K->92674K(141312K), 0,0042357 secs]
702,041: [GC (Allocation Failure)  119298K->87858K(141312K), 0,0041078 secs]
702,072: [GC (Allocation Failure)  114482K->93706K(140288K), 0,0031815 secs]
702,110: [GC (Allocation Failure)  119306K->87834K(140800K), 0,0034170 secs]
702,137: [GC (Allocation Failure)  113434K->92650K(141312K), 0,0028221 secs]
702,175: [GC (Allocation Failure)  119274K->87842K(141312K), 0,0041179 secs]
702,203: [GC (Allocation Failure)  114466K->93618K(140288K), 0,0050876 secs]
702,241: [GC (Allocation Failure)  119218K->87778K(140800K), 0,0072344 secs]
702,270: [GC (Allocation Failure)  113378K->92562K(141312K), 0,0023911 secs]
702,304: [GC (Allocation Failure)  119186K->87810K(141312K), 0,0007857 secs]
702,326: [GC (Allocation Failure)  114434K->93586K(141312K), 0,0014316 secs]
702,359: [GC (Allocation Failure)  120210K->88770K(141312K), 0,0019635 secs]
702,383: [GC (Allocation Failure)  115394K->94578K(140288K), 0,0047107 secs]
702,421: [GC (Allocation Failure)  120178K->88738K(140800K), 0,0023308 secs]
702,449: [GC (Allocation Failure)  114338K->93586K(140288K), 0,0043560 secs]
702,487: [GC (Allocation Failure)  119186K->87714K(140800K), 0,0022789 secs]
702,513: [GC (Allocation Failure)  113314K->92498K(141312K), 0,0026021 secs]
702,549: [GC (Allocation Failure)  119122K->87650K(141312K), 0,0061218 secs]
702,579: [GC (Allocation Failure)  114274K->93522K(141312K), 0,0026802 secs]
702,614: [GC (Allocation Failure)  120146K->88674K(141312K), 0,0030273 secs]
702,640: [GC (Allocation Failure)  115298K->94482K(140288K), 0,0040279 secs]
702,676: [GC (Allocation Failure)  120082K->88674K(140800K), 0,0013766 secs]
702,701: [GC (Allocation Failure)  114274K->93458K(140288K), 0,0070437 secs]
702,740: [GC (Allocation Failure)  119058K->87618K(140800K), 0,0075691 secs]
702,770: [GC (Allocation Failure)  113218K->92410K(141312K), 0,0019558 secs]
702,805: [GC (Allocation Failure)  119034K->87402K(141312K), 0,0041768 secs]
702,831: [GC (Allocation Failure)  114026K->93242K(141312K), 0,0078776 secs]
702,872: [GC (Allocation Failure)  119866K->88458K(141312K), 0,0007567 secs]
702,893: [GC (Allocation Failure)  115082K->94234K(140800K), 0,0035630 secs]
702,928: [GC (Allocation Failure)  120858K->89386K(141312K), 0,0036393 secs]
702,953: [GC (Allocation Failure)  116010K->95130K(140288K), 0,0023028 secs]
702,987: [GC (Allocation Failure)  120730K->89290K(140800K), 0,0027468 secs]
703,010: [GC (Allocation Failure)  114890K->94074K(140288K), 0,0021768 secs]
703,045: [GC (Allocation Failure)  119674K->88202K(140800K), 0,0043025 secs]
703,071: [GC (Allocation Failure)  113802K->92986K(141312K), 0,0013684 secs]
703,109: [GC (Allocation Failure)  119098K->87626K(140800K), 0,0078133 secs]
703,145: [GC (Allocation Failure)  113738K->92890K(141312K), 0,0060968 secs]
703,184: [GC (Allocation Failure)  119514K->88074K(141312K), 0,0040898 secs]
703,210: [GC (Allocation Failure)  114698K->93882K(141312K), 0,0041665 secs]
703,247: [GC (Allocation Failure)  120506K->89098K(141312K), 0,0026141 secs]
703,271: [GC (Allocation Failure)  115722K->94938K(140288K), 0,0019800 secs]
703,306: [GC (Allocation Failure)  120538K->89098K(140800K), 0,0035612 secs]
703,332: [GC (Allocation Failure)  114698K->93890K(140288K), 0,0017719 secs]
703,367: [GC (Allocation Failure)  119490K->88026K(140800K), 0,0009769 secs]
703,390: [GC (Allocation Failure)  113626K->92810K(141312K), 0,0030000 secs]
703,426: [GC (Allocation Failure)  119434K->88026K(141312K), 0,0029123 secs]
703,454: [GC (Allocation Failure)  114650K->93834K(141312K), 0,0051984 secs]
703,492: [GC (Allocation Failure)  120458K->89018K(141312K), 0,0030106 secs]
703,518: [GC (Allocation Failure)  115642K->94890K(139776K), 0,0021462 secs]
703,552: [GC (Allocation Failure)  120490K->89018K(140800K), 0,0013770 secs]
703,580: [GC (Allocation Failure)  114618K->93810K(141312K), 0,0039562 secs]
703,617: [GC (Allocation Failure)  120434K->88994K(141312K), 0,0014096 secs]
703,642: [GC (Allocation Failure)  115618K->94802K(140288K), 0,0022510 secs]
703,677: [GC (Allocation Failure)  120402K->88962K(140800K), 0,0038911 secs]
703,707: [GC (Allocation Failure)  114562K->93754K(141312K), 0,0045886 secs]
703,749: [GC (Allocation Failure)  120378K->88978K(141312K), 0,0032229 secs]
703,781: [GC (Allocation Failure)  115602K->94762K(140288K), 0,0078473 secs]
703,826: [GC (Allocation Failure)  120362K->88922K(140800K), 0,0032989 secs]
703,858: [GC (Allocation Failure)  114522K->93706K(141312K), 0,0074224 secs]
703,898: [GC (Allocation Failure)  120330K->88890K(141312K), 0,0038072 secs]
703,925: [GC (Allocation Failure)  115514K->94698K(140288K), 0,0040482 secs]
703,961: [GC (Allocation Failure)  120298K->88866K(140800K), 0,0028942 secs]
703,986: [GC (Allocation Failure)  114466K->93650K(141312K), 0,0037093 secs]
704,023: [GC (Allocation Failure)  120274K->88866K(141312K), 0,0018296 secs]
704,047: [GC (Allocation Failure)  115490K->94706K(140288K), 0,0016205 secs]
704,081: [GC (Allocation Failure)  120306K->88802K(140800K), 0,0041993 secs]
704,111: [GC (Allocation Failure)  114402K->93618K(141312K), 0,0061130 secs]
704,150: [GC (Allocation Failure)  120242K->88810K(141312K), 0,0012710 secs]
704,175: [GC (Allocation Failure)  115434K->94650K(141312K), 0,0062949 secs]
704,213: [GC (Allocation Failure)  121274K->89834K(141312K), 0,0026957 secs]
704,238: [GC (Allocation Failure)  116458K->95642K(140288K), 0,0021254 secs]
704,273: [GC (Allocation Failure)  121242K->89834K(140800K), 0,0011396 secs]
704,296: [GC (Allocation Failure)  115434K->94586K(140288K), 0,0018051 secs]
704,331: [GC (Allocation Failure)  120186K->88746K(140800K), 0,0010705 secs]
704,354: [GC (Allocation Failure)  114346K->93530K(141312K), 0,0028677 secs]
704,390: [GC (Allocation Failure)  120154K->88714K(141312K), 0,0025127 secs]
704,414: [GC (Allocation Failure)  115338K->94562K(141312K), 0,0017771 secs]
704,449: [GC (Allocation Failure)  121186K->89746K(141312K), 0,0011250 secs]
704,472: [GC (Allocation Failure)  116370K->95554K(140288K), 0,0018385 secs]
704,507: [GC (Allocation Failure)  121154K->89714K(140800K), 0,0011762 secs]
704,530: [GC (Allocation Failure)  115314K->94530K(140288K), 0,0017220 secs]
704,567: [GC (Allocation Failure)  120130K->88698K(140800K), 0,0031042 secs]
704,596: [GC (Allocation Failure)  114298K->93450K(141312K), 0,0043484 secs]
704,634: [GC (Allocation Failure)  120074K->88634K(141312K), 0,0010859 secs]
704,661: [GC (Allocation Failure)  115258K->94442K(141312K), 0,0054573 secs]
704,700: [GC (Allocation Failure)  121066K->89658K(141312K), 0,0049309 secs]
704,728: [GC (Allocation Failure)  116282K->95498K(139776K), 0,0022187 secs]
704,762: [GC (Allocation Failure)  121098K->89626K(140800K), 0,0029264 secs]
704,788: [GC (Allocation Failure)  115226K->94418K(141312K), 0,0069735 secs]
704,827: [GC (Allocation Failure)  121042K->89602K(141312K), 0,0024047 secs]
704,853: [GC (Allocation Failure)  116226K->95410K(140288K), 0,0039615 secs]
704,889: [GC (Allocation Failure)  121010K->89538K(140800K), 0,0029387 secs]
704,914: [GC (Allocation Failure)  115138K->94354K(141312K), 0,0041148 secs]
704,951: [GC (Allocation Failure)  120978K->89538K(141312K), 0,0033371 secs]
704,978: [GC (Allocation Failure)  116162K->95378K(140288K), 0,0020981 secs]
705,012: [GC (Allocation Failure)  120978K->89538K(140800K), 0,0014093 secs]
705,037: [GC (Allocation Failure)  115138K->94330K(141312K), 0,0019661 secs]
705,073: [GC (Allocation Failure)  120954K->89546K(141312K), 0,0073570 secs]
705,109: [GC (Allocation Failure)  116170K->95322K(140288K), 0,0045347 secs]
705,148: [GC (Allocation Failure)  120922K->89490K(140800K), 0,0045224 secs]
705,179: [GC (Allocation Failure)  115090K->94242K(141312K), 0,0066378 secs]
705,219: [GC (Allocation Failure)  120866K->89458K(141312K), 0,0083827 secs]
705,249: [GC (Allocation Failure)  116082K->95306K(140288K), 0,0014827 secs]
705,283: [GC (Allocation Failure)  120906K->89434K(140800K), 0,0022439 secs]
705,306: [GC (Allocation Failure)  115034K->94218K(141312K), 0,0022639 secs]
705,342: [GC (Allocation Failure)  120842K->89434K(141312K), 0,0020104 secs]
705,367: [GC (Allocation Failure)  116058K->95242K(141312K), 0,0030150 secs]
705,403: [GC (Allocation Failure)  121866K->90490K(141312K), 0,0011842 secs]
705,426: [GC (Allocation Failure)  117114K->96266K(139776K), 0,0032630 secs]
705,462: [GC (Allocation Failure)  121866K->90426K(140800K), 0,0011769 secs]
705,485: [GC (Allocation Failure)  116026K->95186K(140288K), 0,0029451 secs]
705,521: [GC (Allocation Failure)  120786K->89346K(140800K), 0,0029620 secs]
705,546: [GC (Allocation Failure)  114946K->94098K(141312K), 0,0081390 secs]
705,586: [GC (Allocation Failure)  120722K->89314K(141312K), 0,0014490 secs]
705,608: [GC (Allocation Failure)  115938K->95186K(141312K), 0,0013761 secs]
705,642: [GC (Allocation Failure)  121810K->90370K(141312K), 0,0008686 secs]
705,665: [GC (Allocation Failure)  116994K->96178K(140288K), 0,0015591 secs]
705,698: [GC (Allocation Failure)  121778K->90338K(140800K), 0,0008499 secs]
705,719: [GC (Allocation Failure)  115938K->95122K(140288K), 0,0016294 secs]
705,753: [GC (Allocation Failure)  120722K->89298K(140800K), 0,0008965 secs]
705,776: [GC (Allocation Failure)  114898K->94090K(141312K), 0,0014830 secs]
705,810: [GC (Allocation Failure)  120714K->89242K(141312K), 0,0036337 secs]
705,843: [GC (Allocation Failure)  115866K->95082K(141312K), 0,0080692 secs]
705,884: [GC (Allocation Failure)  121706K->90242K(141312K), 0,0044386 secs]
705,914: [GC (Allocation Failure)  116866K->96082K(139776K), 0,0044260 secs]
705,952: [GC (Allocation Failure)  121682K->90242K(140800K), 0,0019441 secs]
705,979: [GC (Allocation Failure)  115842K->95026K(141312K), 0,0029889 secs]
706,016: [GC (Allocation Failure)  121650K->90242K(141312K), 0,0040989 secs]
706,044: [GC (Allocation Failure)  116866K->96058K(140288K), 0,0030126 secs]
706,079: [GC (Allocation Failure)  121658K->90226K(140800K), 0,0013826 secs]
706,103: [GC (Allocation Failure)  115826K->94978K(141312K), 0,0020180 secs]
706,138: [GC (Allocation Failure)  121602K->90226K(141312K), 0,0013946 secs]
706,163: [GC (Allocation Failure)  116850K->96002K(140288K), 0,0052736 secs]
706,201: [GC (Allocation Failure)  121602K->90194K(140800K), 0,0028433 secs]
706,226: [GC (Allocation Failure)  115794K->94946K(141312K), 0,0021024 secs]
706,261: [GC (Allocation Failure)  121570K->90130K(141312K), 0,0043857 secs]
706,289: [GC (Allocation Failure)  116754K->95970K(140288K), 0,0020898 secs]
706,328: [GC (Allocation Failure)  121570K->90130K(140800K), 0,0074893 secs]
706,358: [GC (Allocation Failure)  115730K->94914K(141312K), 0,0014535 secs]
706,392: [GC (Allocation Failure)  121538K->90098K(141312K), 0,0012220 secs]
706,415: [GC (Allocation Failure)  116722K->95938K(141312K), 0,0023168 secs]
706,453: [GC (Allocation Failure)  122562K->91154K(141312K), 0,0019531 secs]
706,479: [GC (Allocation Failure)  117778K->96898K(140288K), 0,0039640 secs]
706,515: [GC (Allocation Failure)  122498K->91058K(140800K), 0,0032558 secs]
706,542: [GC (Allocation Failure)  116658K->95874K(140288K), 0,0022078 secs]
706,580: [GC (Allocation Failure)  121474K->90002K(140800K), 0,0030829 secs]
706,611: [GC (Allocation Failure)  115602K->94818K(141312K), 0,0036598 secs]
706,649: [GC (Allocation Failure)  121442K->90002K(141312K), 0,0017644 secs]
706,675: [GC (Allocation Failure)  116626K->95778K(141312K), 0,0043571 secs]
706,714: [GC (Allocation Failure)  122402K->91002K(141312K), 0,0019271 secs]
706,741: [GC (Allocation Failure)  117626K->96842K(140288K), 0,0030608 secs]
706,778: [GC (Allocation Failure)  122442K->91002K(140800K), 0,0030395 secs]
706,806: [GC (Allocation Failure)  116602K->95562K(140288K), 0,0036636 secs]
706,843: [GC (Allocation Failure)  121162K->89786K(140800K), 0,0008215 secs]
706,866: [GC (Allocation Failure)  115386K->94514K(141312K), 0,0020580 secs]
706,900: [GC (Allocation Failure)  121137K->89698K(141312K), 0,0017690 secs]
706,923: [GC (Allocation Failure)  116322K->95538K(141312K), 0,0013465 secs]
706,956: [GC (Allocation Failure)  122162K->90698K(141312K), 0,0040367 secs]
706,982: [GC (Allocation Failure)  117322K->96538K(140800K), 0,0023120 secs]
707,016: [GC (Allocation Failure)  123162K->91722K(141312K), 0,0017662 secs]
707,040: [GC (Allocation Failure)  118346K->97562K(139776K), 0,0016725 secs]
707,072: [GC (Allocation Failure)  123162K->91722K(140800K), 0,0009682 secs]
707,095: [GC (Allocation Failure)  117322K->96474K(140288K), 0,0015253 secs]
707,129: [GC (Allocation Failure)  122074K->90666K(140800K), 0,0019126 secs]
707,153: [GC (Allocation Failure)  116266K->95418K(141312K), 0,0019064 secs]
707,187: [GC (Allocation Failure)  121530K->90122K(140800K), 0,0019404 secs]
707,211: [GC (Allocation Failure)  116234K->95418K(141312K), 0,0016467 secs]
707,246: [GC (Allocation Failure)  122042K->90602K(141312K), 0,0008522 secs]
707,269: [GC (Allocation Failure)  117226K->96410K(140288K), 0,0015675 secs]
707,303: [GC (Allocation Failure)  122010K->90602K(140800K), 0,0008653 secs]
707,326: [GC (Allocation Failure)  116202K->95354K(141312K), 0,0028019 secs]
707,361: [GC (Allocation Failure)  121978K->90570K(141312K), 0,0009283 secs]
707,384: [GC (Allocation Failure)  117194K->96378K(141312K), 0,0047304 secs]
707,422: [GC (Allocation Failure)  123002K->91562K(141312K), 0,0015729 secs]
707,445: [GC (Allocation Failure)  118186K->97370K(140288K), 0,0029993 secs]
707,481: [GC (Allocation Failure)  122970K->91530K(140800K), 0,0020005 secs]
707,505: [GC (Allocation Failure)  117130K->96346K(140288K), 0,0015604 secs]
707,539: [GC (Allocation Failure)  121946K->90474K(140800K), 0,0032170 secs]
707,568: [GC (Allocation Failure)  116074K->95258K(141312K), 0,0045273 secs]
707,610: [GC (Allocation Failure)  121882K->90474K(141312K), 0,0044103 secs]
707,639: [GC (Allocation Failure)  117098K->96250K(141312K), 0,0015522 secs]
707,673: [GC (Allocation Failure)  122874K->91506K(141312K), 0,0013302 secs]
707,696: [GC (Allocation Failure)  118130K->97314K(140288K), 0,0027303 secs]
707,732: [GC (Allocation Failure)  122914K->91442K(140800K), 0,0010935 secs]
707,755: [GC (Allocation Failure)  117042K->96258K(140288K), 0,0017614 secs]
707,790: [GC (Allocation Failure)  121858K->90386K(140800K), 0,0010061 secs]
707,813: [GC (Allocation Failure)  115986K->95202K(141312K), 0,0015686 secs]
707,847: [GC (Allocation Failure)  121826K->90386K(141312K), 0,0023999 secs]
707,871: [GC (Allocation Failure)  117010K->96194K(141312K), 0,0018179 secs]
707,906: [GC (Allocation Failure)  122818K->91378K(141312K), 0,0027308 secs]
707,931: [GC (Allocation Failure)  118002K->97154K(139776K), 0,0033866 secs]
707,967: [GC (Allocation Failure)  122754K->91346K(140800K), 0,0036276 secs]
707,993: [GC (Allocation Failure)  116946K->96130K(141312K), 0,0016903 secs]
708,028: [GC (Allocation Failure)  122754K->91346K(141312K), 0,0010056 secs]
708,051: [GC (Allocation Failure)  117970K->97154K(140288K), 0,0018250 secs]
708,086: [GC (Allocation Failure)  122754K->91314K(140800K), 0,0009983 secs]
708,109: [GC (Allocation Failure)  116914K->96066K(141312K), 0,0037961 secs]
708,146: [GC (Allocation Failure)  122690K->91322K(141312K), 0,0010119 secs]
708,169: [GC (Allocation Failure)  117946K->97138K(140288K), 0,0018082 secs]
708,204: [GC (Allocation Failure)  122738K->91266K(140800K), 0,0022721 secs]
708,228: [GC (Allocation Failure)  116866K->96050K(141312K), 0,0018444 secs]
708,263: [GC (Allocation Failure)  122674K->91234K(141312K), 0,0009690 secs]
708,286: [GC (Allocation Failure)  117858K->97074K(140288K), 0,0017985 secs]
708,321: [GC (Allocation Failure)  122674K->91234K(140800K), 0,0009678 secs]
708,344: [GC (Allocation Failure)  116834K->96026K(141312K), 0,0015936 secs]
708,378: [GC (Allocation Failure)  122650K->91210K(141312K), 0,0020581 secs]
708,402: [GC (Allocation Failure)  117834K->96986K(141312K), 0,0026428 secs]
708,438: [GC (Allocation Failure)  123610K->92202K(141312K), 0,0010981 secs]
708,461: [GC (Allocation Failure)  118826K->98050K(140288K), 0,0018173 secs]
708,496: [GC (Allocation Failure)  123650K->92242K(140800K), 0,0011074 secs]
708,519: [GC (Allocation Failure)  117842K->96994K(140288K), 0,0017138 secs]
708,554: [GC (Allocation Failure)  122594K->91130K(140800K), 0,0038528 secs]
708,586: [GC (Allocation Failure)  116730K->95946K(141312K), 0,0050252 secs]
708,628: [GC (Allocation Failure)  122570K->91130K(141312K), 0,0057423 secs]
708,657: [GC (Allocation Failure)  117754K->96938K(141312K), 0,0020843 secs]
708,691: [GC (Allocation Failure)  123562K->92154K(141312K), 0,0063421 secs]
708,721: [GC (Allocation Failure)  118778K->97970K(140288K), 0,0023462 secs]
708,756: [GC (Allocation Failure)  123570K->92098K(140800K), 0,0048208 secs]
708,784: [GC (Allocation Failure)  117698K->96914K(140288K), 0,0021517 secs]
708,818: [GC (Allocation Failure)  122514K->91074K(140800K), 0,0029557 secs]
708,844: [GC (Allocation Failure)  116674K->95858K(141312K), 0,0020862 secs]
708,879: [GC (Allocation Failure)  122482K->91010K(141312K), 0,0018960 secs]
708,903: [GC (Allocation Failure)  117634K->96850K(141312K), 0,0021769 secs]
708,938: [GC (Allocation Failure)  123474K->92042K(141312K), 0,0014163 secs]
708,963: [GC (Allocation Failure)  118666K->97850K(140288K), 0,0040749 secs]
708,999: [GC (Allocation Failure)  123450K->92010K(140800K), 0,0025399 secs]
709,024: [GC (Allocation Failure)  117610K->96762K(141312K), 0,0037114 secs]
709,061: [GC (Allocation Failure)  123386K->91978K(141312K), 0,0029740 secs]
709,087: [GC (Allocation Failure)  118602K->97818K(140288K), 0,0039221 secs]
709,123: [GC (Allocation Failure)  123418K->91978K(140800K), 0,0013722 secs]
709,147: [GC (Allocation Failure)  117578K->96794K(141312K), 0,0020286 secs]
709,182: [GC (Allocation Failure)  123418K->91946K(141312K), 0,0033013 secs]
709,209: [GC (Allocation Failure)  118570K->97754K(140288K), 0,0049739 secs]
709,246: [GC (Allocation Failure)  123354K->91914K(140800K), 0,0039925 secs]
709,272: [GC (Allocation Failure)  117514K->96730K(141312K), 0,0017648 secs]
709,307: [GC (Allocation Failure)  123354K->91882K(141312K), 0,0024864 secs]
709,331: [GC (Allocation Failure)  118506K->97722K(140288K), 0,0031633 secs]
709,367: [GC (Allocation Failure)  123322K->91850K(140800K), 0,0021770 secs]
709,391: [GC (Allocation Failure)  117450K->96634K(141312K), 0,0052352 secs]
709,429: [GC (Allocation Failure)  123258K->91882K(141312K), 0,0023244 secs]
709,453: [GC (Allocation Failure)  118506K->97690K(140288K), 0,0018113 secs]
709,488: [GC (Allocation Failure)  123290K->91818K(140800K), 0,0011690 secs]
709,511: [GC (Allocation Failure)  117418K->96634K(141312K), 0,0028121 secs]
709,547: [GC (Allocation Failure)  123258K->91754K(141312K), 0,0034452 secs]
709,572: [GC (Allocation Failure)  118378K->97626K(141312K), 0,0036693 secs]
709,608: [GC (Allocation Failure)  124250K->92778K(141312K), 0,0016756 secs]
709,633: [GC (Allocation Failure)  119402K->98618K(140288K), 0,0044790 secs]
709,670: [GC (Allocation Failure)  124218K->92778K(140800K), 0,0015067 secs]
709,695: [GC (Allocation Failure)  118378K->97562K(140288K), 0,0026738 secs]
709,730: [GC (Allocation Failure)  123162K->91690K(140800K), 0,0032470 secs]
709,756: [GC (Allocation Failure)  117290K->96474K(141312K), 0,0036337 secs]
709,793: [GC (Allocation Failure)  123098K->91690K(141312K), 0,0047092 secs]
709,821: [GC (Allocation Failure)  118314K->97466K(141312K), 0,0040161 secs]
709,857: [GC (Allocation Failure)  124090K->92682K(141312K), 0,0035502 secs]
709,884: [GC (Allocation Failure)  119306K->98554K(140288K), 0,0025593 secs]
709,919: [GC (Allocation Failure)  124154K->92682K(140800K), 0,0026593 secs]
709,945: [GC (Allocation Failure)  118282K->97474K(140288K), 0,0022140 secs]
709,979: [GC (Allocation Failure)  123074K->91682K(140800K), 0,0024193 secs]
710,004: [GC (Allocation Failure)  117282K->96402K(141312K), 0,0043053 secs]
710,042: [GC (Allocation Failure)  123026K->91618K(141312K), 0,0021870 secs]
710,068: [GC (Allocation Failure)  118242K->97434K(141312K), 0,0068851 secs]
710,108: [GC (Allocation Failure)  124058K->92626K(141312K), 0,0030044 secs]
710,137: [GC (Allocation Failure)  119250K->98434K(139776K), 0,0074791 secs]
710,178: [GC (Allocation Failure)  124034K->92626K(140800K), 0,0013169 secs]
710,201: [GC (Allocation Failure)  118226K->97410K(141312K), 0,0016881 secs]
710,236: [GC (Allocation Failure)  124034K->92594K(141312K), 0,0024548 secs]
710,260: [GC (Allocation Failure)  119218K->98434K(140288K), 0,0033905 secs]
710,296: [GC (Allocation Failure)  124034K->92562K(140800K), 0,0027729 secs]
710,325: [GC (Allocation Failure)  118162K->97346K(141312K), 0,0071761 secs]
710,370: [GC (Allocation Failure)  123970K->92594K(141312K), 0,0027368 secs]
710,398: [GC (Allocation Failure)  119218K->98370K(140288K), 0,0048966 secs]
710,440: [GC (Allocation Failure)  123970K->92530K(140800K), 0,0062343 secs]
710,472: [GC (Allocation Failure)  118130K->97314K(141312K), 0,0027974 secs]
710,510: [GC (Allocation Failure)  123938K->92498K(141312K), 0,0041705 secs]
710,538: [GC (Allocation Failure)  119122K->98306K(140288K), 0,0030712 secs]
710,576: [GC (Allocation Failure)  123906K->92466K(140800K), 0,0061776 secs]
710,605: [GC (Allocation Failure)  118066K->97258K(141312K), 0,0040706 secs]
710,642: [GC (Allocation Failure)  123882K->92442K(141312K), 0,0023546 secs]
710,666: [GC (Allocation Failure)  119066K->98250K(141312K), 0,0019855 secs]
710,701: [GC (Allocation Failure)  124874K->93466K(141312K), 0,0043808 secs]
710,727: [GC (Allocation Failure)  120090K->99306K(140288K), 0,0019576 secs]
710,762: [GC (Allocation Failure)  124906K->93434K(140800K), 0,0031486 secs]
710,787: [GC (Allocation Failure)  119034K->98034K(140288K), 0,0017364 secs]
710,822: [GC (Allocation Failure)  123634K->92194K(140800K), 0,0049657 secs]
710,849: [GC (Allocation Failure)  117794K->96946K(141312K), 0,0024887 secs]
710,884: [GC (Allocation Failure)  123570K->92162K(141312K), 0,0007867 secs]
710,905: [GC (Allocation Failure)  118786K->97938K(141312K), 0,0013499 secs]
710,937: [GC (Allocation Failure)  124562K->93138K(141312K), 0,0008374 secs]
710,959: [GC (Allocation Failure)  119762K->98978K(140288K), 0,0016482 secs]
710,993: [GC (Allocation Failure)  124578K->93170K(140800K), 0,0044679 secs]
711,018: [GC (Allocation Failure)  118770K->97922K(141312K), 0,0030595 secs]
711,052: [GC (Allocation Failure)  124546K->93170K(141312K), 0,0038859 secs]
711,078: [GC (Allocation Failure)  119794K->98946K(140288K), 0,0024204 secs]
711,113: [GC (Allocation Failure)  124546K->93138K(140800K), 0,0007988 secs]
711,135: [GC (Allocation Failure)  118738K->97890K(141312K), 0,0014213 secs]
711,167: [GC (Allocation Failure)  124514K->93114K(141312K), 0,0008983 secs]
711,190: [GC (Allocation Failure)  119738K->98890K(140288K), 0,0016288 secs]
711,228: [GC (Allocation Failure)  124490K->93050K(140800K), 0,0061435 secs]
711,257: [GC (Allocation Failure)  118650K->97834K(141312K), 0,0025505 secs]
711,292: [GC (Allocation Failure)  124458K->93018K(141312K), 0,0031366 secs]
711,317: [GC (Allocation Failure)  119642K->98858K(140288K), 0,0038069 secs]
711,354: [GC (Allocation Failure)  124458K->93050K(140800K), 0,0009532 secs]
711,377: [GC (Allocation Failure)  118650K->97834K(141312K), 0,0015447 secs]
711,411: [GC (Allocation Failure)  124458K->92986K(141312K), 0,0022512 secs]
711,435: [GC (Allocation Failure)  119610K->98858K(140288K), 0,0016301 secs]
711,469: [GC (Allocation Failure)  124458K->92962K(140800K), 0,0008665 secs]
711,492: [GC (Allocation Failure)  118562K->97786K(141312K), 0,0014965 secs]
711,526: [GC (Allocation Failure)  124410K->92938K(141312K), 0,0008859 secs]
711,549: [GC (Allocation Failure)  119562K->98778K(141312K), 0,0017909 secs]
711,589: [GC (Allocation Failure)  125402K->93962K(141312K), 0,0033532 secs]
711,620: [GC (Allocation Failure)  120586K->99802K(140288K), 0,0051944 secs]
711,663: [GC (Allocation Failure)  125402K->93962K(140800K), 0,0028415 secs]
711,691: [GC (Allocation Failure)  119562K->98754K(140288K), 0,0029597 secs]
711,728: [GC (Allocation Failure)  124354K->92922K(140800K), 0,0018733 secs]
711,755: [GC (Allocation Failure)  118522K->97706K(141312K), 0,0026465 secs]
711,792: [GC (Allocation Failure)  123818K->92386K(140800K), 0,0032708 secs]
711,819: [GC (Allocation Failure)  118498K->97650K(141312K), 0,0026773 secs]
711,855: [GC (Allocation Failure)  124274K->92834K(141312K), 0,0018561 secs]
711,882: [GC (Allocation Failure)  119458K->98682K(140800K), 0,0028627 secs]
711,918: [GC (Allocation Failure)  125306K->93866K(141312K), 0,0020904 secs]
711,945: [GC (Allocation Failure)  120490K->99674K(139776K), 0,0045950 secs]
711,985: [GC (Allocation Failure)  125274K->93834K(140800K), 0,0044812 secs]
712,014: [GC (Allocation Failure)  119434K->98618K(141312K), 0,0027956 secs]
712,050: [GC (Allocation Failure)  125242K->93834K(141312K), 0,0033986 secs]
712,077: [GC (Allocation Failure)  120458K->99610K(140288K), 0,0046891 secs]
712,117: [GC (Allocation Failure)  125210K->93802K(140800K), 0,0042877 secs]
712,146: [GC (Allocation Failure)  119402K->98554K(141312K), 0,0036676 secs]
712,185: [GC (Allocation Failure)  125178K->93802K(141312K), 0,0041501 secs]
712,214: [GC (Allocation Failure)  120426K->99578K(140288K), 0,0034902 secs]
712,250: [GC (Allocation Failure)  125178K->93738K(140800K), 0,0013200 secs]
712,274: [GC (Allocation Failure)  119338K->98522K(141312K), 0,0031493 secs]
712,310: [GC (Allocation Failure)  125146K->93738K(141312K), 0,0032684 secs]
712,340: [GC (Allocation Failure)  120362K->99546K(140288K), 0,0066433 secs]
712,382: [GC (Allocation Failure)  125146K->93714K(140800K), 0,0035137 secs]
712,408: [GC (Allocation Failure)  119314K->98498K(141312K), 0,0036503 secs]
712,445: [GC (Allocation Failure)  125122K->93682K(141312K), 0,0010529 secs]
712,468: [GC (Allocation Failure)  120306K->99522K(140288K), 0,0034928 secs]
712,504: [GC (Allocation Failure)  125122K->93650K(140800K), 0,0023260 secs]
712,528: [GC (Allocation Failure)  119250K->98466K(141312K), 0,0017428 secs]
712,563: [GC (Allocation Failure)  125090K->93618K(141312K), 0,0023340 secs]
712,587: [GC (Allocation Failure)  120242K->99490K(140288K), 0,0018627 secs]
712,622: [GC (Allocation Failure)  125090K->93618K(140800K), 0,0057811 secs]
712,650: [GC (Allocation Failure)  119218K->98402K(141312K), 0,0014439 secs]
712,684: [GC (Allocation Failure)  125026K->93554K(141312K), 0,0048329 secs]
712,711: [GC (Allocation Failure)  120178K->99394K(140288K), 0,0030861 secs]
712,747: [GC (Allocation Failure)  124994K->93594K(140800K), 0,0021585 secs]
712,771: [GC (Allocation Failure)  119194K->98346K(141312K), 0,0016035 secs]
712,805: [GC (Allocation Failure)  124970K->93570K(141312K), 0,0018864 secs]
712,829: [GC (Allocation Failure)  120194K->99378K(141312K), 0,0017023 secs]
712,863: [GC (Allocation Failure)  126002K->94594K(141312K), 0,0009812 secs]
712,886: [GC (Allocation Failure)  121218K->100370K(140288K), 0,0028195 secs]
712,921: [GC (Allocation Failure)  125970K->94530K(140800K), 0,0010441 secs]
712,948: [GC (Allocation Failure)  120130K->99346K(140288K), 0,0051655 secs]
712,991: [GC (Allocation Failure)  124946K->93506K(140800K), 0,0031163 secs]
713,023: [GC (Allocation Failure)  119106K->98266K(141312K), 0,0074331 secs]
713,066: [GC (Allocation Failure)  124890K->93450K(141312K), 0,0059720 secs]
713,101: [GC (Allocation Failure)  120074K->99258K(141312K), 0,0047095 secs]
713,143: [GC (Allocation Failure)  125882K->94474K(141312K), 0,0026826 secs]
713,169: [GC (Allocation Failure)  121098K->100322K(140288K), 0,0019363 secs]
713,204: [GC (Allocation Failure)  125922K->94450K(140800K), 0,0037499 secs]
713,230: [GC (Allocation Failure)  120050K->99266K(140288K), 0,0017623 secs]
713,265: [GC (Allocation Failure)  124866K->93362K(140800K), 0,0009798 secs]
713,288: [GC (Allocation Failure)  118962K->98146K(141312K), 0,0028477 secs]
713,324: [GC (Allocation Failure)  124770K->93370K(141312K), 0,0010854 secs]
713,347: [GC (Allocation Failure)  119994K->99218K(141312K), 0,0016806 secs]
713,382: [GC (Allocation Failure)  125842K->94410K(141312K), 0,0025811 secs]
713,410: [GC (Allocation Failure)  121034K->100218K(139776K), 0,0083884 secs]
713,453: [GC (Allocation Failure)  125818K->94378K(140800K), 0,0029883 secs]
713,478: [GC (Allocation Failure)  119978K->99130K(141312K), 0,0029279 secs]
713,514: [GC (Allocation Failure)  125754K->94314K(141312K), 0,0019705 secs]
713,538: [GC (Allocation Failure)  120938K->100154K(140288K), 0,0052802 secs]
713,575: [GC (Allocation Failure)  125754K->94362K(140800K), 0,0008266 secs]
713,596: [GC (Allocation Failure)  119962K->99114K(141312K), 0,0013567 secs]
713,630: [GC (Allocation Failure)  125738K->94330K(141312K), 0,0016086 secs]
713,653: [GC (Allocation Failure)  120954K->100138K(140288K), 0,0014983 secs]
713,687: [GC (Allocation Failure)  125738K->94330K(140800K), 0,0016692 secs]
713,710: [GC (Allocation Failure)  119930K->99050K(141312K), 0,0023241 secs]
713,743: [GC (Allocation Failure)  125674K->94266K(141312K), 0,0008449 secs]
713,765: [GC (Allocation Failure)  120890K->100074K(141312K), 0,0024468 secs]
713,800: [GC (Allocation Failure)  126698K->95322K(141312K), 0,0010474 secs]
713,823: [GC (Allocation Failure)  121946K->101138K(140288K), 0,0017397 secs]
713,857: [GC (Allocation Failure)  126738K->95266K(140800K), 0,0009544 secs]
713,880: [GC (Allocation Failure)  120866K->100090K(140288K), 0,0015620 secs]
713,914: [GC (Allocation Failure)  125690K->94186K(140800K), 0,0008421 secs]
713,937: [GC (Allocation Failure)  119786K->98970K(141312K), 0,0024454 secs]
713,972: [GC (Allocation Failure)  125082K->93642K(140800K), 0,0007879 secs]
713,995: [GC (Allocation Failure)  119754K->98970K(141312K), 0,0023525 secs]
714,030: [GC (Allocation Failure)  125594K->94122K(141312K), 0,0033387 secs]
714,055: [GC (Allocation Failure)  120746K->99962K(141312K), 0,0015477 secs]
714,089: [GC (Allocation Failure)  126586K->95210K(141312K), 0,0009630 secs]
714,111: [GC (Allocation Failure)  121834K->100994K(139776K), 0,0018260 secs]
714,146: [GC (Allocation Failure)  126594K->95162K(140800K), 0,0010632 secs]
714,169: [GC (Allocation Failure)  120762K->99978K(140288K), 0,0016404 secs]
714,203: [GC (Allocation Failure)  125578K->94114K(140800K), 0,0008406 secs]
714,226: [GC (Allocation Failure)  119714K->98898K(141312K), 0,0020608 secs]
714,260: [GC (Allocation Failure)  125522K->94050K(141312K), 0,0009366 secs]
714,283: [GC (Allocation Failure)  120674K->99922K(141312K), 0,0065937 secs]
714,321: [GC (Allocation Failure)  126546K->95074K(141312K), 0,0017123 secs]
714,344: [GC (Allocation Failure)  121698K->100922K(139776K), 0,0015654 secs]
714,377: [GC (Allocation Failure)  126522K->95082K(140800K), 0,0016504 secs]
714,400: [GC (Allocation Failure)  120682K->99866K(141312K), 0,0031100 secs]
714,435: [GC (Allocation Failure)  126490K->95058K(141312K), 0,0020585 secs]
714,458: [GC (Allocation Failure)  121682K->100866K(140288K), 0,0016673 secs]
714,492: [GC (Allocation Failure)  126466K->95058K(140800K), 0,0009036 secs]
714,514: [GC (Allocation Failure)  120658K->99842K(141312K), 0,0025492 secs]
714,549: [GC (Allocation Failure)  126466K->95026K(141312K), 0,0010196 secs]
714,572: [GC (Allocation Failure)  121650K->100802K(140288K), 0,0044894 secs]
714,613: [GC (Allocation Failure)  126402K->95002K(140800K), 0,0044370 secs]
714,643: [GC (Allocation Failure)  120602K->99786K(141312K), 0,0027834 secs]
714,683: [GC (Allocation Failure)  126410K->94970K(141312K), 0,0018448 secs]
714,710: [GC (Allocation Failure)  121594K->100778K(140288K), 0,0034974 secs]
714,746: [GC (Allocation Failure)  126378K->94978K(140800K), 0,0034274 secs]
714,776: [GC (Allocation Failure)  120578K->99762K(141312K), 0,0053456 secs]
714,815: [GC (Allocation Failure)  126386K->94754K(141312K), 0,0067353 secs]
714,844: [GC (Allocation Failure)  121378K->100562K(141312K), 0,0024100 secs]
714,879: [GC (Allocation Failure)  127186K->95778K(141312K), 0,0009610 secs]
714,901: [GC (Allocation Failure)  122402K->101554K(140288K), 0,0015661 secs]
714,934: [GC (Allocation Failure)  127154K->95714K(140800K), 0,0008212 secs]
714,957: [GC (Allocation Failure)  121314K->100466K(140288K), 0,0022092 secs]
714,991: [GC (Allocation Failure)  126066K->94602K(140800K), 0,0014635 secs]
715,014: [GC (Allocation Failure)  120202K->99362K(141312K), 0,0014344 secs]
715,046: [GC (Allocation Failure)  125986K->94514K(141312K), 0,0015698 secs]
715,068: [GC (Allocation Failure)  121138K->100354K(141312K), 0,0016657 secs]
715,103: [GC (Allocation Failure)  126978K->95570K(141312K), 0,0009039 secs]
715,126: [GC (Allocation Failure)  122194K->101418K(140288K), 0,0017278 secs]
715,161: [GC (Allocation Failure)  127018K->95546K(140800K), 0,0009834 secs]
715,184: [GC (Allocation Failure)  121146K->100370K(141312K), 0,0015734 secs]
715,218: [GC (Allocation Failure)  126994K->95554K(141312K), 0,0031089 secs]
715,250: [GC (Allocation Failure)  122178K->101330K(140288K), 0,0050010 secs]
715,292: [GC (Allocation Failure)  126930K->95522K(140800K), 0,0036125 secs]
715,318: [GC (Allocation Failure)  121122K->100306K(141312K), 0,0019862 secs]
715,353: [GC (Allocation Failure)  126930K->95490K(141312K), 0,0010729 secs]
715,376: [GC (Allocation Failure)  122114K->101306K(140288K), 0,0018933 secs]
715,411: [GC (Allocation Failure)  126906K->95466K(140800K), 0,0023325 secs]
715,435: [GC (Allocation Failure)  121066K->100250K(141312K), 0,0029778 secs]
715,471: [GC (Allocation Failure)  126874K->95434K(141312K), 0,0023823 secs]
715,495: [GC (Allocation Failure)  122058K->101274K(140288K), 0,0031340 secs]
715,535: [GC (Allocation Failure)  126874K->95434K(140800K), 0,0033658 secs]
715,566: [GC (Allocation Failure)  121034K->100226K(141312K), 0,0035100 secs]
715,603: [GC (Allocation Failure)  126850K->95410K(141312K), 0,0025526 secs]
715,630: [GC (Allocation Failure)  122034K->101226K(140288K), 0,0028643 secs]
715,667: [GC (Allocation Failure)  126826K->95418K(140800K), 0,0018784 secs]
715,694: [GC (Allocation Failure)  121018K->100170K(141312K), 0,0037555 secs]
715,735: [GC (Allocation Failure)  126794K->95386K(141312K), 0,0032686 secs]
715,767: [GC (Allocation Failure)  122010K->101170K(141312K), 0,0048306 secs]
715,810: [GC (Allocation Failure)  127794K->96386K(141312K), 0,0055890 secs]
715,839: [GC (Allocation Failure)  123010K->102194K(140288K), 0,0018214 secs]
715,872: [GC (Allocation Failure)  127794K->96386K(140800K), 0,0009320 secs]
715,894: [GC (Allocation Failure)  121986K->101170K(140288K), 0,0014923 secs]
715,927: [GC (Allocation Failure)  126770K->95330K(140800K), 0,0007824 secs]
715,950: [GC (Allocation Failure)  120930K->100058K(141312K), 0,0012919 secs]
715,984: [GC (Allocation Failure)  126682K->95290K(141312K), 0,0008112 secs]
716,007: [GC (Allocation Failure)  121914K->101130K(141312K), 0,0016057 secs]
716,041: [GC (Allocation Failure)  127754K->96282K(141312K), 0,0030690 secs]
716,070: [GC (Allocation Failure)  122906K->102090K(140288K), 0,0039705 secs]
716,109: [GC (Allocation Failure)  127690K->96314K(140800K), 0,0019046 secs]
716,136: [GC (Allocation Failure)  121914K->101042K(140288K), 0,0029174 secs]
716,174: [GC (Allocation Failure)  126642K->95202K(140800K), 0,0040302 secs]
716,203: [GC (Allocation Failure)  120802K->100018K(141312K), 0,0027565 secs]
716,240: [GC (Allocation Failure)  126642K->95202K(141312K), 0,0031750 secs]
716,272: [GC (Allocation Failure)  121826K->101010K(141312K), 0,0068944 secs]
716,314: [GC (Allocation Failure)  127634K->96194K(141312K), 0,0042155 secs]
716,342: [GC (Allocation Failure)  122818K->102002K(139776K), 0,0031831 secs]
716,379: [GC (Allocation Failure)  127602K->96194K(140800K), 0,0020150 secs]
716,405: [GC (Allocation Failure)  121794K->100978K(141312K), 0,0053373 secs]
716,444: [GC (Allocation Failure)  127602K->96170K(141312K), 0,0018813 secs]
716,470: [GC (Allocation Failure)  122794K->101978K(140288K), 0,0032812 secs]
716,507: [GC (Allocation Failure)  127578K->96138K(140800K), 0,0019608 secs]
716,534: [GC (Allocation Failure)  121738K->100922K(141312K), 0,0028000 secs]
716,572: [GC (Allocation Failure)  127546K->96138K(141312K), 0,0037705 secs]
716,604: [GC (Allocation Failure)  122762K->101946K(140288K), 0,0042819 secs]
716,642: [GC (Allocation Failure)  127546K->96106K(140800K), 0,0018656 secs]
716,669: [GC (Allocation Failure)  121706K->100890K(141312K), 0,0048414 secs]
716,706: [GC (Allocation Failure)  127514K->96074K(141312K), 0,0074738 secs]
716,735: [GC (Allocation Failure)  122698K->101890K(140288K), 0,0018360 secs]
716,770: [GC (Allocation Failure)  127490K->96082K(140800K), 0,0010373 secs]
716,793: [GC (Allocation Failure)  121682K->100866K(141312K), 0,0015507 secs]
716,827: [GC (Allocation Failure)  127490K->96018K(141312K), 0,0008859 secs]
716,850: [GC (Allocation Failure)  122642K->101834K(141312K), 0,0063942 secs]
716,889: [GC (Allocation Failure)  128458K->97082K(141312K), 0,0017106 secs]
716,912: [GC (Allocation Failure)  123706K->102858K(140288K), 0,0041477 secs]
716,948: [GC (Allocation Failure)  128458K->97018K(140800K), 0,0020287 secs]
716,971: [GC (Allocation Failure)  122618K->101802K(140288K), 0,0025960 secs]
717,007: [GC (Allocation Failure)  127402K->95962K(140800K), 0,0066689 secs]
717,037: [GC (Allocation Failure)  121562K->100746K(141312K), 0,0039350 secs]
717,073: [GC (Allocation Failure)  126858K->95418K(140800K), 0,0008050 secs]
717,095: [GC (Allocation Failure)  121530K->100714K(141312K), 0,0039749 secs]
717,131: [GC (Allocation Failure)  127338K->95930K(141312K), 0,0008080 secs]
717,153: [GC (Allocation Failure)  122554K->101738K(141312K), 0,0023391 secs]
717,187: [GC (Allocation Failure)  128362K->96922K(141312K), 0,0008543 secs]
717,210: [GC (Allocation Failure)  123546K->102698K(139776K), 0,0027063 secs]
717,245: [GC (Allocation Failure)  128298K->96922K(140800K), 0,0009526 secs]
717,268: [GC (Allocation Failure)  122522K->101706K(141312K), 0,0016431 secs]
717,302: [GC (Allocation Failure)  128330K->96858K(141312K), 0,0009849 secs]
717,325: [GC (Allocation Failure)  123482K->102666K(140288K), 0,0056129 secs]
717,363: [GC (Allocation Failure)  128266K->96858K(140800K), 0,0018963 secs]
717,387: [GC (Allocation Failure)  122458K->101610K(140288K), 0,0015069 secs]
717,421: [GC (Allocation Failure)  127210K->95770K(140800K), 0,0044125 secs]
717,447: [GC (Allocation Failure)  121370K->100626K(141312K), 0,0014313 secs]
717,481: [GC (Allocation Failure)  127250K->95778K(141312K), 0,0016624 secs]
717,503: [GC (Allocation Failure)  122402K->101586K(141312K), 0,0026897 secs]
717,539: [GC (Allocation Failure)  128210K->96770K(141312K), 0,0030092 secs]
717,563: [GC (Allocation Failure)  123394K->102578K(139776K), 0,0033499 secs]
717,599: [GC (Allocation Failure)  128178K->96738K(140800K), 0,0015381 secs]
717,622: [GC (Allocation Failure)  122338K->101586K(141312K), 0,0014219 secs]
717,654: [GC (Allocation Failure)  128210K->96738K(141312K), 0,0007787 secs]
717,676: [GC (Allocation Failure)  123362K->102546K(140288K), 0,0023414 secs]
717,710: [GC (Allocation Failure)  128146K->96706K(140800K), 0,0007740 secs]
717,732: [GC (Allocation Failure)  122306K->101458K(141312K), 0,0051832 secs]
717,770: [GC (Allocation Failure)  128082K->96674K(141312K), 0,0015928 secs]
717,793: [GC (Allocation Failure)  123298K->102482K(140288K), 0,0034534 secs]
717,829: [GC (Allocation Failure)  128082K->96642K(140800K), 0,0034543 secs]
717,854: [GC (Allocation Failure)  122242K->101466K(141312K), 0,0014456 secs]
717,886: [GC (Allocation Failure)  128090K->96650K(141312K), 0,0016378 secs]
717,908: [GC (Allocation Failure)  123274K->102458K(141312K), 0,0015593 secs]
717,941: [GC (Allocation Failure)  129082K->97642K(141312K), 0,0043170 secs]
717,966: [GC (Allocation Failure)  124266K->103482K(140288K), 0,0016812 secs]
717,999: [GC (Allocation Failure)  129082K->97610K(140800K), 0,0059238 secs]
718,031: [GC (Allocation Failure)  123210K->102394K(140288K), 0,0035162 secs]
718,067: [GC (Allocation Failure)  127994K->96554K(140800K), 0,0031612 secs]
718,098: [GC (Allocation Failure)  122154K->101338K(141312K), 0,0047351 secs]
718,140: [GC (Allocation Failure)  127450K->96082K(140800K), 0,0031027 secs]
718,172: [GC (Allocation Failure)  122194K->101314K(141312K), 0,0049357 secs]
718,214: [GC (Allocation Failure)  127938K->96562K(141312K), 0,0031051 secs]
718,245: [GC (Allocation Failure)  123186K->102338K(141312K), 0,0026687 secs]
718,280: [GC (Allocation Failure)  128962K->97522K(141312K), 0,0036007 secs]
718,307: [GC (Allocation Failure)  124146K->103362K(139776K), 0,0022551 secs]
718,341: [GC (Allocation Failure)  128962K->97490K(140800K), 0,0016851 secs]
718,365: [GC (Allocation Failure)  123090K->102306K(140288K), 0,0037787 secs]
718,402: [GC (Allocation Failure)  127906K->96466K(140800K), 0,0027643 secs]
718,427: [GC (Allocation Failure)  122066K->101218K(141312K), 0,0039690 secs]
718,468: [GC (Allocation Failure)  127842K->96410K(141312K), 0,0062610 secs]
718,497: [GC (Allocation Failure)  123034K->102250K(141312K), 0,0018189 secs]
718,532: [GC (Allocation Failure)  128874K->97466K(141312K), 0,0011257 secs]
718,555: [GC (Allocation Failure)  124090K->103242K(139776K), 0,0032561 secs]
718,591: [GC (Allocation Failure)  128842K->97434K(140800K), 0,0011535 secs]
718,614: [GC (Allocation Failure)  123034K->102186K(141312K), 0,0026487 secs]
718,650: [GC (Allocation Failure)  128810K->97410K(141312K), 0,0023360 secs]
718,674: [GC (Allocation Failure)  124034K->103226K(140288K), 0,0019111 secs]
718,709: [GC (Allocation Failure)  128826K->97386K(140800K), 0,0027668 secs]
718,734: [GC (Allocation Failure)  122986K->102170K(141312K), 0,0039947 secs]
718,771: [GC (Allocation Failure)  128794K->97354K(141312K), 0,0030274 secs]
718,796: [GC (Allocation Failure)  123978K->102970K(140288K), 0,0035703 secs]
718,833: [GC (Allocation Failure)  128570K->97162K(140800K), 0,0015317 secs]
718,856: [GC (Allocation Failure)  122762K->101914K(141312K), 0,0039315 secs]
718,893: [GC (Allocation Failure)  128537K->97098K(141312K), 0,0007786 secs]
718,916: [GC (Allocation Failure)  123722K->102906K(141312K), 0,0014591 secs]
718,948: [GC (Allocation Failure)  129530K->98090K(141312K), 0,0066236 secs]
718,975: [GC (Allocation Failure)  124714K->103930K(140288K), 0,0024098 secs]
719,008: [GC (Allocation Failure)  129530K->98122K(140800K), 0,0009571 secs]
719,031: [GC (Allocation Failure)  123722K->102850K(140288K), 0,0017011 secs]
719,066: [GC (Allocation Failure)  128450K->97074K(140800K), 0,0037155 secs]
719,098: [GC (Allocation Failure)  122674K->101826K(141312K), 0,0050235 secs]
719,141: [GC (Allocation Failure)  128450K->97010K(141312K), 0,0073037 secs]
719,173: [GC (Allocation Failure)  123634K->102818K(141312K), 0,0029781 secs]
719,210: [GC (Allocation Failure)  129442K->98034K(141312K), 0,0019807 secs]
719,236: [GC (Allocation Failure)  124658K->103842K(140288K), 0,0033918 secs]
719,275: [GC (Allocation Failure)  129442K->98034K(140800K), 0,0034810 secs]
719,305: [GC (Allocation Failure)  123634K->102754K(140288K), 0,0043315 secs]
719,342: [GC (Allocation Failure)  128354K->96946K(140800K), 0,0013032 secs]
719,366: [GC (Allocation Failure)  122546K->101730K(141312K), 0,0030746 secs]
719,402: [GC (Allocation Failure)  128354K->96914K(141312K), 0,0012373 secs]
719,425: [GC (Allocation Failure)  123538K->102722K(141312K), 0,0037990 secs]
719,462: [GC (Allocation Failure)  129346K->97938K(141312K), 0,0046151 secs]
719,493: [GC (Allocation Failure)  124562K->103746K(139776K), 0,0072833 secs]
719,533: [GC (Allocation Failure)  129346K->97874K(140800K), 0,0044993 secs]
719,562: [GC (Allocation Failure)  123474K->102658K(141312K), 0,0076938 secs]
719,602: [GC (Allocation Failure)  129282K->97842K(141312K), 0,0034231 secs]
719,629: [GC (Allocation Failure)  124466K->103650K(140288K), 0,0039733 secs]
719,665: [GC (Allocation Failure)  129250K->97842K(140800K), 0,0048949 secs]
719,692: [GC (Allocation Failure)  123442K->102626K(141312K), 0,0037172 secs]
719,729: [GC (Allocation Failure)  129250K->97818K(141312K), 0,0010611 secs]
719,752: [GC (Allocation Failure)  124442K->103698K(140288K), 0,0018632 secs]
719,787: [GC (Allocation Failure)  129298K->97842K(140800K), 0,0011340 secs]
719,810: [GC (Allocation Failure)  123442K->102594K(141312K), 0,0034832 secs]
719,846: [GC (Allocation Failure)  129218K->97818K(141312K), 0,0011299 secs]
719,869: [GC (Allocation Failure)  124442K->103666K(140288K), 0,0018660 secs]
719,904: [GC (Allocation Failure)  129266K->97826K(140800K), 0,0010404 secs]
719,927: [GC (Allocation Failure)  123426K->102578K(141312K), 0,0018057 secs]
719,962: [GC (Allocation Failure)  129202K->97762K(141312K), 0,0034651 secs]
719,987: [GC (Allocation Failure)  124386K->103610K(140288K), 0,0043442 secs]
720,024: [GC (Allocation Failure)  129210K->97770K(140800K), 0,0011210 secs]
720,047: [GC (Allocation Failure)  123370K->102522K(141312K), 0,0017855 secs]
720,082: [GC (Allocation Failure)  129146K->97738K(141312K), 0,0016526 secs]
720,106: [GC (Allocation Failure)  124362K->103546K(141312K), 0,0017994 secs]
720,141: [GC (Allocation Failure)  130170K->98770K(141312K), 0,0011502 secs]
720,164: [GC (Allocation Failure)  125394K->104546K(140288K), 0,0041526 secs]
720,206: [GC (Allocation Failure)  130146K->98706K(140800K), 0,0063548 secs]
720,240: [GC (Allocation Failure)  124306K->103490K(140288K), 0,0057018 secs]
720,283: [GC (Allocation Failure)  129090K->97682K(140800K), 0,0032984 secs]
720,314: [GC (Allocation Failure)  123282K->102434K(141312K), 0,0045602 secs]
720,351: [GC (Allocation Failure)  129058K->97666K(141312K), 0,0013504 secs]
720,375: [GC (Allocation Failure)  124290K->103442K(141312K), 0,0052451 secs]
720,418: [GC (Allocation Failure)  130066K->98658K(141312K), 0,0033215 secs]
720,449: [GC (Allocation Failure)  125282K->104466K(140288K), 0,0052785 secs]
720,488: [GC (Allocation Failure)  130066K->98658K(140800K), 0,0014068 secs]
720,513: [GC (Allocation Failure)  124258K->103410K(141312K), 0,0025224 secs]
720,548: [GC (Allocation Failure)  130034K->98594K(141312K), 0,0030006 secs]
720,574: [GC (Allocation Failure)  125218K->104434K(140288K), 0,0022402 secs]
720,609: [GC (Allocation Failure)  130034K->98602K(140800K), 0,0031986 secs]
720,635: [GC (Allocation Failure)  124202K->103386K(140288K), 0,0037367 secs]
720,675: [GC (Allocation Failure)  128986K->97578K(140800K), 0,0030862 secs]
720,703: [GC (Allocation Failure)  123178K->102298K(141312K), 0,0039133 secs]
720,740: [GC (Allocation Failure)  128922K->97514K(141312K), 0,0025844 secs]
720,765: [GC (Allocation Failure)  124138K->103330K(141312K), 0,0017369 secs]
720,800: [GC (Allocation Failure)  129954K->98578K(141312K), 0,0011561 secs]
720,823: [GC (Allocation Failure)  125202K->104354K(140800K), 0,0020003 secs]
720,858: [GC (Allocation Failure)  130978K->99538K(141312K), 0,0011874 secs]
720,882: [GC (Allocation Failure)  126162K->105346K(140288K), 0,0019843 secs]
720,916: [GC (Allocation Failure)  130946K->99506K(140800K), 0,0012866 secs]
720,939: [GC (Allocation Failure)  125106K->104298K(140288K), 0,0019008 secs]
720,974: [GC (Allocation Failure)  129898K->98458K(140800K), 0,0011184 secs]
720,997: [GC (Allocation Failure)  124058K->103250K(140800K), 0,0017304 secs]
721,032: [GC (Allocation Failure)  128850K->97442K(140800K), 0,0014642 secs]
721,056: [GC (Allocation Failure)  123042K->102194K(141312K), 0,0043928 secs]
721,099: [GC (Allocation Failure)  128818K->97378K(141312K), 0,0030893 secs]
721,127: [GC (Allocation Failure)  124002K->103218K(141312K), 0,0027214 secs]
721,164: [GC (Allocation Failure)  129842K->98434K(141312K), 0,0018388 secs]
721,191: [GC (Allocation Failure)  125058K->104218K(140800K), 0,0028754 secs]
721,229: [GC (Allocation Failure)  130842K->99434K(141312K), 0,0019680 secs]
721,255: [GC (Allocation Failure)  126058K->105250K(139776K), 0,0030859 secs]
721,293: [GC (Allocation Failure)  130850K->99378K(140800K), 0,0070663 secs]
721,324: [GC (Allocation Failure)  124978K->104162K(140288K), 0,0021902 secs]
721,358: [GC (Allocation Failure)  129762K->98354K(140800K), 0,0030832 secs]
721,383: [GC (Allocation Failure)  123954K->103106K(141312K), 0,0036480 secs]
721,420: [GC (Allocation Failure)  129730K->98290K(141312K), 0,0010760 secs]
721,443: [GC (Allocation Failure)  124914K->104138K(141312K), 0,0019901 secs]
721,478: [GC (Allocation Failure)  130762K->99354K(141312K), 0,0076669 secs]
721,514: [GC (Allocation Failure)  125978K->105162K(140288K), 0,0049049 secs]
721,552: [GC (Allocation Failure)  130762K->99290K(140800K), 0,0016894 secs]
721,574: [GC (Allocation Failure)  124890K->104074K(140288K), 0,0014475 secs]
721,606: [GC (Allocation Failure)  129674K->98234K(140800K), 0,0014490 secs]
721,629: [GC (Allocation Failure)  123834K->103018K(141312K), 0,0012557 secs]
721,662: [GC (Allocation Failure)  129642K->98234K(141312K), 0,0007936 secs]
721,685: [GC (Allocation Failure)  124858K->104074K(141312K), 0,0015083 secs]
721,719: [GC (Allocation Failure)  130698K->99226K(141312K), 0,0017023 secs]
721,742: [GC (Allocation Failure)  125850K->105066K(139776K), 0,0014920 secs]
721,775: [GC (Allocation Failure)  130666K->99226K(140800K), 0,0059321 secs]
721,803: [GC (Allocation Failure)  124826K->103978K(141312K), 0,0022069 secs]
721,837: [GC (Allocation Failure)  130602K->99194K(141312K), 0,0016739 secs]
721,860: [GC (Allocation Failure)  125818K->105002K(140288K), 0,0016003 secs]
721,893: [GC (Allocation Failure)  130602K->99162K(140800K), 0,0061659 secs]
721,920: [GC (Allocation Failure)  124762K->103914K(141312K), 0,0024302 secs]
721,954: [GC (Allocation Failure)  130538K->99098K(141312K), 0,0051578 secs]
721,981: [GC (Allocation Failure)  125722K->104938K(140288K), 0,0024060 secs]
722,016: [GC (Allocation Failure)  130538K->99130K(140800K), 0,0008366 secs]
722,038: [GC (Allocation Failure)  124730K->103914K(141312K), 0,0014332 secs]
722,070: [GC (Allocation Failure)  130538K->99114K(141312K), 0,0033502 secs]
722,102: [GC (Allocation Failure)  125738K->104930K(140288K), 0,0050115 secs]
722,144: [GC (Allocation Failure)  130530K->99090K(140800K), 0,0047480 secs]
722,173: [GC (Allocation Failure)  124690K->103850K(141312K), 0,0019742 secs]
722,208: [GC (Allocation Failure)  130474K->99066K(141312K), 0,0044504 secs]
722,235: [GC (Allocation Failure)  125690K->104874K(140288K), 0,0018632 secs]
722,270: [GC (Allocation Failure)  130474K->99034K(140800K), 0,0070614 secs]
722,299: [GC (Allocation Failure)  124634K->103818K(141312K), 0,0029258 secs]
722,335: [GC (Allocation Failure)  130442K->99074K(141312K), 0,0010492 secs]
722,358: [GC (Allocation Failure)  125698K->104818K(141312K), 0,0017911 secs]
722,393: [GC (Allocation Failure)  131442K->100002K(141312K), 0,0019509 secs]
722,421: [GC (Allocation Failure)  126626K->105850K(140288K), 0,0051999 secs]
722,465: [GC (Allocation Failure)  131450K->100010K(140800K), 0,0034416 secs]
722,493: [GC (Allocation Failure)  125610K->104802K(140288K), 0,0036334 secs]
722,530: [GC (Allocation Failure)  130402K->99010K(140800K), 0,0013055 secs]
722,554: [GC (Allocation Failure)  124610K->103762K(141312K), 0,0019487 secs]
722,589: [GC (Allocation Failure)  130386K->98946K(141312K), 0,0014666 secs]
722,614: [GC (Allocation Failure)  125570K->104786K(141312K), 0,0022720 secs]
722,649: [GC (Allocation Failure)  131410K->100002K(141312K), 0,0014606 secs]
722,674: [GC (Allocation Failure)  126626K->105810K(140288K), 0,0039048 secs]
722,710: [GC (Allocation Failure)  131410K->99906K(140800K), 0,0030958 secs]
722,735: [GC (Allocation Failure)  125506K->104690K(140288K), 0,0039498 secs]
722,772: [GC (Allocation Failure)  130290K->98914K(140800K), 0,0047873 secs]
722,799: [GC (Allocation Failure)  124514K->103442K(141312K), 0,0020970 secs]
722,834: [GC (Allocation Failure)  130066K->98738K(141312K), 0,0007180 secs]
722,855: [GC (Allocation Failure)  125362K->104482K(140800K), 0,0023957 secs]
722,889: [GC (Allocation Failure)  131106K->99634K(141312K), 0,0014765 secs]
722,911: [GC (Allocation Failure)  126258K->105474K(140800K), 0,0015608 secs]
722,944: [GC (Allocation Failure)  132098K->100626K(141312K), 0,0037999 secs]
722,969: [GC (Allocation Failure)  127250K->106466K(139776K), 0,0017214 secs]
723,003: [GC (Allocation Failure)  132066K->100562K(140800K), 0,0017090 secs]
723,026: [GC (Allocation Failure)  126162K->105322K(140288K), 0,0015135 secs]
723,060: [GC (Allocation Failure)  130922K->99490K(140800K), 0,0008154 secs]
723,083: [GC (Allocation Failure)  125090K->104178K(141312K), 0,0016620 secs]
723,117: [GC (Allocation Failure)  130802K->99394K(141312K), 0,0007490 secs]
723,139: [GC (Allocation Failure)  126018K->105266K(140288K), 0,0016338 secs]
723,173: [GC (Allocation Failure)  130866K->99426K(140800K), 0,0011064 secs]
723,200: [GC (Allocation Failure)  125026K->104250K(141312K), 0,0046033 secs]
723,242: [GC (Allocation Failure)  130874K->99402K(141312K), 0,0031660 secs]
723,274: [GC (Allocation Failure)  126026K->105242K(141312K), 0,0047691 secs]
723,317: [GC (Allocation Failure)  131866K->100426K(141312K), 0,0034942 secs]
723,348: [GC (Allocation Failure)  127050K->106234K(140288K), 0,0048587 secs]
723,388: [GC (Allocation Failure)  131834K->100394K(140800K), 0,0019316 secs]
723,415: [GC (Allocation Failure)  125994K->105178K(140288K), 0,0028222 secs]
723,453: [GC (Allocation Failure)  130778K->99386K(140800K), 0,0017242 secs]
723,478: [GC (Allocation Failure)  124986K->104106K(141312K), 0,0034887 secs]
723,518: [GC (Allocation Failure)  130730K->99290K(141312K), 0,0030720 secs]
723,549: [GC (Allocation Failure)  125914K->105130K(141312K), 0,0051303 secs]
723,590: [GC (Allocation Failure)  131754K->100322K(141312K), 0,0031685 secs]
723,617: [GC (Allocation Failure)  126946K->106162K(139776K), 0,0022614 secs]
723,652: [GC (Allocation Failure)  131762K->100322K(140800K), 0,0014236 secs]
723,676: [GC (Allocation Failure)  125922K->105114K(141312K), 0,0024296 secs]
723,712: [GC (Allocation Failure)  131738K->100298K(141312K), 0,0013821 secs]
723,737: [GC (Allocation Failure)  126922K->106082K(140288K), 0,0038928 secs]
723,773: [GC (Allocation Failure)  131682K->100306K(140800K), 0,0013999 secs]
723,798: [GC (Allocation Failure)  125906K->105098K(141312K), 0,0020525 secs]
723,832: [GC (Allocation Failure)  131722K->100250K(141312K), 0,0014374 secs]
723,857: [GC (Allocation Failure)  126874K->106058K(140288K), 0,0047951 secs]
723,894: [GC (Allocation Failure)  131658K->100218K(140800K), 0,0031093 secs]
723,919: [GC (Allocation Failure)  125818K->105002K(141312K), 0,0035876 secs]
723,956: [GC (Allocation Failure)  131626K->100218K(141312K), 0,0063608 secs]
723,986: [GC (Allocation Failure)  126842K->106026K(140288K), 0,0044400 secs]
724,023: [GC (Allocation Failure)  131626K->100218K(140800K), 0,0013224 secs]
724,047: [GC (Allocation Failure)  125818K->104970K(141312K), 0,0036303 secs]
724,088: [GC (Allocation Failure)  131594K->100154K(141312K), 0,0045891 secs]
724,118: [GC (Allocation Failure)  126778K->105994K(140288K), 0,0029589 secs]
724,155: [GC (Allocation Failure)  131594K->100154K(140800K), 0,0019781 secs]
724,182: [GC (Allocation Failure)  125754K->104906K(141312K), 0,0035618 secs]
724,220: [GC (Allocation Failure)  131530K->100122K(141312K), 0,0018215 secs]
724,247: [GC (Allocation Failure)  126746K->105962K(141312K), 0,0031125 secs]
724,285: [GC (Allocation Failure)  132586K->101082K(141312K), 0,0046544 secs]
724,313: [GC (Allocation Failure)  127706K->106922K(140288K), 0,0022825 secs]
724,348: [GC (Allocation Failure)  132522K->101114K(140800K), 0,0015184 secs]
724,376: [GC (Allocation Failure)  126714K->105898K(140288K), 0,0034317 secs]
724,414: [GC (Allocation Failure)  131498K->100058K(140800K), 0,0017645 secs]
724,441: [GC (Allocation Failure)  125658K->104810K(141312K), 0,0042711 secs]
724,479: [GC (Allocation Failure)  131434K->99994K(141312K), 0,0024854 secs]
724,505: [GC (Allocation Failure)  126618K->105802K(141312K), 0,0029713 secs]
724,540: [GC (Allocation Failure)  132426K->101018K(141312K), 0,0014353 secs]
724,566: [GC (Allocation Failure)  127642K->106826K(140288K), 0,0051257 secs]
724,608: [GC (Allocation Failure)  132426K->100986K(140800K), 0,0066428 secs]
724,637: [GC (Allocation Failure)  126586K->105802K(140288K), 0,0029696 secs]
724,673: [GC (Allocation Failure)  131402K->99930K(140800K), 0,0009106 secs]
724,696: [GC (Allocation Failure)  125530K->104682K(141312K), 0,0063815 secs]
724,735: [GC (Allocation Failure)  131306K->99930K(141312K), 0,0038028 secs]
724,760: [GC (Allocation Failure)  126554K->105738K(141312K), 0,0040683 secs]
724,797: [GC (Allocation Failure)  132362K->100922K(141312K), 0,0016604 secs]
724,820: [GC (Allocation Failure)  127546K->106730K(139776K), 0,0015238 secs]
724,854: [GC (Allocation Failure)  132330K->100898K(140800K), 0,0008835 secs]
724,877: [GC (Allocation Failure)  126498K->105658K(141312K), 0,0022373 secs]
724,912: [GC (Allocation Failure)  132282K->100874K(141312K), 0,0009706 secs]
724,934: [GC (Allocation Failure)  127498K->106682K(140288K), 0,0025829 secs]
724,969: [GC (Allocation Failure)  132282K->100842K(140800K), 0,0018159 secs]
724,997: [GC (Allocation Failure)  126442K->105626K(141312K), 0,0046435 secs]
725,038: [GC (Allocation Failure)  132250K->100874K(141312K), 0,0018587 secs]
725,065: [GC (Allocation Failure)  127498K->106618K(140288K), 0,0068734 secs]
725,105: [GC (Allocation Failure)  132218K->100810K(140800K), 0,0030805 secs]
725,130: [GC (Allocation Failure)  126410K->105594K(141312K), 0,0039052 secs]
725,167: [GC (Allocation Failure)  132218K->100778K(141312K), 0,0025407 secs]
725,193: [GC (Allocation Failure)  127402K->106586K(140288K), 0,0022235 secs]
725,232: [GC (Allocation Failure)  132186K->100778K(140800K), 0,0051872 secs]
725,266: [GC (Allocation Failure)  126378K->105562K(141312K), 0,0046106 secs]
725,308: [GC (Allocation Failure)  132186K->100722K(141312K), 0,0018658 secs]
725,334: [GC (Allocation Failure)  127346K->106530K(141312K), 0,0037520 secs]
725,370: [GC (Allocation Failure)  133154K->101746K(141312K), 0,0023392 secs]
725,394: [GC (Allocation Failure)  128370K->107554K(140288K), 0,0032790 secs]
725,430: [GC (Allocation Failure)  133154K->101746K(140800K), 0,0012284 secs]
725,453: [GC (Allocation Failure)  127346K->106530K(140288K), 0,0031396 secs]
725,493: [GC (Allocation Failure)  132130K->100706K(140800K), 0,0031593 secs]
725,525: [GC (Allocation Failure)  126306K->105490K(141312K), 0,0036045 secs]
725,560: [GC (Allocation Failure)  132114K->100642K(141312K), 0,0007519 secs]
725,582: [GC (Allocation Failure)  127266K->106482K(141312K), 0,0015179 secs]
725,616: [GC (Allocation Failure)  133106K->101666K(141312K), 0,0062118 secs]
725,643: [GC (Allocation Failure)  128290K->107506K(140288K), 0,0016180 secs]
725,677: [GC (Allocation Failure)  133106K->101634K(140800K), 0,0009415 secs]
725,699: [GC (Allocation Failure)  127234K->106426K(140288K), 0,0021628 secs]
725,733: [GC (Allocation Failure)  132026K->100586K(140800K), 0,0041736 secs]
725,763: [GC (Allocation Failure)  126186K->105370K(141312K), 0,0046869 secs]
725,805: [GC (Allocation Failure)  131994K->100554K(141312K), 0,0031431 secs]
725,837: [GC (Allocation Failure)  127178K->106426K(141312K), 0,0031101 secs]
725,873: [GC (Allocation Failure)  133050K->101578K(141312K), 0,0019588 secs]
725,900: [GC (Allocation Failure)  128202K->107418K(140288K), 0,0029403 secs]
725,937: [GC (Allocation Failure)  133018K->101546K(140800K), 0,0042133 secs]
725,966: [GC (Allocation Failure)  127146K->106330K(141312K), 0,0056453 secs]
726,006: [GC (Allocation Failure)  132954K->101522K(141312K), 0,0019937 secs]
726,033: [GC (Allocation Failure)  128146K->107330K(140288K), 0,0029674 secs]
726,069: [GC (Allocation Failure)  132930K->101554K(140800K), 0,0013345 secs]
726,093: [GC (Allocation Failure)  127154K->106282K(141312K), 0,0037492 secs]
726,130: [GC (Allocation Failure)  132906K->101474K(141312K), 0,0013998 secs]
726,158: [GC (Allocation Failure)  128098K->107322K(140288K), 0,0051636 secs]
726,201: [GC (Allocation Failure)  132922K->101482K(140800K), 0,0067551 secs]
726,232: [GC (Allocation Failure)  127082K->106266K(141312K), 0,0051277 secs]
726,273: [GC (Allocation Failure)  132890K->101450K(141312K), 0,0033064 secs]
726,299: [GC (Allocation Failure)  128074K->107298K(140288K), 0,0019071 secs]
726,334: [GC (Allocation Failure)  132898K->101466K(140800K), 0,0010476 secs]
726,357: [GC (Allocation Failure)  127066K->106250K(141312K), 0,0017003 secs]
726,392: [GC (Allocation Failure)  132874K->101434K(141312K), 0,0012308 secs]
726,415: [GC (Allocation Failure)  128058K->107242K(140288K), 0,0023081 secs]
726,450: [GC (Allocation Failure)  132842K->101402K(140800K), 0,0081984 secs]
726,480: [GC (Allocation Failure)  127002K->106218K(141312K), 0,0015662 secs]
726,514: [GC (Allocation Failure)  132842K->101370K(141312K), 0,0008710 secs]
726,537: [GC (Allocation Failure)  127994K->107178K(141312K), 0,0016883 secs]
726,571: [GC (Allocation Failure)  133802K->102426K(141312K), 0,0010765 secs]
726,594: [GC (Allocation Failure)  129050K->108234K(140288K), 0,0017772 secs]
726,629: [GC (Allocation Failure)  133834K->102394K(140800K), 0,0010598 secs]
726,652: [GC (Allocation Failure)  127994K->107146K(140288K), 0,0016095 secs]
726,686: [GC (Allocation Failure)  132746K->101306K(140800K), 0,0020385 secs]
726,710: [GC (Allocation Failure)  126906K->106098K(141312K), 0,0024937 secs]
726,745: [GC (Allocation Failure)  132722K->101314K(141312K), 0,0008888 secs]
726,768: [GC (Allocation Failure)  127938K->107122K(141312K), 0,0016402 secs]
726,802: [GC (Allocation Failure)  133746K->102154K(141312K), 0,0037202 secs]
726,833: [GC (Allocation Failure)  128778K->107930K(140288K), 0,0055945 secs]
726,870: [GC (Allocation Failure)  133530K->102090K(140800K), 0,0050578 secs]
726,897: [GC (Allocation Failure)  127690K->106882K(140288K), 0,0014316 secs]
726,931: [GC (Allocation Failure)  132482K->100986K(140800K), 0,0007583 secs]
726,953: [GC (Allocation Failure)  126586K->105738K(141312K), 0,0019848 secs]
726,987: [GC (Allocation Failure)  132362K->100922K(141312K), 0,0015476 secs]
727,009: [GC (Allocation Failure)  127546K->106762K(141312K), 0,0014105 secs]
727,042: [GC (Allocation Failure)  133386K->101978K(141312K), 0,0007694 secs]
727,068: [GC (Allocation Failure)  128602K->107818K(140800K), 0,0056322 secs]
727,107: [GC (Allocation Failure)  134442K->102970K(141312K), 0,0043937 secs]
727,136: [GC (Allocation Failure)  129594K->108786K(139776K), 0,0031795 secs]
727,174: [GC (Allocation Failure)  134386K->103018K(140800K), 0,0076915 secs]
727,205: [GC (Allocation Failure)  128618K->107770K(140288K), 0,0021429 secs]
727,240: [GC (Allocation Failure)  133370K->101954K(140800K), 0,0015280 secs]
727,264: [GC (Allocation Failure)  127554K->106706K(141312K), 0,0040099 secs]
727,301: [GC (Allocation Failure)  133330K->101922K(141312K), 0,0028863 secs]
727,327: [GC (Allocation Failure)  128546K->107730K(140288K), 0,0040611 secs]
727,363: [GC (Allocation Failure)  133330K->101922K(140800K), 0,0046140 secs]
727,394: [GC (Allocation Failure)  127522K->106650K(141312K), 0,0042928 secs]
727,433: [GC (Allocation Failure)  133274K->101898K(141312K), 0,0051725 secs]
727,460: [GC (Allocation Failure)  128522K->107706K(141312K), 0,0037219 secs]
727,497: [GC (Allocation Failure)  134330K->102890K(141312K), 0,0039864 secs]
727,527: [GC (Allocation Failure)  129514K->108730K(140288K), 0,0051887 secs]
727,568: [GC (Allocation Failure)  134330K->102890K(140800K), 0,0034927 secs]
727,596: [GC (Allocation Failure)  128490K->107610K(140288K), 0,0026695 secs]
727,631: [GC (Allocation Failure)  133210K->101802K(140800K), 0,0032410 secs]
727,657: [GC (Allocation Failure)  127402K->106626K(141312K), 0,0020199 secs]
727,692: [GC (Allocation Failure)  133250K->101778K(141312K), 0,0043560 secs]
727,719: [GC (Allocation Failure)  128402K->107594K(141312K), 0,0038580 secs]
727,760: [GC (Allocation Failure)  134218K->102818K(141312K), 0,0051584 secs]
727,789: [GC (Allocation Failure)  129442K->108658K(140288K), 0,0028617 secs]
727,824: [GC (Allocation Failure)  134258K->102818K(140800K), 0,0014054 secs]
727,852: [GC (Allocation Failure)  128418K->107578K(140288K), 0,0065664 secs]
727,893: [GC (Allocation Failure)  133178K->101738K(140800K), 0,0017269 secs]
727,918: [GC (Allocation Failure)  127338K->106554K(141312K), 0,0019849 secs]
727,953: [GC (Allocation Failure)  133178K->101714K(141312K), 0,0031167 secs]
727,979: [GC (Allocation Failure)  128338K->107530K(141312K), 0,0021827 secs]
728,014: [GC (Allocation Failure)  134154K->102746K(141312K), 0,0031183 secs]
728,040: [GC (Allocation Failure)  129370K->108586K(139776K), 0,0023196 secs]
728,079: [GC (Allocation Failure)  134186K->102722K(140800K), 0,0054568 secs]
728,109: [GC (Allocation Failure)  128322K->107506K(141312K), 0,0040080 secs]
728,145: [GC (Allocation Failure)  134130K->102722K(141312K), 0,0010723 secs]
728,168: [GC (Allocation Failure)  129346K->108530K(140288K), 0,0019383 secs]
728,203: [GC (Allocation Failure)  134130K->102658K(140800K), 0,0023739 secs]
728,227: [GC (Allocation Failure)  128258K->107442K(141312K), 0,0044014 secs]
728,264: [GC (Allocation Failure)  134066K->102658K(141312K), 0,0026258 secs]
728,289: [GC (Allocation Failure)  129282K->108466K(140288K), 0,0017908 secs]
728,324: [GC (Allocation Failure)  134066K->102658K(140800K), 0,0012248 secs]
728,347: [GC (Allocation Failure)  128258K->107442K(141312K), 0,0017223 secs]
728,382: [GC (Allocation Failure)  134066K->102634K(141312K), 0,0022648 secs]
728,406: [GC (Allocation Failure)  129258K->108442K(140288K), 0,0028136 secs]
728,442: [GC (Allocation Failure)  134042K->102602K(140800K), 0,0023283 secs]
728,466: [GC (Allocation Failure)  128202K->107354K(141312K), 0,0030354 secs]
728,502: [GC (Allocation Failure)  133978K->102602K(141312K), 0,0011164 secs]
728,531: [GC (Allocation Failure)  129226K->108378K(141312K), 0,0082889 secs]
728,573: [GC (Allocation Failure)  135002K->103594K(141312K), 0,0020484 secs]
728,600: [GC (Allocation Failure)  130218K->109410K(140288K), 0,0045041 secs]
728,637: [GC (Allocation Failure)  135010K->103570K(140800K), 0,0030856 secs]
728,663: [GC (Allocation Failure)  129170K->108362K(140288K), 0,0022303 secs]
728,698: [GC (Allocation Failure)  133962K->102522K(140800K), 0,0012697 secs]
728,722: [GC (Allocation Failure)  128122K->107306K(141312K), 0,0030648 secs]
728,758: [GC (Allocation Failure)  133930K->102490K(141312K), 0,0062681 secs]
728,788: [GC (Allocation Failure)  129114K->108298K(141312K), 0,0022414 secs]
728,823: [GC (Allocation Failure)  134922K->103490K(141312K), 0,0014914 secs]
728,848: [GC (Allocation Failure)  130114K->109362K(140288K), 0,0022875 secs]
728,883: [GC (Allocation Failure)  134962K->103490K(140800K), 0,0014088 secs]
728,908: [GC (Allocation Failure)  129090K->108274K(140288K), 0,0022760 secs]
728,943: [GC (Allocation Failure)  133874K->102434K(140800K), 0,0013109 secs]
728,967: [GC (Allocation Failure)  128034K->107186K(141312K), 0,0022485 secs]
729,003: [GC (Allocation Failure)  133810K->102402K(141312K), 0,0050210 secs]
729,034: [GC (Allocation Failure)  129026K->108210K(141312K), 0,0065179 secs]
729,074: [GC (Allocation Failure)  134834K->103394K(141312K), 0,0080461 secs]
729,106: [GC (Allocation Failure)  130018K->109242K(140288K), 0,0023582 secs]
729,141: [GC (Allocation Failure)  134842K->103402K(140800K), 0,0014626 secs]
729,166: [GC (Allocation Failure)  129002K->108186K(141312K), 0,0021656 secs]
729,201: [GC (Allocation Failure)  134810K->103402K(141312K), 0,0015059 secs]
729,226: [GC (Allocation Failure)  130026K->109178K(140288K), 0,0068548 secs]
729,268: [GC (Allocation Failure)  134778K->103370K(140800K), 0,0048052 secs]
729,298: [GC (Allocation Failure)  128970K->108122K(141312K), 0,0054757 secs]
729,336: [GC (Allocation Failure)  134746K->103306K(141312K), 0,0020059 secs]
729,361: [GC (Allocation Failure)  129930K->109146K(140288K), 0,0023285 secs]
729,396: [GC (Allocation Failure)  134746K->103274K(140800K), 0,0029765 secs]
729,421: [GC (Allocation Failure)  128874K->108058K(141312K), 0,0020718 secs]
729,456: [GC (Allocation Failure)  134682K->103274K(141312K), 0,0014116 secs]
729,481: [GC (Allocation Failure)  129898K->109090K(140288K), 0,0028072 secs]
729,516: [GC (Allocation Failure)  134690K->103218K(140800K), 0,0056069 secs]
729,544: [GC (Allocation Failure)  128818K->108002K(141312K), 0,0056767 secs]
729,583: [GC (Allocation Failure)  134626K->103250K(141312K), 0,0020111 secs]
729,607: [GC (Allocation Failure)  129874K->109026K(140288K), 0,0015567 secs]
729,641: [GC (Allocation Failure)  134626K->103194K(140800K), 0,0018564 secs]
729,665: [GC (Allocation Failure)  128794K->107978K(141312K), 0,0027030 secs]
729,701: [GC (Allocation Failure)  134602K->103194K(141312K), 0,0022158 secs]
729,725: [GC (Allocation Failure)  129818K->108970K(141312K), 0,0038727 secs]
729,762: [GC (Allocation Failure)  135594K->104218K(141312K), 0,0033782 secs]
729,787: [GC (Allocation Failure)  130842K->110026K(140288K), 0,0019821 secs]
729,822: [GC (Allocation Failure)  135626K->104186K(140800K), 0,0010670 secs]
729,845: [GC (Allocation Failure)  129786K->108978K(140288K), 0,0018025 secs]
729,880: [GC (Allocation Failure)  134578K->103106K(140800K), 0,0021721 secs]
729,908: [GC (Allocation Failure)  128706K->107890K(141312K), 0,0049033 secs]
729,948: [GC (Allocation Failure)  134514K->103106K(141312K), 0,0018065 secs]
729,975: [GC (Allocation Failure)  129730K->108946K(141312K), 0,0030721 secs]
730,012: [GC (Allocation Failure)  135570K->104130K(141312K), 0,0019890 secs]
730,041: [GC (Allocation Failure)  130754K->109914K(140288K), 0,0052908 secs]
730,083: [GC (Allocation Failure)  135514K->104074K(140800K), 0,0031422 secs]
730,113: [GC (Allocation Failure)  129674K->108858K(140288K), 0,0046574 secs]
730,153: [GC (Allocation Failure)  134458K->103018K(140800K), 0,0077960 secs]
730,183: [GC (Allocation Failure)  128618K->107770K(141312K), 0,0014857 secs]
730,221: [GC (Allocation Failure)  134394K->102986K(141312K), 0,0031026 secs]
730,252: [GC (Allocation Failure)  129610K->108794K(141312K), 0,0067225 secs]
730,292: [GC (Allocation Failure)  135418K->104010K(141312K), 0,0025626 secs]
730,317: [GC (Allocation Failure)  130634K->109826K(139776K), 0,0018677 secs]
730,352: [GC (Allocation Failure)  135426K->104018K(140800K), 0,0016687 secs]
730,376: [GC (Allocation Failure)  129618K->108810K(141312K), 0,0017242 secs]
730,411: [GC (Allocation Failure)  135434K->103962K(141312K), 0,0023512 secs]
730,435: [GC (Allocation Failure)  130586K->109770K(140288K), 0,0018986 secs]
730,470: [GC (Allocation Failure)  135370K->103970K(140800K), 0,0010901 secs]
730,493: [GC (Allocation Failure)  129570K->108722K(141312K), 0,0034928 secs]
730,530: [GC (Allocation Failure)  135346K->103938K(141312K), 0,0069500 secs]
730,563: [GC (Allocation Failure)  130562K->109754K(140288K), 0,0047017 secs]
730,602: [GC (Allocation Failure)  135354K->103914K(140800K), 0,0042258 secs]
730,629: [GC (Allocation Failure)  129514K->108698K(141312K), 0,0035424 secs]
730,666: [GC (Allocation Failure)  135322K->103914K(141312K), 0,0023472 secs]
730,690: [GC (Allocation Failure)  130538K->109722K(140288K), 0,0018054 secs]
730,725: [GC (Allocation Failure)  135322K->103882K(140800K), 0,0025453 secs]
730,749: [GC (Allocation Failure)  129482K->108666K(141312K), 0,0017356 secs]
730,784: [GC (Allocation Failure)  135290K->103722K(141312K), 0,0038449 secs]
730,810: [GC (Allocation Failure)  130346K->109466K(141312K), 0,0075502 secs]
730,852: [GC (Allocation Failure)  136090K->104650K(141312K), 0,0022069 secs]
730,879: [GC (Allocation Failure)  131274K->110458K(140288K), 0,0032413 secs]
730,915: [GC (Allocation Failure)  136058K->104586K(140800K), 0,0021422 secs]
730,940: [GC (Allocation Failure)  130186K->109338K(140288K), 0,0023409 secs]
730,975: [GC (Allocation Failure)  134938K->103466K(140800K), 0,0029215 secs]
731,000: [GC (Allocation Failure)  129066K->108282K(141312K), 0,0020979 secs]
731,036: [GC (Allocation Failure)  134906K->103410K(141312K), 0,0013438 secs]
731,061: [GC (Allocation Failure)  130034K->109258K(141312K), 0,0040871 secs]
731,097: [GC (Allocation Failure)  135882K->104474K(141312K), 0,0033193 secs]
731,124: [GC (Allocation Failure)  131098K->110282K(139776K), 0,0024940 secs]
731,159: [GC (Allocation Failure)  135882K->104474K(140800K), 0,0015942 secs]
731,184: [GC (Allocation Failure)  130074K->109258K(141312K), 0,0021917 secs]
731,219: [GC (Allocation Failure)  135882K->104410K(141312K), 0,0035482 secs]
731,246: [GC (Allocation Failure)  131034K->110250K(140288K), 0,0023610 secs]
731,248: [Full GC (Ergonomics)  110250K->18038K(140288K), 0,0488963 secs]
731,330: [GC (Allocation Failure)  43638K->22838K(140800K), 0,0025121 secs]
731,356: [GC (Allocation Failure)  48438K->27923K(141824K), 0,0053099 secs]
731,400: [GC (Allocation Failure)  55571K->24131K(141824K), 0,0073018 secs]
731,436: [GC (Allocation Failure)  51779K->31027K(139776K), 0,0053080 secs]
731,479: [GC (Allocation Failure)  56627K->25219K(140800K), 0,0034696 secs]
731,506: [GC (Allocation Failure)  50819K->29939K(140288K), 0,0054938 secs]
731,544: [GC (Allocation Failure)  55539K->24131K(140800K), 0,0025931 secs]
731,569: [GC (Allocation Failure)  49731K->28923K(140800K), 0,0016918 secs]
731,604: [GC (Allocation Failure)  54523K->23059K(140800K), 0,0010402 secs]
731,627: [GC (Allocation Failure)  48659K->27843K(140800K), 0,0015080 secs]
731,662: [GC (Allocation Failure)  53443K->22003K(140800K), 0,0009646 secs]
731,685: [GC (Allocation Failure)  47603K->26787K(141312K), 0,0015948 secs]
731,720: [GC (Allocation Failure)  52899K->21499K(140800K), 0,0016111 secs]
731,744: [GC (Allocation Failure)  47611K->26827K(141824K), 0,0016091 secs]
731,779: [GC (Allocation Failure)  53963K->22491K(141312K), 0,0010183 secs]
731,802: [GC (Allocation Failure)  49627K->28843K(140800K), 0,0033541 secs]
731,839: [GC (Allocation Failure)  55467K->23995K(141312K), 0,0013834 secs]
731,864: [GC (Allocation Failure)  50619K->29835K(139776K), 0,0034269 secs]
731,900: [GC (Allocation Failure)  55435K->23995K(140800K), 0,0012481 secs]
731,925: [GC (Allocation Failure)  49595K->28747K(141312K), 0,0017624 secs]
731,959: [GC (Allocation Failure)  55371K->23995K(141312K), 0,0026364 secs]
731,985: [GC (Allocation Failure)  50619K->29779K(140288K), 0,0019765 secs]
732,019: [GC (Allocation Failure)  55379K->23939K(140800K), 0,0011137 secs]
732,043: [GC (Allocation Failure)  49539K->28723K(140288K), 0,0018082 secs]
732,081: [GC (Allocation Failure)  54323K->22883K(140800K), 0,0025137 secs]
732,112: [GC (Allocation Failure)  48483K->27667K(141312K), 0,0039774 secs]
732,154: [GC (Allocation Failure)  54291K->22883K(141312K), 0,0071874 secs]
732,189: [GC (Allocation Failure)  49507K->28691K(141312K), 0,0027061 secs]
732,225: [GC (Allocation Failure)  55315K->23843K(141312K), 0,0027380 secs]
732,251: [GC (Allocation Failure)  50467K->29651K(139776K), 0,0042405 secs]
732,287: [GC (Allocation Failure)  55251K->23875K(140800K), 0,0009792 secs]
732,310: [GC (Allocation Failure)  49475K->28627K(141312K), 0,0029360 secs]
732,346: [GC (Allocation Failure)  55251K->23843K(141312K), 0,0009181 secs]
732,369: [GC (Allocation Failure)  50467K->29691K(140288K), 0,0018198 secs]
732,404: [GC (Allocation Failure)  55291K->23819K(140800K), 0,0009910 secs]
732,427: [GC (Allocation Failure)  49419K->28611K(141312K), 0,0018734 secs]
732,462: [GC (Allocation Failure)  55235K->23763K(141312K), 0,0038609 secs]
732,489: [GC (Allocation Failure)  50387K->29611K(140288K), 0,0033967 secs]
732,525: [GC (Allocation Failure)  55211K->23771K(140800K), 0,0024381 secs]
732,550: [GC (Allocation Failure)  49371K->28563K(141312K), 0,0031865 secs]
732,586: [GC (Allocation Failure)  55187K->23747K(141312K), 0,0025273 secs]
732,612: [GC (Allocation Failure)  50371K->29555K(140288K), 0,0019077 secs]
732,646: [GC (Allocation Failure)  55155K->23747K(140800K), 0,0010847 secs]
732,669: [GC (Allocation Failure)  49347K->28499K(141312K), 0,0027205 secs]
732,705: [GC (Allocation Failure)  55123K->23731K(141312K), 0,0010826 secs]
732,729: [GC (Allocation Failure)  50355K->29579K(140288K), 0,0018856 secs]
732,763: [GC (Allocation Failure)  55179K->23707K(140800K), 0,0028035 secs]
732,788: [GC (Allocation Failure)  49307K->28491K(141312K), 0,0031919 secs]
732,824: [GC (Allocation Failure)  55115K->23675K(141312K), 0,0038337 secs]
732,851: [GC (Allocation Failure)  50299K->29451K(141312K), 0,0027981 secs]
732,886: [GC (Allocation Failure)  56075K->24699K(141312K), 0,0011893 secs]
732,910: [GC (Allocation Failure)  51323K->30547K(140288K), 0,0034284 secs]
732,946: [GC (Allocation Failure)  56147K->24675K(140800K), 0,0018492 secs]
732,970: [GC (Allocation Failure)  50275K->29459K(140288K), 0,0018593 secs]
733,005: [GC (Allocation Failure)  55059K->23587K(140800K), 0,0026640 secs]
733,030: [GC (Allocation Failure)  49187K->28435K(141312K), 0,0016721 secs]
733,065: [GC (Allocation Failure)  55059K->23627K(141312K), 0,0009559 secs]
733,088: [GC (Allocation Failure)  50251K->29411K(141312K), 0,0032138 secs]
733,124: [GC (Allocation Failure)  56035K->24627K(141312K), 0,0011667 secs]
733,148: [GC (Allocation Failure)  51251K->30467K(140288K), 0,0021218 secs]
733,182: [GC (Allocation Failure)  56067K->24595K(140800K), 0,0025858 secs]
733,207: [GC (Allocation Failure)  50195K->29347K(140288K), 0,0046057 secs]
733,245: [GC (Allocation Failure)  54947K->23539K(140800K), 0,0008569 secs]
733,268: [GC (Allocation Failure)  49139K->28323K(141312K), 0,0013738 secs]
733,302: [GC (Allocation Failure)  54947K->23507K(141312K), 0,0007943 secs]
733,325: [GC (Allocation Failure)  50131K->29323K(141312K), 0,0037470 secs]
733,362: [GC (Allocation Failure)  55947K->24539K(141312K), 0,0008686 secs]
733,385: [GC (Allocation Failure)  51163K->30387K(139776K), 0,0018571 secs]
733,425: [GC (Allocation Failure)  55987K->24515K(140800K), 0,0030047 secs]
733,455: [GC (Allocation Failure)  50115K->29299K(141312K), 0,0041289 secs]
733,496: [GC (Allocation Failure)  55923K->24483K(141312K), 0,0042550 secs]
733,523: [GC (Allocation Failure)  51107K->30291K(140288K), 0,0015545 secs]
733,556: [GC (Allocation Failure)  55891K->24451K(140800K), 0,0030111 secs]
733,581: [GC (Allocation Failure)  50051K->29267K(141312K), 0,0013118 secs]
733,615: [GC (Allocation Failure)  55891K->24419K(141312K), 0,0056388 secs]
733,642: [GC (Allocation Failure)  51043K->30259K(140288K), 0,0021746 secs]
733,681: [GC (Allocation Failure)  55859K->24387K(140800K), 0,0056856 secs]
733,711: [GC (Allocation Failure)  49987K->29171K(141312K), 0,0024790 secs]
733,748: [GC (Allocation Failure)  55795K->24387K(141312K), 0,0016356 secs]
733,774: [GC (Allocation Failure)  51011K->30195K(140288K), 0,0026966 secs]
733,811: [GC (Allocation Failure)  55795K->24355K(140800K), 0,0017043 secs]
733,838: [GC (Allocation Failure)  49955K->29139K(141312K), 0,0024200 secs]
733,874: [GC (Allocation Failure)  55763K->24331K(141312K), 0,0014731 secs]
733,900: [GC (Allocation Failure)  50955K->30203K(140288K), 0,0025962 secs]
733,937: [GC (Allocation Failure)  55803K->24331K(140800K), 0,0015557 secs]
733,963: [GC (Allocation Failure)  49931K->29115K(141312K), 0,0023619 secs]
734,000: [GC (Allocation Failure)  55739K->24299K(141312K), 0,0037665 secs]
734,029: [GC (Allocation Failure)  50923K->30107K(141312K), 0,0026773 secs]
734,068: [GC (Allocation Failure)  56731K->25291K(141312K), 0,0068895 secs]
734,102: [GC (Allocation Failure)  51915K->31163K(140288K), 0,0048999 secs]
734,141: [GC (Allocation Failure)  56763K->25259K(140800K), 0,0060425 secs]
734,172: [GC (Allocation Failure)  50859K->30051K(140288K), 0,0027368 secs]
734,210: [GC (Allocation Failure)  55651K->24211K(140800K), 0,0018886 secs]
734,237: [GC (Allocation Failure)  49811K->29027K(141312K), 0,0038962 secs]
734,278: [GC (Allocation Failure)  55651K->24227K(141312K), 0,0025515 secs]
734,309: [GC (Allocation Failure)  50851K->30035K(141312K), 0,0042981 secs]
734,352: [GC (Allocation Failure)  56659K->25219K(141312K), 0,0034784 secs]
734,383: [GC (Allocation Failure)  51843K->31059K(140288K), 0,0046807 secs]
734,426: [GC (Allocation Failure)  56659K->25251K(140800K), 0,0028713 secs]
734,456: [GC (Allocation Failure)  50851K->30003K(140288K), 0,0045668 secs]
734,498: [GC (Allocation Failure)  55603K->24139K(140800K), 0,0040526 secs]
734,529: [GC (Allocation Failure)  49739K->28923K(141312K), 0,0022554 secs]
734,564: [GC (Allocation Failure)  55547K->24139K(141312K), 0,0015495 secs]
734,589: [GC (Allocation Failure)  50763K->29979K(141312K), 0,0024320 secs]
734,625: [GC (Allocation Failure)  56603K->25163K(141312K), 0,0017829 secs]
734,652: [GC (Allocation Failure)  51787K->30947K(139776K), 0,0027122 secs]
734,687: [GC (Allocation Failure)  56547K->25139K(140800K), 0,0016155 secs]
734,713: [GC (Allocation Failure)  50739K->29891K(141312K), 0,0046990 secs]
734,750: [GC (Allocation Failure)  56515K->25107K(141312K), 0,0032984 secs]
734,776: [GC (Allocation Failure)  51731K->30923K(140288K), 0,0019532 secs]
734,810: [GC (Allocation Failure)  56523K->24923K(140800K), 0,0010904 secs]
734,833: [GC (Allocation Failure)  50523K->29707K(141312K), 0,0013475 secs]
734,867: [GC (Allocation Failure)  56331K->24891K(141312K), 0,0007995 secs]
734,890: [GC (Allocation Failure)  51515K->30635K(141312K), 0,0024302 secs]
734,928: [GC (Allocation Failure)  57259K->25851K(141312K), 0,0030007 secs]
734,958: [GC (Allocation Failure)  52475K->31627K(140288K), 0,0045037 secs]
734,998: [GC (Allocation Failure)  57227K->25731K(140800K), 0,0016727 secs]
735,025: [GC (Allocation Failure)  51331K->30515K(140288K), 0,0043110 secs]
735,062: [GC (Allocation Failure)  56115K->24675K(140800K), 0,0042486 secs]
735,088: [GC (Allocation Failure)  50275K->29395K(141312K), 0,0048292 secs]
735,126: [GC (Allocation Failure)  56019K->24579K(141312K), 0,0025268 secs]
735,150: [GC (Allocation Failure)  51203K->30483K(141312K), 0,0014703 secs]
735,184: [GC (Allocation Failure)  57107K->25667K(141312K), 0,0009236 secs]
735,207: [GC (Allocation Failure)  52291K->31475K(140288K), 0,0017582 secs]
735,242: [GC (Allocation Failure)  57075K->25611K(140800K), 0,0054568 secs]
735,269: [GC (Allocation Failure)  51211K->30395K(140288K), 0,0029447 secs]
735,305: [GC (Allocation Failure)  55995K->24555K(140800K), 0,0007709 secs]
735,328: [GC (Allocation Failure)  50155K->29347K(141312K), 0,0014579 secs]
735,362: [GC (Allocation Failure)  55971K->24531K(141312K), 0,0058140 secs]
735,390: [GC (Allocation Failure)  51155K->30371K(141312K), 0,0014620 secs]
735,424: [GC (Allocation Failure)  56995K->25587K(141312K), 0,0009988 secs]
735,449: [GC (Allocation Failure)  52211K->31363K(139776K), 0,0086322 secs]
735,495: [GC (Allocation Failure)  56963K->25523K(140800K), 0,0029261 secs]
735,522: [GC (Allocation Failure)  51123K->30339K(141312K), 0,0020625 secs]
735,557: [GC (Allocation Failure)  56963K->25531K(141312K), 0,0079075 secs]
735,587: [GC (Allocation Failure)  52155K->31339K(140288K), 0,0016598 secs]
735,622: [GC (Allocation Failure)  56939K->25467K(140800K), 0,0035193 secs]
735,646: [GC (Allocation Failure)  51067K->30251K(141312K), 0,0024066 secs]
735,680: [GC (Allocation Failure)  56875K->25467K(141312K), 0,0029405 secs]
735,705: [GC (Allocation Failure)  52091K->31275K(140288K), 0,0015617 secs]
735,739: [GC (Allocation Failure)  56875K->25435K(140800K), 0,0015980 secs]
735,762: [GC (Allocation Failure)  51035K->30259K(141312K), 0,0014945 secs]
735,796: [GC (Allocation Failure)  56883K->25411K(141312K), 0,0018755 secs]
735,820: [GC (Allocation Failure)  52035K->31251K(140288K), 0,0021988 secs]
735,855: [GC (Allocation Failure)  56851K->25379K(140800K), 0,0045619 secs]
735,881: [GC (Allocation Failure)  50979K->30195K(141312K), 0,0020389 secs]
735,918: [GC (Allocation Failure)  56819K->25379K(141312K), 0,0026192 secs]
735,945: [GC (Allocation Failure)  52003K->31187K(141312K), 0,0072327 secs]
735,985: [GC (Allocation Failure)  57811K->26371K(141312K), 0,0009849 secs]
736,008: [GC (Allocation Failure)  52995K->32179K(140288K), 0,0053577 secs]
736,046: [GC (Allocation Failure)  57779K->26371K(140800K), 0,0008760 secs]
736,069: [GC (Allocation Failure)  51971K->31123K(140288K), 0,0026590 secs]
736,104: [GC (Allocation Failure)  56723K->25291K(140800K), 0,0017609 secs]
736,128: [GC (Allocation Failure)  50891K->30083K(141312K), 0,0059703 secs]
736,170: [GC (Allocation Failure)  56707K->25275K(141312K), 0,0046957 secs]
736,198: [GC (Allocation Failure)  51899K->31115K(141312K), 0,0028804 secs]
736,236: [GC (Allocation Failure)  57739K->26299K(141312K), 0,0070319 secs]
736,267: [GC (Allocation Failure)  52923K->32107K(140288K), 0,0022731 secs]
736,302: [GC (Allocation Failure)  57707K->26307K(140800K), 0,0012702 secs]
736,327: [GC (Allocation Failure)  51907K->31059K(140288K), 0,0020709 secs]
736,361: [GC (Allocation Failure)  56659K->25219K(140800K), 0,0010826 secs]
736,385: [GC (Allocation Failure)  50819K->30003K(141312K), 0,0035814 secs]
736,421: [GC (Allocation Failure)  56627K->25195K(141312K), 0,0012189 secs]
736,446: [GC (Allocation Failure)  51819K->31043K(141312K), 0,0020198 secs]
736,480: [GC (Allocation Failure)  57667K->26227K(141312K), 0,0051800 secs]
736,509: [GC (Allocation Failure)  52851K->32043K(139776K), 0,0021620 secs]
736,543: [GC (Allocation Failure)  57643K->26235K(140800K), 0,0013153 secs]
736,571: [GC (Allocation Failure)  51835K->30955K(141312K), 0,0042565 secs]
736,613: [GC (Allocation Failure)  57579K->26171K(141312K), 0,0016290 secs]
736,638: [GC (Allocation Failure)  52795K->32011K(140288K), 0,0027984 secs]
736,674: [GC (Allocation Failure)  57611K->26139K(140800K), 0,0038536 secs]
736,703: [GC (Allocation Failure)  51739K->30923K(141312K), 0,0025036 secs]
736,738: [GC (Allocation Failure)  57547K->26139K(141312K), 0,0015320 secs]
736,764: [GC (Allocation Failure)  52763K->31947K(140288K), 0,0045506 secs]
736,801: [GC (Allocation Failure)  57547K->26075K(140800K), 0,0028444 secs]
736,826: [GC (Allocation Failure)  51675K->30891K(141312K), 0,0028681 secs]
736,862: [GC (Allocation Failure)  57515K->26075K(141312K), 0,0011376 secs]
736,886: [GC (Allocation Failure)  52699K->31915K(140288K), 0,0019672 secs]
736,920: [GC (Allocation Failure)  57515K->26043K(140800K), 0,0029068 secs]
736,945: [GC (Allocation Failure)  51643K->30859K(141312K), 0,0035934 secs]
736,982: [GC (Allocation Failure)  57483K->26011K(141312K), 0,0012138 secs]
737,006: [GC (Allocation Failure)  52635K->31883K(140288K), 0,0020391 secs]
737,040: [GC (Allocation Failure)  57483K->26043K(140800K), 0,0010618 secs]
737,067: [GC (Allocation Failure)  51643K->30795K(141312K), 0,0040500 secs]
737,105: [GC (Allocation Failure)  57419K->25979K(141312K), 0,0015254 secs]
737,131: [GC (Allocation Failure)  52603K->31819K(141312K), 0,0026773 secs]
737,168: [GC (Allocation Failure)  58443K->27003K(141312K), 0,0017319 secs]
737,194: [GC (Allocation Failure)  53627K->32811K(140288K), 0,0047359 secs]
737,233: [GC (Allocation Failure)  58411K->27003K(140800K), 0,0044287 secs]
737,262: [GC (Allocation Failure)  52603K->31755K(140288K), 0,0034596 secs]
737,299: [GC (Allocation Failure)  57355K->25947K(140800K), 0,0037174 secs]
737,327: [GC (Allocation Failure)  51547K->30699K(141312K), 0,0037833 secs]
737,365: [GC (Allocation Failure)  57323K->25891K(141312K), 0,0045766 secs]
737,393: [GC (Allocation Failure)  52515K->31731K(141312K), 0,0036259 secs]
737,429: [GC (Allocation Failure)  58355K->26915K(141312K), 0,0036856 secs]
737,456: [GC (Allocation Failure)  53539K->32723K(140288K), 0,0020652 secs]
737,490: [GC (Allocation Failure)  58323K->26883K(140800K), 0,0053948 secs]
737,519: [GC (Allocation Failure)  52483K->31699K(140288K), 0,0020230 secs]
737,553: [GC (Allocation Failure)  57299K->25795K(140800K), 0,0033395 secs]
737,578: [GC (Allocation Failure)  51395K->30611K(141312K), 0,0013312 secs]
737,612: [GC (Allocation Failure)  57235K->25795K(141312K), 0,0006921 secs]
737,634: [GC (Allocation Failure)  52419K->31603K(141312K), 0,0014214 secs]
737,668: [GC (Allocation Failure)  58227K->26787K(141312K), 0,0041779 secs]
737,701: [GC (Allocation Failure)  53411K->32659K(139776K), 0,0045551 secs]
737,743: [GC (Allocation Failure)  58259K->26787K(140800K), 0,0028709 secs]
737,774: [GC (Allocation Failure)  52387K->31579K(141312K), 0,0038018 secs]
737,813: [GC (Allocation Failure)  58203K->26763K(141312K), 0,0015282 secs]
737,838: [GC (Allocation Failure)  53387K->32603K(140288K), 0,0026476 secs]
737,876: [GC (Allocation Failure)  58203K->26763K(140800K), 0,0016392 secs]
737,902: [GC (Allocation Failure)  52363K->31515K(141312K), 0,0049293 secs]
737,940: [GC (Allocation Failure)  58139K->26731K(141312K), 0,0043239 secs]
737,968: [GC (Allocation Failure)  53355K->32507K(140288K), 0,0048738 secs]
738,005: [GC (Allocation Failure)  58107K->26699K(140800K), 0,0013328 secs]
738,028: [GC (Allocation Failure)  52299K->31451K(141312K), 0,0015761 secs]
738,063: [GC (Allocation Failure)  58075K->26667K(141312K), 0,0043635 secs]
738,089: [GC (Allocation Failure)  53291K->32475K(141312K), 0,0016611 secs]
738,124: [GC (Allocation Failure)  59099K->27691K(141312K), 0,0010479 secs]
738,147: [GC (Allocation Failure)  54315K->33499K(140288K), 0,0032158 secs]
738,183: [GC (Allocation Failure)  59099K->27659K(140800K), 0,0010407 secs]
738,206: [GC (Allocation Failure)  53259K->32419K(140288K), 0,0067856 secs]
738,245: [GC (Allocation Failure)  58019K->26579K(140800K), 0,0007381 secs]
738,270: [GC (Allocation Failure)  52179K->31363K(141312K), 0,0042403 secs]
738,312: [GC (Allocation Failure)  57475K->26075K(140800K), 0,0015107 secs]
738,338: [GC (Allocation Failure)  52187K->31371K(141312K), 0,0023855 secs]
738,374: [GC (Allocation Failure)  57995K->26555K(141312K), 0,0059644 secs]
738,404: [GC (Allocation Failure)  53179K->32363K(141312K), 0,0020387 secs]
738,438: [GC (Allocation Failure)  58987K->27579K(141312K), 0,0028017 secs]
738,464: [GC (Allocation Failure)  54203K->33419K(139776K), 0,0021085 secs]
738,498: [GC (Allocation Failure)  59019K->27547K(140800K), 0,0030572 secs]
738,524: [GC (Allocation Failure)  53147K->32363K(140288K), 0,0019060 secs]
738,558: [GC (Allocation Failure)  57963K->26499K(140800K), 0,0027398 secs]
738,589: [GC (Allocation Failure)  52099K->31283K(141312K), 0,0060757 secs]
738,628: [GC (Allocation Failure)  57907K->26467K(141312K), 0,0011665 secs]
738,652: [GC (Allocation Failure)  53091K->32307K(141312K), 0,0018658 secs]
738,686: [GC (Allocation Failure)  58931K->27459K(141312K), 0,0021627 secs]
738,712: [GC (Allocation Failure)  54083K->33299K(140288K), 0,0051139 secs]
738,749: [GC (Allocation Failure)  58899K->27427K(140800K), 0,0011797 secs]
738,773: [GC (Allocation Failure)  53027K->32211K(141312K), 0,0051854 secs]
738,810: [GC (Allocation Failure)  58835K->27235K(141312K), 0,0042435 secs]
738,837: [GC (Allocation Failure)  53859K->33107K(140288K), 0,0013993 secs]
738,870: [GC (Allocation Failure)  58707K->27203K(140800K), 0,0055045 secs]
738,896: [GC (Allocation Failure)  52803K->31955K(141312K), 0,0068322 secs]
738,934: [GC (Allocation Failure)  58579K->27139K(141312K), 0,0006307 secs]
738,956: [GC (Allocation Failure)  53763K->33011K(140288K), 0,0014178 secs]
738,990: [GC (Allocation Failure)  58611K->27171K(140800K), 0,0016676 secs]
739,012: [GC (Allocation Failure)  52771K->31963K(141312K), 0,0012835 secs]
739,046: [GC (Allocation Failure)  58587K->27155K(141312K), 0,0006569 secs]
739,067: [GC (Allocation Failure)  53779K->32963K(140288K), 0,0017154 secs]
739,101: [GC (Allocation Failure)  58563K->27163K(140800K), 0,0072679 secs]
739,130: [GC (Allocation Failure)  52763K->31923K(141312K), 0,0012971 secs]
739,163: [GC (Allocation Failure)  58547K->27107K(141312K), 0,0006891 secs]
739,185: [GC (Allocation Failure)  53731K->32915K(141312K), 0,0037168 secs]
739,221: [GC (Allocation Failure)  59539K->28163K(141312K), 0,0011284 secs]
739,244: [GC (Allocation Failure)  54787K->33939K(139776K), 0,0016546 secs]
739,278: [GC (Allocation Failure)  59539K->28131K(140800K), 0,0010963 secs]
739,301: [GC (Allocation Failure)  53731K->32883K(140288K), 0,0035880 secs]
739,337: [GC (Allocation Failure)  58483K->27075K(140800K), 0,0007947 secs]
739,360: [GC (Allocation Failure)  52675K->31835K(141312K), 0,0013929 secs]
739,394: [GC (Allocation Failure)  58459K->27019K(141312K), 0,0007910 secs]
739,416: [GC (Allocation Failure)  53643K->32867K(141312K), 0,0024453 secs]
739,450: [GC (Allocation Failure)  59491K->28083K(141312K), 0,0008523 secs]
739,473: [GC (Allocation Failure)  54707K->33867K(140288K), 0,0045576 secs]
739,510: [GC (Allocation Failure)  59467K->28027K(140800K), 0,0024974 secs]
739,534: [GC (Allocation Failure)  53627K->32811K(140288K), 0,0027956 secs]
739,570: [GC (Allocation Failure)  58411K->26947K(140800K), 0,0016653 secs]
739,593: [GC (Allocation Failure)  52547K->31731K(141312K), 0,0060408 secs]
739,632: [GC (Allocation Failure)  58355K->26947K(141312K), 0,0017195 secs]
739,656: [GC (Allocation Failure)  53571K->32795K(141312K), 0,0042391 secs]
739,693: [GC (Allocation Failure)  59419K->27979K(141312K), 0,0017205 secs]
739,715: [GC (Allocation Failure)  54603K->33819K(139776K), 0,0015351 secs]
739,749: [GC (Allocation Failure)  59419K->27995K(140800K), 0,0007974 secs]
739,772: [GC (Allocation Failure)  53595K->32715K(141312K), 0,0023825 secs]
739,807: [GC (Allocation Failure)  59339K->27931K(141312K), 0,0017796 secs]
739,831: [GC (Allocation Failure)  54555K->33739K(140288K), 0,0025208 secs]
739,866: [GC (Allocation Failure)  59339K->27931K(140800K), 0,0009100 secs]
739,889: [GC (Allocation Failure)  53531K->32747K(141312K), 0,0014251 secs]
739,923: [GC (Allocation Failure)  59371K->27899K(141312K), 0,0008098 secs]
739,946: [GC (Allocation Failure)  54523K->33707K(140288K), 0,0055556 secs]
739,984: [GC (Allocation Failure)  59307K->27875K(140800K), 0,0017762 secs]
740,008: [GC (Allocation Failure)  53475K->32659K(141312K), 0,0014685 secs]
740,042: [GC (Allocation Failure)  59283K->27915K(141312K), 0,0008096 secs]
740,069: [GC (Allocation Failure)  54539K->33691K(140288K), 0,0045219 secs]
740,111: [GC (Allocation Failure)  59291K->27851K(140800K), 0,0028812 secs]
740,142: [GC (Allocation Failure)  53451K->32611K(141312K), 0,0040650 secs]
740,184: [GC (Allocation Failure)  59235K->27795K(141312K), 0,0042498 secs]
740,217: [GC (Allocation Failure)  54419K->33603K(141312K), 0,0043257 secs]
740,261: [GC (Allocation Failure)  60227K->28819K(141312K), 0,0030134 secs]
740,291: [GC (Allocation Failure)  55443K->34659K(140288K), 0,0030411 secs]
740,329: [GC (Allocation Failure)  60259K->28819K(140800K), 0,0043718 secs]
740,357: [GC (Allocation Failure)  54419K->33603K(140288K), 0,0025079 secs]
740,393: [GC (Allocation Failure)  59203K->27763K(140800K), 0,0015489 secs]
740,418: [GC (Allocation Failure)  53363K->32547K(141312K), 0,0024039 secs]
740,453: [GC (Allocation Failure)  59171K->27699K(141312K), 0,0023344 secs]
740,480: [GC (Allocation Failure)  54323K->33539K(141312K), 0,0047947 secs]
740,518: [GC (Allocation Failure)  60163K->28755K(141312K), 0,0016066 secs]
740,545: [GC (Allocation Failure)  55379K->34563K(140288K), 0,0049342 secs]
740,583: [GC (Allocation Failure)  60163K->28731K(140800K), 0,0030438 secs]
740,610: [GC (Allocation Failure)  54331K->33483K(140288K), 0,0025179 secs]
740,648: [GC (Allocation Failure)  59083K->27643K(140800K), 0,0054145 secs]
740,677: [GC (Allocation Failure)  53243K->32427K(141312K), 0,0027878 secs]
740,713: [GC (Allocation Failure)  59051K->27579K(141312K), 0,0021235 secs]
740,737: [GC (Allocation Failure)  54203K->33419K(141312K), 0,0017627 secs]
740,772: [GC (Allocation Failure)  60043K->28635K(141312K), 0,0042393 secs]
740,799: [GC (Allocation Failure)  55259K->34443K(139776K), 0,0018846 secs]
740,833: [GC (Allocation Failure)  60043K->28643K(140800K), 0,0010849 secs]
740,856: [GC (Allocation Failure)  54243K->33395K(141312K), 0,0018967 secs]
740,891: [GC (Allocation Failure)  60019K->28587K(141312K), 0,0023076 secs]
740,920: [GC (Allocation Failure)  55211K->34427K(140288K), 0,0065364 secs]
740,961: [GC (Allocation Failure)  60027K->28555K(140800K), 0,0038809 secs]
740,988: [GC (Allocation Failure)  54155K->33371K(141312K), 0,0019703 secs]
741,023: [GC (Allocation Failure)  59995K->28587K(141312K), 0,0026773 secs]
741,049: [GC (Allocation Failure)  55211K->34371K(140288K), 0,0035000 secs]
741,085: [GC (Allocation Failure)  59971K->28531K(140800K), 0,0021336 secs]
741,109: [GC (Allocation Failure)  54131K->33283K(141312K), 0,0033637 secs]
741,145: [GC (Allocation Failure)  59907K->28531K(141312K), 0,0010893 secs]
741,168: [GC (Allocation Failure)  55155K->34339K(140288K), 0,0016538 secs]
741,203: [GC (Allocation Failure)  59939K->28475K(140800K), 0,0056150 secs]
741,231: [GC (Allocation Failure)  54075K->33259K(141312K), 0,0034673 secs]
741,267: [GC (Allocation Failure)  59883K->28475K(141312K), 0,0020282 secs]
741,291: [GC (Allocation Failure)  55099K->34283K(140288K), 0,0029025 secs]
741,327: [GC (Allocation Failure)  59883K->28475K(140800K), 0,0008399 secs]
741,350: [GC (Allocation Failure)  54075K->33195K(141312K), 0,0028706 secs]
741,386: [GC (Allocation Failure)  59819K->28411K(141312K), 0,0020867 secs]
741,410: [GC (Allocation Failure)  55035K->34259K(141312K), 0,0016205 secs]
741,445: [GC (Allocation Failure)  60883K->29443K(141312K), 0,0022176 secs]
741,469: [GC (Allocation Failure)  56067K->35251K(140288K), 0,0018437 secs]
741,504: [GC (Allocation Failure)  60851K->29443K(140800K), 0,0020957 secs]
741,528: [GC (Allocation Failure)  55043K->34227K(140288K), 0,0014535 secs]
741,561: [GC (Allocation Failure)  59827K->28363K(140800K), 0,0046497 secs]
741,587: [GC (Allocation Failure)  53963K->33115K(141312K), 0,0018050 secs]
741,622: [GC (Allocation Failure)  59739K->28299K(141312K), 0,0007944 secs]
741,645: [GC (Allocation Failure)  54923K->34171K(141312K), 0,0015471 secs]
741,679: [GC (Allocation Failure)  60795K->29355K(141312K), 0,0015244 secs]
741,702: [GC (Allocation Failure)  55979K->35163K(140288K), 0,0023397 secs]
741,737: [GC (Allocation Failure)  60763K->29323K(140800K), 0,0036211 secs]
741,761: [GC (Allocation Failure)  54923K->34139K(140288K), 0,0014864 secs]
741,795: [GC (Allocation Failure)  59739K->28235K(140800K), 0,0013795 secs]
741,818: [GC (Allocation Failure)  53835K->33059K(141312K), 0,0012590 secs]
741,852: [GC (Allocation Failure)  59683K->28243K(141312K), 0,0007830 secs]
741,875: [GC (Allocation Failure)  54867K->34051K(141312K), 0,0051636 secs]
741,913: [GC (Allocation Failure)  60675K->29235K(141312K), 0,0007705 secs]
741,936: [GC (Allocation Failure)  55859K->35075K(139776K), 0,0035402 secs]
741,972: [GC (Allocation Failure)  60675K->29267K(140800K), 0,0009678 secs]
741,995: [GC (Allocation Failure)  54867K->33987K(141312K), 0,0015715 secs]
742,029: [GC (Allocation Failure)  60611K->29203K(141312K), 0,0025439 secs]
742,054: [GC (Allocation Failure)  55827K->35011K(140288K), 0,0032266 secs]
742,090: [GC (Allocation Failure)  60611K->29171K(140800K), 0,0020650 secs]
742,114: [GC (Allocation Failure)  54771K->33955K(141312K), 0,0016628 secs]
742,149: [GC (Allocation Failure)  60579K->29139K(141312K), 0,0010017 secs]
742,173: [GC (Allocation Failure)  55763K->34979K(140288K), 0,0019221 secs]
742,207: [GC (Allocation Failure)  60579K->29139K(140800K), 0,0024991 secs]
742,232: [GC (Allocation Failure)  54739K->33891K(141312K), 0,0059234 secs]
742,271: [GC (Allocation Failure)  60515K->29075K(141312K), 0,0011382 secs]
742,294: [GC (Allocation Failure)  55699K->34923K(140288K), 0,0018218 secs]
742,329: [GC (Allocation Failure)  60523K->29083K(140800K), 0,0012867 secs]
742,352: [GC (Allocation Failure)  54683K->33899K(141312K), 0,0017956 secs]
742,387: [GC (Allocation Failure)  60523K->29083K(141312K), 0,0010278 secs]
742,410: [GC (Allocation Failure)  55707K->34891K(141312K), 0,0033886 secs]
742,446: [GC (Allocation Failure)  61515K->30107K(141312K), 0,0011360 secs]
742,470: [GC (Allocation Failure)  56731K->35883K(140288K), 0,0033899 secs]
742,505: [GC (Allocation Failure)  61483K->30075K(140800K), 0,0010803 secs]
742,528: [GC (Allocation Failure)  55675K->34835K(140288K), 0,0024143 secs]
742,566: [GC (Allocation Failure)  60435K->29027K(140800K), 0,0029827 secs]
742,598: [GC (Allocation Failure)  54627K->33779K(141312K), 0,0046915 secs]
742,637: [GC (Allocation Failure)  60403K->28971K(141312K), 0,0014770 secs]
742,663: [GC (Allocation Failure)  55595K->34811K(141312K), 0,0042063 secs]
742,702: [GC (Allocation Failure)  61435K->29995K(141312K), 0,0039949 secs]
742,730: [GC (Allocation Failure)  56619K->35803K(140288K), 0,0021091 secs]
742,764: [GC (Allocation Failure)  61403K->29963K(140800K), 0,0027800 secs]
742,790: [GC (Allocation Failure)  55563K->34595K(140288K), 0,0019969 secs]
742,824: [GC (Allocation Failure)  60195K->28755K(140800K), 0,0027812 secs]
742,849: [GC (Allocation Failure)  54355K->33507K(141312K), 0,0014612 secs]
742,883: [GC (Allocation Failure)  60131K->28691K(141312K), 0,0020619 secs]
742,907: [GC (Allocation Failure)  55315K->34467K(141312K), 0,0027884 secs]
742,945: [GC (Allocation Failure)  61091K->29683K(141312K), 0,0066448 secs]
742,976: [GC (Allocation Failure)  56307K->35531K(140800K), 0,0027465 secs]
743,013: [GC (Allocation Failure)  62155K->30715K(141312K), 0,0017900 secs]
743,039: [GC (Allocation Failure)  57339K->36555K(140288K), 0,0027841 secs]
743,080: [GC (Allocation Failure)  62155K->30715K(140800K), 0,0075733 secs]
743,110: [GC (Allocation Failure)  56315K->35499K(140288K), 0,0020366 secs]
743,144: [GC (Allocation Failure)  61099K->29635K(140800K), 0,0066601 secs]
743,173: [GC (Allocation Failure)  55235K->34419K(140800K), 0,0023278 secs]
743,208: [GC (Allocation Failure)  60019K->28587K(140800K), 0,0038392 secs]
743,233: [GC (Allocation Failure)  54187K->33403K(141312K), 0,0020431 secs]
743,268: [GC (Allocation Failure)  60027K->28555K(141312K), 0,0012484 secs]
743,291: [GC (Allocation Failure)  55179K->34403K(141312K), 0,0012939 secs]
743,325: [GC (Allocation Failure)  61027K->29555K(141312K), 0,0043867 secs]
743,351: [GC (Allocation Failure)  56179K->35363K(140800K), 0,0022611 secs]
743,384: [GC (Allocation Failure)  61987K->30579K(141312K), 0,0016846 secs]
743,406: [GC (Allocation Failure)  57203K->36355K(139776K), 0,0023788 secs]
743,441: [GC (Allocation Failure)  61955K->30611K(140800K), 0,0007836 secs]
743,462: [GC (Allocation Failure)  56211K->35363K(140288K), 0,0014273 secs]
743,495: [GC (Allocation Failure)  60963K->29491K(140800K), 0,0007186 secs]
743,516: [GC (Allocation Failure)  55091K->34275K(141312K), 0,0024293 secs]
743,550: [GC (Allocation Failure)  60899K->29491K(141312K), 0,0007575 secs]
743,572: [GC (Allocation Failure)  56115K->35299K(141312K), 0,0016133 secs]
743,607: [GC (Allocation Failure)  61923K->30483K(141312K), 0,0033075 secs]
743,632: [GC (Allocation Failure)  57107K->36291K(140288K), 0,0024882 secs]
743,667: [GC (Allocation Failure)  61891K->30483K(140800K), 0,0009060 secs]
743,690: [GC (Allocation Failure)  56083K->35267K(140288K), 0,0015373 secs]
743,724: [GC (Allocation Failure)  60867K->29395K(140800K), 0,0008754 secs]
743,747: [GC (Allocation Failure)  54995K->34179K(141312K), 0,0016289 secs]
743,782: [GC (Allocation Failure)  60803K->29403K(141312K), 0,0009086 secs]
743,805: [GC (Allocation Failure)  56027K->35211K(141312K), 0,0017785 secs]
743,840: [GC (Allocation Failure)  61835K->30363K(141312K), 0,0027498 secs]
743,865: [GC (Allocation Failure)  56987K->36203K(139776K), 0,0018976 secs]
743,900: [GC (Allocation Failure)  61803K->30395K(140800K), 0,0011359 secs]
743,923: [GC (Allocation Failure)  55995K->35179K(141312K), 0,0017534 secs]
743,958: [GC (Allocation Failure)  61803K->30363K(141312K), 0,0010523 secs]
743,981: [GC (Allocation Failure)  56987K->36171K(140288K), 0,0032439 secs]
744,017: [GC (Allocation Failure)  61771K->30331K(140800K), 0,0010785 secs]
744,040: [GC (Allocation Failure)  55931K->35115K(141312K), 0,0030226 secs]
744,080: [GC (Allocation Failure)  61739K->30299K(141312K), 0,0022868 secs]
744,106: [GC (Allocation Failure)  56923K->36139K(140288K), 0,0026239 secs]
744,143: [GC (Allocation Failure)  61739K->30267K(140800K), 0,0037833 secs]
744,170: [GC (Allocation Failure)  55867K->35083K(141312K), 0,0017969 secs]
744,204: [GC (Allocation Failure)  61707K->30267K(141312K), 0,0010619 secs]
744,227: [GC (Allocation Failure)  56891K->36083K(140288K), 0,0016522 secs]
744,262: [GC (Allocation Failure)  61683K->30243K(140800K), 0,0033665 secs]
744,287: [GC (Allocation Failure)  55843K->35027K(141312K), 0,0015713 secs]
744,322: [GC (Allocation Failure)  61651K->30211K(141312K), 0,0009213 secs]
744,345: [GC (Allocation Failure)  56835K->36019K(140288K), 0,0016800 secs]
744,380: [GC (Allocation Failure)  61619K->30211K(140800K), 0,0044986 secs]
744,407: [GC (Allocation Failure)  55811K->34963K(141312K), 0,0016345 secs]
744,442: [GC (Allocation Failure)  61587K->30147K(141312K), 0,0009145 secs]
744,465: [GC (Allocation Failure)  56771K->35987K(141312K), 0,0022452 secs]
744,500: [GC (Allocation Failure)  62611K->31171K(141312K), 0,0010115 secs]
744,523: [GC (Allocation Failure)  57795K->36947K(140288K), 0,0018136 secs]
744,558: [GC (Allocation Failure)  62547K->31139K(140800K), 0,0031249 secs]
744,588: [GC (Allocation Failure)  56739K->35955K(140288K), 0,0025486 secs]
744,623: [GC (Allocation Failure)  61555K->30091K(140800K), 0,0021835 secs]
744,651: [GC (Allocation Failure)  55691K->34907K(141312K), 0,0043853 secs]
744,689: [GC (Allocation Failure)  61531K->30059K(141312K), 0,0010426 secs]
744,713: [GC (Allocation Failure)  56683K->35899K(141312K), 0,0051167 secs]
744,750: [GC (Allocation Failure)  62523K->31051K(141312K), 0,0021834 secs]
744,774: [GC (Allocation Failure)  57675K->36891K(140288K), 0,0054715 secs]
744,812: [GC (Allocation Failure)  62491K->31051K(140800K), 0,0046006 secs]
744,839: [GC (Allocation Failure)  56651K->35803K(140288K), 0,0024695 secs]
744,874: [GC (Allocation Failure)  61403K->29995K(140800K), 0,0007122 secs]
744,897: [GC (Allocation Failure)  55595K->34779K(141312K), 0,0012649 secs]
744,930: [GC (Allocation Failure)  61403K->29963K(141312K), 0,0016486 secs]
744,953: [GC (Allocation Failure)  56587K->35771K(141312K), 0,0026572 secs]
744,989: [GC (Allocation Failure)  62395K->30987K(141312K), 0,0009114 secs]
745,012: [GC (Allocation Failure)  57611K->36795K(139776K), 0,0038039 secs]
745,049: [GC (Allocation Failure)  62395K->30955K(140800K), 0,0019399 secs]
745,073: [GC (Allocation Failure)  56555K->35739K(141312K), 0,0027680 secs]
745,109: [GC (Allocation Failure)  62363K->30923K(141312K), 0,0008776 secs]
745,132: [GC (Allocation Failure)  57547K->36771K(140288K), 0,0017713 secs]
745,167: [GC (Allocation Failure)  62371K->30899K(140800K), 0,0021613 secs]
745,191: [GC (Allocation Failure)  56499K->35715K(141312K), 0,0015181 secs]
745,225: [GC (Allocation Failure)  62339K->30867K(141312K), 0,0021398 secs]
745,249: [GC (Allocation Failure)  57491K->36707K(140288K), 0,0039657 secs]
745,286: [GC (Allocation Failure)  62307K->30835K(140800K), 0,0020162 secs]
745,310: [GC (Allocation Failure)  56435K->35651K(141312K), 0,0028416 secs]
745,346: [GC (Allocation Failure)  62275K->30835K(141312K), 0,0020385 secs]
745,370: [GC (Allocation Failure)  57459K->36643K(140288K), 0,0069425 secs]
745,409: [GC (Allocation Failure)  62243K->30835K(140800K), 0,0007733 secs]
745,435: [GC (Allocation Failure)  56435K->35587K(141312K), 0,0070085 secs]
745,474: [GC (Allocation Failure)  62211K->30771K(141312K), 0,0027165 secs]
745,500: [GC (Allocation Failure)  57395K->36611K(141312K), 0,0033322 secs]
745,536: [GC (Allocation Failure)  63235K->31827K(141312K), 0,0056727 secs]
745,564: [GC (Allocation Failure)  58451K->37603K(140288K), 0,0015421 secs]
745,596: [GC (Allocation Failure)  63203K->31795K(140800K), 0,0007557 secs]
745,617: [GC (Allocation Failure)  57395K->36555K(140288K), 0,0013641 secs]
745,655: [GC (Allocation Failure)  62155K->30723K(140800K), 0,0026990 secs]
745,683: [GC (Allocation Failure)  56323K->35475K(141312K), 0,0046774 secs]
745,720: [GC (Allocation Failure)  62099K->30723K(141312K), 0,0010546 secs]
745,744: [GC (Allocation Failure)  57347K->36531K(141312K), 0,0079981 secs]
745,784: [GC (Allocation Failure)  63155K->31755K(141312K), 0,0010798 secs]
745,807: [GC (Allocation Failure)  58379K->37531K(140288K), 0,0025394 secs]
745,842: [GC (Allocation Failure)  63131K->31723K(140800K), 0,0009743 secs]
745,869: [GC (Allocation Failure)  57323K->36475K(140288K), 0,0087756 secs]
745,915: [GC (Allocation Failure)  62075K->30635K(140800K), 0,0042041 secs]
745,945: [GC (Allocation Failure)  56235K->35419K(141312K), 0,0040904 secs]
745,982: [GC (Allocation Failure)  62043K->30603K(141312K), 0,0026668 secs]
746,007: [GC (Allocation Failure)  57227K->36411K(141312K), 0,0021078 secs]
746,042: [GC (Allocation Failure)  63035K->31595K(141312K), 0,0030149 secs]
746,071: [GC (Allocation Failure)  58219K->37435K(140288K), 0,0053879 secs]
746,109: [GC (Allocation Failure)  63035K->31627K(140800K), 0,0009951 secs]
746,132: [GC (Allocation Failure)  57227K->36347K(141312K), 0,0071918 secs]
746,172: [GC (Allocation Failure)  62971K->31595K(141312K), 0,0008088 secs]
746,194: [GC (Allocation Failure)  58219K->37403K(140288K), 0,0026073 secs]
746,229: [GC (Allocation Failure)  63003K->31571K(140800K), 0,0017633 secs]
746,253: [GC (Allocation Failure)  57171K->36323K(141312K), 0,0036650 secs]
746,290: [GC (Allocation Failure)  62947K->31515K(141312K), 0,0017316 secs]
746,314: [GC (Allocation Failure)  58139K->37395K(140288K), 0,0014958 secs]
746,348: [GC (Allocation Failure)  62995K->31523K(140800K), 0,0028183 secs]
746,378: [GC (Allocation Failure)  57123K->36307K(141312K), 0,0044977 secs]
746,420: [GC (Allocation Failure)  62931K->31491K(141312K), 0,0069010 secs]
746,451: [GC (Allocation Failure)  58115K->37299K(140288K), 0,0028298 secs]
746,488: [GC (Allocation Failure)  62899K->31491K(140800K), 0,0042369 secs]
746,515: [GC (Allocation Failure)  57091K->36243K(141312K), 0,0037255 secs]
746,552: [GC (Allocation Failure)  62867K->31459K(141312K), 0,0056981 secs]
746,582: [GC (Allocation Failure)  58083K->37267K(140288K), 0,0037093 secs]
746,618: [GC (Allocation Failure)  62867K->31427K(140800K), 0,0021177 secs]
746,642: [GC (Allocation Failure)  57027K->36179K(141312K), 0,0040058 secs]
746,679: [GC (Allocation Failure)  62803K->31395K(141312K), 0,0017828 secs]
746,703: [GC (Allocation Failure)  58019K->37203K(141312K), 0,0062798 secs]
746,744: [GC (Allocation Failure)  63827K->32387K(141312K), 0,0053254 secs]
746,772: [GC (Allocation Failure)  59011K->38227K(140288K), 0,0026282 secs]
746,807: [GC (Allocation Failure)  63827K->32243K(140800K), 0,0008969 secs]
746,830: [GC (Allocation Failure)  57843K->36995K(140288K), 0,0021831 secs]
746,864: [GC (Allocation Failure)  62595K->31123K(140800K), 0,0011859 secs]
746,887: [GC (Allocation Failure)  56723K->35875K(141312K), 0,0035897 secs]
746,921: [GC (Allocation Failure)  62499K->31091K(141312K), 0,0013544 secs]
746,944: [GC (Allocation Failure)  57715K->36963K(141312K), 0,0014557 secs]
746,976: [GC (Allocation Failure)  63587K->32155K(141312K), 0,0051513 secs]
747,002: [GC (Allocation Failure)  58779K->38003K(140288K), 0,0014721 secs]
747,035: [GC (Allocation Failure)  63603K->32163K(140800K), 0,0007318 secs]
747,057: [GC (Allocation Failure)  57763K->36915K(141312K), 0,0014136 secs]
747,091: [GC (Allocation Failure)  63539K->32099K(141312K), 0,0021521 secs]
747,115: [GC (Allocation Failure)  58723K->37939K(140288K), 0,0036731 secs]
747,151: [GC (Allocation Failure)  63539K->32099K(140800K), 0,0022075 secs]
747,175: [GC (Allocation Failure)  57699K->36851K(141312K), 0,0013460 secs]
747,208: [GC (Allocation Failure)  63475K->32099K(141312K), 0,0009801 secs]
747,231: [GC (Allocation Failure)  58723K->37843K(140288K), 0,0015438 secs]
747,264: [GC (Allocation Failure)  63443K->32067K(140800K), 0,0015124 secs]
747,291: [GC (Allocation Failure)  57667K->36851K(141312K), 0,0044690 secs]
747,333: [GC (Allocation Failure)  63475K->32003K(141312K), 0,0031221 secs]
747,365: [GC (Allocation Failure)  58627K->37843K(140288K), 0,0033651 secs]
747,403: [GC (Allocation Failure)  63443K->32011K(140800K), 0,0016759 secs]
747,429: [GC (Allocation Failure)  57611K->36795K(141312K), 0,0024979 secs]
747,464: [GC (Allocation Failure)  63419K->31947K(141312K), 0,0057495 secs]
747,497: [GC (Allocation Failure)  58571K->37819K(140288K), 0,0039163 secs]
747,536: [GC (Allocation Failure)  63419K->31947K(140800K), 0,0022599 secs]
747,565: [GC (Allocation Failure)  57547K->36731K(141312K), 0,0086539 secs]
747,609: [GC (Allocation Failure)  63355K->31947K(141312K), 0,0037103 secs]
747,638: [GC (Allocation Failure)  58571K->37723K(141312K), 0,0081027 secs]
747,679: [GC (Allocation Failure)  64347K->32939K(141312K), 0,0010850 secs]
747,702: [GC (Allocation Failure)  59563K->38723K(140288K), 0,0052831 secs]
747,740: [GC (Allocation Failure)  64323K->32883K(140800K), 0,0036985 secs]
747,766: [GC (Allocation Failure)  58483K->37667K(140288K), 0,0028283 secs]
747,802: [GC (Allocation Failure)  63267K->31859K(140800K), 0,0055491 secs]
747,829: [GC (Allocation Failure)  57459K->36651K(141312K), 0,0013769 secs]
747,863: [GC (Allocation Failure)  63275K->31803K(141312K), 0,0007380 secs]
747,886: [GC (Allocation Failure)  58427K->37643K(141312K), 0,0024879 secs]
747,921: [GC (Allocation Failure)  64267K->32859K(141312K), 0,0018168 secs]
747,945: [GC (Allocation Failure)  59483K->38667K(140288K), 0,0015501 secs]
747,979: [GC (Allocation Failure)  64267K->32827K(140800K), 0,0018821 secs]
748,003: [GC (Allocation Failure)  58427K->37651K(140288K), 0,0014958 secs]
748,036: [GC (Allocation Failure)  63251K->31787K(140800K), 0,0023475 secs]
748,061: [GC (Allocation Failure)  57387K->36539K(141312K), 0,0083722 secs]
748,104: [GC (Allocation Failure)  63163K->31755K(141312K), 0,0011398 secs]
748,127: [GC (Allocation Failure)  58379K->37595K(141312K), 0,0020881 secs]
748,162: [GC (Allocation Failure)  64219K->32779K(141312K), 0,0011556 secs]
748,186: [GC (Allocation Failure)  59403K->38587K(139776K), 0,0020550 secs]
748,225: [GC (Allocation Failure)  64187K->32747K(140800K), 0,0056289 secs]
748,254: [GC (Allocation Failure)  58347K->37531K(141312K), 0,0015842 secs]
748,289: [GC (Allocation Failure)  64155K->32715K(141312K), 0,0017780 secs]
748,313: [GC (Allocation Failure)  59339K->38555K(140288K), 0,0015595 secs]
748,347: [GC (Allocation Failure)  64155K->32715K(140800K), 0,0008045 secs]
748,370: [GC (Allocation Failure)  58315K->37499K(141312K), 0,0023873 secs]
748,405: [GC (Allocation Failure)  64123K->32651K(141312K), 0,0008533 secs]
748,428: [GC (Allocation Failure)  59275K->38491K(140288K), 0,0015892 secs]
748,461: [GC (Allocation Failure)  64091K->32659K(140800K), 0,0008872 secs]
748,485: [GC (Allocation Failure)  58259K->37443K(141312K), 0,0019154 secs]
748,523: [GC (Allocation Failure)  64067K->32643K(141312K), 0,0073221 secs]
748,555: [GC (Allocation Failure)  59267K->38483K(140288K), 0,0059477 secs]
748,592: [GC (Allocation Failure)  64083K->32643K(140800K), 0,0011204 secs]
748,615: [GC (Allocation Failure)  58243K->37395K(141312K), 0,0019174 secs]
748,648: [GC (Allocation Failure)  64019K->32587K(141312K), 0,0013695 secs]
748,670: [GC (Allocation Failure)  59211K->38395K(140288K), 0,0058842 secs]
748,707: [GC (Allocation Failure)  63995K->32587K(140800K), 0,0006324 secs]
748,729: [GC (Allocation Failure)  58187K->37371K(141312K), 0,0012896 secs]
748,763: [GC (Allocation Failure)  63995K->32555K(141312K), 0,0008529 secs]
748,786: [GC (Allocation Failure)  59179K->38363K(141312K), 0,0025229 secs]
748,821: [GC (Allocation Failure)  64987K->33611K(141312K), 0,0008815 secs]
748,844: [GC (Allocation Failure)  60235K->39387K(140288K), 0,0016788 secs]
748,879: [GC (Allocation Failure)  64987K->33515K(140800K), 0,0022010 secs]
748,903: [GC (Allocation Failure)  59115K->38299K(140288K), 0,0027774 secs]
748,939: [GC (Allocation Failure)  63899K->32459K(140800K), 0,0009015 secs]
748,962: [GC (Allocation Failure)  58059K->37275K(141312K), 0,0014107 secs]
748,996: [GC (Allocation Failure)  63899K->32459K(141312K), 0,0010862 secs]
749,019: [GC (Allocation Failure)  59083K->38267K(141312K), 0,0016312 secs]
749,054: [GC (Allocation Failure)  64891K->33451K(141312K), 0,0009110 secs]
749,077: [GC (Allocation Failure)  60075K->39299K(140288K), 0,0051515 secs]
749,115: [GC (Allocation Failure)  64899K->33459K(140800K), 0,0041699 secs]
749,141: [GC (Allocation Failure)  59059K->38211K(140288K), 0,0027476 secs]
749,177: [GC (Allocation Failure)  63811K->32411K(140800K), 0,0008065 secs]
749,200: [GC (Allocation Failure)  58011K->37195K(141312K), 0,0014674 secs]
749,234: [GC (Allocation Failure)  63819K->32379K(141312K), 0,0008966 secs]
749,257: [GC (Allocation Failure)  59003K->38219K(141312K), 0,0016373 secs]
749,291: [GC (Allocation Failure)  64843K->33371K(141312K), 0,0017081 secs]
749,315: [GC (Allocation Failure)  59995K->39219K(139776K), 0,0017636 secs]
749,350: [GC (Allocation Failure)  64819K->33379K(140800K), 0,0013238 secs]
749,373: [GC (Allocation Failure)  58979K->38131K(141312K), 0,0026396 secs]
749,409: [GC (Allocation Failure)  64755K->33315K(141312K), 0,0020018 secs]
749,433: [GC (Allocation Failure)  59939K->39155K(140288K), 0,0016097 secs]
749,468: [GC (Allocation Failure)  64755K->33315K(140800K), 0,0021349 secs]
749,492: [GC (Allocation Failure)  58915K->38099K(141312K), 0,0014761 secs]
749,526: [GC (Allocation Failure)  64723K->33251K(141312K), 0,0034408 secs]
749,551: [GC (Allocation Failure)  59875K->39091K(140288K), 0,0022714 secs]
749,585: [GC (Allocation Failure)  64691K->33251K(140800K), 0,0014691 secs]
749,607: [GC (Allocation Failure)  58851K->38035K(141312K), 0,0023203 secs]
749,642: [GC (Allocation Failure)  64659K->33219K(141312K), 0,0007035 secs]
749,664: [GC (Allocation Failure)  59843K->39059K(140288K), 0,0014530 secs]
749,698: [GC (Allocation Failure)  64659K->33219K(140800K), 0,0006468 secs]
749,724: [GC (Allocation Failure)  58819K->37971K(141312K), 0,0042244 secs]
749,766: [GC (Allocation Failure)  64595K->33187K(141312K), 0,0085489 secs]
749,798: [GC (Allocation Failure)  59811K->38995K(141312K), 0,0016416 secs]
749,833: [GC (Allocation Failure)  65619K->34211K(141312K), 0,0026074 secs]
749,858: [GC (Allocation Failure)  60835K->39995K(140288K), 0,0018291 secs]
749,893: [GC (Allocation Failure)  65595K->34195K(140800K), 0,0009754 secs]
749,916: [GC (Allocation Failure)  59795K->38979K(140288K), 0,0016046 secs]
749,951: [GC (Allocation Failure)  64579K->33147K(140800K), 0,0009218 secs]
749,974: [GC (Allocation Failure)  58747K->37899K(141312K), 0,0015319 secs]
750,009: [GC (Allocation Failure)  64523K->33115K(141312K), 0,0008986 secs]
750,032: [GC (Allocation Failure)  59739K->38923K(141312K), 0,0016363 secs]
750,067: [GC (Allocation Failure)  65547K->34139K(141312K), 0,0022385 secs]
750,091: [GC (Allocation Failure)  60763K->39947K(140288K), 0,0017611 secs]
750,126: [GC (Allocation Failure)  65547K->34139K(140800K), 0,0009937 secs]
750,149: [GC (Allocation Failure)  59739K->38891K(140288K), 0,0028620 secs]
750,185: [GC (Allocation Failure)  64491K->33067K(140800K), 0,0009357 secs]
750,208: [GC (Allocation Failure)  58667K->37819K(141312K), 0,0016505 secs]
750,243: [GC (Allocation Failure)  64443K->33003K(141312K), 0,0022175 secs]
750,267: [GC (Allocation Failure)  59627K->38851K(141312K), 0,0024406 secs]
750,302: [GC (Allocation Failure)  65475K->34067K(141312K), 0,0034195 secs]
750,327: [GC (Allocation Failure)  60691K->39843K(139776K), 0,0016907 secs]
750,362: [GC (Allocation Failure)  65443K->34035K(140800K), 0,0021722 secs]
750,386: [GC (Allocation Failure)  59635K->38819K(141312K), 0,0047202 secs]
750,424: [GC (Allocation Failure)  65443K->34043K(141312K), 0,0009228 secs]
750,447: [GC (Allocation Failure)  60667K->39827K(140288K), 0,0068225 secs]
750,487: [GC (Allocation Failure)  65427K->33987K(140800K), 0,0015468 secs]
750,510: [GC (Allocation Failure)  59587K->38771K(141312K), 0,0047063 secs]
750,545: [GC (Allocation Failure)  65395K->33987K(141312K), 0,0012591 secs]
750,568: [GC (Allocation Failure)  60611K->39795K(140288K), 0,0014661 secs]
750,602: [GC (Allocation Failure)  65395K->33931K(140800K), 0,0016132 secs]
750,625: [GC (Allocation Failure)  59531K->38723K(141312K), 0,0013427 secs]
750,659: [GC (Allocation Failure)  65347K->33939K(141312K), 0,0015461 secs]
750,682: [GC (Allocation Failure)  60563K->39747K(140288K), 0,0031433 secs]
750,718: [GC (Allocation Failure)  65347K->33875K(140800K), 0,0029797 secs]
750,743: [GC (Allocation Failure)  59475K->38659K(141312K), 0,0044288 secs]
750,778: [GC (Allocation Failure)  65283K->33883K(141312K), 0,0014506 secs]
750,800: [GC (Allocation Failure)  60507K->39539K(141312K), 0,0061102 secs]
750,838: [GC (Allocation Failure)  66163K->34723K(141312K), 0,0008497 secs]
750,860: [GC (Allocation Failure)  61347K->40563K(140288K), 0,0062753 secs]
750,898: [GC (Allocation Failure)  66163K->34699K(140800K), 0,0014685 secs]
750,920: [GC (Allocation Failure)  60299K->39451K(140288K), 0,0055827 secs]
750,958: [GC (Allocation Failure)  65051K->33587K(140800K), 0,0013178 secs]
750,981: [GC (Allocation Failure)  59187K->38339K(141312K), 0,0028068 secs]
751,016: [GC (Allocation Failure)  64963K->33523K(141312K), 0,0006125 secs]
751,038: [GC (Allocation Failure)  60147K->39371K(141312K), 0,0013320 secs]
751,073: [GC (Allocation Failure)  65995K->34555K(141312K), 0,0076670 secs]
751,108: [GC (Allocation Failure)  61179K->40395K(140288K), 0,0027993 secs]
751,144: [GC (Allocation Failure)  65995K->34555K(140800K), 0,0027266 secs]
751,170: [GC (Allocation Failure)  60155K->39339K(141312K), 0,0018322 secs]
751,204: [GC (Allocation Failure)  65963K->34531K(141312K), 0,0027696 secs]
751,231: [GC (Allocation Failure)  61155K->40339K(140288K), 0,0060681 secs]
751,272: [GC (Allocation Failure)  65939K->34531K(140800K), 0,0016521 secs]
751,299: [GC (Allocation Failure)  60131K->39283K(141312K), 0,0025438 secs]
751,336: [GC (Allocation Failure)  65907K->34467K(141312K), 0,0043482 secs]
751,365: [GC (Allocation Failure)  61091K->40275K(140288K), 0,0044286 secs]
751,404: [GC (Allocation Failure)  65875K->34467K(140800K), 0,0041846 secs]
751,433: [GC (Allocation Failure)  60067K->39219K(141312K), 0,0046778 secs]
751,470: [GC (Allocation Failure)  65843K->34403K(141312K), 0,0011634 secs]
751,494: [GC (Allocation Failure)  61027K->40243K(140288K), 0,0025101 secs]
751,529: [GC (Allocation Failure)  65843K->34435K(140800K), 0,0027467 secs]
751,556: [GC (Allocation Failure)  60035K->39187K(141312K), 0,0075744 secs]
751,598: [GC (Allocation Failure)  65811K->34403K(141312K), 0,0016249 secs]
751,623: [GC (Allocation Failure)  61027K->40211K(140288K), 0,0020742 secs]
751,657: [GC (Allocation Failure)  65811K->34371K(140800K), 0,0011395 secs]
751,680: [GC (Allocation Failure)  59971K->39155K(141312K), 0,0018895 secs]
751,715: [GC (Allocation Failure)  65779K->34347K(141312K), 0,0022896 secs]
751,741: [GC (Allocation Failure)  60971K->40123K(141312K), 0,0036007 secs]
751,777: [GC (Allocation Failure)  66747K->35371K(141312K), 0,0012271 secs]
751,801: [GC (Allocation Failure)  61995K->41123K(140288K), 0,0039696 secs]
751,837: [GC (Allocation Failure)  66723K->35355K(140800K), 0,0013246 secs]
751,862: [GC (Allocation Failure)  60955K->40107K(140288K), 0,0019221 secs]
751,896: [GC (Allocation Failure)  65707K->34267K(140800K), 0,0055550 secs]
751,924: [GC (Allocation Failure)  59867K->39051K(141312K), 0,0018461 secs]
751,959: [GC (Allocation Failure)  65675K->34235K(141312K), 0,0027609 secs]
751,985: [GC (Allocation Failure)  60859K->40043K(141312K), 0,0046443 secs]
752,022: [GC (Allocation Failure)  66667K->35259K(141312K), 0,0013892 secs]
752,047: [GC (Allocation Failure)  61883K->41067K(140288K), 0,0028546 secs]
752,082: [GC (Allocation Failure)  66667K->35259K(140800K), 0,0012103 secs]
752,107: [GC (Allocation Failure)  60859K->40051K(140288K), 0,0019919 secs]
752,141: [GC (Allocation Failure)  65651K->34211K(140800K), 0,0010450 secs]
752,164: [GC (Allocation Failure)  59811K->38995K(141312K), 0,0017039 secs]
752,199: [GC (Allocation Failure)  65619K->34147K(141312K), 0,0011800 secs]
752,224: [GC (Allocation Failure)  60771K->39987K(141312K), 0,0019497 secs]
752,258: [GC (Allocation Failure)  66611K->35171K(141312K), 0,0011799 secs]
752,283: [GC (Allocation Failure)  61795K->40979K(139776K), 0,0023960 secs]
752,318: [GC (Allocation Failure)  66579K->35179K(140800K), 0,0011595 secs]
752,342: [GC (Allocation Failure)  60779K->39931K(141312K), 0,0035422 secs]
752,378: [GC (Allocation Failure)  66555K->35147K(141312K), 0,0041318 secs]
752,408: [GC (Allocation Failure)  61771K->40963K(140288K), 0,0027234 secs]
752,443: [GC (Allocation Failure)  66563K->35131K(140800K), 0,0018028 secs]
752,467: [GC (Allocation Failure)  60731K->39915K(141312K), 0,0017299 secs]
752,502: [GC (Allocation Failure)  66539K->35115K(141312K), 0,0009789 secs]
752,525: [GC (Allocation Failure)  61739K->40891K(140288K), 0,0038403 secs]
752,562: [GC (Allocation Failure)  66491K->35091K(140800K), 0,0032341 secs]
752,587: [GC (Allocation Failure)  60691K->39875K(141312K), 0,0015216 secs]
752,622: [GC (Allocation Failure)  66499K->35123K(141312K), 0,0009248 secs]
752,645: [GC (Allocation Failure)  61747K->40867K(140288K), 0,0030347 secs]
752,681: [GC (Allocation Failure)  66467K->35059K(140800K), 0,0010592 secs]
752,704: [GC (Allocation Failure)  60659K->39843K(141312K), 0,0015500 secs]
752,739: [GC (Allocation Failure)  66467K->34995K(141312K), 0,0022560 secs]
752,764: [GC (Allocation Failure)  61619K->40867K(140288K), 0,0019022 secs]
752,798: [GC (Allocation Failure)  66467K->34995K(140800K), 0,0011641 secs]
752,821: [GC (Allocation Failure)  60595K->39747K(141312K), 0,0017604 secs]
752,856: [GC (Allocation Failure)  66371K->34995K(141312K), 0,0011703 secs]
752,880: [GC (Allocation Failure)  61619K->40771K(141312K), 0,0018724 secs]
752,914: [GC (Allocation Failure)  67395K->35987K(141312K), 0,0011876 secs]
752,938: [GC (Allocation Failure)  62611K->41795K(140288K), 0,0036240 secs]
752,974: [GC (Allocation Failure)  67395K->35955K(140800K), 0,0028835 secs]
753,000: [GC (Allocation Failure)  61555K->40739K(140288K), 0,0018531 secs]
753,034: [GC (Allocation Failure)  66339K->34899K(140800K), 0,0025884 secs]
753,061: [GC (Allocation Failure)  60499K->39651K(141312K), 0,0066073 secs]
753,102: [GC (Allocation Failure)  66275K->34867K(141312K), 0,0024359 secs]
753,128: [GC (Allocation Failure)  61491K->40715K(141312K), 0,0058549 secs]
753,168: [GC (Allocation Failure)  67339K->35867K(141312K), 0,0041473 secs]
753,196: [GC (Allocation Failure)  62491K->41707K(140288K), 0,0035871 secs]
753,235: [GC (Allocation Failure)  67307K->35867K(140800K), 0,0077172 secs]
753,266: [GC (Allocation Failure)  61467K->40651K(140288K), 0,0036755 secs]
753,302: [GC (Allocation Failure)  66251K->34843K(140800K), 0,0010765 secs]
753,327: [GC (Allocation Failure)  60443K->39595K(141312K), 0,0019496 secs]
753,362: [GC (Allocation Failure)  66219K->34747K(141312K), 0,0028787 secs]
753,388: [GC (Allocation Failure)  61371K->40587K(141312K), 0,0019703 secs]
753,422: [GC (Allocation Failure)  67211K->35811K(141312K), 0,0058618 secs]
753,451: [GC (Allocation Failure)  62435K->41627K(139776K), 0,0020774 secs]
753,485: [GC (Allocation Failure)  67227K->35819K(140800K), 0,0012145 secs]
753,509: [GC (Allocation Failure)  61419K->40571K(141312K), 0,0037810 secs]
753,545: [GC (Allocation Failure)  67195K->35787K(141312K), 0,0073640 secs]
753,574: [GC (Allocation Failure)  62411K->41563K(140288K), 0,0021145 secs]
753,609: [GC (Allocation Failure)  67163K->35723K(140800K), 0,0006578 secs]
753,631: [GC (Allocation Failure)  61323K->40507K(141312K), 0,0018007 secs]
753,665: [GC (Allocation Failure)  67131K->35691K(141312K), 0,0055930 secs]
753,692: [GC (Allocation Failure)  62315K->41531K(140288K), 0,0020952 secs]
753,727: [GC (Allocation Failure)  67131K->35699K(140800K), 0,0012138 secs]
753,750: [GC (Allocation Failure)  61299K->40483K(141312K), 0,0013122 secs]
753,784: [GC (Allocation Failure)  67107K->35667K(141312K), 0,0007122 secs]
753,805: [GC (Allocation Failure)  62291K->41507K(140288K), 0,0018488 secs]
753,839: [GC (Allocation Failure)  67107K->35635K(140800K), 0,0008184 secs]
753,862: [GC (Allocation Failure)  61235K->40387K(141312K), 0,0031021 secs]
753,897: [GC (Allocation Failure)  67011K->35635K(141312K), 0,0008545 secs]
753,920: [GC (Allocation Failure)  62259K->41411K(141312K), 0,0074915 secs]
753,960: [GC (Allocation Failure)  68035K->36627K(141312K), 0,0008533 secs]
753,983: [GC (Allocation Failure)  63251K->42435K(140288K), 0,0057125 secs]
754,022: [GC (Allocation Failure)  68035K->36595K(140800K), 0,0036651 secs]
754,047: [GC (Allocation Failure)  62195K->41347K(140288K), 0,0016154 secs]
754,080: [GC (Allocation Failure)  66947K->35539K(140800K), 0,0012240 secs]
754,103: [GC (Allocation Failure)  61139K->40355K(141312K), 0,0014024 secs]
754,136: [GC (Allocation Failure)  66979K->35539K(141312K), 0,0008951 secs]
754,159: [GC (Allocation Failure)  62163K->41323K(141312K), 0,0015403 secs]
754,193: [GC (Allocation Failure)  67947K->36571K(141312K), 0,0009842 secs]
754,216: [GC (Allocation Failure)  63195K->42347K(140288K), 0,0019522 secs]
754,251: [GC (Allocation Failure)  67947K->36515K(140800K), 0,0031048 secs]
754,276: [GC (Allocation Failure)  62115K->41299K(140288K), 0,0027586 secs]
754,312: [GC (Allocation Failure)  66899K->35491K(140800K), 0,0008746 secs]
754,335: [GC (Allocation Failure)  61091K->40275K(141312K), 0,0014684 secs]
754,369: [GC (Allocation Failure)  66899K->35427K(141312K), 0,0008465 secs]
754,392: [GC (Allocation Failure)  62051K->41235K(141312K), 0,0026565 secs]
754,428: [GC (Allocation Failure)  67859K->36451K(141312K), 0,0008868 secs]
754,451: [GC (Allocation Failure)  63075K->42259K(140288K), 0,0020902 secs]
754,486: [GC (Allocation Failure)  67859K->36419K(140800K), 0,0019158 secs]
754,510: [GC (Allocation Failure)  62019K->41267K(141312K), 0,0015511 secs]
754,545: [GC (Allocation Failure)  67891K->36427K(141312K), 0,0015522 secs]
754,569: [GC (Allocation Failure)  63051K->42267K(140288K), 0,0017558 secs]
754,604: [GC (Allocation Failure)  67867K->36427K(140800K), 0,0008773 secs]
754,627: [GC (Allocation Failure)  62027K->41179K(141312K), 0,0077834 secs]
754,669: [GC (Allocation Failure)  67803K->36363K(141312K), 0,0029258 secs]
754,695: [GC (Allocation Failure)  62987K->42171K(140288K), 0,0028730 secs]
754,730: [GC (Allocation Failure)  67771K->36339K(140800K), 0,0012179 secs]
754,755: [GC (Allocation Failure)  61939K->41123K(141312K), 0,0025944 secs]
754,790: [GC (Allocation Failure)  67747K->36115K(141312K), 0,0026628 secs]
754,815: [GC (Allocation Failure)  62739K->41923K(140288K), 0,0048081 secs]
754,853: [GC (Allocation Failure)  67523K->36115K(140800K), 0,0007840 secs]
754,875: [GC (Allocation Failure)  61715K->40899K(141312K), 0,0012893 secs]
754,907: [GC (Allocation Failure)  67523K->36051K(141312K), 0,0021496 secs]
754,930: [GC (Allocation Failure)  62675K->41891K(141312K), 0,0020190 secs]
754,964: [GC (Allocation Failure)  68515K->37075K(141312K), 0,0030251 secs]
754,989: [GC (Allocation Failure)  63699K->42947K(140288K), 0,0015270 secs]
755,022: [GC (Allocation Failure)  68547K->37107K(140800K), 0,0030319 secs]
755,047: [GC (Allocation Failure)  62707K->41859K(140288K), 0,0015975 secs]
755,085: [GC (Allocation Failure)  67459K->36019K(140800K), 0,0067000 secs]
755,116: [GC (Allocation Failure)  61619K->40771K(141312K), 0,0030524 secs]
755,152: [GC (Allocation Failure)  67395K->35987K(141312K), 0,0008181 secs]
755,175: [GC (Allocation Failure)  62611K->41803K(141312K), 0,0014367 secs]
755,209: [GC (Allocation Failure)  68427K->37019K(141312K), 0,0008937 secs]
755,232: [GC (Allocation Failure)  63643K->42827K(140288K), 0,0026871 secs]
755,267: [GC (Allocation Failure)  68427K->36963K(140800K), 0,0018528 secs]
755,291: [GC (Allocation Failure)  62563K->41747K(140288K), 0,0015268 secs]
755,325: [GC (Allocation Failure)  67347K->35907K(140800K), 0,0007868 secs]
755,347: [GC (Allocation Failure)  61507K->40723K(141312K), 0,0026185 secs]
755,382: [GC (Allocation Failure)  67347K->35875K(141312K), 0,0019576 secs]
755,406: [GC (Allocation Failure)  62499K->41715K(141312K), 0,0015707 secs]
755,441: [GC (Allocation Failure)  68339K->36907K(141312K), 0,0020722 secs]
755,465: [GC (Allocation Failure)  63531K->42747K(139776K), 0,0027636 secs]
755,505: [GC (Allocation Failure)  68347K->36915K(140800K), 0,0073507 secs]
755,541: [GC (Allocation Failure)  62515K->41699K(141312K), 0,0044037 secs]
755,583: [GC (Allocation Failure)  68323K->36883K(141312K), 0,0029728 secs]
755,613: [GC (Allocation Failure)  63507K->42731K(140288K), 0,0026459 secs]
755,649: [GC (Allocation Failure)  68331K->36899K(140800K), 0,0023462 secs]
755,677: [GC (Allocation Failure)  62499K->41651K(141312K), 0,0035570 secs]
755,716: [GC (Allocation Failure)  68275K->36835K(141312K), 0,0024063 secs]
755,745: [GC (Allocation Failure)  63459K->42683K(140288K), 0,0039459 secs]
755,784: [GC (Allocation Failure)  68283K->36843K(140800K), 0,0055707 secs]
755,814: [GC (Allocation Failure)  62443K->41627K(141312K), 0,0021903 secs]
755,851: [GC (Allocation Failure)  68251K->36779K(141312K), 0,0028118 secs]
755,882: [GC (Allocation Failure)  63403K->42619K(140288K), 0,0045560 secs]
755,924: [GC (Allocation Failure)  68219K->36787K(140800K), 0,0067773 secs]
755,956: [GC (Allocation Failure)  62387K->41571K(141312K), 0,0050853 secs]
755,996: [GC (Allocation Failure)  68195K->36795K(141312K), 0,0015964 secs]
756,022: [GC (Allocation Failure)  63419K->42571K(141312K), 0,0050946 secs]
756,060: [GC (Allocation Failure)  69195K->37787K(141312K), 0,0026409 secs]
756,085: [GC (Allocation Failure)  64411K->43595K(140288K), 0,0018185 secs]
756,120: [GC (Allocation Failure)  69195K->37755K(140800K), 0,0025320 secs]
756,145: [GC (Allocation Failure)  63355K->42571K(140288K), 0,0016813 secs]
756,180: [GC (Allocation Failure)  68171K->36667K(140800K), 0,0009721 secs]
756,203: [GC (Allocation Failure)  62267K->41483K(141312K), 0,0015286 secs]
756,238: [GC (Allocation Failure)  68107K->36667K(141312K), 0,0009323 secs]
756,261: [GC (Allocation Failure)  63291K->42475K(141312K), 0,0016572 secs]
756,296: [GC (Allocation Failure)  69099K->37659K(141312K), 0,0040002 secs]
756,322: [GC (Allocation Failure)  64283K->43507K(140288K), 0,0030823 secs]
756,358: [GC (Allocation Failure)  69107K->37635K(140800K), 0,0023624 secs]
756,382: [GC (Allocation Failure)  63235K->42451K(140288K), 0,0016162 secs]
756,417: [GC (Allocation Failure)  68051K->36579K(140800K), 0,0022012 secs]
756,441: [GC (Allocation Failure)  62179K->41395K(141312K), 0,0027435 secs]
756,477: [GC (Allocation Failure)  68019K->36547K(141312K), 0,0042988 secs]
756,503: [GC (Allocation Failure)  63171K->42427K(141312K), 0,0016882 secs]
756,538: [GC (Allocation Failure)  69051K->37587K(141312K), 0,0046521 secs]
756,565: [GC (Allocation Failure)  64211K->43459K(140288K), 0,0017928 secs]
756,600: [GC (Allocation Failure)  69059K->37587K(140800K), 0,0009823 secs]
756,623: [GC (Allocation Failure)  63187K->42371K(141312K), 0,0017927 secs]
756,658: [GC (Allocation Failure)  68995K->37563K(141312K), 0,0010129 secs]
756,681: [GC (Allocation Failure)  64187K->43403K(140288K), 0,0030327 secs]
756,717: [GC (Allocation Failure)  69003K->37531K(140800K), 0,0023274 secs]
756,741: [GC (Allocation Failure)  63131K->42315K(141312K), 0,0015944 secs]
756,776: [GC (Allocation Failure)  68939K->37531K(141312K), 0,0010017 secs]
756,799: [GC (Allocation Failure)  64155K->43371K(140288K), 0,0017481 secs]
756,834: [GC (Allocation Failure)  68971K->37499K(140800K), 0,0009064 secs]
756,857: [GC (Allocation Failure)  63099K->42283K(141312K), 0,0028324 secs]
756,893: [GC (Allocation Failure)  68907K->37467K(141312K), 0,0021422 secs]
756,917: [GC (Allocation Failure)  64091K->43243K(140288K), 0,0020659 secs]
756,952: [GC (Allocation Failure)  68843K->37467K(140800K), 0,0011931 secs]
756,975: [GC (Allocation Failure)  63067K->42219K(141312K), 0,0015475 secs]
757,009: [GC (Allocation Failure)  68843K->37403K(141312K), 0,0043037 secs]
757,035: [GC (Allocation Failure)  64027K->43243K(140288K), 0,0017371 secs]
757,070: [GC (Allocation Failure)  68843K->37403K(140800K), 0,0021536 secs]
757,094: [GC (Allocation Failure)  63003K->42195K(141312K), 0,0015753 secs]
757,129: [GC (Allocation Failure)  68819K->37379K(141312K), 0,0020313 secs]
757,153: [GC (Allocation Failure)  64003K->43155K(141312K), 0,0031581 secs]
757,189: [GC (Allocation Failure)  69779K->38371K(141312K), 0,0010336 secs]
757,212: [GC (Allocation Failure)  64995K->44211K(140288K), 0,0018182 secs]
757,247: [GC (Allocation Failure)  69811K->38379K(140800K), 0,0010067 secs]
757,270: [GC (Allocation Failure)  63979K->43131K(140288K), 0,0030800 secs]
757,306: [GC (Allocation Failure)  68731K->37291K(140800K), 0,0010086 secs]
757,329: [GC (Allocation Failure)  62891K->42107K(141312K), 0,0027511 secs]
757,365: [GC (Allocation Failure)  68731K->37259K(141312K), 0,0020538 secs]
757,389: [GC (Allocation Failure)  63883K->43099K(141312K), 0,0016240 secs]
757,424: [GC (Allocation Failure)  69723K->38283K(141312K), 0,0010670 secs]
757,447: [GC (Allocation Failure)  64907K->44123K(140288K), 0,0017552 secs]
757,482: [GC (Allocation Failure)  69723K->38283K(140800K), 0,0021330 secs]
757,507: [GC (Allocation Failure)  63883K->43003K(140288K), 0,0036368 secs]
757,542: [GC (Allocation Failure)  68603K->37195K(140800K), 0,0029947 secs]
757,567: [GC (Allocation Failure)  62795K->41947K(141312K), 0,0028465 secs]
757,601: [GC (Allocation Failure)  68571K->37195K(141312K), 0,0020978 secs]
757,624: [GC (Allocation Failure)  63819K->42971K(141312K), 0,0023873 secs]
757,657: [GC (Allocation Failure)  69595K->38187K(141312K), 0,0014508 secs]
757,679: [GC (Allocation Failure)  64811K->44027K(139776K), 0,0022517 secs]
757,712: [GC (Allocation Failure)  69627K->38155K(140800K), 0,0015115 secs]
757,734: [GC (Allocation Failure)  63755K->42939K(141312K), 0,0020582 secs]
757,767: [GC (Allocation Failure)  69563K->38123K(141312K), 0,0014900 secs]
757,789: [GC (Allocation Failure)  64747K->43963K(140288K), 0,0052656 secs]
757,825: [GC (Allocation Failure)  69563K->38091K(140800K), 0,0014600 secs]
757,847: [GC (Allocation Failure)  63691K->42907K(141312K), 0,0020546 secs]
757,881: [GC (Allocation Failure)  69531K->38059K(141312K), 0,0013563 secs]
757,903: [GC (Allocation Failure)  64683K->43899K(140288K), 0,0023765 secs]
757,936: [GC (Allocation Failure)  69499K->38059K(140800K), 0,0028424 secs]
757,959: [GC (Allocation Failure)  63659K->42843K(141312K), 0,0020699 secs]
757,992: [GC (Allocation Failure)  69467K->38027K(141312K), 0,0010602 secs]
758,014: [GC (Allocation Failure)  64651K->43835K(140288K), 0,0022627 secs]
758,047: [GC (Allocation Failure)  69435K->37995K(140800K), 0,0032125 secs]
758,071: [GC (Allocation Failure)  63595K->42779K(141312K), 0,0025069 secs]
758,104: [GC (Allocation Failure)  69403K->37995K(141312K), 0,0013033 secs]
758,126: [GC (Allocation Failure)  64619K->43771K(141312K), 0,0073139 secs]
758,164: [GC (Allocation Failure)  70395K->38987K(141312K), 0,0046166 secs]
758,189: [GC (Allocation Failure)  65611K->44827K(140288K), 0,0022490 secs]
758,222: [GC (Allocation Failure)  70427K->38955K(140800K), 0,0047313 secs]
758,247: [GC (Allocation Failure)  64555K->43739K(140288K), 0,0030561 secs]
758,281: [GC (Allocation Failure)  69339K->37899K(140800K), 0,0012910 secs]
758,303: [GC (Allocation Failure)  63499K->42715K(141312K), 0,0019449 secs]
758,336: [GC (Allocation Failure)  69339K->37899K(141312K), 0,0014176 secs]
758,358: [GC (Allocation Failure)  64523K->43675K(141312K), 0,0026747 secs]
758,391: [GC (Allocation Failure)  70299K->38891K(141312K), 0,0014431 secs]
758,413: [GC (Allocation Failure)  65515K->44731K(140288K), 0,0021875 secs]
758,446: [GC (Allocation Failure)  70331K->38859K(140800K), 0,0015121 secs]
758,468: [GC (Allocation Failure)  64459K->43675K(140288K), 0,0020633 secs]
758,501: [GC (Allocation Failure)  69275K->37803K(140800K), 0,0013791 secs]
758,523: [GC (Allocation Failure)  63403K->42555K(141312K), 0,0030326 secs]
758,557: [GC (Allocation Failure)  69179K->37771K(141312K), 0,0014343 secs]
758,579: [GC (Allocation Failure)  64395K->43611K(141312K), 0,0056440 secs]
758,615: [GC (Allocation Failure)  70235K->38795K(141312K), 0,0069784 secs]
758,644: [GC (Allocation Failure)  65419K->44603K(139776K), 0,0025628 secs]
758,678: [GC (Allocation Failure)  70203K->38763K(140800K), 0,0058896 secs]
758,705: [GC (Allocation Failure)  64363K->43547K(141312K), 0,0021595 secs]
758,739: [GC (Allocation Failure)  70171K->38763K(141312K), 0,0015158 secs]
758,761: [GC (Allocation Failure)  65387K->44539K(140288K), 0,0050738 secs]
758,799: [GC (Allocation Failure)  70139K->38571K(140800K), 0,0026353 secs]
758,827: [GC (Allocation Failure)  64171K->43355K(141312K), 0,0284633 secs]
758,891: [GC (Allocation Failure)  69978K->38475K(141312K), 0,0026985 secs]
758,919: [GC (Allocation Failure)  65099K->44355K(140288K), 0,0029743 secs]
758,957: [GC (Allocation Failure)  69955K->38451K(140800K), 0,0044895 secs]
758,987: [GC (Allocation Failure)  64051K->43243K(141312K), 0,0027067 secs]
759,025: [GC (Allocation Failure)  69867K->38427K(141312K), 0,0043284 secs]
759,055: [GC (Allocation Failure)  65051K->44235K(141312K), 0,0030817 secs]
759,093: [GC (Allocation Failure)  70859K->39451K(141312K), 0,0043560 secs]
759,120: [GC (Allocation Failure)  66075K->45259K(140288K), 0,0043302 secs]
759,157: [GC (Allocation Failure)  70859K->39459K(140800K), 0,0020645 secs]
759,181: [GC (Allocation Failure)  65059K->44179K(140288K), 0,0026520 secs]
759,216: [GC (Allocation Failure)  69779K->38371K(140800K), 0,0019154 secs]
759,240: [GC (Allocation Failure)  63971K->43155K(141312K), 0,0018799 secs]
759,275: [GC (Allocation Failure)  69779K->38339K(141312K), 0,0027295 secs]
759,299: [GC (Allocation Failure)  64963K->44147K(141312K), 0,0071542 secs]
759,338: [GC (Allocation Failure)  70771K->39331K(141312K), 0,0016589 secs]
759,361: [GC (Allocation Failure)  65955K->45171K(140288K), 0,0015226 secs]
759,395: [GC (Allocation Failure)  70771K->39363K(140800K), 0,0017109 secs]
759,419: [GC (Allocation Failure)  64963K->44115K(140288K), 0,0031323 secs]
759,455: [GC (Allocation Failure)  69715K->38243K(140800K), 0,0007185 secs]
759,477: [GC (Allocation Failure)  63843K->43027K(141312K), 0,0069602 secs]
759,517: [GC (Allocation Failure)  69651K->38243K(141312K), 0,0013477 secs]
759,539: [GC (Allocation Failure)  64867K->44051K(141312K), 0,0014113 secs]
759,573: [GC (Allocation Failure)  70675K->39275K(141312K), 0,0045813 secs]
759,603: [GC (Allocation Failure)  65899K->45115K(139776K), 0,0032160 secs]
759,641: [GC (Allocation Failure)  70715K->39243K(140800K), 0,0018786 secs]
759,668: [GC (Allocation Failure)  64843K->44027K(141312K), 0,0044148 secs]
759,705: [GC (Allocation Failure)  70651K->39259K(141312K), 0,0013598 secs]
759,730: [GC (Allocation Failure)  65883K->45067K(140288K), 0,0039051 secs]
759,766: [GC (Allocation Failure)  70667K->39227K(140800K), 0,0029917 secs]
759,791: [GC (Allocation Failure)  64827K->44011K(141312K), 0,0022025 secs]
759,827: [GC (Allocation Failure)  70635K->39195K(141312K), 0,0031113 secs]
759,853: [GC (Allocation Failure)  65819K->45003K(140288K), 0,0022302 secs]
759,888: [GC (Allocation Failure)  70603K->39163K(140800K), 0,0059689 secs]
759,916: [GC (Allocation Failure)  64763K->43947K(141312K), 0,0028676 secs]
759,952: [GC (Allocation Failure)  70571K->39131K(141312K), 0,0048226 secs]
759,979: [GC (Allocation Failure)  65755K->44939K(140288K), 0,0047776 secs]
760,017: [GC (Allocation Failure)  70539K->39131K(140800K), 0,0031539 secs]
760,042: [GC (Allocation Failure)  64731K->43883K(141312K), 0,0018482 secs]
760,076: [GC (Allocation Failure)  70507K->39067K(141312K), 0,0015261 secs]
760,099: [GC (Allocation Failure)  65691K->44907K(141312K), 0,0015005 secs]
760,133: [GC (Allocation Failure)  71531K->40091K(141312K), 0,0008595 secs]
760,156: [GC (Allocation Failure)  66715K->45899K(140288K), 0,0026692 secs]
760,190: [GC (Allocation Failure)  71499K->40059K(140800K), 0,0008594 secs]
760,213: [GC (Allocation Failure)  65659K->44883K(140288K), 0,0013843 secs]
760,247: [GC (Allocation Failure)  70483K->39011K(140800K), 0,0007487 secs]
760,270: [GC (Allocation Failure)  64611K->43827K(141312K), 0,0013470 secs]
760,303: [GC (Allocation Failure)  69939K->38435K(140800K), 0,0022855 secs]
760,327: [GC (Allocation Failure)  64547K->43763K(141312K), 0,0023356 secs]
760,364: [GC (Allocation Failure)  70387K->38955K(141312K), 0,0019759 secs]
760,391: [GC (Allocation Failure)  65579K->44763K(141312K), 0,0032727 secs]
760,430: [GC (Allocation Failure)  71387K->40011K(141312K), 0,0050306 secs]
760,461: [GC (Allocation Failure)  66635K->45787K(139776K), 0,0043551 secs]
760,501: [GC (Allocation Failure)  71387K->39947K(140800K), 0,0040703 secs]
760,530: [GC (Allocation Failure)  65547K->44763K(141312K), 0,0034817 secs]
760,569: [GC (Allocation Failure)  71387K->39915K(141312K), 0,0049908 secs]
760,600: [GC (Allocation Failure)  66539K->45787K(140288K), 0,0035948 secs]
760,637: [GC (Allocation Failure)  71387K->39915K(140800K), 0,0014424 secs]
760,662: [GC (Allocation Failure)  65515K->44699K(140288K), 0,0040550 secs]
760,699: [GC (Allocation Failure)  70299K->38859K(140800K), 0,0013251 secs]
760,724: [GC (Allocation Failure)  64459K->43643K(141312K), 0,0059204 secs]
760,763: [GC (Allocation Failure)  70267K->38843K(141312K), 0,0012070 secs]
760,788: [GC (Allocation Failure)  65467K->44683K(141312K), 0,0021154 secs]
760,823: [GC (Allocation Failure)  71307K->39899K(141312K), 0,0014028 secs]
760,848: [GC (Allocation Failure)  66523K->45707K(139776K), 0,0022753 secs]
760,883: [GC (Allocation Failure)  71307K->39835K(140800K), 0,0014237 secs]
760,908: [GC (Allocation Failure)  65435K->44587K(141312K), 0,0034054 secs]
760,944: [GC (Allocation Failure)  71211K->39803K(141312K), 0,0035334 secs]
760,971: [GC (Allocation Failure)  66427K->45651K(140288K), 0,0053118 secs]
761,009: [GC (Allocation Failure)  71251K->39779K(140800K), 0,0050969 secs]
761,036: [GC (Allocation Failure)  65379K->44563K(141312K), 0,0026924 secs]
761,072: [GC (Allocation Failure)  71187K->39779K(141312K), 0,0020524 secs]
761,096: [GC (Allocation Failure)  66403K->45587K(140288K), 0,0015499 secs]
761,132: [GC (Allocation Failure)  71187K->39747K(140800K), 0,0048456 secs]
761,161: [GC (Allocation Failure)  65347K->44539K(141312K), 0,0041751 secs]
761,197: [GC (Allocation Failure)  71163K->39723K(141312K), 0,0009744 secs]
761,220: [GC (Allocation Failure)  66347K->45531K(141312K), 0,0057855 secs]
761,259: [GC (Allocation Failure)  72155K->40747K(141312K), 0,0023985 secs]
761,283: [GC (Allocation Failure)  67371K->46555K(140288K), 0,0028351 secs]
761,319: [GC (Allocation Failure)  72155K->40723K(140800K), 0,0011022 secs]
761,342: [GC (Allocation Failure)  66323K->45507K(140288K), 0,0016713 secs]
761,376: [GC (Allocation Failure)  71107K->39667K(140800K), 0,0008181 secs]
761,399: [GC (Allocation Failure)  65267K->44451K(141312K), 0,0014161 secs]
761,433: [GC (Allocation Failure)  71075K->39635K(141312K), 0,0008018 secs]
761,456: [GC (Allocation Failure)  66259K->45483K(141312K), 0,0016984 secs]
761,491: [GC (Allocation Failure)  72107K->40667K(141312K), 0,0010124 secs]
761,514: [GC (Allocation Failure)  67291K->46443K(140288K), 0,0015451 secs]
761,546: [GC (Allocation Failure)  72043K->40603K(140800K), 0,0014706 secs]
761,569: [GC (Allocation Failure)  66203K->45419K(140288K), 0,0013580 secs]
761,603: [GC (Allocation Failure)  71019K->39547K(140800K), 0,0013918 secs]
761,625: [GC (Allocation Failure)  65147K->44331K(141312K), 0,0013205 secs]
761,659: [GC (Allocation Failure)  70955K->39515K(141312K), 0,0014460 secs]
761,681: [GC (Allocation Failure)  66139K->45323K(141312K), 0,0022723 secs]
761,716: [GC (Allocation Failure)  71947K->40571K(141312K), 0,0007939 secs]
761,739: [GC (Allocation Failure)  67195K->46379K(140288K), 0,0016004 secs]
761,773: [GC (Allocation Failure)  71979K->40539K(140800K), 0,0008635 secs]
761,796: [GC (Allocation Failure)  66139K->45331K(141312K), 0,0014371 secs]
761,830: [GC (Allocation Failure)  71955K->40515K(141312K), 0,0007964 secs]
761,853: [GC (Allocation Failure)  67139K->46323K(140288K), 0,0015865 secs]
761,886: [GC (Allocation Failure)  71923K->40451K(140800K), 0,0061737 secs]
761,914: [GC (Allocation Failure)  66051K->45267K(141312K), 0,0023377 secs]
761,948: [GC (Allocation Failure)  71891K->40459K(141312K), 0,0009619 secs]
761,971: [GC (Allocation Failure)  67083K->46267K(140288K), 0,0016519 secs]
762,003: [GC (Allocation Failure)  71867K->40427K(140800K), 0,0007828 secs]
762,025: [GC (Allocation Failure)  66027K->45211K(141312K), 0,0025353 secs]
762,060: [GC (Allocation Failure)  71835K->40467K(141312K), 0,0008250 secs]
762,083: [GC (Allocation Failure)  67091K->46243K(140288K), 0,0014658 secs]
762,117: [GC (Allocation Failure)  71843K->40403K(140800K), 0,0069542 secs]
762,146: [GC (Allocation Failure)  66003K->45187K(141312K), 0,0024952 secs]
762,181: [GC (Allocation Failure)  71811K->40371K(141312K), 0,0008066 secs]
762,203: [GC (Allocation Failure)  66995K->46211K(140288K), 0,0029182 secs]
762,238: [GC (Allocation Failure)  71811K->40339K(140800K), 0,0008355 secs]
762,261: [GC (Allocation Failure)  65939K->45155K(141312K), 0,0014071 secs]
762,295: [GC (Allocation Failure)  71779K->40339K(141312K), 0,0008049 secs]
762,318: [GC (Allocation Failure)  66963K->46155K(141312K), 0,0014669 secs]
762,352: [GC (Allocation Failure)  72779K->41339K(141312K), 0,0015601 secs]
762,375: [GC (Allocation Failure)  67963K->47179K(140288K), 0,0016867 secs]
762,410: [GC (Allocation Failure)  72779K->41315K(140800K), 0,0008645 secs]
762,432: [GC (Allocation Failure)  66915K->46131K(140288K), 0,0015929 secs]
762,465: [GC (Allocation Failure)  71731K->40299K(140800K), 0,0008868 secs]
762,488: [GC (Allocation Failure)  65899K->45051K(141312K), 0,0037006 secs]
762,525: [GC (Allocation Failure)  71163K->39755K(140800K), 0,0020749 secs]
762,549: [GC (Allocation Failure)  65867K->45019K(141312K), 0,0016497 secs]
762,584: [GC (Allocation Failure)  71643K->40235K(141312K), 0,0019940 secs]
762,608: [GC (Allocation Failure)  66859K->46043K(140800K), 0,0026842 secs]
762,644: [GC (Allocation Failure)  72667K->41259K(141312K), 0,0009187 secs]
762,667: [GC (Allocation Failure)  67883K->47067K(139776K), 0,0017943 secs]
762,702: [GC (Allocation Failure)  72667K->41195K(140800K), 0,0024252 secs]
762,726: [GC (Allocation Failure)  66795K->45979K(141312K), 0,0015785 secs]
762,760: [GC (Allocation Failure)  72603K->41163K(141312K), 0,0052579 secs]
762,787: [GC (Allocation Failure)  67787K->46811K(140288K), 0,0028526 secs]
762,823: [GC (Allocation Failure)  72411K->41011K(140800K), 0,0017384 secs]
762,846: [GC (Allocation Failure)  66611K->45771K(141312K), 0,0020170 secs]
762,880: [GC (Allocation Failure)  72395K->40955K(141312K), 0,0042637 secs]
762,905: [GC (Allocation Failure)  67579K->46731K(140288K), 0,0022474 secs]
762,939: [GC (Allocation Failure)  72331K->40859K(140800K), 0,0006398 secs]
762,961: [GC (Allocation Failure)  66459K->45611K(141312K), 0,0020500 secs]
762,995: [GC (Allocation Failure)  72235K->40827K(141312K), 0,0006690 secs]
763,017: [GC (Allocation Failure)  67451K->46675K(140288K), 0,0014409 secs]
763,050: [GC (Allocation Failure)  72275K->40835K(140800K), 0,0017241 secs]
763,073: [GC (Allocation Failure)  66435K->45587K(141312K), 0,0014801 secs]
763,106: [GC (Allocation Failure)  72211K->40811K(141312K), 0,0007250 secs]
763,128: [GC (Allocation Failure)  67435K->46619K(141312K), 0,0023088 secs]
763,163: [GC (Allocation Failure)  73243K->41843K(141312K), 0,0016514 secs]
763,185: [GC (Allocation Failure)  68467K->47651K(140288K), 0,0058121 secs]
763,222: [GC (Allocation Failure)  73251K->41779K(140800K), 0,0042126 secs]
763,248: [GC (Allocation Failure)  67379K->46563K(140288K), 0,0024814 secs]
763,283: [GC (Allocation Failure)  72163K->40723K(140800K), 0,0007566 secs]
763,306: [GC (Allocation Failure)  66323K->45539K(141312K), 0,0030260 secs]
763,341: [GC (Allocation Failure)  72163K->40723K(141312K), 0,0014899 secs]
763,363: [GC (Allocation Failure)  67347K->46499K(141312K), 0,0023740 secs]
763,396: [GC (Allocation Failure)  73123K->41747K(141312K), 0,0042152 secs]
763,421: [GC (Allocation Failure)  68371K->47523K(140288K), 0,0026218 secs]
763,456: [GC (Allocation Failure)  73123K->41715K(140800K), 0,0025276 secs]
763,480: [GC (Allocation Failure)  67315K->46467K(140288K), 0,0030745 secs]
763,514: [GC (Allocation Failure)  72067K->40659K(140800K), 0,0016991 secs]
763,536: [GC (Allocation Failure)  66259K->45411K(141312K), 0,0032747 secs]
763,572: [GC (Allocation Failure)  72035K->40627K(141312K), 0,0017360 secs]
763,596: [GC (Allocation Failure)  67251K->46403K(141312K), 0,0026988 secs]
763,631: [GC (Allocation Failure)  73027K->41659K(141312K), 0,0053336 secs]
763,657: [GC (Allocation Failure)  68283K->47435K(139776K), 0,0027084 secs]
763,692: [GC (Allocation Failure)  73035K->41635K(140800K), 0,0008988 secs]
763,715: [GC (Allocation Failure)  67235K->46419K(141312K), 0,0014283 secs]
763,749: [GC (Allocation Failure)  73043K->41603K(141312K), 0,0008017 secs]
763,772: [GC (Allocation Failure)  68227K->47411K(140288K), 0,0025808 secs]
763,807: [GC (Allocation Failure)  73011K->41603K(140800K), 0,0057071 secs]
763,834: [GC (Allocation Failure)  67203K->46323K(141312K), 0,0026588 secs]
763,869: [GC (Allocation Failure)  72947K->41571K(141312K), 0,0008468 secs]
763,892: [GC (Allocation Failure)  68195K->47347K(140288K), 0,0025258 secs]
763,927: [GC (Allocation Failure)  72947K->41539K(140800K), 0,0029312 secs]
763,952: [GC (Allocation Failure)  67139K->46299K(141312K), 0,0014758 secs]
763,986: [GC (Allocation Failure)  72923K->41515K(141312K), 0,0034306 secs]
764,011: [GC (Allocation Failure)  68139K->47323K(140288K), 0,0015872 secs]
764,045: [GC (Allocation Failure)  72923K->41483K(140800K), 0,0014088 secs]
764,068: [GC (Allocation Failure)  67083K->46243K(141312K), 0,0024960 secs]
764,103: [GC (Allocation Failure)  72867K->41459K(141312K), 0,0011459 secs]
764,126: [GC (Allocation Failure)  68083K->47299K(141312K), 0,0026364 secs]
764,161: [GC (Allocation Failure)  73923K->42483K(141312K), 0,0019214 secs]
764,185: [GC (Allocation Failure)  69107K->48291K(140288K), 0,0029294 secs]
764,221: [GC (Allocation Failure)  73891K->42451K(140800K), 0,0057055 secs]
764,248: [GC (Allocation Failure)  68051K->47235K(140288K), 0,0025177 secs]
764,283: [GC (Allocation Failure)  72835K->41363K(140800K), 0,0017254 secs]
764,307: [GC (Allocation Failure)  66963K->46147K(141312K), 0,0055254 secs]
764,345: [GC (Allocation Failure)  72259K->40867K(140800K), 0,0007984 secs]
764,368: [GC (Allocation Failure)  66979K->46163K(141312K), 0,0013726 secs]
764,406: [GC (Allocation Failure)  72787K->41347K(141312K), 0,0027579 secs]
764,437: [GC (Allocation Failure)  67971K->47155K(141312K), 0,0061941 secs]
764,479: [GC (Allocation Failure)  73779K->42347K(141312K), 0,0018261 secs]
764,506: [GC (Allocation Failure)  68971K->48219K(139776K), 0,0035863 secs]
764,542: [GC (Allocation Failure)  73819K->42347K(140800K), 0,0012100 secs]
764,565: [GC (Allocation Failure)  67947K->47099K(141312K), 0,0019663 secs]
764,600: [GC (Allocation Failure)  73723K->42315K(141312K), 0,0039009 secs]
764,627: [GC (Allocation Failure)  68939K->48123K(140288K), 0,0024837 secs]
764,666: [GC (Allocation Failure)  73723K->42347K(140800K), 0,0032404 secs]
764,698: [GC (Allocation Failure)  67947K->47075K(140288K), 0,0043879 secs]
764,740: [GC (Allocation Failure)  72675K->41275K(140800K), 0,0044832 secs]
764,767: [GC (Allocation Failure)  66875K->46027K(141312K), 0,0019846 secs]
764,802: [GC (Allocation Failure)  72651K->41211K(141312K), 0,0011267 secs]
764,826: [GC (Allocation Failure)  67835K->47051K(141312K), 0,0019084 secs]
764,860: [GC (Allocation Failure)  73675K->42235K(141312K), 0,0012188 secs]
764,885: [GC (Allocation Failure)  68859K->48043K(139776K), 0,0023657 secs]
764,920: [GC (Allocation Failure)  73643K->42267K(140800K), 0,0012822 secs]
764,944: [GC (Allocation Failure)  67867K->46987K(141312K), 0,0018878 secs]
764,979: [GC (Allocation Failure)  73611K->42171K(141312K), 0,0023638 secs]
765,005: [GC (Allocation Failure)  68795K->48011K(140288K), 0,0038881 secs]
765,041: [GC (Allocation Failure)  73611K->42171K(140800K), 0,0011815 secs]
765,066: [GC (Allocation Failure)  67771K->46931K(141312K), 0,0065699 secs]
765,105: [GC (Allocation Failure)  73555K->42123K(141312K), 0,0030971 secs]
765,130: [GC (Allocation Failure)  68747K->47963K(140288K), 0,0017416 secs]
765,165: [GC (Allocation Failure)  73563K->42155K(140800K), 0,0008974 secs]
765,188: [GC (Allocation Failure)  67755K->46939K(141312K), 0,0015897 secs]
765,223: [GC (Allocation Failure)  73563K->42091K(141312K), 0,0023978 secs]
765,247: [GC (Allocation Failure)  68715K->47899K(141312K), 0,0018052 secs]
765,282: [GC (Allocation Failure)  74523K->43115K(141312K), 0,0022862 secs]
765,306: [GC (Allocation Failure)  69739K->48955K(140288K), 0,0020807 secs]
765,341: [GC (Allocation Failure)  74555K->43091K(140800K), 0,0010888 secs]
765,364: [GC (Allocation Failure)  68691K->47875K(140288K), 0,0030045 secs]
765,400: [GC (Allocation Failure)  73475K->42067K(140800K), 0,0025051 secs]
765,424: [GC (Allocation Failure)  67667K->46819K(141312K), 0,0015675 secs]
765,459: [GC (Allocation Failure)  73443K->42003K(141312K), 0,0034034 secs]
765,484: [GC (Allocation Failure)  68627K->47843K(140288K), 0,0017173 secs]
765,519: [GC (Allocation Failure)  73443K->41971K(140800K), 0,0009295 secs]
765,542: [GC (Allocation Failure)  67571K->46787K(141312K), 0,0033070 secs]
765,577: [GC (Allocation Failure)  73411K->41947K(141312K), 0,0013038 secs]
765,599: [GC (Allocation Failure)  68571K->47819K(141312K), 0,0013336 secs]
765,631: [GC (Allocation Failure)  74443K->42971K(141312K), 0,0007822 secs]
765,652: [GC (Allocation Failure)  69595K->48811K(139776K), 0,0021959 secs]
765,686: [GC (Allocation Failure)  74411K->42939K(140800K), 0,0015587 secs]
765,709: [GC (Allocation Failure)  68539K->47723K(141312K), 0,0023664 secs]
765,744: [GC (Allocation Failure)  74347K->42939K(141312K), 0,0008530 secs]
765,767: [GC (Allocation Failure)  69563K->48747K(140288K), 0,0023477 secs]
765,801: [GC (Allocation Failure)  74347K->42939K(140800K), 0,0016129 secs]
765,824: [GC (Allocation Failure)  68539K->47699K(140288K), 0,0014368 secs]
765,857: [GC (Allocation Failure)  73299K->41859K(140800K), 0,0042213 secs]
765,883: [GC (Allocation Failure)  67459K->46643K(141312K), 0,0028041 secs]
765,923: [GC (Allocation Failure)  73267K->41827K(141312K), 0,0026597 secs]
765,954: [GC (Allocation Failure)  68451K->47635K(141312K), 0,0045500 secs]
765,993: [GC (Allocation Failure)  74259K->42851K(141312K), 0,0041738 secs]
766,021: [GC (Allocation Failure)  69475K->48691K(139776K), 0,0026674 secs]
766,056: [GC (Allocation Failure)  74291K->42819K(140800K), 0,0029171 secs]
766,081: [GC (Allocation Failure)  68419K->47571K(141312K), 0,0062363 secs]
766,120: [GC (Allocation Failure)  74195K->42787K(141312K), 0,0054158 secs]
766,147: [GC (Allocation Failure)  69411K->48627K(140288K), 0,0016663 secs]
766,182: [GC (Allocation Failure)  74227K->42787K(140800K), 0,0009131 secs]
766,205: [GC (Allocation Failure)  68387K->47539K(141312K), 0,0054485 secs]
766,243: [GC (Allocation Failure)  74163K->42723K(141312K), 0,0023093 secs]
766,267: [GC (Allocation Failure)  69347K->48595K(140288K), 0,0016869 secs]
766,302: [GC (Allocation Failure)  74195K->42739K(140800K), 0,0032841 secs]
766,331: [GC (Allocation Failure)  68339K->47523K(141312K), 0,0041952 secs]
766,373: [GC (Allocation Failure)  74147K->42707K(141312K), 0,0086021 secs]
766,405: [GC (Allocation Failure)  69331K->48515K(141312K), 0,0029103 secs]
766,441: [GC (Allocation Failure)  75139K->43731K(141312K), 0,0019170 secs]
766,465: [GC (Allocation Failure)  70355K->49515K(140288K), 0,0016089 secs]
766,499: [GC (Allocation Failure)  75115K->43739K(140800K), 0,0009684 secs]
766,522: [GC (Allocation Failure)  69339K->48459K(140288K), 0,0035868 secs]
766,560: [GC (Allocation Failure)  74059K->42619K(140800K), 0,0057642 secs]
766,589: [GC (Allocation Failure)  68219K->47435K(141312K), 0,0017741 secs]
766,624: [GC (Allocation Failure)  74059K->42587K(141312K), 0,0028981 secs]
766,650: [GC (Allocation Failure)  69211K->48427K(141312K), 0,0037054 secs]
766,686: [GC (Allocation Failure)  75051K->43579K(141312K), 0,0032596 secs]
766,713: [GC (Allocation Failure)  70203K->49419K(140288K), 0,0027001 secs]
766,748: [GC (Allocation Failure)  75019K->43611K(140800K), 0,0031620 secs]
766,774: [GC (Allocation Failure)  69211K->48363K(140288K), 0,0026118 secs]
766,810: [GC (Allocation Failure)  73963K->42331K(140800K), 0,0010623 secs]
766,833: [GC (Allocation Failure)  67931K->47147K(141312K), 0,0025218 secs]
766,867: [GC (Allocation Failure)  73771K->42299K(141312K), 0,0012811 secs]
766,894: [GC (Allocation Failure)  68923K->48139K(141312K), 0,0045940 secs]
766,936: [GC (Allocation Failure)  74763K->43291K(141312K), 0,0028491 secs]
766,966: [GC (Allocation Failure)  69915K->49107K(139776K), 0,0028612 secs]
767,002: [GC (Allocation Failure)  74707K->43235K(140800K), 0,0011654 secs]
767,026: [GC (Allocation Failure)  68835K->47987K(141312K), 0,0029648 secs]
767,066: [GC (Allocation Failure)  74611K->43203K(141312K), 0,0028990 secs]
767,096: [GC (Allocation Failure)  69827K->49019K(141312K), 0,0028825 secs]
767,134: [GC (Allocation Failure)  75643K->44203K(141312K), 0,0017502 secs]
767,161: [GC (Allocation Failure)  70827K->50083K(140288K), 0,0028364 secs]
767,198: [GC (Allocation Failure)  75683K->44211K(140800K), 0,0040132 secs]
767,226: [GC (Allocation Failure)  69811K->48995K(140288K), 0,0036050 secs]
767,264: [GC (Allocation Failure)  74595K->43155K(140800K), 0,0029920 secs]
767,292: [GC (Allocation Failure)  68755K->47939K(141312K), 0,0024990 secs]
767,327: [GC (Allocation Failure)  74051K->42579K(140800K), 0,0042012 secs]
767,353: [GC (Allocation Failure)  68691K->47875K(141312K), 0,0034760 secs]
767,390: [GC (Allocation Failure)  74499K->43091K(141312K), 0,0012213 secs]
767,414: [GC (Allocation Failure)  69715K->48931K(141312K), 0,0020084 secs]
767,448: [GC (Allocation Failure)  75555K->44115K(141312K), 0,0014514 secs]
767,473: [GC (Allocation Failure)  70739K->49955K(140288K), 0,0023014 secs]
767,508: [GC (Allocation Failure)  75555K->44115K(140800K), 0,0028566 secs]
767,533: [GC (Allocation Failure)  69715K->48835K(140288K), 0,0019798 secs]
767,570: [GC (Allocation Failure)  74435K->42995K(140800K), 0,0037577 secs]
767,596: [GC (Allocation Failure)  68595K->47811K(141312K), 0,0017805 secs]
767,631: [GC (Allocation Failure)  74435K->42995K(141312K), 0,0011476 secs]
767,655: [GC (Allocation Failure)  69619K->48835K(141312K), 0,0020122 secs]
767,693: [GC (Allocation Failure)  75459K->43987K(141312K), 0,0056887 secs]
767,727: [GC (Allocation Failure)  70611K->49827K(140288K), 0,0081913 secs]
767,769: [GC (Allocation Failure)  75427K->44019K(140800K), 0,0017568 secs]
767,795: [GC (Allocation Failure)  69619K->48771K(141312K), 0,0041445 secs]
767,837: [GC (Allocation Failure)  75395K->43987K(141312K), 0,0028912 secs]
767,868: [GC (Allocation Failure)  70611K->49795K(140288K), 0,0032776 secs]
767,905: [GC (Allocation Failure)  75395K->43955K(140800K), 0,0016267 secs]
767,931: [GC (Allocation Failure)  69555K->48707K(141312K), 0,0027290 secs]
767,968: [GC (Allocation Failure)  75331K->43923K(141312K), 0,0016565 secs]
767,994: [GC (Allocation Failure)  70547K->49699K(140288K), 0,0050607 secs]
768,032: [GC (Allocation Failure)  75299K->43907K(140800K), 0,0011942 secs]
768,057: [GC (Allocation Failure)  69507K->48659K(141312K), 0,0059031 secs]
768,096: [GC (Allocation Failure)  75283K->43891K(141312K), 0,0010200 secs]
768,119: [GC (Allocation Failure)  70515K->49699K(140288K), 0,0070156 secs]
768,159: [GC (Allocation Failure)  75299K->43859K(140800K), 0,0018387 secs]
768,183: [GC (Allocation Failure)  69459K->48683K(141312K), 0,0014215 secs]
768,217: [GC (Allocation Failure)  75307K->43867K(141312K), 0,0045056 secs]
768,243: [GC (Allocation Failure)  70491K->49675K(140288K), 0,0016435 secs]
768,278: [GC (Allocation Failure)  75275K->43835K(140800K), 0,0014062 secs]
768,301: [GC (Allocation Failure)  69435K->48587K(141312K), 0,0033608 secs]
768,337: [GC (Allocation Failure)  75211K->43803K(141312K), 0,0017952 secs]
768,362: [GC (Allocation Failure)  70427K->49611K(141312K), 0,0015667 secs]
768,395: [GC (Allocation Failure)  76235K->44795K(141312K), 0,0044153 secs]
768,421: [GC (Allocation Failure)  71419K->50603K(140288K), 0,0018780 secs]
768,456: [GC (Allocation Failure)  76203K->44795K(140800K), 0,0011361 secs]
768,479: [GC (Allocation Failure)  70395K->49611K(140288K), 0,0016859 secs]
768,514: [GC (Allocation Failure)  75211K->43707K(140800K), 0,0030874 secs]
768,539: [GC (Allocation Failure)  69307K->48491K(141312K), 0,0026828 secs]
768,575: [GC (Allocation Failure)  74603K->43171K(140800K), 0,0008840 secs]
768,598: [GC (Allocation Failure)  69283K->48499K(141312K), 0,0024536 secs]
768,633: [GC (Allocation Failure)  75123K->43651K(141312K), 0,0008934 secs]
768,656: [GC (Allocation Failure)  70275K->49491K(141312K), 0,0028564 secs]
768,692: [GC (Allocation Failure)  76115K->44739K(141312K), 0,0010373 secs]
768,715: [GC (Allocation Failure)  71363K->50515K(139776K), 0,0018027 secs]
768,750: [GC (Allocation Failure)  76115K->44643K(140800K), 0,0021234 secs]
768,774: [GC (Allocation Failure)  70243K->49459K(140288K), 0,0016070 secs]
768,809: [GC (Allocation Failure)  75059K->43619K(140800K), 0,0022581 secs]
768,833: [GC (Allocation Failure)  69219K->48371K(141312K), 0,0014280 secs]
768,871: [GC (Allocation Failure)  74995K->43587K(141312K), 0,0040507 secs]
768,900: [GC (Allocation Failure)  70211K->49427K(141312K), 0,0018735 secs]
768,935: [GC (Allocation Failure)  76051K->44579K(141312K), 0,0023793 secs]
768,961: [GC (Allocation Failure)  71203K->50387K(139776K), 0,0036825 secs]
768,997: [GC (Allocation Failure)  75987K->44555K(140800K), 0,0022173 secs]
769,021: [GC (Allocation Failure)  70155K->49339K(141312K), 0,0029878 secs]
769,057: [GC (Allocation Failure)  75963K->44523K(141312K), 0,0072240 secs]
769,088: [GC (Allocation Failure)  71147K->50363K(140288K), 0,0024284 secs]
769,123: [GC (Allocation Failure)  75963K->44523K(140800K), 0,0022859 secs]
769,147: [GC (Allocation Failure)  70123K->49275K(141312K), 0,0036539 secs]
769,184: [GC (Allocation Failure)  75899K->44491K(141312K), 0,0045042 secs]
769,212: [GC (Allocation Failure)  71115K->50299K(140288K), 0,0021296 secs]
769,246: [GC (Allocation Failure)  75899K->44459K(140800K), 0,0011580 secs]
769,269: [GC (Allocation Failure)  70059K->49243K(141312K), 0,0034539 secs]
769,306: [GC (Allocation Failure)  75867K->44427K(141312K), 0,0027153 secs]
769,332: [GC (Allocation Failure)  71051K->50267K(140288K), 0,0022002 secs]
769,366: [GC (Allocation Failure)  75867K->44395K(140800K), 0,0027967 secs]
769,391: [GC (Allocation Failure)  69995K->49211K(141312K), 0,0019849 secs]
769,426: [GC (Allocation Failure)  75835K->44427K(141312K), 0,0011202 secs]
769,450: [GC (Allocation Failure)  71051K->50203K(141312K), 0,0036191 secs]
769,486: [GC (Allocation Failure)  76827K->45387K(141312K), 0,0012859 secs]
769,511: [GC (Allocation Failure)  72011K->51227K(140288K), 0,0028381 secs]
769,546: [GC (Allocation Failure)  76827K->45355K(140800K), 0,0048855 secs]
769,573: [GC (Allocation Failure)  70955K->50139K(140288K), 0,0042345 secs]
769,611: [GC (Allocation Failure)  75739K->44299K(140800K), 0,0025215 secs]
769,637: [GC (Allocation Failure)  69899K->49083K(141312K), 0,0030597 secs]
769,673: [GC (Allocation Failure)  75195K->43755K(140800K), 0,0012833 secs]
769,697: [GC (Allocation Failure)  69867K->49083K(141312K), 0,0037697 secs]
769,734: [GC (Allocation Failure)  75707K->44299K(141312K), 0,0011960 secs]
769,759: [GC (Allocation Failure)  70923K->50115K(141312K), 0,0020999 secs]
769,795: [GC (Allocation Failure)  76739K->45267K(141312K), 0,0025855 secs]
769,821: [GC (Allocation Failure)  71891K->51075K(139776K), 0,0036453 secs]
769,859: [GC (Allocation Failure)  76675K->45267K(140800K), 0,0030065 secs]
769,890: [GC (Allocation Failure)  70867K->50051K(141312K), 0,0044316 secs]
769,930: [GC (Allocation Failure)  76675K->45267K(141312K), 0,0012003 secs]
769,954: [GC (Allocation Failure)  71891K->51075K(140288K), 0,0020816 secs]
769,988: [GC (Allocation Failure)  76675K->45251K(140800K), 0,0013574 secs]
770,013: [GC (Allocation Failure)  70851K->50067K(140288K), 0,0021288 secs]
770,047: [GC (Allocation Failure)  75667K->44163K(140800K), 0,0026370 secs]
770,076: [GC (Allocation Failure)  69763K->48947K(141312K), 0,0041009 secs]
770,117: [GC (Allocation Failure)  75571K->44195K(141312K), 0,0014540 secs]
770,143: [GC (Allocation Failure)  70819K->49947K(141312K), 0,0025900 secs]
770,180: [GC (Allocation Failure)  76571K->45163K(141312K), 0,0017590 secs]
770,206: [GC (Allocation Failure)  71787K->50971K(139776K), 0,0027974 secs]
770,242: [GC (Allocation Failure)  76571K->45131K(140800K), 0,0016500 secs]
770,269: [GC (Allocation Failure)  70731K->49923K(141312K), 0,0026495 secs]
770,305: [GC (Allocation Failure)  76547K->45107K(141312K), 0,0063951 secs]
770,336: [GC (Allocation Failure)  71731K->50955K(140288K), 0,0027403 secs]
770,374: [GC (Allocation Failure)  76555K->45131K(140800K), 0,0017058 secs]
770,401: [GC (Allocation Failure)  70731K->49883K(141312K), 0,0048949 secs]
770,439: [GC (Allocation Failure)  76507K->45099K(141312K), 0,0019418 secs]
770,464: [GC (Allocation Failure)  71723K->50939K(140288K), 0,0020615 secs]
770,498: [GC (Allocation Failure)  76539K->45147K(140800K), 0,0012975 secs]
770,522: [GC (Allocation Failure)  70747K->49867K(141312K), 0,0030412 secs]
770,558: [GC (Allocation Failure)  76491K->45051K(141312K), 0,0032667 secs]
770,586: [GC (Allocation Failure)  71675K->50859K(141312K), 0,0036682 secs]
770,622: [GC (Allocation Failure)  77483K->46043K(141312K), 0,0010263 secs]
770,645: [GC (Allocation Failure)  72667K->51923K(140288K), 0,0018493 secs]
770,680: [GC (Allocation Failure)  77523K->46051K(140800K), 0,0037315 secs]
770,710: [GC (Allocation Failure)  71651K->50835K(140288K), 0,0044977 secs]
770,747: [GC (Allocation Failure)  76435K->44995K(140800K), 0,0030471 secs]
770,774: [GC (Allocation Failure)  70595K->49747K(141312K), 0,0024352 secs]
770,809: [GC (Allocation Failure)  75859K->44259K(140800K), 0,0037790 secs]
770,836: [GC (Allocation Failure)  70371K->49563K(141312K), 0,0051075 secs]
770,873: [GC (Allocation Failure)  76187K->44747K(141312K), 0,0013230 secs]
770,895: [GC (Allocation Failure)  71371K->50555K(140800K), 0,0017519 secs]
770,927: [GC (Allocation Failure)  77179K->45739K(141312K), 0,0007709 secs]
770,948: [GC (Allocation Failure)  72363K->51547K(139776K), 0,0014553 secs]
770,981: [GC (Allocation Failure)  77147K->45643K(140800K), 0,0015180 secs]
771,004: [GC (Allocation Failure)  71243K->50395K(141312K), 0,0021910 secs]
771,039: [GC (Allocation Failure)  77019K->45579K(141312K), 0,0014746 secs]
771,063: [GC (Allocation Failure)  72203K->51451K(140288K), 0,0070509 secs]
771,104: [GC (Allocation Failure)  77051K->45587K(140800K), 0,0058800 secs]
771,132: [GC (Allocation Failure)  71187K->50435K(141312K), 0,0019401 secs]
771,167: [GC (Allocation Failure)  77059K->45587K(141312K), 0,0011908 secs]
771,192: [GC (Allocation Failure)  72211K->51395K(140288K), 0,0033171 secs]
771,228: [GC (Allocation Failure)  76995K->45587K(140800K), 0,0027812 secs]
771,253: [GC (Allocation Failure)  71187K->50339K(141312K), 0,0028497 secs]
771,287: [GC (Allocation Failure)  76963K->45523K(141312K), 0,0007463 secs]
771,308: [GC (Allocation Failure)  72147K->51363K(140288K), 0,0014692 secs]
771,342: [GC (Allocation Failure)  76963K->45523K(140800K), 0,0007153 secs]
771,364: [GC (Allocation Failure)  71123K->50275K(141312K), 0,0029276 secs]
771,400: [GC (Allocation Failure)  76899K->45491K(141312K), 0,0006757 secs]
771,422: [GC (Allocation Failure)  72115K->51307K(141312K), 0,0014414 secs]
771,455: [GC (Allocation Failure)  77931K->46555K(141312K), 0,0009681 secs]
771,478: [GC (Allocation Failure)  73179K->52363K(140288K), 0,0015302 secs]
771,511: [GC (Allocation Failure)  77963K->46523K(140800K), 0,0008759 secs]
771,533: [GC (Allocation Failure)  72123K->51243K(140288K), 0,0049934 secs]
771,570: [GC (Allocation Failure)  76843K->45403K(140800K), 0,0028796 secs]
771,595: [GC (Allocation Failure)  71003K->50195K(141312K), 0,0013278 secs]
771,629: [GC (Allocation Failure)  76819K->45411K(141312K), 0,0009947 secs]
771,651: [GC (Allocation Failure)  72035K->51187K(141312K), 0,0060510 secs]
771,690: [GC (Allocation Failure)  77811K->46435K(141312K), 0,0009252 secs]
771,713: [GC (Allocation Failure)  73059K->52243K(140288K), 0,0015848 secs]
771,747: [GC (Allocation Failure)  77843K->46411K(140800K), 0,0020787 secs]
771,771: [GC (Allocation Failure)  72011K->51195K(140288K), 0,0027278 secs]
771,807: [GC (Allocation Failure)  76795K->45323K(140800K), 0,0020197 secs]
771,831: [GC (Allocation Failure)  70923K->50107K(141312K), 0,0015271 secs]
771,866: [GC (Allocation Failure)  76731K->45291K(141312K), 0,0008825 secs]
771,889: [GC (Allocation Failure)  71915K->51139K(141312K), 0,0015571 secs]
771,924: [GC (Allocation Failure)  77763K->46339K(141312K), 0,0009624 secs]
771,947: [GC (Allocation Failure)  72963K->52147K(139776K), 0,0018882 secs]
771,982: [GC (Allocation Failure)  77747K->46307K(140800K), 0,0031986 secs]
772,007: [GC (Allocation Failure)  71907K->51091K(141312K), 0,0016331 secs]
772,042: [GC (Allocation Failure)  77715K->46315K(141312K), 0,0009865 secs]
772,066: [GC (Allocation Failure)  72939K->52131K(140288K), 0,0018152 secs]
772,100: [GC (Allocation Failure)  77731K->46259K(140800K), 0,0041048 secs]
772,126: [GC (Allocation Failure)  71859K->51075K(141312K), 0,0043471 secs]
772,163: [GC (Allocation Failure)  77699K->46259K(141312K), 0,0023424 secs]
772,187: [GC (Allocation Failure)  72883K->52099K(140288K), 0,0018779 secs]
772,222: [GC (Allocation Failure)  77699K->46267K(140800K), 0,0011058 secs]
772,245: [GC (Allocation Failure)  71867K->50987K(141312K), 0,0048764 secs]
772,283: [GC (Allocation Failure)  77611K->46203K(141312K), 0,0023895 secs]
772,307: [GC (Allocation Failure)  72827K->52043K(140288K), 0,0035702 secs]
772,344: [GC (Allocation Failure)  77643K->46235K(140800K), 0,0010627 secs]
772,367: [GC (Allocation Failure)  71835K->50987K(141312K), 0,0018500 secs]
772,402: [GC (Allocation Failure)  77611K->46235K(141312K), 0,0010802 secs]
772,425: [GC (Allocation Failure)  72859K->51979K(140288K), 0,0037961 secs]
772,462: [GC (Allocation Failure)  77579K->46139K(140800K), 0,0025241 secs]
772,487: [GC (Allocation Failure)  71739K->50955K(141312K), 0,0017281 secs]
772,522: [GC (Allocation Failure)  77579K->46139K(141312K), 0,0024179 secs]
772,547: [GC (Allocation Failure)  72763K->51915K(141312K), 0,0043494 secs]
772,584: [GC (Allocation Failure)  78539K->47195K(141312K), 0,0012042 secs]
772,608: [GC (Allocation Failure)  73819K->52971K(140288K), 0,0019767 secs]
772,642: [GC (Allocation Failure)  78571K->47099K(140800K), 0,0012020 secs]
772,665: [GC (Allocation Failure)  72699K->51915K(140288K), 0,0018115 secs]
772,700: [GC (Allocation Failure)  77515K->46075K(140800K), 0,0025042 secs]
772,725: [GC (Allocation Failure)  71675K->50827K(141312K), 0,0019965 secs]
772,760: [GC (Allocation Failure)  77451K->46011K(141312K), 0,0036762 secs]
772,786: [GC (Allocation Failure)  72635K->51851K(141312K), 0,0017469 secs]
772,821: [GC (Allocation Failure)  78475K->47035K(141312K), 0,0071427 secs]
772,851: [GC (Allocation Failure)  73659K->52843K(140288K), 0,0024379 secs]
772,886: [GC (Allocation Failure)  78443K->47003K(140800K), 0,0032367 secs]
772,911: [GC (Allocation Failure)  72603K->51819K(140288K), 0,0018980 secs]
772,946: [GC (Allocation Failure)  77419K->45915K(140800K), 0,0023370 secs]
772,970: [GC (Allocation Failure)  71515K->50699K(141312K), 0,0043932 secs]
773,008: [GC (Allocation Failure)  77323K->45915K(141312K), 0,0012663 secs]
773,031: [GC (Allocation Failure)  72539K->51755K(141312K), 0,0018046 secs]
773,070: [GC (Allocation Failure)  78379K->46947K(141312K), 0,0070501 secs]
773,102: [GC (Allocation Failure)  73571K->52763K(139776K), 0,0028780 secs]
773,138: [GC (Allocation Failure)  78363K->46923K(140800K), 0,0073698 secs]
773,168: [GC (Allocation Failure)  72523K->51739K(141312K), 0,0032151 secs]
773,204: [GC (Allocation Failure)  78363K->46891K(141312K), 0,0067684 secs]
773,232: [GC (Allocation Failure)  73515K->52667K(140288K), 0,0029727 secs]
773,268: [GC (Allocation Failure)  78267K->46891K(140800K), 0,0010203 secs]
773,291: [GC (Allocation Failure)  72491K->51651K(141312K), 0,0013107 secs]
773,324: [GC (Allocation Failure)  78275K->46875K(141312K), 0,0052662 secs]
773,351: [GC (Allocation Failure)  73499K->52683K(140288K), 0,0015202 secs]
773,386: [GC (Allocation Failure)  78283K->46875K(140800K), 0,0008045 secs]
773,409: [GC (Allocation Failure)  72475K->51627K(141312K), 0,0024939 secs]
773,444: [GC (Allocation Failure)  78251K->46851K(141312K), 0,0008282 secs]
773,467: [GC (Allocation Failure)  73475K->52691K(140288K), 0,0016650 secs]
773,502: [GC (Allocation Failure)  78291K->46787K(140800K), 0,0016077 secs]
773,526: [GC (Allocation Failure)  72387K->51571K(141312K), 0,0015514 secs]
773,560: [GC (Allocation Failure)  78195K->46755K(141312K), 0,0036954 secs]
773,585: [GC (Allocation Failure)  73379K->52595K(141312K), 0,0013504 secs]
773,618: [GC (Allocation Failure)  79219K->47811K(141312K), 0,0015365 secs]
773,641: [GC (Allocation Failure)  74435K->53587K(140288K), 0,0022508 secs]
773,676: [GC (Allocation Failure)  79187K->47747K(140800K), 0,0018430 secs]
773,699: [GC (Allocation Failure)  73347K->52563K(140288K), 0,0015030 secs]
773,731: [GC (Allocation Failure)  78163K->46723K(140800K), 0,0021913 secs]
773,755: [GC (Allocation Failure)  72323K->51515K(141312K), 0,0015714 secs]
773,789: [GC (Allocation Failure)  77627K->46187K(140800K), 0,0007612 secs]
773,811: [GC (Allocation Failure)  72299K->51451K(141312K), 0,0017632 secs]
773,846: [GC (Allocation Failure)  78075K->46667K(141312K), 0,0016867 secs]
773,869: [GC (Allocation Failure)  73291K->52475K(140800K), 0,0025068 secs]
773,904: [GC (Allocation Failure)  79099K->47739K(141312K), 0,0009605 secs]
773,927: [GC (Allocation Failure)  74363K->53483K(139776K), 0,0029221 secs]
773,963: [GC (Allocation Failure)  79083K->47707K(140800K), 0,0010860 secs]
773,986: [GC (Allocation Failure)  73307K->52427K(141312K), 0,0015718 secs]
774,021: [GC (Allocation Failure)  79051K->47643K(141312K), 0,0023625 secs]
774,045: [GC (Allocation Failure)  74267K->53419K(140288K), 0,0063499 secs]
774,086: [GC (Allocation Failure)  79019K->47643K(140800K), 0,0018369 secs]
774,113: [GC (Allocation Failure)  73243K->52395K(140288K), 0,0048303 secs]
774,152: [GC (Allocation Failure)  77995K->46587K(140800K), 0,0016023 secs]
774,177: [GC (Allocation Failure)  72187K->51339K(141312K), 0,0050444 secs]
774,216: [GC (Allocation Failure)  77963K->46523K(141312K), 0,0041407 secs]
774,245: [GC (Allocation Failure)  73147K->52331K(141312K), 0,0048181 secs]
774,282: [GC (Allocation Failure)  78955K->47547K(141312K), 0,0023497 secs]
774,308: [GC (Allocation Failure)  74171K->53387K(140800K), 0,0021475 secs]
774,342: [GC (Allocation Failure)  80011K->48539K(141312K), 0,0014139 secs]
774,367: [GC (Allocation Failure)  75163K->54347K(140288K), 0,0039635 secs]
774,408: [GC (Allocation Failure)  79947K->48539K(140800K), 0,0027432 secs]
774,434: [GC (Allocation Failure)  74139K->53291K(140288K), 0,0028064 secs]
774,474: [GC (Allocation Failure)  78891K->47451K(140800K), 0,0036684 secs]
774,506: [GC (Allocation Failure)  73051K->52235K(140800K), 0,0057764 secs]
774,546: [GC (Allocation Failure)  77835K->46427K(140800K), 0,0036703 secs]
774,576: [GC (Allocation Failure)  72027K->51211K(141312K), 0,0026064 secs]
774,612: [GC (Allocation Failure)  77835K->46395K(141312K), 0,0028380 secs]
774,637: [GC (Allocation Failure)  73019K->52203K(141312K), 0,0019063 secs]
774,672: [GC (Allocation Failure)  78827K->47427K(141312K), 0,0011666 secs]
774,697: [GC (Allocation Failure)  74051K->53203K(140800K), 0,0019470 secs]
774,731: [GC (Allocation Failure)  79827K->48387K(141312K), 0,0032957 secs]
774,758: [GC (Allocation Failure)  75011K->54227K(139776K), 0,0038726 secs]
774,794: [GC (Allocation Failure)  79827K->48195K(140800K), 0,0070202 secs]
774,823: [GC (Allocation Failure)  73795K->52979K(140288K), 0,0026407 secs]
774,858: [GC (Allocation Failure)  78579K->47139K(140800K), 0,0007029 secs]
774,879: [GC (Allocation Failure)  72739K->51891K(141312K), 0,0020299 secs]
774,914: [GC (Allocation Failure)  78515K->47043K(141312K), 0,0022166 secs]
774,937: [GC (Allocation Failure)  73667K->52883K(141312K), 0,0014223 secs]
774,971: [GC (Allocation Failure)  79507K->48131K(141312K), 0,0007763 secs]
774,993: [GC (Allocation Failure)  74755K->53939K(139776K), 0,0015547 secs]
775,025: [GC (Allocation Failure)  79539K->48067K(140800K), 0,0007755 secs]
775,047: [GC (Allocation Failure)  73667K->52851K(141312K), 0,0015926 secs]
775,080: [GC (Allocation Failure)  79475K->48035K(141312K), 0,0009442 secs]
775,103: [GC (Allocation Failure)  74659K->53843K(140288K), 0,0047083 secs]
775,139: [GC (Allocation Failure)  79443K->48067K(140800K), 0,0008253 secs]
775,162: [GC (Allocation Failure)  73667K->52819K(141312K), 0,0023186 secs]
775,196: [GC (Allocation Failure)  79443K->48003K(141312K), 0,0016615 secs]
775,219: [GC (Allocation Failure)  74627K->53843K(140288K), 0,0024170 secs]
775,253: [GC (Allocation Failure)  79443K->48003K(140800K), 0,0008096 secs]
775,276: [GC (Allocation Failure)  73603K->52755K(141312K), 0,0063237 secs]
775,314: [GC (Allocation Failure)  79379K->47939K(141312K), 0,0008215 secs]
775,336: [GC (Allocation Failure)  74563K->53747K(140288K), 0,0024148 secs]
775,370: [GC (Allocation Failure)  79347K->47939K(140800K), 0,0032118 secs]
775,394: [GC (Allocation Failure)  73539K->52691K(141312K), 0,0023995 secs]
775,428: [GC (Allocation Failure)  79315K->47907K(141312K), 0,0007917 secs]
775,450: [GC (Allocation Failure)  74531K->53715K(140288K), 0,0035783 secs]
775,486: [GC (Allocation Failure)  79315K->47875K(140800K), 0,0019925 secs]
775,510: [GC (Allocation Failure)  73475K->52659K(141312K), 0,0014376 secs]
775,544: [GC (Allocation Failure)  79283K->47843K(141312K), 0,0019056 secs]
775,568: [GC (Allocation Failure)  74467K->53651K(141312K), 0,0025444 secs]
775,603: [GC (Allocation Failure)  80275K->48867K(141312K), 0,0029554 secs]
775,628: [GC (Allocation Failure)  75491K->54675K(140288K), 0,0036123 secs]
775,665: [GC (Allocation Failure)  80275K->48867K(140800K), 0,0011093 secs]
775,688: [GC (Allocation Failure)  74467K->53619K(140288K), 0,0015647 secs]
775,721: [GC (Allocation Failure)  79219K->47747K(140800K), 0,0046473 secs]
775,747: [GC (Allocation Failure)  73347K->52571K(141312K), 0,0014552 secs]
775,780: [GC (Allocation Failure)  79195K->47755K(141312K), 0,0018266 secs]
775,804: [GC (Allocation Failure)  74379K->53595K(141312K), 0,0015139 secs]
775,842: [GC (Allocation Failure)  80219K->48747K(141312K), 0,0030418 secs]
775,869: [GC (Allocation Failure)  75371K->54587K(140288K), 0,0028060 secs]
775,904: [GC (Allocation Failure)  80187K->48747K(140800K), 0,0038616 secs]
775,930: [GC (Allocation Failure)  74347K->53531K(140288K), 0,0018622 secs]
775,965: [GC (Allocation Failure)  79131K->47659K(140800K), 0,0039693 secs]
775,991: [GC (Allocation Failure)  73259K->52475K(141312K), 0,0026299 secs]
776,026: [GC (Allocation Failure)  79099K->47691K(141312K), 0,0040026 secs]
776,052: [GC (Allocation Failure)  74315K->53467K(141312K), 0,0035961 secs]
776,088: [GC (Allocation Failure)  80091K->48651K(141312K), 0,0032336 secs]
776,113: [GC (Allocation Failure)  75275K->54499K(140288K), 0,0016434 secs]
776,147: [GC (Allocation Failure)  80099K->48659K(140800K), 0,0019953 secs]
776,171: [GC (Allocation Failure)  74259K->53451K(141312K), 0,0015624 secs]
776,205: [GC (Allocation Failure)  80075K->48635K(141312K), 0,0019513 secs]
776,229: [GC (Allocation Failure)  75259K->54443K(140288K), 0,0016648 secs]
776,264: [GC (Allocation Failure)  80043K->48603K(140800K), 0,0020925 secs]
776,288: [GC (Allocation Failure)  74203K->53419K(141312K), 0,0025761 secs]
776,323: [GC (Allocation Failure)  80043K->48571K(141312K), 0,0019598 secs]
776,347: [GC (Allocation Failure)  75195K->54443K(140288K), 0,0016636 secs]
776,382: [GC (Allocation Failure)  80043K->48571K(140800K), 0,0009285 secs]
776,405: [GC (Allocation Failure)  74171K->53355K(141312K), 0,0014700 secs]
776,439: [GC (Allocation Failure)  79979K->48571K(141312K), 0,0008865 secs]
776,462: [GC (Allocation Failure)  75195K->54347K(140288K), 0,0025775 secs]
776,497: [GC (Allocation Failure)  79947K->48539K(140800K), 0,0019395 secs]
776,521: [GC (Allocation Failure)  74139K->53291K(141312K), 0,0024456 secs]
776,556: [GC (Allocation Failure)  79915K->48539K(141312K), 0,0029131 secs]
776,587: [GC (Allocation Failure)  75163K->54283K(140288K), 0,0047839 secs]
776,629: [GC (Allocation Failure)  79883K->48475K(140800K), 0,0028590 secs]
776,660: [GC (Allocation Failure)  74075K->53227K(141312K), 0,0030005 secs]
776,697: [GC (Allocation Failure)  79851K->48443K(141312K), 0,0015873 secs]
776,723: [GC (Allocation Failure)  75067K->54283K(141312K), 0,0027736 secs]
776,759: [GC (Allocation Failure)  80907K->49435K(141312K), 0,0042674 secs]
776,788: [GC (Allocation Failure)  76059K->55275K(140288K), 0,0029085 secs]
776,826: [GC (Allocation Failure)  80875K->49435K(140800K), 0,0017486 secs]
776,852: [GC (Allocation Failure)  75035K->54219K(140288K), 0,0026156 secs]
776,889: [GC (Allocation Failure)  79819K->48379K(140800K), 0,0016344 secs]
776,915: [GC (Allocation Failure)  73979K->53163K(141312K), 0,0082656 secs]
776,956: [GC (Allocation Failure)  79787K->48315K(141312K), 0,0057100 secs]
776,984: [GC (Allocation Failure)  74939K->54155K(141312K), 0,0029219 secs]
777,020: [GC (Allocation Failure)  80779K->49339K(141312K), 0,0011194 secs]
777,043: [GC (Allocation Failure)  75963K->55179K(140288K), 0,0030092 secs]
777,079: [GC (Allocation Failure)  80779K->49339K(140800K), 0,0010675 secs]
777,102: [GC (Allocation Failure)  74939K->54091K(140288K), 0,0016050 secs]
777,137: [GC (Allocation Failure)  79691K->48283K(140800K), 0,0008783 secs]
777,160: [GC (Allocation Failure)  73883K->53067K(141312K), 0,0014956 secs]
777,195: [GC (Allocation Failure)  79691K->48219K(141312K), 0,0034230 secs]
777,220: [GC (Allocation Failure)  74843K->54067K(141312K), 0,0016273 secs]
777,255: [GC (Allocation Failure)  80691K->49291K(141312K), 0,0010574 secs]
777,278: [GC (Allocation Failure)  75915K->55099K(139776K), 0,0031478 secs]
777,314: [GC (Allocation Failure)  80699K->49227K(140800K), 0,0010311 secs]
777,337: [GC (Allocation Failure)  74827K->54019K(141312K), 0,0015823 secs]
777,372: [GC (Allocation Failure)  80643K->49267K(141312K), 0,0009785 secs]
777,395: [GC (Allocation Failure)  75891K->55083K(140288K), 0,0017268 secs]
777,430: [GC (Allocation Failure)  80683K->49211K(140800K), 0,0009615 secs]
777,453: [GC (Allocation Failure)  74811K->53995K(141312K), 0,0030300 secs]
777,489: [GC (Allocation Failure)  80619K->49179K(141312K), 0,0030033 secs]
777,514: [GC (Allocation Failure)  75803K->55019K(140288K), 0,0017451 secs]
777,553: [GC (Allocation Failure)  80619K->49147K(140800K), 0,0067602 secs]
777,583: [GC (Allocation Failure)  74747K->53931K(141312K), 0,0022541 secs]
777,616: [GC (Allocation Failure)  80555K->49115K(141312K), 0,0009617 secs]
777,638: [GC (Allocation Failure)  75739K->54955K(140288K), 0,0026690 secs]
777,672: [GC (Allocation Failure)  80555K->49115K(140800K), 0,0009956 secs]
777,695: [GC (Allocation Failure)  74715K->53899K(141312K), 0,0019127 secs]
777,728: [GC (Allocation Failure)  80523K->49083K(141312K), 0,0006779 secs]
777,749: [GC (Allocation Failure)  75707K->54891K(141312K), 0,0020673 secs]
777,784: [GC (Allocation Failure)  81515K->50075K(141312K), 0,0009108 secs]
777,806: [GC (Allocation Failure)  76699K->55915K(140288K), 0,0016716 secs]
777,839: [GC (Allocation Failure)  81515K->50075K(140800K), 0,0016646 secs]
777,862: [GC (Allocation Failure)  75675K->54827K(140288K), 0,0027429 secs]
777,898: [GC (Allocation Failure)  80427K->49019K(140800K), 0,0017092 secs]
777,922: [GC (Allocation Failure)  74619K->53811K(141312K), 0,0013722 secs]
777,956: [GC (Allocation Failure)  79923K->48499K(140800K), 0,0009479 secs]
777,979: [GC (Allocation Failure)  74611K->53803K(141312K), 0,0015847 secs]
778,014: [GC (Allocation Failure)  80427K->49019K(141312K), 0,0009110 secs]
778,037: [GC (Allocation Failure)  75643K->54763K(141312K), 0,0027135 secs]
778,076: [GC (Allocation Failure)  81387K->50011K(141312K), 0,0032457 secs]
778,107: [GC (Allocation Failure)  76635K->55851K(139776K), 0,0052491 secs]
778,145: [GC (Allocation Failure)  81451K->49979K(140800K), 0,0031395 secs]
778,171: [GC (Allocation Failure)  75579K->54763K(141312K), 0,0020248 secs]
778,205: [GC (Allocation Failure)  81387K->49979K(141312K), 0,0012499 secs]
778,229: [GC (Allocation Failure)  76603K->55787K(140288K), 0,0021240 secs]
778,263: [GC (Allocation Failure)  81387K->49979K(140800K), 0,0012720 secs]
778,288: [GC (Allocation Failure)  75579K->54739K(140288K), 0,0019876 secs]
778,322: [GC (Allocation Failure)  80339K->48867K(140800K), 0,0037951 secs]
778,348: [GC (Allocation Failure)  74467K->53651K(141312K), 0,0017692 secs]
778,383: [GC (Allocation Failure)  80275K->48835K(141312K), 0,0011132 secs]
778,409: [GC (Allocation Failure)  75459K->54675K(141312K), 0,0020405 secs]
778,443: [GC (Allocation Failure)  81299K->49859K(141312K), 0,0019299 secs]
778,468: [GC (Allocation Failure)  76483K->55667K(139776K), 0,0055177 secs]
778,506: [GC (Allocation Failure)  81267K->49859K(140800K), 0,0012213 secs]
778,531: [GC (Allocation Failure)  75459K->54643K(141312K), 0,0019853 secs]
778,565: [GC (Allocation Failure)  81267K->49835K(141312K), 0,0030491 secs]
778,596: [GC (Allocation Failure)  76459K->55651K(140288K), 0,0048779 secs]
778,638: [GC (Allocation Failure)  81251K->49811K(140800K), 0,0042472 secs]
778,670: [GC (Allocation Failure)  75411K->54595K(141312K), 0,0027109 secs]
778,707: [GC (Allocation Failure)  81219K->49779K(141312K), 0,0016537 secs]
778,734: [GC (Allocation Failure)  76403K->55587K(140288K), 0,0035841 secs]
778,771: [GC (Allocation Failure)  81187K->49747K(140800K), 0,0024267 secs]
778,798: [GC (Allocation Failure)  75347K->54371K(141312K), 0,0018556 secs]
778,831: [GC (Allocation Failure)  80995K->49587K(141312K), 0,0006796 secs]
778,852: [GC (Allocation Failure)  76211K->55363K(141312K), 0,0022009 secs]
778,885: [GC (Allocation Failure)  81987K->50547K(141312K), 0,0008336 secs]
778,907: [GC (Allocation Failure)  77171K->56323K(139776K), 0,0023268 secs]
778,942: [GC (Allocation Failure)  81923K->50451K(140800K), 0,0007926 secs]
778,964: [GC (Allocation Failure)  76051K->55203K(140288K), 0,0013475 secs]
778,996: [GC (Allocation Failure)  80803K->49331K(140800K), 0,0012218 secs]
779,018: [GC (Allocation Failure)  74931K->54091K(141312K), 0,0014156 secs]
779,051: [GC (Allocation Failure)  80715K->49275K(141312K), 0,0023933 secs]
779,075: [GC (Allocation Failure)  75899K->55115K(141312K), 0,0039786 secs]
779,112: [GC (Allocation Failure)  81739K->50331K(141312K), 0,0018480 secs]
779,136: [GC (Allocation Failure)  76955K->56139K(139776K), 0,0026286 secs]
779,169: [GC (Allocation Failure)  81739K->50299K(140800K), 0,0040072 secs]
779,194: [GC (Allocation Failure)  75899K->55083K(141312K), 0,0022530 secs]
779,228: [GC (Allocation Failure)  81707K->50267K(141312K), 0,0033119 secs]
779,253: [GC (Allocation Failure)  76891K->56075K(140288K), 0,0022696 secs]
779,287: [GC (Allocation Failure)  81675K->50267K(140800K), 0,0022270 secs]
779,311: [GC (Allocation Failure)  75867K->55019K(141312K), 0,0016347 secs]
779,345: [GC (Allocation Failure)  81643K->50235K(141312K), 0,0008401 secs]
779,368: [GC (Allocation Failure)  76859K->56043K(140288K), 0,0015324 secs]
779,402: [GC (Allocation Failure)  81643K->50203K(140800K), 0,0016369 secs]
779,425: [GC (Allocation Failure)  75803K->54987K(141312K), 0,0022557 secs]
779,460: [GC (Allocation Failure)  81611K->50171K(141312K), 0,0016391 secs]
779,483: [GC (Allocation Failure)  76795K->56011K(140288K), 0,0015928 secs]
779,517: [GC (Allocation Failure)  81611K->50179K(140800K), 0,0007969 secs]
779,539: [GC (Allocation Failure)  75779K->54971K(141312K), 0,0014005 secs]
779,573: [GC (Allocation Failure)  81595K->50163K(141312K), 0,0006885 secs]
779,595: [GC (Allocation Failure)  76787K->56011K(141312K), 0,0014970 secs]
779,629: [GC (Allocation Failure)  82635K->51163K(141312K), 0,0017246 secs]
779,652: [GC (Allocation Failure)  77787K->56971K(140288K), 0,0017132 secs]
779,687: [GC (Allocation Failure)  82571K->51171K(140800K), 0,0021187 secs]
779,711: [GC (Allocation Failure)  76771K->55923K(140288K), 0,0025297 secs]
779,746: [GC (Allocation Failure)  81523K->50083K(140800K), 0,0008649 secs]
779,769: [GC (Allocation Failure)  75683K->54899K(141312K), 0,0019723 secs]
779,804: [GC (Allocation Failure)  81523K->50083K(141312K), 0,0010920 secs]
779,827: [GC (Allocation Failure)  76707K->55891K(141312K), 0,0027357 secs]
779,863: [GC (Allocation Failure)  82515K->51107K(141312K), 0,0009879 secs]
779,886: [GC (Allocation Failure)  77731K->56915K(140288K), 0,0017821 secs]
779,921: [GC (Allocation Failure)  82515K->51075K(140800K), 0,0009796 secs]
779,944: [GC (Allocation Failure)  76675K->55827K(140288K), 0,0028341 secs]
779,980: [GC (Allocation Failure)  81427K->49987K(140800K), 0,0024828 secs]
780,005: [GC (Allocation Failure)  75587K->54771K(141312K), 0,0016057 secs]
780,040: [GC (Allocation Failure)  81395K->49987K(141312K), 0,0010693 secs]
780,065: [GC (Allocation Failure)  76611K->55795K(141312K), 0,0044519 secs]
780,107: [GC (Allocation Failure)  82419K->51019K(141312K), 0,0031440 secs]
780,139: [GC (Allocation Failure)  77643K->56795K(140288K), 0,0064542 secs]
780,179: [GC (Allocation Failure)  82395K->50987K(140800K), 0,0028890 secs]
780,204: [GC (Allocation Failure)  76587K->55771K(141312K), 0,0019516 secs]
780,239: [GC (Allocation Failure)  82395K->50971K(141312K), 0,0018974 secs]
780,264: [GC (Allocation Failure)  77595K->56795K(140288K), 0,0026827 secs]
780,299: [GC (Allocation Failure)  82395K->50955K(140800K), 0,0013475 secs]
780,324: [GC (Allocation Failure)  76555K->55707K(141312K), 0,0023827 secs]
780,359: [GC (Allocation Failure)  82331K->50923K(141312K), 0,0015299 secs]
780,384: [GC (Allocation Failure)  77547K->56739K(140288K), 0,0025690 secs]
780,419: [GC (Allocation Failure)  82339K->50931K(140800K), 0,0015871 secs]
780,444: [GC (Allocation Failure)  76531K->55683K(141312K), 0,0047941 secs]
780,482: [GC (Allocation Failure)  82307K->50931K(141312K), 0,0015114 secs]
780,507: [GC (Allocation Failure)  77555K->56707K(140288K), 0,0026002 secs]
780,542: [GC (Allocation Failure)  82307K->50899K(140800K), 0,0014708 secs]
780,570: [GC (Allocation Failure)  76499K->55683K(141312K), 0,0043095 secs]
780,612: [GC (Allocation Failure)  82307K->50835K(141312K), 0,0028546 secs]
780,643: [GC (Allocation Failure)  77459K->56675K(140288K), 0,0054724 secs]
780,681: [GC (Allocation Failure)  82275K->50875K(140800K), 0,0009958 secs]
780,704: [GC (Allocation Failure)  76475K->55595K(141312K), 0,0015782 secs]
780,739: [GC (Allocation Failure)  82219K->50811K(141312K), 0,0021391 secs]
780,763: [GC (Allocation Failure)  77435K->56619K(141312K), 0,0031103 secs]
780,799: [GC (Allocation Failure)  83243K->51835K(141312K), 0,0011202 secs]
780,822: [GC (Allocation Failure)  78459K->57579K(140288K), 0,0026754 secs]
780,858: [GC (Allocation Failure)  83179K->51771K(140800K), 0,0023493 secs]
780,882: [GC (Allocation Failure)  77371K->56555K(140288K), 0,0019130 secs]
780,917: [GC (Allocation Failure)  82155K->50715K(140800K), 0,0055428 secs]
780,951: [GC (Allocation Failure)  76315K->55467K(141312K), 0,0065029 secs]
780,990: [GC (Allocation Failure)  82091K->50683K(141312K), 0,0023475 secs]
781,014: [GC (Allocation Failure)  77307K->56523K(141312K), 0,0020789 secs]
781,049: [GC (Allocation Failure)  83147K->51739K(141312K), 0,0010552 secs]
781,072: [GC (Allocation Failure)  78363K->57523K(140288K), 0,0029743 secs]
781,108: [GC (Allocation Failure)  83123K->51691K(140800K), 0,0010258 secs]
781,131: [GC (Allocation Failure)  77291K->56475K(140288K), 0,0029076 secs]
781,167: [GC (Allocation Failure)  82075K->50635K(140800K), 0,0022515 secs]
781,191: [GC (Allocation Failure)  76235K->55419K(141312K), 0,0014998 secs]
781,225: [GC (Allocation Failure)  82043K->50603K(141312K), 0,0022885 secs]
781,249: [GC (Allocation Failure)  77227K->56451K(141312K), 0,0017606 secs]
781,284: [GC (Allocation Failure)  83075K->51635K(141312K), 0,0057255 secs]
781,311: [GC (Allocation Failure)  78259K->57443K(139776K), 0,0028130 secs]
781,346: [GC (Allocation Failure)  83043K->51635K(140800K), 0,0009143 secs]
781,369: [GC (Allocation Failure)  77235K->56419K(141312K), 0,0014766 secs]
781,403: [GC (Allocation Failure)  83043K->51571K(141312K), 0,0008523 secs]
781,426: [GC (Allocation Failure)  78195K->57411K(140288K), 0,0054587 secs]
781,464: [GC (Allocation Failure)  83011K->51571K(140800K), 0,0019593 secs]
781,488: [GC (Allocation Failure)  77171K->56323K(141312K), 0,0032619 secs]
781,525: [GC (Allocation Failure)  82947K->51539K(141312K), 0,0045122 secs]
781,551: [GC (Allocation Failure)  78163K->57315K(140288K), 0,0022555 secs]
781,585: [GC (Allocation Failure)  82915K->51539K(140800K), 0,0017909 secs]
781,608: [GC (Allocation Failure)  77139K->56259K(141312K), 0,0019991 secs]
781,642: [GC (Allocation Failure)  82883K->51475K(141312K), 0,0014306 secs]
781,665: [GC (Allocation Failure)  78099K->57283K(140288K), 0,0032446 secs]
781,700: [GC (Allocation Failure)  82883K->51475K(140800K), 0,0013357 secs]
781,722: [GC (Allocation Failure)  77075K->56259K(141312K), 0,0028619 secs]
781,758: [GC (Allocation Failure)  82883K->51443K(141312K), 0,0023597 secs]
781,782: [GC (Allocation Failure)  78067K->57283K(140288K), 0,0016165 secs]
781,816: [GC (Allocation Failure)  82883K->51443K(140800K), 0,0011280 secs]
781,838: [GC (Allocation Failure)  77043K->56203K(141312K), 0,0013179 secs]
781,872: [GC (Allocation Failure)  82827K->51427K(141312K), 0,0007360 secs]
781,895: [GC (Allocation Failure)  78051K->57203K(141312K), 0,0023846 secs]
781,930: [GC (Allocation Failure)  83827K->52419K(141312K), 0,0019559 secs]
781,953: [GC (Allocation Failure)  79043K->58235K(140288K), 0,0015633 secs]
781,987: [GC (Allocation Failure)  83835K->52427K(140800K), 0,0008813 secs]
782,010: [GC (Allocation Failure)  78027K->57179K(140288K), 0,0014275 secs]
782,043: [GC (Allocation Failure)  82779K->51339K(140800K), 0,0007653 secs]
782,065: [GC (Allocation Failure)  76939K->56123K(141312K), 0,0013416 secs]
782,099: [GC (Allocation Failure)  82747K->51275K(141312K), 0,0015578 secs]
782,122: [GC (Allocation Failure)  77899K->57115K(141312K), 0,0014697 secs]
782,156: [GC (Allocation Failure)  83739K->52331K(141312K), 0,0009293 secs]
782,178: [GC (Allocation Failure)  78955K->58107K(140288K), 0,0067910 secs]
782,218: [GC (Allocation Failure)  83707K->52331K(140800K), 0,0007801 secs]
782,239: [GC (Allocation Failure)  77931K->57051K(140288K), 0,0015350 secs]
782,273: [GC (Allocation Failure)  82651K->51243K(140800K), 0,0015666 secs]
782,296: [GC (Allocation Failure)  76843K->56027K(141312K), 0,0012986 secs]
782,329: [GC (Allocation Failure)  82651K->51219K(141312K), 0,0007780 secs]
782,350: [GC (Allocation Failure)  77843K->57027K(141312K), 0,0014998 secs]
782,383: [GC (Allocation Failure)  83651K->52211K(141312K), 0,0017144 secs]
782,405: [GC (Allocation Failure)  78835K->58019K(139776K), 0,0025361 secs]
782,439: [GC (Allocation Failure)  83619K->52243K(140800K), 0,0007485 secs]
782,462: [GC (Allocation Failure)  77843K->56995K(141312K), 0,0015145 secs]
782,496: [GC (Allocation Failure)  83619K->52211K(141312K), 0,0010079 secs]
782,519: [GC (Allocation Failure)  78835K->58019K(140288K), 0,0033379 secs]
782,556: [GC (Allocation Failure)  83619K->52203K(140800K), 0,0030383 secs]
782,587: [GC (Allocation Failure)  77803K->56963K(141312K), 0,0036644 secs]
782,624: [GC (Allocation Failure)  83587K->52147K(141312K), 0,0028851 secs]
782,650: [GC (Allocation Failure)  78771K->57955K(140288K), 0,0023738 secs]
782,685: [GC (Allocation Failure)  83555K->52147K(140800K), 0,0028072 secs]
782,710: [GC (Allocation Failure)  77747K->56899K(141312K), 0,0032536 secs]
782,747: [GC (Allocation Failure)  83523K->52115K(141312K), 0,0023215 secs]
782,773: [GC (Allocation Failure)  78739K->57923K(140288K), 0,0051656 secs]
782,810: [GC (Allocation Failure)  83523K->51891K(140800K), 0,0029900 secs]
782,835: [GC (Allocation Failure)  77491K->56707K(141312K), 0,0049204 secs]
782,872: [GC (Allocation Failure)  83331K->51891K(141312K), 0,0016570 secs]
782,894: [GC (Allocation Failure)  78515K->57675K(141312K), 0,0015096 secs]
782,927: [GC (Allocation Failure)  84299K->52859K(141312K), 0,0014094 secs]
782,950: [GC (Allocation Failure)  79483K->58675K(140288K), 0,0023782 secs]
782,983: [GC (Allocation Failure)  84275K->52803K(140800K), 0,0022384 secs]
783,007: [GC (Allocation Failure)  78403K->57619K(140288K), 0,0017601 secs]
783,041: [GC (Allocation Failure)  83219K->51747K(140800K), 0,0013350 secs]
783,064: [GC (Allocation Failure)  77347K->56563K(141312K), 0,0012389 secs]
783,097: [GC (Allocation Failure)  83187K->51747K(141312K), 0,0022460 secs]
783,120: [GC (Allocation Failure)  78371K->57619K(141312K), 0,0013593 secs]
783,153: [GC (Allocation Failure)  84243K->52771K(141312K), 0,0030630 secs]
783,178: [GC (Allocation Failure)  79395K->58611K(139776K), 0,0015701 secs]
783,212: [GC (Allocation Failure)  84211K->52771K(140800K), 0,0008668 secs]
783,234: [GC (Allocation Failure)  78371K->57523K(141312K), 0,0022094 secs]
783,269: [GC (Allocation Failure)  84147K->52707K(141312K), 0,0040465 secs]
783,295: [GC (Allocation Failure)  79331K->58579K(140288K), 0,0016250 secs]
783,328: [GC (Allocation Failure)  84179K->52675K(140800K), 0,0018395 secs]
783,351: [GC (Allocation Failure)  78275K->57491K(141312K), 0,0020449 secs]
783,390: [GC (Allocation Failure)  84115K->52675K(141312K), 0,0037697 secs]
783,419: [GC (Allocation Failure)  79299K->58483K(140288K), 0,0043235 secs]
783,456: [GC (Allocation Failure)  84083K->52643K(140800K), 0,0019379 secs]
783,484: [GC (Allocation Failure)  78243K->57435K(141312K), 0,0051867 secs]
783,522: [GC (Allocation Failure)  84059K->52667K(141312K), 0,0009942 secs]
783,545: [GC (Allocation Failure)  79291K->58475K(140288K), 0,0066524 secs]
783,585: [GC (Allocation Failure)  84075K->52603K(140800K), 0,0018125 secs]
783,609: [GC (Allocation Failure)  78203K->57419K(141312K), 0,0014946 secs]
783,643: [GC (Allocation Failure)  84043K->52635K(141312K), 0,0008333 secs]
783,670: [GC (Allocation Failure)  79259K->58411K(140288K), 0,0045961 secs]
783,712: [GC (Allocation Failure)  84011K->52603K(140800K), 0,0028038 secs]
783,743: [GC (Allocation Failure)  78203K->57355K(141312K), 0,0047060 secs]
783,785: [GC (Allocation Failure)  83979K->52547K(141312K), 0,0028009 secs]
783,816: [GC (Allocation Failure)  79171K->58363K(141312K), 0,0040084 secs]
783,853: [GC (Allocation Failure)  84987K->53579K(141312K), 0,0018179 secs]
783,880: [GC (Allocation Failure)  80203K->59387K(140288K), 0,0029495 secs]
783,918: [GC (Allocation Failure)  84987K->53547K(140800K), 0,0039948 secs]
783,947: [GC (Allocation Failure)  79147K->58331K(140288K), 0,0026837 secs]
783,984: [GC (Allocation Failure)  83931K->52491K(140800K), 0,0065697 secs]
784,014: [GC (Allocation Failure)  78091K->57275K(141312K), 0,0025397 secs]
784,051: [GC (Allocation Failure)  83899K->52491K(141312K), 0,0015742 secs]
784,076: [GC (Allocation Failure)  79115K->58267K(141312K), 0,0057845 secs]
784,117: [GC (Allocation Failure)  84891K->53483K(141312K), 0,0045633 secs]
784,146: [GC (Allocation Failure)  80107K->59267K(140288K), 0,0028164 secs]
784,182: [GC (Allocation Failure)  84867K->53499K(140800K), 0,0007844 secs]
784,203: [GC (Allocation Failure)  79099K->58251K(140288K), 0,0014986 secs]
784,236: [GC (Allocation Failure)  83851K->52411K(140800K), 0,0014630 secs]
784,258: [GC (Allocation Failure)  78011K->57203K(141312K), 0,0011966 secs]
784,292: [GC (Allocation Failure)  83827K->52387K(141312K), 0,0036123 secs]
784,317: [GC (Allocation Failure)  79011K->58195K(141312K), 0,0013940 secs]
784,351: [GC (Allocation Failure)  84819K->53379K(141312K), 0,0007665 secs]
784,372: [GC (Allocation Failure)  80003K->59219K(139776K), 0,0014599 secs]
784,404: [GC (Allocation Failure)  84819K->53387K(140800K), 0,0009121 secs]
784,426: [GC (Allocation Failure)  78987K->58139K(141312K), 0,0014346 secs]
784,460: [GC (Allocation Failure)  84763K->53355K(141312K), 0,0007961 secs]
784,483: [GC (Allocation Failure)  79979K->59195K(140288K), 0,0032321 secs]
784,518: [GC (Allocation Failure)  84795K->53323K(140800K), 0,0031860 secs]
784,543: [GC (Allocation Failure)  78923K->58107K(141312K), 0,0013589 secs]
784,581: [GC (Allocation Failure)  84731K->53291K(141312K), 0,0080083 secs]
784,617: [GC (Allocation Failure)  79915K->59131K(140288K), 0,0045963 secs]
784,655: [GC (Allocation Failure)  84731K->53291K(140800K), 0,0033866 secs]
784,680: [GC (Allocation Failure)  78891K->58083K(141312K), 0,0014211 secs]
784,714: [GC (Allocation Failure)  84707K->53299K(141312K), 0,0017829 secs]
784,738: [GC (Allocation Failure)  79923K->59107K(140288K), 0,0016032 secs]
784,772: [GC (Allocation Failure)  84707K->53275K(140800K), 0,0072469 secs]
784,801: [GC (Allocation Failure)  78875K->58027K(141312K), 0,0021874 secs]
784,835: [GC (Allocation Failure)  84651K->53211K(141312K), 0,0007675 secs]
784,858: [GC (Allocation Failure)  79835K->59019K(141312K), 0,0023144 secs]
784,893: [GC (Allocation Failure)  85643K->54235K(141312K), 0,0042959 secs]
784,918: [GC (Allocation Failure)  80859K->60043K(140288K), 0,0016320 secs]
784,951: [GC (Allocation Failure)  85643K->54203K(140800K), 0,0018341 secs]
784,975: [GC (Allocation Failure)  79803K->58987K(140288K), 0,0015052 secs]
785,009: [GC (Allocation Failure)  84587K->53147K(140800K), 0,0043459 secs]
785,035: [GC (Allocation Failure)  78747K->57931K(141312K), 0,0020847 secs]
785,071: [GC (Allocation Failure)  84043K->52619K(140800K), 0,0026615 secs]
785,099: [GC (Allocation Failure)  78731K->57915K(141312K), 0,0034606 secs]
785,135: [GC (Allocation Failure)  84539K->53107K(141312K), 0,0042575 secs]
785,161: [GC (Allocation Failure)  79731K->58979K(141312K), 0,0016285 secs]
785,196: [GC (Allocation Failure)  85603K->54131K(141312K), 0,0036490 secs]
785,222: [GC (Allocation Failure)  80755K->59939K(139776K), 0,0030480 secs]
785,258: [GC (Allocation Failure)  85539K->54099K(140800K), 0,0047243 secs]
785,285: [GC (Allocation Failure)  79699K->58915K(140288K), 0,0016127 secs]
785,324: [GC (Allocation Failure)  84515K->53051K(140800K), 0,0029268 secs]
785,355: [GC (Allocation Failure)  78651K->57867K(141312K), 0,0041859 secs]
785,395: [GC (Allocation Failure)  84491K->53019K(141312K), 0,0011135 secs]
785,418: [GC (Allocation Failure)  79643K->58827K(141312K), 0,0030691 secs]
785,454: [GC (Allocation Failure)  85451K->54083K(141312K), 0,0012918 secs]
785,479: [GC (Allocation Failure)  80707K->59891K(139776K), 0,0025235 secs]
785,514: [GC (Allocation Failure)  85491K->54051K(140800K), 0,0042274 secs]
785,542: [GC (Allocation Failure)  79651K->58803K(141312K), 0,0049888 secs]
785,579: [GC (Allocation Failure)  85427K->53987K(141312K), 0,0007282 secs]
785,600: [GC (Allocation Failure)  80611K->59795K(140288K), 0,0041554 secs]
785,641: [GC (Allocation Failure)  85395K->53987K(140800K), 0,0060720 secs]
785,671: [GC (Allocation Failure)  79587K->58739K(141312K), 0,0035101 secs]
785,710: [GC (Allocation Failure)  85363K->53955K(141312K), 0,0013452 secs]
785,735: [GC (Allocation Failure)  80579K->59763K(140288K), 0,0022620 secs]
785,770: [GC (Allocation Failure)  85363K->53939K(140800K), 0,0013394 secs]
785,795: [GC (Allocation Failure)  79539K->58723K(141312K), 0,0020683 secs]
785,831: [GC (Allocation Failure)  85347K->53971K(141312K), 0,0017764 secs]
785,858: [GC (Allocation Failure)  80595K->59715K(140288K), 0,0050776 secs]
785,896: [GC (Allocation Failure)  85315K->53955K(140800K), 0,0016647 secs]
785,922: [GC (Allocation Failure)  79555K->58675K(141312K), 0,0073110 secs]
785,962: [GC (Allocation Failure)  85299K->53939K(141312K), 0,0012582 secs]
785,986: [GC (Allocation Failure)  80563K->59747K(141312K), 0,0019978 secs]
786,020: [GC (Allocation Failure)  86371K->54899K(141312K), 0,0013697 secs]
786,045: [GC (Allocation Failure)  81523K->60739K(140288K), 0,0024610 secs]
786,080: [GC (Allocation Failure)  86339K->54899K(140800K), 0,0028318 secs]
786,106: [GC (Allocation Failure)  80499K->59683K(140288K), 0,0021213 secs]
786,140: [GC (Allocation Failure)  85283K->53843K(140800K), 0,0042433 secs]
786,167: [GC (Allocation Failure)  79443K->58627K(141312K), 0,0019429 secs]
786,202: [GC (Allocation Failure)  84739K->53299K(140800K), 0,0029919 secs]
786,227: [GC (Allocation Failure)  79411K->58595K(141312K), 0,0030878 secs]
786,263: [GC (Allocation Failure)  85219K->53779K(141312K), 0,0022792 secs]
786,289: [GC (Allocation Failure)  80403K->59587K(141312K), 0,0038564 secs]
786,325: [GC (Allocation Failure)  86211K->54771K(141312K), 0,0032510 secs]
786,352: [GC (Allocation Failure)  81395K->60619K(139776K), 0,0021405 secs]
786,386: [GC (Allocation Failure)  86219K->54779K(140800K), 0,0012398 secs]
786,411: [GC (Allocation Failure)  80379K->59563K(140288K), 0,0020543 secs]
786,445: [GC (Allocation Failure)  85163K->53691K(140800K), 0,0016253 secs]
786,469: [GC (Allocation Failure)  79291K->58539K(141312K), 0,0021886 secs]
786,505: [GC (Allocation Failure)  85163K->53691K(141312K), 0,0010938 secs]
786,528: [GC (Allocation Failure)  80315K->59531K(141312K), 0,0019825 secs]
786,563: [GC (Allocation Failure)  86155K->54683K(141312K), 0,0031368 secs]
786,591: [GC (Allocation Failure)  81307K->60491K(139776K), 0,0047728 secs]
786,628: [GC (Allocation Failure)  86091K->54683K(140800K), 0,0013216 secs]
786,652: [GC (Allocation Failure)  80283K->59467K(141312K), 0,0019835 secs]
786,687: [GC (Allocation Failure)  86091K->54651K(141312K), 0,0011968 secs]
786,712: [GC (Allocation Failure)  81275K->60459K(140288K), 0,0026068 secs]
786,747: [GC (Allocation Failure)  86059K->54619K(140800K), 0,0016255 secs]
786,772: [GC (Allocation Failure)  80219K->59371K(141312K), 0,0049650 secs]
786,809: [GC (Allocation Failure)  85995K->54363K(141312K), 0,0024590 secs]
786,833: [GC (Allocation Failure)  80987K->60243K(140288K), 0,0014004 secs]
786,866: [GC (Allocation Failure)  85843K->54403K(140800K), 0,0014534 secs]
786,888: [GC (Allocation Failure)  80003K->59155K(141312K), 0,0012946 secs]
786,922: [GC (Allocation Failure)  85779K->54339K(141312K), 0,0007133 secs]
786,944: [GC (Allocation Failure)  80963K->60179K(140288K), 0,0021114 secs]
786,977: [GC (Allocation Failure)  85779K->54339K(140800K), 0,0023342 secs]
787,001: [GC (Allocation Failure)  79939K->59155K(141312K), 0,0012542 secs]
787,035: [GC (Allocation Failure)  85779K->54307K(141312K), 0,0015616 secs]
787,059: [GC (Allocation Failure)  80931K->60147K(141312K), 0,0046645 secs]
787,102: [GC (Allocation Failure)  86771K->55363K(141312K), 0,0031686 secs]
787,133: [GC (Allocation Failure)  81987K->61107K(140288K), 0,0080328 secs]
787,179: [GC (Allocation Failure)  86707K->55299K(140800K), 0,0034028 secs]
787,207: [GC (Allocation Failure)  80899K->60091K(140288K), 0,0025701 secs]
787,242: [GC (Allocation Failure)  85691K->54251K(140800K), 0,0035323 secs]
787,268: [GC (Allocation Failure)  79851K->59003K(141312K), 0,0028154 secs]
787,304: [GC (Allocation Failure)  85627K->54219K(141312K), 0,0009313 secs]
787,329: [GC (Allocation Failure)  80843K->60059K(141312K), 0,0017253 secs]
787,364: [GC (Allocation Failure)  86683K->55243K(141312K), 0,0074226 secs]
787,393: [GC (Allocation Failure)  81867K->61019K(140288K), 0,0037533 secs]
787,430: [GC (Allocation Failure)  86619K->55243K(140800K), 0,0009880 secs]
787,453: [GC (Allocation Failure)  80843K->59995K(141312K), 0,0016234 secs]
787,488: [GC (Allocation Failure)  86619K->55211K(141312K), 0,0010781 secs]
787,511: [GC (Allocation Failure)  81835K->61019K(140288K), 0,0031427 secs]
787,547: [GC (Allocation Failure)  86619K->55179K(140800K), 0,0051059 secs]
787,578: [GC (Allocation Failure)  80779K->59931K(141312K), 0,0058183 secs]
787,616: [GC (Allocation Failure)  86555K->55147K(141312K), 0,0011551 secs]
787,639: [GC (Allocation Failure)  81771K->60923K(140288K), 0,0073795 secs]
787,679: [GC (Allocation Failure)  86523K->55115K(140800K), 0,0045540 secs]
787,705: [GC (Allocation Failure)  80715K->59867K(141312K), 0,0022165 secs]
787,740: [GC (Allocation Failure)  86491K->55083K(141312K), 0,0055128 secs]
787,771: [GC (Allocation Failure)  81707K->60923K(140288K), 0,0072366 secs]
787,811: [GC (Allocation Failure)  86523K->55051K(140800K), 0,0022679 secs]
787,835: [GC (Allocation Failure)  80651K->59867K(141312K), 0,0016057 secs]
787,870: [GC (Allocation Failure)  86491K->55051K(141312K), 0,0009541 secs]
787,893: [GC (Allocation Failure)  81675K->60827K(140288K), 0,0030085 secs]
787,929: [GC (Allocation Failure)  86427K->55059K(140800K), 0,0009481 secs]
787,952: [GC (Allocation Failure)  80659K->59779K(141312K), 0,0017254 secs]
787,987: [GC (Allocation Failure)  86403K->55027K(141312K), 0,0010511 secs]
788,010: [GC (Allocation Failure)  81651K->60835K(140288K), 0,0016678 secs]
788,045: [GC (Allocation Failure)  86435K->54963K(140800K), 0,0014393 secs]
788,068: [GC (Allocation Failure)  80563K->59747K(141312K), 0,0028341 secs]
788,104: [GC (Allocation Failure)  86371K->54963K(141312K), 0,0011840 secs]
788,127: [GC (Allocation Failure)  81587K->60771K(141312K), 0,0018329 secs]
788,162: [GC (Allocation Failure)  87395K->55987K(141312K), 0,0024116 secs]
788,186: [GC (Allocation Failure)  82611K->61795K(140288K), 0,0033608 secs]
788,222: [GC (Allocation Failure)  87395K->55963K(140800K), 0,0011083 secs]
788,248: [GC (Allocation Failure)  81563K->60715K(140288K), 0,0028738 secs]
788,284: [GC (Allocation Failure)  86315K->54939K(140800K), 0,0009906 secs]
788,307: [GC (Allocation Failure)  80539K->59659K(141312K), 0,0030254 secs]
788,343: [GC (Allocation Failure)  86283K->54843K(141312K), 0,0009969 secs]
788,366: [GC (Allocation Failure)  81467K->60651K(141312K), 0,0028818 secs]
788,402: [GC (Allocation Failure)  87275K->55835K(141312K), 0,0022880 secs]
788,426: [GC (Allocation Failure)  82459K->61675K(140288K), 0,0049698 secs]
788,464: [GC (Allocation Failure)  87275K->55843K(140800K), 0,0011117 secs]
788,487: [GC (Allocation Failure)  81443K->60635K(140288K), 0,0017056 secs]
788,522: [GC (Allocation Failure)  86235K->54795K(140800K), 0,0026505 secs]
788,547: [GC (Allocation Failure)  80395K->59547K(141312K), 0,0028274 secs]
788,587: [GC (Allocation Failure)  86171K->54763K(141312K), 0,0029563 secs]
788,618: [GC (Allocation Failure)  81387K->60603K(141312K), 0,0045239 secs]
788,659: [GC (Allocation Failure)  87227K->55787K(141312K), 0,0024990 secs]
788,685: [GC (Allocation Failure)  82411K->61627K(139776K), 0,0049890 secs]
788,723: [GC (Allocation Failure)  87227K->55755K(140800K), 0,0047153 secs]
788,750: [GC (Allocation Failure)  81355K->60539K(141312K), 0,0036787 secs]
788,787: [GC (Allocation Failure)  87163K->55723K(141312K), 0,0012941 secs]
788,812: [GC (Allocation Failure)  82347K->61563K(140288K), 0,0037346 secs]
788,848: [GC (Allocation Failure)  87163K->55723K(140800K), 0,0022994 secs]
788,874: [GC (Allocation Failure)  81323K->60507K(141312K), 0,0038589 secs]
788,910: [GC (Allocation Failure)  87131K->55723K(141312K), 0,0028152 secs]
788,936: [GC (Allocation Failure)  82347K->61499K(140288K), 0,0042800 secs]
788,972: [GC (Allocation Failure)  87099K->55667K(140800K), 0,0009965 secs]
788,995: [GC (Allocation Failure)  81267K->60451K(141312K), 0,0017593 secs]
789,030: [GC (Allocation Failure)  87075K->55667K(141312K), 0,0009472 secs]
789,053: [GC (Allocation Failure)  82291K->61451K(140288K), 0,0036520 secs]
789,090: [GC (Allocation Failure)  87051K->55643K(140800K), 0,0035981 secs]
789,116: [GC (Allocation Failure)  81243K->60363K(141312K), 0,0033889 secs]
789,153: [GC (Allocation Failure)  86987K->55579K(141312K), 0,0010992 secs]
789,177: [GC (Allocation Failure)  82203K->61459K(141312K), 0,0018863 secs]
789,211: [GC (Allocation Failure)  88083K->56611K(141312K), 0,0023000 secs]
789,237: [GC (Allocation Failure)  83235K->62451K(140288K), 0,0036118 secs]
789,273: [GC (Allocation Failure)  88051K->56579K(140800K), 0,0040906 secs]
789,300: [GC (Allocation Failure)  82179K->61363K(140288K), 0,0020277 secs]
789,334: [GC (Allocation Failure)  86963K->55491K(140800K), 0,0027306 secs]
789,359: [GC (Allocation Failure)  81091K->60275K(141312K), 0,0073097 secs]
789,400: [GC (Allocation Failure)  86387K->54979K(140800K), 0,0054930 secs]
789,428: [GC (Allocation Failure)  81091K->60307K(141312K), 0,0032862 secs]
789,464: [GC (Allocation Failure)  86931K->55491K(141312K), 0,0025986 secs]
789,489: [GC (Allocation Failure)  82115K->61331K(141312K), 0,0058470 secs]
789,531: [GC (Allocation Failure)  87955K->56451K(141312K), 0,0022240 secs]
789,558: [GC (Allocation Failure)  83075K->62291K(139776K), 0,0034663 secs]
789,593: [GC (Allocation Failure)  87891K->56451K(140800K), 0,0015244 secs]
789,615: [GC (Allocation Failure)  82051K->61267K(140288K), 0,0016367 secs]
789,649: [GC (Allocation Failure)  86867K->55395K(140800K), 0,0023040 secs]
789,673: [GC (Allocation Failure)  80995K->60179K(141312K), 0,0043115 secs]
789,710: [GC (Allocation Failure)  86803K->55363K(141312K), 0,0017011 secs]
789,732: [GC (Allocation Failure)  81987K->61171K(141312K), 0,0014244 secs]
789,765: [GC (Allocation Failure)  87795K->56419K(141312K), 0,0007799 secs]
789,786: [GC (Allocation Failure)  83043K->62235K(139776K), 0,0015041 secs]
789,818: [GC (Allocation Failure)  87835K->56363K(140800K), 0,0059350 secs]
789,846: [GC (Allocation Failure)  81963K->61147K(141312K), 0,0013014 secs]
789,879: [GC (Allocation Failure)  87771K->56331K(141312K), 0,0023339 secs]
789,907: [GC (Allocation Failure)  82955K->62171K(140288K), 0,0046913 secs]
789,949: [GC (Allocation Failure)  87771K->56371K(140800K), 0,0029004 secs]
789,980: [GC (Allocation Failure)  81971K->61131K(141312K), 0,0044725 secs]
790,019: [GC (Allocation Failure)  87755K->56283K(141312K), 0,0032931 secs]
790,046: [GC (Allocation Failure)  82907K->62163K(140288K), 0,0020778 secs]
790,080: [GC (Allocation Failure)  87763K->56291K(140800K), 0,0031231 secs]
790,105: [GC (Allocation Failure)  81891K->61075K(141312K), 0,0020836 secs]
790,140: [GC (Allocation Failure)  87699K->56291K(141312K), 0,0032570 secs]
790,167: [GC (Allocation Failure)  82915K->62099K(140288K), 0,0081178 secs]
790,207: [GC (Allocation Failure)  87699K->56259K(140800K), 0,0010131 secs]
790,230: [GC (Allocation Failure)  81859K->61011K(141312K), 0,0037200 secs]
790,271: [GC (Allocation Failure)  87635K->56227K(141312K), 0,0052295 secs]
790,300: [GC (Allocation Failure)  82851K->62067K(141312K), 0,0021985 secs]
790,335: [GC (Allocation Failure)  88691K->57251K(141312K), 0,0015055 secs]
790,360: [GC (Allocation Failure)  83875K->63027K(140288K), 0,0064064 secs]
790,399: [GC (Allocation Failure)  88627K->57219K(140800K), 0,0023861 secs]
790,423: [GC (Allocation Failure)  82819K->62003K(140288K), 0,0055302 secs]
790,462: [GC (Allocation Failure)  87603K->56195K(140800K), 0,0009713 secs]
790,485: [GC (Allocation Failure)  81795K->60947K(141312K), 0,0016027 secs]
790,520: [GC (Allocation Failure)  87571K->56131K(141312K), 0,0009905 secs]
790,543: [GC (Allocation Failure)  82755K->61939K(141312K), 0,0017717 secs]
790,583: [GC (Allocation Failure)  88563K->57155K(141312K), 0,0031309 secs]
790,614: [GC (Allocation Failure)  83779K->62931K(140288K), 0,0047239 secs]
790,652: [GC (Allocation Failure)  88531K->57123K(140800K), 0,0028470 secs]
790,678: [GC (Allocation Failure)  82723K->61907K(140288K), 0,0019544 secs]
790,712: [GC (Allocation Failure)  87507K->56067K(140800K), 0,0042729 secs]
790,739: [GC (Allocation Failure)  81667K->60819K(141312K), 0,0019011 secs]
790,774: [GC (Allocation Failure)  87443K->56035K(141312K), 0,0011069 secs]
790,800: [GC (Allocation Failure)  82659K->61683K(141312K), 0,0019133 secs]
790,835: [GC (Allocation Failure)  88307K->56835K(141312K), 0,0044762 secs]
790,861: [GC (Allocation Failure)  83459K->62675K(139776K), 0,0028812 secs]
790,895: [GC (Allocation Failure)  88275K->56803K(140800K), 0,0016731 secs]
790,917: [GC (Allocation Failure)  82403K->61555K(141312K), 0,0020755 secs]
790,951: [GC (Allocation Failure)  88179K->56739K(141312K), 0,0050488 secs]
790,982: [GC (Allocation Failure)  83363K->62579K(140288K), 0,0048872 secs]
791,024: [GC (Allocation Failure)  88179K->56771K(140800K), 0,0028379 secs]
791,054: [GC (Allocation Failure)  82371K->61555K(141312K), 0,0025495 secs]
791,092: [GC (Allocation Failure)  88179K->56707K(141312K), 0,0017024 secs]
791,119: [GC (Allocation Failure)  83331K->62579K(140288K), 0,0027693 secs]
791,158: [GC (Allocation Failure)  88179K->56755K(140800K), 0,0029972 secs]
791,187: [GC (Allocation Failure)  82355K->61507K(141312K), 0,0027385 secs]
791,224: [GC (Allocation Failure)  88131K->56723K(141312K), 0,0017069 secs]
791,251: [GC (Allocation Failure)  83347K->62539K(141312K), 0,0027939 secs]
791,287: [GC (Allocation Failure)  89163K->57723K(141312K), 0,0018538 secs]
791,314: [GC (Allocation Failure)  84347K->63563K(140288K), 0,0029432 secs]
791,350: [GC (Allocation Failure)  89163K->57659K(140800K), 0,0033780 secs]
791,380: [GC (Allocation Failure)  83259K->62443K(140288K), 0,0068154 secs]
791,420: [GC (Allocation Failure)  88043K->56635K(140800K), 0,0034365 secs]
791,446: [GC (Allocation Failure)  82235K->61419K(141312K), 0,0020612 secs]
791,481: [GC (Allocation Failure)  88043K->56603K(141312K), 0,0012140 secs]
791,506: [GC (Allocation Failure)  83227K->62411K(141312K), 0,0020486 secs]
791,540: [GC (Allocation Failure)  89035K->57627K(141312K), 0,0013204 secs]
791,564: [GC (Allocation Failure)  84251K->63467K(140288K), 0,0021208 secs]
791,598: [GC (Allocation Failure)  89067K->57595K(140800K), 0,0029025 secs]
791,624: [GC (Allocation Failure)  83195K->62379K(140288K), 0,0020478 secs]
791,658: [GC (Allocation Failure)  87979K->56507K(140800K), 0,0041661 secs]
791,684: [GC (Allocation Failure)  82107K->61323K(141312K), 0,0018296 secs]
791,719: [GC (Allocation Failure)  87947K->56539K(141312K), 0,0011765 secs]
791,744: [GC (Allocation Failure)  83163K->62315K(141312K), 0,0019430 secs]
791,778: [GC (Allocation Failure)  88939K->57531K(141312K), 0,0012500 secs]
791,803: [GC (Allocation Failure)  84155K->63371K(140288K), 0,0026510 secs]
791,838: [GC (Allocation Failure)  88971K->57499K(140800K), 0,0036807 secs]
791,865: [GC (Allocation Failure)  83099K->62251K(141312K), 0,0046320 secs]
791,902: [GC (Allocation Failure)  88875K->57467K(141312K), 0,0036305 secs]
791,929: [GC (Allocation Failure)  84091K->63275K(140288K), 0,0027263 secs]
791,964: [GC (Allocation Failure)  88875K->57483K(140800K), 0,0015810 secs]
791,989: [GC (Allocation Failure)  83083K->62275K(141312K), 0,0023318 secs]
792,024: [GC (Allocation Failure)  88899K->57427K(141312K), 0,0024423 secs]
792,050: [GC (Allocation Failure)  84051K->63267K(140288K), 0,0025779 secs]
792,089: [GC (Allocation Failure)  88867K->57395K(140800K), 0,0061554 secs]
792,120: [GC (Allocation Failure)  82995K->62211K(141312K), 0,0027476 secs]
792,157: [GC (Allocation Failure)  88835K->57427K(141312K), 0,0017492 secs]
792,184: [GC (Allocation Failure)  84051K->63203K(140288K), 0,0028524 secs]
792,220: [GC (Allocation Failure)  88803K->57363K(140800K), 0,0028403 secs]
792,245: [GC (Allocation Failure)  82963K->62147K(141312K), 0,0016419 secs]
792,280: [GC (Allocation Failure)  88771K->57331K(141312K), 0,0054978 secs]
792,308: [GC (Allocation Failure)  83955K->63171K(140288K), 0,0017246 secs]
792,344: [GC (Allocation Failure)  88771K->57371K(140800K), 0,0010158 secs]
792,367: [GC (Allocation Failure)  82971K->62123K(141312K), 0,0015922 secs]
792,402: [GC (Allocation Failure)  88747K->57339K(141312K), 0,0011172 secs]
792,426: [GC (Allocation Failure)  83963K->63115K(141312K), 0,0023297 secs]
792,461: [GC (Allocation Failure)  89739K->58299K(141312K), 0,0015651 secs]
792,486: [GC (Allocation Failure)  84923K->64139K(140288K), 0,0025608 secs]
792,521: [GC (Allocation Failure)  89739K->58267K(140800K), 0,0033653 secs]
792,548: [GC (Allocation Failure)  83867K->63083K(140288K), 0,0023676 secs]
792,583: [GC (Allocation Failure)  88683K->57211K(140800K), 0,0033804 secs]
792,610: [GC (Allocation Failure)  82811K->62027K(141312K), 0,0030325 secs]
792,646: [GC (Allocation Failure)  88651K->57187K(141312K), 0,0013288 secs]
792,671: [GC (Allocation Failure)  83811K->63003K(141312K), 0,0022851 secs]
792,706: [GC (Allocation Failure)  89627K->58283K(141312K), 0,0015016 secs]
792,731: [GC (Allocation Failure)  84907K->64059K(140288K), 0,0024935 secs]
792,766: [GC (Allocation Failure)  89659K->58219K(140800K), 0,0028632 secs]
792,792: [GC (Allocation Failure)  83819K->63011K(140288K), 0,0022872 secs]
792,827: [GC (Allocation Failure)  88611K->57171K(140800K), 0,0033190 secs]
792,854: [GC (Allocation Failure)  82771K->61923K(141312K), 0,0030749 secs]
792,890: [GC (Allocation Failure)  88547K->57139K(141312K), 0,0019539 secs]
792,916: [GC (Allocation Failure)  83763K->62947K(141312K), 0,0024870 secs]
792,951: [GC (Allocation Failure)  89571K->58131K(141312K), 0,0065485 secs]
792,981: [GC (Allocation Failure)  84755K->63939K(139776K), 0,0024472 secs]
793,016: [GC (Allocation Failure)  89539K->58131K(140800K), 0,0014920 secs]
793,041: [GC (Allocation Failure)  83731K->62923K(141312K), 0,0021638 secs]
793,076: [GC (Allocation Failure)  89547K->58139K(141312K), 0,0014770 secs]
793,101: [GC (Allocation Failure)  84763K->63947K(140288K), 0,0022885 secs]
793,136: [GC (Allocation Failure)  89547K->58083K(140800K), 0,0016232 secs]
793,161: [GC (Allocation Failure)  83683K->62867K(141312K), 0,0023071 secs]
793,196: [GC (Allocation Failure)  89491K->58051K(141312K), 0,0055298 secs]
793,225: [GC (Allocation Failure)  84675K->63891K(140288K), 0,0023654 secs]
793,260: [GC (Allocation Failure)  89491K->58019K(140800K), 0,0016288 secs]
793,285: [GC (Allocation Failure)  83619K->62835K(141312K), 0,0022128 secs]
793,322: [GC (Allocation Failure)  89459K->58027K(141312K), 0,0029548 secs]
793,353: [GC (Allocation Failure)  84651K->63835K(140288K), 0,0048514 secs]
793,392: [GC (Allocation Failure)  89435K->57995K(140800K), 0,0017433 secs]
793,419: [GC (Allocation Failure)  83595K->62779K(141312K), 0,0042277 secs]
793,456: [GC (Allocation Failure)  89403K->57971K(141312K), 0,0032023 secs]
793,483: [GC (Allocation Failure)  84595K->63779K(141312K), 0,0021600 secs]
793,522: [GC (Allocation Failure)  90403K->59003K(141312K), 0,0056672 secs]
793,555: [GC (Allocation Failure)  85627K->64779K(140288K), 0,0055392 secs]
793,592: [GC (Allocation Failure)  90379K->59003K(140800K), 0,0009512 secs]
793,614: [GC (Allocation Failure)  84603K->63755K(140288K), 0,0014194 secs]
793,646: [GC (Allocation Failure)  89355K->57915K(140800K), 0,0007113 secs]
793,667: [GC (Allocation Failure)  83515K->62707K(141312K), 0,0013410 secs]
793,700: [GC (Allocation Failure)  88819K->57379K(140800K), 0,0007151 secs]
793,722: [GC (Allocation Failure)  83491K->62643K(141312K), 0,0033996 secs]
793,757: [GC (Allocation Failure)  89267K->57859K(141312K), 0,0013838 secs]
793,780: [GC (Allocation Failure)  84483K->63635K(141312K), 0,0030529 secs]
793,816: [GC (Allocation Failure)  90259K->58851K(141312K), 0,0015930 secs]
793,838: [GC (Allocation Failure)  85475K->64691K(139776K), 0,0015053 secs]
793,872: [GC (Allocation Failure)  90291K->58851K(140800K), 0,0016262 secs]
793,894: [GC (Allocation Failure)  84451K->63635K(141312K), 0,0014723 secs]
793,927: [GC (Allocation Failure)  90259K->58851K(141312K), 0,0017613 secs]
793,950: [GC (Allocation Failure)  85475K->64659K(140288K), 0,0025319 secs]
793,985: [GC (Allocation Failure)  90259K->58819K(140800K), 0,0008412 secs]
794,007: [GC (Allocation Failure)  84419K->63611K(140288K), 0,0014719 secs]
794,041: [GC (Allocation Failure)  89211K->57771K(140800K), 0,0031092 secs]
794,065: [GC (Allocation Failure)  83371K->62523K(141312K), 0,0013219 secs]
794,099: [GC (Allocation Failure)  89147K->57747K(141312K), 0,0007661 secs]
794,120: [GC (Allocation Failure)  84371K->63523K(141312K), 0,0048988 secs]
794,158: [GC (Allocation Failure)  90147K->58747K(141312K), 0,0034707 secs]
794,183: [GC (Allocation Failure)  85371K->64555K(139776K), 0,0027878 secs]
794,223: [GC (Allocation Failure)  90155K->58747K(140800K), 0,0029883 secs]
794,254: [GC (Allocation Failure)  84347K->63531K(141312K), 0,0026926 secs]
794,290: [GC (Allocation Failure)  90155K->58715K(141312K), 0,0019774 secs]
794,317: [GC (Allocation Failure)  85339K->64523K(140288K), 0,0027985 secs]
794,354: [GC (Allocation Failure)  90123K->58683K(140800K), 0,0017308 secs]
794,381: [GC (Allocation Failure)  84283K->63475K(141312K), 0,0026853 secs]
794,416: [GC (Allocation Failure)  90099K->58627K(141312K), 0,0029151 secs]
794,442: [GC (Allocation Failure)  85251K->64467K(140288K), 0,0020504 secs]
794,476: [GC (Allocation Failure)  90067K->58627K(140800K), 0,0031106 secs]
794,501: [GC (Allocation Failure)  84227K->63411K(141312K), 0,0019485 secs]
794,536: [GC (Allocation Failure)  90035K->58595K(141312K), 0,0042826 secs]
794,563: [GC (Allocation Failure)  85219K->64435K(141312K), 0,0021838 secs]
794,597: [GC (Allocation Failure)  91059K->59619K(141312K), 0,0029567 secs]
794,623: [GC (Allocation Failure)  86243K->65427K(140288K), 0,0023678 secs]
794,658: [GC (Allocation Failure)  91027K->59619K(140800K), 0,0013037 secs]
794,683: [GC (Allocation Failure)  85219K->64403K(140288K), 0,0021991 secs]
794,717: [GC (Allocation Failure)  90003K->58531K(140800K), 0,0011595 secs]
794,740: [GC (Allocation Failure)  84131K->63323K(141312K), 0,0019255 secs]
794,775: [GC (Allocation Failure)  89435K->58027K(140800K), 0,0016431 secs]
794,799: [GC (Allocation Failure)  84139K->63131K(141312K), 0,0020331 secs]
794,834: [GC (Allocation Failure)  89755K->58315K(141312K), 0,0028765 secs]
794,858: [GC (Allocation Failure)  84939K->64123K(140800K), 0,0023347 secs]
794,891: [GC (Allocation Failure)  90747K->59307K(141312K), 0,0012716 secs]
794,913: [GC (Allocation Failure)  85931K->65051K(139776K), 0,0030373 secs]
794,948: [GC (Allocation Failure)  90651K->59243K(140800K), 0,0010003 secs]
794,971: [GC (Allocation Failure)  84843K->63995K(141312K), 0,0013163 secs]
795,005: [GC (Allocation Failure)  90619K->59147K(141312K), 0,0039958 secs]
795,031: [GC (Allocation Failure)  85771K->65019K(140288K), 0,0015805 secs]
795,063: [GC (Allocation Failure)  90619K->59211K(140800K), 0,0007813 secs]
795,085: [GC (Allocation Failure)  84811K->63931K(141312K), 0,0022576 secs]
795,119: [GC (Allocation Failure)  90555K->59147K(141312K), 0,0008236 secs]
795,142: [GC (Allocation Failure)  85771K->64923K(140288K), 0,0024136 secs]
795,177: [GC (Allocation Failure)  90523K->59147K(140800K), 0,0007964 secs]
795,198: [GC (Allocation Failure)  84747K->63899K(141312K), 0,0028809 secs]
795,233: [GC (Allocation Failure)  90523K->59115K(141312K), 0,0015961 secs]
795,256: [GC (Allocation Failure)  85739K->64923K(140288K), 0,0031704 secs]
795,291: [GC (Allocation Failure)  90523K->59091K(140800K), 0,0015520 secs]
795,314: [GC (Allocation Failure)  84691K->63875K(141312K), 0,0014728 secs]
795,348: [GC (Allocation Failure)  90499K->59059K(141312K), 0,0008972 secs]
795,371: [GC (Allocation Failure)  85683K->64875K(141312K), 0,0015412 secs]
795,405: [GC (Allocation Failure)  91499K->60091K(141312K), 0,0009372 secs]
795,427: [GC (Allocation Failure)  86715K->65867K(140288K), 0,0027148 secs]
795,463: [GC (Allocation Failure)  91467K->60059K(140800K), 0,0019431 secs]
795,487: [GC (Allocation Failure)  85659K->64811K(140288K), 0,0015264 secs]
795,521: [GC (Allocation Failure)  90411K->59003K(140800K), 0,0021593 secs]
795,545: [GC (Allocation Failure)  84603K->63755K(141312K), 0,0028744 secs]
795,581: [GC (Allocation Failure)  90379K->58971K(141312K), 0,0008656 secs]
795,604: [GC (Allocation Failure)  85595K->64779K(141312K), 0,0028201 secs]
795,640: [GC (Allocation Failure)  91403K->59963K(141312K), 0,0023252 secs]
795,664: [GC (Allocation Failure)  86587K->65771K(140288K), 0,0030245 secs]
795,700: [GC (Allocation Failure)  91371K->59931K(140800K), 0,0010023 secs]
795,723: [GC (Allocation Failure)  85531K->64747K(140288K), 0,0016110 secs]
795,758: [GC (Allocation Failure)  90347K->58875K(140800K), 0,0021950 secs]
795,782: [GC (Allocation Failure)  84475K->63659K(141312K), 0,0014462 secs]
795,816: [GC (Allocation Failure)  90283K->58851K(141312K), 0,0008848 secs]
795,839: [GC (Allocation Failure)  85475K->64659K(141312K), 0,0030710 secs]
795,875: [GC (Allocation Failure)  91283K->59907K(141312K), 0,0009625 secs]
795,898: [GC (Allocation Failure)  86531K->65683K(140288K), 0,0029234 secs]
795,934: [GC (Allocation Failure)  91283K->59875K(140800K), 0,0034770 secs]
795,960: [GC (Allocation Failure)  85475K->64627K(141312K), 0,0034245 secs]
795,997: [GC (Allocation Failure)  91251K->59843K(141312K), 0,0011079 secs]
796,020: [GC (Allocation Failure)  86467K->65659K(140288K), 0,0018658 secs]
796,055: [GC (Allocation Failure)  91259K->59819K(140800K), 0,0032229 secs]
796,086: [GC (Allocation Failure)  85419K->64611K(141312K), 0,0047963 secs]
796,128: [GC (Allocation Failure)  91235K->59795K(141312K), 0,0092050 secs]
796,160: [GC (Allocation Failure)  86419K->65635K(140288K), 0,0040273 secs]
796,197: [GC (Allocation Failure)  91235K->59803K(140800K), 0,0008502 secs]
796,220: [GC (Allocation Failure)  85403K->64555K(141312K), 0,0014511 secs]
796,253: [GC (Allocation Failure)  91179K->59771K(141312K), 0,0008376 secs]
796,276: [GC (Allocation Failure)  86395K->65579K(140288K), 0,0016407 secs]
796,310: [GC (Allocation Failure)  91179K->59739K(140800K), 0,0056631 secs]
796,337: [GC (Allocation Failure)  85339K->64491K(141312K), 0,0027181 secs]
796,373: [GC (Allocation Failure)  91115K->59675K(141312K), 0,0056581 secs]
796,400: [GC (Allocation Failure)  86299K->65547K(140288K), 0,0025175 secs]
796,435: [GC (Allocation Failure)  91147K->59675K(140800K), 0,0009240 secs]
796,458: [GC (Allocation Failure)  85275K->64427K(141312K), 0,0022031 secs]
796,492: [GC (Allocation Failure)  91051K->59611K(141312K), 0,0018119 secs]
796,515: [GC (Allocation Failure)  86235K->65483K(141312K), 0,0015340 secs]
796,549: [GC (Allocation Failure)  92107K->60707K(141312K), 0,0016749 secs]
796,571: [GC (Allocation Failure)  87331K->66515K(140288K), 0,0016196 secs]
796,605: [GC (Allocation Failure)  92115K->60675K(140800K), 0,0017650 secs]
796,627: [GC (Allocation Failure)  86275K->65427K(140288K), 0,0022387 secs]
796,662: [GC (Allocation Failure)  91027K->59587K(140800K), 0,0013494 secs]
796,685: [GC (Allocation Failure)  85187K->64371K(141312K), 0,0014820 secs]
796,719: [GC (Allocation Failure)  90995K->59587K(141312K), 0,0017316 secs]
796,743: [GC (Allocation Failure)  86211K->65395K(141312K), 0,0015376 secs]
796,777: [GC (Allocation Failure)  92019K->60579K(141312K), 0,0018246 secs]
796,801: [GC (Allocation Failure)  87203K->66387K(140288K), 0,0016660 secs]
796,836: [GC (Allocation Failure)  91987K->60579K(140800K), 0,0010187 secs]
796,859: [GC (Allocation Failure)  86179K->65363K(140288K), 0,0049694 secs]
796,897: [GC (Allocation Failure)  90963K->59491K(140800K), 0,0008551 secs]
796,920: [GC (Allocation Failure)  85091K->64243K(141312K), 0,0022912 secs]
796,955: [GC (Allocation Failure)  90867K->59459K(141312K), 0,0023206 secs]
796,979: [GC (Allocation Failure)  86083K->65267K(141312K), 0,0016757 secs]
797,014: [GC (Allocation Failure)  91891K->60491K(141312K), 0,0009224 secs]
797,037: [GC (Allocation Failure)  87115K->66331K(139776K), 0,0016955 secs]
797,073: [GC (Allocation Failure)  91931K->60459K(140800K), 0,0058539 secs]
797,107: [GC (Allocation Failure)  86059K->65243K(141312K), 0,0045864 secs]
797,149: [GC (Allocation Failure)  91867K->60459K(141312K), 0,0033643 secs]
797,181: [GC (Allocation Failure)  87083K->66267K(140288K), 0,0049643 secs]
797,223: [GC (Allocation Failure)  91867K->60427K(140800K), 0,0031569 secs]
797,255: [GC (Allocation Failure)  86027K->65211K(141312K), 0,0047672 secs]
797,297: [GC (Allocation Failure)  91835K->60395K(141312K), 0,0038450 secs]
797,326: [GC (Allocation Failure)  87019K->66203K(140288K), 0,0028762 secs]
797,362: [GC (Allocation Failure)  91803K->60363K(140800K), 0,0028570 secs]
797,387: [GC (Allocation Failure)  85963K->65147K(141312K), 0,0033605 secs]
797,425: [GC (Allocation Failure)  91771K->60339K(141312K), 0,0018107 secs]
797,451: [GC (Allocation Failure)  86963K->66211K(140288K), 0,0027547 secs]
797,487: [GC (Allocation Failure)  91811K->60307K(140800K), 0,0064316 secs]
797,518: [GC (Allocation Failure)  85907K->65123K(141312K), 0,0030182 secs]
797,553: [GC (Allocation Failure)  91747K->60275K(141312K), 0,0017434 secs]
797,575: [GC (Allocation Failure)  86899K->66115K(140288K), 0,0015909 secs]
797,609: [GC (Allocation Failure)  91715K->60275K(140800K), 0,0007476 secs]
797,631: [GC (Allocation Failure)  85875K->65059K(141312K), 0,0058854 secs]
797,669: [GC (Allocation Failure)  91683K->60243K(141312K), 0,0014708 secs]
797,691: [GC (Allocation Failure)  86867K->66051K(141312K), 0,0021538 secs]
797,724: [GC (Allocation Failure)  92675K->61267K(141312K), 0,0008105 secs]
797,746: [GC (Allocation Failure)  87891K->67075K(140288K), 0,0016460 secs]
797,779: [GC (Allocation Failure)  92675K->61275K(140800K), 0,0008490 secs]
797,801: [GC (Allocation Failure)  86875K->65995K(140288K), 0,0043752 secs]
797,838: [GC (Allocation Failure)  91595K->60155K(140800K), 0,0007296 secs]
797,859: [GC (Allocation Failure)  85755K->64971K(141312K), 0,0018477 secs]
797,891: [GC (Allocation Failure)  91595K->60155K(141312K), 0,0013606 secs]
797,914: [GC (Allocation Failure)  86779K->66003K(141312K), 0,0013618 secs]
797,947: [GC (Allocation Failure)  92627K->61195K(141312K), 0,0007933 secs]
797,969: [GC (Allocation Failure)  87819K->67003K(140288K), 0,0031275 secs]
798,004: [GC (Allocation Failure)  92603K->61131K(140800K), 0,0046221 secs]
798,029: [GC (Allocation Failure)  86731K->65955K(140288K), 0,0013257 secs]
798,061: [GC (Allocation Failure)  91555K->60115K(140800K), 0,0006650 secs]
798,083: [GC (Allocation Failure)  85715K->64899K(141312K), 0,0017870 secs]
798,121: [GC (Allocation Failure)  91523K->60115K(141312K), 0,0027506 secs]
798,152: [GC (Allocation Failure)  86739K->65923K(141312K), 0,0046523 secs]
798,194: [GC (Allocation Failure)  92547K->61107K(141312K), 0,0075427 secs]
798,231: [GC (Allocation Failure)  87731K->66915K(139776K), 0,0088147 secs]
798,274: [GC (Allocation Failure)  92515K->61043K(140800K), 0,0018818 secs]
798,301: [GC (Allocation Failure)  86643K->65859K(141312K), 0,0026264 secs]
798,339: [GC (Allocation Failure)  92483K->61051K(141312K), 0,0017528 secs]
798,368: [GC (Allocation Failure)  87675K->66859K(140288K), 0,0058210 secs]
798,407: [GC (Allocation Failure)  92459K->61083K(140800K), 0,0013033 secs]
798,431: [GC (Allocation Failure)  86683K->65803K(141312K), 0,0020143 secs]
798,466: [GC (Allocation Failure)  92427K->61019K(141312K), 0,0062726 secs]
798,495: [GC (Allocation Failure)  87643K->66827K(140288K), 0,0030108 secs]
798,531: [GC (Allocation Failure)  92427K->60987K(140800K), 0,0019667 secs]
798,557: [GC (Allocation Failure)  86587K->65771K(141312K), 0,0044529 secs]
798,599: [GC (Allocation Failure)  92395K->61027K(141312K), 0,0031372 secs]
798,630: [GC (Allocation Failure)  87651K->66803K(140288K), 0,0027931 secs]
798,668: [GC (Allocation Failure)  92403K->60963K(140800K), 0,0017362 secs]
798,695: [GC (Allocation Failure)  86563K->65683K(141312K), 0,0065060 secs]
798,734: [GC (Allocation Failure)  92307K->60963K(141312K), 0,0011633 secs]
798,758: [GC (Allocation Failure)  87587K->66747K(141312K), 0,0021316 secs]
798,792: [GC (Allocation Failure)  93371K->61739K(141312K), 0,0014329 secs]
798,817: [GC (Allocation Failure)  88363K->67579K(140288K), 0,0046557 secs]
798,854: [GC (Allocation Failure)  93179K->61707K(140800K), 0,0051002 secs]
798,881: [GC (Allocation Failure)  87307K->66459K(140288K), 0,0021414 secs]
798,915: [GC (Allocation Failure)  92059K->60587K(140800K), 0,0014983 secs]
798,938: [GC (Allocation Failure)  86187K->65371K(141312K), 0,0020709 secs]
798,972: [GC (Allocation Failure)  91995K->60523K(141312K), 0,0016053 secs]
798,994: [GC (Allocation Failure)  87147K->66363K(141312K), 0,0020994 secs]
799,029: [GC (Allocation Failure)  92987K->61611K(141312K), 0,0007464 secs]
799,050: [GC (Allocation Failure)  88235K->67387K(139776K), 0,0021853 secs]
799,085: [GC (Allocation Failure)  92987K->61587K(140800K), 0,0041342 secs]
799,110: [GC (Allocation Failure)  87187K->66403K(141312K), 0,0013980 secs]
799,144: [GC (Allocation Failure)  93027K->61587K(141312K), 0,0015517 secs]
799,166: [GC (Allocation Failure)  88211K->67403K(140288K), 0,0014290 secs]
799,200: [GC (Allocation Failure)  93003K->61531K(140800K), 0,0010558 secs]
799,222: [GC (Allocation Failure)  87131K->66315K(141312K), 0,0062889 secs]
799,260: [GC (Allocation Failure)  92939K->61499K(141312K), 0,0008140 secs]
799,283: [GC (Allocation Failure)  88123K->67371K(140288K), 0,0015813 secs]
799,316: [GC (Allocation Failure)  92971K->61499K(140800K), 0,0053815 secs]
799,342: [GC (Allocation Failure)  87099K->66283K(141312K), 0,0023188 secs]
799,377: [GC (Allocation Failure)  92907K->61467K(141312K), 0,0015886 secs]
799,400: [GC (Allocation Failure)  88091K->67315K(140288K), 0,0015067 secs]
799,433: [GC (Allocation Failure)  92915K->61443K(140800K), 0,0041667 secs]
799,458: [GC (Allocation Failure)  87043K->66227K(141312K), 0,0013375 secs]
799,492: [GC (Allocation Failure)  92851K->61475K(141312K), 0,0007538 secs]
799,514: [GC (Allocation Failure)  88099K->67251K(140288K), 0,0015186 secs]
799,547: [GC (Allocation Failure)  92851K->61379K(140800K), 0,0007733 secs]
799,573: [GC (Allocation Failure)  86979K->66163K(141312K), 0,0090613 secs]
799,619: [GC (Allocation Failure)  92787K->61387K(141312K), 0,0030645 secs]
799,649: [GC (Allocation Failure)  88011K->67163K(141312K), 0,0062949 secs]
799,690: [GC (Allocation Failure)  93787K->62379K(141312K), 0,0041204 secs]
799,718: [GC (Allocation Failure)  89003K->68219K(140288K), 0,0031970 secs]
799,755: [GC (Allocation Failure)  93819K->62379K(140800K), 0,0018597 secs]
799,782: [GC (Allocation Failure)  87979K->67139K(140288K), 0,0055219 secs]
799,821: [GC (Allocation Failure)  92739K->61331K(140800K), 0,0038893 secs]
799,850: [GC (Allocation Failure)  86931K->66115K(141312K), 0,0025752 secs]
799,887: [GC (Allocation Failure)  92739K->61275K(141312K), 0,0018029 secs]
799,914: [GC (Allocation Failure)  87899K->67115K(141312K), 0,0026804 secs]
799,950: [GC (Allocation Failure)  93739K->62331K(141312K), 0,0018514 secs]
799,977: [GC (Allocation Failure)  88955K->68107K(140288K), 0,0028404 secs]
800,014: [GC (Allocation Failure)  93707K->62331K(140800K), 0,0057307 secs]
800,042: [GC (Allocation Failure)  87931K->67051K(140288K), 0,0028404 secs]
800,078: [GC (Allocation Failure)  92651K->61243K(140800K), 0,0027360 secs]
800,103: [GC (Allocation Failure)  86843K->66027K(141312K), 0,0018224 secs]
800,138: [GC (Allocation Failure)  92651K->61211K(141312K), 0,0027312 secs]
800,164: [GC (Allocation Failure)  87835K->67051K(141312K), 0,0020537 secs]
800,198: [GC (Allocation Failure)  93675K->62211K(141312K), 0,0012982 secs]
800,223: [GC (Allocation Failure)  88835K->68051K(139776K), 0,0037993 secs]
800,259: [GC (Allocation Failure)  93651K->62211K(140800K), 0,0046307 secs]
800,286: [GC (Allocation Failure)  87811K->66963K(141312K), 0,0019493 secs]
800,321: [GC (Allocation Failure)  93587K->62211K(141312K), 0,0013550 secs]
800,346: [GC (Allocation Failure)  88835K->67987K(140288K), 0,0052033 secs]
800,384: [GC (Allocation Failure)  93587K->62147K(140800K), 0,0013431 secs]
800,408: [GC (Allocation Failure)  87747K->66931K(141312K), 0,0019088 secs]
800,443: [GC (Allocation Failure)  93555K->62115K(141312K), 0,0013124 secs]
800,468: [GC (Allocation Failure)  88739K->67923K(140288K), 0,0036739 secs]
800,504: [GC (Allocation Failure)  93523K->62083K(140800K), 0,0012593 secs]
800,528: [GC (Allocation Failure)  87683K->66899K(141312K), 0,0035482 secs]
800,565: [GC (Allocation Failure)  93523K->62123K(141312K), 0,0012331 secs]
800,590: [GC (Allocation Failure)  88747K->67899K(140288K), 0,0036344 secs]
800,626: [GC (Allocation Failure)  93499K->62067K(140800K), 0,0012287 secs]
800,649: [GC (Allocation Failure)  87667K->66819K(141312K), 0,0038766 secs]
800,686: [GC (Allocation Failure)  93443K->62035K(141312K), 0,0012627 secs]
800,711: [GC (Allocation Failure)  88659K->67843K(141312K), 0,0027229 secs]
800,746: [GC (Allocation Failure)  94467K->63059K(141312K), 0,0013892 secs]
800,771: [GC (Allocation Failure)  89683K->68875K(140288K), 0,0022390 secs]
800,806: [GC (Allocation Failure)  94475K->63035K(140800K), 0,0013317 secs]
800,831: [GC (Allocation Failure)  88635K->67859K(140288K), 0,0020933 secs]
800,869: [GC (Allocation Failure)  93459K->61987K(140800K), 0,0029483 secs]
800,900: [GC (Allocation Failure)  87587K->66739K(141312K), 0,0049315 secs]
800,942: [GC (Allocation Failure)  92851K->61427K(140800K), 0,0028032 secs]
800,973: [GC (Allocation Failure)  87539K->66723K(141312K), 0,0053590 secs]
801,016: [GC (Allocation Failure)  93347K->61939K(141312K), 0,0072365 secs]
801,049: [GC (Allocation Failure)  88563K->67755K(141312K), 0,0020166 secs]
801,084: [GC (Allocation Failure)  94379K->62971K(141312K), 0,0071802 secs]
801,112: [GC (Allocation Failure)  89595K->68811K(139776K), 0,0016207 secs]
801,146: [GC (Allocation Failure)  94411K->62939K(140800K), 0,0009084 secs]
801,169: [GC (Allocation Failure)  88539K->67723K(140288K), 0,0023841 secs]
801,208: [GC (Allocation Failure)  93323K->61883K(140800K), 0,0035055 secs]
801,240: [GC (Allocation Failure)  87483K->66675K(141312K), 0,0044770 secs]
801,282: [GC (Allocation Failure)  93299K->61859K(141312K), 0,0028621 secs]
801,313: [GC (Allocation Failure)  88483K->67699K(141312K), 0,0046065 secs]
801,355: [GC (Allocation Failure)  94323K->62915K(141312K), 0,0031402 secs]
801,384: [GC (Allocation Failure)  89539K->68723K(139776K), 0,0028752 secs]
801,422: [GC (Allocation Failure)  94323K->62851K(140800K), 0,0040204 secs]
801,450: [GC (Allocation Failure)  88451K->67635K(141312K), 0,0047276 secs]
801,487: [GC (Allocation Failure)  94259K->62819K(141312K), 0,0013125 secs]
801,513: [GC (Allocation Failure)  89443K->68659K(140288K), 0,0023170 secs]
801,547: [GC (Allocation Failure)  94259K->62787K(140800K), 0,0015981 secs]
801,569: [GC (Allocation Failure)  88387K->67571K(141312K), 0,0021321 secs]
801,602: [GC (Allocation Failure)  94195K->62787K(141312K), 0,0014258 secs]
801,625: [GC (Allocation Failure)  89411K->68627K(140288K), 0,0014656 secs]
801,659: [GC (Allocation Failure)  94227K->62755K(140800K), 0,0008094 secs]
801,682: [GC (Allocation Failure)  88355K->67539K(141312K), 0,0022316 secs]
801,716: [GC (Allocation Failure)  94163K->62723K(141312K), 0,0008103 secs]
801,739: [GC (Allocation Failure)  89347K->68531K(140288K), 0,0015950 secs]
801,773: [GC (Allocation Failure)  94131K->62699K(140800K), 0,0008043 secs]
801,795: [GC (Allocation Failure)  88299K->67515K(141312K), 0,0014685 secs]
801,829: [GC (Allocation Failure)  94139K->62667K(141312K), 0,0009339 secs]
801,852: [GC (Allocation Failure)  89291K->68507K(140288K), 0,0032533 secs]
801,888: [GC (Allocation Failure)  94107K->62699K(140800K), 0,0058152 secs]
801,916: [GC (Allocation Failure)  88299K->67451K(141312K), 0,0017094 secs]
801,951: [GC (Allocation Failure)  94075K->62635K(141312K), 0,0024823 secs]
801,976: [GC (Allocation Failure)  89259K->68443K(141312K), 0,0034321 secs]
802,013: [GC (Allocation Failure)  95067K->63691K(141312K), 0,0012259 secs]
802,036: [GC (Allocation Failure)  90315K->69499K(140288K), 0,0018849 secs]
802,071: [GC (Allocation Failure)  95099K->63627K(140800K), 0,0025214 secs]
802,096: [GC (Allocation Failure)  89227K->68411K(140288K), 0,0018127 secs]
802,131: [GC (Allocation Failure)  94011K->62571K(140800K), 0,0023963 secs]
802,155: [GC (Allocation Failure)  88171K->67355K(141312K), 0,0017442 secs]
802,190: [GC (Allocation Failure)  93979K->62539K(141312K), 0,0035638 secs]
802,216: [GC (Allocation Failure)  89163K->68347K(141312K), 0,0018906 secs]
802,251: [GC (Allocation Failure)  94971K->63531K(141312K), 0,0011282 secs]
802,275: [GC (Allocation Failure)  90155K->69379K(140288K), 0,0018685 secs]
802,309: [GC (Allocation Failure)  94979K->63507K(140800K), 0,0012711 secs]
802,332: [GC (Allocation Failure)  89107K->68323K(140288K), 0,0017445 secs]
802,368: [GC (Allocation Failure)  93923K->62451K(140800K), 0,0009896 secs]
802,391: [GC (Allocation Failure)  88051K->67267K(141312K), 0,0040817 secs]
802,428: [GC (Allocation Failure)  93891K->62451K(141312K), 0,0010791 secs]
802,451: [GC (Allocation Failure)  89075K->68259K(141312K), 0,0018077 secs]
802,486: [GC (Allocation Failure)  94883K->63443K(141312K), 0,0027887 secs]
802,515: [GC (Allocation Failure)  90067K->69283K(139776K), 0,0045248 secs]
802,553: [GC (Allocation Failure)  94883K->63443K(140800K), 0,0054450 secs]
802,582: [GC (Allocation Failure)  89043K->68195K(141312K), 0,0032881 secs]
802,618: [GC (Allocation Failure)  94819K->63411K(141312K), 0,0029425 secs]
802,643: [GC (Allocation Failure)  90035K->69219K(140288K), 0,0030552 secs]
802,679: [GC (Allocation Failure)  94819K->63379K(140800K), 0,0023274 secs]
802,703: [GC (Allocation Failure)  88979K->68171K(141312K), 0,0030623 secs]
802,739: [GC (Allocation Failure)  94795K->63387K(141312K), 0,0010322 secs]
802,762: [GC (Allocation Failure)  90011K->69195K(140288K), 0,0018262 secs]
802,797: [GC (Allocation Failure)  94795K->63163K(140800K), 0,0010464 secs]
802,820: [GC (Allocation Failure)  88763K->67915K(141312K), 0,0085966 secs]
802,862: [GC (Allocation Failure)  94539K->63163K(141312K), 0,0009781 secs]
802,885: [GC (Allocation Failure)  89787K->68907K(141312K), 0,0017506 secs]
802,920: [GC (Allocation Failure)  95531K->64091K(141312K), 0,0023232 secs]
802,944: [GC (Allocation Failure)  90715K->69899K(140288K), 0,0018818 secs]
802,979: [GC (Allocation Failure)  95499K->63995K(140800K), 0,0024604 secs]
803,003: [GC (Allocation Failure)  89595K->68747K(140288K), 0,0018905 secs]
803,038: [GC (Allocation Failure)  94347K->62875K(140800K), 0,0021640 secs]
803,063: [GC (Allocation Failure)  88475K->67659K(141312K), 0,0042302 secs]
803,102: [GC (Allocation Failure)  94283K->62811K(141312K), 0,0040588 secs]
803,131: [GC (Allocation Failure)  89435K->68651K(141312K), 0,0038120 secs]
803,167: [GC (Allocation Failure)  95275K->63899K(141312K), 0,0010614 secs]
803,190: [GC (Allocation Failure)  90523K->69707K(139776K), 0,0019059 secs]
803,225: [GC (Allocation Failure)  95307K->63883K(140800K), 0,0060324 secs]
803,253: [GC (Allocation Failure)  89483K->68667K(141312K), 0,0015578 secs]
803,287: [GC (Allocation Failure)  95291K->63883K(141312K), 0,0009056 secs]
803,310: [GC (Allocation Failure)  90507K->69659K(140288K), 0,0027974 secs]
803,346: [GC (Allocation Failure)  95259K->63819K(140800K), 0,0050517 secs]
803,373: [GC (Allocation Failure)  89419K->68603K(141312K), 0,0025306 secs]
803,408: [GC (Allocation Failure)  95227K->63851K(141312K), 0,0009452 secs]
803,431: [GC (Allocation Failure)  90475K->69659K(140288K), 0,0016907 secs]
803,466: [GC (Allocation Failure)  95259K->63787K(140800K), 0,0008902 secs]
803,489: [GC (Allocation Failure)  89387K->68539K(141312K), 0,0027502 secs]
803,525: [GC (Allocation Failure)  95163K->63755K(141312K), 0,0016120 secs]
803,548: [GC (Allocation Failure)  90379K->69563K(140288K), 0,0027314 secs]
803,584: [GC (Allocation Failure)  95163K->63755K(140800K), 0,0008638 secs]
803,611: [GC (Allocation Failure)  89355K->68515K(141312K), 0,0039503 secs]
803,649: [GC (Allocation Failure)  95139K->63699K(141312K), 0,0012759 secs]
803,674: [GC (Allocation Failure)  90323K->69539K(140288K), 0,0021251 secs]
803,708: [GC (Allocation Failure)  95139K->63731K(140800K), 0,0015545 secs]
803,732: [GC (Allocation Failure)  89331K->68451K(141312K), 0,0050261 secs]
803,770: [GC (Allocation Failure)  95075K->63667K(141312K), 0,0009927 secs]
803,793: [GC (Allocation Failure)  90291K->69475K(141312K), 0,0041009 secs]
803,830: [GC (Allocation Failure)  96099K->64659K(141312K), 0,0023594 secs]
803,854: [GC (Allocation Failure)  91283K->70507K(140288K), 0,0018838 secs]
803,889: [GC (Allocation Failure)  96107K->64667K(140800K), 0,0010598 secs]
803,912: [GC (Allocation Failure)  90267K->69419K(140288K), 0,0018950 secs]
803,947: [GC (Allocation Failure)  95019K->63579K(140800K), 0,0025086 secs]
803,971: [GC (Allocation Failure)  89179K->68331K(141312K), 0,0039120 secs]
804,008: [GC (Allocation Failure)  94955K->63547K(141312K), 0,0018491 secs]
804,032: [GC (Allocation Failure)  90171K->69387K(141312K), 0,0030233 secs]
804,070: [GC (Allocation Failure)  96011K->64571K(141312K), 0,0031659 secs]
804,101: [GC (Allocation Failure)  91195K->70379K(140288K), 0,0027756 secs]
804,136: [GC (Allocation Failure)  95979K->64571K(140800K), 0,0061857 secs]
804,166: [GC (Allocation Failure)  90171K->69355K(140288K), 0,0039149 secs]
804,203: [GC (Allocation Failure)  94955K->63515K(140800K), 0,0016057 secs]
804,230: [GC (Allocation Failure)  89115K->68267K(141312K), 0,0024489 secs]
804,267: [GC (Allocation Failure)  94891K->63451K(141312K), 0,0026574 secs]
804,292: [GC (Allocation Failure)  90075K->69291K(141312K), 0,0017144 secs]
804,327: [GC (Allocation Failure)  95915K->64507K(141312K), 0,0010593 secs]
804,350: [GC (Allocation Failure)  91131K->70291K(139776K), 0,0018399 secs]
804,385: [GC (Allocation Failure)  95891K->64451K(140800K), 0,0019343 secs]
804,409: [GC (Allocation Failure)  90051K->69235K(141312K), 0,0025062 secs]
804,444: [GC (Allocation Failure)  95859K->64451K(141312K), 0,0037357 secs]
804,470: [GC (Allocation Failure)  91075K->70291K(140288K), 0,0017473 secs]
804,505: [GC (Allocation Failure)  95891K->64419K(140800K), 0,0024676 secs]
804,529: [GC (Allocation Failure)  90019K->69171K(141312K), 0,0029132 secs]
804,565: [GC (Allocation Failure)  95795K->64419K(141312K), 0,0029495 secs]
804,596: [GC (Allocation Failure)  91043K->70227K(140288K), 0,0064604 secs]
804,637: [GC (Allocation Failure)  95827K->64355K(140800K), 0,0018860 secs]
804,662: [GC (Allocation Failure)  89955K->69139K(141312K), 0,0033829 secs]
804,698: [GC (Allocation Failure)  95763K->64355K(141312K), 0,0022349 secs]
804,722: [GC (Allocation Failure)  90979K->70131K(140288K), 0,0032086 secs]
804,758: [GC (Allocation Failure)  95731K->64323K(140800K), 0,0010240 secs]
804,781: [GC (Allocation Failure)  89923K->69139K(141312K), 0,0016096 secs]
804,816: [GC (Allocation Failure)  95763K->64259K(141312K), 0,0034814 secs]
804,841: [GC (Allocation Failure)  90883K->70099K(141312K), 0,0032870 secs]
804,877: [GC (Allocation Failure)  96723K->65283K(141312K), 0,0071747 secs]
804,906: [GC (Allocation Failure)  91907K->71123K(140288K), 0,0018838 secs]
804,941: [GC (Allocation Failure)  96723K->65283K(140800K), 0,0011271 secs]
804,964: [GC (Allocation Failure)  90883K->70035K(140288K), 0,0037545 secs]
805,001: [GC (Allocation Failure)  95635K->64227K(140800K), 0,0038023 secs]
805,027: [GC (Allocation Failure)  89827K->68979K(141312K), 0,0016311 secs]
805,062: [GC (Allocation Failure)  95091K->63683K(140800K), 0,0027365 secs]
805,093: [GC (Allocation Failure)  89795K->68947K(141312K), 0,0043863 secs]
805,135: [GC (Allocation Failure)  95571K->64163K(141312K), 0,0030481 secs]
805,167: [GC (Allocation Failure)  90787K->69971K(140800K), 0,0049488 secs]
805,211: [GC (Allocation Failure)  96595K->65155K(141312K), 0,0058931 secs]
805,244: [GC (Allocation Failure)  91779K->70995K(139776K), 0,0029361 secs]
805,280: [GC (Allocation Failure)  96595K->65155K(140800K), 0,0011059 secs]
805,303: [GC (Allocation Failure)  90755K->69939K(141312K), 0,0017459 secs]
805,338: [GC (Allocation Failure)  96563K->65123K(141312K), 0,0011645 secs]
805,361: [GC (Allocation Failure)  91747K->70931K(140288K), 0,0018438 secs]
805,396: [GC (Allocation Failure)  96531K->65091K(140800K), 0,0012445 secs]
805,419: [GC (Allocation Failure)  90691K->69875K(140288K), 0,0017487 secs]
805,454: [GC (Allocation Failure)  95475K->64035K(140800K), 0,0009105 secs]
805,477: [GC (Allocation Failure)  89635K->68819K(141312K), 0,0014884 secs]
805,512: [GC (Allocation Failure)  95443K->64003K(141312K), 0,0021429 secs]
805,536: [GC (Allocation Failure)  90627K->69811K(141312K), 0,0026517 secs]
805,572: [GC (Allocation Failure)  96435K->64995K(141312K), 0,0051247 secs]
805,602: [GC (Allocation Failure)  91619K->70835K(139776K), 0,0076930 secs]
805,643: [GC (Allocation Failure)  96435K->64995K(140800K), 0,0032475 secs]
805,673: [GC (Allocation Failure)  90595K->69779K(141312K), 0,0057746 secs]
805,711: [GC (Allocation Failure)  96403K->64995K(141312K), 0,0010649 secs]
805,734: [GC (Allocation Failure)  91619K->70771K(140288K), 0,0027341 secs]
805,770: [GC (Allocation Failure)  96371K->64963K(140800K), 0,0033591 secs]
805,795: [GC (Allocation Failure)  90563K->69723K(141312K), 0,0016461 secs]
805,830: [GC (Allocation Failure)  96347K->64971K(141312K), 0,0009740 secs]
805,857: [GC (Allocation Failure)  91595K->70747K(140288K), 0,0049982 secs]
805,899: [GC (Allocation Failure)  96347K->64907K(140800K), 0,0064334 secs]
805,929: [GC (Allocation Failure)  90507K->69659K(141312K), 0,0051880 secs]
805,967: [GC (Allocation Failure)  96283K->64907K(141312K), 0,0028100 secs]
805,993: [GC (Allocation Failure)  91531K->70715K(141312K), 0,0036823 secs]
806,029: [GC (Allocation Failure)  97339K->65899K(141312K), 0,0028975 secs]
806,056: [GC (Allocation Failure)  92523K->71707K(140288K), 0,0040289 secs]
806,094: [GC (Allocation Failure)  97307K->65907K(140800K), 0,0019816 secs]
806,120: [GC (Allocation Failure)  91507K->70627K(140288K), 0,0043712 secs]
806,157: [GC (Allocation Failure)  96227K->64787K(140800K), 0,0027396 secs]
806,182: [GC (Allocation Failure)  90387K->69603K(141312K), 0,0052827 secs]
806,221: [GC (Allocation Failure)  96227K->64763K(141312K), 0,0023134 secs]
806,245: [GC (Allocation Failure)  91387K->70571K(141312K), 0,0029028 secs]
806,281: [GC (Allocation Failure)  97195K->65787K(141312K), 0,0022828 secs]
806,305: [GC (Allocation Failure)  92411K->71627K(140288K), 0,0018751 secs]
806,340: [GC (Allocation Failure)  97227K->65787K(140800K), 0,0046774 secs]
806,366: [GC (Allocation Failure)  91387K->70571K(140288K), 0,0075347 secs]
806,405: [GC (Allocation Failure)  96171K->64699K(140800K), 0,0014190 secs]
806,427: [GC (Allocation Failure)  90299K->69515K(141312K), 0,0062257 secs]
806,465: [GC (Allocation Failure)  96139K->64699K(141312K), 0,0006506 secs]
806,486: [GC (Allocation Failure)  91323K->70507K(141312K), 0,0041213 secs]
806,521: [GC (Allocation Failure)  97131K->65723K(141312K), 0,0033707 secs]
806,553: [GC (Allocation Failure)  92347K->71499K(140288K), 0,0046374 secs]
806,591: [GC (Allocation Failure)  97099K->65667K(140800K), 0,0033577 secs]
806,616: [GC (Allocation Failure)  91267K->70491K(141312K), 0,0016296 secs]
806,650: [GC (Allocation Failure)  97115K->65675K(141312K), 0,0019909 secs]
806,674: [GC (Allocation Failure)  92299K->71523K(140288K), 0,0016705 secs]
806,708: [GC (Allocation Failure)  97123K->65651K(140800K), 0,0010145 secs]
806,731: [GC (Allocation Failure)  91251K->70403K(141312K), 0,0016738 secs]
806,765: [GC (Allocation Failure)  97027K->65683K(141312K), 0,0008672 secs]
806,789: [GC (Allocation Failure)  92307K->71363K(140288K), 0,0017538 secs]
806,823: [GC (Allocation Failure)  96963K->65435K(140800K), 0,0015991 secs]
806,845: [GC (Allocation Failure)  91035K->70187K(141312K), 0,0030255 secs]
806,880: [GC (Allocation Failure)  96811K->65371K(141312K), 0,0012374 secs]
806,902: [GC (Allocation Failure)  91995K->71147K(140288K), 0,0021629 secs]
806,941: [GC (Allocation Failure)  96747K->65275K(140800K), 0,0071869 secs]
806,977: [GC (Allocation Failure)  90875K->70059K(141312K), 0,0052318 secs]
807,019: [GC (Allocation Failure)  96683K->65275K(141312K), 0,0016642 secs]
807,045: [GC (Allocation Failure)  91899K->71083K(141312K), 0,0030423 secs]
807,081: [GC (Allocation Failure)  97707K->66299K(141312K), 0,0018412 secs]
807,107: [GC (Allocation Failure)  92923K->72115K(139776K), 0,0030642 secs]
807,143: [GC (Allocation Failure)  97715K->66275K(140800K), 0,0018982 secs]
807,170: [GC (Allocation Failure)  91875K->71099K(140288K), 0,0027281 secs]
807,208: [GC (Allocation Failure)  96699K->65235K(140800K), 0,0016346 secs]
807,234: [GC (Allocation Failure)  90835K->70019K(141312K), 0,0027086 secs]
807,271: [GC (Allocation Failure)  96643K->65203K(141312K), 0,0024793 secs]
807,298: [GC (Allocation Failure)  91827K->71011K(141312K), 0,0026705 secs]
807,333: [GC (Allocation Failure)  97635K->66235K(141312K), 0,0042453 secs]
807,361: [GC (Allocation Failure)  92859K->72043K(139776K), 0,0036556 secs]
807,397: [GC (Allocation Failure)  97643K->66171K(140800K), 0,0041040 secs]
807,423: [GC (Allocation Failure)  91771K->70955K(141312K), 0,0018821 secs]
807,458: [GC (Allocation Failure)  97579K->66171K(141312K), 0,0035021 secs]
807,484: [GC (Allocation Failure)  92795K->72011K(140288K), 0,0017528 secs]
807,519: [GC (Allocation Failure)  97611K->66171K(140800K), 0,0034411 secs]
807,544: [GC (Allocation Failure)  91771K->70955K(141312K), 0,0017825 secs]
807,583: [GC (Allocation Failure)  97579K->66139K(141312K), 0,0031855 secs]
807,615: [GC (Allocation Failure)  92763K->71979K(140288K), 0,0043896 secs]
807,653: [GC (Allocation Failure)  97579K->66171K(140800K), 0,0018030 secs]
807,680: [GC (Allocation Failure)  91771K->70859K(141312K), 0,0028952 secs]
807,718: [GC (Allocation Failure)  97483K->66075K(141312K), 0,0018096 secs]
807,745: [GC (Allocation Failure)  92699K->71883K(140288K), 0,0027669 secs]
807,782: [GC (Allocation Failure)  97483K->66011K(140800K), 0,0017975 secs]
807,808: [GC (Allocation Failure)  91611K->70827K(141312K), 0,0027986 secs]
807,844: [GC (Allocation Failure)  97451K->66075K(141312K), 0,0017407 secs]
807,871: [GC (Allocation Failure)  92699K->71859K(140288K), 0,0027136 secs]
807,906: [GC (Allocation Failure)  97459K->65987K(140800K), 0,0040215 secs]
807,934: [GC (Allocation Failure)  91587K->70803K(141312K), 0,0034833 secs]
807,970: [GC (Allocation Failure)  97427K->65987K(141312K), 0,0017611 secs]
807,997: [GC (Allocation Failure)  92611K->71795K(140288K), 0,0056422 secs]
808,040: [GC (Allocation Failure)  97395K->65955K(140800K), 0,0017017 secs]
808,066: [GC (Allocation Failure)  91555K->70739K(141312K), 0,0026307 secs]
808,103: [GC (Allocation Failure)  97363K->65955K(141312K), 0,0016941 secs]
808,130: [GC (Allocation Failure)  92579K->71763K(141312K), 0,0029122 secs]
808,168: [GC (Allocation Failure)  98387K->66915K(141312K), 0,0041543 secs]
808,197: [GC (Allocation Failure)  93539K->72787K(140288K), 0,0028887 secs]
808,234: [GC (Allocation Failure)  98387K->66915K(140800K), 0,0035611 secs]
808,261: [GC (Allocation Failure)  92515K->71667K(140288K), 0,0051552 secs]
808,301: [GC (Allocation Failure)  97267K->65859K(140800K), 0,0018772 secs]
808,326: [GC (Allocation Failure)  91459K->70643K(141312K), 0,0033502 secs]
808,363: [GC (Allocation Failure)  97267K->65835K(141312K), 0,0012484 secs]
808,388: [GC (Allocation Failure)  92459K->71675K(141312K), 0,0020296 secs]
808,422: [GC (Allocation Failure)  98299K->66859K(141312K), 0,0023911 secs]
808,448: [GC (Allocation Failure)  93483K->72707K(140288K), 0,0022022 secs]
808,482: [GC (Allocation Failure)  98307K->66867K(140800K), 0,0013587 secs]
808,507: [GC (Allocation Failure)  92467K->71619K(140288K), 0,0024845 secs]
808,542: [GC (Allocation Failure)  97219K->65779K(140800K), 0,0018854 secs]
808,567: [GC (Allocation Failure)  91379K->70571K(141312K), 0,0039349 secs]
808,604: [GC (Allocation Failure)  97195K->65755K(141312K), 0,0011796 secs]
808,627: [GC (Allocation Failure)  92379K->71563K(141312K), 0,0020636 secs]
808,662: [GC (Allocation Failure)  98187K->66779K(141312K), 0,0027004 secs]
808,688: [GC (Allocation Failure)  93403K->72587K(139776K), 0,0035612 secs]
808,724: [GC (Allocation Failure)  98187K->66747K(140800K), 0,0011955 secs]
808,747: [GC (Allocation Failure)  92347K->71531K(141312K), 0,0034143 secs]
808,784: [GC (Allocation Failure)  98155K->66747K(141312K), 0,0012542 secs]
808,808: [GC (Allocation Failure)  93371K->72523K(140288K), 0,0021050 secs]
808,842: [GC (Allocation Failure)  98123K->66715K(140800K), 0,0012457 secs]
808,866: [GC (Allocation Failure)  92315K->71467K(141312K), 0,0029299 secs]
808,902: [GC (Allocation Failure)  98091K->66683K(141312K), 0,0012234 secs]
808,925: [GC (Allocation Failure)  93307K->72491K(140288K), 0,0019416 secs]
808,960: [GC (Allocation Failure)  98091K->66619K(140800K), 0,0014630 secs]
808,985: [GC (Allocation Failure)  92219K->71435K(141312K), 0,0022850 secs]
809,020: [GC (Allocation Failure)  98059K->66587K(141312K), 0,0014976 secs]
809,045: [GC (Allocation Failure)  93211K->72467K(140288K), 0,0026486 secs]
809,080: [GC (Allocation Failure)  98067K->66595K(140800K), 0,0016046 secs]
809,105: [GC (Allocation Failure)  92195K->71379K(141312K), 0,0040526 secs]
809,142: [GC (Allocation Failure)  98003K->66595K(141312K), 0,0032831 secs]
809,169: [GC (Allocation Failure)  93219K->72371K(141312K), 0,0024201 secs]
809,204: [GC (Allocation Failure)  98995K->67587K(141312K), 0,0034884 secs]
809,231: [GC (Allocation Failure)  94211K->73403K(140288K), 0,0021298 secs]
809,263: [GC (Allocation Failure)  99003K->67563K(140800K), 0,0021319 secs]
809,286: [GC (Allocation Failure)  93163K->72379K(140288K), 0,0014013 secs]
809,319: [GC (Allocation Failure)  97979K->66507K(140800K), 0,0007520 secs]
809,340: [GC (Allocation Failure)  92107K->71323K(141312K), 0,0015450 secs]
809,373: [GC (Allocation Failure)  97947K->66475K(141312K), 0,0017696 secs]
809,397: [GC (Allocation Failure)  93099K->72315K(141312K), 0,0014629 secs]
809,431: [GC (Allocation Failure)  98939K->67499K(141312K), 0,0008061 secs]
809,458: [GC (Allocation Failure)  94123K->73347K(140288K), 0,0053800 secs]
809,498: [GC (Allocation Failure)  98947K->67507K(140800K), 0,0019968 secs]
809,524: [GC (Allocation Failure)  93107K->72259K(140288K), 0,0016372 secs]
809,559: [GC (Allocation Failure)  97859K->66419K(140800K), 0,0015493 secs]
809,586: [GC (Allocation Failure)  92019K->71203K(141312K), 0,0085457 secs]
809,632: [GC (Allocation Failure)  97827K->66387K(141312K), 0,0027700 secs]
809,662: [GC (Allocation Failure)  93011K->72195K(141312K), 0,0026015 secs]
809,697: [GC (Allocation Failure)  98819K->67379K(141312K), 0,0029740 secs]
809,723: [GC (Allocation Failure)  94003K->73251K(139776K), 0,0021562 secs]
809,758: [GC (Allocation Failure)  98851K->67427K(140800K), 0,0015915 secs]
809,783: [GC (Allocation Failure)  93027K->72179K(141312K), 0,0019409 secs]
809,817: [GC (Allocation Failure)  98803K->67395K(141312K), 0,0012729 secs]
809,842: [GC (Allocation Failure)  94019K->73235K(140288K), 0,0020523 secs]
809,876: [GC (Allocation Failure)  98835K->67331K(140800K), 0,0035224 secs]
809,903: [GC (Allocation Failure)  92931K->72147K(141312K), 0,0019427 secs]
809,937: [GC (Allocation Failure)  98771K->67363K(141312K), 0,0012650 secs]
809,962: [GC (Allocation Failure)  93987K->73107K(140288K), 0,0040853 secs]
809,998: [GC (Allocation Failure)  98707K->67267K(140800K), 0,0024765 secs]
810,024: [GC (Allocation Failure)  92867K->72083K(141312K), 0,0020909 secs]
810,062: [GC (Allocation Failure)  98707K->67267K(141312K), 0,0056748 secs]
810,092: [GC (Allocation Failure)  93891K->73075K(140288K), 0,0056893 secs]
810,131: [GC (Allocation Failure)  98675K->67267K(140800K), 0,0012465 secs]
810,156: [GC (Allocation Failure)  92867K->72019K(141312K), 0,0020725 secs]
810,190: [GC (Allocation Failure)  98643K->67243K(141312K), 0,0012020 secs]
810,214: [GC (Allocation Failure)  93867K->73051K(140288K), 0,0038881 secs]
810,250: [GC (Allocation Failure)  98651K->67179K(140800K), 0,0012047 secs]
810,273: [GC (Allocation Failure)  92779K->72003K(141312K), 0,0036656 secs]
810,310: [GC (Allocation Failure)  98627K->67155K(141312K), 0,0028739 secs]
810,336: [GC (Allocation Failure)  93779K->72995K(141312K), 0,0038003 secs]
810,372: [GC (Allocation Failure)  99619K->68179K(141312K), 0,0033988 secs]
810,399: [GC (Allocation Failure)  94803K->73995K(140288K), 0,0022424 secs]
810,434: [GC (Allocation Failure)  99595K->68187K(140800K), 0,0028843 secs]
810,460: [GC (Allocation Failure)  93787K->72979K(140288K), 0,0021933 secs]
810,494: [GC (Allocation Failure)  98579K->67107K(140800K), 0,0060908 secs]
810,522: [GC (Allocation Failure)  92707K->71923K(141312K), 0,0018366 secs]
810,557: [GC (Allocation Failure)  98547K->67139K(141312K), 0,0030522 secs]
810,589: [GC (Allocation Failure)  93763K->72915K(141312K), 0,0065545 secs]
810,630: [GC (Allocation Failure)  99539K->68131K(141312K), 0,0035395 secs]
810,657: [GC (Allocation Failure)  94755K->73947K(140288K), 0,0044480 secs]
810,694: [GC (Allocation Failure)  99547K->68107K(140800K), 0,0013055 secs]
810,718: [GC (Allocation Failure)  93707K->72859K(140288K), 0,0021089 secs]
810,753: [GC (Allocation Failure)  98459K->67019K(140800K), 0,0011363 secs]
810,777: [GC (Allocation Failure)  92619K->71843K(141312K), 0,0023086 secs]
810,812: [GC (Allocation Failure)  98467K->66843K(141312K), 0,0015703 secs]
810,836: [GC (Allocation Failure)  93467K->72651K(141312K), 0,0027132 secs]
810,871: [GC (Allocation Failure)  99275K->67867K(141312K), 0,0007062 secs]
810,893: [GC (Allocation Failure)  94491K->73683K(140800K), 0,0014261 secs]
810,925: [GC (Allocation Failure)  100307K->68803K(141312K), 0,0008936 secs]
810,948: [GC (Allocation Failure)  95427K->74619K(140288K), 0,0015420 secs]
810,981: [GC (Allocation Failure)  100219K->68755K(140800K), 0,0009174 secs]
811,004: [GC (Allocation Failure)  94355K->73539K(140288K), 0,0026150 secs]
811,038: [GC (Allocation Failure)  99139K->67667K(140800K), 0,0007517 secs]
811,059: [GC (Allocation Failure)  93267K->72427K(141312K), 0,0012499 secs]
811,092: [GC (Allocation Failure)  98539K->67075K(140800K), 0,0007249 secs]
811,113: [GC (Allocation Failure)  93187K->72339K(141312K), 0,0021265 secs]
811,148: [GC (Allocation Failure)  98963K->67523K(141312K), 0,0007253 secs]
811,169: [GC (Allocation Failure)  94147K->73363K(141312K), 0,0025688 secs]
811,204: [GC (Allocation Failure)  99987K->68579K(141312K), 0,0009703 secs]
811,227: [GC (Allocation Failure)  95203K->74387K(139776K), 0,0017533 secs]
811,261: [GC (Allocation Failure)  99987K->68547K(140800K), 0,0041624 secs]
811,287: [GC (Allocation Failure)  94147K->73363K(140288K), 0,0014775 secs]
811,321: [GC (Allocation Failure)  98963K->67491K(140800K), 0,0008312 secs]
811,344: [GC (Allocation Failure)  93091K->72275K(141312K), 0,0014441 secs]
811,378: [GC (Allocation Failure)  98899K->67475K(141312K), 0,0009129 secs]
811,401: [GC (Allocation Failure)  94099K->73283K(141312K), 0,0031084 secs]
811,437: [GC (Allocation Failure)  99907K->68467K(141312K), 0,0024068 secs]
811,461: [GC (Allocation Failure)  95091K->74307K(139776K), 0,0035788 secs]
811,498: [GC (Allocation Failure)  99907K->68499K(140800K), 0,0011528 secs]
811,521: [GC (Allocation Failure)  94099K->73283K(141312K), 0,0017757 secs]
811,556: [GC (Allocation Failure)  99907K->68403K(141312K), 0,0094591 secs]
811,594: [GC (Allocation Failure)  95027K->74243K(140288K), 0,0068337 secs]
811,638: [GC (Allocation Failure)  99843K->68403K(140800K), 0,0086515 secs]
811,675: [GC (Allocation Failure)  94003K->73227K(141312K), 0,0043102 secs]
811,713: [GC (Allocation Failure)  99851K->68443K(141312K), 0,0017892 secs]
811,740: [GC (Allocation Failure)  95067K->74251K(140288K), 0,0028032 secs]
811,776: [GC (Allocation Failure)  99851K->68379K(140800K), 0,0048584 secs]
811,803: [GC (Allocation Failure)  93979K->73131K(141312K), 0,0036093 secs]
811,840: [GC (Allocation Failure)  99755K->68315K(141312K), 0,0074148 secs]
811,870: [GC (Allocation Failure)  94939K->74155K(140288K), 0,0027141 secs]
811,905: [GC (Allocation Failure)  99755K->68315K(140800K), 0,0016078 secs]
811,927: [GC (Allocation Failure)  93915K->73099K(141312K), 0,0013914 secs]
811,961: [GC (Allocation Failure)  99723K->68315K(141312K), 0,0044129 secs]
811,987: [GC (Allocation Failure)  94939K->74123K(140288K), 0,0015698 secs]
812,021: [GC (Allocation Failure)  99723K->68283K(140800K), 0,0020821 secs]
812,044: [GC (Allocation Failure)  93883K->73067K(141312K), 0,0019883 secs]
812,079: [GC (Allocation Failure)  99691K->68291K(141312K), 0,0007745 secs]
812,102: [GC (Allocation Failure)  94915K->74067K(141312K), 0,0030338 secs]
812,138: [GC (Allocation Failure)  100691K->69315K(141312K), 0,0010706 secs]
812,161: [GC (Allocation Failure)  95939K->75091K(140288K), 0,0017531 secs]
812,196: [GC (Allocation Failure)  100691K->69251K(140800K), 0,0010964 secs]
812,219: [GC (Allocation Failure)  94851K->74035K(140288K), 0,0026875 secs]
812,254: [GC (Allocation Failure)  99635K->68163K(140800K), 0,0008778 secs]
812,277: [GC (Allocation Failure)  93763K->72979K(141312K), 0,0029005 secs]
812,313: [GC (Allocation Failure)  99603K->68131K(141312K), 0,0041676 secs]
812,339: [GC (Allocation Failure)  94755K->73971K(141312K), 0,0064674 secs]
812,378: [GC (Allocation Failure)  100595K->69155K(141312K), 0,0017226 secs]
812,401: [GC (Allocation Failure)  95779K->74995K(140288K), 0,0017475 secs]
812,435: [GC (Allocation Failure)  100595K->69187K(140800K), 0,0009165 secs]
812,458: [GC (Allocation Failure)  94787K->73907K(140288K), 0,0026881 secs]
812,494: [GC (Allocation Failure)  99507K->68067K(140800K), 0,0077648 secs]
812,524: [GC (Allocation Failure)  93667K->72851K(141312K), 0,0026090 secs]
812,559: [GC (Allocation Failure)  99475K->68035K(141312K), 0,0024942 secs]
812,583: [GC (Allocation Failure)  94659K->73915K(141312K), 0,0015893 secs]
812,617: [GC (Allocation Failure)  100539K->69099K(141312K), 0,0035636 secs]
812,642: [GC (Allocation Failure)  95723K->74947K(139776K), 0,0017093 secs]
812,677: [GC (Allocation Failure)  100547K->69043K(140800K), 0,0030249 secs]
812,702: [GC (Allocation Failure)  94643K->73859K(141312K), 0,0015475 secs]
812,736: [GC (Allocation Failure)  100483K->69011K(141312K), 0,0019835 secs]
812,760: [GC (Allocation Failure)  95635K->74851K(140288K), 0,0019851 secs]
812,795: [GC (Allocation Failure)  100451K->69011K(140800K), 0,0032018 secs]
812,820: [GC (Allocation Failure)  94611K->73795K(141312K), 0,0015683 secs]
812,854: [GC (Allocation Failure)  100419K->68979K(141312K), 0,0051157 secs]
812,881: [GC (Allocation Failure)  95603K->74787K(140288K), 0,0017086 secs]
812,916: [GC (Allocation Failure)  100387K->68979K(140800K), 0,0018612 secs]
812,940: [GC (Allocation Failure)  94579K->73763K(141312K), 0,0038305 secs]
812,977: [GC (Allocation Failure)  100387K->68979K(141312K), 0,0008841 secs]
813,000: [GC (Allocation Failure)  95603K->74731K(140288K), 0,0018257 secs]
813,035: [GC (Allocation Failure)  100331K->68891K(140800K), 0,0021917 secs]
813,059: [GC (Allocation Failure)  94491K->73707K(141312K), 0,0016995 secs]
813,094: [GC (Allocation Failure)  100331K->68859K(141312K), 0,0019393 secs]
813,118: [GC (Allocation Failure)  95483K->74699K(141312K), 0,0032991 secs]
813,154: [GC (Allocation Failure)  101323K->69915K(141312K), 0,0023708 secs]
813,178: [GC (Allocation Failure)  96539K->75723K(140288K), 0,0028476 secs]
813,214: [GC (Allocation Failure)  101323K->69883K(140800K), 0,0032221 secs]
813,239: [GC (Allocation Failure)  95483K->74667K(140288K), 0,0018329 secs]
813,274: [GC (Allocation Failure)  100267K->68827K(140800K), 0,0010256 secs]
813,297: [GC (Allocation Failure)  94427K->73611K(141312K), 0,0016170 secs]
813,332: [GC (Allocation Failure)  99723K->68251K(140800K), 0,0011029 secs]
813,355: [GC (Allocation Failure)  94363K->73579K(141312K), 0,0033908 secs]
813,392: [GC (Allocation Failure)  100203K->68795K(141312K), 0,0012044 secs]
813,416: [GC (Allocation Failure)  95419K->74603K(141312K), 0,0020319 secs]
813,450: [GC (Allocation Failure)  101227K->69755K(141312K), 0,0030683 secs]
813,479: [GC (Allocation Failure)  96379K->75595K(139776K), 0,0048824 secs]
813,519: [GC (Allocation Failure)  101195K->69755K(140800K), 0,0019690 secs]
813,545: [GC (Allocation Failure)  95355K->74507K(140288K), 0,0129870 secs]
813,590: [GC (Allocation Failure)  100107K->68699K(140800K), 0,0006629 secs]
813,611: [GC (Allocation Failure)  94299K->73451K(141312K), 0,0012650 secs]
813,644: [GC (Allocation Failure)  100075K->68675K(141312K), 0,0052968 secs]
813,670: [GC (Allocation Failure)  95299K->74483K(141312K), 0,0020529 secs]
813,705: [GC (Allocation Failure)  101107K->69699K(141312K), 0,0007304 secs]
813,726: [GC (Allocation Failure)  96323K->75539K(139776K), 0,0015454 secs]
813,758: [GC (Allocation Failure)  101139K->69699K(140800K), 0,0007907 secs]
813,780: [GC (Allocation Failure)  95299K->74419K(141312K), 0,0039295 secs]
813,816: [GC (Allocation Failure)  101043K->69683K(141312K), 0,0008055 secs]
813,838: [GC (Allocation Failure)  96307K->75459K(140288K), 0,0023930 secs]
813,873: [GC (Allocation Failure)  101059K->69627K(140800K), 0,0015661 secs]
813,896: [GC (Allocation Failure)  95227K->74379K(141312K), 0,0044209 secs]
813,933: [GC (Allocation Failure)  101003K->69627K(141312K), 0,0008108 secs]
813,956: [GC (Allocation Failure)  96251K->75403K(140288K), 0,0049352 secs]
813,994: [GC (Allocation Failure)  101003K->69595K(140800K), 0,0070193 secs]
814,023: [GC (Allocation Failure)  95195K->74347K(141312K), 0,0022317 secs]
814,057: [GC (Allocation Failure)  100971K->69595K(141312K), 0,0031337 secs]
814,088: [GC (Allocation Failure)  96219K->75403K(140288K), 0,0050943 secs]
814,127: [GC (Allocation Failure)  101003K->69531K(140800K), 0,0017371 secs]
814,153: [GC (Allocation Failure)  95131K->74315K(141312K), 0,0049392 secs]
814,191: [GC (Allocation Failure)  100939K->69531K(141312K), 0,0017213 secs]
814,217: [GC (Allocation Failure)  96155K->75307K(141312K), 0,0044345 secs]
814,257: [GC (Allocation Failure)  101931K->70491K(141312K), 0,0022668 secs]
814,281: [GC (Allocation Failure)  97115K->76395K(140288K), 0,0017272 secs]
814,314: [GC (Allocation Failure)  101995K->70491K(140800K), 0,0016528 secs]
814,336: [GC (Allocation Failure)  96091K->75243K(140288K), 0,0070266 secs]
814,374: [GC (Allocation Failure)  100843K->69435K(140800K), 0,0014489 secs]
814,397: [GC (Allocation Failure)  95035K->74219K(141312K), 0,0012478 secs]
814,431: [GC (Allocation Failure)  100331K->68891K(140800K), 0,0009235 secs]
814,454: [GC (Allocation Failure)  95003K->74219K(141312K), 0,0013060 secs]
814,487: [GC (Allocation Failure)  100843K->69371K(141312K), 0,0008477 secs]
814,509: [GC (Allocation Failure)  95995K->75179K(141312K), 0,0014896 secs]
814,542: [GC (Allocation Failure)  101803K->70427K(141312K), 0,0019124 secs]
814,566: [GC (Allocation Failure)  97051K->76203K(139776K), 0,0028000 secs]
814,601: [GC (Allocation Failure)  101803K->70395K(140800K), 0,0018418 secs]
814,624: [GC (Allocation Failure)  95995K->75147K(141312K), 0,0014824 secs]
814,657: [GC (Allocation Failure)  101771K->70363K(141312K), 0,0009633 secs]
814,680: [GC (Allocation Failure)  96987K->76171K(140288K), 0,0025949 secs]
814,715: [GC (Allocation Failure)  101771K->70331K(140800K), 0,0008710 secs]
814,738: [GC (Allocation Failure)  95931K->75115K(140288K), 0,0026858 secs]
814,774: [GC (Allocation Failure)  100715K->69243K(140800K), 0,0040924 secs]
814,800: [GC (Allocation Failure)  94843K->73867K(141312K), 0,0019853 secs]
814,835: [GC (Allocation Failure)  100491K->69051K(141312K), 0,0006774 secs]
814,857: [GC (Allocation Failure)  95675K->74899K(141312K), 0,0013125 secs]
814,889: [GC (Allocation Failure)  101523K->70059K(141312K), 0,0014633 secs]
814,912: [GC (Allocation Failure)  96683K->75875K(140800K), 0,0014386 secs]
814,944: [GC (Allocation Failure)  102499K->71027K(141312K), 0,0008960 secs]
814,966: [GC (Allocation Failure)  97651K->76875K(139776K), 0,0016477 secs]
815,000: [GC (Allocation Failure)  102475K->71043K(140800K), 0,0009983 secs]
815,023: [GC (Allocation Failure)  96643K->75835K(140288K), 0,0018470 secs]
815,058: [GC (Allocation Failure)  101435K->69995K(140800K), 0,0028658 secs]
815,083: [GC (Allocation Failure)  95595K->74747K(141312K), 0,0035790 secs]
815,120: [GC (Allocation Failure)  101371K->69963K(141312K), 0,0012229 secs]
815,144: [GC (Allocation Failure)  96587K->75739K(140288K), 0,0027768 secs]
815,179: [GC (Allocation Failure)  101339K->69931K(140800K), 0,0024064 secs]
815,204: [GC (Allocation Failure)  95531K->74747K(141312K), 0,0018545 secs]
815,239: [GC (Allocation Failure)  101371K->69931K(141312K), 0,0033016 secs]
815,265: [GC (Allocation Failure)  96555K->75707K(141312K), 0,0032905 secs]
815,304: [GC (Allocation Failure)  102331K->70923K(141312K), 0,0032235 secs]
815,335: [GC (Allocation Failure)  97547K->76763K(140288K), 0,0043600 secs]
815,374: [GC (Allocation Failure)  102363K->70891K(140800K), 0,0041793 secs]
815,401: [GC (Allocation Failure)  96491K->75675K(140288K), 0,0033119 secs]
815,437: [GC (Allocation Failure)  101275K->69875K(140800K), 0,0010032 secs]
815,460: [GC (Allocation Failure)  95475K->74627K(141312K), 0,0050575 secs]
815,498: [GC (Allocation Failure)  101251K->69811K(141312K), 0,0009273 secs]
815,521: [GC (Allocation Failure)  96435K->75651K(141312K), 0,0031842 secs]
815,557: [GC (Allocation Failure)  102275K->70803K(141312K), 0,0025330 secs]
815,581: [GC (Allocation Failure)  97427K->76643K(139776K), 0,0033579 secs]
815,617: [GC (Allocation Failure)  102243K->70803K(140800K), 0,0015855 secs]
815,641: [GC (Allocation Failure)  96403K->75587K(141312K), 0,0022170 secs]
815,676: [GC (Allocation Failure)  102211K->70803K(141312K), 0,0022024 secs]
815,700: [GC (Allocation Failure)  97427K->76643K(140288K), 0,0018045 secs]
815,735: [GC (Allocation Failure)  102243K->70739K(140800K), 0,0021626 secs]
815,759: [GC (Allocation Failure)  96339K->75523K(141312K), 0,0029294 secs]
815,795: [GC (Allocation Failure)  102147K->70739K(141312K), 0,0010888 secs]
815,818: [GC (Allocation Failure)  97363K->76547K(140288K), 0,0034589 secs]
815,854: [GC (Allocation Failure)  102147K->70739K(140800K), 0,0010666 secs]
815,877: [GC (Allocation Failure)  96339K->75459K(141312K), 0,0028920 secs]
815,913: [GC (Allocation Failure)  102083K->70707K(141312K), 0,0026549 secs]
815,938: [GC (Allocation Failure)  97331K->76515K(140288K), 0,0026486 secs]
815,974: [GC (Allocation Failure)  102115K->70643K(140800K), 0,0022539 secs]
815,998: [GC (Allocation Failure)  96243K->75459K(141312K), 0,0016786 secs]
816,033: [GC (Allocation Failure)  102083K->70643K(141312K), 0,0076465 secs]
816,065: [GC (Allocation Failure)  97267K->76451K(140288K), 0,0021406 secs]
816,099: [GC (Allocation Failure)  102051K->70611K(140800K), 0,0012920 secs]
816,122: [GC (Allocation Failure)  96211K->75363K(141312K), 0,0047163 secs]
816,160: [GC (Allocation Failure)  101987K->70579K(141312K), 0,0025365 secs]
816,184: [GC (Allocation Failure)  97203K->76387K(141312K), 0,0036559 secs]
816,221: [GC (Allocation Failure)  103011K->71603K(141312K), 0,0010913 secs]
816,248: [GC (Allocation Failure)  98227K->77411K(140288K), 0,0055829 secs]
816,292: [GC (Allocation Failure)  103011K->71571K(140800K), 0,0033607 secs]
816,323: [GC (Allocation Failure)  97171K->76355K(140288K), 0,0095137 secs]
816,370: [GC (Allocation Failure)  101955K->70515K(140800K), 0,0030817 secs]
816,401: [GC (Allocation Failure)  96115K->75299K(141312K), 0,0039734 secs]
816,438: [GC (Allocation Failure)  101923K->70483K(141312K), 0,0040888 secs]
816,467: [GC (Allocation Failure)  97107K->76291K(141312K), 0,0065020 secs]
816,507: [GC (Allocation Failure)  102915K->71507K(141312K), 0,0021063 secs]
816,533: [GC (Allocation Failure)  98131K->77315K(140288K), 0,0045883 secs]
816,571: [GC (Allocation Failure)  102915K->71475K(140800K), 0,0014052 secs]
816,596: [GC (Allocation Failure)  97075K->76259K(140288K), 0,0021092 secs]
816,630: [GC (Allocation Failure)  101859K->70419K(140800K), 0,0021265 secs]
816,654: [GC (Allocation Failure)  96019K->75171K(141312K), 0,0018824 secs]
816,689: [GC (Allocation Failure)  101795K->70355K(141312K), 0,0012863 secs]
816,714: [GC (Allocation Failure)  96979K->76235K(141312K), 0,0049307 secs]
816,751: [GC (Allocation Failure)  102859K->71459K(141312K), 0,0012912 secs]
816,776: [GC (Allocation Failure)  98083K->77275K(140288K), 0,0022891 secs]
816,811: [GC (Allocation Failure)  102875K->71403K(140800K), 0,0012913 secs]
816,835: [GC (Allocation Failure)  97003K->76155K(141312K), 0,0060064 secs]
816,874: [GC (Allocation Failure)  102779K->71371K(141312K), 0,0035168 secs]
816,901: [GC (Allocation Failure)  97995K->77179K(140288K), 0,0037546 secs]
816,937: [GC (Allocation Failure)  102779K->71403K(140800K), 0,0012762 secs]
816,962: [GC (Allocation Failure)  97003K->76155K(141312K), 0,0020264 secs]
816,996: [GC (Allocation Failure)  102779K->71347K(141312K), 0,0043931 secs]
817,024: [GC (Allocation Failure)  97971K->77155K(140288K), 0,0021247 secs]
817,058: [GC (Allocation Failure)  102755K->71315K(140800K), 0,0038404 secs]
817,090: [GC (Allocation Failure)  96915K->76107K(141312K), 0,0043978 secs]
817,132: [GC (Allocation Failure)  102731K->71259K(141312K), 0,0065573 secs]
817,164: [GC (Allocation Failure)  97883K->77131K(140288K), 0,0027870 secs]
817,202: [GC (Allocation Failure)  102731K->71291K(140800K), 0,0017587 secs]
817,229: [GC (Allocation Failure)  96891K->76075K(141312K), 0,0026403 secs]
817,265: [GC (Allocation Failure)  102699K->71267K(141312K), 0,0017792 secs]
817,292: [GC (Allocation Failure)  97891K->77075K(140288K), 0,0028413 secs]
817,330: [GC (Allocation Failure)  102675K->71235K(140800K), 0,0017274 secs]
817,356: [GC (Allocation Failure)  96835K->76019K(141312K), 0,0026259 secs]
817,392: [GC (Allocation Failure)  102643K->71211K(141312K), 0,0017726 secs]
817,419: [GC (Allocation Failure)  97835K->77019K(141312K), 0,0055680 secs]
817,458: [GC (Allocation Failure)  103643K->72203K(141312K), 0,0046969 secs]
817,487: [GC (Allocation Failure)  98827K->78043K(140288K), 0,0029841 secs]
817,523: [GC (Allocation Failure)  103643K->72171K(140800K), 0,0022175 secs]
817,547: [GC (Allocation Failure)  97771K->76955K(140288K), 0,0056866 secs]
817,585: [GC (Allocation Failure)  102555K->71147K(140800K), 0,0007961 secs]
817,606: [GC (Allocation Failure)  96747K->75931K(141312K), 0,0013076 secs]
817,639: [GC (Allocation Failure)  102555K->71083K(141312K), 0,0006926 secs]
817,661: [GC (Allocation Failure)  97707K->76923K(141312K), 0,0042426 secs]
817,697: [GC (Allocation Failure)  103547K->72107K(141312K), 0,0015847 secs]
817,720: [GC (Allocation Failure)  98731K->77947K(140288K), 0,0017126 secs]
817,754: [GC (Allocation Failure)  103547K->72107K(140800K), 0,0033184 secs]
817,779: [GC (Allocation Failure)  97707K->76899K(140288K), 0,0015001 secs]
817,812: [GC (Allocation Failure)  102499K->71027K(140800K), 0,0033152 secs]
817,837: [GC (Allocation Failure)  96627K->75811K(141312K), 0,0023178 secs]
817,872: [GC (Allocation Failure)  102435K->71027K(141312K), 0,0008111 secs]
817,895: [GC (Allocation Failure)  97651K->76867K(141312K), 0,0028065 secs]
817,931: [GC (Allocation Failure)  103491K->72051K(141312K), 0,0010830 secs]
817,954: [GC (Allocation Failure)  98675K->77827K(139776K), 0,0034985 secs]
817,990: [GC (Allocation Failure)  103427K->72019K(140800K), 0,0020792 secs]
818,014: [GC (Allocation Failure)  97619K->76803K(141312K), 0,0029026 secs]
818,050: [GC (Allocation Failure)  103427K->71955K(141312K), 0,0022109 secs]
818,074: [GC (Allocation Failure)  98579K->77835K(140288K), 0,0017838 secs]
818,109: [GC (Allocation Failure)  103435K->71995K(140800K), 0,0009779 secs]
818,132: [GC (Allocation Failure)  97595K->76747K(141312K), 0,0055983 secs]
818,171: [GC (Allocation Failure)  103371K->71963K(141312K), 0,0024964 secs]
